   Compiling mastercss-schema v0.0.0 (/Users/aron/master/css/crates/mastercss-schema)
   Compiling mastercss-lexer v0.0.0 (/Users/aron/master/css/crates/mastercss-lexer)
    Finished `test` profile [unoptimized + debuginfo] target(s) in 0.75s
     Running unittests src/lib.rs (target/debug/deps/mastercss_lexer-500608870c51879e)

running 12 tests
test tests::finds_top_level_imports_and_parses_quoted_semicolons ... ok
test tests::ignores_non_entry_and_nested_master_syntax ... ok
test tests::converts_only_valid_utf16_boundaries ... ok
test tests::class_ranges_use_javascript_utf16_offsets ... ok
test tests::collects_only_active_css_variable_references ... ok
test tests::preserves_unclosed_css_variable_references ... ok
test tests::transforms_balanced_css_variable_references_without_touching_literals ... ok
test tests::finds_removes_and_ranges_master_entry_directives_in_utf16 ... ok
test tests::extracts_only_top_level_keyframe_blocks_without_losing_lines ... ok
test tests::matches_existing_css_escape_examples ... ok
test tests::parses_and_removes_top_level_extraction_policy_directives ... ok
test tests::executes_rc87_lexer_parity_corpus ... ok

test result: ok. 12 passed; 0 failed; 0 ignored; 0 measured; 0 filtered out; finished in 0.00s

     Running unittests src/lib.rs (target/debug/deps/mastercss_schema-ab265764a952f495)

running 3 tests
test tests::hydration_json_is_script_safe ... ok
test tests::rejects_legacy_manifest_shapes ... ok
test tests::validates_manifest_v1_without_dropping_unknown_fields ... ok

test result: ok. 3 passed; 0 failed; 0 ignored; 0 measured; 0 filtered out; finished in 0.00s

   Doc-tests mastercss_lexer

running 0 tests

test result: ok. 0 passed; 0 failed; 0 ignored; 0 measured; 0 filtered out; finished in 0.00s

   Doc-tests mastercss_schema

running 0 tests

test result: ok. 0 passed; 0 failed; 0 ignored; 0 measured; 0 filtered out; finished in 0.00s

