
Running 3 tests using 1 worker

(node:66896) Warning: The 'NO_COLOR' env is ignored due to the 'FORCE_COLOR' env being set.
(Use `node --trace-warnings ...` to show where the warning was created)


[1/3] [chromium] › e2e/bug-hunt-frame.test.ts:6:1 › BH-0009 tracks class updates in a same-origin iframe Document root
  1) [chromium] › e2e/bug-hunt-frame.test.ts:6:1 › BH-0009 tracks class updates in a same-origin iframe Document root 

    Error: expect(received).toEqual(expected) // deep equality

    - Expected  - 1
    + Received  + 1

      Object {
    -   "hidden": 1,
    +   "block": 1,
      }

      28 |   }, defaultManifestJSON as unknown as MasterCSSManifest)
      29 |   expect(result.before).toEqual({ block: 1 })
    > 30 |   expect(result.after).toEqual({ hidden: 1 })
         |                        ^
      31 | })
      32 |
        at /Users/aron/master/css/packages/runtime/e2e/bug-hunt-frame.test.ts:30:24

    Error Context: test-results/e2e-bug-hunt-frame-BH-0009-f4f83-origin-iframe-Document-root-chromium/error-context.md


(node:66913) Warning: The 'NO_COLOR' env is ignored due to the 'FORCE_COLOR' env being set.
(Use `node --trace-warnings ...` to show where the warning was created)


[2/3] [firefox] › e2e/bug-hunt-frame.test.ts:6:1 › BH-0009 tracks class updates in a same-origin iframe Document root
  2) [firefox] › e2e/bug-hunt-frame.test.ts:6:1 › BH-0009 tracks class updates in a same-origin iframe Document root 

    Error: expect(received).toEqual(expected) // deep equality

    - Expected  - 1
    + Received  + 1

      Object {
    -   "hidden": 1,
    +   "block": 1,
      }

      28 |   }, defaultManifestJSON as unknown as MasterCSSManifest)
      29 |   expect(result.before).toEqual({ block: 1 })
    > 30 |   expect(result.after).toEqual({ hidden: 1 })
         |                        ^
      31 | })
      32 |
        at /Users/aron/master/css/packages/runtime/e2e/bug-hunt-frame.test.ts:30:24

    Error Context: test-results/e2e-bug-hunt-frame-BH-0009-f4f83-origin-iframe-Document-root-firefox/error-context.md


(node:67023) Warning: The 'NO_COLOR' env is ignored due to the 'FORCE_COLOR' env being set.
(Use `node --trace-warnings ...` to show where the warning was created)


[3/3] [webkit] › e2e/bug-hunt-frame.test.ts:6:1 › BH-0009 tracks class updates in a same-origin iframe Document root
  3) [webkit] › e2e/bug-hunt-frame.test.ts:6:1 › BH-0009 tracks class updates in a same-origin iframe Document root 

    Error: expect(received).toEqual(expected) // deep equality

    - Expected  - 1
    + Received  + 1

      Object {
    -   "hidden": 1,
    +   "block": 1,
      }

      28 |   }, defaultManifestJSON as unknown as MasterCSSManifest)
      29 |   expect(result.before).toEqual({ block: 1 })
    > 30 |   expect(result.after).toEqual({ hidden: 1 })
         |                        ^
      31 | })
      32 |
        at /Users/aron/master/css/packages/runtime/e2e/bug-hunt-frame.test.ts:30:24

    Error Context: test-results/e2e-bug-hunt-frame-BH-0009-f4f83-origin-iframe-Document-root-webkit/error-context.md


  3 failed
    [chromium] › e2e/bug-hunt-frame.test.ts:6:1 › BH-0009 tracks class updates in a same-origin iframe Document root 
    [firefox] › e2e/bug-hunt-frame.test.ts:6:1 › BH-0009 tracks class updates in a same-origin iframe Document root 
    [webkit] › e2e/bug-hunt-frame.test.ts:6:1 › BH-0009 tracks class updates in a same-origin iframe Document root 
Error: ERR_PNPM_RECURSIVE_EXEC_FIRST_FAIL

  × "pnpm recursive exec" failed in /Users/aron/master/css/packages/runtime

