   Compiling syn v2.0.119
   Compiling indexmap v2.14.2
   Compiling serde_json v1.0.151
   Compiling mastercss-schema v0.0.0 (/Users/aron/master/css/crates/mastercss-schema)
   Compiling phf_macros v0.14.0
   Compiling mastercss-lexer v0.0.0 (/Users/aron/master/css/crates/mastercss-lexer)
   Compiling phf v0.14.0
   Compiling oxc_regular_expression v0.148.0
   Compiling oxc_syntax v0.148.0
   Compiling oxc_ast v0.148.0
   Compiling oxc_ecmascript v0.148.0
   Compiling oxc_ast_visit v0.148.0
   Compiling oxc_parser v0.148.0
   Compiling mastercss-source v0.0.0 (/Users/aron/master/css/crates/mastercss-source)
    Finished `test` profile [unoptimized + debuginfo] target(s) in 7.59s
     Running unittests src/lib.rs (target/debug/deps/mastercss_source-fa174f7df81cc338)

running 8 tests
test tests::keeps_native_custom_properties_but_not_legacy_assignments ... ok
test tests::keeps_groups_and_interpolation_candidates ... ok
test tests::extracts_mixed_source_candidates_in_insertion_order ... ok
test tests::keeps_query_and_selector_suffixes_but_rejects_bracket_values_and_markup_tails ... ok
test tests::extracts_html_class_attributes_and_delegates_scripts_to_oxc ... ok
test tests::extracts_astro_frontmatter_scripts_and_markup_but_not_styles ... ok
test tests::ignores_module_specifiers_require_imports_and_directives_with_oxc ... ok
test tests::extracts_static_javascript_and_typescript_strings_with_oxc ... ok

test result: ok. 8 passed; 0 failed; 0 ignored; 0 measured; 0 filtered out; finished in 0.00s

   Doc-tests mastercss_source

running 0 tests

test result: ok. 0 passed; 0 failed; 0 ignored; 0 measured; 0 filtered out; finished in 0.00s

