(!) Your Vite config uses features that are unsupported by `configLoader: 'native'`, which is planned to become the default in a future major version of Vite:
  - import "../../shared/vitest.config" without a file extension (vitest.config.ts:3:20). Add the file extension
  - import "./vitest-ci-config" without a file extension (../../shared/vitest.config.ts:2:58). Add the file extension
Set `VITE_CONFIG_NATIVE_IGNORE_WARNING=true` to suppress this warning.

 RUN  v5.0.0 /Users/aron/master/css/packages/tooling

[success] App.tsx 2 classes inserted in 0.3ms 
[success] foo.tsx 3 classes inserted in 0.5ms 
[success] ../../syntax.html 1 classes inserted in 1ms 
[success] index.html 1 classes inserted in 0.2ms 
[success] a.tsx 3 classes inserted in 0.5ms 
[success] ../../validation.html 1 classes inserted in 0.2ms 
[success] foo.tsx 1 classes inserted in 0.3ms 
[success] foo.tsx 1 classes inserted in 0.3ms 
[success] ../../button.html 1 classes inserted in 0.2ms 
[success] 1 fixed classes inserted block
[success] index.html 1 classes inserted in 0.3ms 
[success] foo.tsx 3 classes inserted in 0.4ms 
[success] 1 fixed classes inserted block
[success] foo.tsx 3 classes inserted in 0.5ms 
[success] a.tsx 1 classes inserted in 0.2ms 
[success] a.tsx 1 classes inserted in 0.1ms 
[success] foo.tsx 1 classes inserted in 0.2ms 
[success] excluded.tsx 1 classes inserted in 0.1ms 
[success] included.tsx 1 classes inserted in 0.2ms 
[success] component.tsx 1 classes inserted in 0.1ms 
[success] src/App.tsx 1 classes inserted in 0.1ms 

 Test Files  12 passed (12)
      Tests  72 passed (72)
   Start at  16:33:09
   Duration  2.58s (tests 53%, import 26%, transform 22%)

