(!) Your Vite config uses features that are unsupported by `configLoader: 'native'`, which is planned to become the default in a future major version of Vite:
  - import "../../shared/vitest.config" without a file extension (vitest.config.ts:3:20). Add the file extension
  - import "./vitest-ci-config" without a file extension (../../shared/vitest.config.ts:2:58). Add the file extension
Set `VITE_CONFIG_NATIVE_IGNORE_WARNING=true` to suppress this warning.

 RUN  v5.0.0 /Users/aron/master/css/packages/tooling

 ❯ tests/language/bug-hunt.test.ts (2 tests | 1 failed) 595ms
   × BH-0014 semantic tokens retain raw source offsets after escaped quotes 299ms

⎯⎯⎯⎯⎯⎯⎯ Failed Tests 1 ⎯⎯⎯⎯⎯⎯⎯

 FAIL  tests/language/bug-hunt.test.ts > BH-0014 semantic tokens retain raw source offsets after escaped quotes
AssertionError: expected [ { start: 6, end: 13 }, …(6) ] to deep equally contain { start: 20, end: 25 }

- Expected:
{
  "end": 25,
  "start": 20,
}

+ Received:
[
  {
    "end": 13,
    "start": 6,
  },
  {
    "end": 14,
    "start": 13,
  },
  {
    "end": 15,
    "start": 14,
  },
  {
    "end": 16,
    "start": 15,
  },
  {
    "end": 17,
    "start": 16,
  },
  {
    "end": 18,
    "start": 17,
  },
  {
    "end": 23,
    "start": 18,
  },
]

 ❯ tests/language/bug-hunt.test.ts:11:6
      9|   const hoverStart = source.indexOf('hover')
     10|   expect(result.semanticTokens.map(({ start, end }) => ({ start, end }…
     11|     .toContainEqual({ start: hoverStart, end: hoverStart + 5 })
       |      ^
     12| })
     13|

⎯⎯⎯⎯⎯⎯⎯⎯⎯⎯⎯⎯⎯⎯⎯⎯⎯⎯⎯⎯⎯⎯⎯⎯[1/1]⎯


 Test Files  1 failed (1)
      Tests  1 failed | 1 passed (2)
   Start at  16:36:36
   Duration  875ms (tests 74%, transform 18%, import 8%)

Error: ERR_PNPM_RECURSIVE_EXEC_FIRST_FAIL

  × "pnpm recursive exec" failed in /Users/aron/master/css/packages/tooling

