(!) Your Vite config uses features that are unsupported by `configLoader: 'native'`, which is planned to become the default in a future major version of Vite:
  - import "../../shared/vitest.config" without a file extension (vitest.config.ts:2:20). Add the file extension
  - import "./vitest-ci-config" without a file extension (../../shared/vitest.config.ts:2:58). Add the file extension
Set `VITE_CONFIG_NATIVE_IGNORE_WARNING=true` to suppress this warning.

 RUN  v5.0.0 /Users/aron/master/css/packages/webpack

[log]
 ❯ tests/bug-hunt-relative-assets.test.ts (1 test | 1 failed) 2018ms
   × resolves relative runtime assets from each emitted HTML directory 2018ms

⎯⎯⎯⎯⎯⎯⎯ Failed Tests 1 ⎯⎯⎯⎯⎯⎯⎯

 FAIL  tests/bug-hunt-relative-assets.test.ts > resolves relative runtime assets from each emitted HTML directory
AssertionError: pages/nested.html: ./master-css-runtime.js: expected false to be true // Object.is equality

- Expected
+ Received

- true
+ false

 ❯ tests/bug-hunt-relative-assets.test.ts:44:89
     42|             const href = html.match(/<script[^>]+src=["']?([^\s"'>]*ma…
     43|             expect(href, html).toBeTruthy()
     44|             expect(existsSync(resolve(dist, dirname(name), href!)), `$…
       |                                                                                         ^
     45|         }
     46|     } finally {

⎯⎯⎯⎯⎯⎯⎯⎯⎯⎯⎯⎯⎯⎯⎯⎯⎯⎯⎯⎯⎯⎯⎯⎯[1/1]⎯


 Test Files  1 failed (1)
      Tests  1 failed (1)
   Start at  16:59:45
   Duration  2.12s (tests 99%, transform 1%)

Error: ERR_PNPM_RECURSIVE_EXEC_FIRST_FAIL

  × "pnpm recursive exec" failed in /Users/aron/master/css/packages/webpack

