(!) Your Vite config uses features that are unsupported by `configLoader: 'native'`, which is planned to become the default in a future major version of Vite:
  - import "../../shared/vitest.config" without a file extension (vitest.config.ts:2:20). Add the file extension
  - import "./vitest-ci-config" without a file extension (../../shared/vitest.config.ts:2:58). Add the file extension
Set `VITE_CONFIG_NATIVE_IGNORE_WARNING=true` to suppress this warning.

 RUN  v5.0.0 /Users/aron/master/css/packages/figma

 ❯ tests/bug-hunt-roundtrip.test.ts (2 tests | 1 failed) 6ms
   × imports variable names with exportedDefinitions=true 4ms

⎯⎯⎯⎯⎯⎯⎯ Failed Tests 1 ⎯⎯⎯⎯⎯⎯⎯

 FAIL  tests/bug-hunt-roundtrip.test.ts > imports variable names with exportedDefinitions=true
AssertionError: expected [ '0/namespace', '0/key', '0/value' ] to deeply equal [ 'space/base' ]

- Expected
+ Received

  [
-   "space/base",
+   "0/namespace",
+   "0/key",
+   "0/value",
  ]

 ❯ tests/bug-hunt-roundtrip.test.ts:24:25
     22|             : { variables: { space: { base: 16 } } }
     23|         await setCollectionVariables({ varCollId: collection.id, newVa…
     24|         expect(created).toEqual(['space/base'])
       |                         ^
     25|     } finally {
     26|         vi.unstubAllGlobals()

⎯⎯⎯⎯⎯⎯⎯⎯⎯⎯⎯⎯⎯⎯⎯⎯⎯⎯⎯⎯⎯⎯⎯⎯[1/1]⎯


 Test Files  1 failed (1)
      Tests  1 failed | 1 passed (2)
   Start at  17:20:11
   Duration  132ms (import 47%, transform 41%, tests 9%, worker 3%)

Error: ERR_PNPM_RECURSIVE_EXEC_FIRST_FAIL

  × "pnpm recursive exec" failed in /Users/aron/master/css/packages/figma

