{"cwd": "/Users/aron/master/css/tmp/master-css-bh-isolated-6f2pjqee/examples/blank", "command": ["node", "/Users/aron/master/css/scripts/with-typescript-tooling-compat.mjs", "node", "--input-type=module", "-e", "import{spawnSync}from\"node:child_process\";for(const [cmd,args]of[[\"pnpm\",[\"run\",\"build\"]],[\"node\",[\"/Users/aron/master/css/.ai/audits/bug-hunt/repros/browser-smoke.mjs\",\"dist\",\"runtime\"]]]){const r=spawnSync(cmd,args,{stdio:\"inherit\"});if(r.status)process.exit(r.status)}"]}
$ vite build
vite v8.2.2 building client environment for production...
transforming...
✓ 33 modules transformed.
rendering chunks...
computing gzip size...
dist/index.html                                               0.99 kB │ gzip:   0.52 kB
dist/assets/master-css-manifest-DnUvY66m.json               120.83 kB │ gzip:  15.96 kB
dist/assets/mastercss_binding_wasm_engine_bg-C3eCwc19.wasm  867.09 kB │ gzip: 267.39 kB
dist/assets/index-Dkrc8kIN.css                                3.18 kB │ gzip:   1.20 kB
dist/assets/provider-M3k4TfgL.js                              0.09 kB │ gzip:   0.10 kB
dist/assets/provider-Dc6FszRE.js                              4.66 kB │ gzip:   1.89 kB
dist/assets/mastercss_binding_wasm_engine-DySaBOzq.js        10.92 kB │ gzip:   3.47 kB
dist/assets/index-0DowWFve.js                                38.17 kB │ gzip:  10.89 kB

✓ built in 7.46s
[33m[PLUGIN_TIMINGS] [0mPlugin hooks ran for 7.3s of this 7.4s build (98%).
The slowest hooks, timed inside each callback (the wait before a callback starts is excluded, the time it awaits is included):
  - master-css:style-entry:build generateBundle (54%, 4.0s, 1 call)
  - master-css:virtual-module:manifest load (33%, 2.5s, 32 calls)
Additional hook time came from hooks under 1s.
See https://rolldown.rs/reference/InputOptions.checks#plugintimings for more details.

{"kind":"runtime","title":"Master CSS","heading":"Hello World","errors":[]}
{"exit_code": 0, "cleanup": "/Users/aron/master/css/tmp/master-css-bh-isolated-6f2pjqee"}
