{"cwd": "/Users/aron/master/css/tmp/master-css-bh-isolated-l_ow30to/examples/nuxt.js", "command": ["node", "/Users/aron/master/css/scripts/with-typescript-tooling-compat.mjs", "node", "/Users/aron/master/css/.ai/audits/bug-hunt/repros/ssr-example.mjs", "nuxt"]}
$ nuxt prepare && nuxt build
│
◆  Types generated in .nuxt.
┌  Building Nuxt for production...
│
●  Nuxt 4.5.2 (with Nitro 2.13.4, Vite 8.2.2 and Vue 3.5.42)
│
●  Nitro preset: node-server
ℹ Building client...
ℹ vite v8.2.2 building client environment for production...
transforming...

 WARN  [vite:css][postcss] Parse error on line 1: 
(--value() - ...
---^
Expecting "ADD", "SUB", "LENGTH", "ANGLE", "TIME", "FREQ", "RES", "UNKNOWN_DIMENSION", "EMS", "EXS", "CHS", "REMS", "VHS", "SVHS", "LVHS", "DVHS", "VWS", "SVWS", "LVWS", "DVWS", "VMINS", "SVMINS", "LVMINS", "DVMINS", "VMAXS", "SVMAXS", "LVMAXS", "DVMAXS", "VBS", "SVBS", "LVBS", "DVBS", "VIS", "SVIS", "LVIS", "DVIS", "CQWS", "CQHS", "CQIS", "CQBS", "CQMINS", "CQMAXS", "LHS", "RLHS", "PERCENTAGE", "dimension", got unexpected "FUNCTION"


✓ 156 modules transformed.

 WARN  [lightningcss minify] Unknown at rule: @theme
1  |  ...ze:inherit;font-weight:inherit}[hidden]{display:none}}@theme{--font-family-sans:var(--font-sans, ui-sans-serif), s...
   |                                                                 ^


 WARN  [lightningcss minify] Unknown at rule: @theme
1  |  ...frames zoom{0%{transform:scale(0)}to{transform:none}}}@theme light{--shadow-xs:0 0 0 1px oklch(0% 0 none / .04), 0...
   |                                                                 ^


 WARN  [lightningcss minify] Unknown at rule: @theme
1  |  ...olor-crimson-60);--color-text-red:var(--color-red-60)}@theme dark{--shadow-xs:0 0 0 1px oklch(100% 0 none / .04), ...
   |                                                                 ^


 WARN  [lightningcss minify] Unknown at rule: @theme
1  |  ...olor-crimson-30);--color-text-red:var(--color-red-30)}@theme inline{--full:100%;--fit:fit-content;--max:max-conten...
   |                                                                 ^


 WARN  [lightningcss minify] Unknown at rule: @custom-variant
1  |  ...klch(0% 0 none);--color-current:currentColor}@custom-variant default{@layer defaults{}}@custom-variant component{@...
   |                                                                 ^


 WARN  [lightningcss minify] Unknown at rule: @custom-variant
1  |  ...or}@custom-variant default{@layer defaults{}}@custom-variant component{@layer components{}}@custom-variant utility...
   |                                                                 ^


 WARN  [lightningcss minify] Unknown at rule: @custom-variant
1  |  ...custom-variant component{@layer components{}}@custom-variant utility{@layer utilities{}}@utilities{abs{position:ab...
   |                                                                 ^


 WARN  [lightningcss minify] Unknown at rule: @utilities
1  |  ...ents{}}@custom-variant utility{@layer utilities{}}@utilities{abs{position:absolute}bg-clip-border{background-clip:...
   |                                                                 ^


 WARN  [lightningcss minify] Unknown at rule: @utilities
1  |  ...100vw}break-word|normal>{overflow-wrap:--value()}}@utilities{animate:<~animate>{animation:--value()}font:<~font-si...
   |                                                                 ^


 WARN  [lightningcss minify] Unknown at rule: @utilities
1  |  ...mber|*>{max-width:--value();max-height:--value()}}@utilities{b:<number>{border-width:--value()}b:<~color-line|colo...
   |                                                                 ^


 WARN  [lightningcss minify] Unknown at rule: @utilities
1  |  ...th:--value()}none|solid>{outline-style:--value()}}@utilities{grid-cols:<number\<number|*>{display:grid;grid-templa...
   |                                                                 ^


 WARN  [lightningcss minify] Unknown at rule: @utilities
1  |  ...-stroke:<~color|*>{-webkit-text-stroke:--value()}}@utilities{backdrop-filter:<~color|*>{backdrop-filter:--value()}...
   |                                                                 ^


 WARN  [lightningcss minify] Unknown at rule: @utilities
1  |  ...-moz-user-select:--value();user-select:--value()}}@utilities{contain|cover>{background-size:--value()}right|top>{b...
   |                                                                 ^

rendering chunks...
computing gzip size...
ℹ node_modules/.cache/nuxt/.nuxt/dist/client/manifest.json                                           3.96 kB │ gzip:   0.67 kB
node_modules/.cache/nuxt/.nuxt/dist/client/_nuxt/mastercss_binding_wasm_engine_bg.C3eCwc19.wasm  867.09 kB │ gzip: 267.39 kB
node_modules/.cache/nuxt/.nuxt/dist/client/_nuxt/error-500.CudcjdOf.css                            1.90 kB │ gzip:   0.72 kB
node_modules/.cache/nuxt/.nuxt/dist/client/_nuxt/error-404.DG4ivj4s.css                            2.42 kB │ gzip:   0.85 kB
node_modules/.cache/nuxt/.nuxt/dist/client/_nuxt/entry.C9_pIEGy.css                               40.05 kB │ gzip:  10.18 kB
node_modules/.cache/nuxt/.nuxt/dist/client/_nuxt/DOLEw1BK.js                                       0.08 kB │ gzip:   0.09 kB
node_modules/.cache/nuxt/.nuxt/dist/client/_nuxt/B3nDGa8D.js                                       3.35 kB │ gzip:   1.51 kB
node_modules/.cache/nuxt/.nuxt/dist/client/_nuxt/BQikXkGB.js                                       4.52 kB │ gzip:   1.95 kB
node_modules/.cache/nuxt/.nuxt/dist/client/_nuxt/B3hwkxEl.js                                       5.02 kB │ gzip:   2.05 kB
node_modules/.cache/nuxt/.nuxt/dist/client/_nuxt/GfDtnz7P.js                                       5.06 kB │ gzip:   2.34 kB
node_modules/.cache/nuxt/.nuxt/dist/client/_nuxt/BY60dynB.js                                       9.83 kB │ gzip:   3.99 kB
node_modules/.cache/nuxt/.nuxt/dist/client/_nuxt/DySaBOzq.js                                      10.92 kB │ gzip:   3.47 kB
node_modules/.cache/nuxt/.nuxt/dist/client/_nuxt/DT96Sz6c.js                                      85.31 kB │ gzip:  32.74 kB
node_modules/.cache/nuxt/.nuxt/dist/client/_nuxt/BPwkK0th.js                                      96.57 kB │ gzip:  31.31 kB

ℹ ✓ built in 842ms
✔ Client built in 864ms
ℹ Building server...
ℹ vite v8.2.2 building ssr environment for production...
transforming...

 WARN  [vite:css][postcss] Parse error on line 1: 
(--value() - ...
---^
Expecting "ADD", "SUB", "LENGTH", "ANGLE", "TIME", "FREQ", "RES", "UNKNOWN_DIMENSION", "EMS", "EXS", "CHS", "REMS", "VHS", "SVHS", "LVHS", "DVHS", "VWS", "SVWS", "LVWS", "DVWS", "VMINS", "SVMINS", "LVMINS", "DVMINS", "VMAXS", "SVMAXS", "LVMAXS", "DVMAXS", "VBS", "SVBS", "LVBS", "DVBS", "VIS", "SVIS", "LVIS", "DVIS", "CQWS", "CQHS", "CQIS", "CQBS", "CQMINS", "CQMAXS", "LHS", "RLHS", "PERCENTAGE", "dimension", got unexpected "FUNCTION"



 WARN  [lightningcss minify] Unknown at rule: @theme
1  |  ...ze:inherit;font-weight:inherit}[hidden]{display:none}}@theme{--font-family-sans:var(--font-sans, ui-sans-serif), s...
   |                                                                 ^


 WARN  [lightningcss minify] Unknown at rule: @theme
1  |  ...frames zoom{0%{transform:scale(0)}to{transform:none}}}@theme light{--shadow-xs:0 0 0 1px oklch(0% 0 none / .04), 0...
   |                                                                 ^


 WARN  [lightningcss minify] Unknown at rule: @theme
1  |  ...olor-crimson-60);--color-text-red:var(--color-red-60)}@theme dark{--shadow-xs:0 0 0 1px oklch(100% 0 none / .04), ...
   |                                                                 ^


 WARN  [lightningcss minify] Unknown at rule: @theme
1  |  ...olor-crimson-30);--color-text-red:var(--color-red-30)}@theme inline{--full:100%;--fit:fit-content;--max:max-conten...
   |                                                                 ^


 WARN  [lightningcss minify] Unknown at rule: @custom-variant
1  |  ...klch(0% 0 none);--color-current:currentColor}@custom-variant default{@layer defaults{}}@custom-variant component{@...
   |                                                                 ^


 WARN  [lightningcss minify] Unknown at rule: @custom-variant
1  |  ...or}@custom-variant default{@layer defaults{}}@custom-variant component{@layer components{}}@custom-variant utility...
   |                                                                 ^


 WARN  [lightningcss minify] Unknown at rule: @custom-variant
1  |  ...custom-variant component{@layer components{}}@custom-variant utility{@layer utilities{}}@utilities{abs{position:ab...
   |                                                                 ^


 WARN  [lightningcss minify] Unknown at rule: @utilities
1  |  ...ents{}}@custom-variant utility{@layer utilities{}}@utilities{abs{position:absolute}bg-clip-border{background-clip:...
   |                                                                 ^


 WARN  [lightningcss minify] Unknown at rule: @utilities
1  |  ...100vw}break-word|normal>{overflow-wrap:--value()}}@utilities{animate:<~animate>{animation:--value()}font:<~font-si...
   |                                                                 ^


 WARN  [lightningcss minify] Unknown at rule: @utilities
1  |  ...mber|*>{max-width:--value();max-height:--value()}}@utilities{b:<number>{border-width:--value()}b:<~color-line|colo...
   |                                                                 ^


 WARN  [lightningcss minify] Unknown at rule: @utilities
1  |  ...th:--value()}none|solid>{outline-style:--value()}}@utilities{grid-cols:<number\<number|*>{display:grid;grid-templa...
   |                                                                 ^


 WARN  [lightningcss minify] Unknown at rule: @utilities
1  |  ...-stroke:<~color|*>{-webkit-text-stroke:--value()}}@utilities{backdrop-filter:<~color|*>{backdrop-filter:--value()}...
   |                                                                 ^


 WARN  [lightningcss minify] Unknown at rule: @utilities
1  |  ...-moz-user-select:--value();user-select:--value()}}@utilities{contain|cover>{background-size:--value()}right|top>{b...
   |                                                                 ^


 WARN  [vite:css][postcss] Parse error on line 1: 
(--value() - ...
---^
Expecting "ADD", "SUB", "LENGTH", "ANGLE", "TIME", "FREQ", "RES", "UNKNOWN_DIMENSION", "EMS", "EXS", "CHS", "REMS", "VHS", "SVHS", "LVHS", "DVHS", "VWS", "SVWS", "LVWS", "DVWS", "VMINS", "SVMINS", "LVMINS", "DVMINS", "VMAXS", "SVMAXS", "LVMAXS", "DVMAXS", "VBS", "SVBS", "LVBS", "DVBS", "VIS", "SVIS", "LVIS", "DVIS", "CQWS", "CQHS", "CQIS", "CQBS", "CQMINS", "CQMAXS", "LHS", "RLHS", "PERCENTAGE", "dimension", got unexpected "FUNCTION"


✓ 63 modules transformed.

 WARN  [lightningcss minify] Unknown at rule: @theme
1  |  ...ze:inherit;font-weight:inherit}[hidden]{display:none}}@theme{--font-family-sans:var(--font-sans, ui-sans-serif), s...
   |                                                                 ^


 WARN  [lightningcss minify] Unknown at rule: @theme
1  |  ...frames zoom{0%{transform:scale(0)}to{transform:none}}}@theme light{--shadow-xs:0 0 0 1px oklch(0% 0 none / .04), 0...
   |                                                                 ^


 WARN  [lightningcss minify] Unknown at rule: @theme
1  |  ...olor-crimson-60);--color-text-red:var(--color-red-60)}@theme dark{--shadow-xs:0 0 0 1px oklch(100% 0 none / .04), ...
   |                                                                 ^


 WARN  [lightningcss minify] Unknown at rule: @theme
1  |  ...olor-crimson-30);--color-text-red:var(--color-red-30)}@theme inline{--full:100%;--fit:fit-content;--max:max-conten...
   |                                                                 ^


 WARN  [lightningcss minify] Unknown at rule: @custom-variant
1  |  ...klch(0% 0 none);--color-current:currentColor}@custom-variant default{@layer defaults{}}@custom-variant component{@...
   |                                                                 ^


 WARN  [lightningcss minify] Unknown at rule: @custom-variant
1  |  ...or}@custom-variant default{@layer defaults{}}@custom-variant component{@layer components{}}@custom-variant utility...
   |                                                                 ^


 WARN  [lightningcss minify] Unknown at rule: @custom-variant
1  |  ...custom-variant component{@layer components{}}@custom-variant utility{@layer utilities{}}@utilities{abs{position:ab...
   |                                                                 ^


 WARN  [lightningcss minify] Unknown at rule: @utilities
1  |  ...ents{}}@custom-variant utility{@layer utilities{}}@utilities{abs{position:absolute}bg-clip-border{background-clip:...
   |                                                                 ^


 WARN  [lightningcss minify] Unknown at rule: @utilities
1  |  ...100vw}break-word|normal>{overflow-wrap:--value()}}@utilities{animate:<~animate>{animation:--value()}font:<~font-si...
   |                                                                 ^


 WARN  [lightningcss minify] Unknown at rule: @utilities
1  |  ...mber|*>{max-width:--value();max-height:--value()}}@utilities{b:<number>{border-width:--value()}b:<~color-line|colo...
   |                                                                 ^


 WARN  [lightningcss minify] Unknown at rule: @utilities
1  |  ...th:--value()}none|solid>{outline-style:--value()}}@utilities{grid-cols:<number\<number|*>{display:grid;grid-templa...
   |                                                                 ^


 WARN  [lightningcss minify] Unknown at rule: @utilities
1  |  ...-stroke:<~color|*>{-webkit-text-stroke:--value()}}@utilities{backdrop-filter:<~color|*>{backdrop-filter:--value()}...
   |                                                                 ^


 WARN  [lightningcss minify] Unknown at rule: @utilities
1  |  ...-moz-user-select:--value();user-select:--value()}}@utilities{contain|cover>{background-size:--value()}right|top>{b...
   |                                                                 ^

rendering chunks...
ℹ ✓ built in 811ms
✔ Server built in 836ms
[nitro] ✔ Generated public .output/public
[nitro] ℹ Building Nuxt Nitro server (preset: node-server, compatibility date: 2024-11-01)
[nitro] ✔ Nuxt Nitro server built
  ├─ .output/server/chunks/_/app-styles.DiLxYVAA.mjs (297 B) (197 B gzip)
  ├─ .output/server/chunks/_/app-styles.DiLxYVAA.mjs.map (234 B) (170 B gzip)
  ├─ .output/server/chunks/_/entry-styles-1.mjs-D6TpdnpS.mjs (7.57 kB) (1.94 kB gzip)
  ├─ .output/server/chunks/_/entry-styles-1.mjs-D6TpdnpS.mjs.map (240 B) (174 B gzip)
  ├─ .output/server/chunks/_/entry-styles-2.mjs-hytjWGoh.mjs (33.4 kB) (8.89 kB gzip)
  ├─ .output/server/chunks/_/entry-styles-2.mjs-hytjWGoh.mjs.map (240 B) (174 B gzip)
  ├─ .output/server/chunks/_/entry-styles.B--LwSQA.mjs (514 B) (250 B gzip)
  ├─ .output/server/chunks/_/entry-styles.B--LwSQA.mjs.map (248 B) (178 B gzip)
  ├─ .output/server/chunks/_/error-404-BNfVLpGn.mjs (15.1 kB) (4.93 kB gzip)
  ├─ .output/server/chunks/_/error-404-BNfVLpGn.mjs.map (231 B) (175 B gzip)
  ├─ .output/server/chunks/_/error-404-styles.Ce5SnRXz.mjs (3.03 kB) (1.17 kB gzip)
  ├─ .output/server/chunks/_/error-404-styles.Ce5SnRXz.mjs.map (375 B) (199 B gzip)
  ├─ .output/server/chunks/_/error-500-BsET-dw7.mjs (5.16 kB) (2.15 kB gzip)
  ├─ .output/server/chunks/_/error-500-BsET-dw7.mjs.map (231 B) (175 B gzip)
  ├─ .output/server/chunks/_/error-500-styles.8zXkpUIH.mjs (2.5 kB) (1.05 kB gzip)
  ├─ .output/server/chunks/_/error-500-styles.8zXkpUIH.mjs.map (375 B) (202 B gzip)
  ├─ .output/server/chunks/_/error-500.mjs (5.05 kB) (2.07 kB gzip)
  ├─ .output/server/chunks/_/error-500.mjs.map (271 B) (201 B gzip)
  ├─ .output/server/chunks/_/welcome-styles.Ba83ZI-7.mjs (347 B) (215 B gzip)
  ├─ .output/server/chunks/_/welcome-styles.Ba83ZI-7.mjs.map (242 B) (175 B gzip)
  ├─ .output/server/chunks/nitro/nitro.mjs (199 kB) (48.7 kB gzip)
  ├─ .output/server/chunks/nitro/nitro.mjs.map (8.65 kB) (1.29 kB gzip)
  ├─ .output/server/chunks/routes/renderer.mjs (16.4 kB) (5.7 kB gzip)
  ├─ .output/server/chunks/routes/renderer.mjs.map (2.37 kB) (438 B gzip)
  ├─ .output/server/chunks/virtual/_virtual_spa-template.mjs (94 B) (100 B gzip)
  ├─ .output/server/chunks/virtual/_virtual_spa-template.mjs.map (88 B) (97 B gzip)
  ├─ .output/server/chunks/virtual/entry.mjs (68.5 kB) (19.5 kB gzip)
  ├─ .output/server/chunks/virtual/entry.mjs.map (735 B) (400 B gzip)
  ├─ .output/server/chunks/virtual/precomputed.mjs (8.64 kB) (1.09 kB gzip)
  ├─ .output/server/chunks/virtual/precomputed.mjs.map (210 B) (159 B gzip)
  ├─ .output/server/chunks/virtual/styles.mjs (1.32 kB) (414 B gzip)
  ├─ .output/server/chunks/virtual/styles.mjs.map (193 B) (153 B gzip)
  ├─ .output/server/index.mjs (489 B) (254 B gzip)
  └─ .output/server/package.json (889 B) (378 B gzip)
Σ Total size: 3.23 MB (799 kB gzip)
[nitro] ✔ You can preview this build using node .output/server/index.mjs
│
└  ✨ Build complete!
{"kind":"nuxt","htmlBytes":65834,"hasMasterStyle":true}
node:internal/modules/run_main:107
    triggerUncaughtException(
    ^

page.waitForFunction: Timeout 30000ms exceeded.
    at /Users/aron/master/css/.ai/audits/bug-hunt/repros/browser-smoke.mjs:91:24 {
  log: [],
  name: 'TimeoutError'
}

Node.js v24.20.0
Listening on http://127.0.0.1:62661

{"exit_code": 1, "cleanup": "/Users/aron/master/css/tmp/master-css-bh-isolated-l_ow30to"}
