{"cwd": "/Users/aron/master/css/tmp/master-css-bh-isolated-wlu5e5dp/packages/nuxt", "command": ["node", "/Users/aron/master/css/scripts/with-typescript-tooling-compat.mjs", "node", "--input-type=module", "-e", "import{spawnSync}from\"node:child_process\";for(const args of[[\"exec\",\"nuxt-module-build\",\"prepare\"],[\"exec\",\"vitest\",\"run\",\"tests/bug-hunt-progressive.test.ts\"]]){const r=spawnSync(\"pnpm\",args,{stdio:\"inherit\"});if(r.status)process.exit(r.status)}"]}
│
◆  Types generated in .nuxt.

 RUN  v4.1.11 /Users/aron/master/css/tmp/master-css-bh-isolated-wlu5e5dp/packages/nuxt

 ❯ tests/bug-hunt-progressive.test.ts (1 test | 1 failed) 11866ms
   × loads its client manifest and handles new runtime classes 5318ms

⎯⎯⎯⎯⎯⎯⎯ Failed Tests 1 ⎯⎯⎯⎯⎯⎯⎯

 FAIL  tests/bug-hunt-progressive.test.ts > loads its client manifest and handles new runtime classes
AssertionError: {"assets":[{"url":"http://127.0.0.1:49102/_master-css/manifest/master-css-manifest.7a05a78a.json","status":200,"contentType":"text/html;charset=utf-8"}],"errors":["Failed to load module script: Expected a JSON module script but the server responded with a MIME type of \"text/html\". Strict MIME type checking is enforced for module scripts per HTML spec.","Failed to fetch dynamically imported module: http://127.0.0.1:49102/_master-css/manifest/master-css-manifest.7a05a78a.json"]}: expected { styled: false, failed: [] } to deeply equal { styled: true, failed: [] }

- Expected
+ Received

  {
    "failed": [],
-   "styled": true,
+   "styled": false,
  }

 ❯ tests/bug-hunt-progressive.test.ts:27:72
     25|         })
     26|         const styled = await page.waitForFunction(() => getComputedSty…
     27|         expect({ styled, failed }, JSON.stringify({ assets, errors }))…
       |                                                                        ^
     28|     } finally {
     29|         await page.close()

⎯⎯⎯⎯⎯⎯⎯⎯⎯⎯⎯⎯⎯⎯⎯⎯⎯⎯⎯⎯⎯⎯⎯⎯[1/1]⎯


 Test Files  1 failed (1)
      Tests  1 failed (1)
   Start at  17:34:57
   Duration  12.00s (transform 16ms, setup 0ms, import 52ms, tests 11.87s, environment 0ms)

{"exit_code": 1, "cleanup": "/Users/aron/master/css/tmp/master-css-bh-isolated-wlu5e5dp"}
