{"cwd": "/Users/aron/master/css/tmp/master-css-bh-isolated-2trgy0ka/examples/laravel", "command": ["node", "/Users/aron/master/css/scripts/with-typescript-tooling-compat.mjs", "node", "--input-type=module", "-e", "import{spawnSync}from\"node:child_process\";for(const[cmd,args]of[[\"pnpm\",[\"run\",\"build:ssr\"]],[\"php\",[\"artisan\",\"test\"]]]){const r=spawnSync(cmd,args,{stdio:\"inherit\"});if(r.status)process.exit(r.status)}"]}
$ vite build && vite build --ssr
(!) Your Vite config uses features that are unsupported by `configLoader: 'native'`, which is planned to become the default in a future major version of Vite:
  - `__dirname` (vite.config.ts:22:27). Use `import.meta.dirname` instead
Set `VITE_CONFIG_NATIVE_IGNORE_WARNING=true` to suppress this warning.
Both esbuild and oxc options were set. oxc options will be used and esbuild options will be ignored. The following esbuild options were set: `{ jsx: 'automatic' }`
vite v8.2.2 building client environment for production...
transforming...
✓ 2770 modules transformed.
rendering chunks...
computing gzip size...
public/build/manifest.json                          7.71 kB │ gzip:  0.97 kB
public/build/assets/app-Dkrc8kIN.css                4.44 kB │ gzip:  1.70 kB
public/build/assets/welcome-Bw4KxRAr.js             0.23 kB │ gzip:  0.20 kB
public/build/assets/text-link-CiO57RXn.js           0.38 kB │ gzip:  0.26 kB
public/build/assets/rolldown-runtime-CbXtAM7H.js    0.58 kB │ gzip:  0.36 kB
public/build/assets/label-Dg6-lbGw.js               0.95 kB │ gzip:  0.56 kB
public/build/assets/verify-email-CceSOiGd.js        1.06 kB │ gzip:  0.59 kB
public/build/assets/auth-layout-CohN0hcK.js         1.24 kB │ gzip:  0.54 kB
public/build/assets/confirm-password-CdYkt54b.js    1.26 kB │ gzip:  0.63 kB
public/build/assets/dist-BfuPgYZg.js                1.47 kB │ gzip:  0.82 kB
public/build/assets/forgot-password-CljJUyH1.js     1.52 kB │ gzip:  0.74 kB
public/build/assets/layout-D6U8PFId.js              1.68 kB │ gzip:  0.71 kB
public/build/assets/dashboard-BA7wlFWZ.js           1.90 kB │ gzip:  0.63 kB
public/build/assets/reset-password-D75b5KvX.js      2.03 kB │ gzip:  0.73 kB
public/build/assets/appearance-B6uSKAK2.js          2.11 kB │ gzip:  1.02 kB
public/build/assets/register-BSUIe_0Q.js            2.55 kB │ gzip:  0.90 kB
public/build/assets/password-LQUArdzZ.js            2.72 kB │ gzip:  0.97 kB
public/build/assets/app-DZeC6Ael.js                 4.59 kB │ gzip:  1.93 kB
public/build/assets/profile-Du48pCiN.js             6.72 kB │ gzip:  2.31 kB
public/build/assets/login-UC-EU83U.js               6.88 kB │ gzip:  2.76 kB
public/build/assets/dist-CFdqJGfS.js                7.55 kB │ gzip:  2.93 kB
public/build/assets/transition-Byc-ZYDI.js         14.33 kB │ gzip:  5.58 kB
public/build/assets/app-logo-icon-BguybUx7.js      34.41 kB │ gzip: 11.76 kB
public/build/assets/app-layout-B2Mx4i6w.js        109.71 kB │ gzip: 35.46 kB
public/build/assets/jsx-runtime-CRSD-H6a.js       313.04 kB │ gzip: 98.35 kB

✓ built in 2.11s
(!) Your Vite config uses features that are unsupported by `configLoader: 'native'`, which is planned to become the default in a future major version of Vite:
  - `__dirname` (vite.config.ts:22:27). Use `import.meta.dirname` instead
Set `VITE_CONFIG_NATIVE_IGNORE_WARNING=true` to suppress this warning.
Both esbuild and oxc options were set. oxc options will be used and esbuild options will be ignored. The following esbuild options were set: `{ jsx: 'automatic' }`
vite v8.2.2 building ssr environment for production...
transforming...
✓ 58 modules transformed.
rendering chunks...
computing gzip size...
bootstrap/ssr/ssr-manifest.json                     5.29 kB │ gzip: 0.84 kB
bootstrap/ssr/assets/welcome-BqhvLI5q.js            0.40 kB │ gzip: 0.27 kB
bootstrap/ssr/assets/text-link-lyGsmxrx.js          0.54 kB │ gzip: 0.35 kB
bootstrap/ssr/assets/label-Z-GmvPgh.js              0.90 kB │ gzip: 0.47 kB
bootstrap/ssr/assets/input-DjFXysyk.js              0.98 kB │ gzip: 0.54 kB
bootstrap/ssr/assets/verify-email-DJgTWQMt.js       1.59 kB │ gzip: 0.78 kB
bootstrap/ssr/assets/auth-layout-bR4fvpu-.js        1.79 kB │ gzip: 0.63 kB
bootstrap/ssr/assets/confirm-password-ClZtf6kq.js   2.01 kB │ gzip: 0.85 kB
bootstrap/ssr/assets/forgot-password-D6Sqb-sU.js    2.45 kB │ gzip: 0.99 kB
bootstrap/ssr/assets/dashboard-Cnc3h2Ts.js          2.65 kB │ gzip: 0.79 kB
bootstrap/ssr/assets/layout-VgUorCbY.js             2.70 kB │ gzip: 0.98 kB
bootstrap/ssr/assets/app-logo-icon-CzO77W5n.js      2.95 kB │ gzip: 1.31 kB
bootstrap/ssr/assets/reset-password-dlpzBGyF.js     3.38 kB │ gzip: 0.96 kB
bootstrap/ssr/assets/appearance-Adh8APoD.js         3.56 kB │ gzip: 1.39 kB
bootstrap/ssr/assets/register-7v_OEe90.js           4.32 kB │ gzip: 1.15 kB
bootstrap/ssr/assets/password-CqemgqhL.js           4.38 kB │ gzip: 1.21 kB
bootstrap/ssr/assets/login-B2BxyAxY.js              4.91 kB │ gzip: 1.59 kB
bootstrap/ssr/assets/profile-CG8Ak3yU.js           10.35 kB │ gzip: 2.77 kB
bootstrap/ssr/ssr.js                               28.59 kB │ gzip: 8.82 kB
bootstrap/ssr/assets/app-layout-BwwgY1U2.js        31.92 kB │ gzip: 6.95 kB

✓ built in 33ms

  [30;42;1m PASS [39;49;22m[39m Tests\Unit\ExampleTest[39m
  [32;1m✓[39;22m[90m [39m[90mthat true is true[39m

  [30;43;1m WARN [39;49;22m[39m Tests\Feature\Auth\AuthenticationTest[39m
  [33;1m![39;22m[90m [39m[90mlogin screen can be rendered[39m[90m [39m[33m→ file_get_contents(/Users/aron/master[39m[90m…[39m [90m0.12s[39m  
  [33;1m![39;22m[90m [39m[90musers can authenticate using the login screen[39m[90m [39m[33m→ file_get_contents(/[39m[90m…[39m [90m0.02s[39m  
  [33;1m![39;22m[90m [39m[90musers can not authenticate with invalid password[39m[90m [39m[33m→ file_get_content[39m[90m…[39m [90m0.22s[39m  
  [33;1m![39;22m[90m [39m[90musers can logout[39m[90m [39m[33m→ file_get_contents(/Users/aron/master/css/tmp/mas[39m[90m…[39m [90m0.01s[39m  

  [30;43;1m WARN [39;49;22m[39m Tests\Feature\Auth\EmailVerificationTest[39m
  [33;1m![39;22m[90m [39m[90memail verification screen can be rendered[39m[90m [39m[33m→ file_get_contents(/User[39m[90m…[39m [90m0.01s[39m  
  [33;1m![39;22m[90m [39m[90memail can be verified[39m[90m [39m[33m→ file_get_contents(/Users/aron/master/css/tm[39m[90m…[39m [90m0.01s[39m  
  [33;1m![39;22m[90m [39m[90memail is not verified with invalid hash[39m[90m [39m[33m→ file_get_contents(/Users/[39m[90m…[39m [90m0.01s[39m  

  [30;43;1m WARN [39;49;22m[39m Tests\Feature\Auth\PasswordConfirmationTest[39m
  [33;1m![39;22m[90m [39m[90mconfirm password screen can be rendered[39m[90m [39m[33m→ file_get_contents(/Users/[39m[90m…[39m [90m0.01s[39m  
  [33;1m![39;22m[90m [39m[90mpassword can be confirmed[39m[90m [39m[33m→ file_get_contents(/Users/aron/master/cs[39m[90m…[39m [90m0.01s[39m  
  [33;1m![39;22m[90m [39m[90mpassword is not confirmed with invalid password[39m[90m [39m[33m→ file_get_contents[39m[90m…[39m [90m0.21s[39m  

  [30;43;1m WARN [39;49;22m[39m Tests\Feature\Auth\PasswordResetTest[39m
  [33;1m![39;22m[90m [39m[90mreset password link screen can be rendered[39m[90m [39m[33m→ file_get_contents(/Use[39m[90m…[39m [90m0.01s[39m  
  [33;1m![39;22m[90m [39m[90mreset password link can be requested[39m[90m [39m[33m→ file_get_contents(/Users/aro[39m[90m…[39m [90m0.21s[39m  
  [33;1m![39;22m[90m [39m[90mreset password screen can be rendered[39m[90m [39m[33m→ file_get_contents(/Users/ar[39m[90m…[39m [90m0.24s[39m  
  [33;1m![39;22m[90m [39m[90mpassword can be reset with valid token[39m[90m [39m[33m→ file_get_contents(/Users/a[39m[90m…[39m [90m0.23s[39m  

  [30;43;1m WARN [39;49;22m[39m Tests\Feature\Auth\RegistrationTest[39m
  [33;1m![39;22m[90m [39m[90mregistration screen can be rendered[39m[90m [39m[33m→ file_get_contents(/Users/aron[39m[90m…[39m [90m0.01s[39m  
  [33;1m![39;22m[90m [39m[90mnew users can register[39m[90m [39m[33m→ file_get_contents(/Users/aron/master/css/t[39m[90m…[39m [90m0.01s[39m  

  [30;43;1m WARN [39;49;22m[39m Tests\Feature\DashboardTest[39m
  [33;1m![39;22m[90m [39m[90mguests are redirected to the login page[39m[90m [39m[33m→ file_get_contents(/Users/[39m[90m…[39m [90m0.01s[39m  
  [33;1m![39;22m[90m [39m[90mauthenticated users can visit the dashboard[39m[90m [39m[33m→ file_get_contents(/Us[39m[90m…[39m [90m0.01s[39m  

  [30;43;1m WARN [39;49;22m[39m Tests\Feature\ExampleTest[39m
  [33;1m![39;22m[90m [39m[90mit returns a successful response[39m[90m [39m[33m→ file_get_contents(/Users/aron/ma[39m[90m…[39m [90m0.01s[39m  

  [30;43;1m WARN [39;49;22m[39m Tests\Feature\Settings\PasswordUpdateTest[39m
  [33;1m![39;22m[90m [39m[90mpassword can be updated[39m[90m [39m[33m→ file_get_contents(/Users/aron/master/css/[39m[90m…[39m [90m0.01s[39m  
  [33;1m![39;22m[90m [39m[90mcorrect password must be provided to update password[39m[90m [39m[33m→ file_get_con[39m[90m…[39m [90m0.01s[39m  

  [30;43;1m WARN [39;49;22m[39m Tests\Feature\Settings\ProfileUpdateTest[39m
  [33;1m![39;22m[90m [39m[90mprofile page is displayed[39m[90m [39m[33m→ file_get_contents(/Users/aron/master/cs[39m[90m…[39m [90m0.01s[39m  
  [33;1m![39;22m[90m [39m[90mprofile information can be updated[39m[90m [39m[33m→ file_get_contents(/Users/aron/[39m[90m…[39m [90m0.01s[39m  
  [33;1m![39;22m[90m [39m[90memail verification status is unchanged when the email address is un[39m[90m…[39m [90m0.01s[39m  
  [33;1m![39;22m[90m [39m[90muser can delete their account[39m[90m [39m[33m→ file_get_contents(/Users/aron/maste[39m[90m…[39m [90m0.01s[39m  
  [33;1m![39;22m[90m [39m[90mcorrect password must be provided to delete account[39m[90m [39m[33m→ file_get_cont[39m[90m…[39m [90m0.01s[39m  

  [90mTests:[39m    [33;1m26 warnings[39;22m[90m,[39m[39m [39m[32;1m1 passed[39;22m[90m (64 assertions)[39m
  [90mDuration:[39m [39m1.46s[39m

{"exit_code": 0, "cleanup": "/Users/aron/master/css/tmp/master-css-bh-isolated-2trgy0ka"}
