{
  "version": "5.2.1",
  "control": "PASS",
  "errors": [
    {
      "route": "*.*",
      "message": "Missing parameter name at index 1: *.*; visit https://git.new/pathToRegexpError for info"
    },
    {
      "route": "*",
      "message": "Missing parameter name at index 1: *; visit https://git.new/pathToRegexpError for info"
    }
  ]
}
node:internal/modules/run_main:107
    triggerUncaughtException(
    ^

AssertionError [ERR_ASSERTION]: All declared production routes must register
+ actual - expected

+ [
+   {
+     message: 'Missing parameter name at index 1: *.*; visit https://git.new/pathToRegexpError for info',
+     route: '*.*'
+   },
+   {
+     message: 'Missing parameter name at index 1: *; visit https://git.new/pathToRegexpError for info',
+     route: '*'
+   }
+ ]
- []

    at file:///Users/aron/master/css/.ai/audits/bug-hunt/repros/BH-0024-angular-routes.mjs:12:8
    at ModuleJob.run (node:internal/modules/esm/module_job:561:25)
    at async node:internal/modules/esm/loader:647:26
    at async asyncRunEntryPointWithESMLoader (node:internal/modules/run_main:101:5) {
  generatedMessage: false,
  code: 'ERR_ASSERTION',
  actual: [
    {
      route: '*.*',
      message: 'Missing parameter name at index 1: *.*; visit https://git.new/pathToRegexpError for info'
    },
    {
      route: '*',
      message: 'Missing parameter name at index 1: *; visit https://git.new/pathToRegexpError for info'
    }
  ],
  expected: [],
  operator: 'deepStrictEqual',
  diff: 'simple'
}

Node.js v24.20.0
