
{
  "records": [
    {
      "hook": "AsyncSeriesHook"
    },
    {
      "resource": "/Users/aron/master/css/examples/integration-lab/tmp/bh-0029-bcAXM7/entry.js",
      "resolvePath": "/Users/aron/master/css/examples/integration-lab/tmp/bh-0029-bcAXM7/entry.js",
      "privateSource": "undefined",
      "originalSource": "undefined"
    },
    {
      "resource": "/Users/aron/master/css/examples/integration-lab/tmp/bh-0029-bcAXM7/app.css",
      "resolvePath": "/Users/aron/master/css/examples/integration-lab/tmp/bh-0029-bcAXM7/app.css",
      "privateSource": "undefined",
      "originalSource": "undefined"
    },
    {
      "resource": "/Users/aron/master/css/examples/integration-lab/tmp/bh-0029-bcAXM7/node_modules/.master-css/master-utilities.css",
      "resolvePath": "/Users/aron/master/css/examples/integration-lab/tmp/bh-0029-bcAXM7/node_modules/.master-css/master-utilities.css",
      "privateSource": "undefined",
      "originalSource": "undefined"
    },
    {
      "resource": "/Users/aron/master/css/examples/integration-lab/tmp/bh-0029-bcAXM7/app.css",
      "resolvePath": "/Users/aron/master/css/examples/integration-lab/tmp/bh-0029-bcAXM7/app.css",
      "privateSource": "undefined",
      "originalSource": "undefined"
    },
    {
      "stage": -1,
      "css": [
        [
          "main.css",
          "#master-css-slot{--slot:0}\n\n"
        ]
      ],
      "classes": []
    },
    {
      "stage": 10000,
      "css": [
        [
          "main.css",
          ""
        ]
      ]
    }
  ],
  "emitted": ""
}
node:internal/modules/run_main:107
    triggerUncaughtException(
    ^

AssertionError [ERR_ASSERTION]: BH-0029 generated CSS must survive Rspack static delivery
    at file:///Users/aron/master/css/.ai/audits/bug-hunt/repros/BH-0029-rspack.mjs:17:132 {
  generatedMessage: false,
  code: 'ERR_ASSERTION',
  actual: false,
  expected: true,
  operator: '==',
  diff: 'simple'
}

Node.js v24.20.0
