$ node scripts/build-ts-test-migration-ledger.mjs --check
node:internal/modules/run_main:107
    triggerUncaughtException(
    ^

AssertionError [ERR_ASSERTION]: Cannot locate contract block: pub struct LanguageColorFormatIr
    at extractContractBlock (file:///Users/aron/master/css/scripts/ts-test-migration/rust-contracts.mjs:48:10)
    at contractSurfaceSources (file:///Users/aron/master/css/scripts/ts-test-migration/rust-contracts.mjs:229:11)
    at buildRustRefactorContractLedger (file:///Users/aron/master/css/scripts/ts-test-migration/rust-contracts.mjs:364:28)
    at file:///Users/aron/master/css/scripts/build-ts-test-migration-ledger.mjs:43:36
    at ModuleJob.run (node:internal/modules/esm/module_job:561:25)
    at async node:internal/modules/esm/loader:647:26
    at async asyncRunEntryPointWithESMLoader (node:internal/modules/run_main:101:5) {
  generatedMessage: false,
  code: 'ERR_ASSERTION',
  actual: -1,
  expected: -1,
  operator: 'notStrictEqual',
  diff: 'simple'
}

Node.js v24.20.0
[ELIFECYCLE] Command failed with exit code 1.
