{"cwd": "/Users/aron/master/css/tmp/master-css-bh-isolated-woe2ei50/packages/vite", "command": ["node", "/Users/aron/master/css/scripts/with-typescript-tooling-compat.mjs", "node", "/Users/aron/master/css/.ai/audits/bug-hunt/repros/nested-build.mjs", "vitestatic"]}
$ tsc && vite build
node:internal/modules/esm/resolve:272
    throw new ERR_MODULE_NOT_FOUND(
          ^

Error [ERR_MODULE_NOT_FOUND]: Cannot find module '/Users/aron/master/css/tmp/master-css-bh-isolated-woe2ei50/node_modules/.pnpm/vite@8.0.10_@types+node@25.6.0_@vitejs+devtools@0.1.18_esbuild@0.28.0_jiti@2.6.1_less@4_69abf0e39ec76354ff51626903d1ea5a/node_modules/vite/bin/vite.js' imported from /Users/aron/master/css/tmp/master-css-bh-isolated-woe2ei50/packages/vite/playground/
    at finalizeResolution (node:internal/modules/esm/resolve:272:11)
    at moduleResolve (node:internal/modules/esm/resolve:879:10)
    at defaultResolve (node:internal/modules/esm/resolve:1006:11)
    at #cachedDefaultResolve (node:internal/modules/esm/loader:705:20)
    at #resolveAndMaybeBlockOnLoaderThread (node:internal/modules/esm/loader:725:38)
    at nextStep (node:internal/modules/customization_hooks:189:26)
    at resolve (file:///Users/aron/master/css/scripts/typescript-tooling-compat.mjs:43:16)
    at nextStep (node:internal/modules/customization_hooks:189:26)
    at resolveWithHooks (node:internal/modules/customization_hooks:417:10)
    at ModuleLoader.resolveSync (node:internal/modules/esm/loader:751:16) {
  code: 'ERR_MODULE_NOT_FOUND',
  url: 'file:///Users/aron/master/css/tmp/master-css-bh-isolated-woe2ei50/node_modules/.pnpm/vite@8.0.10_@types+node@25.6.0_@vitejs+devtools@0.1.18_esbuild@0.28.0_jiti@2.6.1_less@4_69abf0e39ec76354ff51626903d1ea5a/node_modules/vite/bin/vite.js'
}

Node.js v24.20.0
[ELIFECYCLE] Command failed with exit code 1.
{"exit_code": 1, "cleanup": "/Users/aron/master/css/tmp/master-css-bh-isolated-woe2ei50"}
