{"cwd": "/Users/aron/master/css/tmp/master-css-bh-isolated-7ttboac6/packages/nuxt", "command": ["node", "/Users/aron/master/css/scripts/with-typescript-tooling-compat.mjs", "node", "/Users/aron/master/css/.ai/audits/bug-hunt/repros/nested-build.mjs", "nuxt"]}
┌  Building Nuxt for production...
│
●  Nuxt 4.5.2 (with Nitro 2.13.4, Vite 8.2.2 and Vue 3.5.42)
│
●  Nitro preset: node-server
ℹ Building client...
ℹ vite v8.2.2 building client environment for production...
transforming...

 WARN  [vite:css][postcss] Parse error on line 1: 
(--value() - ...
---^
Expecting "ADD", "SUB", "LENGTH", "ANGLE", "TIME", "FREQ", "RES", "UNKNOWN_DIMENSION", "EMS", "EXS", "CHS", "REMS", "VHS", "SVHS", "LVHS", "DVHS", "VWS", "SVWS", "LVWS", "DVWS", "VMINS", "SVMINS", "LVMINS", "DVMINS", "VMAXS", "SVMAXS", "LVMAXS", "DVMAXS", "VBS", "SVBS", "LVBS", "DVBS", "VIS", "SVIS", "LVIS", "DVIS", "CQWS", "CQHS", "CQIS", "CQBS", "CQMINS", "CQMAXS", "LHS", "RLHS", "PERCENTAGE", "dimension", got unexpected "FUNCTION"


✓ 127 modules transformed.

 WARN  [lightningcss minify] Unknown at rule: @theme
1  |  ...ze:inherit;font-weight:inherit}[hidden]{display:none}}@theme{--font-family-sans:var(--font-sans, ui-sans-serif), s...
   |                                                                 ^


 WARN  [lightningcss minify] Unknown at rule: @theme
1  |  ...frames zoom{0%{transform:scale(0)}to{transform:none}}}@theme light{--shadow-xs:0 0 0 1px oklch(0% 0 none / .04), 0...
   |                                                                 ^


 WARN  [lightningcss minify] Unknown at rule: @theme
1  |  ...olor-crimson-60);--color-text-red:var(--color-red-60)}@theme dark{--shadow-xs:0 0 0 1px oklch(100% 0 none / .04), ...
   |                                                                 ^


 WARN  [lightningcss minify] Unknown at rule: @theme
1  |  ...olor-crimson-30);--color-text-red:var(--color-red-30)}@theme inline{--full:100%;--fit:fit-content;--max:max-conten...
   |                                                                 ^


 WARN  [lightningcss minify] Unknown at rule: @custom-variant
1  |  ...klch(0% 0 none);--color-current:currentColor}@custom-variant default{@layer defaults{}}@custom-variant component{@...
   |                                                                 ^


 WARN  [lightningcss minify] Unknown at rule: @custom-variant
1  |  ...or}@custom-variant default{@layer defaults{}}@custom-variant component{@layer components{}}@custom-variant utility...
   |                                                                 ^


 WARN  [lightningcss minify] Unknown at rule: @custom-variant
1  |  ...custom-variant component{@layer components{}}@custom-variant utility{@layer utilities{}}@utilities{abs{position:ab...
   |                                                                 ^


 WARN  [lightningcss minify] Unknown at rule: @utilities
1  |  ...ents{}}@custom-variant utility{@layer utilities{}}@utilities{abs{position:absolute}bg-clip-border{background-clip:...
   |                                                                 ^


 WARN  [lightningcss minify] Unknown at rule: @utilities
1  |  ...100vw}break-word|normal>{overflow-wrap:--value()}}@utilities{animate:<~animate>{animation:--value()}font:<~font-si...
   |                                                                 ^


 WARN  [lightningcss minify] Unknown at rule: @utilities
1  |  ...mber|*>{max-width:--value();max-height:--value()}}@utilities{b:<number>{border-width:--value()}b:<~color-line|colo...
   |                                                                 ^


 WARN  [lightningcss minify] Unknown at rule: @utilities
1  |  ...th:--value()}none|solid>{outline-style:--value()}}@utilities{grid-cols:<number\<number|*>{display:grid;grid-templa...
   |                                                                 ^


 WARN  [lightningcss minify] Unknown at rule: @utilities
1  |  ...-stroke:<~color|*>{-webkit-text-stroke:--value()}}@utilities{backdrop-filter:<~color|*>{backdrop-filter:--value()}...
   |                                                                 ^


 WARN  [lightningcss minify] Unknown at rule: @utilities
1  |  ...-moz-user-select:--value();user-select:--value()}}@utilities{contain|cover>{background-size:--value()}right|top>{b...
   |                                                                 ^


 WARN  [lightningcss minify] Unknown at rule: @source
1  |  ...lue()}text-\<ellipsis|clip>{text-overflow:--value()}}@source "./app.vue";@layer components{.box{display:flex;font-...
   |                                                                 ^

rendering chunks...
computing gzip size...
ℹ .nuxt/dist/client/manifest.json                  2.76 kB │ gzip:  0.48 kB
.nuxt/dist/client/_nuxt/error-500.CipurtvR.css   1.90 kB │ gzip:  0.72 kB
.nuxt/dist/client/_nuxt/error-404.D2ag5VWJ.css   2.42 kB │ gzip:  0.85 kB
.nuxt/dist/client/_nuxt/entry.BMA4RNFi.css      33.22 kB │ gzip:  8.88 kB
.nuxt/dist/client/_nuxt/BG-IzqT0.js              0.84 kB │ gzip:  0.50 kB
.nuxt/dist/client/_nuxt/Cx1zChk0.js              3.38 kB │ gzip:  1.53 kB
.nuxt/dist/client/_nuxt/VYjLcWPa.js              9.82 kB │ gzip:  3.97 kB
.nuxt/dist/client/_nuxt/CFT7Mf0A.js             48.82 kB │ gzip: 18.66 kB
.nuxt/dist/client/_nuxt/CWS0pTi1.js             84.61 kB │ gzip: 32.46 kB

ℹ ✓ built in 267ms
✔ Client built in 278ms
ℹ Building server...
ℹ vite v8.2.2 building ssr environment for production...
transforming...

 WARN  [vite:css][postcss] Parse error on line 1: 
(--value() - ...
---^
Expecting "ADD", "SUB", "LENGTH", "ANGLE", "TIME", "FREQ", "RES", "UNKNOWN_DIMENSION", "EMS", "EXS", "CHS", "REMS", "VHS", "SVHS", "LVHS", "DVHS", "VWS", "SVWS", "LVWS", "DVWS", "VMINS", "SVMINS", "LVMINS", "DVMINS", "VMAXS", "SVMAXS", "LVMAXS", "DVMAXS", "VBS", "SVBS", "LVBS", "DVBS", "VIS", "SVIS", "LVIS", "DVIS", "CQWS", "CQHS", "CQIS", "CQBS", "CQMINS", "CQMAXS", "LHS", "RLHS", "PERCENTAGE", "dimension", got unexpected "FUNCTION"


✓ 59 modules transformed.

 WARN  [lightningcss minify] Unknown at rule: @theme
1  |  ...ze:inherit;font-weight:inherit}[hidden]{display:none}}@theme{--font-family-sans:var(--font-sans, ui-sans-serif), s...
   |                                                                 ^


 WARN  [lightningcss minify] Unknown at rule: @theme
1  |  ...frames zoom{0%{transform:scale(0)}to{transform:none}}}@theme light{--shadow-xs:0 0 0 1px oklch(0% 0 none / .04), 0...
   |                                                                 ^


 WARN  [lightningcss minify] Unknown at rule: @theme
1  |  ...olor-crimson-60);--color-text-red:var(--color-red-60)}@theme dark{--shadow-xs:0 0 0 1px oklch(100% 0 none / .04), ...
   |                                                                 ^


 WARN  [lightningcss minify] Unknown at rule: @theme
1  |  ...olor-crimson-30);--color-text-red:var(--color-red-30)}@theme inline{--full:100%;--fit:fit-content;--max:max-conten...
   |                                                                 ^


 WARN  [lightningcss minify] Unknown at rule: @custom-variant
1  |  ...klch(0% 0 none);--color-current:currentColor}@custom-variant default{@layer defaults{}}@custom-variant component{@...
   |                                                                 ^


 WARN  [lightningcss minify] Unknown at rule: @custom-variant
1  |  ...or}@custom-variant default{@layer defaults{}}@custom-variant component{@layer components{}}@custom-variant utility...
   |                                                                 ^


 WARN  [lightningcss minify] Unknown at rule: @custom-variant
1  |  ...custom-variant component{@layer components{}}@custom-variant utility{@layer utilities{}}@utilities{abs{position:ab...
   |                                                                 ^


 WARN  [lightningcss minify] Unknown at rule: @utilities
1  |  ...ents{}}@custom-variant utility{@layer utilities{}}@utilities{abs{position:absolute}bg-clip-border{background-clip:...
   |                                                                 ^


 WARN  [lightningcss minify] Unknown at rule: @utilities
1  |  ...100vw}break-word|normal>{overflow-wrap:--value()}}@utilities{animate:<~animate>{animation:--value()}font:<~font-si...
   |                                                                 ^


 WARN  [lightningcss minify] Unknown at rule: @utilities
1  |  ...mber|*>{max-width:--value();max-height:--value()}}@utilities{b:<number>{border-width:--value()}b:<~color-line|colo...
   |                                                                 ^


 WARN  [lightningcss minify] Unknown at rule: @utilities
1  |  ...th:--value()}none|solid>{outline-style:--value()}}@utilities{grid-cols:<number\<number|*>{display:grid;grid-templa...
   |                                                                 ^


 WARN  [lightningcss minify] Unknown at rule: @utilities
1  |  ...-stroke:<~color|*>{-webkit-text-stroke:--value()}}@utilities{backdrop-filter:<~color|*>{backdrop-filter:--value()}...
   |                                                                 ^


 WARN  [lightningcss minify] Unknown at rule: @utilities
1  |  ...-moz-user-select:--value();user-select:--value()}}@utilities{contain|cover>{background-size:--value()}right|top>{b...
   |                                                                 ^


 WARN  [lightningcss minify] Unknown at rule: @source
1  |  ...lue()}text-\<ellipsis|clip>{text-overflow:--value()}}@source "./app.vue";@layer components{.box{display:flex;font-...
   |                                                                 ^

rendering chunks...
ℹ ✓ built in 126ms
✔ Server built in 133ms
[nitro] ✔ Generated public .output/public
[nitro] ℹ Building Nuxt Nitro server (preset: node-server, compatibility date: 2025-04-16)
[nitro] ✔ Nuxt Nitro server built
  ├─ .output/server/chunks/_/error-500.mjs (5.05 kB) (2.07 kB gzip)
  ├─ .output/server/chunks/_/error-500.mjs.map (274 B) (202 B gzip)
  ├─ .output/server/chunks/build/error-404-eBWwe87D.mjs (15.5 kB) (4.72 kB gzip)
  ├─ .output/server/chunks/build/error-404-eBWwe87D.mjs.map (600 B) (300 B gzip)
  ├─ .output/server/chunks/build/error-404-styles.Nl9XXbct.mjs (2.76 kB) (1 kB gzip)
  ├─ .output/server/chunks/build/error-404-styles.Nl9XXbct.mjs.map (196 B) (156 B gzip)
  ├─ .output/server/chunks/build/error-500-C5e8QJwQ.mjs (5.03 kB) (2.13 kB gzip)
  ├─ .output/server/chunks/build/error-500-C5e8QJwQ.mjs.map (338 B) (261 B gzip)
  ├─ .output/server/chunks/build/error-500-styles.nQYcHeu1.mjs (2.23 kB) (876 B gzip)
  ├─ .output/server/chunks/build/error-500-styles.nQYcHeu1.mjs.map (196 B) (156 B gzip)
  ├─ .output/server/chunks/nitro/nitro.mjs (197 kB) (48.3 kB gzip)
  ├─ .output/server/chunks/nitro/nitro.mjs.map (8.81 kB) (1.29 kB gzip)
  ├─ .output/server/chunks/routes/renderer.mjs (16.2 kB) (5.56 kB gzip)
  ├─ .output/server/chunks/routes/renderer.mjs.map (2.4 kB) (438 B gzip)
  ├─ .output/server/chunks/virtual/_virtual_spa-template.mjs (94 B) (100 B gzip)
  ├─ .output/server/chunks/virtual/_virtual_spa-template.mjs.map (88 B) (97 B gzip)
  ├─ .output/server/chunks/virtual/entry.mjs (46 kB) (12.7 kB gzip)
  ├─ .output/server/chunks/virtual/entry.mjs.map (6.29 kB) (1.08 kB gzip)
  ├─ .output/server/chunks/virtual/precomputed.mjs (6.33 kB) (814 B gzip)
  ├─ .output/server/chunks/virtual/precomputed.mjs.map (3.69 kB) (425 B gzip)
  ├─ .output/server/chunks/virtual/styles.mjs (714 B) (347 B gzip)
  ├─ .output/server/chunks/virtual/styles.mjs.map (325 B) (186 B gzip)
  ├─ .output/server/index.mjs (489 B) (254 B gzip)
  └─ .output/server/package.json (891 B) (382 B gzip)
Σ Total size: 3.17 MB (779 kB gzip)
[nitro] ✔ You can preview this build using node .output/server/index.mjs
│
└  ✨ Build complete!
{"kind":"nuxt","htmlBytes":1275,"hasMasterStyle":false}
Nuxt playground SSR/native component CSS PASS
Listening on http://127.0.0.1:53230

{"exit_code": 0, "cleanup": "/Users/aron/master/css/tmp/master-css-bh-isolated-7ttboac6"}
