$ playwright test --config tests/dogfood/playwright.config.ts

[WebServer] (node:35987) Warning: The 'NO_COLOR' env is ignored due to the 'FORCE_COLOR' env being set.
[WebServer] (Use `node --trace-warnings ...` to show where the warning was created)
Error: Playwright Test did not expect test() to be called here.
Most common reasons include:
- You are calling test() in a configuration file.
- You are calling test() in a file that is imported by the configuration file.
- You have two different versions of @playwright/test. This usually happens
  when one of the dependencies in your package.json depends on @playwright/test.
- You are calling test() from an async test.describe() block. Only sync ones are supported.

   at inline-theme.spec.ts:3

  1 | import { expect, test, type Page } from '@playwright/test'
  2 |
> 3 | test('inline mode tokens resolve without emitting inline resources', async ({ page }) => {
    | ^
  4 |   const failures = capturePageFailures(page)
  5 |   await page.goto('/en/guide/introduction')
  6 |   const raised = page.locator('[class~="surface:raised"]').first()
    at _TestTypeImpl._currentSuite (/Users/aron/master/css/node_modules/.pnpm/playwright@1.63.0/node_modules/playwright/lib/common/index.js:2224:13)
    at _TestTypeImpl._createTest (/Users/aron/master/css/node_modules/.pnpm/playwright@1.63.0/node_modules/playwright/lib/common/index.js:2238:24)
    at test (/Users/aron/master/css/node_modules/.pnpm/playwright@1.63.0/node_modules/playwright/lib/common/index.js:1154:12)
    at /Users/aron/master/css/tmp/master-css-bh-isolated-a160dk70/site/tests/dogfood/inline-theme.spec.ts:3:1

Error: Playwright Test did not expect test() to be called here.
Most common reasons include:
- You are calling test() in a configuration file.
- You are calling test() in a file that is imported by the configuration file.
- You have two different versions of @playwright/test. This usually happens
  when one of the dependencies in your package.json depends on @playwright/test.
- You are calling test() from an async test.describe() block. Only sync ones are supported.

   at site-css.spec.ts:3

  1 | import { expect, test, type Page } from '@playwright/test'
  2 |
> 3 | test('guide uses the responsive prose cascade after hydration', async ({ page }, testInfo) => {
    | ^
  4 |   const failures = capturePageFailures(page)
  5 |   await page.goto('/en/guide')
  6 |   await page.locator('.prose h2').first().waitFor()
    at _TestTypeImpl._currentSuite (/Users/aron/master/css/node_modules/.pnpm/playwright@1.63.0/node_modules/playwright/lib/common/index.js:2224:13)
    at _TestTypeImpl._createTest (/Users/aron/master/css/node_modules/.pnpm/playwright@1.63.0/node_modules/playwright/lib/common/index.js:2238:24)
    at test (/Users/aron/master/css/node_modules/.pnpm/playwright@1.63.0/node_modules/playwright/lib/common/index.js:1154:12)
    at /Users/aron/master/css/tmp/master-css-bh-isolated-a160dk70/site/tests/dogfood/site-css.spec.ts:3:1

Error: No tests found

[ELIFECYCLE] Command failed with exit code 1.
