{"cwd": "/Users/aron/master/css/tmp/master-css-bh-isolated-7pqsitf2/examples/angular", "command": ["node", "/Users/aron/master/css/scripts/with-typescript-tooling-compat.mjs", "node", "/Users/aron/master/css/.ai/audits/bug-hunt/repros/BH-0025-angular-bundle.mjs"]}
{"label":"direct-installed-css-tree","status":0,"stdout":"{\"error\":null}\n","stderr":""}
{"label":"bundled-relocation","package":"/Users/aron/master/css/node_modules/.pnpm/css-tree@3.2.1/node_modules/css-tree/package.json","patchExists":true,"relocatedCode":["var require2 = createRequire(import.meta.url);","var patch = require2(\"../data/patch.json\");"]}
{"label":"minimal-bundled-css-tree","status":1,"stdout":"","stderr":"node:internal/modules/cjs/loader:1564\n  const err = new Error(message);\n              ^\n\nError: Cannot find module '../data/patch.json'\nRequire stack:\n- /Users/aron/master/css/tmp/master-css-bh-isolated-7pqsitf2/examples/angular/audit-controls/bundled.mjs\n    at Module._resolveFilename (node:internal/modules/cjs/loader:1564:15)\n    at wrapResolveFilename (node:internal/modules/cjs/loader:1118:27)\n    at defaultResolveImplForCJSLoading (node:internal/modules/cjs/loader:1142:10)\n    at resolveForCJSWithHooks (node:internal/modules/cjs/loader:1169:12)\n    at Module._load (node:internal/modules/cjs/loader:1341:5)\n    at wrapModuleLoad (node:internal/modules/cjs/loader:261:19)\n    at Module.require (node:internal/modules/cjs/loader:1674:12)\n    at require (node:internal/modules/helpers:157:16)\n    at file:///Users/aron/master/css/tmp/master-css-bh-isolated-7pqsitf2/examples/angular/audit-controls/bundled.mjs:6417:13\n    at ModuleJob.run (node:internal/modules/esm/module_job:561:25) {\n  code: 'MODULE_NOT_FOUND',\n  requireStack: [\n    '/Users/aron/master/css/tmp/master-css-bh-isolated-7pqsitf2/examples/angular/audit-controls/bundled.mjs'\n  ]\n}\n\nNode.js v24.20.0\n"}
{"label":"same-bundler-external-css-tree","status":0,"stdout":"{\"error\":null}\n","stderr":""}
$ ng build
❯ Building...
✔ Building...
Browser bundles      
Initial chunk files   | Names                          |  Raw size | Estimated transfer size
main-LVHH7ZOB.js      | main                           | 367.32 kB |                89.72 kB
polyfills-XUIFWYAI.js | polyfills                      |  35.88 kB |                11.64 kB
chunk-SHGQNUIV.js     | -                              |   4.83 kB |                 1.65 kB
chunk-2VMXMS7J.js     | -                              | 661 bytes |               661 bytes
styles-5INURTSO.css   | styles                         |   0 bytes |                 0 bytes

                      | Initial total                  | 408.69 kB |               103.67 kB

Lazy chunk files      | Names                          |  Raw size | Estimated transfer size
chunk-UUYIHXHM.js     | mastercss_binding_wasm_engine  |  11.07 kB |                 3.16 kB
chunk-HL2KFEX5.js     | provider                       | 116 bytes |               116 bytes


Server bundles       
Initial chunk files   | Names                          |  Raw size
server.mjs            | server                         |   1.09 MB |                        
chunk-ECXJ3J5Q.mjs    | -                              | 719.48 kB |                        
polyfills.server.mjs  | polyfills.server               | 268.29 kB |                        
chunk-ADNOIEPG.mjs    | -                              |   5.10 kB |                        
chunk-FYU4I3VZ.mjs    | -                              |   3.08 kB |                        
chunk-IONAIH6Q.mjs    | -                              |   1.59 kB |                        
main.server.mjs       | main.server                    | 359 bytes |                        

Lazy chunk files      | Names                          |  Raw size
chunk-UBUORPAO.mjs    | mastercss_binding_wasm_tooling |  18.69 kB |                        
chunk-RQQTFJX3.mjs    | xhr2                           |  12.08 kB |                        
chunk-KGWMZSYY.mjs    | tooling-binding-native         |   5.64 kB |                        
chunk-FJEHKGWP.mjs    | provider-node                  |   4.62 kB |                        

Prerendered 1 static route.
Application bundle generation complete. [5.471 seconds] - 2026-09-08T13:39:01.221Z

▲ [WARNING] Ignoring this import because "../../../../packages/binding/dist/protocol.js" was marked as having no side effects [ignored-bare-import]

    ../../../../packages/binding/dist/binding.js:1:7:
      1 │ import "./protocol.js";
        ╵        ~~~~~~~~~~~~~~~

  "sideEffects" is false in the enclosing "package.json" file:

    ../../../../packages/binding/package.json:16:2:
      16 │   "sideEffects": false,
         ╵   ~~~~~~~~~~~~~


▲ [WARNING] Ignoring this import because "../../../../packages/binding/dist/protocol.js" was marked as having no side effects [ignored-bare-import]

    ../../../../packages/binding/dist/binding.js:1:7:
      1 │ import "./protocol.js";
        ╵        ~~~~~~~~~~~~~~~

  "sideEffects" is false in the enclosing "package.json" file:

    ../../../../packages/binding/package.json:16:2:
      16 │   "sideEffects": false,
         ╵   ~~~~~~~~~~~~~


▲ [WARNING] Ignoring this import because "../../../../packages/binding/dist/protocol.js" was marked as having no side effects [ignored-bare-import]

    ../../../../packages/binding/dist/native-loader.js:1:7:
      1 │ import "./protocol.js";
        ╵        ~~~~~~~~~~~~~~~

  "sideEffects" is false in the enclosing "package.json" file:

    ../../../../packages/binding/package.json:16:2:
      16 │   "sideEffects": false,
         ╵   ~~~~~~~~~~~~~


▲ [WARNING] Ignoring this import because "../../../../packages/binding/dist/protocol.js" was marked as having no side effects [ignored-bare-import]

    ../../../../packages/binding/dist/tooling.js:1:7:
      1 │ import "./protocol.js";
        ╵        ~~~~~~~~~~~~~~~

  "sideEffects" is false in the enclosing "package.json" file:

    ../../../../packages/binding/package.json:16:2:
      16 │   "sideEffects": false,
         ╵   ~~~~~~~~~~~~~


▲ [WARNING] angular:styles/component:css;88b5e1e58400f7b5a50699325b10506edae593d2b13399c9e236a20dd7d33352;/Users/aron/master/css/tmp/master-css-bh-isolated-7pqsitf2/examples/angular/src/app/app.component.html exceeded maximum budget. Budget 2.00 kB was not met by 921 bytes with a total of 2.92 kB.


▲ [WARNING] Module 'source-map-js/lib/source-map-generator.js' used by '../../../../node_modules/.pnpm/css-tree@3.2.1/node_modules/css-tree/lib/generator/sourceMap.js' is not ESM

  CommonJS or AMD dependencies can cause optimization bailouts.
  For more information see: https://angular.dev/tools/cli/build#configuring-commonjs-dependencies


Output location: /Users/aron/master/css/tmp/master-css-bh-isolated-7pqsitf2/examples/angular/dist/angular-with-progressive-rendering

{"label":"actual-Angular-SSR-start","status":1,"stdout":"","stderr":"node:internal/modules/cjs/loader:1564\n  const err = new Error(message);\n              ^\n\nError: Cannot find module '../data/patch.json'\nRequire stack:\n- /Users/aron/master/css/tmp/master-css-bh-isolated-7pqsitf2/examples/angular/dist/angular-with-progressive-rendering/server/server.mjs\n    at Module._resolveFilename (node:internal/modules/cjs/loader:1564:15)\n    at wrapResolveFilename (node:internal/modules/cjs/loader:1118:27)\n    at defaultResolveImplForCJSLoading (node:internal/modules/cjs/loader:1142:10)\n    at resolveForCJSWithHooks (node:internal/modules/cjs/loader:1169:12)\n    at Module._load (node:internal/modules/cjs/loader:1341:5)\n    at wrapModuleLoad (node:internal/modules/cjs/loader:261:19)\n    at Module.require (node:internal/modules/cjs/loader:1674:12)\n    at require (node:internal/modules/helpers:157:16)\n    at file:///Users/aron/master/css/tmp/master-css-bh-isolated-7pqsitf2/examples/angular/dist/angular-with-progressive-rendering/server/server.mjs:63:26073\n    at ModuleJob.run (node:internal/modules/esm/module_job:561:25) {\n  code: 'MODULE_NOT_FOUND',\n  requireStack: [\n    '/Users/aron/master/css/tmp/master-css-bh-isolated-7pqsitf2/examples/angular/dist/angular-with-progressive-rendering/server/server.mjs'\n  ]\n}\n\nNode.js v24.20.0\n"}
node:internal/modules/run_main:107
    triggerUncaughtException(
    ^

AssertionError [ERR_ASSERTION]: BH-0025: built Angular SSR server must start

1 !== 0

    at file:///Users/aron/master/css/.ai/audits/bug-hunt/repros/BH-0025-angular-bundle.mjs:45:8
    at process.processTicksAndRejections (node:internal/process/task_queues:104:5) {
  generatedMessage: false,
  code: 'ERR_ASSERTION',
  actual: 1,
  expected: 0,
  operator: 'strictEqual',
  diff: 'simple'
}

Node.js v24.20.0
{"exit_code": 1, "cleanup": "/Users/aron/master/css/tmp/master-css-bh-isolated-7pqsitf2"}
