$ eslint .

/Users/aron/master/css/tmp/master-css-bh-isolated-w432vsmh/site/app/[locale]/blog/master-css-next/content.mdx
  28:22  warning  Use canonical class "min-vh" instead of "min-h:100vh"  @master/css/prefer-canonical-classes

/Users/aron/master/css/tmp/master-css-bh-isolated-w432vsmh/site/app/[locale]/guide/flash-of-unstyled-content/content.mdx
  5:30  warning  Use canonical class "video" instead of "aspect-ratio:16/9"  @master/css/prefer-canonical-classes

/Users/aron/master/css/tmp/master-css-bh-isolated-w432vsmh/site/app/[locale]/guide/introduction/components/Overview.mdx
   6:66  warning  Use canonical class "video" instead of "aspect-ratio:16/9"  @master/css/prefer-canonical-classes
  17:15  warning  Use canonical class "video" instead of "aspect-ratio:16/9"  @master/css/prefer-canonical-classes

/Users/aron/master/css/tmp/master-css-bh-isolated-w432vsmh/site/app/[locale]/guide/migration/css-in-js/content.mdx
  133:20  warning  Sort classes into the expected order: "h:full bg:green-60 transition:width|fast|smooth w:$value"  @master/css/sort-classes

/Users/aron/master/css/tmp/master-css-bh-isolated-w432vsmh/site/app/[locale]/guide/migration/css/content.mdx
  128:17  warning  Sort classes into the expected order: "bg:blue-60 w:$progress"  @master/css/sort-classes

/Users/aron/master/css/tmp/master-css-bh-isolated-w432vsmh/site/app/[locale]/guide/migration/tailwindcss/content.mdx
  357:20  warning  Sort classes into the expected order: "h:full bg:blue-60 transition:width|fast|smooth w:$progress"  @master/css/sort-classes

/Users/aron/master/css/tmp/master-css-bh-isolated-w432vsmh/site/app/[locale]/guide/migration/v1/content.mdx
  148:20  warning  Sort classes into the expected order: "h:full bg:blue-60 transition:width|fast|smooth w:$progress"  @master/css/sort-classes

/Users/aron/master/css/tmp/master-css-bh-isolated-w432vsmh/site/app/[locale]/guide/preload-critical-resources/components/ResourceWaterfall.tsx
  103:44  warning  Use canonical class "left" instead of "left:0"      @master/css/prefer-canonical-classes
  103:51  warning  Use canonical class "top" instead of "top:0"        @master/css/prefer-canonical-classes
  104:44  warning  Use canonical class "right" instead of "right:0"    @master/css/prefer-canonical-classes
  104:52  warning  Use canonical class "top" instead of "top:0"        @master/css/prefer-canonical-classes
  106:44  warning  Use canonical class "bottom" instead of "bottom:0"  @master/css/prefer-canonical-classes
  106:53  warning  Use canonical class "left" instead of "left:0"      @master/css/prefer-canonical-classes
  106:60  warning  Use canonical class "right" instead of "right:0"    @master/css/prefer-canonical-classes
  159:22  warning  Use canonical class "bottom" instead of "bottom:0"  @master/css/prefer-canonical-classes
  159:31  warning  Use canonical class "top" instead of "top:0"        @master/css/prefer-canonical-classes
  189:26  warning  Use canonical class "bottom" instead of "bottom:0"  @master/css/prefer-canonical-classes
  189:35  warning  Use canonical class "top" instead of "top:0"        @master/css/prefer-canonical-classes

/Users/aron/master/css/tmp/master-css-bh-isolated-w432vsmh/site/app/[locale]/guide/scanning-latent-classes/contract.mdx
  180:18  warning  Sort classes into the expected order: "leading:1.1 font-size:$headline-size"                        @master/css/sort-classes
  198:20  warning  Sort classes into the expected order: "h:full bg:blue-60 transition:width|fast|smooth w:$progress"  @master/css/sort-classes

/Users/aron/master/css/tmp/master-css-bh-isolated-w432vsmh/site/app/[locale]/guide/sizing/content.mdx
  178:22  warning  Use canonical class "video" instead of "aspect-ratio:16/9"  @master/css/prefer-canonical-classes

/Users/aron/master/css/tmp/master-css-bh-isolated-w432vsmh/site/app/[locale]/guide/style-declarations/components/Functions.mdx
  7:15  warning  Sort classes into the expected order: "w:calc(100%-4x) bg:black/.5 h:$size-sm"  @master/css/sort-classes

/Users/aron/master/css/tmp/master-css-bh-isolated-w432vsmh/site/app/[locale]/guide/style-declarations/components/UnitSensing.mdx
  7:26  warning  Use canonical class "animation-duration:normal" instead of "animation-duration:.2s"  @master/css/prefer-canonical-classes

/Users/aron/master/css/tmp/master-css-bh-isolated-w432vsmh/site/app/[locale]/guide/syntax-tutorial/content.mdx
  52:30  warning  Sort classes into the expected order: "p:md fg:blue-60:hover fg:blue-60:focus-visible p:lg@sm"      @master/css/sort-classes
  76:30  warning  Sort classes into the expected order: "p:md fg:blue-60:focus-visible p:lg@sm fg:blue-60:hover@sm"   @master/css/sort-classes
  94:30  warning  Sort classes into the expected order: "fg:blue-60:hover fg:blue-60:focus-visible p:lg@sm p:action"  @master/css/sort-classes

/Users/aron/master/css/tmp/master-css-bh-isolated-w432vsmh/site/app/[locale]/guide/typography/components/Overview.mdx
  5:66  warning  Use canonical class "video" instead of "aspect-ratio:16/9"  @master/css/prefer-canonical-classes

/Users/aron/master/css/tmp/master-css-bh-isolated-w432vsmh/site/app/[locale]/reference/animation/content.mdx
  12:25  warning  Use canonical class "bottom" instead of "bottom:0"            @master/css/prefer-canonical-classes
  13:36  warning  Use canonical class "overflow" instead of "overflow:visible"  @master/css/prefer-canonical-classes
  23:26  warning  Use canonical class "overflow" instead of "overflow:visible"  @master/css/prefer-canonical-classes

/Users/aron/master/css/tmp/master-css-bh-isolated-w432vsmh/site/app/[locale]/reference/aspect-ratio/content.mdx
  33:33  warning  Use canonical class "video" instead of "aspect-ratio:16/9"            @master/css/prefer-canonical-classes
  56:13  warning  Use canonical class "square" instead of "aspect-ratio:1/1"            @master/css/prefer-canonical-classes
  56:30  warning  Use canonical class "video@dark" instead of "aspect-ratio:16/9@dark"  @master/css/prefer-canonical-classes

/Users/aron/master/css/tmp/master-css-bh-isolated-w432vsmh/site/app/[locale]/reference/color/content.mdx
  32:11  warning  Use canonical class "fg:blue" instead of "fg:var(--color-blue)"  @master/css/prefer-canonical-classes

/Users/aron/master/css/tmp/master-css-bh-isolated-w432vsmh/site/app/[locale]/reference/columns/content.mdx
  13:93  warning  Use canonical class "square" instead of "aspect-ratio:1/1"  @master/css/prefer-canonical-classes
  19:94  warning  Use canonical class "square" instead of "aspect-ratio:1/1"  @master/css/prefer-canonical-classes
  34:94  warning  Use canonical class "square" instead of "aspect-ratio:1/1"  @master/css/prefer-canonical-classes
  41:22  warning  Use canonical class "square" instead of "aspect-ratio:1/1"  @master/css/prefer-canonical-classes
  55:94  warning  Use canonical class "square" instead of "aspect-ratio:1/1"  @master/css/prefer-canonical-classes
  58:94  warning  Use canonical class "square" instead of "aspect-ratio:1/1"  @master/css/prefer-canonical-classes
  67:94  warning  Use canonical class "square" instead of "aspect-ratio:1/1"  @master/css/prefer-canonical-classes
  70:94  warning  Use canonical class "square" instead of "aspect-ratio:1/1"  @master/css/prefer-canonical-classes
  80:22  warning  Use canonical class "square" instead of "aspect-ratio:1/1"  @master/css/prefer-canonical-classes

/Users/aron/master/css/tmp/master-css-bh-isolated-w432vsmh/site/app/[locale]/reference/display/content.mdx
  301:13  warning  Use canonical class "block:hover" instead of "display:block:hover"  @master/css/prefer-canonical-classes
  301:33  warning  Use canonical class "block@dark" instead of "display:block@dark"    @master/css/prefer-canonical-classes
  301:52  warning  Use canonical class "block@print" instead of "display:block@print"  @master/css/prefer-canonical-classes
  301:72  warning  Use canonical class "block@sm" instead of "display:block@sm"        @master/css/prefer-canonical-classes

/Users/aron/master/css/tmp/master-css-bh-isolated-w432vsmh/site/app/[locale]/reference/inset/content.mdx
   9:48  warning  Use canonical class "square" instead of "aspect-ratio:1/1"  @master/css/prefer-canonical-classes
  30:20  warning  Use canonical class "right" instead of "right:0"            @master/css/prefer-canonical-classes
  30:28  warning  Use canonical class "top" instead of "top:0"                @master/css/prefer-canonical-classes

/Users/aron/master/css/tmp/master-css-bh-isolated-w432vsmh/site/app/[locale]/reference/letter-spacing/content.mdx
  12:33  warning  Use canonical class "uppercase" instead of "text-transform:uppercase"  @master/css/prefer-canonical-classes
  26:14  warning  Use canonical class "tracking:wider" instead of "tracking:.04em"       @master/css/prefer-canonical-classes

/Users/aron/master/css/tmp/master-css-bh-isolated-w432vsmh/site/app/[locale]/reference/min-height/content.mdx
  36:17  warning  Use canonical class "overflow" instead of "overflow:visible"  @master/css/prefer-canonical-classes

/Users/aron/master/css/tmp/master-css-bh-isolated-w432vsmh/site/app/[locale]/reference/object-fit/content.mdx
   9:20  warning  Use canonical class "video" instead of "aspect-ratio:16/9"  @master/css/prefer-canonical-classes
  23:20  warning  Use canonical class "square" instead of "aspect-ratio:1/1"  @master/css/prefer-canonical-classes

/Users/aron/master/css/tmp/master-css-bh-isolated-w432vsmh/site/app/[locale]/reference/object-position/content.mdx
  9:13  warning  Use canonical class "video" instead of "aspect-ratio:16/9"  @master/css/prefer-canonical-classes

/Users/aron/master/css/tmp/master-css-bh-isolated-w432vsmh/site/app/[locale]/reference/overflow/content.mdx
  58:29  warning  Use canonical class "overflow@print" instead of "overflow:visible@print"  @master/css/prefer-canonical-classes

/Users/aron/master/css/tmp/master-css-bh-isolated-w432vsmh/site/app/[locale]/reference/pointer-events/content.mdx
  11:28  warning  Use canonical class "untouchable" instead of "pointer-events:none"              @master/css/prefer-canonical-classes
  33:13  warning  Use canonical class "untouchable" instead of "pointer-events:none"              @master/css/prefer-canonical-classes
  41:13  warning  Use canonical class "untouchable:hover" instead of "pointer-events:none:hover"  @master/css/prefer-canonical-classes

/Users/aron/master/css/tmp/master-css-bh-isolated-w432vsmh/site/app/[locale]/reference/position/content.mdx
   45:47  warning  Use canonical class "left" instead of "left:0"  @master/css/prefer-canonical-classes
   45:54  warning  Use canonical class "top" instead of "top:0"    @master/css/prefer-canonical-classes
   53:19  warning  Use canonical class "left" instead of "left:0"  @master/css/prefer-canonical-classes
   53:26  warning  Use canonical class "top" instead of "top:0"    @master/css/prefer-canonical-classes
  130:21  warning  Use canonical class "top" instead of "top:0"    @master/css/prefer-canonical-classes

/Users/aron/master/css/tmp/master-css-bh-isolated-w432vsmh/site/app/[locale]/reference/size/content.mdx
  38:22  warning  Use canonical class "video" instead of "aspect-ratio:16/9"  @master/css/prefer-canonical-classes

/Users/aron/master/css/tmp/master-css-bh-isolated-w432vsmh/site/app/[locale]/reference/text-fill-color/content.mdx
  25:12  warning  Use canonical class "bg-clip-text" instead of "background-clip:text"                                 @master/css/prefer-canonical-classes
  34:25  warning  Use canonical class "text-fill-color:current" instead of "text-fill-color:currentColor"              @master/css/prefer-canonical-classes
  40:44  warning  Use canonical class "text-fill-color:current@print" instead of "text-fill-color:currentColor@print"  @master/css/prefer-canonical-classes
  40:79  warning  Use canonical class "text-fill-color:current@sm" instead of "text-fill-color:currentColor@sm"        @master/css/prefer-canonical-classes

/Users/aron/master/css/tmp/master-css-bh-isolated-w432vsmh/site/app/[locale]/reference/transition-delay/content.mdx
   9:58  warning  Use canonical class "transition-delay:fastest" instead of "transition-delay:75ms"              @master/css/prefer-canonical-classes
  56:13  warning  Use canonical class "transition-delay:fastest:hover" instead of "transition-delay:75ms:hover"  @master/css/prefer-canonical-classes

/Users/aron/master/css/tmp/master-css-bh-isolated-w432vsmh/site/app/[locale]/sponsor/components/Backers.tsx
  28:95  warning  Use canonical class "square" instead of "aspect-ratio:1/1"  @master/css/prefer-canonical-classes

/Users/aron/master/css/tmp/master-css-bh-isolated-w432vsmh/site/app/[locale]/sponsor/components/Donors.tsx
  26:65  warning  Use canonical class "square" instead of "aspect-ratio:1/1"  @master/css/prefer-canonical-classes

✖ 75 problems (0 errors, 75 warnings)
  0 errors and 75 warnings potentially fixable with the `--fix` option.

