[
  {
    "width": 390,
    "search": "PASS",
    "layout": "PASS",
    "navigation": "/reference/padding#syntax-6821fb05e269"
  },
  {
    "width": 768,
    "search": "PASS",
    "layout": "PASS",
    "navigation": "/reference/padding#syntax-6821fb05e269"
  },
  {
    "width": 1280,
    "search": "PASS",
    "layout": "PASS",
    "navigation": "/reference/padding#syntax-6821fb05e269"
  },
  {
    "play": "PASS",
    "checks": "starter CSS + editor changes recompile red→blue"
  },
  {
    "tutorial": "PASS",
    "width": 390,
    "below": 16,
    "above": 24,
    "reset": 16
  },
  {
    "tutorial": "PASS",
    "width": 768,
    "below": 16,
    "above": 24,
    "reset": 16
  },
  {
    "tutorial": "PASS",
    "width": 1280,
    "below": 16,
    "above": 24,
    "reset": 16
  },
  {
    "legacyRedirect": "PASS",
    "locale": "en",
    "slug": "style-declarations",
    "destination": "/reference/rules/declarations#overview"
  },
  {
    "legacyRedirect": "PASS",
    "locale": "en",
    "slug": "state-selectors",
    "destination": "/reference/rules/selectors#overview"
  },
  {
    "legacyRedirect": "PASS",
    "locale": "en",
    "slug": "conditional-queries",
    "destination": "/reference/rules/conditions#overview"
  },
  {
    "legacyRedirect": "PASS",
    "locale": "en",
    "slug": "directives",
    "destination": "/reference/directives/entry#entry-markers"
  },
  {
    "legacyRedirect": "PASS",
    "locale": "tw",
    "slug": "style-declarations",
    "destination": "/reference/rules/declarations#overview"
  },
  {
    "legacyRedirect": "PASS",
    "locale": "tw",
    "slug": "state-selectors",
    "destination": "/reference/rules/selectors#overview"
  },
  {
    "legacyRedirect": "PASS",
    "locale": "tw",
    "slug": "conditional-queries",
    "destination": "/reference/rules/conditions#overview"
  },
  {
    "legacyRedirect": "PASS",
    "locale": "tw",
    "slug": "directives",
    "destination": "/reference/directives/entry#entry-markers"
  },
  {
    "mode": "light",
    "color": "PASS",
    "actual": "lab(100 0 0)",
    "expected": "oklch(1 0 none)",
    "actualRGBA": [
      255,
      255,
      255,
      255
    ],
    "expectedRGBA": [
      255,
      255,
      255,
      255
    ],
    "white": ""
  },
  {
    "mode": "dark",
    "color": "PASS",
    "actual": "lab(11.26 0.00000745058 -0.00000298023)",
    "expected": "lab(11.26 0.00000745058 -0.00000298023)",
    "actualRGBA": [
      30,
      30,
      30,
      255
    ],
    "expectedRGBA": [
      30,
      30,
      30,
      255
    ],
    "white": ""
  }
]
