{"cwd": "/Users/aron/master/css/tmp/master-css-bh-isolated-ajivtpqy/benchmarks", "command": ["node", "/Users/aron/master/css/scripts/with-typescript-tooling-compat.mjs", "node", "--import", "tsx", "/Users/aron/master/css/.ai/audits/bug-hunt/repros/browser-lifecycle-metrics.mts"]}
Browser lifecycle selection: scenarios=initial-load modes=master-runtime variants=1 rounds=1 warmupRounds=0 longSessionMs=1000 traceArtifactMode=off
Launching Chromium for browser lifecycle benchmark
Preparing browser lifecycle page 1/1: initial-load-master-runtime-docs
Prepared browser lifecycle page 1/1: initial-load-master-runtime-docs in 411.3ms
Measuring browser lifecycle 1/1: initial-load-master-runtime-docs, round 1/1
node:internal/modules/run_main:107
    triggerUncaughtException(
    ^

page.waitForFunction: Timeout 30000ms exceeded.
    at waitForBenchmarkReady (/Users/aron/master/css/tmp/master-css-bh-isolated-ajivtpqy/benchmarks/shared/browser-lifecycle-samples.ts:140:14)
    at <anonymous> (/Users/aron/master/css/tmp/master-css-bh-isolated-ajivtpqy/benchmarks/shared/browser-lifecycle-measurement.ts:132:11)
    at async tracePage (/Users/aron/master/css/tmp/master-css-bh-isolated-ajivtpqy/benchmarks/shared/browser-lifecycle-measurement.ts:200:26)
    at async measureLifecycleNavigation (/Users/aron/master/css/tmp/master-css-bh-isolated-ajivtpqy/benchmarks/shared/browser-lifecycle-measurement.ts:129:18)
    at async <anonymous> (/Users/aron/master/css/tmp/master-css-bh-isolated-ajivtpqy/benchmarks/shared/browser-lifecycle-measurement.ts:35:13) {
  log: [],
  name: 'TimeoutError'
}

Node.js v24.20.0
node:internal/modules/run_main:107
    triggerUncaughtException(
    ^

AssertionError [ERR_ASSERTION]: existing initial-load benchmark must finish

1 !== 0

    at <anonymous> (/Users/aron/master/css/.ai/audits/bug-hunt/repros/browser-lifecycle-metrics.mts:13:8)
    at ModuleJob.run (node:internal/modules/esm/module_job:561:25)
    at async node:internal/modules/esm/loader:647:26
    at async asyncRunEntryPointWithESMLoader (node:internal/modules/run_main:101:5) {
  generatedMessage: false,
  code: 'ERR_ASSERTION',
  actual: 1,
  expected: 0,
  operator: 'strictEqual',
  diff: 'simple'
}

Node.js v24.20.0
{"exit_code": 1, "cleanup": "/Users/aron/master/css/tmp/master-css-bh-isolated-ajivtpqy"}
