{"cwd": "/Users/aron/master/css/tmp/master-css-bh-isolated-3w7yj1im/packages/vscode", "command": ["node", "/Users/aron/master/css/.ai/audits/bug-hunt/repros/vscode-settings-host.mjs"]}
ℹ tsdown v0.23.0 powered by rolldown v1.2.7
ℹ config file: /Users/aron/master/css/tmp/master-css-bh-isolated-3w7yj1im/packages/vscode/tsdown.config.ts 
ℹ entry: src/extension.min.ts
ℹ target: node24.0.0
ℹ entry: src/server.min.ts
ℹ target: node24.0.0
ℹ tsconfig: tsconfig.prod.json
ℹ tsconfig: tsconfig.prod.json
ℹ Build start
ℹ dist/extension.min.js  1.46 MB
ℹ 1 files, total: 1.46 MB
✔ Build complete in 286ms
ℹ dist/server.min.js  1.34 MB
ℹ 1 files, total: 1.34 MB
✔ Build complete in 293ms
WARNING: IPC handle "/var/folders/_b/768dhtz56ns54x1r867j67280000gn/T/master-css-audit-vscode-settings-lqDNBh/profile/1.13-main.sock" is longer than 103 chars, try a shorter --user-data-dir
[91m[main 2026-09-08T14:20:31.438Z][0m Error: listen EINVAL: invalid argument /var/folders/_b/768dhtz56ns54x1r867j67280000gn/T/master-css-audit-vscode-settings-lqDNBh/profile/1.13-main.sock
    at Server.setupListenHandle [as _listen2] (node:net:1987:21)
    at listenInCluster (node:net:2066:12)
    at Server.listen (node:net:2188:5)
    at file:///Applications/Visual%20Studio%20Code.app/Contents/Resources/app/out/main.js:440:636
    at new Promise (<anonymous>)
    at Z1 (file:///Applications/Visual%20Studio%20Code.app/Contents/Resources/app/out/main.js:440:587)
    at jx.claimInstance (file:///Applications/Visual%20Studio%20Code.app/Contents/Resources/app/out/main.js:592:57616)
    at file:///Applications/Visual%20Studio%20Code.app/Contents/Resources/app/out/main.js:592:54729
    at i.invokeFunction (file:///Applications/Visual%20Studio%20Code.app/Contents/Resources/app/out/main.js:588:941)
    at jx.startup (file:///Applications/Visual%20Studio%20Code.app/Contents/Resources/app/out/main.js:592:54640)
VS Code settings host exit: 1
node:internal/modules/run_main:107
    triggerUncaughtException(
    ^

AssertionError [ERR_ASSERTION]: Expected values to be strictly equal:

1 !== 0

    at file:///Users/aron/master/css/.ai/audits/bug-hunt/repros/vscode-settings-host.mjs:37:10
    at process.processTicksAndRejections (node:internal/process/task_queues:104:5) {
  generatedMessage: true,
  code: 'ERR_ASSERTION',
  actual: 1,
  expected: 0,
  operator: 'strictEqual',
  diff: 'simple'
}

Node.js v24.20.0
{"exit_code": 1, "cleanup": "/Users/aron/master/css/tmp/master-css-bh-isolated-3w7yj1im"}
