{"cwd": "/Users/aron/master/css/tmp/master-css-bh-isolated-7e_skazg/packages/vscode", "command": ["node", "/Users/aron/master/css/.ai/audits/bug-hunt/repros/vscode-settings-host.mjs"]}
ℹ tsdown v0.23.0 powered by rolldown v1.2.7
ℹ config file: /Users/aron/master/css/tmp/master-css-bh-isolated-7e_skazg/packages/vscode/tsdown.config.ts 
ℹ entry: src/extension.min.ts
ℹ target: node24.0.0
ℹ entry: src/server.min.ts
ℹ target: node24.0.0
ℹ tsconfig: tsconfig.prod.json
ℹ tsconfig: tsconfig.prod.json
ℹ Build start
ℹ dist/extension.min.js  1.46 MB
ℹ 1 files, total: 1.46 MB
✔ Build complete in 317ms
ℹ dist/server.min.js  1.34 MB
ℹ 1 files, total: 1.34 MB
✔ Build complete in 326ms
[90m[main 2026-09-08T14:22:38.326Z][0m StorageMainService: creating application shared storage
[90m[main 2026-09-08T14:22:38.467Z][0m [shared storage] Creating shared storage database at ':memory:' (wasCreated: true)
[90m[main 2026-09-08T14:22:38.468Z][0m [shared storage] Initializing fallback application storage (path: in-memory)
[90m[main 2026-09-08T14:22:38.536Z][0m [shared storage] Fallback application storage initialized with 3 items
[90m[main 2026-09-08T14:22:39.270Z][0m update#setState idle
[AgentHost:renderer] Acquiring MessagePort to agent host...
[ChatModelSelection] event=no-model-at-toolbar-build surface="workbench" sessionKey=undefined conversationKey=undefined modelTarget=undefined storageKey="chat.currentLanguageModel.panel" widgetViewKind="view"
[90m[main 2026-09-08T14:22:39.481Z][0m AgentHostProcessManager: agent host started
[AgentHost:renderer] MessagePort acquired, creating client...
Started local extension host with pid 56248.
[ChatModelSelection] event=no-model-at-toolbar-build surface="workbench" sessionKey="local" conversationKey="vscode-chat-session://local/YWZiMzc2MTEtZjNjNy00ZGNhLWFkODAtN2RmNmZkZTAwOGQ0" modelTarget=undefined storageKey="chat.currentLanguageModel.panel" widgetViewKind="view"
[AccountPolicyGate] apply: state=inactive, reason=undefined, isRestricted=false
Started initializing default profile extensions in extensions installation folder. file:///var/folders/_b/768dhtz56ns54x1r867j67280000gn/T/bh59-WfFz9m/extensions
[ChatModelSelection] event=no-model-at-toolbar-build surface="workbench" sessionKey="local" conversationKey="vscode-chat-session://local/YWZiMzc2MTEtZjNjNy00ZGNhLWFkODAtN2RmNmZkZTAwOGQ0" modelTarget=undefined storageKey="chat.currentLanguageModel.panel" widgetViewKind="view"
[91m[main 2026-09-08T14:22:39.821Z][0m [AgentHost:stderr] (node:56245) [DEP0169] DeprecationWarning: `url.parse()` behavior is not standardized and prone to errors that have security implications. Use the WHATWG URL API instead. CVEs are not issued for `url.parse()` vulnerabilities.
(Use `Code Helper --trace-deprecation ...` to show where the warning was created)

[AgentHost:renderer] Protocol connection established; clientId=f0a69932-4a95-4465-8579-4b84c2a11211
[AgentHost] No token resolved for resource: https://api.github.com
[AgentHost] No token resolved for resource: https://api.github.com
[AgentHost] No token resolved for resource: https://api.github.com
[AgentHost] No token resolved for resource: https://api.github.com
[AgentHost] No token resolved for resource: https://api.github.com
[AgentHost] No token resolved for resource: https://api.github.com
[AgentHost] No token resolved for resource: https://api.github.com
[AgentHost] No token resolved for resource: https://api.github.com
[AgentHost] No token resolved for resource: https://api.github.com
[AgentHost] No token resolved for resource: https://api.github.com
[AgentHost] No token resolved for resource: https://api.github.com
[AgentHost] No token resolved for resource: https://api.github.com
[AgentHost] No token resolved for resource: https://api.github.com
[AgentHost] No token resolved for resource: https://api.github.com
[AgentHost] No token resolved for resource: https://api.github.com
[AgentHost] No token resolved for resource: https://api.github.com
[AgentHost] No token resolved for resource: https://api.github.com
[AgentHost] No token resolved for resource: https://api.github.com
[AgentHost] Clearing authentication for resource: https://api.github.com
[AgentHost] No token resolved for resource: https://api.github.com/repos
[AgentHost] No token resolved for resource: https://api.github.com/repos
[AgentHost] No token resolved for resource: https://api.github.com/repos
[AgentHost] No token resolved for resource: https://api.github.com/repos
[AgentHost] No token resolved for resource: https://api.github.com/repos
[AgentHost] No token resolved for resource: https://api.github.com/repos
[AgentHost] No token resolved for resource: https://api.github.com/repos
[AgentHost] No token resolved for resource: https://api.github.com/repos
[AgentHost] No token resolved for resource: https://api.github.com/repos
[AgentHost] No token resolved for resource: https://api.github.com/repos
[AgentHost] No token resolved for resource: https://api.github.com/repos
[AgentHost] No token resolved for resource: https://api.github.com/repos
[AgentHost] No token resolved for resource: https://api.github.com/repos
[AgentHost] No token resolved for resource: https://api.github.com/repos
[AgentHost] No token resolved for resource: https://api.github.com/repos
[AgentHost] No token resolved for resource: https://api.github.com/repos
[AgentHost] No token resolved for resource: https://api.github.com/repos
[AgentHost] No token resolved for resource: https://api.github.com/repos
[AgentHost] No token resolved for resource: https://api.github.com
[AgentHost] No token resolved for resource: https://api.github.com/repos
[AgentHost] Clearing authentication for resource: https://api.github.com/repos
[AgentHost] No token resolved for resource: https://api.github.com
[AgentHost] No token resolved for resource: https://api.github.com
[AgentHost] No token resolved for resource: https://api.github.com
[AgentHost] No token resolved for resource: https://api.github.com
[AgentHost] No token resolved for resource: https://api.github.com
[AgentHost] No token resolved for resource: https://api.github.com
[AgentHost] No token resolved for resource: https://api.github.com
[AgentHost] No token resolved for resource: https://api.github.com
[AgentHost] No token resolved for resource: https://api.github.com
[AgentHost] No token resolved for resource: https://api.github.com
[AgentHost] No token resolved for resource: https://api.github.com
[AgentHost] No token resolved for resource: https://api.github.com
[AgentHost] No token resolved for resource: https://api.github.com
[AgentHost] No token resolved for resource: https://api.github.com
[AgentHost] No token resolved for resource: https://api.github.com
[AgentHost] No token resolved for resource: https://api.github.com
[AgentHost] No token resolved for resource: https://api.github.com
[AgentHost] No token resolved for resource: https://api.github.com
[AgentHost] No token resolved for resource: https://api.github.com
[AgentHost] No token resolved for resource: https://api.github.com/repos
[AgentHost] No token resolved for resource: https://api.github.com/repos
[AgentHost] No token resolved for resource: https://api.github.com/repos
[AgentHost] No token resolved for resource: https://api.github.com/repos
[AgentHost] No token resolved for resource: https://api.github.com/repos
[AgentHost] No token resolved for resource: https://api.github.com/repos
[AgentHost] No token resolved for resource: https://api.github.com/repos
[AgentHost] No token resolved for resource: https://api.github.com/repos
[AgentHost] No token resolved for resource: https://api.github.com/repos
[AgentHost] No token resolved for resource: https://api.github.com/repos
[AgentHost] No token resolved for resource: https://api.github.com/repos
[AgentHost] No token resolved for resource: https://api.github.com/repos
[AgentHost] No token resolved for resource: https://api.github.com/repos
[AgentHost] No token resolved for resource: https://api.github.com/repos
[AgentHost] No token resolved for resource: https://api.github.com/repos
[AgentHost] No token resolved for resource: https://api.github.com/repos
[AgentHost] No token resolved for resource: https://api.github.com/repos
[AgentHost] No token resolved for resource: https://api.github.com/repos
[AgentHost] No token resolved for resource: https://api.github.com/repos
Completed initializing default profile extensions in extensions installation folder. file:///var/folders/_b/768dhtz56ns54x1r867j67280000gn/T/bh59-WfFz9m/extensions
Loading development extension at /var/folders/_b/768dhtz56ns54x1r867j67280000gn/T/bh59-WfFz9m/darwin-arm64
(node:55887) [DEP0169] DeprecationWarning: `url.parse()` behavior is not standardized and prone to errors that have security implications. Use the WHATWG URL API instead. CVEs are not issued for `url.parse()` vulnerabilities.
(Use `Code --trace-deprecation ...` to show where the warning was created)
Settings Sync: Account status changed from uninitialized to unavailable
[Master CSS] Using bundled language server because /var/folders/_b/768dhtz56ns54x1r867j67280000gn/T/bh59-WfFz9m/workspace does not resolve @master/css-language-server/server.
[Master CSS] MasterCSSWorkspace package resolution warning for @master/css: Cannot find module '@master/css'
Require stack:
- /var/folders/_b/768dhtz56ns54x1r867j67280000gn/T/bh59-WfFz9m/workspace/package.json
[Master CSS] Loading server from /var/folders/_b/768dhtz56ns54x1r867j67280000gn/T/bh59-WfFz9m/darwin-arm64/dist/server.min.js
[ChatModelSelection] event=no-model-at-toolbar-build surface="workbench" sessionKey="local" conversationKey="vscode-chat-session://local/YWZiMzc2MTEtZjNjNy00ZGNhLWFkODAtN2RmNmZkZTAwOGQ0" modelTarget=undefined storageKey="chat.currentLanguageModel.panel" widgetViewKind="view"
Unknown channel: agentHostClientByokLm
Unknown channel: agentHostClientProxy
Unknown channel: agentHostClientProxy
(node:56248) [DEP0169] DeprecationWarning: `url.parse()` behavior is not standardized and prone to errors that have security implications. Use the WHATWG URL API instead. CVEs are not issued for `url.parse()` vulnerabilities.
(Use `Code Helper (Plugin) --trace-deprecation ...` to show where the warning was created)
Unknown channel: agentHostClientProxy
rejected promise not handled within 1 second: Error: command 'eslint.restart' not found
stack trace: Error: command 'eslint.restart' not found
    at Ggt._tryExecuteCommand (vscode-file://vscode-app/Applications/Visual%20Studio%20Code.app/Contents/Resources/app/out/vs/workbench/workbench.desktop.main.js:2003:4832)
    at Ggt.executeCommand (vscode-file://vscode-app/Applications/Visual%20Studio%20Code.app/Contents/Resources/app/out/vs/workbench/workbench.desktop.main.js:2003:4732)
command 'eslint.restart' not found
[AccountPolicyGate] apply: state=inactive, reason=undefined, isRestricted=false
Error: tokens after always: [0,12,2,2,0,0,2,1,9,4096,0,1,3,1,0,0,4,5,1,0,0,5,1,9,4194848,0,1,5,8,32]
	at poll (/Users/aron/master/css/.ai/audits/bug-hunt/repros/vscode-settings-host.cjs:19:11)
	at async Object.run (/Users/aron/master/css/.ai/audits/bug-hunt/repros/vscode-settings-host.cjs:44:20)
[90m[main 2026-09-08T14:22:57.161Z][0m Extension host with pid 56248 exited with code: 0, signal: unknown.
VS Code settings host exit: 1
node:internal/modules/run_main:107
    triggerUncaughtException(
    ^

AssertionError [ERR_ASSERTION]: Expected values to be strictly equal:

1 !== 0

    at file:///Users/aron/master/css/.ai/audits/bug-hunt/repros/vscode-settings-host.mjs:37:10
    at process.processTicksAndRejections (node:internal/process/task_queues:104:5) {
  generatedMessage: true,
  code: 'ERR_ASSERTION',
  actual: 1,
  expected: 0,
  operator: 'strictEqual',
  diff: 'simple'
}

Node.js v24.20.0
{"exit_code": 1, "cleanup": "/Users/aron/master/css/tmp/master-css-bh-isolated-7e_skazg"}
