{"cwd": "/Users/aron/master/css/tmp/master-css-bh-isolated-_k9cafcn/packages/vscode", "command": ["node", "/Users/aron/master/css/.ai/audits/bug-hunt/repros/vscode-settings-host.mjs"]}
ℹ tsdown v0.23.0 powered by rolldown v1.2.7
ℹ config file: /Users/aron/master/css/tmp/master-css-bh-isolated-_k9cafcn/packages/vscode/tsdown.config.ts 
ℹ entry: src/server.min.ts
ℹ target: node24.0.0
ℹ entry: src/extension.min.ts
ℹ target: node24.0.0
ℹ tsconfig: tsconfig.prod.json
ℹ tsconfig: tsconfig.prod.json
ℹ Build start
ℹ dist/extension.min.js  1.46 MB
ℹ 1 files, total: 1.46 MB
✔ Build complete in 272ms
ℹ dist/server.min.js  1.34 MB
ℹ 1 files, total: 1.34 MB
✔ Build complete in 277ms
[90m[main 2026-09-08T14:23:30.105Z][0m StorageMainService: creating application shared storage
[90m[main 2026-09-08T14:23:30.216Z][0m [shared storage] Creating shared storage database at ':memory:' (wasCreated: true)
[90m[main 2026-09-08T14:23:30.216Z][0m [shared storage] Initializing fallback application storage (path: in-memory)
[90m[main 2026-09-08T14:23:30.285Z][0m [shared storage] Fallback application storage initialized with 3 items
[90m[main 2026-09-08T14:23:30.908Z][0m update#setState idle
[AgentHost:renderer] Acquiring MessagePort to agent host...
[ChatModelSelection] event=no-model-at-toolbar-build surface="workbench" sessionKey=undefined conversationKey=undefined modelTarget=undefined storageKey="chat.currentLanguageModel.panel" widgetViewKind="view"
[90m[main 2026-09-08T14:23:31.098Z][0m AgentHostProcessManager: agent host started
[AgentHost:renderer] MessagePort acquired, creating client...
Started local extension host with pid 57083.
[ChatModelSelection] event=no-model-at-toolbar-build surface="workbench" sessionKey="local" conversationKey="vscode-chat-session://local/YWFmMjA3MTEtOTVlYS00YzliLTkzNGMtZDQ5ZjVkMjExMzJk" modelTarget=undefined storageKey="chat.currentLanguageModel.panel" widgetViewKind="view"
Started initializing default profile extensions in extensions installation folder. file:///var/folders/_b/768dhtz56ns54x1r867j67280000gn/T/bh59-HH5TOI/extensions
[AccountPolicyGate] apply: state=inactive, reason=undefined, isRestricted=false
[91m[main 2026-09-08T14:23:31.365Z][0m [AgentHost:stderr] (node:57080) [DEP0169] DeprecationWarning: `url.parse()` behavior is not standardized and prone to errors that have security implications. Use the WHATWG URL API instead. CVEs are not issued for `url.parse()` vulnerabilities.
(Use `Code Helper --trace-deprecation ...` to show where the warning was created)

[ChatModelSelection] event=no-model-at-toolbar-build surface="workbench" sessionKey="local" conversationKey="vscode-chat-session://local/YWFmMjA3MTEtOTVlYS00YzliLTkzNGMtZDQ5ZjVkMjExMzJk" modelTarget=undefined storageKey="chat.currentLanguageModel.panel" widgetViewKind="view"
[AgentHost:renderer] Protocol connection established; clientId=2fd88327-8773-4eff-bc97-4692924ae1fa
[AgentHost] No token resolved for resource: https://api.github.com
[AgentHost] No token resolved for resource: https://api.github.com
Completed initializing default profile extensions in extensions installation folder. file:///var/folders/_b/768dhtz56ns54x1r867j67280000gn/T/bh59-HH5TOI/extensions
[AgentHost] No token resolved for resource: https://api.github.com
[AgentHost] No token resolved for resource: https://api.github.com
[AgentHost] No token resolved for resource: https://api.github.com
[AgentHost] No token resolved for resource: https://api.github.com
[AgentHost] No token resolved for resource: https://api.github.com
[AgentHost] No token resolved for resource: https://api.github.com
[AgentHost] No token resolved for resource: https://api.github.com
[AgentHost] No token resolved for resource: https://api.github.com
[AgentHost] No token resolved for resource: https://api.github.com
[AgentHost] No token resolved for resource: https://api.github.com
[AgentHost] No token resolved for resource: https://api.github.com
[AgentHost] No token resolved for resource: https://api.github.com
[AgentHost] No token resolved for resource: https://api.github.com
[AgentHost] No token resolved for resource: https://api.github.com
[AgentHost] No token resolved for resource: https://api.github.com
[AgentHost] No token resolved for resource: https://api.github.com
[AgentHost] Clearing authentication for resource: https://api.github.com
[AgentHost] No token resolved for resource: https://api.github.com/repos
[AgentHost] No token resolved for resource: https://api.github.com/repos
[AgentHost] No token resolved for resource: https://api.github.com/repos
[AgentHost] No token resolved for resource: https://api.github.com/repos
[AgentHost] No token resolved for resource: https://api.github.com/repos
[AgentHost] No token resolved for resource: https://api.github.com/repos
[AgentHost] No token resolved for resource: https://api.github.com/repos
[AgentHost] No token resolved for resource: https://api.github.com/repos
[AgentHost] No token resolved for resource: https://api.github.com/repos
[AgentHost] No token resolved for resource: https://api.github.com/repos
[AgentHost] No token resolved for resource: https://api.github.com/repos
[AgentHost] No token resolved for resource: https://api.github.com/repos
[AgentHost] No token resolved for resource: https://api.github.com/repos
[AgentHost] No token resolved for resource: https://api.github.com/repos
[AgentHost] No token resolved for resource: https://api.github.com/repos
[AgentHost] No token resolved for resource: https://api.github.com/repos
[AgentHost] No token resolved for resource: https://api.github.com/repos
[AgentHost] No token resolved for resource: https://api.github.com/repos
[AgentHost] No token resolved for resource: https://api.github.com
[AgentHost] No token resolved for resource: https://api.github.com/repos
[AgentHost] Clearing authentication for resource: https://api.github.com/repos
[AgentHost] No token resolved for resource: https://api.github.com
[AgentHost] No token resolved for resource: https://api.github.com
[AgentHost] No token resolved for resource: https://api.github.com
[AgentHost] No token resolved for resource: https://api.github.com
[AgentHost] No token resolved for resource: https://api.github.com
[AgentHost] No token resolved for resource: https://api.github.com
[AgentHost] No token resolved for resource: https://api.github.com
[AgentHost] No token resolved for resource: https://api.github.com
[AgentHost] No token resolved for resource: https://api.github.com
[AgentHost] No token resolved for resource: https://api.github.com
[AgentHost] No token resolved for resource: https://api.github.com
[AgentHost] No token resolved for resource: https://api.github.com
[AgentHost] No token resolved for resource: https://api.github.com
[AgentHost] No token resolved for resource: https://api.github.com
[AgentHost] No token resolved for resource: https://api.github.com
[AgentHost] No token resolved for resource: https://api.github.com
[AgentHost] No token resolved for resource: https://api.github.com
[AgentHost] No token resolved for resource: https://api.github.com
[AgentHost] No token resolved for resource: https://api.github.com
[AgentHost] No token resolved for resource: https://api.github.com/repos
[AgentHost] No token resolved for resource: https://api.github.com/repos
[AgentHost] No token resolved for resource: https://api.github.com/repos
[AgentHost] No token resolved for resource: https://api.github.com/repos
[AgentHost] No token resolved for resource: https://api.github.com/repos
[AgentHost] No token resolved for resource: https://api.github.com/repos
[AgentHost] No token resolved for resource: https://api.github.com/repos
[AgentHost] No token resolved for resource: https://api.github.com/repos
[AgentHost] No token resolved for resource: https://api.github.com/repos
[AgentHost] No token resolved for resource: https://api.github.com/repos
[AgentHost] No token resolved for resource: https://api.github.com/repos
[AgentHost] No token resolved for resource: https://api.github.com/repos
[AgentHost] No token resolved for resource: https://api.github.com/repos
[AgentHost] No token resolved for resource: https://api.github.com/repos
[AgentHost] No token resolved for resource: https://api.github.com/repos
[AgentHost] No token resolved for resource: https://api.github.com/repos
[AgentHost] No token resolved for resource: https://api.github.com/repos
[AgentHost] No token resolved for resource: https://api.github.com/repos
[AgentHost] No token resolved for resource: https://api.github.com/repos
Loading development extension at /var/folders/_b/768dhtz56ns54x1r867j67280000gn/T/bh59-HH5TOI/darwin-arm64
(node:56721) [DEP0169] DeprecationWarning: `url.parse()` behavior is not standardized and prone to errors that have security implications. Use the WHATWG URL API instead. CVEs are not issued for `url.parse()` vulnerabilities.
(Use `Code --trace-deprecation ...` to show where the warning was created)
Settings Sync: Account status changed from uninitialized to unavailable
[Master CSS] Using bundled language server because /var/folders/_b/768dhtz56ns54x1r867j67280000gn/T/bh59-HH5TOI/workspace does not resolve @master/css-language-server/server.
[Master CSS] MasterCSSWorkspace package resolution warning for @master/css: Cannot find module '@master/css'
Require stack:
- /var/folders/_b/768dhtz56ns54x1r867j67280000gn/T/bh59-HH5TOI/workspace/package.json
[Master CSS] Loading server from /var/folders/_b/768dhtz56ns54x1r867j67280000gn/T/bh59-HH5TOI/darwin-arm64/dist/server.min.js
[ChatModelSelection] event=no-model-at-toolbar-build surface="workbench" sessionKey="local" conversationKey="vscode-chat-session://local/YWFmMjA3MTEtOTVlYS00YzliLTkzNGMtZDQ5ZjVkMjExMzJk" modelTarget=undefined storageKey="chat.currentLanguageModel.panel" widgetViewKind="view"
Unknown channel: agentHostClientByokLm
Unknown channel: agentHostClientProxy
Unknown channel: agentHostClientProxy
(node:57083) [DEP0169] DeprecationWarning: `url.parse()` behavior is not standardized and prone to errors that have security implications. Use the WHATWG URL API instead. CVEs are not issued for `url.parse()` vulnerabilities.
(Use `Code Helper (Plugin) --trace-deprecation ...` to show where the warning was created)
rejected promise not handled within 1 second: Error: command 'eslint.restart' not found
stack trace: Error: command 'eslint.restart' not found
    at Ggt._tryExecuteCommand (vscode-file://vscode-app/Applications/Visual%20Studio%20Code.app/Contents/Resources/app/out/vs/workbench/workbench.desktop.main.js:2003:4832)
    at Ggt.executeCommand (vscode-file://vscode-app/Applications/Visual%20Studio%20Code.app/Contents/Resources/app/out/vs/workbench/workbench.desktop.main.js:2003:4732)
command 'eslint.restart' not found
Unknown channel: agentHostClientProxy
rejected promise not handled within 1 second: Error: command 'eslint.restart' not found
stack trace: Error: command 'eslint.restart' not found
    at Ggt._tryExecuteCommand (vscode-file://vscode-app/Applications/Visual%20Studio%20Code.app/Contents/Resources/app/out/vs/workbench/workbench.desktop.main.js:2003:4832)
    at Ggt.executeCommand (vscode-file://vscode-app/Applications/Visual%20Studio%20Code.app/Contents/Resources/app/out/vs/workbench/workbench.desktop.main.js:2003:4732)
rejected promise not handled within 1 second: Error: command 'eslint.restart' not found
stack trace: Error: command 'eslint.restart' not found
    at Ggt._tryExecuteCommand (vscode-file://vscode-app/Applications/Visual%20Studio%20Code.app/Contents/Resources/app/out/vs/workbench/workbench.desktop.main.js:2003:4832)
    at Ggt.executeCommand (vscode-file://vscode-app/Applications/Visual%20Studio%20Code.app/Contents/Resources/app/out/vs/workbench/workbench.desktop.main.js:2003:4732)
command 'eslint.restart' not found
[90m[main 2026-09-08T14:23:36.429Z][0m Extension host with pid 57083 exited with code: 0, signal: unknown.
VS Code settings host exit: 0
{"exit_code": 0, "cleanup": "/Users/aron/master/css/tmp/master-css-bh-isolated-_k9cafcn"}
