{"cwd": "/Users/aron/master/css/tmp/master-css-bh-isolated-h9s9_oz4/packages/nuxt", "command": ["node", "/Users/aron/master/css/scripts/with-typescript-tooling-compat.mjs", "node", "/Users/aron/master/css/.ai/audits/bug-hunt/repros/nuxt-dev-hmr.mjs"]}
│
◆  Types generated in .nuxt.
│
●  Nuxt 4.5.2 (with Nitro 2.13.4, Vite 8.2.2 and Vue 3.5.42)

  ➜ Local:    http://127.0.0.1:59644/
  ➜ Network:  use --host to expose

✔ Vite client built in 26ms
✔ Vite server built in 15ms
[nitro] ✔ Nuxt Nitro server built in 395ms
ℹ Vite server warmed up in 6ms
ℹ Vite client warmed up in 13ms

node:internal/modules/run_main:107
    triggerUncaughtException(
    ^

AssertionError [ERR_ASSERTION]: Expected values to be strictly equal:
+ actual - expected

+ 'rgb(0, 0, 0)'
- 'rgb(18, 52, 86)'
       ^

    at file:///Users/aron/master/css/.ai/audits/bug-hunt/repros/nuxt-dev-hmr.mjs:70:10 {
  generatedMessage: true,
  code: 'ERR_ASSERTION',
  actual: 'rgb(0, 0, 0)',
  expected: 'rgb(18, 52, 86)',
  operator: 'strictEqual',
  diff: 'simple'
}

Node.js v24.20.0
{"exit_code": 1, "cleanup": "/Users/aron/master/css/tmp/master-css-bh-isolated-h9s9_oz4"}
