{"cwd": "/Users/aron/master/css/tmp/master-css-bh-isolated-bdl4uvrq/packages/nuxt", "command": ["node", "/Users/aron/master/css/scripts/with-typescript-tooling-compat.mjs", "node", "/Users/aron/master/css/.ai/audits/bug-hunt/repros/nuxt-dev-hmr.mjs"]}
│
◆  Types generated in .nuxt.
{"complete":true,"stages":8,"navigations":8}
│
●  Nuxt 4.5.2 (with Nitro 2.13.4, Vite 8.2.2 and Vue 3.5.42)

  ➜ Local:    http://127.0.0.1:59997/
  ➜ Network:  use --host to expose

✔ Vite client built in 24ms
✔ Vite server built in 14ms
[nitro] ✔ Nuxt Nitro server built in 374ms
ℹ Vite server warmed up in 6ms
ℹ Vite client warmed up in 14ms
ℹ hmr update /app.vue
ℹ page reload app.css
✔ Vite server hmr 12 files in 2.349ms
ℹ hmr update /app.vue
ℹ page reload app.css
✔ Vite server hmr 12 files in 1.917ms
ℹ hmr update /app.vue
ℹ page reload app.css
✔ Vite server hmr 12 files in 1.631ms
✔ Vite server hmr 11 files in 0.249ms

{"exit_code": 0, "cleanup": "/Users/aron/master/css/tmp/master-css-bh-isolated-bdl4uvrq"}
