{"cwd": "/Users/aron/master/css/tmp/master-css-bh-isolated-i1zb1rdw/examples/next.js", "command": ["node", "/Users/aron/master/css/scripts/with-typescript-tooling-compat.mjs", "node", "/Users/aron/master/css/.ai/audits/bug-hunt/repros/ssr-example.mjs", "next"]}
$ next build
▲ Next.js 16.3.4 (Turbopack)
✓ Running next.config.ts took 121ms

  Creating an optimized production build ...
✓ Compiled successfully in 2.8s
  Running TypeScript ...
  Finished TypeScript in 176ms ...
  Collecting page data using 6 workers ...
  Generating static pages using 6 workers (0/5) ...
  Generating static pages using 6 workers (1/5) 
  Generating static pages using 6 workers (2/5) 
  Generating static pages using 6 workers (3/5) 
✓ Generating static pages using 6 workers (5/5) in 264ms
  Finalizing page optimization ...
  Running onBuildComplete from @master/css-next

Route (app)
┌ ○ /
├ ○ /_not-found
└ ƒ /api/hello


○  (Static)   prerendered as static content
ƒ  (Dynamic)  server-rendered on demand

{"kind":"next","htmlBytes":14469,"hasMasterStyle":true}
{"browser":"firefox","version":"155.0"}
{"kind":"runtime","title":"Create Next App","heading":"Docs ->","errors":[]}
{"browser":"webkit","version":"26.6"}
{"kind":"runtime","title":"Create Next App","heading":"Docs ->","errors":[]}
{"kind":"next","results":[{"browser":"firefox","exit":0},{"browser":"webkit","exit":0}]}
▲ Next.js 16.3.4
- Local:         http://localhost:60272
- Network:       http://10.0.0.168:60272
✓ Ready in 95ms
✓ Running next.config.ts took 92ms

{"exit_code": 0, "cleanup": "/Users/aron/master/css/tmp/master-css-bh-isolated-i1zb1rdw"}
