{"cwd": "/Users/aron/master/css/tmp/master-css-bh-isolated-c1fc3e5c/examples/svelte", "command": ["node", "/Users/aron/master/css/scripts/with-typescript-tooling-compat.mjs", "node", "/Users/aron/master/css/.ai/audits/bug-hunt/repros/ssr-example.mjs", "svelte"]}
$ vite build
vite v8.2.2 building ssr environment for production...
transforming...
✓ 251 modules transformed.
rendering chunks...
vite v8.2.2 building client environment for production...
transforming...
✓ 201 modules transformed.
rendering chunks...
computing gzip size...
.svelte-kit/output/client/_app/version.json                                                         0.02 kB │ gzip:  0.04 kB
.svelte-kit/output/client/_app/immutable/assets/fira-mono-symbols2-400-normal.CpeG9ob9.woff         4.46 kB
.svelte-kit/output/client/_app/immutable/assets/fira-mono-symbols2-400-normal.C6JptOil.woff2        5.03 kB
.svelte-kit/output/client/_app/immutable/assets/fira-mono-greek-ext-400-normal.BQ5yw6bY.woff        6.62 kB
.svelte-kit/output/client/_app/immutable/assets/fira-mono-cyrillic-400-normal.DUd3efVn.woff         7.43 kB
.svelte-kit/output/client/_app/immutable/assets/fira-mono-greek-ext-400-normal.Be4g_LSk.woff2       7.55 kB
.svelte-kit/output/client/_app/immutable/assets/fira-mono-greek-400-normal.B_0AmgK7.woff            8.48 kB
.svelte-kit/output/client/_app/immutable/assets/fira-mono-cyrillic-400-normal.BJkDdjbt.woff2        9.32 kB
.svelte-kit/output/client/_app/immutable/assets/fira-mono-latin-ext-400-normal.CbD3vWRE.woff        9.88 kB
.svelte-kit/output/client/_app/immutable/assets/fira-mono-greek-400-normal.ftNhKy_S.woff2          10.52 kB
.svelte-kit/output/client/.vite/manifest.json                                                      10.97 kB │ gzip:  1.22 kB
.svelte-kit/output/client/_app/immutable/assets/fira-mono-latin-ext-400-normal.B2gPvaNr.woff2      11.93 kB
.svelte-kit/output/client/_app/immutable/assets/fira-mono-cyrillic-ext-400-normal.Co4MVjrD.woff    12.92 kB
.svelte-kit/output/client/_app/immutable/assets/fira-mono-latin-400-normal.C3FQ26ho.woff           13.96 kB
.svelte-kit/output/client/_app/immutable/assets/fira-mono-cyrillic-ext-400-normal.FAIU8e3o.woff2   15.78 kB
.svelte-kit/output/client/_app/immutable/assets/fira-mono-latin-400-normal.DVTTRLHv.woff2          16.64 kB
.svelte-kit/output/client/_app/immutable/assets/svelte-welcome.0pIiHnVF.webp                      115.47 kB
.svelte-kit/output/client/_app/immutable/assets/svelte-welcome.VNiyy3gC.png                       360.80 kB
.svelte-kit/output/client/_app/immutable/assets/5.BnGyft5K.css                                      0.72 kB │ gzip:  0.35 kB
.svelte-kit/output/client/_app/immutable/assets/2.hTMEYT8G.css                                      1.35 kB │ gzip:  0.50 kB
.svelte-kit/output/client/_app/immutable/assets/4.CyW4EkWI.css                                      3.66 kB │ gzip:  1.06 kB
.svelte-kit/output/client/_app/immutable/assets/0.BYhVjW7F.css                                      8.82 kB │ gzip:  2.90 kB
.svelte-kit/output/client/_app/immutable/chunks/CMxV5Dxx.js                                         0.03 kB │ gzip:  0.05 kB
.svelte-kit/output/client/_app/immutable/chunks/xihTtKlq.js                                         0.06 kB │ gzip:  0.08 kB
.svelte-kit/output/client/_app/immutable/entry/start.Bn79tSOD.js                                    0.08 kB │ gzip:  0.09 kB
.svelte-kit/output/client/_app/immutable/nodes/1.zAhkHU-7.js                                        0.57 kB │ gzip:  0.32 kB
.svelte-kit/output/client/_app/immutable/nodes/3.CWVWYnFT.js                                        1.02 kB │ gzip:  0.63 kB
.svelte-kit/output/client/_app/immutable/chunks/Bjy-W4x2.js                                         1.36 kB │ gzip:  0.65 kB
.svelte-kit/output/client/_app/immutable/nodes/5.CqsvqGk4.js                                        1.80 kB │ gzip:  0.77 kB
.svelte-kit/output/client/_app/immutable/nodes/2.CHX_GKoq.js                                        3.60 kB │ gzip:  1.82 kB
.svelte-kit/output/client/_app/immutable/entry/app.DtlpuilL.js                                      4.48 kB │ gzip:  2.02 kB
.svelte-kit/output/client/_app/immutable/nodes/0.B_Zb1TAL.js                                        6.28 kB │ gzip:  2.69 kB
.svelte-kit/output/client/_app/immutable/nodes/4.6w1Fl5ap.js                                        9.85 kB │ gzip:  4.58 kB
.svelte-kit/output/client/_app/immutable/chunks/DvbGyBpZ.js                                        35.92 kB │ gzip: 13.43 kB
.svelte-kit/output/client/_app/immutable/chunks/ChvHPmKs.js                                        47.91 kB │ gzip: 18.47 kB

✓ built in 1.51s
computing gzip size...
.svelte-kit/output/server/_app/immutable/assets/fira-mono-symbols2-400-normal.CpeG9ob9.woff         4.46 kB
.svelte-kit/output/server/_app/immutable/assets/fira-mono-symbols2-400-normal.C6JptOil.woff2        5.03 kB
.svelte-kit/output/server/_app/immutable/assets/fira-mono-greek-ext-400-normal.BQ5yw6bY.woff        6.62 kB
.svelte-kit/output/server/_app/immutable/assets/fira-mono-cyrillic-400-normal.DUd3efVn.woff         7.43 kB
.svelte-kit/output/server/_app/immutable/assets/fira-mono-greek-ext-400-normal.Be4g_LSk.woff2       7.55 kB
.svelte-kit/output/server/_app/immutable/assets/fira-mono-greek-400-normal.B_0AmgK7.woff            8.48 kB
.svelte-kit/output/server/_app/immutable/assets/fira-mono-cyrillic-400-normal.BJkDdjbt.woff2        9.32 kB
.svelte-kit/output/server/_app/immutable/assets/fira-mono-latin-ext-400-normal.CbD3vWRE.woff        9.88 kB
.svelte-kit/output/server/_app/immutable/assets/fira-mono-greek-400-normal.ftNhKy_S.woff2          10.52 kB
.svelte-kit/output/server/_app/immutable/assets/fira-mono-latin-ext-400-normal.B2gPvaNr.woff2      11.93 kB
.svelte-kit/output/server/_app/immutable/assets/fira-mono-cyrillic-ext-400-normal.Co4MVjrD.woff    12.92 kB
.svelte-kit/output/server/.vite/manifest.json                                                      13.36 kB │ gzip:  1.44 kB
.svelte-kit/output/server/_app/immutable/assets/fira-mono-latin-400-normal.C3FQ26ho.woff           13.96 kB
.svelte-kit/output/server/_app/immutable/assets/fira-mono-cyrillic-ext-400-normal.FAIU8e3o.woff2   15.78 kB
.svelte-kit/output/server/_app/immutable/assets/fira-mono-latin-400-normal.DVTTRLHv.woff2          16.64 kB
.svelte-kit/output/server/_app/immutable/assets/svelte-welcome.0pIiHnVF.webp                      115.47 kB
.svelte-kit/output/server/_app/immutable/assets/master-css-manifest.DnUvY66m.json                 120.83 kB │ gzip: 15.96 kB
.svelte-kit/output/server/_app/immutable/assets/svelte-welcome.VNiyy3gC.png                       360.80 kB
.svelte-kit/output/server/_app/immutable/assets/_page.BnGyft5K.css                                  0.72 kB │ gzip:  0.35 kB
.svelte-kit/output/server/_app/immutable/assets/_page.DPxXPihb.css                                  1.32 kB │ gzip:  0.49 kB
.svelte-kit/output/server/_app/immutable/assets/_page.CyW4EkWI.css                                  3.66 kB │ gzip:  1.06 kB
.svelte-kit/output/server/_app/immutable/assets/_layout.BYhVjW7F.css                                8.82 kB │ gzip:  2.90 kB
.svelte-kit/output/server/entries/pages/_page.ts.js                                                 0.08 kB │ gzip:  0.09 kB
.svelte-kit/output/server/entries/pages/about/_page.ts.js                                           0.11 kB │ gzip:  0.11 kB
.svelte-kit/output/server/entries/pages/sverdle/how-to-play/_page.ts.js                             0.12 kB │ gzip:  0.12 kB
.svelte-kit/output/server/env.js                                                                    0.22 kB │ gzip:  0.14 kB
.svelte-kit/output/server/chunks/env.js                                                             0.28 kB │ gzip:  0.17 kB
.svelte-kit/output/server/internal.js                                                               0.40 kB │ gzip:  0.19 kB
.svelte-kit/output/server/entries/pages/about/_page.svelte.js                                       1.05 kB │ gzip:  0.60 kB
.svelte-kit/output/server/chunks/internal2.js                                                       1.17 kB │ gzip:  0.48 kB
.svelte-kit/output/server/entries/pages/sverdle/how-to-play/_page.svelte.js                         1.84 kB │ gzip:  0.74 kB
.svelte-kit/output/server/chunks/client.js                                                          3.04 kB │ gzip:  1.18 kB
.svelte-kit/output/server/entries/fallbacks/error.svelte.js                                         3.22 kB │ gzip:  1.26 kB
.svelte-kit/output/server/entries/hooks.server.js                                                   5.05 kB │ gzip:  1.92 kB
.svelte-kit/output/server/entries/pages/sverdle/_page.svelte.js                                     6.27 kB │ gzip:  2.06 kB
.svelte-kit/output/server/entries/pages/_layout.svelte.js                                           8.03 kB │ gzip:  3.20 kB
.svelte-kit/output/server/entries/pages/_page.svelte.js                                             8.49 kB │ gzip:  3.01 kB
.svelte-kit/output/server/chunks/exports.js                                                         9.62 kB │ gzip:  3.07 kB
.svelte-kit/output/server/chunks/internal.js                                                       13.13 kB │ gzip:  4.44 kB
.svelte-kit/output/server/chunks/uneval.js                                                         17.28 kB │ gzip:  4.78 kB
.svelte-kit/output/server/chunks/legacy-client.js                                                  29.38 kB │ gzip:  8.08 kB
.svelte-kit/output/server/chunks/shared.js                                                         30.05 kB │ gzip:  8.08 kB
.svelte-kit/output/server/chunks/utils.js                                                          37.51 kB │ gzip: 10.85 kB
.svelte-kit/output/server/remote-entry.js                                                          55.53 kB │ gzip: 12.14 kB
.svelte-kit/output/server/chunks/server.js                                                        126.55 kB │ gzip: 32.74 kB
.svelte-kit/output/server/entries/pages/sverdle/_page.server.ts.js                                133.10 kB │ gzip: 40.74 kB
.svelte-kit/output/server/index.js                                                                135.04 kB │ gzip: 33.72 kB

✓ built in 6.45s

Run npm run preview to preview your production build locally.

> Using @sveltejs/adapter-vercel
  ✔ done
[33m[PLUGIN_TIMINGS] [0mPlugin hooks ran for 7.0s. The build took 6.4s. Hooks such as `closeBundle` run after the build ends, so hook time can be more than build time.
The slowest hooks, timed inside each callback (the wait before a callback starts is excluded, the time it awaits is included):
  - vite-plugin-sveltekit-compile writeBundle (45%, 2.9s, 1 call)
  - master-css:usage-graph transform (19%, 1.2s, 251 calls)
  - master-css:style-entry:build generateBundle (19%, 1.2s, 1 call)
Additional hook time came from the hooks below and from hooks under 1s.
3 hooks are listed without a time. Their calls overlapped, so the time inside one call includes work from other calls. To find their cost, profile the build with `node --cpu-prof`:
  - vite-plugin-sveltekit-guard resolveId (1043 calls)
  - vite-plugin-svelte:preprocess transform (9 calls)
  - vite:asset load (4 calls)
See https://rolldown.rs/reference/InputOptions.checks#plugintimings for more details.

{"kind":"svelte","htmlBytes":9877,"hasMasterStyle":true}
{"browser":"firefox","version":"155.0"}
{"kind":"runtime","title":"Svelte Kit + Master CSS","heading":"Svelte Kit and Master CSS","errors":[]}
{"browser":"webkit","version":"26.6"}
{"kind":"runtime","title":"Svelte Kit + Master CSS","heading":"Svelte Kit and Master CSS","errors":[]}
{"kind":"svelte","results":[{"browser":"firefox","exit":0},{"browser":"webkit","exit":0}]}
  ➜  Local:   http://127.0.0.1:60282/

{"exit_code": 0, "cleanup": "/Users/aron/master/css/tmp/master-css-bh-isolated-c1fc3e5c"}
