{"cwd": "/Users/aron/master/css/tmp/master-css-bh-isolated-f0moj7ir/examples/laravel", "command": ["node", "/Users/aron/master/css/scripts/with-typescript-tooling-compat.mjs", "node", "/Users/aron/master/css/.ai/audits/bug-hunt/repros/laravel-smoke.mjs"]}
$ vite build && vite build --ssr
(!) Your Vite config uses features that are unsupported by `configLoader: 'native'`, which is planned to become the default in a future major version of Vite:
  - `__dirname` (vite.config.ts:22:27). Use `import.meta.dirname` instead
Set `VITE_CONFIG_NATIVE_IGNORE_WARNING=true` to suppress this warning.
Both esbuild and oxc options were set. oxc options will be used and esbuild options will be ignored. The following esbuild options were set: `{ jsx: 'automatic' }`
vite v8.2.2 building client environment for production...
transforming...
✓ 2770 modules transformed.
rendering chunks...
computing gzip size...
public/build/manifest.json                          7.71 kB │ gzip:  0.97 kB
public/build/assets/app-Dkrc8kIN.css                4.44 kB │ gzip:  1.70 kB
public/build/assets/welcome-Bw4KxRAr.js             0.23 kB │ gzip:  0.20 kB
public/build/assets/text-link-CiO57RXn.js           0.38 kB │ gzip:  0.26 kB
public/build/assets/rolldown-runtime-CbXtAM7H.js    0.58 kB │ gzip:  0.36 kB
public/build/assets/label-Dg6-lbGw.js               0.95 kB │ gzip:  0.56 kB
public/build/assets/verify-email-CceSOiGd.js        1.06 kB │ gzip:  0.59 kB
public/build/assets/auth-layout-CohN0hcK.js         1.24 kB │ gzip:  0.54 kB
public/build/assets/confirm-password-CdYkt54b.js    1.26 kB │ gzip:  0.63 kB
public/build/assets/dist-BfuPgYZg.js                1.47 kB │ gzip:  0.82 kB
public/build/assets/forgot-password-CljJUyH1.js     1.52 kB │ gzip:  0.74 kB
public/build/assets/layout-D6U8PFId.js              1.68 kB │ gzip:  0.71 kB
public/build/assets/dashboard-BA7wlFWZ.js           1.90 kB │ gzip:  0.63 kB
public/build/assets/reset-password-D75b5KvX.js      2.03 kB │ gzip:  0.73 kB
public/build/assets/appearance-B6uSKAK2.js          2.11 kB │ gzip:  1.02 kB
public/build/assets/register-BSUIe_0Q.js            2.55 kB │ gzip:  0.90 kB
public/build/assets/password-LQUArdzZ.js            2.72 kB │ gzip:  0.97 kB
public/build/assets/app-DZeC6Ael.js                 4.59 kB │ gzip:  1.93 kB
public/build/assets/profile-Du48pCiN.js             6.72 kB │ gzip:  2.31 kB
public/build/assets/login-UC-EU83U.js               6.88 kB │ gzip:  2.76 kB
public/build/assets/dist-CFdqJGfS.js                7.55 kB │ gzip:  2.93 kB
public/build/assets/transition-Byc-ZYDI.js         14.33 kB │ gzip:  5.58 kB
public/build/assets/app-logo-icon-BguybUx7.js      34.41 kB │ gzip: 11.76 kB
public/build/assets/app-layout-B2Mx4i6w.js        109.71 kB │ gzip: 35.46 kB
public/build/assets/jsx-runtime-CRSD-H6a.js       313.04 kB │ gzip: 98.35 kB

✓ built in 2.12s
(!) Your Vite config uses features that are unsupported by `configLoader: 'native'`, which is planned to become the default in a future major version of Vite:
  - `__dirname` (vite.config.ts:22:27). Use `import.meta.dirname` instead
Set `VITE_CONFIG_NATIVE_IGNORE_WARNING=true` to suppress this warning.
Both esbuild and oxc options were set. oxc options will be used and esbuild options will be ignored. The following esbuild options were set: `{ jsx: 'automatic' }`
vite v8.2.2 building ssr environment for production...
transforming...
✓ 58 modules transformed.
rendering chunks...
computing gzip size...
bootstrap/ssr/ssr-manifest.json                     5.29 kB │ gzip: 0.84 kB
bootstrap/ssr/assets/welcome-BqhvLI5q.js            0.40 kB │ gzip: 0.27 kB
bootstrap/ssr/assets/text-link-lyGsmxrx.js          0.54 kB │ gzip: 0.35 kB
bootstrap/ssr/assets/label-Z-GmvPgh.js              0.90 kB │ gzip: 0.47 kB
bootstrap/ssr/assets/input-DjFXysyk.js              0.98 kB │ gzip: 0.54 kB
bootstrap/ssr/assets/verify-email-DJgTWQMt.js       1.59 kB │ gzip: 0.78 kB
bootstrap/ssr/assets/auth-layout-bR4fvpu-.js        1.79 kB │ gzip: 0.63 kB
bootstrap/ssr/assets/confirm-password-ClZtf6kq.js   2.01 kB │ gzip: 0.85 kB
bootstrap/ssr/assets/forgot-password-D6Sqb-sU.js    2.45 kB │ gzip: 0.99 kB
bootstrap/ssr/assets/dashboard-Cnc3h2Ts.js          2.65 kB │ gzip: 0.79 kB
bootstrap/ssr/assets/layout-VgUorCbY.js             2.70 kB │ gzip: 0.98 kB
bootstrap/ssr/assets/app-logo-icon-CzO77W5n.js      2.95 kB │ gzip: 1.31 kB
bootstrap/ssr/assets/reset-password-dlpzBGyF.js     3.38 kB │ gzip: 0.96 kB
bootstrap/ssr/assets/appearance-Adh8APoD.js         3.56 kB │ gzip: 1.39 kB
bootstrap/ssr/assets/register-7v_OEe90.js           4.32 kB │ gzip: 1.15 kB
bootstrap/ssr/assets/password-CqemgqhL.js           4.38 kB │ gzip: 1.21 kB
bootstrap/ssr/assets/login-B2BxyAxY.js              4.91 kB │ gzip: 1.59 kB
bootstrap/ssr/assets/profile-CG8Ak3yU.js           10.35 kB │ gzip: 2.77 kB
bootstrap/ssr/ssr.js                               28.59 kB │ gzip: 8.82 kB
bootstrap/ssr/assets/app-layout-BwwgY1U2.js        31.92 kB │ gzip: 6.95 kB

✓ built in 38ms
{"browser":"firefox","version":"155.0","cssFont":"48px","loginVisible":true,"errors":[]}
{"browser":"webkit","version":"26.6","cssFont":"48px","loginVisible":true,"errors":[]}
{"exit_code": 0, "cleanup": "/Users/aron/master/css/tmp/master-css-bh-isolated-f0moj7ir"}
