{"cwd": "/Users/aron/master/css/tmp/master-css-bh-isolated-6vtfgz6l/benchmarks", "command": ["node", "/Users/aron/master/css/scripts/with-typescript-tooling-compat.mjs", "node", "/Users/aron/master/css/.ai/audits/bug-hunt/repros/startup-diagnostic-report.mjs"]}

 RUN  v5.0.0 /Users/aron/master/css/tmp/master-css-bh-isolated-6vtfgz6l/benchmarks

stdout | startup-diagnostics/startup-diagnostics.bench.ts > startup diagnostics > write startup diagnostics report
Measuring startup diagnostics for minimal / Master CSS CLI startup diagnostic, round 1/1

 ❯ |bench| startup-diagnostics/startup-diagnostics.bench.ts (1 test | 1 failed) 2204ms
   ❯ startup diagnostics (1)
     × write startup diagnostics report 2203ms

⎯⎯⎯⎯⎯⎯⎯ Failed Tests 1 ⎯⎯⎯⎯⎯⎯⎯

 FAIL  |bench| startup-diagnostics/startup-diagnostics.bench.ts > startup diagnostics > write startup diagnostics report
Error: Command failed: /Users/aron/.nvm/versions/node/v24.20.0/bin/node --import tsx startup-diagnostics/run-diagnostic.ts --workspace /Users/aron/master/css/tmp/master-css-bh-isolated-6vtfgz6l/benchmarks/.results/startup-diagnostics/workspaces/minimal-master-cli-startup-diagnostic/round-0 --fixture-id minimal --tool-id master-cli-startup-diagnostic --variant-id minimal-master-cli-startup-diagnostic --round 0 --output /Users/aron/master/css/tmp/master-css-bh-isolated-6vtfgz6l/benchmarks/.results/startup-diagnostics/workspaces/minimal-master-cli-startup-diagnostic/round-0/diagnostic-result.json

Command failed: /Users/aron/.nvm/versions/node/v24.20.0/bin/node --import tsx startup-diagnostics/run-diagnostic.ts --workspace /Users/aron/master/css/tmp/master-css-bh-isolated-6vtfgz6l/benchmarks/.results/startup-diagnostics/workspaces/minimal-master-cli-startup-diagnostic/round-0 --fixture-id minimal --tool-id master-cli-startup-diagnostic --variant-id minimal-master-cli-startup-diagnostic --round 0 --output /Users/aron/master/css/tmp/master-css-bh-isolated-6vtfgz6l/benchmarks/.results/startup-diagnostics/workspaces/minimal-master-cli-startup-diagnostic/round-0/diagnostic-result.json
/Users/aron/master/css/tmp/master-css-bh-isolated-6vtfgz6l/benchmarks/shared/runner.ts:80
    throw new Error([
          ^

Error: Command failed: /Users/aron/.nvm/versions/node/v24.20.0/bin/node /Users/aron/master/css/tmp/master-css-bh-isolated-6vtfgz6l/benchmarks/.results/startup-diagnostics/workspaces/minimal-master-cli-startup-diagnostic/round-0/.startup-probes/import-cli-bin-module-import-ms.mjs

Command failed: /Users/aron/.nvm/versions/node/v24.20.0/bin/node /Users/aron/master/css/tmp/master-css-bh-isolated-6vtfgz6l/benchmarks/.results/startup-diagnostics/workspaces/minimal-master-cli-startup-diagnostic/round-0/.startup-probes/import-cli-bin-module-import-ms.mjs
Usage: master-css [options] [command]

Master CSS CLI

Options:
  -V, --version                         output the version number
  -h, --help                            display help for command

Commands:
  generate [options] [source paths...]  Generate CSS from project source files.
  lint [options] [source paths...]      Run machine-readable Master CSS
                                        diagnostics for source files.
  inspect [options] [source paths...]   Inspect scanner state, stylesheet
                                        entries, generated CSS, and missing CSS.
  help [command]                        display help for command


stderr:
Usage: master-css [options] [command]

Master CSS CLI

Options:
  -V, --version                         output the version number
  -h, --help                            display help for command

Commands:
  generate [options] [source paths...]  Generate CSS from project source files.
  lint [options] [source paths...]      Run machine-readable Master CSS
                                        diagnostics for source files.
  inspect [options] [source paths...]   Inspect scanner state, stylesheet
                                        entries, generated CSS, and missing CSS.
  help [command]                        display help for command

    at runCommand (/Users/aron/master/css/tmp/master-css-bh-isolated-6vtfgz6l/benchmarks/shared/runner.ts:80:11)
    at process.processTicksAndRejections (node:internal/process/task_queues:104:5)
    at async runProbe (/Users/aron/master/css/tmp/master-css-bh-isolated-6vtfgz6l/benchmarks/shared/startup-diagnostics.ts:375:18)
    at async runImportProbe (/Users/aron/master/css/tmp/master-css-bh-isolated-6vtfgz6l/benchmarks/shared/startup-diagnostics.ts:309:17)
    at async Promise.all (index 0)
    at async runImportProbeBatch (/Users/aron/master/css/tmp/master-css-bh-isolated-6vtfgz6l/benchmarks/shared/startup-diagnostics.ts:326:5)
    at async runMasterCLIStartupDiagnostic (/Users/aron/master/css/tmp/master-css-bh-isolated-6vtfgz6l/benchmarks/shared/startup-diagnostics.ts:217:3)
    at async runStartupDiagnostic (/Users/aron/master/css/tmp/master-css-bh-isolated-6vtfgz6l/benchmarks/shared/startup-diagnostics.ts:185:7)
    at async <anonymous> (/Users/aron/master/css/tmp/master-css-bh-isolated-6vtfgz6l/benchmarks/startup-diagnostics/run-diagnostic.ts:6:16)

Node.js v24.20.0


stderr:
/Users/aron/master/css/tmp/master-css-bh-isolated-6vtfgz6l/benchmarks/shared/runner.ts:80
    throw new Error([
          ^

Error: Command failed: /Users/aron/.nvm/versions/node/v24.20.0/bin/node /Users/aron/master/css/tmp/master-css-bh-isolated-6vtfgz6l/benchmarks/.results/startup-diagnostics/workspaces/minimal-master-cli-startup-diagnostic/round-0/.startup-probes/import-cli-bin-module-import-ms.mjs

Command failed: /Users/aron/.nvm/versions/node/v24.20.0/bin/node /Users/aron/master/css/tmp/master-css-bh-isolated-6vtfgz6l/benchmarks/.results/startup-diagnostics/workspaces/minimal-master-cli-startup-diagnostic/round-0/.startup-probes/import-cli-bin-module-import-ms.mjs
Usage: master-css [options] [command]

Master CSS CLI

Options:
  -V, --version                         output the version number
  -h, --help                            display help for command

Commands:
  generate [options] [source paths...]  Generate CSS from project source files.
  lint [options] [source paths...]      Run machine-readable Master CSS
                                        diagnostics for source files.
  inspect [options] [source paths...]   Inspect scanner state, stylesheet
                                        entries, generated CSS, and missing CSS.
  help [command]                        display help for command


stderr:
Usage: master-css [options] [command]

Master CSS CLI

Options:
  -V, --version                         output the version number
  -h, --help                            display help for command

Commands:
  generate [options] [source paths...]  Generate CSS from project source files.
  lint [options] [source paths...]      Run machine-readable Master CSS
                                        diagnostics for source files.
  inspect [options] [source paths...]   Inspect scanner state, stylesheet
                                        entries, generated CSS, and missing CSS.
  help [command]                        display help for command

    at runCommand (/Users/aron/master/css/tmp/master-css-bh-isolated-6vtfgz6l/benchmarks/shared/runner.ts:80:11)
    at process.processTicksAndRejections (node:internal/process/task_queues:104:5)
    at async runProbe (/Users/aron/master/css/tmp/master-css-bh-isolated-6vtfgz6l/benchmarks/shared/startup-diagnostics.ts:375:18)
    at async runImportProbe (/Users/aron/master/css/tmp/master-css-bh-isolated-6vtfgz6l/benchmarks/shared/startup-diagnostics.ts:309:17)
    at async Promise.all (index 0)
    at async runImportProbeBatch (/Users/aron/master/css/tmp/master-css-bh-isolated-6vtfgz6l/benchmarks/shared/startup-diagnostics.ts:326:5)
    at async runMasterCLIStartupDiagnostic (/Users/aron/master/css/tmp/master-css-bh-isolated-6vtfgz6l/benchmarks/shared/startup-diagnostics.ts:217:3)
    at async runStartupDiagnostic (/Users/aron/master/css/tmp/master-css-bh-isolated-6vtfgz6l/benchmarks/shared/startup-diagnostics.ts:185:7)
    at async <anonymous> (/Users/aron/master/css/tmp/master-css-bh-isolated-6vtfgz6l/benchmarks/startup-diagnostics/run-diagnostic.ts:6:16)

Node.js v24.20.0

 ❯ runCommand shared/runner.ts:80:11
     78|     const stdout = bufferToString(commandError.stdout)
     79|     const stderr = bufferToString(commandError.stderr)
     80|     throw new Error([
       |           ^
     81|       `Command failed: ${command} ${args.join(' ')}`,
     82|       commandError.message,
 ❯ runProbe shared/startup-diagnostics.ts:375:18
 ❯ runImportProbe shared/startup-diagnostics.ts:309:17
 ❯ runImportProbeBatch shared/startup-diagnostics.ts:326:5
 ❯ runMasterCLIStartupDiagnostic shared/startup-diagnostics.ts:217:3
 ❯ runStartupDiagnostic shared/startup-diagnostics.ts:185:7
 ❯ <anonymous> startup-diagnostics/run-diagnostic.ts:6:16
 ❯ runCommand shared/runner.ts:80:11
 ❯ runProbe shared/startup-diagnostics.ts:375:18
 ❯ runImportProbe shared/startup-diagnostics.ts:309:17
 ❯ runImportProbeBatch shared/startup-diagnostics.ts:326:5
 ❯ runMasterCLIStartupDiagnostic shared/startup-diagnostics.ts:217:3
 ❯ runStartupDiagnostic shared/startup-diagnostics.ts:185:7
 ❯ <anonymous> startup-diagnostics/run-diagnostic.ts:6:16
 ❯ runCommand shared/runner.ts:80:11
 ❯ runStartupDiagnosticInChild startup-diagnostics/startup-diagnostics.bench.ts:136:3
 ❯ createStartupDiagnosticsReport startup-diagnostics/startup-diagnostics.bench.ts:78:22
 ❯ startup-diagnostics/startup-diagnostics.bench.ts:43:22
 ❯ X.<anonymous> startup-diagnostics/startup-diagnostics.bench.ts:188:7
 ❯ X.#g ../../../node_modules/.pnpm/tinybench@6.1.4/node_modules/tinybench/dist/index.js:1431:26
 ❯ o ../../../node_modules/.pnpm/tinybench@6.1.4/node_modules/tinybench/dist/index.js:1373:53
 ❯ X.#m ../../../node_modules/.pnpm/tinybench@6.1.4/node_modules/tinybench/dist/index.js:1387:54
 ❯ X.run ../../../node_modules/.pnpm/tinybench@6.1.4/node_modules/tinybench/dist/index.js:1334:56

⎯⎯⎯⎯⎯⎯⎯⎯⎯⎯⎯⎯⎯⎯⎯⎯⎯⎯⎯⎯⎯⎯⎯⎯[1/1]⎯


 Test Files  1 failed (1)
      Tests  1 failed (1)
   Start at  22:58:01
   Duration  2.32s (tests 98%, transform 2%, import 1%)

{"exit_code": 1, "cleanup": "/Users/aron/master/css/tmp/master-css-bh-isolated-6vtfgz6l"}
