{"cwd": "/Users/aron/master/css/tmp/master-css-bh-isolated-jw8zee_7/benchmarks", "command": ["node", "/Users/aron/master/css/scripts/with-typescript-tooling-compat.mjs", "node", "--import", "tsx", "/Users/aron/master/css/.ai/audits/bug-hunt/repros/progressive-diagnostic-controls.mjs"]}
Launching Chromium for progressive hydration diagnostics
Preparing progressive hydration diagnostic page for minimal-master-progressive
Measuring progressive hydration diagnostics for minimal-master-progressive, round 1/1
node:internal/modules/run_main:107
    triggerUncaughtException(
    ^

page.waitForFunction: Timeout 15000ms exceeded.
    at waitForBenchmarkReady (/Users/aron/master/css/tmp/master-css-bh-isolated-jw8zee_7/benchmarks/shared/delivery-modes.ts:706:14)
    at measureProgressiveHydrationDiagnostics (/Users/aron/master/css/tmp/master-css-bh-isolated-jw8zee_7/benchmarks/shared/delivery-modes.ts:259:13)
    at async collectProgressiveHydrationDiagnosticSamples (/Users/aron/master/css/tmp/master-css-bh-isolated-jw8zee_7/benchmarks/shared/progressive-hydration-diagnostics.ts:155:20)
    at async createProgressiveHydrationDiagnosticsReport (/Users/aron/master/css/tmp/master-css-bh-isolated-jw8zee_7/benchmarks/shared/progressive-hydration-diagnostics.ts:101:7)
    at async writeProgressiveHydrationDiagnosticsReport (/Users/aron/master/css/tmp/master-css-bh-isolated-jw8zee_7/benchmarks/shared/progressive-hydration-diagnostics.ts:75:18)
    at async <anonymous> (/Users/aron/master/css/tmp/master-css-bh-isolated-jw8zee_7/benchmarks/progressive-hydration-diagnostics/run-report.ts:3:16) {
  log: [],
  name: 'TimeoutError'
}

Node.js v24.20.0
{"originalReportStatus":1}
[{"sidecar":false,"failures":[{"url":"http://127.0.0.1:62015/artifacts/mastercss_binding_wasm_engine_bg.wasm","status":404}],"ready":false,"hidden":false,"colorProbeAlign":"center","reported":{"runtimeScriptLoadedMs":67.89999985694885,"runtimeReadyMs":0,"runtimeBootstrapMs":0,"runtimeObserveMs":0,"progressiveAdopted":0,"runtimeGeneratedRuleCount":0,"runtimeStyleRawBytes":0},"nativeStyleRules":46,"styleTextBytes":1940,"snapshot":null},{"sidecar":true,"failures":[],"ready":true,"hidden":false,"colorProbeAlign":"center","reported":{"runtimeScriptLoadedMs":64.40000009536743,"runtimeReadyMs":556.9000000953674,"runtimeBootstrapMs":492.5,"runtimeObserveMs":92.80000019073486,"progressiveAdopted":1,"runtimeGeneratedRuleCount":0,"runtimeStyleRawBytes":1940},"nativeStyleRules":46,"styleTextBytes":1940,"snapshot":{"rules":46,"cssBytes":1940,"hydration":{"state":"progressive","manifestLoaded":true}}}]
{"control":"PASS","snapshot":{"rules":46,"cssBytes":1940,"hydration":{"state":"progressive","manifestLoaded":true}},"reportedDiagnostics":{"ready":"true","textAlign":"center","runtimeAvailable":true,"progressive":false,"hydrationFailureReason":"","htmlHidden":false,"hydrationManifestRuleCount":45,"hydrationManifestLayerRuleCounts":{"utilities":45},"hydrationManifestLayerExpandedRuleCounts":{"utilities":45},"cssomTopLevelRuleCount":2,"cssomLayerRuleCount":46,"cssomLayerRuleCounts":{"theme":1,"utilities":45},"cssomTotalRuleCount":0,"layerRuleCountMismatches":{},"hydrationManifestSelectorsMissingFromCSSOM":[],"runtimeClassUtilityCount":0,"runtimeClassUtilityNames":[],"runtimeGeneratedRuleCount":0,"runtimeStyleRawBytes":0,"runtimeStyleText":"","connectedClassCount":46,"connectedClassNames":["benchmark-root","bg:blue-60","bg:gray-5","bg:white","block","border:1px|solid|gray-20","fg:blue-60","fg:slate-50","fg:slate-60","fg:slate-80","fg:slate-90","fg:white","flex","flex-wrap","font:12px","font:14px","font:18px","font:22px","font:48px","font:heavy","font:semibold","gap:3x","gap:4x","grid","grid-cols:3","h:44px","inline-flex","items-center","justify-center","leading:1.05","leading:1.65","letter-spacing:.08em","m:0","max-w:720px","min-h:100vh","mt:5x","p:4x","p:6x","px:5x","r:10px","r:8px","text-center","text-decoration:none","tracking:-.02em","uppercase","w:full"],"missingHydratedClassCount":46,"missingHydratedClassNames":["benchmark-root","bg:blue-60","bg:gray-5","bg:white","block","border:1px|solid|gray-20","fg:blue-60","fg:slate-50","fg:slate-60","fg:slate-80","fg:slate-90","fg:white","flex","flex-wrap","font:12px","font:14px","font:18px","font:22px","font:48px","font:heavy","font:semibold","gap:3x","gap:4x","grid","grid-cols:3","h:44px","inline-flex","items-center","justify-center","leading:1.05","leading:1.65","letter-spacing:.08em","m:0","max-w:720px","min-h:100vh","mt:5x","p:4x","p:6x","px:5x","r:10px","r:8px","text-center","text-decoration:none","tracking:-.02em","uppercase","w:full"],"consoleWarnings":["`WebAssembly.instantiateStreaming` failed because your server does not serve Wasm with `application/wasm` MIME type. Falling back to `WebAssembly.instantiate` which is slower. Original error:\n TypeError: Failed to execute 'compile' on 'WebAssembly': Incorrect response MIME type. Expected 'application/wasm'."]}}
{"exit_code": 0, "cleanup": "/Users/aron/master/css/tmp/master-css-bh-isolated-jw8zee_7"}
