{"cwd": "/Users/aron/master/css/tmp/master-css-bh-isolated-fxib54dx/benchmarks", "command": ["node", "/Users/aron/master/css/scripts/with-typescript-tooling-compat.mjs", "node", "--import", "tsx", "/Users/aron/master/css/.ai/audits/bug-hunt/repros/interaction-controls.mjs"]}
Launching Chromium for interaction cost benchmark
Preparing interaction page for dynamic-master-static-existing-class-toggle
Measuring interaction cost for dynamic-master-static-existing-class-toggle, round 1/1
Preparing interaction page for dynamic-master-static-dom-append-remove
Measuring interaction cost for dynamic-master-static-dom-append-remove, round 1/1
Preparing interaction page for dynamic-master-static-theme-switch
Measuring interaction cost for dynamic-master-static-theme-switch, round 1/1
Preparing interaction page for dynamic-master-static-viewport-resize
Measuring interaction cost for dynamic-master-static-viewport-resize, round 1/1
Preparing interaction page for dynamic-master-static-mutation-cleanup-cycle
Measuring interaction cost for dynamic-master-static-mutation-cleanup-cycle, round 1/1
Preparing interaction page for dynamic-master-runtime-existing-class-toggle
Measuring interaction cost for dynamic-master-runtime-existing-class-toggle, round 1/1
node:internal/modules/run_main:107
    triggerUncaughtException(
    ^

page.waitForFunction: Timeout 15000ms exceeded.
    at waitForBenchmarkReady (/Users/aron/master/css/tmp/master-css-bh-isolated-fxib54dx/benchmarks/shared/interaction-cost.ts:674:14)
    at measureInteractionCost (/Users/aron/master/css/tmp/master-css-bh-isolated-fxib54dx/benchmarks/shared/interaction-cost.ts:347:13)
    at async collectInteractionSamples (/Users/aron/master/css/tmp/master-css-bh-isolated-fxib54dx/benchmarks/shared/interaction-cost.ts:229:20)
    at async createInteractionCostReport (/Users/aron/master/css/tmp/master-css-bh-isolated-fxib54dx/benchmarks/shared/interaction-cost.ts:145:11)
    at async writeInteractionCostReport (/Users/aron/master/css/tmp/master-css-bh-isolated-fxib54dx/benchmarks/shared/interaction-cost.ts:89:18)
    at async <anonymous> (/Users/aron/master/css/tmp/master-css-bh-isolated-fxib54dx/benchmarks/interaction-cost/run-report.ts:3:16) {
  log: [],
  name: 'TimeoutError'
}

Node.js v24.20.0
{"originalReportStatus":1,"signal":null}
{"modeId":"master-static","sidecar":false,"ready":true,"computedStyleValid":1,"failures":[]}
node:_http_server:411
    throw new ERR_HTTP_HEADERS_SENT('write');
    ^

Error [ERR_HTTP_HEADERS_SENT]: Cannot write headers after they are sent to the client
    at ServerResponse.writeHead (node:_http_server:411:11)
    at Server.<anonymous> (/Users/aron/master/css/.ai/audits/bug-hunt/repros/interaction-controls.mjs:34:22)
    at Server.emit (node:events:514:28)
    at parserOnIncoming (node:_http_server:1293:12)
    at HTTPParser.parserOnHeadersComplete (node:_http_common:125:17) {
  code: 'ERR_HTTP_HEADERS_SENT'
}

Node.js v24.20.0
{"exit_code": 1, "cleanup": "/Users/aron/master/css/tmp/master-css-bh-isolated-fxib54dx"}
