{"cwd": "/Users/aron/master/css/tmp/master-css-bh-isolated-p4z0lq47/benchmarks", "command": ["node", "/Users/aron/master/css/scripts/with-typescript-tooling-compat.mjs", "node", ".ai/audits/bug-hunt/repros/mutation-preseed-controls.mjs"]}
node:internal/modules/esm/resolve:272
    throw new ERR_MODULE_NOT_FOUND(
          ^

Error [ERR_MODULE_NOT_FOUND]: Cannot find module '/Users/aron/master/css/tmp/master-css-bh-isolated-p4z0lq47/benchmarks/.ai/audits/bug-hunt/repros/mutation-preseed-controls.mjs' imported from /Users/aron/master/css/tmp/master-css-bh-isolated-p4z0lq47/benchmarks/
    at finalizeResolution (node:internal/modules/esm/resolve:272:11)
    at moduleResolve (node:internal/modules/esm/resolve:879:10)
    at defaultResolve (node:internal/modules/esm/resolve:1006:11)
    at #cachedDefaultResolve (node:internal/modules/esm/loader:705:20)
    at #resolveAndMaybeBlockOnLoaderThread (node:internal/modules/esm/loader:725:38)
    at nextStep (node:internal/modules/customization_hooks:189:26)
    at resolve (file:///Users/aron/master/css/scripts/typescript-tooling-compat.mjs:43:16)
    at nextStep (node:internal/modules/customization_hooks:189:26)
    at resolveWithHooks (node:internal/modules/customization_hooks:417:10)
    at ModuleLoader.resolveSync (node:internal/modules/esm/loader:751:16) {
  code: 'ERR_MODULE_NOT_FOUND',
  url: 'file:///Users/aron/master/css/tmp/master-css-bh-isolated-p4z0lq47/benchmarks/.ai/audits/bug-hunt/repros/mutation-preseed-controls.mjs'
}

Node.js v24.20.0
{"exit_code": 1, "cleanup": "/Users/aron/master/css/tmp/master-css-bh-isolated-p4z0lq47"}
