{"cwd": "/Users/aron/master/css/tmp/master-css-bh-isolated-s18k6ztj/benchmarks", "command": ["node", "/Users/aron/master/css/scripts/with-typescript-tooling-compat.mjs", "node", "/Users/aron/master/css/.ai/audits/bug-hunt/repros/style-invalidation-controls.mjs"]}
Running runtime style invalidation diagnostics child for dynamic-master-static-style-invalidation-static-baseline
Finished runtime style invalidation diagnostics child for dynamic-master-static-style-invalidation-static-baseline in 9097ms
Running runtime style invalidation diagnostics child for dynamic-tailwind-static-style-invalidation-static-baseline
Finished runtime style invalidation diagnostics child for dynamic-tailwind-static-style-invalidation-static-baseline in 8918ms
Running runtime style invalidation diagnostics child for dynamic-master-runtime-style-invalidation-runtime-baseline
/Users/aron/master/css/tmp/master-css-bh-isolated-s18k6ztj/benchmarks/shared/runner.ts:80
    throw new Error([
          ^

Error: Command failed: /Users/aron/.nvm/versions/node/v24.20.0/bin/node --import tsx /Users/aron/master/css/tmp/master-css-bh-isolated-s18k6ztj/benchmarks/runtime-style-invalidation-diagnostics/run-report.ts

Command failed: /Users/aron/.nvm/versions/node/v24.20.0/bin/node --import tsx /Users/aron/master/css/tmp/master-css-bh-isolated-s18k6ztj/benchmarks/runtime-style-invalidation-diagnostics/run-report.ts
node:internal/modules/run_main:107
    triggerUncaughtException(
    ^

page.waitForFunction: Timeout 15000ms exceeded.
    at waitForBenchmarkReady (/Users/aron/master/css/tmp/master-css-bh-isolated-s18k6ztj/benchmarks/shared/runtime-style-invalidation-diagnostics.ts:743:14)
    at measureRuntimeStyleInvalidationDiagnostic (/Users/aron/master/css/tmp/master-css-bh-isolated-s18k6ztj/benchmarks/shared/runtime-style-invalidation-diagnostics.ts:285:13)
    at async createRuntimeStyleInvalidationDiagnosticsReport (/Users/aron/master/css/tmp/master-css-bh-isolated-s18k6ztj/benchmarks/shared/runtime-style-invalidation-diagnostics.ts:211:24)
    at async writeRuntimeStyleInvalidationDiagnosticsReport (/Users/aron/master/css/tmp/master-css-bh-isolated-s18k6ztj/benchmarks/shared/runtime-style-invalidation-diagnostics.ts:129:18)
    at async <anonymous> (/Users/aron/master/css/tmp/master-css-bh-isolated-s18k6ztj/benchmarks/runtime-style-invalidation-diagnostics/run-report.ts:17:5) {
  log: [],
  name: 'TimeoutError'
}

Node.js v24.20.0


stdout:
Launching Chromium per measurement for runtime style invalidation diagnostics
Preparing runtime style invalidation diagnostic page for dynamic-master-runtime-style-invalidation-runtime-baseline
Measuring runtime style invalidation diagnostics for dynamic-master-runtime-style-invalidation-runtime-baseline, round 1/1


stderr:
node:internal/modules/run_main:107
    triggerUncaughtException(
    ^

page.waitForFunction: Timeout 15000ms exceeded.
    at waitForBenchmarkReady (/Users/aron/master/css/tmp/master-css-bh-isolated-s18k6ztj/benchmarks/shared/runtime-style-invalidation-diagnostics.ts:743:14)
    at measureRuntimeStyleInvalidationDiagnostic (/Users/aron/master/css/tmp/master-css-bh-isolated-s18k6ztj/benchmarks/shared/runtime-style-invalidation-diagnostics.ts:285:13)
    at async createRuntimeStyleInvalidationDiagnosticsReport (/Users/aron/master/css/tmp/master-css-bh-isolated-s18k6ztj/benchmarks/shared/runtime-style-invalidation-diagnostics.ts:211:24)
    at async writeRuntimeStyleInvalidationDiagnosticsReport (/Users/aron/master/css/tmp/master-css-bh-isolated-s18k6ztj/benchmarks/shared/runtime-style-invalidation-diagnostics.ts:129:18)
    at async <anonymous> (/Users/aron/master/css/tmp/master-css-bh-isolated-s18k6ztj/benchmarks/runtime-style-invalidation-diagnostics/run-report.ts:17:5) {
  log: [],
  name: 'TimeoutError'
}

Node.js v24.20.0

    at runCommand (/Users/aron/master/css/tmp/master-css-bh-isolated-s18k6ztj/benchmarks/shared/runner.ts:80:11)
    at async writeMergedReportFromVariantChildren (/Users/aron/master/css/tmp/master-css-bh-isolated-s18k6ztj/benchmarks/runtime-style-invalidation-diagnostics/run-report.ts:26:20)
    at async <anonymous> (/Users/aron/master/css/tmp/master-css-bh-isolated-s18k6ztj/benchmarks/runtime-style-invalidation-diagnostics/run-report.ts:16:5)

Node.js v24.20.0
{"originalReportStatus":1,"signal":null}
{"mode":"missing-sidecar","ready":false,"classes":[false,false],"failures":[{"url":"http://127.0.0.1:62394/artifacts/mastercss_binding_wasm_engine_bg.wasm","status":404}]}
{"mode":"original-pause","ready":true,"reportedCount":0,"classes":[false,false],"failures":[]}
{"mode":"public-disconnect","ready":true,"classes":[false,false],"failures":[]}
{"mode":"original-retained-seed","ready":true,"reportedCount":{"classCount":0,"ruleCount":0,"rawBytes":0},"classes":[false,false],"failures":[]}
{"validation":"PASS","controls":4}
{"exit_code": 0, "cleanup": "/Users/aron/master/css/tmp/master-css-bh-isolated-s18k6ztj"}
