{"cwd": "/Users/aron/master/css/tmp/master-css-bh-isolated-vgzmx645/packages/vscode", "command": ["node", "/Users/aron/master/css/scripts/with-typescript-tooling-compat.mjs", "node", "/Users/aron/master/css/.ai/audits/bug-hunt/repros/vscode-corpus-host.mjs"]}
ℹ tsdown v0.23.0 powered by rolldown v1.2.7
ℹ config file: /Users/aron/master/css/tmp/master-css-bh-isolated-vgzmx645/packages/vscode/tsdown.config.ts 
ℹ entry: src/extension.min.ts
ℹ target: node24.0.0
ℹ entry: src/server.min.ts
ℹ target: node24.0.0
ℹ tsconfig: tsconfig.prod.json
ℹ tsconfig: tsconfig.prod.json
ℹ Build start
ℹ dist/extension.min.js  1.46 MB
ℹ 1 files, total: 1.46 MB
✔ Build complete in 5040ms
ℹ dist/server.min.js  1.34 MB
ℹ 1 files, total: 1.34 MB
✔ Build complete in 5113ms
{"stagingRoot":"/var/folders/_b/768dhtz56ns54x1r867j67280000gn/T/bh83-DnH2RV","pid":67193,"extensions":["vue.volar-3.3.11","svelte.svelte-vscode-110.3.1","astro-build.astro-vscode-2.16.20-darwin-arm64"]}
[67193:0909/001349.760946:ERROR:electron/shell/common/node_bindings.cc:487] Most NODE_OPTIONs are not supported in packaged apps. See documentation for more details.
[90m[main 2026-09-08T16:13:51.509Z][0m StorageMainService: creating application shared storage
[90m[main 2026-09-08T16:13:52.097Z][0m [shared storage] Creating shared storage database at ':memory:' (wasCreated: true)
[90m[main 2026-09-08T16:13:52.100Z][0m [shared storage] Initializing fallback application storage (path: in-memory)
[90m[main 2026-09-08T16:13:52.597Z][0m [shared storage] Fallback application storage initialized with 3 items
[90m[main 2026-09-08T16:13:57.322Z][0m update#setState idle
Creation of workbench contribution 'workbench.contrib.remoteStatusIndicator' took 22ms.
[AgentHost:renderer] Acquiring MessagePort to agent host...
[ChatModelSelection] event=no-model-at-toolbar-build surface="workbench" sessionKey=undefined conversationKey=undefined modelTarget=undefined storageKey="chat.currentLanguageModel.panel" widgetViewKind="view"
[ChatModelSelection] event=no-model-at-toolbar-build surface="workbench" sessionKey="local" conversationKey="vscode-chat-session://local/NDAwYjYzYTktODY4MC00NzAxLTliOWItNmJlOTJkN2E2YjU3" modelTarget=undefined storageKey="chat.currentLanguageModel.panel" widgetViewKind="view"
[91m[main 2026-09-08T16:14:02.079Z][0m Unable to resolve your shell environment in a reasonable time. Please review your shell configuration and restart.
[91m[main 2026-09-08T16:14:02.080Z][0m AgentHostStarter was unable to resolve shell environment Error: Unable to resolve your shell environment in a reasonable time. Please review your shell configuration and restart.
    at Timeout.<anonymous> (file:///Applications/Visual%20Studio%20Code.app/Contents/Resources/app/out/main.js:474:40787)
    at listOnTimeout (node:internal/timers:605:17)
    at process.processTimers (node:internal/timers:541:7)
[90m[main 2026-09-08T16:14:02.106Z][0m AgentHostProcessManager: agent host started
[AgentHost:renderer] MessagePort acquired, creating client...
Started initializing default profile extensions in extensions installation folder. file:///var/folders/_b/768dhtz56ns54x1r867j67280000gn/T/bh83-DnH2RV/extensions
Started local extension host with pid 67547.
[AccountPolicyGate] apply: state=inactive, reason=undefined, isRestricted=false
[91m[main 2026-09-08T16:14:05.854Z][0m ptyHost was unable to resolve shell environment Error: Unable to resolve your shell environment in a reasonable time. Please review your shell configuration and restart.
    at Timeout.<anonymous> (file:///Applications/Visual%20Studio%20Code.app/Contents/Resources/app/out/main.js:474:40787)
    at listOnTimeout (node:internal/timers:605:17)
    at process.processTimers (node:internal/timers:541:7)
Completed initializing default profile extensions in extensions installation folder. file:///var/folders/_b/768dhtz56ns54x1r867j67280000gn/T/bh83-DnH2RV/extensions
Loading development extension at /var/folders/_b/768dhtz56ns54x1r867j67280000gn/T/bh83-DnH2RV/darwin-arm64
[91m[main 2026-09-08T16:14:08.645Z][0m [AgentHost:stderr] (node:67546) [DEP0169] DeprecationWarning: `url.parse()` behavior is not standardized and prone to errors that have security implications. Use the WHATWG URL API instead. CVEs are not issued for `url.parse()` vulnerabilities.
(Use `Code Helper --trace-deprecation ...` to show where the warning was created)

[91m[main 2026-09-08T16:14:08.831Z][0m resolving shell environment failed Unable to resolve your shell environment in a reasonable time. Please review your shell configuration and restart.
(node:67193) [DEP0169] DeprecationWarning: `url.parse()` behavior is not standardized and prone to errors that have security implications. Use the WHATWG URL API instead. CVEs are not issued for `url.parse()` vulnerabilities.
(Use `Code --trace-deprecation ...` to show where the warning was created)
[AccountPolicyGate] apply: state=inactive, reason=undefined, isRestricted=false
Unknown channel: agentHostClientByokLm
Unknown channel: agentHostClientProxy
[AgentHost:renderer] Protocol connection established; clientId=36f64f25-b7d1-4cb1-b4d9-73c4e71418e4
Unknown channel: agentHostClientProxy
Unknown channel: agentHostClientProxy
[AgentHost] No token resolved for resource: https://api.github.com
[AgentHost] Clearing authentication for resource: https://api.github.com
[91m[main 2026-09-08T16:14:15.813Z][0m ptyHost was unable to resolve shell environment Error: Unable to resolve your shell environment in a reasonable time. Please review your shell configuration and restart.
    at Timeout.<anonymous> (file:///Applications/Visual%20Studio%20Code.app/Contents/Resources/app/out/main.js:474:40787)
    at listOnTimeout (node:internal/timers:605:17)
    at process.processTimers (node:internal/timers:541:7)
[Master CSS] Using bundled language server because /var/folders/_b/768dhtz56ns54x1r867j67280000gn/T/bh83-DnH2RV/workspace does not resolve @master/css-language-server/server.
[Master CSS] MasterCSSWorkspace package resolution warning for @master/css: Cannot find module '@master/css'
Require stack:
- /var/folders/_b/768dhtz56ns54x1r867j67280000gn/T/bh83-DnH2RV/workspace/package.json
[Master CSS] Loading server from /var/folders/_b/768dhtz56ns54x1r867j67280000gn/T/bh83-DnH2RV/darwin-arm64/dist/server.min.js
[AgentHost] No token resolved for resource: https://api.github.com/repos
[AgentHost] No token resolved for resource: https://api.github.com
[AgentHost] No token resolved for resource: https://api.github.com
[AgentHost] No token resolved for resource: https://api.github.com
[AgentHost] No token resolved for resource: https://api.github.com
[AgentHost] No token resolved for resource: https://api.github.com
[AgentHost] Clearing authentication for resource: https://api.github.com/repos
[AgentHost] No token resolved for resource: https://api.github.com
[AgentHost] No token resolved for resource: https://api.github.com
[AgentHost] No token resolved for resource: https://api.github.com
[AgentHost] No token resolved for resource: https://api.github.com
[AgentHost] No token resolved for resource: https://api.github.com
[AgentHost] No token resolved for resource: https://api.github.com
[AgentHost] No token resolved for resource: https://api.github.com/repos
[AgentHost] No token resolved for resource: https://api.github.com/repos
[ChatModelSelection] event=no-model-at-toolbar-build surface="workbench" sessionKey="local" conversationKey="vscode-chat-session://local/NDAwYjYzYTktODY4MC00NzAxLTliOWItNmJlOTJkN2E2YjU3" modelTarget=undefined storageKey="chat.currentLanguageModel.panel" widgetViewKind="view"
[AgentHost] No token resolved for resource: https://api.github.com/repos
[AgentHost] No token resolved for resource: https://api.github.com
[AgentHost] No token resolved for resource: https://api.github.com/repos
[AgentHost] No token resolved for resource: https://api.github.com/repos
[AgentHost] No token resolved for resource: https://api.github.com
[AgentHost] No token resolved for resource: https://api.github.com/repos
[AgentHost] No token resolved for resource: https://api.github.com/repos
[AgentHost] No token resolved for resource: https://api.github.com/repos
[AgentHost] No token resolved for resource: https://api.github.com/repos
[AgentHost] No token resolved for resource: https://api.github.com/repos
[AgentHost] No token resolved for resource: https://api.github.com/repos
[AgentHost] No token resolved for resource: https://api.github.com
[AgentHost] No token resolved for resource: https://api.github.com
[AgentHost] No token resolved for resource: https://api.github.com
[AgentHost] No token resolved for resource: https://api.github.com/repos
[AgentHost] No token resolved for resource: https://api.github.com
[AgentHost] No token resolved for resource: https://api.github.com
[AgentHost] No token resolved for resource: https://api.github.com/repos
[AgentHost] No token resolved for resource: https://api.github.com
[AgentHost] No token resolved for resource: https://api.github.com
[AgentHost] No token resolved for resource: https://api.github.com
[AgentHost] No token resolved for resource: https://api.github.com
[AgentHost] No token resolved for resource: https://api.github.com
[AgentHost] No token resolved for resource: https://api.github.com
[AgentHost] No token resolved for resource: https://api.github.com/repos
[AgentHost] No token resolved for resource: https://api.github.com/repos
[AgentHost] No token resolved for resource: https://api.github.com/repos
[AgentHost] No token resolved for resource: https://api.github.com
[AgentHost] No token resolved for resource: https://api.github.com/repos
[AgentHost] No token resolved for resource: https://api.github.com/repos
[AgentHost] No token resolved for resource: https://api.github.com/repos
[AgentHost] No token resolved for resource: https://api.github.com/repos
[AgentHost] No token resolved for resource: https://api.github.com/repos
[AgentHost] No token resolved for resource: https://api.github.com/repos
[AgentHost] No token resolved for resource: https://api.github.com/repos
[AgentHost] No token resolved for resource: https://api.github.com/repos
[AgentHost] No token resolved for resource: https://api.github.com/repos
[ChatModelSelection] event=no-model-at-toolbar-build surface="workbench" sessionKey="local" conversationKey="vscode-chat-session://local/NDAwYjYzYTktODY4MC00NzAxLTliOWItNmJlOTJkN2E2YjU3" modelTarget=undefined storageKey="chat.currentLanguageModel.panel" widgetViewKind="view"
Creation of workbench contribution 'terminal.chatAgentTools' took 109ms.
Settings Sync: Account status changed from uninitialized to unavailable
[90m[main 2026-09-08T16:14:27.340Z][0m update#setState checking for updates
[90m[main 2026-09-08T16:14:27.940Z][0m update#setState idle
(node:67547) [DEP0169] DeprecationWarning: `url.parse()` behavior is not standardized and prone to errors that have security implications. Use the WHATWG URL API instead. CVEs are not issued for `url.parse()` vulnerabilities.
(Use `Code Helper (Plugin) --trace-deprecation ...` to show where the warning was created)
Loading server from  /private/var/folders/_b/768dhtz56ns54x1r867j67280000gn/T/bh83-DnH2RV/extensions/svelte.svelte-vscode-110.3.1/node_modules/svelte-language-server/bin/server.js
[ChatModelSelection] event=no-model-at-toolbar-build surface="workbench" sessionKey="local" conversationKey="vscode-chat-session://local/NDAwYjYzYTktODY4MC00NzAxLTliOWItNmJlOTJkN2E2YjU3" modelTarget=undefined storageKey="chat.currentLanguageModel.panel" widgetViewKind="view"
[ChatModelSelection] event=no-model-at-toolbar-build surface="workbench" sessionKey="local" conversationKey="vscode-chat-session://local/NDAwYjYzYTktODY4MC00NzAxLTliOWItNmJlOTJkN2E2YjU3" modelTarget=undefined storageKey="chat.currentLanguageModel.panel" widgetViewKind="view"
[90m[main 2026-09-08T16:16:21.790Z][0m Extension host with pid 67547 exited with code: 0, signal: unknown.
[67193:0909/001621.904943:ERROR:base/process/process_mac.cc:53] task_policy_set TASK_CATEGORY_POLICY: (os/kern) invalid argument (4)
[67193:0909/001621.905397:ERROR:base/process/process_mac.cc:98] task_policy_set TASK_SUPPRESSION_POLICY: (os/kern) invalid argument (4)
VS Code corpus host exit: 0
{"exit_code": 0, "cleanup": "/Users/aron/master/css/tmp/master-css-bh-isolated-vgzmx645"}
