{"cwd": "/Users/aron/master/css/tmp/master-css-bh-isolated-ueo98eg7/packages/nuxt", "command": ["node", "/Users/aron/master/css/scripts/with-typescript-tooling-compat.mjs", "node", "/Users/aron/master/css/.ai/audits/bug-hunt/repros/nuxt-dev-hmr.mjs"]}
│
◆  Types generated in .nuxt.
│
●  Nuxt 4.5.2 (with Nitro 2.13.4, Vite 8.2.2 and Vue 3.5.42)

  ➜ Local:    http://127.0.0.1:50909/
  ➜ Network:  use --host to expose


 WARN  [NUXT_B8014] Module @master/css-nuxt was slow to set up, taking 19626.53ms.
╰▶ fix: Defer expensive operations to a later hook (e.g. build:before) to reduce startup time.

✔ Vite client built in 14387ms
ℹ [optimizer] scanning dependencies...
✔ Vite server built in 13752ms
[nitro] ✔ Nuxt Nitro server built in 8416ms
ℹ Vite server warmed up in 87ms
ℹ Vite client warmed up in 238ms

node:internal/modules/run_main:107
    triggerUncaughtException(
    ^

AssertionError [ERR_ASSERTION]: actual Nuxt dev server ready
    at file:///Users/aron/master/css/.ai/audits/bug-hunt/repros/nuxt-dev-hmr.mjs:53:3 {
  generatedMessage: false,
  code: 'ERR_ASSERTION',
  actual: false,
  expected: true,
  operator: '==',
  diff: 'simple'
}

Node.js v24.20.0
{"exit_code": 1, "cleanup": "/Users/aron/master/css/tmp/master-css-bh-isolated-ueo98eg7"}
