{"cwd": "/Users/aron/master/css/tmp/master-css-bh-isolated-6x50fuf0/examples/angular", "command": ["node", "/Users/aron/master/css/scripts/with-typescript-tooling-compat.mjs", "node", "/Users/aron/master/css/.ai/audits/bug-hunt/repros/ssr-example.mjs", "angular"]}
$ ng build
❯ Building...
✔ Building...
Browser bundles      
Initial chunk files   | Names                         |  Raw size | Estimated transfer size
main-LVHH7ZOB.js      | main                          | 367.32 kB |                89.72 kB
polyfills-XUIFWYAI.js | polyfills                     |  35.88 kB |                11.64 kB
chunk-SHGQNUIV.js     | -                             |   4.83 kB |                 1.65 kB
chunk-2VMXMS7J.js     | -                             | 661 bytes |               661 bytes
styles-5INURTSO.css   | styles                        |   0 bytes |                 0 bytes

                      | Initial total                 | 408.69 kB |               103.67 kB

Lazy chunk files      | Names                         |  Raw size | Estimated transfer size
chunk-UUYIHXHM.js     | mastercss_binding_wasm_engine |  11.07 kB |                 3.16 kB
chunk-HL2KFEX5.js     | provider                      | 116 bytes |               116 bytes


Server bundles       
Initial chunk files   | Names                         |  Raw size
server.mjs            | server                        | 886.55 kB |                        
chunk-ECXJ3J5Q.mjs    | -                             | 719.48 kB |                        
polyfills.server.mjs  | polyfills.server              | 268.32 kB |                        
chunk-FYU4I3VZ.mjs    | -                             |   3.08 kB |                        
main.server.mjs       | main.server                   | 359 bytes |                        

Lazy chunk files      | Names                         |  Raw size
chunk-RQQTFJX3.mjs    | xhr2                          |  12.08 kB |                        

Prerendered 1 static route.
Application bundle generation complete. [4.541 seconds] - 2026-09-08T20:06:45.681Z

▲ [WARNING] Ignoring this import because "../../../../packages/binding/dist/protocol.js" was marked as having no side effects [ignored-bare-import]

    ../../../../packages/binding/dist/binding.js:1:7:
      1 │ import "./protocol.js";
        ╵        ~~~~~~~~~~~~~~~

  "sideEffects" is false in the enclosing "package.json" file:

    ../../../../packages/binding/package.json:16:2:
      16 │   "sideEffects": false,
         ╵   ~~~~~~~~~~~~~


▲ [WARNING] angular:styles/component:css;88b5e1e58400f7b5a50699325b10506edae593d2b13399c9e236a20dd7d33352;/Users/aron/master/css/tmp/master-css-bh-isolated-6x50fuf0/examples/angular/src/app/app.component.html exceeded maximum budget. Budget 2.00 kB was not met by 921 bytes with a total of 2.92 kB.


Output location: /Users/aron/master/css/tmp/master-css-bh-isolated-6x50fuf0/examples/angular/dist/angular-with-progressive-rendering

{"kind":"angular","htmlBytes":21970,"hasMasterStyle":false}
{"browser":"chromium","version":"153.0.8010.12"}
HTTP: 500 http://127.0.0.1:50432/artifacts/mastercss_binding_wasm_engine_bg.wasm
Browser console: Failed to load resource: the server responded with a status of 500 (Internal Server Error)
Browser console: MasterCSSError: failed to fetch Wasm: 500 Internal Server Error fetching 'http://127.0.0.1:50432/artifacts/mastercss_binding_wasm_engine_bg.wasm'
    at http://127.0.0.1:50432/chunk-SHGQNUIV.js:1:2592
    at Generator.throw (<anonymous>)
    at l (http://127.0.0.1:50432/chunk-2VMXMS7J.js:1:524)
    at v.invoke (http://127.0.0.1:50432/polyfills-XUIFWYAI.js:1:7586)
    at Me.run (http://127.0.0.1:50432/polyfills-XUIFWYAI.js:1:2214)
    at http://127.0.0.1:50432/polyfills-XUIFWYAI.js:2:553
    at v.invokeTask (http://127.0.0.1:50432/polyfills-XUIFWYAI.js:1:8211)
    at Me.runTask (http://127.0.0.1:50432/polyfills-XUIFWYAI.js:1:2858)
    at $ (http://127.0.0.1:50432/polyfills-XUIFWYAI.js:1:10484)
node:internal/modules/run_main:107
    triggerUncaughtException(
    ^

page.waitForFunction: Timeout 30000ms exceeded.
    at /Users/aron/master/css/.ai/audits/bug-hunt/repros/browser-smoke.mjs:105:24 {
  log: [],
  name: 'TimeoutError'
}

Node.js v24.20.0
{"kind":"angular","results":[{"browser":"chromium","exit":1}]}
Node Express server listening on http://localhost:50432
ERROR: URL with hostname "127.0.0.1" is not allowed.Please provide a list of allowed hosts in the "allowedHosts" option in the "CommonEngine" constructor.
Error: URL with hostname "127.0.0.1" is not allowed.
    at IL (file:///Users/aron/master/css/tmp/master-css-bh-isolated-6x50fuf0/examples/angular/dist/angular-with-progressive-rendering/server/chunk-ECXJ3J5Q.mjs:32:62181)
    at Ma.<anonymous> (file:///Users/aron/master/css/tmp/master-css-bh-isolated-6x50fuf0/examples/angular/dist/angular-with-progressive-rendering/server/server.mjs:52:3131)
    at Generator.next (<anonymous>)
    at file:///Users/aron/master/css/tmp/master-css-bh-isolated-6x50fuf0/examples/angular/dist/angular-with-progressive-rendering/server/chunk-FYU4I3VZ.mjs:2:1803
    at new W (file:///Users/aron/master/css/tmp/master-css-bh-isolated-6x50fuf0/examples/angular/dist/angular-with-progressive-rendering/server/polyfills.server.mjs:5:2346)
    at P (file:///Users/aron/master/css/tmp/master-css-bh-isolated-6x50fuf0/examples/angular/dist/angular-with-progressive-rendering/server/chunk-FYU4I3VZ.mjs:2:1623)
    at Ma.render (file:///Users/aron/master/css/tmp/master-css-bh-isolated-6x50fuf0/examples/angular/dist/angular-with-progressive-rendering/server/server.mjs:52:3051)
    at file:///Users/aron/master/css/tmp/master-css-bh-isolated-6x50fuf0/examples/angular/dist/angular-with-progressive-rendering/server/server.mjs:52:79892
    at ua.handleRequest (file:///Users/aron/master/css/tmp/master-css-bh-isolated-6x50fuf0/examples/angular/dist/angular-with-progressive-rendering/server/server.mjs:32:27766)
    at l (file:///Users/aron/master/css/tmp/master-css-bh-isolated-6x50fuf0/examples/angular/dist/angular-with-progressive-rendering/server/server.mjs:32:29668)

{"exit_code": 1, "cleanup": "/Users/aron/master/css/tmp/master-css-bh-isolated-6x50fuf0"}
