$ eslint

/Users/aron/master/css/examples/eslint/src/clsx.tsx
  5:24  error  Unknown Master CSS class "display:bloc". It is not generated by the active manifest  @master/css/no-invalid-classes

/Users/aron/master/css/examples/eslint/src/collision.html
  1:13  warning  Sort classes into the expected order: "m:0.625rem m:1.875rem m:5x m:3.125rem@sm m:10x@sm"                   @master/css/sort-classes
  1:13  warning  Remove classes "m:0.625rem m:5x m:10x@sm"; they are overridden by later classes "m:1.875rem m:3.125rem@sm"  @master/css/no-conflicting-classes

/Users/aron/master/css/examples/eslint/src/collision.mdx
  4:13  warning  Sort classes into the expected order: "block m:32px mb:48px font:12px font:24px@sm font:32px@md"  @master/css/sort-classes
  4:13  warning  Use canonical class "font:xs" instead of "font:12px"                                              @master/css/prefer-canonical-classes
  4:23  warning  Use canonical class "font:2xl@sm" instead of "font:24px@sm"                                       @master/css/prefer-canonical-classes
  4:36  warning  Replace "m:32px" with "mx:32px mt:32px"; later class "mb:48px" overrides part of "m:32px"         @master/css/no-conflicting-classes
  4:36  warning  Use canonical class "m:xl" instead of "m:32px"                                                    @master/css/prefer-canonical-classes
  4:49  warning  Use canonical class "font:3xl@md" instead of "font:32px@md"                                       @master/css/prefer-canonical-classes
  4:62  warning  Use canonical class "mb:2xl" instead of "mb:48px"                                                 @master/css/prefer-canonical-classes

/Users/aron/master/css/examples/eslint/src/know.html
  1:16  error  Unknown Master CSS class "btn". It is not generated by the active manifest     @master/css/no-invalid-classes
  1:20  error  Unknown Master CSS class "unknow". It is not generated by the active manifest  @master/css/no-invalid-classes

/Users/aron/master/css/examples/eslint/src/order.html
  1:13  warning  Sort classes into the expected order: "block m:32px mb:48px font:12px font:24px@sm font:32px@md"  @master/css/sort-classes
  1:13  warning  Use canonical class "font:xs" instead of "font:12px"                                              @master/css/prefer-canonical-classes
  1:23  warning  Use canonical class "font:2xl@sm" instead of "font:24px@sm"                                       @master/css/prefer-canonical-classes
  1:36  warning  Replace "m:32px" with "mx:32px mt:32px"; later class "mb:48px" overrides part of "m:32px"         @master/css/no-conflicting-classes
  1:36  warning  Use canonical class "m:xl" instead of "m:32px"                                                    @master/css/prefer-canonical-classes
  1:49  warning  Use canonical class "font:3xl@md" instead of "font:32px@md"                                       @master/css/prefer-canonical-classes
  1:62  warning  Use canonical class "mb:2xl" instead of "mb:48px"                                                 @master/css/prefer-canonical-classes

/Users/aron/master/css/examples/eslint/src/styled.tsx
  4:22  error  Unknown Master CSS class "text-align:cente". It is not generated by the active manifest  @master/css/no-invalid-classes

/Users/aron/master/css/examples/eslint/src/template-literal.tsx
  3:22  warning  Sort classes into the expected order: "block font:16px text-center fg:blue"  @master/css/sort-classes
  7:7   warning  Use canonical class "font:md" instead of "font:16px"                         @master/css/prefer-canonical-classes

/Users/aron/master/css/examples/eslint/src/validation.html
  1:23  error  Unknown Master CSS class "font:". It is not generated by the active manifest  @master/css/no-invalid-classes

✖ 23 problems (5 errors, 18 warnings)
  0 errors and 18 warnings potentially fixable with the `--fix` option.

[ELIFECYCLE] Command failed with exit code 1.
Error: ERR_PNPM_RECURSIVE_RUN_FIRST_FAIL

  × "pnpm recursive run" failed in /Users/aron/master/css/examples/eslint

