(!) Your Vite config uses features that are unsupported by `configLoader: 'native'`, which is planned to become the default in a future major version of Vite:
  - import "../../shared/vitest.config" without a file extension (vitest.config.ts:2:20). Add the file extension
  - import "./vitest-ci-config" without a file extension (../../shared/vitest.config.ts:2:58). Add the file extension
Set `VITE_CONFIG_NATIVE_IGNORE_WARNING=true` to suppress this warning.

 RUN  v5.0.0 /Users/aron/master/css/packages/server

 ❯ tests/bug-hunt.test.ts (3 tests | 3 failed) 150ms
   × BH-0005: HTML character references form browser class separators 78ms
   × BH-0006: escaped class content cannot create executable HTML elements 70ms
   × BH-0007: static resources render even when HTML has no class attributes 1ms

⎯⎯⎯⎯⎯⎯⎯ Failed Tests 3 ⎯⎯⎯⎯⎯⎯⎯

 FAIL  tests/bug-hunt.test.ts > BH-0005: HTML character references form browser class separators
AssertionError: expected [ 'block&#32;hidden' ] to deeply equal [ 'block', 'hidden' ]

- Expected
+ Received

  [
-   "block",
-   "hidden",
+   "block&#32;hidden",
  ]

 ❯ tests/bug-hunt.test.ts:11:29
      9| test('BH-0005: HTML character references form browser class separators…
     10|   const result = renderHTML('<div class="block&#32;hidden"></div>', { …
     11|   expect(result.classNames).toEqual(['block', 'hidden'])
       |                             ^
     12|   expect(result.cssText).toContain('.hidden{display:none}')
     13| })

⎯⎯⎯⎯⎯⎯⎯⎯⎯⎯⎯⎯⎯⎯⎯⎯⎯⎯⎯⎯⎯⎯⎯⎯[1/3]⎯

 FAIL  tests/bug-hunt.test.ts > BH-0006: escaped class content cannot create executable HTML elements
AssertionError: expected [ Element{ …(12) } ] to have a length of +0 but got 1

- Expected
+ Received

- 0
+ 1

 ❯ tests/bug-hunt.test.ts:20:19
     18|   const result = renderHTML(input, { manifest })
     19|   const scripts = parseDocument(result.html).children.filter((node) =>…
     20|   expect(scripts).toHaveLength(0)
       |                   ^
     21| })
     22|

⎯⎯⎯⎯⎯⎯⎯⎯⎯⎯⎯⎯⎯⎯⎯⎯⎯⎯⎯⎯⎯⎯⎯⎯[2/3]⎯

 FAIL  tests/bug-hunt.test.ts > BH-0007: static resources render even when HTML has no class attributes
AssertionError: expected '' to contain '--color-brand:red'

- Expected
+ Received

- --color-brand:red

 ❯ tests/bug-hunt.test.ts:30:26
     28|   }
     29|   const result = renderHTML('<p style="color:var(--color-brand)">text<…
     30|   expect(result.cssText).toContain('--color-brand:red')
       |                          ^
     31| })
     32|

⎯⎯⎯⎯⎯⎯⎯⎯⎯⎯⎯⎯⎯⎯⎯⎯⎯⎯⎯⎯⎯⎯⎯⎯[3/3]⎯


 Test Files  1 failed (1)
      Tests  3 failed (3)
   Start at  04:34:01
   Duration  477ms (transform 43%, tests 38%, import 19%)

Error: ERR_PNPM_RECURSIVE_EXEC_FIRST_FAIL

  × "pnpm recursive exec" failed in /Users/aron/master/css/packages/server

