$ tsdown --config ../../shared/tsdown-package.config.ts && node scripts/restore-json-import-attributes.js
ℹ tsdown v0.23.0 powered by rolldown v1.2.7
ℹ config file: /Users/aron/master/css/shared/tsdown-package.config.ts 
ℹ entry: src/create-server-renderer.ts, src/decode-html.ts, src/html-render-session.ts, src/index.ts, src/parse-html.ts, src/render-html.ts, src/render.ts
ℹ target: node24.0.0
ℹ tsconfig: tsconfig.prod.json
ℹ Build start
ℹ Cleaning 14 files
TypeScript 7.0 does not yet have a stable API and is experimental. Some options will be unavailable.
ℹ dist/render.js                    5.09 kB │ gzip: 1.46 kB
ℹ dist/create-server-renderer.js    3.01 kB │ gzip: 1.03 kB
ℹ dist/html-render-session.js       2.14 kB │ gzip: 0.83 kB
ℹ dist/parse-html.js                1.15 kB │ gzip: 0.57 kB
ℹ dist/render-html.js               0.86 kB │ gzip: 0.32 kB
ℹ dist/decode-html.js               0.48 kB │ gzip: 0.33 kB
ℹ dist/index.js                     0.36 kB │ gzip: 0.16 kB
ℹ dist/render.d.ts                  1.51 kB │ gzip: 0.49 kB
ℹ dist/create-server-renderer.d.ts  1.17 kB │ gzip: 0.45 kB
ℹ dist/index.d.ts                   0.97 kB │ gzip: 0.27 kB
ℹ dist/html-render-session.d.ts     0.88 kB │ gzip: 0.39 kB
ℹ dist/render-html.d.ts             0.68 kB │ gzip: 0.26 kB
ℹ dist/parse-html.d.ts              0.38 kB │ gzip: 0.23 kB
ℹ dist/decode-html.d.ts             0.21 kB │ gzip: 0.17 kB
ℹ 14 files, total: 18.89 kB
✔ Build complete in 2122ms
