{"cwd": "/Users/aron/master/css/tmp/master-css-bh-isolated-pom2c4f8/examples/nuxt.js", "command": ["node", "/Users/aron/master/css/scripts/with-typescript-tooling-compat.mjs", "node", "/Users/aron/master/css/.ai/audits/bug-hunt/repros/ssr-example.mjs", "nuxt"]}
$ nuxt prepare && nuxt build
│
◆  Types generated in .nuxt.
┌  Building Nuxt for production...
│
●  Nuxt 4.5.2 (with Nitro 2.13.4, Vite 8.2.2 and Vue 3.5.42)
│
●  Nitro preset: node-server
ℹ Building client...
ℹ vite v8.2.2 building client environment for production...
transforming...
✓ 156 modules transformed.
rendering chunks...
computing gzip size...
ℹ node_modules/.cache/nuxt/.nuxt/dist/client/manifest.json                                           3.96 kB │ gzip:   0.68 kB
node_modules/.cache/nuxt/.nuxt/dist/client/_nuxt/mastercss_binding_wasm_engine_bg.C3eCwc19.wasm  867.09 kB │ gzip: 267.39 kB
node_modules/.cache/nuxt/.nuxt/dist/client/_nuxt/error-500.CudcjdOf.css                            1.90 kB │ gzip:   0.72 kB
node_modules/.cache/nuxt/.nuxt/dist/client/_nuxt/error-404.DG4ivj4s.css                            2.42 kB │ gzip:   0.85 kB
node_modules/.cache/nuxt/.nuxt/dist/client/_nuxt/entry.Cuv4KUR6.css                               10.12 kB │ gzip:   2.72 kB
node_modules/.cache/nuxt/.nuxt/dist/client/_nuxt/DOLEw1BK.js                                       0.08 kB │ gzip:   0.09 kB
node_modules/.cache/nuxt/.nuxt/dist/client/_nuxt/B3nDGa8D.js                                       3.35 kB │ gzip:   1.51 kB
node_modules/.cache/nuxt/.nuxt/dist/client/_nuxt/BQikXkGB.js                                       4.52 kB │ gzip:   1.95 kB
node_modules/.cache/nuxt/.nuxt/dist/client/_nuxt/B3hwkxEl.js                                       5.02 kB │ gzip:   2.05 kB
node_modules/.cache/nuxt/.nuxt/dist/client/_nuxt/GfDtnz7P.js                                       5.06 kB │ gzip:   2.34 kB
node_modules/.cache/nuxt/.nuxt/dist/client/_nuxt/BY60dynB.js                                       9.83 kB │ gzip:   3.99 kB
node_modules/.cache/nuxt/.nuxt/dist/client/_nuxt/DySaBOzq.js                                      10.92 kB │ gzip:   3.47 kB
node_modules/.cache/nuxt/.nuxt/dist/client/_nuxt/DT96Sz6c.js                                      85.31 kB │ gzip:  32.74 kB
node_modules/.cache/nuxt/.nuxt/dist/client/_nuxt/B8IU3TkW.js                                      96.57 kB │ gzip:  31.31 kB

ℹ ✓ built in 11.80s

 WARN  [33m[PLUGIN_TIMINGS] [0mPlugin hooks ran for 11.3s of this 11.8s build (96%).
The slowest hooks, timed inside each callback (the wait before a callback starts is excluded, the time it awaits is included):
  - master-css:style-entry:build generateBundle (79%, 9.3s, 1 call)
Additional hook time came from the hooks below and from hooks under 1s.
2 hooks are listed without a time. Their calls overlapped, so the time inside one call includes work from other calls. To find their cost, profile the build with node --cpu-prof:
  - nuxt:ssr-styles:client resolveId (11 calls)
  - nuxt:resolve-bare-imports resolveId (9 calls)
See https://rolldown.rs/reference/InputOptions.checks#plugintimings for more details.


✔ Client built in 12398ms
ℹ Building server...
ℹ vite v8.2.2 building ssr environment for production...
transforming...
✓ 63 modules transformed.
rendering chunks...
ℹ ✓ built in 10.38s

 WARN  [33m[PLUGIN_TIMINGS] [0mPlugin hooks ran for 9.7s of this 10.3s build (95%).
The slowest hooks, timed inside each callback (the wait before a callback starts is excluded, the time it awaits is included):
  - master-css:style-entry:build generateBundle (77%, 7.9s, 1 call)
Additional hook time came from the hooks below and from hooks under 1s.
3 hooks are listed without a time. Their calls overlapped, so the time inside one call includes work from other calls. To find their cost, profile the build with node --cpu-prof:
  - nuxt:resolve-externals:external resolveId (17 calls)
  - nuxt:ssr-styles:ssr transform (63 calls)
  - nuxt:ssr-styles:ssr resolveId (15 calls)
See https://rolldown.rs/reference/InputOptions.checks#plugintimings for more details.


✔ Server built in 11260ms
[nitro] ✔ Generated public .output/public
[nitro] ℹ Building Nuxt Nitro server (preset: node-server, compatibility date: 2024-11-01)
[nitro] ✔ Nuxt Nitro server built
  ├─ .output/server/chunks/_/app-styles.BfEEFrKG.mjs (297 B) (197 B gzip)
  ├─ .output/server/chunks/_/app-styles.BfEEFrKG.mjs.map (234 B) (171 B gzip)
  ├─ .output/server/chunks/_/entry-styles-1.mjs-D6TpdnpS.mjs (7.57 kB) (1.94 kB gzip)
  ├─ .output/server/chunks/_/entry-styles-1.mjs-D6TpdnpS.mjs.map (240 B) (174 B gzip)
  ├─ .output/server/chunks/_/entry-styles-2.mjs-vpOrxaA9.mjs (285 B) (197 B gzip)
  ├─ .output/server/chunks/_/entry-styles-2.mjs-vpOrxaA9.mjs.map (240 B) (174 B gzip)
  ├─ .output/server/chunks/_/entry-styles.DruiZ--N.mjs (514 B) (247 B gzip)
  ├─ .output/server/chunks/_/entry-styles.DruiZ--N.mjs.map (248 B) (176 B gzip)
  ├─ .output/server/chunks/_/error-404-BNfVLpGn.mjs (15.1 kB) (4.93 kB gzip)
  ├─ .output/server/chunks/_/error-404-BNfVLpGn.mjs.map (231 B) (175 B gzip)
  ├─ .output/server/chunks/_/error-404-styles.Ce5SnRXz.mjs (3.03 kB) (1.17 kB gzip)
  ├─ .output/server/chunks/_/error-404-styles.Ce5SnRXz.mjs.map (375 B) (199 B gzip)
  ├─ .output/server/chunks/_/error-500-BsET-dw7.mjs (5.16 kB) (2.15 kB gzip)
  ├─ .output/server/chunks/_/error-500-BsET-dw7.mjs.map (231 B) (175 B gzip)
  ├─ .output/server/chunks/_/error-500-styles.8zXkpUIH.mjs (2.5 kB) (1.05 kB gzip)
  ├─ .output/server/chunks/_/error-500-styles.8zXkpUIH.mjs.map (375 B) (202 B gzip)
  ├─ .output/server/chunks/_/error-500.mjs (5.05 kB) (2.07 kB gzip)
  ├─ .output/server/chunks/_/error-500.mjs.map (271 B) (201 B gzip)
  ├─ .output/server/chunks/_/welcome-styles.Ba83ZI-7.mjs (347 B) (215 B gzip)
  ├─ .output/server/chunks/_/welcome-styles.Ba83ZI-7.mjs.map (242 B) (175 B gzip)
  ├─ .output/server/chunks/nitro/nitro.mjs (200 kB) (49 kB gzip)
  ├─ .output/server/chunks/nitro/nitro.mjs.map (8.65 kB) (1.29 kB gzip)
  ├─ .output/server/chunks/routes/renderer.mjs (16.4 kB) (5.7 kB gzip)
  ├─ .output/server/chunks/routes/renderer.mjs.map (2.37 kB) (438 B gzip)
  ├─ .output/server/chunks/virtual/_virtual_spa-template.mjs (94 B) (100 B gzip)
  ├─ .output/server/chunks/virtual/_virtual_spa-template.mjs.map (88 B) (97 B gzip)
  ├─ .output/server/chunks/virtual/entry.mjs (68.5 kB) (19.5 kB gzip)
  ├─ .output/server/chunks/virtual/entry.mjs.map (735 B) (400 B gzip)
  ├─ .output/server/chunks/virtual/precomputed.mjs (8.64 kB) (1.1 kB gzip)
  ├─ .output/server/chunks/virtual/precomputed.mjs.map (210 B) (159 B gzip)
  ├─ .output/server/chunks/virtual/styles.mjs (1.32 kB) (414 B gzip)
  ├─ .output/server/chunks/virtual/styles.mjs.map (193 B) (153 B gzip)
  ├─ .output/server/index.mjs (489 B) (254 B gzip)
  └─ .output/server/package.json (889 B) (378 B gzip)
Σ Total size: 3.19 MB (791 kB gzip)
[nitro] ✔ You can preview this build using node .output/server/index.mjs
│
└  ✨ Build complete!
{"kind":"nuxt","htmlBytes":32748,"hasMasterStyle":true}
{"browser":"chromium","version":"153.0.8010.12"}
{"kind":"runtime","title":"Welcome to Nuxt!","heading":"4.5.2","errors":[]}
{"browser":"firefox","version":"155.0"}
{"kind":"runtime","title":"Welcome to Nuxt!","heading":"4.5.2","errors":[]}
{"browser":"webkit","version":"26.6"}
{"kind":"runtime","title":"Welcome to Nuxt!","heading":"4.5.2","errors":[]}
{"kind":"nuxt","results":[{"browser":"chromium","exit":0},{"browser":"firefox","exit":0},{"browser":"webkit","exit":0}]}
Listening on http://127.0.0.1:51883

{"exit_code": 0, "cleanup": "/Users/aron/master/css/tmp/master-css-bh-isolated-pom2c4f8"}
