(!) Your Vite config uses features that are unsupported by `configLoader: 'native'`, which is planned to become the default in a future major version of Vite:
  - import "../../shared/vitest.config" without a file extension (vitest.config.ts:2:20). Add the file extension
  - import "./vitest-ci-config" without a file extension (../../shared/vitest.config.ts:2:58). Add the file extension
Set `VITE_CONFIG_NATIVE_IGNORE_WARNING=true` to suppress this warning.

 RUN  v5.0.0 /Users/aron/master/css/packages/create

 ❯ tests/bug-hunt-multiline-import.test.ts (2 tests | 1 failed) 130ms
   × keeps Vite config parseable with multiline=true 84ms

⎯⎯⎯⎯⎯⎯⎯ Failed Tests 1 ⎯⎯⎯⎯⎯⎯⎯

 FAIL  tests/bug-hunt-multiline-import.test.ts > keeps Vite config parseable with multiline=true
AssertionError: import {
import masterCSS from '@master/css-vite'
    defineConfig
} from 'vite'
export default defineConfig({ plugins: [
            masterCSS(),] })
: expected [ 'Identifier expected.', …(4) ] to deeply equal []

- Expected
+ Received

- []
+ [
+   "Identifier expected.",
+   "',' expected.",
+   "',' expected.",
+   "Declaration or statement expected.",
+   "Unexpected keyword or identifier.",
+ ]

 ❯ tests/bug-hunt-multiline-import.test.ts:20:114
     18|         const source = readFileSync(file, 'utf8')
     19|         const parsed = ts.createSourceFile(file, source, ts.ScriptTarg…
     20|         expect(parsed.parseDiagnostics.map((d) => ts.flattenDiagnostic…
       |                                                                                                                  ^
     21|     } finally {
     22|         rmSync(root, { recursive: true, force: true })

⎯⎯⎯⎯⎯⎯⎯⎯⎯⎯⎯⎯⎯⎯⎯⎯⎯⎯⎯⎯⎯⎯⎯⎯[1/1]⎯


 Test Files  1 failed (1)
      Tests  1 failed | 1 passed (2)
   Start at  04:45:03
   Duration  2.81s (import 60%, transform 34%, tests 6%)

Error: ERR_PNPM_RECURSIVE_EXEC_FIRST_FAIL

  × "pnpm recursive exec" failed in /Users/aron/master/css/packages/create

