$ tsdown --config ../../shared/tsdown-package.config.ts
ℹ tsdown v0.23.0 powered by rolldown v1.2.7
ℹ config file: /Users/aron/master/css/shared/tsdown-package.config.ts 
ℹ entry: src/constants.ts, src/core.ts, src/index.ts, src/modes.ts, src/transforms.ts, src/bin/index.ts
ℹ target: node24.0.0
ℹ tsconfig: tsconfig.prod.json
ℹ Build start
ℹ Cleaning 13 files
TypeScript 7.0 does not yet have a stable API and is experimental. Some options will be unavailable.
ℹ Granting execute permission to dist/bin/index.js
ℹ dist/index.js         21.76 kB │ gzip: 4.79 kB
ℹ dist/transforms.js    13.40 kB │ gzip: 2.84 kB
ℹ dist/core.js           7.02 kB │ gzip: 2.41 kB
ℹ dist/constants.js      1.43 kB │ gzip: 0.70 kB
ℹ dist/modes.js          0.60 kB │ gzip: 0.31 kB
ℹ dist/bin/index.js      0.12 kB │ gzip: 0.12 kB
ℹ dist/transforms.d.ts   2.73 kB │ gzip: 0.48 kB
ℹ dist/index.d.ts        2.35 kB │ gzip: 0.72 kB
ℹ dist/constants.d.ts    1.60 kB │ gzip: 0.72 kB
ℹ dist/core.d.ts         1.29 kB │ gzip: 0.53 kB
ℹ dist/modes.d.ts        0.41 kB │ gzip: 0.21 kB
ℹ dist/bin/index.d.ts    0.01 kB │ gzip: 0.03 kB
ℹ 12 files, total: 52.73 kB
✔ Build complete in 1679ms
