    Finished `test` profile [unoptimized + debuginfo] target(s) in 0.54s
     Running tests/bug_hunt_import_qualifiers.rs (target/debug/deps/bug_hunt_import_qualifiers-21c5d6902041d113)

running 3 tests
test bh_0004_import_supports_is_preserved_when_expanding ... FAILED
test bh_0004_import_media_is_preserved_when_expanding ... FAILED
test bh_0004_import_layer_is_preserved_when_expanding ... FAILED

failures:

---- bh_0004_import_supports_is_preserved_when_expanding stdout ----

thread 'bh_0004_import_supports_is_preserved_when_expanding' (36580900) panicked at crates/mastercss-compiler/tests/bug_hunt_import_qualifiers.rs:42:5:
.example{color:red}

---- bh_0004_import_media_is_preserved_when_expanding stdout ----

thread 'bh_0004_import_media_is_preserved_when_expanding' (36580899) panicked at crates/mastercss-compiler/tests/bug_hunt_import_qualifiers.rs:22:5:
.example{color:red}
note: run with `RUST_BACKTRACE=1` environment variable to display a backtrace

---- bh_0004_import_layer_is_preserved_when_expanding stdout ----

thread 'bh_0004_import_layer_is_preserved_when_expanding' (36580898) panicked at crates/mastercss-compiler/tests/bug_hunt_import_qualifiers.rs:32:5:
.example{color:red}


failures:
    bh_0004_import_layer_is_preserved_when_expanding
    bh_0004_import_media_is_preserved_when_expanding
    bh_0004_import_supports_is_preserved_when_expanding

test result: FAILED. 0 passed; 3 failed; 0 ignored; 0 measured; 0 filtered out; finished in 0.00s

error: test failed, to rerun pass `-p mastercss-compiler --test bug_hunt_import_qualifiers`
