$ concurrently "pnpm:build:ui:*"
[export-variables] $ vite build --mode export-variables
[import-variables] $ vite build --mode import-variables
[import-variables] vite v8.2.2 building client environment for import-variables...
[export-variables] vite v8.2.2 building client environment for export-variables...
[export-variables] transforming...
[import-variables] transforming...
[import-variables] ✓ 15 modules transformed.
[export-variables] ✓ 17 modules transformed.
[import-variables] 
[import-variables] (!) outDir /Users/aron/master/css/packages/figma/out is not inside project root and will not be emptied.
[import-variables] Use --emptyOutDir to override.
[import-variables] 
[export-variables] 
[export-variables] (!) outDir /Users/aron/master/css/packages/figma/out is not inside project root and will not be emptied.
[export-variables] Use --emptyOutDir to override.
[export-variables] 
[import-variables] rendering chunks...
[export-variables] rendering chunks...
[import-variables] [plugin vite:singlefile] 
[import-variables] 
[import-variables] [plugin vite:singlefile] Inlining: main-DbBoBPUV.js
[export-variables] [plugin vite:singlefile] 
[export-variables] 
[export-variables] [plugin vite:singlefile] Inlining: main-BTt4x0yP.js
[import-variables] [plugin vite:singlefile] Inlining: style-G1Zkcb4U.css
[export-variables] [plugin vite:singlefile] Inlining: style-G1Zkcb4U.css
[import-variables] computing gzip size...
[export-variables] computing gzip size...
[import-variables] out/import-variables.html  26.96 kB │ gzip: 10.83 kB
[import-variables] 
[export-variables] out/export-variables.html  31.18 kB │ gzip: 12.31 kB
[export-variables] 
[import-variables] ✓ built in 152ms
[export-variables] ✓ built in 151ms
[export-variables] pnpm run build:ui:export-variables exited with code 0
[import-variables] pnpm run build:ui:import-variables exited with code 0
