
Running 6 tests using 1 worker

(node:83803) Warning: The 'NO_COLOR' env is ignored due to the 'FORCE_COLOR' env being set.
(Use `node --trace-warnings ...` to show where the warning was created)


[1/6] [chromium] › e2e/bug-hunt-frame.test.ts:6:1 › BH-0009 tracks class updates in a same-origin iframe Document root
  1) [chromium] › e2e/bug-hunt-frame.test.ts:6:1 › BH-0009 tracks class updates in a same-origin iframe Document root 

    Error: expect(received).toEqual(expected) // deep equality

    - Expected  - 1
    + Received  + 1

      Object {
    -   "hidden": 1,
    +   "block": 1,
      }

      28 |   }, defaultManifestJSON as unknown as MasterCSSManifest)
      29 |   expect(result.before).toEqual({ block: 1 })
    > 30 |   expect(result.after).toEqual({ hidden: 1 })
         |                        ^
      31 | })
      32 |
        at /Users/aron/master/css/packages/runtime/e2e/bug-hunt-frame.test.ts:30:24

    Error Context: test-results/e2e-bug-hunt-frame-BH-0009-f4f83-origin-iframe-Document-root-chromium/error-context.md


(node:83817) Warning: The 'NO_COLOR' env is ignored due to the 'FORCE_COLOR' env being set.
(Use `node --trace-warnings ...` to show where the warning was created)


[2/6] [chromium] › e2e/bug-hunt-hydration.test.ts:4:1 › BH-0008: external hydration works with modules and Wasm allowed but unsafe-eval denied
  2) [chromium] › e2e/bug-hunt-hydration.test.ts:4:1 › BH-0008: external hydration works with modules and Wasm allowed but unsafe-eval denied 

    Error: expect(received).toEqual(expected) // deep equality

    - Expected  - 1
    + Received  + 3

      Object {
    -   "error": null,
    +   "cause": "Evaluating a string as JavaScript violates the following Content Security Policy directive because 'unsafe-eval' is not an allowed source of script: script-src 'self' 'unsafe-inline' 'wasm-unsafe-eval' http://127.0.0.1:*\".
    + ",
    +   "error": "Cannot load the Master CSS hydration manifest from http://127.0.0.1:52578/audit-hydration.json.",
        "fetchOK": true,
        "importVersion": 1,
      }

      27 |     }
      28 |   }, { loaderURL, manifestURL })
    > 29 |   expect(result).toEqual({ fetchOK: true, importVersion: 1, error: null })
         |                  ^
      30 | })
      31 |
        at /Users/aron/master/css/packages/runtime/e2e/bug-hunt-hydration.test.ts:29:18

    Error Context: test-results/e2e-bug-hunt-hydration-BH--8f4f3-owed-but-unsafe-eval-denied-chromium/error-context.md


(node:83868) Warning: The 'NO_COLOR' env is ignored due to the 'FORCE_COLOR' env being set.
(Use `node --trace-warnings ...` to show where the warning was created)


[3/6] [firefox] › e2e/bug-hunt-frame.test.ts:6:1 › BH-0009 tracks class updates in a same-origin iframe Document root
  3) [firefox] › e2e/bug-hunt-frame.test.ts:6:1 › BH-0009 tracks class updates in a same-origin iframe Document root 

    Error: expect(received).toEqual(expected) // deep equality

    - Expected  - 1
    + Received  + 1

      Object {
    -   "hidden": 1,
    +   "block": 1,
      }

      28 |   }, defaultManifestJSON as unknown as MasterCSSManifest)
      29 |   expect(result.before).toEqual({ block: 1 })
    > 30 |   expect(result.after).toEqual({ hidden: 1 })
         |                        ^
      31 | })
      32 |
        at /Users/aron/master/css/packages/runtime/e2e/bug-hunt-frame.test.ts:30:24

    Error Context: test-results/e2e-bug-hunt-frame-BH-0009-f4f83-origin-iframe-Document-root-firefox/error-context.md


(node:83888) Warning: The 'NO_COLOR' env is ignored due to the 'FORCE_COLOR' env being set.
(Use `node --trace-warnings ...` to show where the warning was created)


[4/6] [firefox] › e2e/bug-hunt-hydration.test.ts:4:1 › BH-0008: external hydration works with modules and Wasm allowed but unsafe-eval denied
  4) [firefox] › e2e/bug-hunt-hydration.test.ts:4:1 › BH-0008: external hydration works with modules and Wasm allowed but unsafe-eval denied 

    Error: expect(received).toEqual(expected) // deep equality

    - Expected  - 1
    + Received  + 2

      Object {
    -   "error": null,
    +   "cause": "call to Function() blocked by CSP",
    +   "error": "Cannot load the Master CSS hydration manifest from http://127.0.0.1:52598/audit-hydration.json.",
        "fetchOK": true,
        "importVersion": 1,
      }

      27 |     }
      28 |   }, { loaderURL, manifestURL })
    > 29 |   expect(result).toEqual({ fetchOK: true, importVersion: 1, error: null })
         |                  ^
      30 | })
      31 |
        at /Users/aron/master/css/packages/runtime/e2e/bug-hunt-hydration.test.ts:29:18

    Error Context: test-results/e2e-bug-hunt-hydration-BH--8f4f3-owed-but-unsafe-eval-denied-firefox/error-context.md


(node:83902) Warning: The 'NO_COLOR' env is ignored due to the 'FORCE_COLOR' env being set.
(Use `node --trace-warnings ...` to show where the warning was created)


[5/6] [webkit] › e2e/bug-hunt-frame.test.ts:6:1 › BH-0009 tracks class updates in a same-origin iframe Document root
  5) [webkit] › e2e/bug-hunt-frame.test.ts:6:1 › BH-0009 tracks class updates in a same-origin iframe Document root 

    Error: expect(received).toEqual(expected) // deep equality

    - Expected  - 1
    + Received  + 1

      Object {
    -   "hidden": 1,
    +   "block": 1,
      }

      28 |   }, defaultManifestJSON as unknown as MasterCSSManifest)
      29 |   expect(result.before).toEqual({ block: 1 })
    > 30 |   expect(result.after).toEqual({ hidden: 1 })
         |                        ^
      31 | })
      32 |
        at /Users/aron/master/css/packages/runtime/e2e/bug-hunt-frame.test.ts:30:24

    Error Context: test-results/e2e-bug-hunt-frame-BH-0009-f4f83-origin-iframe-Document-root-webkit/error-context.md


(node:83931) Warning: The 'NO_COLOR' env is ignored due to the 'FORCE_COLOR' env being set.
(Use `node --trace-warnings ...` to show where the warning was created)


[6/6] [webkit] › e2e/bug-hunt-hydration.test.ts:4:1 › BH-0008: external hydration works with modules and Wasm allowed but unsafe-eval denied
  6) [webkit] › e2e/bug-hunt-hydration.test.ts:4:1 › BH-0008: external hydration works with modules and Wasm allowed but unsafe-eval denied 

    Error: expect(received).toEqual(expected) // deep equality

    - Expected  - 1
    + Received  + 3

      Object {
    -   "error": null,
    +   "cause": "Refused to evaluate a string as JavaScript because 'unsafe-eval' or 'trusted-types-eval' is not an allowed source of script in the following Content Security Policy directive: \"script-src 'self' 'unsafe-inline' 'wasm-unsafe-eval' http://127.0.0.1:*\".
    + ",
    +   "error": "Cannot load the Master CSS hydration manifest from http://127.0.0.1:52611/audit-hydration.json.",
        "fetchOK": true,
        "importVersion": 1,
      }

      27 |     }
      28 |   }, { loaderURL, manifestURL })
    > 29 |   expect(result).toEqual({ fetchOK: true, importVersion: 1, error: null })
         |                  ^
      30 | })
      31 |
        at /Users/aron/master/css/packages/runtime/e2e/bug-hunt-hydration.test.ts:29:18

    Error Context: test-results/e2e-bug-hunt-hydration-BH--8f4f3-owed-but-unsafe-eval-denied-webkit/error-context.md


  6 failed
    [chromium] › e2e/bug-hunt-frame.test.ts:6:1 › BH-0009 tracks class updates in a same-origin iframe Document root 
    [chromium] › e2e/bug-hunt-hydration.test.ts:4:1 › BH-0008: external hydration works with modules and Wasm allowed but unsafe-eval denied 
    [firefox] › e2e/bug-hunt-frame.test.ts:6:1 › BH-0009 tracks class updates in a same-origin iframe Document root 
    [firefox] › e2e/bug-hunt-hydration.test.ts:4:1 › BH-0008: external hydration works with modules and Wasm allowed but unsafe-eval denied 
    [webkit] › e2e/bug-hunt-frame.test.ts:6:1 › BH-0009 tracks class updates in a same-origin iframe Document root 
    [webkit] › e2e/bug-hunt-hydration.test.ts:4:1 › BH-0008: external hydration works with modules and Wasm allowed but unsafe-eval denied 
Error: ERR_PNPM_RECURSIVE_EXEC_FIRST_FAIL

  × "pnpm recursive exec" failed in /Users/aron/master/css/packages/runtime

