(!) Your Vite config uses features that are unsupported by `configLoader: 'native'`, which is planned to become the default in a future major version of Vite:
  - import "../../shared/vitest.config" without a file extension (vitest.config.ts:2:20). Add the file extension
  - import "./vitest-ci-config" without a file extension (../../shared/vitest.config.ts:2:58). Add the file extension
Set `VITE_CONFIG_NATIVE_IGNORE_WARNING=true` to suppress this warning.

 RUN  v5.0.0 /Users/aron/master/css/packages/cli

 ❯ tests/bug-hunt-watch.test.ts (1 test | 1 failed) 5438ms
   × scans a new sibling HTML file after an existing-file change 5438ms

⎯⎯⎯⎯⎯⎯⎯ Failed Tests 1 ⎯⎯⎯⎯⎯⎯⎯

 FAIL  tests/bug-hunt-watch.test.ts > scans a new sibling HTML file after an existing-file change
AssertionError: master.css exported 39B

Start watching source changes
master.css exported 60B
: expected false to be true // Object.is equality

- Expected
+ Received

- true
+ false

 ❯ waitUntil tests/bug-hunt-watch.test.ts:27:33
     25|             await new Promise((resolveWait) => setTimeout(resolveWait,…
     26|         }
     27|         expect(check(), stderr).toBe(true)
       |                                 ^
     28|     }
     29|     try {
 ❯ tests/bug-hunt-watch.test.ts:35:9

⎯⎯⎯⎯⎯⎯⎯⎯⎯⎯⎯⎯⎯⎯⎯⎯⎯⎯⎯⎯⎯⎯⎯⎯[1/1]⎯


 Test Files  1 failed (1)
      Tests  1 failed (1)
   Start at  05:29:41
   Duration  5.52s (tests 100%)

Error: ERR_PNPM_RECURSIVE_EXEC_FIRST_FAIL

  × "pnpm recursive exec" failed in /Users/aron/master/css/packages/cli

