(!) Your Vite config uses features that are unsupported by `configLoader: 'native'`, which is planned to become the default in a future major version of Vite:
  - import "../../shared/vitest.config" without a file extension (vitest.config.ts:3:20). Add the file extension
  - import "./vitest-ci-config" without a file extension (../../shared/vitest.config.ts:2:58). Add the file extension
Set `VITE_CONFIG_NATIVE_IGNORE_WARNING=true` to suppress this warning.

 RUN  v5.0.0 /Users/aron/master/css/packages/tooling

 ❯ tests/source/bug-hunt.test.ts (2 tests | 1 failed) 108ms
   × BH-0010 decodes HTML class character references before extraction 6ms
 ❯ tests/source/bug-hunt-svelte-branches.test.ts (8 tests | 1 failed) 19ms
   × BH-0011 scanner emits classes from nested Svelte alternatives 3ms

⎯⎯⎯⎯⎯⎯⎯ Failed Tests 2 ⎯⎯⎯⎯⎯⎯⎯

 FAIL  tests/source/bug-hunt-svelte-branches.test.ts > BH-0011 scanner emits classes from nested Svelte alternatives
TypeError: Cannot read properties of undefined (reading 'variables')
 ❯ normalizeMasterCSSManifest ../schema/src/manifest-json.ts:60:18
     58|   return {
     59|     ...manifest,
     60|     ...(manifest.variables ? { variables: normalizeVariablesForJSON(ma…
       |                  ^
     61|     ...(manifest.utilities?.length ? { utilities: manifest.utilities.m…
     62|   }
 ❯ serializeMasterCSSManifest ../schema/src/manifest-json.ts:66:25
 ❯ Object.createScannerSession ../binding/src/tooling.ts:175:58
 ❯ Object.createScannerSession ../binding/src/tooling-binding-native.ts:27:36
 ❯ Object.createScannerSession ../binding/src/tooling-binding-native.ts:52:55
 ❯ createScannerSession src/scanner/binding-session.ts:122:13
 ❯ MasterCSSScanner.initInternal src/scanner/core.ts:238:28
 ❯ tests/source/bug-hunt-svelte-branches.test.ts:53:19

⎯⎯⎯⎯⎯⎯⎯⎯⎯⎯⎯⎯⎯⎯⎯⎯⎯⎯⎯⎯⎯⎯⎯⎯[1/2]⎯

 FAIL  tests/source/bug-hunt.test.ts > BH-0010 decodes HTML class character references before extraction
AssertionError: expected [ 'block&#32;hidden' ] to deeply equal [ 'block', 'hidden' ]

- Expected
+ Received

  [
-   "block",
-   "hidden",
+   "block&#32;hidden",
  ]

 ❯ tests/source/bug-hunt.test.ts:7:6
      5| test('BH-0010 decodes HTML class character references before extractio…
      6|   expect(extractHTMLClassesNative('index.html', '<div class="block&#32…
      7|     .toEqual(['block', 'hidden'])
       |      ^
      8| })
      9|

⎯⎯⎯⎯⎯⎯⎯⎯⎯⎯⎯⎯⎯⎯⎯⎯⎯⎯⎯⎯⎯⎯⎯⎯[2/2]⎯


 Test Files  2 failed (2)
      Tests  2 failed | 8 passed (10)
   Start at  05:57:32
   Duration  265ms (import 41%, tests 34%, transform 24%, worker 1%)

Error: ERR_PNPM_RECURSIVE_EXEC_FIRST_FAIL

  × "pnpm recursive exec" failed in /Users/aron/master/css/packages/tooling

