    Blocking waiting for file lock on build directory
   Compiling phf_macros v0.14.0
    Checking indexmap v2.14.2
    Checking phf v0.14.0
    Checking serde_json v1.0.151
    Checking mastercss-schema v0.0.0 (/Users/aron/master/css/crates/mastercss-schema)
    Checking oxc_regular_expression v0.148.0
    Checking oxc_syntax v0.148.0
    Checking mastercss-lexer v0.0.0 (/Users/aron/master/css/crates/mastercss-lexer)
    Checking oxc_ast v0.148.0
    Checking oxc_ecmascript v0.148.0
    Checking oxc_ast_visit v0.148.0
    Checking oxc_parser v0.148.0
    Checking mastercss-source v0.0.0 (/Users/aron/master/css/crates/mastercss-source)
error: invisible character detected
   --> crates/mastercss-source/src/html_entities.rs:113:45
    |
113 |     ("Ncy;", "Н"), ("NegativeMediumSpace;", "​"), ("NegativeThickSpace;", "​"),
    |                                             ^^ help: consider replacing the string with: `"\u{200B}"`
    |
    = help: for further information visit https://rust-lang.github.io/rust-clippy/rust-1.98.0/index.html#invisible_characters
    = note: `#[deny(clippy::invisible_characters)]` on by default

error: invisible character detected
   --> crates/mastercss-source/src/html_entities.rs:113:75
    |
113 |     ("Ncy;", "Н"), ("NegativeMediumSpace;", "​"), ("NegativeThickSpace;", "​"),
    |                                                                          ^^ help: consider replacing the string with: `"\u{200B}"`
    |
    = help: for further information visit https://rust-lang.github.io/rust-clippy/rust-1.98.0/index.html#invisible_characters

error: invisible character detected
   --> crates/mastercss-source/src/html_entities.rs:114:28
    |
114 |     ("NegativeThinSpace;", "​"), ("NegativeVeryThinSpace;", "​"), ("NestedGreaterGreater;", "≫"),
    |                            ^^ help: consider replacing the string with: `"\u{200B}"`
    |
    = help: for further information visit https://rust-lang.github.io/rust-clippy/rust-1.98.0/index.html#invisible_characters

error: invisible character detected
   --> crates/mastercss-source/src/html_entities.rs:114:61
    |
114 |     ("NegativeThinSpace;", "​"), ("NegativeVeryThinSpace;", "​"), ("NestedGreaterGreater;", "≫"),
    |                                                            ^^ help: consider replacing the string with: `"\u{200B}"`
    |
    = help: for further information visit https://rust-lang.github.io/rust-clippy/rust-1.98.0/index.html#invisible_characters

error: invisible character detected
   --> crates/mastercss-source/src/html_entities.rs:116:18
    |
116 |     ("NoBreak;", "⁠"), ("NonBreakingSpace;", "\u{a0}"), ("Nopf;", "ℕ"),
    |                  ^^ help: consider replacing the string with: `"\u{2060}"`
    |
    = help: for further information visit https://rust-lang.github.io/rust-clippy/rust-1.98.0/index.html#invisible_characters

error: invisible character detected
   --> crates/mastercss-source/src/html_entities.rs:216:56
    |
216 |     ("Zcy;", "З"), ("Zdot;", "Ż"), ("ZeroWidthSpace;", "​"),
    |                                                        ^^ help: consider replacing the string with: `"\u{200B}"`
    |
    = help: for further information visit https://rust-lang.github.io/rust-clippy/rust-1.98.0/index.html#invisible_characters

error: invisible character detected
   --> crates/mastercss-source/src/html_entities.rs:639:13
    |
639 |     ("shy", "­"), ("shy;", "­"), ("sigma;", "σ"),
    |             ^^ help: consider replacing the string with: `"\u{AD}"`
    |
    = help: for further information visit https://rust-lang.github.io/rust-clippy/rust-1.98.0/index.html#invisible_characters

error: invisible character detected
   --> crates/mastercss-source/src/html_entities.rs:639:28
    |
639 |     ("shy", "­"), ("shy;", "­"), ("sigma;", "σ"),
    |                           ^^ help: consider replacing the string with: `"\u{AD}"`
    |
    = help: for further information visit https://rust-lang.github.io/rust-clippy/rust-1.98.0/index.html#invisible_characters

error: this manual char comparison can be written more succinctly
   --> crates/mastercss-source/src/lib.rs:141:28
    |
141 |                     .split(|c| matches!(c, ' ' | '\t' | '\n' | '\r' | '\u{c}'))
    |                            ^^^^^^^^^^^^^^^^^^^^^^^^^^^^^^^^^^^^^^^^^^^^^^^^^^^ help: consider using an array of `char`: `[' ', '\t', '\n', '\r', '\u{c}']`
    |
    = help: for further information visit https://rust-lang.github.io/rust-clippy/rust-1.98.0/index.html#manual_pattern_char_comparison
    = note: `-D clippy::manual-pattern-char-comparison` implied by `-D warnings`
    = help: to override `-D warnings` add `#[allow(clippy::manual_pattern_char_comparison)]`

error: could not compile `mastercss-source` (lib test) due to 9 previous errors
warning: build failed, waiting for other jobs to finish...
error: could not compile `mastercss-source` (lib) due to 9 previous errors
