(!) Your Vite config uses features that are unsupported by `configLoader: 'native'`, which is planned to become the default in a future major version of Vite:
  - import "../../shared/vitest.config" without a file extension (vitest.config.ts:2:20). Add the file extension
  - import "./vitest-ci-config" without a file extension (../../shared/vitest.config.ts:2:58). Add the file extension
Set `VITE_CONFIG_NATIVE_IGNORE_WARNING=true` to suppress this warning.

 RUN  v5.0.0 /Users/aron/master/css/packages/eslint-plugin

 ❯ tests/issues/375.test.ts (1 test | 1 failed) 401ms
   ❯ order (1)
     ❯ invalid (1)
       × /Users/aron/master/css/packages/eslint-plugin/tests/fixtures/issues/375/1.input.tsx 399ms
 ❯ tests/sort-classes.test.ts (48 tests | 4 failed) 14972ms
   ❯ sort classes (48)
     ❯ invalid (28)
       × 
        ctl(`
          hidden
          w:0.375rem@sm
          block
          hidden
          flex
          block
          w:3x
          flex
          block
          w:1x@lg
          w:1x@lg
        `);
       308ms
       × 
        ctl(`
          invalid
          w:0.375rem@sm
          flex
          container
          w:3x
          w:1x@lg
        `);
       301ms
       × 
        ctl(`
          ${
              !isDisabled &&
              `
              flex
              top:0
              b:0
              `
          }
          ${
              isDisabled &&
              `
              b:0
              mx:0
              `
          }
          flex
          px:0.125rem
        `)
       305ms
       × 
        ctl(`
          px:0.125rem
          flex
        `)
       311ms

⎯⎯⎯⎯⎯⎯⎯ Failed Tests 5 ⎯⎯⎯⎯⎯⎯⎯

 FAIL  tests/sort-classes.test.ts > sort classes > invalid > 
        ctl(`
          hidden
          w:0.375rem@sm
          block
          hidden
          flex
          block
          w:3x
          flex
          block
          w:1x@lg
          w:1x@lg
        `);
      
AssertionError: Output is incorrect.
+ actual - expected

  '\n' +
+   '        ctl(`\\u000a          block\\u000a          flex\\u000a          hidden\\u000a          w:3x\\u000a          w:0.375rem@sm\\u000a          w:1x@lg\\u000a        `);\n' +
-   '        ctl(`\n' +
-   '          block\n' +
-   '          flex\n' +
-   '          hidden\n' +
-   '          w:3x\n' +
-   '          w:0.375rem@sm\n' +
-   '          w:1x@lg\n' +
-   '        `);\n' +
    '      '


- Expected
+ Received


-         ctl(`
-           block
-           flex
-           hidden
-           w:3x
-           w:0.375rem@sm
-           w:1x@lg
-         `);
+         ctl(`\u000a          block\u000a          flex\u000a          hidden\u000a          w:3x\u000a          w:0.375rem@sm\u000a          w:1x@lg\u000a        `);
        

 ❯ RuleTester.#testInvalidTemplate ../../node_modules/.pnpm/@typescript-eslint+rule-tester@8.69.0_eslint@10.10.0_jiti@2.7.0_supports-color@10.2.2___10d8a2904d2941202735c3bbe43bcaa6/node_modules/@typescript-eslint/rule-tester/dist/RuleTester.js:887:39
 ❯ ../../node_modules/.pnpm/@typescript-eslint+rule-tester@8.69.0_eslint@10.10.0_jiti@2.7.0_supports-color@10.2.2___10d8a2904d2941202735c3bbe43bcaa6/node_modules/@typescript-eslint/rule-tester/dist/RuleTester.js:453:58

⎯⎯⎯⎯⎯⎯⎯⎯⎯⎯⎯⎯⎯⎯⎯⎯⎯⎯⎯⎯⎯⎯⎯⎯[1/5]⎯

 FAIL  tests/sort-classes.test.ts > sort classes > invalid > 
        ctl(`
          invalid
          w:0.375rem@sm
          flex
          container
          w:3x
          w:1x@lg
        `);
      
AssertionError: Output is incorrect.
+ actual - expected

  '\n' +
+   '        ctl(`\\u000a          flex\\u000a          container\\u000a          w:3x\\u000a          w:0.375rem@sm\\u000a          w:1x@lg\\u000a          invalid\\u000a        `);\n' +
-   '        ctl(`\n' +
-   '          flex\n' +
-   '          container\n' +
-   '          w:3x\n' +
-   '          w:0.375rem@sm\n' +
-   '          w:1x@lg\n' +
-   '          invalid\n' +
-   '        `);\n' +
    '      '


- Expected
+ Received


-         ctl(`
-           flex
-           container
-           w:3x
-           w:0.375rem@sm
-           w:1x@lg
-           invalid
-         `);
+         ctl(`\u000a          flex\u000a          container\u000a          w:3x\u000a          w:0.375rem@sm\u000a          w:1x@lg\u000a          invalid\u000a        `);
        

 ❯ RuleTester.#testInvalidTemplate ../../node_modules/.pnpm/@typescript-eslint+rule-tester@8.69.0_eslint@10.10.0_jiti@2.7.0_supports-color@10.2.2___10d8a2904d2941202735c3bbe43bcaa6/node_modules/@typescript-eslint/rule-tester/dist/RuleTester.js:887:39
 ❯ ../../node_modules/.pnpm/@typescript-eslint+rule-tester@8.69.0_eslint@10.10.0_jiti@2.7.0_supports-color@10.2.2___10d8a2904d2941202735c3bbe43bcaa6/node_modules/@typescript-eslint/rule-tester/dist/RuleTester.js:453:58

⎯⎯⎯⎯⎯⎯⎯⎯⎯⎯⎯⎯⎯⎯⎯⎯⎯⎯⎯⎯⎯⎯⎯⎯[2/5]⎯

 FAIL  tests/sort-classes.test.ts > sort classes > invalid > 
        ctl(`
          ${
              !isDisabled &&
              `
              flex
              top:0
              b:0
              `
          }
          ${
              isDisabled &&
              `
              b:0
              mx:0
              `
          }
          flex
          px:0.125rem
        `)
      
AssertionError: Output is incorrect.
+ actual - expected

  '\n' +
    '        ctl(`\n' +
    '          ${\n' +
    '              !isDisabled &&\n' +
+   '              `\\u000a              top:0\\u000a              flex\\u000a              b:0\\u000a              `\n' +
-   '              `\n' +
-   '              top:0\n' +
-   '              flex\n' +
-   '              b:0\n' +
-   '              `\n' +
    '          }\n' +
    '          ${\n' +
    '              isDisabled &&\n' +
+   '              `\\u000a              mx:0\\u000a              b:0\\u000a              `\n' +
-   '              `\n' +
-   '              mx:0\n' +
-   '              b:0\n' +
-   '              `\n' +
    '          }\n' +
    '          flex\n' +
    '          px:0.125rem\n' +
    '        `)\n' +
    '      '


- Expected
+ Received


          ctl(`
            ${
                !isDisabled &&
-               `
-               top:0
-               flex
-               b:0
-               `
+               `\u000a              top:0\u000a              flex\u000a              b:0\u000a              `
            }
            ${
                isDisabled &&
-               `
-               mx:0
-               b:0
-               `
+               `\u000a              mx:0\u000a              b:0\u000a              `
            }
            flex
            px:0.125rem
          `)
        

 ❯ RuleTester.#testInvalidTemplate ../../node_modules/.pnpm/@typescript-eslint+rule-tester@8.69.0_eslint@10.10.0_jiti@2.7.0_supports-color@10.2.2___10d8a2904d2941202735c3bbe43bcaa6/node_modules/@typescript-eslint/rule-tester/dist/RuleTester.js:887:39
 ❯ ../../node_modules/.pnpm/@typescript-eslint+rule-tester@8.69.0_eslint@10.10.0_jiti@2.7.0_supports-color@10.2.2___10d8a2904d2941202735c3bbe43bcaa6/node_modules/@typescript-eslint/rule-tester/dist/RuleTester.js:453:58

⎯⎯⎯⎯⎯⎯⎯⎯⎯⎯⎯⎯⎯⎯⎯⎯⎯⎯⎯⎯⎯⎯⎯⎯[3/5]⎯

 FAIL  tests/sort-classes.test.ts > sort classes > invalid > 
        ctl(`
          px:0.125rem
          flex
        `)
      
AssertionError: Output is incorrect.
+ actual - expected

+ '\n' +
+   '        ctl(`\\u000a          flex\\u000a          px:0.125rem\\u000a        `)\n' +
+   '      '
- '\n        ctl(`\n          flex\n          px:0.125rem\n        `)\n      '


- Expected
+ Received


-         ctl(`
-           flex
-           px:0.125rem
-         `)
+         ctl(`\u000a          flex\u000a          px:0.125rem\u000a        `)
        

 ❯ RuleTester.#testInvalidTemplate ../../node_modules/.pnpm/@typescript-eslint+rule-tester@8.69.0_eslint@10.10.0_jiti@2.7.0_supports-color@10.2.2___10d8a2904d2941202735c3bbe43bcaa6/node_modules/@typescript-eslint/rule-tester/dist/RuleTester.js:887:39
 ❯ ../../node_modules/.pnpm/@typescript-eslint+rule-tester@8.69.0_eslint@10.10.0_jiti@2.7.0_supports-color@10.2.2___10d8a2904d2941202735c3bbe43bcaa6/node_modules/@typescript-eslint/rule-tester/dist/RuleTester.js:453:58

⎯⎯⎯⎯⎯⎯⎯⎯⎯⎯⎯⎯⎯⎯⎯⎯⎯⎯⎯⎯⎯⎯⎯⎯[4/5]⎯

 FAIL  tests/issues/375.test.ts > order > invalid > /Users/aron/master/css/packages/eslint-plugin/tests/fixtures/issues/375/1.input.tsx
AssertionError: Output is incorrect.
+ actual - expected

  "import React from 'react'\n" +
    '\n' +
    'export default function Componennt() {\n' +
    '  return (\n' +
+   '    <div className={`\\u000a      block\\u000a      font:1rem\\u000a      text-center\\u000a      fg:blue\\u000a    `}></div>\n' +
-   '    <div className={`\n' +
-   '      block\n' +
-   '      font:1rem\n' +
-   '      text-center\n' +
-   '      fg:blue\n' +
-   '    `}></div>\n' +
    '  )\n' +
    '}\n'


- Expected
+ Received

  import React from 'react'

  export default function Componennt() {
    return (
-     <div className={`
-       block
-       font:1rem
-       text-center
-       fg:blue
-     `}></div>
+     <div className={`\u000a      block\u000a      font:1rem\u000a      text-center\u000a      fg:blue\u000a    `}></div>
    )
  }


 ❯ RuleTester.#testInvalidTemplate ../../node_modules/.pnpm/@typescript-eslint+rule-tester@8.69.0_eslint@10.10.0_jiti@2.7.0_supports-color@10.2.2___10d8a2904d2941202735c3bbe43bcaa6/node_modules/@typescript-eslint/rule-tester/dist/RuleTester.js:887:39
 ❯ ../../node_modules/.pnpm/@typescript-eslint+rule-tester@8.69.0_eslint@10.10.0_jiti@2.7.0_supports-color@10.2.2___10d8a2904d2941202735c3bbe43bcaa6/node_modules/@typescript-eslint/rule-tester/dist/RuleTester.js:453:58

⎯⎯⎯⎯⎯⎯⎯⎯⎯⎯⎯⎯⎯⎯⎯⎯⎯⎯⎯⎯⎯⎯⎯⎯[5/5]⎯


 Test Files  2 failed | 19 passed (21)
      Tests  5 failed | 227 passed (232)
   Start at  06:48:16
   Duration  22.24s (tests 84%, setup 8%, transform 4%, import 4%)

Error: ERR_PNPM_RECURSIVE_EXEC_FIRST_FAIL

  × "pnpm recursive exec" failed in /Users/aron/master/css/packages/eslint-
  │ plugin

