(!) Your Vite config uses features that are unsupported by `configLoader: 'native'`, which is planned to become the default in a future major version of Vite:
  - import "../../shared/vitest.config" without a file extension (vitest.config.ts:2:20). Add the file extension
  - import "./vitest-ci-config" without a file extension (../../shared/vitest.config.ts:2:58). Add the file extension
Set `VITE_CONFIG_NATIVE_IGNORE_WARNING=true` to suppress this warning.

 RUN  v5.0.0 /Users/aron/master/css/packages/eslint-plugin

 ❯ tests/bug-hunt-vue-escaped-attribute.test.ts (2 tests | 2 failed) 635ms
   × BH-0015 maps a Vue expression through both HTML entities and JavaScript escapes 326ms
   × BH-0015 fixes the complete Vue source range without leaving entity fragments or invalid syntax 309ms

⎯⎯⎯⎯⎯⎯⎯ Failed Tests 2 ⎯⎯⎯⎯⎯⎯⎯

 FAIL  tests/bug-hunt-vue-escaped-attribute.test.ts > BH-0015 maps a Vue expression through both HTML entities and JavaScript escapes
AssertionError: expected { …(8) } to match object { …(3) }
(5 matching properties omitted from actual)

- Expected
+ Received

  {
-   "column": 41,
-   "endColumn": 44,
+   "column": 37,
+   "endColumn": 40,
    "ruleId": "@master/css/no-invalid-classes",
  }

 ❯ tests/bug-hunt-vue-escaped-attribute.test.ts:20:30
     18|   const [result] = await linter(false).lintText(source, { filePath: 'e…
     19|   expect(result.messages).toHaveLength(1)
     20|   expect(result.messages[0]).toMatchObject({
       |                              ^
     21|     ruleId: '@master/css/no-invalid-classes',
     22|     column: source.indexOf('zzz') + 1,

⎯⎯⎯⎯⎯⎯⎯⎯⎯⎯⎯⎯⎯⎯⎯⎯⎯⎯⎯⎯⎯⎯⎯⎯[1/2]⎯

 FAIL  tests/bug-hunt-vue-escaped-attribute.test.ts > BH-0015 fixes the complete Vue source range without leaving entity fragments or invalid syntax
AssertionError: expected '<template><div :class="\'bg:black fg:…' to be '<template><div :class="\'bg:black fg:…' // Object.is equality

Expected: "<template><div :class="'bg:black fg:white'" /></template>"
Received: "<template><div :class="'bg:black fg:whitelack'" /></template>"

 ❯ tests/bug-hunt-vue-escaped-attribute.test.ts:31:25
     29|   const [result] = await linter(true).lintText(source, { filePath: 'es…
     30|   expect(result.messages).toEqual([])
     31|   expect(result.output).toBe(`<template><div :class="'bg:black fg:whit…
       |                         ^
     32|   const [stable] = await linter(true).lintText(result.output!, { fileP…
     33|   expect(stable.messages).toEqual([])

⎯⎯⎯⎯⎯⎯⎯⎯⎯⎯⎯⎯⎯⎯⎯⎯⎯⎯⎯⎯⎯⎯⎯⎯[2/2]⎯


 Test Files  1 failed (1)
      Tests  2 failed (2)
   Start at  06:55:14
   Duration  1.27s (tests 53%, transform 22%, setup 18%, import 8%)

Error: ERR_PNPM_RECURSIVE_EXEC_FIRST_FAIL

  × "pnpm recursive exec" failed in /Users/aron/master/css/packages/eslint-
  │ plugin

