(!) Your Vite config uses features that are unsupported by `configLoader: 'native'`, which is planned to become the default in a future major version of Vite:
  - import "../../shared/vitest.config" without a file extension (vitest.config.ts:2:20). Add the file extension
  - import "./vitest-ci-config" without a file extension (../../shared/vitest.config.ts:2:58). Add the file extension
Set `VITE_CONFIG_NATIVE_IGNORE_WARNING=true` to suppress this warning.

 RUN  v5.0.0 /Users/aron/master/css/packages/eslint-plugin

 ❯ tests/bug-hunt-javascript-escapes.test.ts (37 tests | 8 failed) 482ms
   × recognizes the parser cooked value of "\142lock" 4ms
   × sorts escaped strings with valid syntax, equivalent classes and stable fixes: clsx("fg:white \u0062g:black") 7ms
   × sorts escaped strings with valid syntax, equivalent classes and stable fixes: clsx("fg:white\u0020bg:black") 5ms
   × sorts escaped strings with valid syntax, equivalent classes and stable fixes: clsx('fg:white content:\'a\\b\' bg:black') 6ms
   × sorts escaped strings with valid syntax, equivalent classes and stable fixes: clsx(`fg:white content:'\${value}' bg:black`) 6ms
   × sorts escaped strings with valid syntax, equivalent classes and stable fixes: clsx(`
 fg:white
 bg:black
`) 5ms
   × sorts escaped strings with valid syntax, equivalent classes and stable fixes: clsx("fg:white\
 bg:black") 5ms
   × maps conflict removal and canonical replacement through escaped separators 37ms

⎯⎯⎯⎯⎯⎯⎯ Failed Tests 8 ⎯⎯⎯⎯⎯⎯⎯

 FAIL  tests/bug-hunt-javascript-escapes.test.ts > recognizes the parser cooked value of "\142lock"
AssertionError: expected [ { ruleId: null, fatal: true, …(4) } ] to deeply equal []

- Expected
+ Received

- []
+ [
+   {
+     "column": 6,
+     "fatal": true,
+     "line": 1,
+     "message": "Parsing error: Octal escape sequences are not allowed. Use the syntax '\\x62'.",
+     "ruleId": null,
+     "severity": 2,
+   },
+ ]

 ❯ tests/bug-hunt-javascript-escapes.test.ts:30:27
     28| it.each(validStrings)('recognizes the parser cooked value of %s', asyn…
     29|   const [result] = await linter(invalid).lintText(`clsx(${literal})`, …
     30|   expect(result.messages).toEqual([])
       |                           ^
     31| })
     32|

⎯⎯⎯⎯⎯⎯⎯⎯⎯⎯⎯⎯⎯⎯⎯⎯⎯⎯⎯⎯⎯⎯⎯⎯[1/8]⎯

 FAIL  tests/bug-hunt-javascript-escapes.test.ts > sorts escaped strings with valid syntax, equivalent classes and stable fixes: clsx("fg:white \u0062g:black")
 FAIL  tests/bug-hunt-javascript-escapes.test.ts > sorts escaped strings with valid syntax, equivalent classes and stable fixes: clsx("fg:white\u0020bg:black")
 FAIL  tests/bug-hunt-javascript-escapes.test.ts > sorts escaped strings with valid syntax, equivalent classes and stable fixes: clsx('fg:white content:\'a\\b\' bg:black')
 FAIL  tests/bug-hunt-javascript-escapes.test.ts > sorts escaped strings with valid syntax, equivalent classes and stable fixes: clsx(`fg:white content:'\${value}' bg:black`)
 FAIL  tests/bug-hunt-javascript-escapes.test.ts > sorts escaped strings with valid syntax, equivalent classes and stable fixes: clsx(`
 fg:white
 bg:black
`)
 FAIL  tests/bug-hunt-javascript-escapes.test.ts > sorts escaped strings with valid syntax, equivalent classes and stable fixes: clsx("fg:white\
 bg:black")
TypeError: parser.parse is not a function
 ❯ cooked tests/bug-hunt-javascript-escapes.test.ts:48:31
     46|
     47| function cooked(source: string) {
     48|   const program: any = parser.parse(source, { sourceType: 'script', ec…
       |                               ^
     49|   const node = program.body[0].expression.arguments[0]
     50|   return node.type === 'TemplateLiteral' ? node.quasis[0].value.cooked…
 ❯ tests/bug-hunt-javascript-escapes.test.ts:64:66

⎯⎯⎯⎯⎯⎯⎯⎯⎯⎯⎯⎯⎯⎯⎯⎯⎯⎯⎯⎯⎯⎯⎯⎯[2/8]⎯

 FAIL  tests/bug-hunt-javascript-escapes.test.ts > maps conflict removal and canonical replacement through escaped separators
TypeError: parser.parse is not a function
 ❯ cooked tests/bug-hunt-javascript-escapes.test.ts:48:31
     46|
     47| function cooked(source: string) {
     48|   const program: any = parser.parse(source, { sourceType: 'script', ec…
       |                               ^
     49|   const node = program.body[0].expression.arguments[0]
     50|   return node.type === 'TemplateLiteral' ? node.quasis[0].value.cooked…
 ❯ tests/bug-hunt-javascript-escapes.test.ts:75:10

⎯⎯⎯⎯⎯⎯⎯⎯⎯⎯⎯⎯⎯⎯⎯⎯⎯⎯⎯⎯⎯⎯⎯⎯[3/8]⎯


 Test Files  1 failed | 1 passed (2)
      Tests  8 failed | 30 passed (38)
   Start at  06:50:23
   Duration  1.19s (tests 40%, import 25%, setup 21%, transform 14%)

Error: ERR_PNPM_RECURSIVE_EXEC_FIRST_FAIL

  × "pnpm recursive exec" failed in /Users/aron/master/css/packages/eslint-
  │ plugin

