$ tsdown --config ../../shared/tsdown-package.config.ts
ℹ tsdown v0.23.0 powered by rolldown v1.2.7
ℹ config file: /Users/aron/master/css/shared/tsdown-package.config.ts 
ℹ entry: src/create-rule.ts, src/index.ts, src/plugin.ts, src/settings-schema.ts, src/settings.ts, src/stylesheet-parser.ts, src/configs/base.ts, src/configs/recommended.ts, src/configs/stylesheet.ts, src/rules/no-conflicting-classes.ts, src/rules/no-invalid-classes.ts, src/rules/no-unapproved-raw-values.ts, src/rules/prefer-canonical-classes.ts, src/rules/sort-classes.ts, src/utils/define-source-visitors.ts, src/utils/define-visitors.ts, src/utils/is-same-or-child-path.ts, src/utils/javascript-literal.ts, src/utils/master-css.ts, src/utils/report-lint-diagnostics.ts, src/utils/resolve-class-node.ts, src/utils/resolve-compose-directive-class-nodes.ts, src/utils/resolve-context.ts, src/utils/with-context-release.ts, src/utils/with-visit-class-node.ts
ℹ target: node24.0.0
ℹ tsconfig: tsconfig.prod.json
ℹ Build start
ℹ Cleaning 54 files
TypeScript 7.0 does not yet have a stable API and is experimental. Some options will be unavailable.
ℹ dist/utils/resolve-context.js                          5.93 kB │ gzip: 1.79 kB
ℹ dist/utils/resolve-compose-directive-class-nodes.js    5.15 kB │ gzip: 1.65 kB
ℹ dist/utils/define-visitors.js                          3.92 kB │ gzip: 1.08 kB
ℹ dist/rules/prefer-canonical-classes.js                 3.84 kB │ gzip: 1.23 kB
ℹ dist/utils/resolve-class-node.js                       2.65 kB │ gzip: 0.96 kB
ℹ dist/utils/report-lint-diagnostics.js                  2.26 kB │ gzip: 0.85 kB
ℹ dist/rules/no-unapproved-raw-values.js                 2.10 kB │ gzip: 0.80 kB
ℹ dist/utils/javascript-literal.js                       2.05 kB │ gzip: 0.77 kB
ℹ dist/utils/define-source-visitors.js                   2.02 kB │ gzip: 0.82 kB
ℹ dist/rules/no-invalid-classes.js                       1.82 kB │ gzip: 0.68 kB
ℹ dist/rules/no-conflicting-classes.js                   1.60 kB │ gzip: 0.63 kB
ℹ dist/rules/sort-classes.js                             1.55 kB │ gzip: 0.64 kB
ℹ dist/utils/with-visit-class-node.js                    1.41 kB │ gzip: 0.54 kB
ℹ dist/plugin.js                                         1.10 kB │ gzip: 0.42 kB
ℹ dist/stylesheet-parser.js                              0.72 kB │ gzip: 0.39 kB
ℹ dist/settings-schema.js                                0.70 kB │ gzip: 0.31 kB
ℹ dist/index.js                                          0.55 kB │ gzip: 0.24 kB
ℹ dist/configs/stylesheet.js                             0.41 kB │ gzip: 0.24 kB
ℹ dist/utils/is-same-or-child-path.js                    0.39 kB │ gzip: 0.24 kB
ℹ dist/utils/with-context-release.js                     0.38 kB │ gzip: 0.23 kB
ℹ dist/configs/recommended.js                            0.37 kB │ gzip: 0.21 kB
ℹ dist/create-rule.js                                    0.28 kB │ gzip: 0.21 kB
ℹ dist/utils/master-css.js                               0.22 kB │ gzip: 0.17 kB
ℹ dist/settings.js                                       0.21 kB │ gzip: 0.16 kB
ℹ dist/configs/base.js                                   0.17 kB │ gzip: 0.14 kB
ℹ dist/internal/src/workspace-directories.js             2.56 kB │ gzip: 1.00 kB
ℹ dist/utils/report-lint-diagnostics.d.ts                1.20 kB │ gzip: 0.50 kB
ℹ dist/utils/resolve-class-node.d.ts                     1.02 kB │ gzip: 0.46 kB
ℹ dist/utils/define-source-visitors.d.ts                 0.86 kB │ gzip: 0.35 kB
ℹ dist/utils/define-visitors.d.ts                        0.68 kB │ gzip: 0.36 kB
ℹ dist/utils/resolve-compose-directive-class-nodes.d.ts  0.67 kB │ gzip: 0.32 kB
ℹ dist/stylesheet-parser.d.ts                            0.58 kB │ gzip: 0.26 kB
ℹ dist/utils/with-visit-class-node.d.ts                  0.58 kB │ gzip: 0.32 kB
ℹ dist/settings.d.ts                                     0.58 kB │ gzip: 0.25 kB
ℹ dist/utils/resolve-context.d.ts                        0.56 kB │ gzip: 0.30 kB
ℹ dist/index.d.ts                                        0.47 kB │ gzip: 0.26 kB
ℹ dist/create-rule.d.ts                                  0.42 kB │ gzip: 0.27 kB
ℹ dist/rules/prefer-canonical-classes.d.ts               0.40 kB │ gzip: 0.26 kB
ℹ dist/rules/no-unapproved-raw-values.d.ts               0.37 kB │ gzip: 0.24 kB
ℹ dist/settings-schema.d.ts                              0.33 kB │ gzip: 0.19 kB
ℹ dist/utils/javascript-literal.d.ts                     0.32 kB │ gzip: 0.19 kB
ℹ dist/rules/no-conflicting-classes.d.ts                 0.31 kB │ gzip: 0.21 kB
ℹ dist/rules/no-invalid-classes.d.ts                     0.30 kB │ gzip: 0.21 kB
ℹ dist/rules/sort-classes.d.ts                           0.28 kB │ gzip: 0.20 kB
ℹ dist/utils/with-context-release.d.ts                   0.26 kB │ gzip: 0.18 kB
ℹ dist/utils/master-css.d.ts                             0.21 kB │ gzip: 0.15 kB
ℹ dist/utils/is-same-or-child-path.d.ts                  0.18 kB │ gzip: 0.15 kB
ℹ dist/plugin.d.ts                                       0.17 kB │ gzip: 0.15 kB
ℹ dist/configs/recommended.d.ts                          0.15 kB │ gzip: 0.13 kB
ℹ dist/configs/stylesheet.d.ts                           0.15 kB │ gzip: 0.13 kB
ℹ dist/configs/base.d.ts                                 0.15 kB │ gzip: 0.13 kB
ℹ 51 files, total: 55.58 kB
✔ Build complete in 267ms
