(!) Your Vite config uses features that are unsupported by `configLoader: 'native'`, which is planned to become the default in a future major version of Vite:
  - import "../../shared/vitest.config" without a file extension (vitest.config.ts:2:20). Add the file extension
  - import "./vitest-ci-config" without a file extension (../../shared/vitest.config.ts:2:58). Add the file extension
Set `VITE_CONFIG_NATIVE_IGNORE_WARNING=true` to suppress this warning.

 RUN  v5.0.0 /Users/aron/master/css/packages/eslint-plugin

 ❯ tests/bug-hunt.test.ts (1 test | 1 failed) 307ms
   × BH-0015 recognizes cooked JavaScript Unicode escapes in static class strings 306ms

⎯⎯⎯⎯⎯⎯⎯ Failed Tests 1 ⎯⎯⎯⎯⎯⎯⎯

 FAIL  tests/bug-hunt.test.ts > BH-0015 recognizes cooked JavaScript Unicode escapes in static class strings
AssertionError: expected [ { …(8) } ] to deeply equal []

- Expected
+ Received

- []
+ [
+   {
+     "column": 7,
+     "endColumn": 17,
+     "endLine": 1,
+     "line": 1,
+     "message": "Unknown Master CSS class \"\\\\u0062lock\". It is not generated by the active manifest.",
+     "messageId": "disallowUnknownClass",
+     "ruleId": "@master/css/no-invalid-classes",
+     "severity": 2,
+   },
+ ]

 ❯ tests/bug-hunt.test.ts:18:28
     16|   expect(control.messages).toEqual([])
     17|   const [escaped] = await eslint.lintText(String.raw`clsx("\u0062lock"…
     18|   expect(escaped.messages).toEqual([])
       |                            ^
     19| })
     20|

⎯⎯⎯⎯⎯⎯⎯⎯⎯⎯⎯⎯⎯⎯⎯⎯⎯⎯⎯⎯⎯⎯⎯⎯[1/1]⎯


 Test Files  1 failed (1)
      Tests  1 failed (1)
   Start at  06:45:26
   Duration  912ms (tests 36%, setup 28%, transform 27%, import 9%)

Error: ERR_PNPM_RECURSIVE_EXEC_FIRST_FAIL

  × "pnpm recursive exec" failed in /Users/aron/master/css/packages/eslint-
  │ plugin

