$ tsdown --config ../../shared/tsdown-package.config.ts
ℹ tsdown v0.23.0 powered by rolldown v1.2.7
ℹ config file: /Users/aron/master/css/shared/tsdown-package.config.ts 
ℹ entry: src/index.ts, src/browser.ts, src/engine-binding.ts, src/engine-binding-browser.ts, src/engine-binding-node.ts, src/compiler-binding.ts, src/compiler-binding-browser.ts, src/compiler-binding-node.ts, src/tooling-binding.ts, src/tooling-binding-browser.ts, src/tooling-binding-node.ts
ℹ target: node24.0.0
ℹ tsconfig: tsconfig.prod.json
ℹ Build start
ℹ Cleaning 39 files
TypeScript 7.0 does not yet have a stable API and is experimental. Some options will be unavailable.
ℹ dist/compiler-binding.js            1.99 kB │ gzip: 0.70 kB
ℹ dist/engine-binding.js              1.80 kB │ gzip: 0.49 kB
ℹ dist/compiler-binding-browser.js    1.56 kB │ gzip: 0.52 kB
ℹ dist/engine-binding-browser.js      1.38 kB │ gzip: 0.49 kB
ℹ dist/tooling-binding.js             1.32 kB │ gzip: 0.47 kB
ℹ dist/tooling-binding-browser.js     1.08 kB │ gzip: 0.44 kB
ℹ dist/engine-binding-node.js         0.97 kB │ gzip: 0.33 kB
ℹ dist/compiler-binding-node.js       0.72 kB │ gzip: 0.35 kB
ℹ dist/tooling-binding-node.js        0.41 kB │ gzip: 0.23 kB
ℹ dist/browser.js                     0.39 kB │ gzip: 0.17 kB
ℹ dist/index.js                       0.39 kB │ gzip: 0.17 kB
ℹ dist/tooling.js                     6.92 kB │ gzip: 1.40 kB
ℹ dist/tooling-binding-wasm.js        6.91 kB │ gzip: 1.38 kB
ℹ dist/native-loader.js               5.05 kB │ gzip: 1.70 kB
ℹ dist/compiler.js                    3.39 kB │ gzip: 0.98 kB
ℹ dist/compiler-binding-adapter.js    3.39 kB │ gzip: 0.97 kB
ℹ dist/engine.js                      3.04 kB │ gzip: 0.86 kB
ℹ dist/compiler-binding-wasm.js       2.97 kB │ gzip: 0.89 kB
ℹ dist/normalize-error.js             2.69 kB │ gzip: 0.93 kB
ℹ dist/tooling-binding-native.js      2.67 kB │ gzip: 0.59 kB
ℹ dist/engine-binding-wasm.js         2.60 kB │ gzip: 0.77 kB
ℹ dist/engine-binding-adapter.js      2.18 kB │ gzip: 0.66 kB
ℹ dist/binding.js                     1.61 kB │ gzip: 0.67 kB
ℹ dist/tooling-binding-adapter.js     1.00 kB │ gzip: 0.47 kB
ℹ dist/protocol.js                    0.84 kB │ gzip: 0.24 kB
ℹ dist/binding-options.js             0.60 kB │ gzip: 0.36 kB
ℹ dist/errors.js                      0.25 kB │ gzip: 0.17 kB
ℹ dist/version.js                     0.12 kB │ gzip: 0.11 kB
ℹ dist/compiler-binding-browser.d.ts  2.78 kB │ gzip: 0.59 kB
ℹ dist/compiler-binding.d.ts          2.77 kB │ gzip: 0.59 kB
ℹ dist/tooling-binding-browser.d.ts   2.76 kB │ gzip: 0.62 kB
ℹ dist/tooling-binding.d.ts           2.75 kB │ gzip: 0.62 kB
ℹ dist/engine-binding.d.ts            2.45 kB │ gzip: 0.61 kB
ℹ dist/compiler-binding-node.d.ts     2.06 kB │ gzip: 0.51 kB
ℹ dist/engine-binding-node.d.ts       1.10 kB │ gzip: 0.26 kB
ℹ dist/tooling-binding-node.d.ts      1.05 kB │ gzip: 0.29 kB
ℹ dist/index.d.ts                     0.96 kB │ gzip: 0.28 kB
ℹ dist/engine-binding-browser.d.ts    0.93 kB │ gzip: 0.26 kB
ℹ dist/browser.d.ts                   0.71 kB │ gzip: 0.24 kB
ℹ 39 files, total: 78.61 kB
✔ Build complete in 274ms
$ tsdown --config ../../shared/tsdown-package.config.ts
ℹ tsdown v0.23.0 powered by rolldown v1.2.7
ℹ config file: /Users/aron/master/css/shared/tsdown-package.config.ts 
ℹ entry: src/browser.ts, src/builtins.ts, src/css.ts, src/host.ts, src/immutable.ts, src/index.ts, src/node.ts, src/tooling-session.ts, src/lexer/browser.ts, src/lexer/contracts.ts, src/lexer/index.ts, src/lexer/node.ts, src/lexer/session.ts, src/language/binding-session.ts, src/language/browser.ts, src/language/common.ts, src/language/contracts.ts, src/language/index.ts, src/language/master-css.ts, src/language/node.ts, src/language/session.ts, src/language/settings.ts, src/scanner/binding-session.ts, src/scanner/core.ts, src/scanner/index.ts, src/scanner/node.ts, src/source/browser.ts, src/source/contracts.ts, src/source/index.ts, src/source/native.ts, src/source/node.ts, src/source/session.ts, src/validator/binding-session.ts, src/validator/contracts.ts, src/validator/index.ts, src/validator/node.ts, src/lint/analysis.ts, src/lint/binding-session.ts, src/lint/constants.ts, src/lint/contracts.ts, src/lint/diagnostic-format.ts, src/lint/diagnostics.ts, src/lint/index.ts, src/lint/node.ts, src/lint/rule-signatures.ts, src/lint/source.ts, src/language/semantic/scopes.ts, src/language/semantic/types.ts, src/language/utils/mdn-css-data.ts, src/scanner/options/index.ts, src/source/adapters/optional-peer.ts, src/source/adapters/oxc.ts, src/source/adapters/svelte.ts, src/source/adapters/types.ts, src/source/adapters/vue.ts, src/validator/types/syntax-error.ts
ℹ target: node24.0.0
ℹ tsconfig: tsconfig.prod.json
ℹ Build start
ℹ Cleaning 123 files
TypeScript 7.0 does not yet have a stable API and is experimental. Some options will be unavailable.
ℹ dist/scanner/core.js                     11.59 kB │ gzip: 3.14 kB
ℹ dist/lint/source.js                      10.16 kB │ gzip: 2.96 kB
ℹ dist/builtins.js                          7.98 kB │ gzip: 1.61 kB
ℹ dist/tooling-session.js                   6.37 kB │ gzip: 1.51 kB
ℹ dist/language/semantic/scopes.js          4.16 kB │ gzip: 0.95 kB
ℹ dist/lint/binding-session.js              3.82 kB │ gzip: 1.11 kB
ℹ dist/css.js                               3.70 kB │ gzip: 0.92 kB
ℹ dist/language/session.js                  2.94 kB │ gzip: 0.97 kB
ℹ dist/source/adapters/svelte.js            2.75 kB │ gzip: 0.93 kB
ℹ dist/scanner/binding-session.js           2.62 kB │ gzip: 0.81 kB
ℹ dist/language/index.js                    2.45 kB │ gzip: 0.76 kB
ℹ dist/language/utils/mdn-css-data.js       2.44 kB │ gzip: 0.91 kB
ℹ dist/source/adapters/vue.js               1.63 kB │ gzip: 0.64 kB
ℹ dist/language/common.js                   1.57 kB │ gzip: 0.61 kB
ℹ dist/source/session.js                    1.53 kB │ gzip: 0.64 kB
ℹ dist/node.js                              1.43 kB │ gzip: 0.43 kB
ℹ dist/lint/rule-signatures.js              1.35 kB │ gzip: 0.54 kB
ℹ dist/scanner/options/index.js             1.33 kB │ gzip: 0.46 kB
ℹ dist/language/node.js                     1.21 kB │ gzip: 0.43 kB
ℹ dist/source/adapters/optional-peer.js     1.12 kB │ gzip: 0.49 kB
ℹ dist/lint/index.js                        1.08 kB │ gzip: 0.42 kB
ℹ dist/language/master-css.js               0.97 kB │ gzip: 0.50 kB
ℹ dist/validator/binding-session.js         0.89 kB │ gzip: 0.42 kB
ℹ dist/lexer/session.js                     0.81 kB │ gzip: 0.43 kB
ℹ dist/source/native.js                     0.75 kB │ gzip: 0.25 kB
ℹ dist/host.js                              0.74 kB │ gzip: 0.40 kB
ℹ dist/language/browser.js                  0.62 kB │ gzip: 0.30 kB
ℹ dist/language/settings.js                 0.61 kB │ gzip: 0.30 kB
ℹ dist/lint/diagnostic-format.js            0.56 kB │ gzip: 0.27 kB
ℹ dist/lint/constants.js                    0.51 kB │ gzip: 0.29 kB
ℹ dist/language/binding-session.js          0.46 kB │ gzip: 0.24 kB
ℹ dist/lexer/browser.js                     0.45 kB │ gzip: 0.25 kB
ℹ dist/lint/contracts.js                    0.44 kB │ gzip: 0.24 kB
ℹ dist/source/browser.js                    0.42 kB │ gzip: 0.25 kB
ℹ dist/validator/index.js                   0.34 kB │ gzip: 0.21 kB
ℹ dist/validator/node.js                    0.34 kB │ gzip: 0.20 kB
ℹ dist/lexer/index.js                       0.33 kB │ gzip: 0.21 kB
ℹ dist/source/adapters/types.js             0.33 kB │ gzip: 0.18 kB
ℹ dist/lexer/node.js                        0.32 kB │ gzip: 0.20 kB
ℹ dist/source/index.js                      0.32 kB │ gzip: 0.20 kB
ℹ dist/lint/node.js                         0.32 kB │ gzip: 0.20 kB
ℹ dist/source/node.js                       0.31 kB │ gzip: 0.19 kB
ℹ dist/immutable.js                         0.30 kB │ gzip: 0.20 kB
ℹ dist/source/adapters/oxc.js               0.23 kB │ gzip: 0.15 kB
ℹ dist/scanner/index.js                     0.19 kB │ gzip: 0.12 kB
ℹ dist/scanner/node.js                      0.19 kB │ gzip: 0.12 kB
ℹ dist/browser.js                           0.14 kB │ gzip: 0.09 kB
ℹ dist/index.js                             0.14 kB │ gzip: 0.09 kB
ℹ dist/language/contracts.js                0.01 kB │ gzip: 0.03 kB
ℹ dist/language/semantic/types.js           0.01 kB │ gzip: 0.03 kB
ℹ dist/lexer/contracts.js                   0.01 kB │ gzip: 0.03 kB
ℹ dist/lint/analysis.js                     0.01 kB │ gzip: 0.03 kB
ℹ dist/lint/diagnostics.js                  0.01 kB │ gzip: 0.03 kB
ℹ dist/source/contracts.js                  0.01 kB │ gzip: 0.03 kB
ℹ dist/validator/contracts.js               0.01 kB │ gzip: 0.03 kB
ℹ dist/validator/types/syntax-error.js      0.01 kB │ gzip: 0.03 kB
ℹ dist/language/semantic/scopes.d.ts        5.75 kB │ gzip: 1.11 kB
ℹ dist/language/contracts.d.ts              5.54 kB │ gzip: 1.15 kB
ℹ dist/language/index.d.ts                  4.52 kB │ gzip: 1.08 kB
ℹ dist/tooling-session.d.ts                 4.46 kB │ gzip: 1.12 kB
ℹ dist/lint/index.d.ts                      4.13 kB │ gzip: 0.86 kB
ℹ dist/scanner/core.d.ts                    4.00 kB │ gzip: 1.28 kB
ℹ dist/lint/source.d.ts                     3.68 kB │ gzip: 1.01 kB
ℹ dist/lint/analysis.d.ts                   2.98 kB │ gzip: 0.68 kB
ℹ dist/scanner/binding-session.d.ts         2.56 kB │ gzip: 0.74 kB
ℹ dist/lint/diagnostics.d.ts                2.19 kB │ gzip: 0.63 kB
ℹ dist/language/common.d.ts                 1.98 kB │ gzip: 0.66 kB
ℹ dist/lint/binding-session.d.ts            1.93 kB │ gzip: 0.59 kB
ℹ dist/language/session.d.ts                1.78 kB │ gzip: 0.51 kB
ℹ dist/lexer/contracts.d.ts                 1.55 kB │ gzip: 0.41 kB
ℹ dist/source/session.d.ts                  1.38 kB │ gzip: 0.51 kB
ℹ dist/language/node.d.ts                   1.29 kB │ gzip: 0.45 kB
ℹ dist/lint/contracts.d.ts                  1.23 kB │ gzip: 0.45 kB
ℹ dist/css.d.ts                             1.17 kB │ gzip: 0.41 kB
ℹ dist/source/contracts.d.ts                1.13 kB │ gzip: 0.38 kB
ℹ dist/lexer/index.d.ts                     1.04 kB │ gzip: 0.33 kB
ℹ dist/language/semantic/types.d.ts         0.94 kB │ gzip: 0.41 kB
ℹ dist/source/index.d.ts                    0.93 kB │ gzip: 0.32 kB
ℹ dist/validator/binding-session.d.ts       0.90 kB │ gzip: 0.39 kB
ℹ dist/lexer/session.d.ts                   0.84 kB │ gzip: 0.38 kB
ℹ dist/lint/rule-signatures.d.ts            0.82 kB │ gzip: 0.28 kB
ℹ dist/language/browser.d.ts                0.76 kB │ gzip: 0.32 kB
ℹ dist/language/master-css.d.ts             0.74 kB │ gzip: 0.31 kB
ℹ dist/scanner/options/index.d.ts           0.69 kB │ gzip: 0.31 kB
ℹ dist/index.d.ts                           0.67 kB │ gzip: 0.21 kB
ℹ dist/builtins.d.ts                        0.65 kB │ gzip: 0.24 kB
ℹ dist/validator/index.d.ts                 0.63 kB │ gzip: 0.27 kB
ℹ dist/language/settings.d.ts               0.59 kB │ gzip: 0.31 kB
ℹ dist/node.d.ts                            0.57 kB │ gzip: 0.25 kB
ℹ dist/source/native.d.ts                   0.50 kB │ gzip: 0.17 kB
ℹ dist/validator/contracts.d.ts             0.48 kB │ gzip: 0.24 kB
ℹ dist/language/binding-session.d.ts        0.47 kB │ gzip: 0.25 kB
ℹ dist/source/browser.d.ts                  0.47 kB │ gzip: 0.25 kB
ℹ dist/source/adapters/optional-peer.d.ts   0.47 kB │ gzip: 0.23 kB
ℹ dist/validator/types/syntax-error.d.ts    0.46 kB │ gzip: 0.23 kB
ℹ dist/language/utils/mdn-css-data.d.ts     0.44 kB │ gzip: 0.19 kB
ℹ dist/source/adapters/types.d.ts           0.43 kB │ gzip: 0.23 kB
ℹ dist/lexer/browser.d.ts                   0.41 kB │ gzip: 0.23 kB
ℹ dist/lexer/node.d.ts                      0.40 kB │ gzip: 0.21 kB
ℹ dist/source/node.d.ts                     0.39 kB │ gzip: 0.21 kB
ℹ dist/lint/diagnostic-format.d.ts          0.39 kB │ gzip: 0.18 kB
ℹ dist/source/adapters/svelte.d.ts          0.35 kB │ gzip: 0.22 kB
ℹ dist/validator/node.d.ts                  0.33 kB │ gzip: 0.22 kB
ℹ dist/host.d.ts                            0.33 kB │ gzip: 0.18 kB
ℹ dist/source/adapters/vue.d.ts             0.33 kB │ gzip: 0.21 kB
ℹ dist/lint/node.d.ts                       0.31 kB │ gzip: 0.21 kB
ℹ dist/scanner/index.d.ts                   0.30 kB │ gzip: 0.14 kB
ℹ dist/scanner/node.d.ts                    0.30 kB │ gzip: 0.14 kB
ℹ dist/lint/constants.d.ts                  0.29 kB │ gzip: 0.17 kB
ℹ dist/browser.d.ts                         0.21 kB │ gzip: 0.11 kB
ℹ dist/source/adapters/oxc.d.ts             0.16 kB │ gzip: 0.14 kB
ℹ dist/immutable.d.ts                       0.14 kB │ gzip: 0.13 kB
ℹ 112 files, total: 157.73 kB
✔ Build complete in 219ms
$ tsdown --config ../../shared/tsdown-package.config.ts
ℹ tsdown v0.23.0 powered by rolldown v1.2.7
ℹ config file: /Users/aron/master/css/shared/tsdown-package.config.ts 
ℹ entry: src/create-rule.ts, src/index.ts, src/plugin.ts, src/settings-schema.ts, src/settings.ts, src/stylesheet-parser.ts, src/configs/base.ts, src/configs/recommended.ts, src/configs/stylesheet.ts, src/rules/no-conflicting-classes.ts, src/rules/no-invalid-classes.ts, src/rules/no-unapproved-raw-values.ts, src/rules/prefer-canonical-classes.ts, src/rules/sort-classes.ts, src/utils/define-source-visitors.ts, src/utils/define-visitors.ts, src/utils/is-same-or-child-path.ts, src/utils/javascript-literal.ts, src/utils/master-css.ts, src/utils/report-lint-diagnostics.ts, src/utils/resolve-class-node.ts, src/utils/resolve-compose-directive-class-nodes.ts, src/utils/resolve-context.ts, src/utils/vue-literal.ts, src/utils/with-context-release.ts, src/utils/with-visit-class-node.ts
ℹ target: node24.0.0
ℹ tsconfig: tsconfig.prod.json
ℹ Build start
ℹ Cleaning 56 files
TypeScript 7.0 does not yet have a stable API and is experimental. Some options will be unavailable.
ℹ dist/utils/resolve-context.js                          5.93 kB │ gzip: 1.79 kB
ℹ dist/utils/resolve-compose-directive-class-nodes.js    5.15 kB │ gzip: 1.65 kB
ℹ dist/utils/define-visitors.js                          3.92 kB │ gzip: 1.08 kB
ℹ dist/rules/prefer-canonical-classes.js                 3.84 kB │ gzip: 1.23 kB
ℹ dist/utils/resolve-class-node.js                       3.47 kB │ gzip: 1.19 kB
ℹ dist/utils/report-lint-diagnostics.js                  2.29 kB │ gzip: 0.87 kB
ℹ dist/rules/no-unapproved-raw-values.js                 2.10 kB │ gzip: 0.80 kB
ℹ dist/utils/vue-literal.js                              2.06 kB │ gzip: 0.85 kB
ℹ dist/utils/javascript-literal.js                       2.05 kB │ gzip: 0.77 kB
ℹ dist/utils/define-source-visitors.js                   2.02 kB │ gzip: 0.82 kB
ℹ dist/rules/no-invalid-classes.js                       1.82 kB │ gzip: 0.68 kB
ℹ dist/rules/no-conflicting-classes.js                   1.60 kB │ gzip: 0.63 kB
ℹ dist/rules/sort-classes.js                             1.55 kB │ gzip: 0.64 kB
ℹ dist/utils/with-visit-class-node.js                    1.41 kB │ gzip: 0.54 kB
ℹ dist/plugin.js                                         1.10 kB │ gzip: 0.42 kB
ℹ dist/stylesheet-parser.js                              0.72 kB │ gzip: 0.39 kB
ℹ dist/settings-schema.js                                0.70 kB │ gzip: 0.31 kB
ℹ dist/index.js                                          0.55 kB │ gzip: 0.24 kB
ℹ dist/configs/stylesheet.js                             0.41 kB │ gzip: 0.24 kB
ℹ dist/utils/is-same-or-child-path.js                    0.39 kB │ gzip: 0.24 kB
ℹ dist/utils/with-context-release.js                     0.38 kB │ gzip: 0.23 kB
ℹ dist/configs/recommended.js                            0.37 kB │ gzip: 0.21 kB
ℹ dist/create-rule.js                                    0.28 kB │ gzip: 0.21 kB
ℹ dist/utils/master-css.js                               0.22 kB │ gzip: 0.17 kB
ℹ dist/settings.js                                       0.21 kB │ gzip: 0.16 kB
ℹ dist/configs/base.js                                   0.17 kB │ gzip: 0.14 kB
ℹ dist/internal/src/workspace-directories.js             2.56 kB │ gzip: 1.00 kB
ℹ dist/utils/report-lint-diagnostics.d.ts                1.20 kB │ gzip: 0.50 kB
ℹ dist/utils/resolve-class-node.d.ts                     1.07 kB │ gzip: 0.49 kB
ℹ dist/utils/define-source-visitors.d.ts                 0.86 kB │ gzip: 0.35 kB
ℹ dist/utils/define-visitors.d.ts                        0.70 kB │ gzip: 0.38 kB
ℹ dist/utils/resolve-compose-directive-class-nodes.d.ts  0.67 kB │ gzip: 0.32 kB
ℹ dist/utils/with-visit-class-node.d.ts                  0.60 kB │ gzip: 0.34 kB
ℹ dist/stylesheet-parser.d.ts                            0.58 kB │ gzip: 0.26 kB
ℹ dist/settings.d.ts                                     0.58 kB │ gzip: 0.25 kB
ℹ dist/utils/resolve-context.d.ts                        0.56 kB │ gzip: 0.30 kB
ℹ dist/utils/vue-literal.d.ts                            0.48 kB │ gzip: 0.30 kB
ℹ dist/index.d.ts                                        0.47 kB │ gzip: 0.26 kB
ℹ dist/create-rule.d.ts                                  0.42 kB │ gzip: 0.27 kB
ℹ dist/rules/prefer-canonical-classes.d.ts               0.40 kB │ gzip: 0.26 kB
ℹ dist/rules/no-unapproved-raw-values.d.ts               0.37 kB │ gzip: 0.24 kB
ℹ dist/settings-schema.d.ts                              0.33 kB │ gzip: 0.19 kB
ℹ dist/utils/javascript-literal.d.ts                     0.32 kB │ gzip: 0.19 kB
ℹ dist/rules/no-conflicting-classes.d.ts                 0.31 kB │ gzip: 0.21 kB
ℹ dist/rules/no-invalid-classes.d.ts                     0.30 kB │ gzip: 0.21 kB
ℹ dist/rules/sort-classes.d.ts                           0.28 kB │ gzip: 0.20 kB
ℹ dist/utils/with-context-release.d.ts                   0.26 kB │ gzip: 0.18 kB
ℹ dist/utils/master-css.d.ts                             0.21 kB │ gzip: 0.15 kB
ℹ dist/utils/is-same-or-child-path.d.ts                  0.18 kB │ gzip: 0.15 kB
ℹ dist/plugin.d.ts                                       0.17 kB │ gzip: 0.15 kB
ℹ dist/configs/recommended.d.ts                          0.15 kB │ gzip: 0.13 kB
ℹ dist/configs/stylesheet.d.ts                           0.15 kB │ gzip: 0.13 kB
ℹ dist/configs/base.d.ts                                 0.15 kB │ gzip: 0.13 kB
ℹ 53 files, total: 59.06 kB
✔ Build complete in 146ms
