{"browser":"chromium","case":0,"builtESLint":"PASS","actualVueRuntimeCompiler":"PASS","classes":["bg:black","fg:white"],"sentinel":"unchanged","elements":1,"attributes":["class","data-sentinel","id"]}
{"browser":"chromium","case":1,"builtESLint":"PASS","actualVueRuntimeCompiler":"PASS","classes":["bg:black","fg:white"],"sentinel":"unchanged","elements":1,"attributes":["class","data-sentinel","id"]}
{"browser":"chromium","case":2,"builtESLint":"PASS","actualVueRuntimeCompiler":"PASS","classes":["bg:black","content:\"A&B\"","fg:white"],"sentinel":"unchanged","elements":1,"attributes":["class","data-sentinel","id"]}
{"browser":"chromium","case":3,"builtESLint":"PASS","actualVueRuntimeCompiler":"PASS","classes":["bg:black","content:'A&B'","fg:white"],"sentinel":"unchanged","elements":1,"attributes":["class","data-sentinel","id"]}
{"browser":"chromium","case":4,"builtESLint":"PASS","actualVueRuntimeCompiler":"PASS","classes":["bg:black","bg:white","fg:black","fg:white"],"sentinel":"unchanged","elements":1,"attributes":["class","data-sentinel","id"]}
{"browser":"chromium","case":5,"builtESLint":"PASS","actualVueRuntimeCompiler":"PASS","classes":["bg:black","fg:white"],"sentinel":"unchanged","elements":1,"attributes":["class","data-sentinel","id"]}
{"browser":"chromium","case":6,"builtESLint":"PASS","actualVueRuntimeCompiler":"PASS","classes":["bg:black","content:'${value}'","fg:white"],"sentinel":"unchanged","elements":1,"attributes":["class","data-sentinel","id"]}
{"browser":"firefox","case":0,"builtESLint":"PASS","actualVueRuntimeCompiler":"PASS","classes":["bg:black","fg:white"],"sentinel":"unchanged","elements":1,"attributes":["class","data-sentinel","id"]}
{"browser":"firefox","case":1,"builtESLint":"PASS","actualVueRuntimeCompiler":"PASS","classes":["bg:black","fg:white"],"sentinel":"unchanged","elements":1,"attributes":["class","data-sentinel","id"]}
{"browser":"firefox","case":2,"builtESLint":"PASS","actualVueRuntimeCompiler":"PASS","classes":["bg:black","content:\"A&B\"","fg:white"],"sentinel":"unchanged","elements":1,"attributes":["class","data-sentinel","id"]}
{"browser":"firefox","case":3,"builtESLint":"PASS","actualVueRuntimeCompiler":"PASS","classes":["bg:black","content:'A&B'","fg:white"],"sentinel":"unchanged","elements":1,"attributes":["class","data-sentinel","id"]}
{"browser":"firefox","case":4,"builtESLint":"PASS","actualVueRuntimeCompiler":"PASS","classes":["bg:black","bg:white","fg:black","fg:white"],"sentinel":"unchanged","elements":1,"attributes":["class","data-sentinel","id"]}
{"browser":"firefox","case":5,"builtESLint":"PASS","actualVueRuntimeCompiler":"PASS","classes":["bg:black","fg:white"],"sentinel":"unchanged","elements":1,"attributes":["class","data-sentinel","id"]}
{"browser":"firefox","case":6,"builtESLint":"PASS","actualVueRuntimeCompiler":"PASS","classes":["bg:black","content:'${value}'","fg:white"],"sentinel":"unchanged","elements":1,"attributes":["class","data-sentinel","id"]}
{"browser":"webkit","case":0,"builtESLint":"PASS","actualVueRuntimeCompiler":"PASS","classes":["bg:black","fg:white"],"sentinel":"unchanged","elements":1,"attributes":["class","data-sentinel","id"]}
{"browser":"webkit","case":1,"builtESLint":"PASS","actualVueRuntimeCompiler":"PASS","classes":["bg:black","fg:white"],"sentinel":"unchanged","elements":1,"attributes":["class","data-sentinel","id"]}
{"browser":"webkit","case":2,"builtESLint":"PASS","actualVueRuntimeCompiler":"PASS","classes":["bg:black","content:\"A&B\"","fg:white"],"sentinel":"unchanged","elements":1,"attributes":["class","data-sentinel","id"]}
{"browser":"webkit","case":3,"builtESLint":"PASS","actualVueRuntimeCompiler":"PASS","classes":["bg:black","content:'A&B'","fg:white"],"sentinel":"unchanged","elements":1,"attributes":["class","data-sentinel","id"]}
{"browser":"webkit","case":4,"builtESLint":"PASS","actualVueRuntimeCompiler":"PASS","classes":["bg:black","bg:white","fg:black","fg:white"],"sentinel":"unchanged","elements":1,"attributes":["class","data-sentinel","id"]}
{"browser":"webkit","case":5,"builtESLint":"PASS","actualVueRuntimeCompiler":"PASS","classes":["bg:black","fg:white"],"sentinel":"unchanged","elements":1,"attributes":["class","data-sentinel","id"]}
{"browser":"webkit","case":6,"builtESLint":"PASS","actualVueRuntimeCompiler":"PASS","classes":["bg:black","content:'${value}'","fg:white"],"sentinel":"unchanged","elements":1,"attributes":["class","data-sentinel","id"]}
