(!) Your Vite config uses features that are unsupported by `configLoader: 'native'`, which is planned to become the default in a future major version of Vite:
  - import "../../shared/vitest.config" without a file extension (vitest.config.ts:2:20). Add the file extension
  - import "./vitest-ci-config" without a file extension (../../shared/vitest.config.ts:2:58). Add the file extension
Set `VITE_CONFIG_NATIVE_IGNORE_WARNING=true` to suppress this warning.

 RUN  v5.0.0 /Users/aron/master/css/packages/eslint-plugin

 ❯ tests/bug-hunt-vue-attribute-mapping.test.ts (18 tests | 12 failed) 345ms
   × maps raw diagnostic spans with separator &NewLine; and token zzz 6ms
   × preserves AST class values, attribute boundaries and fix stability for :class="'fg:white&#32;\u0062g:black'" 2ms
   × preserves AST class values, attribute boundaries and fix stability for :class="&quot;fg:white&#32;bg:black&quot;" 1ms
   × preserves AST class values, attribute boundaries and fix stability for :class='&quot;fg:white&#32;bg:black&quot;' 1ms
   × preserves AST class values, attribute boundaries and fix stability for :class="&#39;fg:white&Tab;bg:black&#39;" 0ms
   × preserves AST class values, attribute boundaries and fix stability for :class="['fg:white&#32;bg:black', &quot;fg:black&#32;bg:white&quot;]" 2ms
   × preserves AST class values, attribute boundaries and fix stability for :class="'fg:white content:&quot;a&amp;b&quot; bg:black'" 1ms
   × preserves AST class values, attribute boundaries and fix stability for :class='"fg:white content:&#39;a&amp;b&#39; bg:black"' 0ms
   × preserves AST class values, attribute boundaries and fix stability for :class="`fg:white&NewLine;bg:black`" 1ms
   × preserves AST class values, attribute boundaries and fix stability for :class="`fg:white
bg:black`" 0ms
   × preserves AST class values, attribute boundaries and fix stability for :class="`fg:white content:'\${value}'&#32;bg:black`" 0ms
   × preserves AST class values, attribute boundaries and fix stability for :class="'fg:white content:&quot;&amp;not=literal&quot; bg:black'" 0ms

⎯⎯⎯⎯⎯⎯ Failed Tests 12 ⎯⎯⎯⎯⎯⎯⎯

 FAIL  tests/bug-hunt-vue-attribute-mapping.test.ts > maps raw diagnostic spans with separator &NewLine; and token zzz
AssertionError: expected [] to have a length of 1 but got +0

- Expected
+ Received

- 1
+ 0

 ❯ tests/bug-hunt-vue-attribute-mapping.test.ts:24:27
     22|   const source = `<template><div :class="${prefix}'${separator === '&n…
     23|   const [result] = await linter(false).lintText(source, { filePath: 'm…
     24|   expect(result.messages).toHaveLength(1)
       |                           ^
     25|   expect(result.messages[0]).toMatchObject({
     26|     ruleId: '@master/css/no-invalid-classes',

⎯⎯⎯⎯⎯⎯⎯⎯⎯⎯⎯⎯⎯⎯⎯⎯⎯⎯⎯⎯⎯⎯⎯[1/12]⎯

 FAIL  tests/bug-hunt-vue-attribute-mapping.test.ts > preserves AST class values, attribute boundaries and fix stability for :class="'fg:white&#32;\u0062g:black'"
 FAIL  tests/bug-hunt-vue-attribute-mapping.test.ts > preserves AST class values, attribute boundaries and fix stability for :class="&quot;fg:white&#32;bg:black&quot;"
 FAIL  tests/bug-hunt-vue-attribute-mapping.test.ts > preserves AST class values, attribute boundaries and fix stability for :class='&quot;fg:white&#32;bg:black&quot;'
 FAIL  tests/bug-hunt-vue-attribute-mapping.test.ts > preserves AST class values, attribute boundaries and fix stability for :class="&#39;fg:white&Tab;bg:black&#39;"
 FAIL  tests/bug-hunt-vue-attribute-mapping.test.ts > preserves AST class values, attribute boundaries and fix stability for :class="['fg:white&#32;bg:black', &quot;fg:black&#32;bg:white&quot;]"
 FAIL  tests/bug-hunt-vue-attribute-mapping.test.ts > preserves AST class values, attribute boundaries and fix stability for :class="'fg:white content:&quot;a&amp;b&quot; bg:black'"
 FAIL  tests/bug-hunt-vue-attribute-mapping.test.ts > preserves AST class values, attribute boundaries and fix stability for :class='"fg:white content:&#39;a&amp;b&#39; bg:black"'
 FAIL  tests/bug-hunt-vue-attribute-mapping.test.ts > preserves AST class values, attribute boundaries and fix stability for :class="`fg:white&NewLine;bg:black`"
 FAIL  tests/bug-hunt-vue-attribute-mapping.test.ts > preserves AST class values, attribute boundaries and fix stability for :class="`fg:white
bg:black`"
 FAIL  tests/bug-hunt-vue-attribute-mapping.test.ts > preserves AST class values, attribute boundaries and fix stability for :class="`fg:white content:'\${value}'&#32;bg:black`"
 FAIL  tests/bug-hunt-vue-attribute-mapping.test.ts > preserves AST class values, attribute boundaries and fix stability for :class="'fg:white content:&quot;&amp;not=literal&quot; bg:black'"
AssertionError: expected [ …(1) ] to deeply equal []

- Expected
+ Received

- []
+ [
+   SyntaxError {
+     "message": "non-void-html-element-start-tag-with-trailing-solidus",
+     "code": "non-void-html-element-start-tag-with-trailing-solidus",
+     "index": 10,
+     "lineNumber": 1,
+     "column": 10,
+   },
+ ]

 ❯ classValues tests/bug-hunt-vue-attribute-mapping.test.ts:33:49
     31| function classValues(source: string) {
     32|   const parsed = parser.parseForESLint(source, { sourceType: 'module' …
     33|   expect(parsed.ast.templateBody?.errors ?? []).toEqual([])
       |                                                 ^
     34|   const attributes = (parsed.ast.templateBody!.children.find((node: an…
     35|   expect(attributes).toHaveLength(2)
 ❯ tests/bug-hunt-vue-attribute-mapping.test.ts:67:18

⎯⎯⎯⎯⎯⎯⎯⎯⎯⎯⎯⎯⎯⎯⎯⎯⎯⎯⎯⎯⎯⎯⎯[2/12]⎯


 Test Files  1 failed (1)
      Tests  12 failed | 6 passed (18)
   Start at  07:10:31
   Duration  970ms (tests 39%, transform 28%, setup 23%, import 10%)

Error: ERR_PNPM_RECURSIVE_EXEC_FIRST_FAIL

  × "pnpm recursive exec" failed in /Users/aron/master/css/packages/eslint-
  │ plugin

