   Compiling mastercss-source v0.0.0 (/Users/aron/master/css/crates/mastercss-source)
    Finished `test` profile [unoptimized + debuginfo] target(s) in 1.03s
     Running unittests src/lib.rs (target/debug/deps/mastercss_source-fa174f7df81cc338)

running 9 tests
test tests::keeps_native_custom_properties_but_not_legacy_assignments ... ok
test tests::extracts_mixed_source_candidates_in_insertion_order ... ok
test tests::keeps_groups_and_interpolation_candidates ... ok
test tests::keeps_query_and_selector_suffixes_but_rejects_bracket_values_and_markup_tails ... ok
test tests::extracts_html_class_attributes_and_delegates_scripts_to_oxc ... ok
test tests::extracts_astro_frontmatter_scripts_and_markup_but_not_styles ... ok
test tests::ignores_module_specifiers_require_imports_and_directives_with_oxc ... ok
test tests::extracts_static_javascript_and_typescript_strings_with_oxc ... ok
test html_attribute::tests::every_named_reference_matches_the_existing_decoder_and_maps_its_source ... ok

test result: ok. 9 passed; 0 failed; 0 ignored; 0 measured; 0 filtered out; finished in 0.02s

     Running tests/html_attribute_mapping.rs (target/debug/deps/html_attribute_mapping-e587c8bef35961a5)

running 3 tests
test source_batch_returns_requested_attribute_maps_without_source_files ... ok
test maps_entities_as_indivisible_utf16_spans ... ok
test preserves_attribute_ambiguous_ampersands_and_decodes_numeric_boundaries ... ok

test result: ok. 3 passed; 0 failed; 0 ignored; 0 measured; 0 filtered out; finished in 0.00s

     Running tests/html_character_references.rs (target/debug/deps/html_character_references-c2c8613853076a7c)

running 6 tests
test respects_first_class_attribute_and_incomplete_tags ... ok
test handles_unquoted_attributes_and_deduplicates_decoded_values ... ok
test distinguishes_foreign_titles_and_html_integration_points ... ok
test decodes_html_attribute_references_and_preserves_class_tokens ... ok
test ignores_comments_raw_text_and_tag_like_attribute_text ... ok
test does_not_decode_javascript_or_raw_source_strings ... ok

test result: ok. 6 passed; 0 failed; 0 ignored; 0 measured; 0 filtered out; finished in 0.00s

   Doc-tests mastercss_source

running 0 tests

test result: ok. 0 passed; 0 failed; 0 ignored; 0 measured; 0 filtered out; finished in 0.00s

