{"base":"./","browser":"chromium","page":"index.html","hydrationURL":"custom/files/_master-css/hydration/master-css-hydration.5b0d4ed6.json","actualBuiltPlugin":"PASS","jsonImport":"PASS","runtimeMutations":2,"errors":[],"missing":[]}
{"base":"./","browser":"chromium","page":"pages/nested.html","hydrationURL":"../custom/files/_master-css/hydration/master-css-hydration.5b0d4ed6.json","actualBuiltPlugin":"PASS","jsonImport":"PASS","runtimeMutations":2,"errors":[],"missing":[]}
{"base":"./","browser":"chromium","page":"pages/deep/index.html","hydrationURL":"../../custom/files/_master-css/hydration/master-css-hydration.5b0d4ed6.json","actualBuiltPlugin":"PASS","jsonImport":"PASS","runtimeMutations":2,"errors":[],"missing":[]}
{"base":"./","browser":"chromium","page":"custom/files/shared.html","hydrationURL":"_master-css/hydration/master-css-hydration.5b0d4ed6.json","actualBuiltPlugin":"PASS","jsonImport":"PASS","runtimeMutations":2,"errors":[],"missing":[]}
{"base":"./","browser":"firefox","page":"index.html","hydrationURL":"custom/files/_master-css/hydration/master-css-hydration.5b0d4ed6.json","actualBuiltPlugin":"PASS","jsonImport":"PASS","runtimeMutations":2,"errors":[],"missing":[]}
{"base":"./","browser":"firefox","page":"pages/nested.html","hydrationURL":"../custom/files/_master-css/hydration/master-css-hydration.5b0d4ed6.json","actualBuiltPlugin":"PASS","jsonImport":"PASS","runtimeMutations":2,"errors":[],"missing":[]}
{"base":"./","browser":"firefox","page":"pages/deep/index.html","hydrationURL":"../../custom/files/_master-css/hydration/master-css-hydration.5b0d4ed6.json","actualBuiltPlugin":"PASS","jsonImport":"PASS","runtimeMutations":2,"errors":[],"missing":[]}
{"base":"./","browser":"firefox","page":"custom/files/shared.html","hydrationURL":"_master-css/hydration/master-css-hydration.5b0d4ed6.json","actualBuiltPlugin":"PASS","jsonImport":"PASS","runtimeMutations":2,"errors":[],"missing":[]}
{"base":"./","browser":"webkit","page":"index.html","hydrationURL":"custom/files/_master-css/hydration/master-css-hydration.5b0d4ed6.json","actualBuiltPlugin":"PASS","jsonImport":"PASS","runtimeMutations":2,"errors":[],"missing":[]}
{"base":"./","browser":"webkit","page":"pages/nested.html","hydrationURL":"../custom/files/_master-css/hydration/master-css-hydration.5b0d4ed6.json","actualBuiltPlugin":"PASS","jsonImport":"PASS","runtimeMutations":2,"errors":[],"missing":[]}
{"base":"./","browser":"webkit","page":"pages/deep/index.html","hydrationURL":"../../custom/files/_master-css/hydration/master-css-hydration.5b0d4ed6.json","actualBuiltPlugin":"PASS","jsonImport":"PASS","runtimeMutations":2,"errors":[],"missing":[]}
{"base":"./","browser":"webkit","page":"custom/files/shared.html","hydrationURL":"_master-css/hydration/master-css-hydration.5b0d4ed6.json","actualBuiltPlugin":"PASS","jsonImport":"PASS","runtimeMutations":2,"errors":[],"missing":[]}
{"base":"","browser":"chromium","page":"index.html","hydrationURL":"custom/files/_master-css/hydration/master-css-hydration.5b0d4ed6.json","actualBuiltPlugin":"PASS","jsonImport":"PASS","runtimeMutations":2,"errors":[],"missing":[]}
{"base":"","browser":"chromium","page":"pages/nested.html","hydrationURL":"../custom/files/_master-css/hydration/master-css-hydration.5b0d4ed6.json","actualBuiltPlugin":"PASS","jsonImport":"PASS","runtimeMutations":2,"errors":[],"missing":[]}
{"base":"","browser":"chromium","page":"pages/deep/index.html","hydrationURL":"../../custom/files/_master-css/hydration/master-css-hydration.5b0d4ed6.json","actualBuiltPlugin":"PASS","jsonImport":"PASS","runtimeMutations":2,"errors":[],"missing":[]}
{"base":"","browser":"chromium","page":"custom/files/shared.html","hydrationURL":"_master-css/hydration/master-css-hydration.5b0d4ed6.json","actualBuiltPlugin":"PASS","jsonImport":"PASS","runtimeMutations":2,"errors":[],"missing":[]}
{"base":"","browser":"firefox","page":"index.html","hydrationURL":"custom/files/_master-css/hydration/master-css-hydration.5b0d4ed6.json","actualBuiltPlugin":"PASS","jsonImport":"PASS","runtimeMutations":2,"errors":[],"missing":[]}
{"base":"","browser":"firefox","page":"pages/nested.html","hydrationURL":"../custom/files/_master-css/hydration/master-css-hydration.5b0d4ed6.json","actualBuiltPlugin":"PASS","jsonImport":"PASS","runtimeMutations":2,"errors":[],"missing":[]}
{"base":"","browser":"firefox","page":"pages/deep/index.html","hydrationURL":"../../custom/files/_master-css/hydration/master-css-hydration.5b0d4ed6.json","actualBuiltPlugin":"PASS","jsonImport":"PASS","runtimeMutations":2,"errors":[],"missing":[]}
{"base":"","browser":"firefox","page":"custom/files/shared.html","hydrationURL":"_master-css/hydration/master-css-hydration.5b0d4ed6.json","actualBuiltPlugin":"PASS","jsonImport":"PASS","runtimeMutations":2,"errors":[],"missing":[]}
{"base":"","browser":"webkit","page":"index.html","hydrationURL":"custom/files/_master-css/hydration/master-css-hydration.5b0d4ed6.json","actualBuiltPlugin":"PASS","jsonImport":"PASS","runtimeMutations":2,"errors":[],"missing":[]}
{"base":"","browser":"webkit","page":"pages/nested.html","hydrationURL":"../custom/files/_master-css/hydration/master-css-hydration.5b0d4ed6.json","actualBuiltPlugin":"PASS","jsonImport":"PASS","runtimeMutations":2,"errors":[],"missing":[]}
{"base":"","browser":"webkit","page":"pages/deep/index.html","hydrationURL":"../../custom/files/_master-css/hydration/master-css-hydration.5b0d4ed6.json","actualBuiltPlugin":"PASS","jsonImport":"PASS","runtimeMutations":2,"errors":[],"missing":[]}
{"base":"","browser":"webkit","page":"custom/files/shared.html","hydrationURL":"_master-css/hydration/master-css-hydration.5b0d4ed6.json","actualBuiltPlugin":"PASS","jsonImport":"PASS","runtimeMutations":2,"errors":[],"missing":[]}
{"base":"/mount/","browser":"chromium","page":"index.html","hydrationURL":"/mount/custom/files/_master-css/hydration/master-css-hydration.5b0d4ed6.json","actualBuiltPlugin":"PASS","jsonImport":"PASS","runtimeMutations":2,"errors":[],"missing":[]}
{"base":"/mount/","browser":"chromium","page":"pages/nested.html","hydrationURL":"/mount/custom/files/_master-css/hydration/master-css-hydration.5b0d4ed6.json","actualBuiltPlugin":"PASS","jsonImport":"PASS","runtimeMutations":2,"errors":[],"missing":[]}
{"base":"/mount/","browser":"chromium","page":"pages/deep/index.html","hydrationURL":"/mount/custom/files/_master-css/hydration/master-css-hydration.5b0d4ed6.json","actualBuiltPlugin":"PASS","jsonImport":"PASS","runtimeMutations":2,"errors":[],"missing":[]}
{"base":"/mount/","browser":"chromium","page":"custom/files/shared.html","hydrationURL":"/mount/custom/files/_master-css/hydration/master-css-hydration.5b0d4ed6.json","actualBuiltPlugin":"PASS","jsonImport":"PASS","runtimeMutations":2,"errors":[],"missing":[]}
{"base":"/mount/","browser":"firefox","page":"index.html","hydrationURL":"/mount/custom/files/_master-css/hydration/master-css-hydration.5b0d4ed6.json","actualBuiltPlugin":"PASS","jsonImport":"PASS","runtimeMutations":2,"errors":[],"missing":[]}
{"base":"/mount/","browser":"firefox","page":"pages/nested.html","hydrationURL":"/mount/custom/files/_master-css/hydration/master-css-hydration.5b0d4ed6.json","actualBuiltPlugin":"PASS","jsonImport":"PASS","runtimeMutations":2,"errors":[],"missing":[]}
{"base":"/mount/","browser":"firefox","page":"pages/deep/index.html","hydrationURL":"/mount/custom/files/_master-css/hydration/master-css-hydration.5b0d4ed6.json","actualBuiltPlugin":"PASS","jsonImport":"PASS","runtimeMutations":2,"errors":[],"missing":[]}
{"base":"/mount/","browser":"firefox","page":"custom/files/shared.html","hydrationURL":"/mount/custom/files/_master-css/hydration/master-css-hydration.5b0d4ed6.json","actualBuiltPlugin":"PASS","jsonImport":"PASS","runtimeMutations":2,"errors":[],"missing":[]}
{"base":"/mount/","browser":"webkit","page":"index.html","hydrationURL":"/mount/custom/files/_master-css/hydration/master-css-hydration.5b0d4ed6.json","actualBuiltPlugin":"PASS","jsonImport":"PASS","runtimeMutations":2,"errors":[],"missing":[]}
{"base":"/mount/","browser":"webkit","page":"pages/nested.html","hydrationURL":"/mount/custom/files/_master-css/hydration/master-css-hydration.5b0d4ed6.json","actualBuiltPlugin":"PASS","jsonImport":"PASS","runtimeMutations":2,"errors":[],"missing":[]}
{"base":"/mount/","browser":"webkit","page":"pages/deep/index.html","hydrationURL":"/mount/custom/files/_master-css/hydration/master-css-hydration.5b0d4ed6.json","actualBuiltPlugin":"PASS","jsonImport":"PASS","runtimeMutations":2,"errors":[],"missing":[]}
{"base":"/mount/","browser":"webkit","page":"custom/files/shared.html","hydrationURL":"/mount/custom/files/_master-css/hydration/master-css-hydration.5b0d4ed6.json","actualBuiltPlugin":"PASS","jsonImport":"PASS","runtimeMutations":2,"errors":[],"missing":[]}
