(!) Your Vite config uses features that are unsupported by `configLoader: 'native'`, which is planned to become the default in a future major version of Vite:
  - import "../../shared/vitest.config" without a file extension (vitest.config.ts:2:20). Add the file extension
  - import "./vitest-ci-config" without a file extension (../../shared/vitest.config.ts:2:58). Add the file extension
Set `VITE_CONFIG_NATIVE_IGNORE_WARNING=true` to suppress this warning.

 RUN  v5.0.0 /Users/aron/master/css/packages/vite

 ❯ tests/bug-hunt-relative-hydration.test.ts (1 test | 1 failed) 4807ms
   × BH-0016 nested HTML resolves its hydration asset when base is relative 4807ms

⎯⎯⎯⎯⎯⎯⎯ Failed Tests 1 ⎯⎯⎯⎯⎯⎯⎯

 FAIL  tests/bug-hunt-relative-hydration.test.ts > BH-0016 nested HTML resolves its hydration asset when base is relative
AssertionError: pages/nested.html: ./assets/_master-css/hydration/master-css-hydration.5b0d4ed6.json: expected false to be true // Object.is equality

- Expected
+ Received

- true
+ false

 ❯ tests/bug-hunt-relative-hydration.test.ts:27:79
     25|       const href = rendered.match(/data-master-css-hydration-manifest=…
     26|       expect(href, name).toBeTruthy()
     27|       expect(existsSync(resolve(dirname(output), href!)), `${name}: ${…
       |                                                                               ^
     28|     }
     29|   } finally {

⎯⎯⎯⎯⎯⎯⎯⎯⎯⎯⎯⎯⎯⎯⎯⎯⎯⎯⎯⎯⎯⎯⎯⎯[1/1]⎯


 Test Files  1 failed (1)
      Tests  1 failed (1)
   Start at  07:26:18
   Duration  5.23s (tests 93%, transform 4%, import 3%)

Error: ERR_PNPM_RECURSIVE_EXEC_FIRST_FAIL

  × "pnpm recursive exec" failed in /Users/aron/master/css/packages/vite

