$ webpack --config webpack.config.js --mode production --output-path /tmp/mastercss-0106-webpack-example

assets by info 967 KiB [immutable]
  assets by path *.svg 2.66 KiB
    asset aa590663d3a5f30a0b5a.svg 2.17 KiB [emitted] [immutable] [from: assets/master.svg]
    asset 5a9d112718ef7773344a.svg 502 bytes [emitted] [immutable] [from: assets/webpack.svg]
  asset ce506cb841e14d90eb5b.wasm 847 KiB [emitted] [immutable] [from: ../../packages/binding-wasm-engine/artifacts/mastercss_binding_wasm_engine_bg.wasm] [big] (auxiliary name: master-css-runtime)
  asset master-css-manifest.68940fce.json 118 KiB [emitted] [immutable]
assets by path *.js 59.9 KiB
  asset master-css-runtime.js 44.3 KiB [emitted] [minimized] (name: master-css-runtime)
  asset 283.js 10.9 KiB [emitted] [minimized]
  asset main.js 4.68 KiB [emitted] [minimized] (name: main)
asset index.html 977 bytes [emitted] [minimized]
orphan modules 36 KiB [orphan] 27 modules
runtime modules 10.5 KiB 15 modules
built modules 110 KiB (javascript) 847 KiB (asset) [built]
  modules by path ../../ 100 KiB (javascript) 847 KiB (asset)
    modules by path ../../packages/ 98.1 KiB (javascript) 847 KiB (asset) 8 modules
    modules by path ../../node_modules/.pnpm/ 2.31 KiB
      ../../node_modules/.pnpm/css-loader@7.1.5_@rspack+core@2.2.2_webpack@5.110.3/nod...(truncated) 64 bytes [built] [code generated]
      ../../node_modules/.pnpm/css-loader@7.1.5_@rspack+core@2.2.2_webpack@5.110.3/nod...(truncated) 2.25 KiB [built] [code generated]
  modules by path ./ 9.95 KiB
    modules by path ./node_modules/.master-css/ 1.5 KiB
      ./node_modules/.master-css/master-css-manifest.js 897 bytes [built] [code generated]
      + 2 modules
    modules by path ./src/ 8.46 KiB
      ./src/index.js + 7 modules 7.62 KiB [built] [code generated]
      ../../node_modules/.pnpm/css-loader@7.1.5_@rspack+core@2.2.2_webpack@5.110.3/node_modules/css-loader/dist/cjs.js!../../packages/webpack/dist/stylesheet-loader.js??ruleSet[1].rules[2].use[0]!./src/style.css 858 bytes [built] [code generated]

WARNING in ../../packages/runtime/dist/index.js 354:23-358:1
Critical dependency: the request of a dependency is an expression
 @ ../../packages/webpack/dist/runtime.js

WARNING in asset size limit: The following asset(s) exceed the recommended size limit (244 KiB).
This can impact web performance.
Assets: 
  ce506cb841e14d90eb5b.wasm (847 KiB)

1 warning has detailed information that is not shown.
Use 'stats.errorDetails: true' resp. '--stats-error-details' to show it.

webpack 5.110.3 compiled with 2 warnings in 2699 ms
