   Compiling mastercss-render v0.0.0 (/Users/aron/master/css/crates/mastercss-render)
    Finished `test` profile [unoptimized + debuginfo] target(s) in 0.61s
     Running tests/bug_hunt_animation_syntax.rs (target/debug/deps/bug_hunt_animation_syntax-b1613740ef4b5629)

running 22 tests
test native_definition ... ok
test nested_definition ... ok
test custom_block_is_not_use ... FAILED
test commented_fake_use ... FAILED
test escaped_definition ... FAILED
test comment_separates_definition ... FAILED
test missing_definition_block ... FAILED
test comment_after_name ... FAILED
test commented_fake_definition ... FAILED
test plain_use ... ok
test comment_before_colon ... FAILED
test quoted_animation_name ... FAILED
test custom_property_is_not_use ... FAILED
test escaped_animation_name ... FAILED
test quoted_definition ... FAILED
test important_animation_name ... FAILED
test quoted_fake_definition ... FAILED
test quoted_fake_use ... FAILED
test supports_is_not_use ... FAILED
test uppercase_property ... FAILED
test uppercase_definition ... FAILED
test url_fake_use ... FAILED

failures:

---- custom_block_is_not_use stdout ----

thread 'custom_block_is_not_use' (36845922) panicked at crates/mastercss-render/tests/bug_hunt_animation_syntax.rs:13:5:
assertion `left == right` failed: .x{--recipe:{animation:fade 1s};}: @keyframes fade{to{opacity:1}}
  left: true
 right: false

---- commented_fake_use stdout ----

thread 'commented_fake_use' (36845921) panicked at crates/mastercss-render/tests/bug_hunt_animation_syntax.rs:13:5:
assertion `left == right` failed: /* animation:fade 1s; */.x{display:block}: @keyframes fade{to{opacity:1}}
  left: true
 right: false

---- escaped_definition stdout ----

thread 'escaped_definition' (36845925) panicked at crates/mastercss-render/tests/bug_hunt_animation_syntax.rs:13:5:
assertion `left == right` failed: @keyframes f\61 de{to{opacity:0}}.x{animation:fade 1s}: @keyframes fade{to{opacity:1}}
  left: true
 right: false

---- comment_separates_definition stdout ----

thread 'comment_separates_definition' (36845919) panicked at crates/mastercss-render/tests/bug_hunt_animation_syntax.rs:13:5:
assertion `left == right` failed: @keyframes/**/fade{to{opacity:0}}.x{animation:fade 1s}: @keyframes fade{to{opacity:1}}
  left: true
 right: false

---- missing_definition_block stdout ----

thread 'missing_definition_block' (36845927) panicked at crates/mastercss-render/tests/bug_hunt_animation_syntax.rs:13:5:
assertion `left == right` failed: @keyframes fade;.x{animation:fade 1s}: 
  left: false
 right: true

---- comment_after_name stdout ----

thread 'comment_after_name' (36845917) panicked at crates/mastercss-render/tests/bug_hunt_animation_syntax.rs:13:5:
assertion `left == right` failed: .x{animation:fade/**/ 1s}: 
  left: false
 right: true

---- commented_fake_definition stdout ----

thread 'commented_fake_definition' (36845920) panicked at crates/mastercss-render/tests/bug_hunt_animation_syntax.rs:13:5:
assertion `left == right` failed: /* @keyframes fade{} */.x{animation:fade 1s}: 
  left: false
 right: true

---- comment_before_colon stdout ----

thread 'comment_before_colon' (36845918) panicked at crates/mastercss-render/tests/bug_hunt_animation_syntax.rs:13:5:
assertion `left == right` failed: .x{animation/**/:fade 1s}: 
  left: false
 right: true

---- quoted_animation_name stdout ----

thread 'quoted_animation_name' (36845931) panicked at crates/mastercss-render/tests/bug_hunt_animation_syntax.rs:13:5:
assertion `left == right` failed: .x{animation-name:"fade"}: 
  left: false
 right: true
note: run with `RUST_BACKTRACE=1` environment variable to display a backtrace

---- custom_property_is_not_use stdout ----

thread 'custom_property_is_not_use' (36845923) panicked at crates/mastercss-render/tests/bug_hunt_animation_syntax.rs:13:5:
assertion `left == right` failed: .x{--animation:fade 1s}: @keyframes fade{to{opacity:1}}
  left: true
 right: false

---- escaped_animation_name stdout ----

thread 'escaped_animation_name' (36845924) panicked at crates/mastercss-render/tests/bug_hunt_animation_syntax.rs:13:5:
assertion `left == right` failed: .x{animation-name:f\61 de}: 
  left: false
 right: true

---- quoted_definition stdout ----

thread 'quoted_definition' (36845932) panicked at crates/mastercss-render/tests/bug_hunt_animation_syntax.rs:13:5:
assertion `left == right` failed: @keyframes "fade"{to{opacity:0}}.x{animation:fade 1s}: @keyframes fade{to{opacity:1}}
  left: true
 right: false

---- important_animation_name stdout ----

thread 'important_animation_name' (36845926) panicked at crates/mastercss-render/tests/bug_hunt_animation_syntax.rs:13:5:
assertion `left == right` failed: .x{animation-name:fade!important}: 
  left: false
 right: true

---- quoted_fake_definition stdout ----

thread 'quoted_fake_definition' (36845933) panicked at crates/mastercss-render/tests/bug_hunt_animation_syntax.rs:13:5:
assertion `left == right` failed: .x{content:"@keyframes fade";animation:fade 1s}: 
  left: false
 right: true

---- quoted_fake_use stdout ----

thread 'quoted_fake_use' (36845934) panicked at crates/mastercss-render/tests/bug_hunt_animation_syntax.rs:13:5:
assertion `left == right` failed: .x{content:"animation:fade 1s;"}: @keyframes fade{to{opacity:1}}
  left: true
 right: false

---- supports_is_not_use stdout ----

thread 'supports_is_not_use' (36845936) panicked at crates/mastercss-render/tests/bug_hunt_animation_syntax.rs:13:5:
assertion `left == right` failed: @supports (animation:fade 1s){.x{display:block}}: @keyframes fade{to{opacity:1}}
  left: true
 right: false

---- uppercase_property stdout ----

thread 'uppercase_property' (36845938) panicked at crates/mastercss-render/tests/bug_hunt_animation_syntax.rs:13:5:
assertion `left == right` failed: .x{ANIMATION:fade 1s}: 
  left: false
 right: true

---- uppercase_definition stdout ----

thread 'uppercase_definition' (36845937) panicked at crates/mastercss-render/tests/bug_hunt_animation_syntax.rs:13:5:
assertion `left == right` failed: @KEYFRAMES fade{to{opacity:0}}.x{animation:fade 1s}: @keyframes fade{to{opacity:1}}
  left: true
 right: false

---- url_fake_use stdout ----

thread 'url_fake_use' (36845939) panicked at crates/mastercss-render/tests/bug_hunt_animation_syntax.rs:13:5:
assertion `left == right` failed: .x{background:url("data:text/plain,animation:fade 1s;")}: @keyframes fade{to{opacity:1}}
  left: true
 right: false


failures:
    comment_after_name
    comment_before_colon
    comment_separates_definition
    commented_fake_definition
    commented_fake_use
    custom_block_is_not_use
    custom_property_is_not_use
    escaped_animation_name
    escaped_definition
    important_animation_name
    missing_definition_block
    quoted_animation_name
    quoted_definition
    quoted_fake_definition
    quoted_fake_use
    supports_is_not_use
    uppercase_definition
    uppercase_property
    url_fake_use

test result: FAILED. 3 passed; 19 failed; 0 ignored; 0 measured; 0 filtered out; finished in 0.00s

error: test failed, to rerun pass `-p mastercss-render --test bug_hunt_animation_syntax`
