    Finished `test` profile [unoptimized + debuginfo] target(s) in 0.13s
     Running tests/bug_hunt_stylesheet_resources.rs (target/debug/deps/bug_hunt_stylesheet_resources-5cdde6ffc62c4786)

running 4 tests
test bh_0001_comment_animation_must_not_emit_unused_keyframes ... FAILED
test bh_0002_css_whitespace_in_var_must_preserve_dependencies ... FAILED
test bh_0001_commented_keyframes_must_not_suppress_used_animation ... FAILED
test audit_actual_native_keyframes_suppress_duplicates ... ok

failures:

---- bh_0001_comment_animation_must_not_emit_unused_keyframes stdout ----

thread 'bh_0001_comment_animation_must_not_emit_unused_keyframes' (36844183) panicked at crates/mastercss-render/tests/bug_hunt_stylesheet_resources.rs:37:5:
assertion `left == right` failed
  left: "@keyframes fade{to{opacity:1}}"
 right: ""
note: run with `RUST_BACKTRACE=1` environment variable to display a backtrace

---- bh_0002_css_whitespace_in_var_must_preserve_dependencies stdout ----

thread 'bh_0002_css_whitespace_in_var_must_preserve_dependencies' (36844185) panicked at crates/mastercss-render/tests/bug_hunt_stylesheet_resources.rs:46:9:
assertion `left == right` failed: CSS whitespace "\t"
  left: ""
 right: "@layer theme{:root{--color-brand:red}}"

---- bh_0001_commented_keyframes_must_not_suppress_used_animation stdout ----

thread 'bh_0001_commented_keyframes_must_not_suppress_used_animation' (36844184) panicked at crates/mastercss-render/tests/bug_hunt_stylesheet_resources.rs:29:5:
assertion `left == right` failed: CSS comments cannot define host keyframes
  left: ""
 right: "@keyframes fade{to{opacity:1}}"


failures:
    bh_0001_comment_animation_must_not_emit_unused_keyframes
    bh_0001_commented_keyframes_must_not_suppress_used_animation
    bh_0002_css_whitespace_in_var_must_preserve_dependencies

test result: FAILED. 1 passed; 3 failed; 0 ignored; 0 measured; 0 filtered out; finished in 0.00s

error: test failed, to rerun pass `-p mastercss-render --test bug_hunt_stylesheet_resources`
