{"browser":"chromium","id":"plain_use","css":".x{animation:fade 1s}","expected":true,"animationName":"fade","definitions":[],"needsManifestAnimation":true,"parsedRules":[".x { animation: 1s ease 0s 1 normal none running fade; }"],"result":"PASS"}
{"browser":"chromium","id":"native_definition","css":"@keyframes fade{to{opacity:0}}.x{animation:fade 1s}","expected":false,"animationName":"fade","definitions":["fade"],"needsManifestAnimation":false,"parsedRules":["@keyframes fade { \n  100% { opacity: 0; }\n}",".x { animation: 1s ease 0s 1 normal none running fade; }"],"result":"PASS"}
{"browser":"chromium","id":"nested_definition","css":"@media all{@keyframes fade{to{opacity:0}}}.x{animation:fade 1s}","expected":false,"animationName":"fade","definitions":["fade"],"needsManifestAnimation":false,"parsedRules":["@media all {\n  @keyframes fade { \n  100% { opacity: 0; }\n}\n}",".x { animation: 1s ease 0s 1 normal none running fade; }"],"result":"PASS"}
{"browser":"chromium","id":"quoted_fake_definition","css":".x{content:\"@keyframes fade\";animation:fade 1s}","expected":true,"animationName":"fade","definitions":[],"needsManifestAnimation":true,"parsedRules":[".x { content: \"@keyframes fade\"; animation: 1s ease 0s 1 normal none running fade; }"],"result":"PASS"}
{"browser":"chromium","id":"commented_fake_definition","css":"/* @keyframes fade{} */.x{animation:fade 1s}","expected":true,"animationName":"fade","definitions":[],"needsManifestAnimation":true,"parsedRules":[".x { animation: 1s ease 0s 1 normal none running fade; }"],"result":"PASS"}
{"browser":"chromium","id":"commented_fake_use","css":"/* animation:fade 1s; */.x{display:block}","expected":false,"animationName":"none","definitions":[],"needsManifestAnimation":false,"parsedRules":[".x { display: block; }"],"result":"PASS"}
{"browser":"chromium","id":"quoted_fake_use","css":".x{content:\"animation:fade 1s;\"}","expected":false,"animationName":"none","definitions":[],"needsManifestAnimation":false,"parsedRules":[".x { content: \"animation:fade 1s;\"; }"],"result":"PASS"}
{"browser":"chromium","id":"url_fake_use","css":".x{background:url(\"data:text/plain,animation:fade 1s;\")}","expected":false,"animationName":"none","definitions":[],"needsManifestAnimation":false,"parsedRules":[".x { background: url(\"data:text/plain,animation:fade 1s;\"); }"],"result":"PASS"}
{"browser":"chromium","id":"supports_is_not_use","css":"@supports (animation:fade 1s){.x{display:block}}","expected":false,"animationName":"none","definitions":[],"needsManifestAnimation":false,"parsedRules":["@supports (animation:fade 1s) {\n  .x { display: block; }\n}"],"result":"PASS"}
{"browser":"chromium","id":"custom_property_is_not_use","css":".x{--animation:fade 1s}","expected":false,"animationName":"none","definitions":[],"needsManifestAnimation":false,"parsedRules":[".x { --animation: fade 1s; }"],"result":"PASS"}
{"browser":"chromium","id":"custom_block_is_not_use","css":".x{--recipe:{animation:fade 1s};}","expected":false,"animationName":"none","definitions":[],"needsManifestAnimation":false,"parsedRules":[".x { --recipe: {animation:fade 1s}; }"],"result":"PASS"}
{"browser":"chromium","id":"uppercase_definition","css":"@KEYFRAMES fade{to{opacity:0}}.x{animation:fade 1s}","expected":false,"animationName":"fade","definitions":["fade"],"needsManifestAnimation":false,"parsedRules":["@keyframes fade { \n  100% { opacity: 0; }\n}",".x { animation: 1s ease 0s 1 normal none running fade; }"],"result":"PASS"}
{"browser":"chromium","id":"comment_separates_definition","css":"@keyframes/**/fade{to{opacity:0}}.x{animation:fade 1s}","expected":false,"animationName":"fade","definitions":["fade"],"needsManifestAnimation":false,"parsedRules":["@keyframes fade { \n  100% { opacity: 0; }\n}",".x { animation: 1s ease 0s 1 normal none running fade; }"],"result":"PASS"}
{"browser":"chromium","id":"quoted_definition","css":"@keyframes \"fade\"{to{opacity:0}}.x{animation:fade 1s}","expected":false,"animationName":"fade","definitions":["fade"],"needsManifestAnimation":false,"parsedRules":["@keyframes fade { \n  100% { opacity: 0; }\n}",".x { animation: 1s ease 0s 1 normal none running fade; }"],"result":"PASS"}
{"browser":"chromium","id":"escaped_definition","css":"@keyframes f\\61 de{to{opacity:0}}.x{animation:fade 1s}","expected":false,"animationName":"fade","definitions":["fade"],"needsManifestAnimation":false,"parsedRules":["@keyframes fade { \n  100% { opacity: 0; }\n}",".x { animation: 1s ease 0s 1 normal none running fade; }"],"result":"PASS"}
{"browser":"chromium","id":"missing_definition_block","css":"@keyframes fade;.x{animation:fade 1s}","expected":true,"animationName":"fade","definitions":[],"needsManifestAnimation":true,"parsedRules":[".x { animation: 1s ease 0s 1 normal none running fade; }"],"result":"PASS"}
{"browser":"chromium","id":"uppercase_property","css":".x{ANIMATION:fade 1s}","expected":true,"animationName":"fade","definitions":[],"needsManifestAnimation":true,"parsedRules":[".x { animation: 1s ease 0s 1 normal none running fade; }"],"result":"PASS"}
{"browser":"chromium","id":"comment_before_colon","css":".x{animation/**/:fade 1s}","expected":true,"animationName":"fade","definitions":[],"needsManifestAnimation":true,"parsedRules":[".x { animation: 1s ease 0s 1 normal none running fade; }"],"result":"PASS"}
{"browser":"chromium","id":"comment_after_name","css":".x{animation:fade/**/ 1s}","expected":true,"animationName":"fade","definitions":[],"needsManifestAnimation":true,"parsedRules":[".x { animation: 1s ease 0s 1 normal none running fade; }"],"result":"PASS"}
{"browser":"chromium","id":"quoted_animation_name","css":".x{animation-name:\"fade\"}","expected":true,"animationName":"fade","definitions":[],"needsManifestAnimation":true,"parsedRules":[".x { animation-name: fade; }"],"result":"PASS"}
{"browser":"chromium","id":"escaped_animation_name","css":".x{animation-name:f\\61 de}","expected":true,"animationName":"fade","definitions":[],"needsManifestAnimation":true,"parsedRules":[".x { animation-name: fade; }"],"result":"PASS"}
{"browser":"chromium","id":"important_animation_name","css":".x{animation-name:fade!important}","expected":true,"animationName":"fade","definitions":[],"needsManifestAnimation":true,"parsedRules":[".x { animation-name: fade !important; }"],"result":"PASS"}
{"browser":"firefox","id":"plain_use","css":".x{animation:fade 1s}","expected":true,"animationName":"fade","definitions":[],"needsManifestAnimation":true,"parsedRules":[".x { animation: 1s fade; }"],"result":"PASS"}
{"browser":"firefox","id":"native_definition","css":"@keyframes fade{to{opacity:0}}.x{animation:fade 1s}","expected":false,"animationName":"fade","definitions":["fade"],"needsManifestAnimation":false,"parsedRules":["@keyframes fade {\n100% { opacity: 0; }\n}",".x { animation: 1s fade; }"],"result":"PASS"}
{"browser":"firefox","id":"nested_definition","css":"@media all{@keyframes fade{to{opacity:0}}}.x{animation:fade 1s}","expected":false,"animationName":"fade","definitions":["fade"],"needsManifestAnimation":false,"parsedRules":["@media all {\n  @keyframes fade {\n100% { opacity: 0; }\n}\n}",".x { animation: 1s fade; }"],"result":"PASS"}
{"browser":"firefox","id":"quoted_fake_definition","css":".x{content:\"@keyframes fade\";animation:fade 1s}","expected":true,"animationName":"fade","definitions":[],"needsManifestAnimation":true,"parsedRules":[".x { content: \"@keyframes fade\"; animation: 1s fade; }"],"result":"PASS"}
{"browser":"firefox","id":"commented_fake_definition","css":"/* @keyframes fade{} */.x{animation:fade 1s}","expected":true,"animationName":"fade","definitions":[],"needsManifestAnimation":true,"parsedRules":[".x { animation: 1s fade; }"],"result":"PASS"}
{"browser":"firefox","id":"commented_fake_use","css":"/* animation:fade 1s; */.x{display:block}","expected":false,"animationName":"none","definitions":[],"needsManifestAnimation":false,"parsedRules":[".x { display: block; }"],"result":"PASS"}
{"browser":"firefox","id":"quoted_fake_use","css":".x{content:\"animation:fade 1s;\"}","expected":false,"animationName":"none","definitions":[],"needsManifestAnimation":false,"parsedRules":[".x { content: \"animation:fade 1s;\"; }"],"result":"PASS"}
{"browser":"firefox","id":"url_fake_use","css":".x{background:url(\"data:text/plain,animation:fade 1s;\")}","expected":false,"animationName":"none","definitions":[],"needsManifestAnimation":false,"parsedRules":[".x { background: url(\"data:text/plain,animation:fade 1s;\"); }"],"result":"PASS"}
{"browser":"firefox","id":"supports_is_not_use","css":"@supports (animation:fade 1s){.x{display:block}}","expected":false,"animationName":"none","definitions":[],"needsManifestAnimation":false,"parsedRules":["@supports (animation:fade 1s) {\n  .x { display: block; }\n}"],"result":"PASS"}
{"browser":"firefox","id":"custom_property_is_not_use","css":".x{--animation:fade 1s}","expected":false,"animationName":"none","definitions":[],"needsManifestAnimation":false,"parsedRules":[".x { --animation: fade 1s; }"],"result":"PASS"}
{"browser":"firefox","id":"custom_block_is_not_use","css":".x{--recipe:{animation:fade 1s};}","expected":false,"animationName":"none","definitions":[],"needsManifestAnimation":false,"parsedRules":[".x { --recipe: {animation:fade 1s}; }"],"result":"PASS"}
{"browser":"firefox","id":"uppercase_definition","css":"@KEYFRAMES fade{to{opacity:0}}.x{animation:fade 1s}","expected":false,"animationName":"fade","definitions":["fade"],"needsManifestAnimation":false,"parsedRules":["@keyframes fade {\n100% { opacity: 0; }\n}",".x { animation: 1s fade; }"],"result":"PASS"}
{"browser":"firefox","id":"comment_separates_definition","css":"@keyframes/**/fade{to{opacity:0}}.x{animation:fade 1s}","expected":false,"animationName":"fade","definitions":["fade"],"needsManifestAnimation":false,"parsedRules":["@keyframes fade {\n100% { opacity: 0; }\n}",".x { animation: 1s fade; }"],"result":"PASS"}
{"browser":"firefox","id":"quoted_definition","css":"@keyframes \"fade\"{to{opacity:0}}.x{animation:fade 1s}","expected":false,"animationName":"fade","definitions":["fade"],"needsManifestAnimation":false,"parsedRules":["@keyframes fade {\n100% { opacity: 0; }\n}",".x { animation: 1s fade; }"],"result":"PASS"}
{"browser":"firefox","id":"escaped_definition","css":"@keyframes f\\61 de{to{opacity:0}}.x{animation:fade 1s}","expected":false,"animationName":"fade","definitions":["fade"],"needsManifestAnimation":false,"parsedRules":["@keyframes fade {\n100% { opacity: 0; }\n}",".x { animation: 1s fade; }"],"result":"PASS"}
{"browser":"firefox","id":"missing_definition_block","css":"@keyframes fade;.x{animation:fade 1s}","expected":true,"animationName":"fade","definitions":[],"needsManifestAnimation":true,"parsedRules":[".x { animation: 1s fade; }"],"result":"PASS"}
{"browser":"firefox","id":"uppercase_property","css":".x{ANIMATION:fade 1s}","expected":true,"animationName":"fade","definitions":[],"needsManifestAnimation":true,"parsedRules":[".x { animation: 1s fade; }"],"result":"PASS"}
{"browser":"firefox","id":"comment_before_colon","css":".x{animation/**/:fade 1s}","expected":true,"animationName":"fade","definitions":[],"needsManifestAnimation":true,"parsedRules":[".x { animation: 1s fade; }"],"result":"PASS"}
{"browser":"firefox","id":"comment_after_name","css":".x{animation:fade/**/ 1s}","expected":true,"animationName":"fade","definitions":[],"needsManifestAnimation":true,"parsedRules":[".x { animation: 1s fade; }"],"result":"PASS"}
{"browser":"firefox","id":"quoted_animation_name","css":".x{animation-name:\"fade\"}","expected":true,"animationName":"fade","definitions":[],"needsManifestAnimation":true,"parsedRules":[".x { animation-name: fade; }"],"result":"PASS"}
{"browser":"firefox","id":"escaped_animation_name","css":".x{animation-name:f\\61 de}","expected":true,"animationName":"fade","definitions":[],"needsManifestAnimation":true,"parsedRules":[".x { animation-name: fade; }"],"result":"PASS"}
{"browser":"firefox","id":"important_animation_name","css":".x{animation-name:fade!important}","expected":true,"animationName":"fade","definitions":[],"needsManifestAnimation":true,"parsedRules":[".x { animation-name: fade !important; }"],"result":"PASS"}
{"browser":"webkit","id":"plain_use","css":".x{animation:fade 1s}","expected":true,"animationName":"fade","definitions":[],"needsManifestAnimation":true,"parsedRules":[".x { animation: 1s fade; }"],"result":"PASS"}
{"browser":"webkit","id":"native_definition","css":"@keyframes fade{to{opacity:0}}.x{animation:fade 1s}","expected":false,"animationName":"fade","definitions":["fade"],"needsManifestAnimation":false,"parsedRules":["@keyframes fade { \n  100% { opacity: 0; }\n}",".x { animation: 1s fade; }"],"result":"PASS"}
{"browser":"webkit","id":"nested_definition","css":"@media all{@keyframes fade{to{opacity:0}}}.x{animation:fade 1s}","expected":false,"animationName":"fade","definitions":["fade"],"needsManifestAnimation":false,"parsedRules":["@media all {\n  @keyframes fade { \n  100% { opacity: 0; }\n}\n}",".x { animation: 1s fade; }"],"result":"PASS"}
{"browser":"webkit","id":"quoted_fake_definition","css":".x{content:\"@keyframes fade\";animation:fade 1s}","expected":true,"animationName":"fade","definitions":[],"needsManifestAnimation":true,"parsedRules":[".x { content: \"@keyframes fade\"; animation: 1s fade; }"],"result":"PASS"}
{"browser":"webkit","id":"commented_fake_definition","css":"/* @keyframes fade{} */.x{animation:fade 1s}","expected":true,"animationName":"fade","definitions":[],"needsManifestAnimation":true,"parsedRules":[".x { animation: 1s fade; }"],"result":"PASS"}
{"browser":"webkit","id":"commented_fake_use","css":"/* animation:fade 1s; */.x{display:block}","expected":false,"animationName":"none","definitions":[],"needsManifestAnimation":false,"parsedRules":[".x { display: block; }"],"result":"PASS"}
{"browser":"webkit","id":"quoted_fake_use","css":".x{content:\"animation:fade 1s;\"}","expected":false,"animationName":"none","definitions":[],"needsManifestAnimation":false,"parsedRules":[".x { content: \"animation:fade 1s;\"; }"],"result":"PASS"}
{"browser":"webkit","id":"url_fake_use","css":".x{background:url(\"data:text/plain,animation:fade 1s;\")}","expected":false,"animationName":"none","definitions":[],"needsManifestAnimation":false,"parsedRules":[".x { background: url(\"data:text/plain,animation:fade 1s;\"); }"],"result":"PASS"}
{"browser":"webkit","id":"supports_is_not_use","css":"@supports (animation:fade 1s){.x{display:block}}","expected":false,"animationName":"none","definitions":[],"needsManifestAnimation":false,"parsedRules":["@supports (animation:fade 1s) {\n  .x { display: block; }\n}"],"result":"PASS"}
{"browser":"webkit","id":"custom_property_is_not_use","css":".x{--animation:fade 1s}","expected":false,"animationName":"none","definitions":[],"needsManifestAnimation":false,"parsedRules":[".x { --animation: fade 1s; }"],"result":"PASS"}
{"browser":"webkit","id":"custom_block_is_not_use","css":".x{--recipe:{animation:fade 1s};}","expected":false,"animationName":"none","definitions":[],"needsManifestAnimation":false,"parsedRules":[".x { --recipe: {animation:fade 1s}; }"],"result":"PASS"}
{"browser":"webkit","id":"uppercase_definition","css":"@KEYFRAMES fade{to{opacity:0}}.x{animation:fade 1s}","expected":false,"animationName":"fade","definitions":["fade"],"needsManifestAnimation":false,"parsedRules":["@keyframes fade { \n  100% { opacity: 0; }\n}",".x { animation: 1s fade; }"],"result":"PASS"}
{"browser":"webkit","id":"comment_separates_definition","css":"@keyframes/**/fade{to{opacity:0}}.x{animation:fade 1s}","expected":false,"animationName":"fade","definitions":["fade"],"needsManifestAnimation":false,"parsedRules":["@keyframes fade { \n  100% { opacity: 0; }\n}",".x { animation: 1s fade; }"],"result":"PASS"}
{"browser":"webkit","id":"quoted_definition","css":"@keyframes \"fade\"{to{opacity:0}}.x{animation:fade 1s}","expected":false,"animationName":"fade","definitions":["fade"],"needsManifestAnimation":false,"parsedRules":["@keyframes fade { \n  100% { opacity: 0; }\n}",".x { animation: 1s fade; }"],"result":"PASS"}
{"browser":"webkit","id":"escaped_definition","css":"@keyframes f\\61 de{to{opacity:0}}.x{animation:fade 1s}","expected":false,"animationName":"fade","definitions":["fade"],"needsManifestAnimation":false,"parsedRules":["@keyframes fade { \n  100% { opacity: 0; }\n}",".x { animation: 1s fade; }"],"result":"PASS"}
{"browser":"webkit","id":"missing_definition_block","css":"@keyframes fade;.x{animation:fade 1s}","expected":true,"animationName":"fade","definitions":[],"needsManifestAnimation":true,"parsedRules":[".x { animation: 1s fade; }"],"result":"PASS"}
{"browser":"webkit","id":"uppercase_property","css":".x{ANIMATION:fade 1s}","expected":true,"animationName":"fade","definitions":[],"needsManifestAnimation":true,"parsedRules":[".x { animation: 1s fade; }"],"result":"PASS"}
{"browser":"webkit","id":"comment_before_colon","css":".x{animation/**/:fade 1s}","expected":true,"animationName":"fade","definitions":[],"needsManifestAnimation":true,"parsedRules":[".x { animation: 1s fade; }"],"result":"PASS"}
{"browser":"webkit","id":"comment_after_name","css":".x{animation:fade/**/ 1s}","expected":true,"animationName":"fade","definitions":[],"needsManifestAnimation":true,"parsedRules":[".x { animation: 1s fade; }"],"result":"PASS"}
{"browser":"webkit","id":"quoted_animation_name","css":".x{animation-name:\"fade\"}","expected":true,"animationName":"fade","definitions":[],"needsManifestAnimation":true,"parsedRules":[".x { animation-name: fade; }"],"result":"PASS"}
{"browser":"webkit","id":"escaped_animation_name","css":".x{animation-name:f\\61 de}","expected":true,"animationName":"fade","definitions":[],"needsManifestAnimation":true,"parsedRules":[".x { animation-name: fade; }"],"result":"PASS"}
{"browser":"webkit","id":"important_animation_name","css":".x{animation-name:fade!important}","expected":true,"animationName":"fade","definitions":[],"needsManifestAnimation":true,"parsedRules":[".x { animation-name: fade !important; }"],"result":"PASS"}
