   Compiling mastercss-lexer v0.0.0 (/Users/aron/master/css/crates/mastercss-lexer)
   Compiling mastercss-engine v0.0.0 (/Users/aron/master/css/crates/mastercss-engine)
   Compiling mastercss-render v0.0.0 (/Users/aron/master/css/crates/mastercss-render)
    Finished `test` profile [unoptimized + debuginfo] target(s) in 1.06s
     Running unittests src/lib.rs (target/debug/deps/mastercss_engine-daea196867eed72a)

running 36 tests
test tests::preserves_all_static_rules_for_the_same_class_across_layers ... ok
test tests::commits_only_host_supported_native_declarations ... ok
test tests::prefers_exact_utilities_over_patterns_and_rejects_legacy_variable_functions ... ok
test tests::preserves_pattern_utility_precedence_inside_groups ... ok
test tests::preserves_native_alias_matchers_for_shared_declarations ... ok
test tests::preserves_custom_property_names_inside_generated_math ... ok
test tests::preserves_selector_templates_across_selectorless_variants ... ok
test tests::disposed_sessions_fail_closed ... ok
test tests::normalizes_base_units_inside_css_math_functions ... ok
test tests::groups_multi_node_utilities_into_one_hydration_rule ... ok
test tests::lets_native_key_aliases_handle_variables_outside_managed_namespaces ... ok
test tests::exposes_manifest_driven_class_semantics_without_mutating_the_session ... ok
test tests::preserves_math_function_names_that_overlap_inline_variables ... ok
test tests::rejects_circular_inline_variable_references ... ok
test tests::ensure_is_idempotent_and_delete_reports_exact_index ... ok
test tests::host_globals_replace_locally_emitted_static_resources ... ok
test tests::inspection_does_not_mutate_the_session ... ok
test tests::creates_sorted_rule_transitions_and_css ... ok
test tests::preserves_selector_priority_for_class_pseudo_and_attribute_states ... ok
test tests::resolves_dependencies_of_inline_variables_without_emitting_resources ... ok
test tests::resolves_legacy_pseudo_elements_without_rewriting_explicit_double_colons ... ok
test tests::suppresses_variables_already_emitted_by_the_host ... ok
test tests::tracks_theme_variables_referenced_by_keyframes ... ok
test tests::registers_host_globals_transactionally_after_classes_are_ensured ... ok
test tests::tracks_variable_resources_across_aliases_and_deletion ... ok
test tests::separates_child_selectors_from_dynamic_values ... ok
test tests::refresh_replays_connected_classes_against_new_manifest ... ok
test tests::resolves_inline_dependencies_in_emitted_base_and_mode_variables ... ok
test tests::parses_each_compound_condition_as_a_condition ... ok
test tests::renders_selector_condition_layer_and_important_state ... ok
test tests::executes_rc87_parser_parity_corpus ... ok
test tests::tracks_keyframes_only_from_animation_declarations ... ok
test tests::validates_native_value_namespaces_before_committing_rules ... ok
test tests::registers_host_keyframes_after_animation_rules_are_ensured ... ok
test tests::validates_and_saturates_host_globals_before_classes_are_ensured ... ok
test tests::renders_the_compiled_condition_grammar ... ok

test result: ok. 36 passed; 0 failed; 0 ignored; 0 measured; 0 filtered out; finished in 0.46s

     Running tests/bug_hunt_lifecycle.rs (target/debug/deps/bug_hunt_lifecycle-5c0b8c0a35d45578)

running 2 tests
test audit_invalid_refresh_preserves_active_state_and_disposal_is_repeatable ... ok
test audit_transition_replay_matches_snapshot_through_256_operations ... ok

test result: ok. 2 passed; 0 failed; 0 ignored; 0 measured; 0 filtered out; finished in 16.07s

     Running tests/bug_hunt_static_dependencies.rs (target/debug/deps/bug_hunt_static_dependencies-edbdce573c34177a)

running 2 tests
test bh_0003_static_resources_retain_transitive_dependencies_at_creation ... FAILED
test bh_0003_static_dependency_survives_last_class_deletion ... FAILED

failures:

---- bh_0003_static_resources_retain_transitive_dependencies_at_creation stdout ----

thread 'bh_0003_static_resources_retain_transitive_dependencies_at_creation' (36872783) panicked at crates/mastercss-engine/tests/bug_hunt_static_dependencies.rs:17:5:
assertion failed: engine.snapshot().unwrap().text.contains("--color-base:red")
note: run with `RUST_BACKTRACE=1` environment variable to display a backtrace

---- bh_0003_static_dependency_survives_last_class_deletion stdout ----

thread 'bh_0003_static_dependency_survives_last_class_deletion' (36872782) panicked at crates/mastercss-engine/tests/bug_hunt_static_dependencies.rs:26:5:
assertion failed: engine.snapshot().unwrap().text.contains("--color-base:red")


failures:
    bh_0003_static_dependency_survives_last_class_deletion
    bh_0003_static_resources_retain_transitive_dependencies_at_creation

test result: FAILED. 0 passed; 2 failed; 0 ignored; 0 measured; 0 filtered out; finished in 0.00s

error: test failed, to rerun pass `-p mastercss-engine --test bug_hunt_static_dependencies`
     Running unittests src/lib.rs (target/debug/deps/mastercss_lexer-500608870c51879e)

running 12 tests
test tests::extracts_only_top_level_keyframe_blocks_without_losing_lines ... ok
test tests::finds_removes_and_ranges_master_entry_directives_in_utf16 ... ok
test tests::matches_existing_css_escape_examples ... ok
test tests::finds_top_level_imports_and_parses_quoted_semicolons ... ok
test tests::ignores_non_entry_and_nested_master_syntax ... ok
test tests::preserves_unclosed_css_variable_references ... ok
test tests::transforms_balanced_css_variable_references_without_touching_literals ... ok
test tests::class_ranges_use_javascript_utf16_offsets ... ok
test tests::collects_only_active_css_variable_references ... ok
test tests::converts_only_valid_utf16_boundaries ... ok
test tests::parses_and_removes_top_level_extraction_policy_directives ... ok
test tests::executes_rc87_lexer_parity_corpus ... ok

test result: ok. 12 passed; 0 failed; 0 ignored; 0 measured; 0 filtered out; finished in 0.01s

     Running tests/bug_hunt_boundaries.rs (target/debug/deps/bug_hunt_boundaries-77a06cc786718d0f)

running 2 tests
test audit_variable_transform_identity_and_malformed_directives_do_not_panic ... ok
test audit_unicode_class_ranges_round_trip_utf16 ... ok

test result: ok. 2 passed; 0 failed; 0 ignored; 0 measured; 0 filtered out; finished in 0.00s

     Running tests/css_syntax.rs (target/debug/deps/css_syntax-a49acb5f3dcbe6f9)

running 3 tests
test names_and_strings_decode_css_escapes_without_merging_comment_separated_tokens ... ok
test balanced_components_keep_custom_values_and_feature_queries_out_of_declarations ... ok
test unicode_bytes_and_deep_blocks_do_not_recurse_on_the_call_stack ... ok

test result: ok. 3 passed; 0 failed; 0 ignored; 0 measured; 0 filtered out; finished in 0.01s

     Running unittests src/lib.rs (target/debug/deps/mastercss_render-1001092638a11df5)

running 8 tests
test tests::native_support_only_applies_to_new_classes ... ok
test tests::composes_sorted_css_and_hydration_rules ... ok
test tests::preserves_and_increments_host_resource_counts ... ok
test tests::cached_native_declarations_preserve_later_alias_matchers ... ok
test tests::cached_subset_output_does_not_depend_on_warm_up_order ... ok
test tests::composes_native_stylesheet_resources_without_duplicate_keyframes ... ok
test tests::cached_subsets_preserve_page_resource_composition ... ok
test tests::snapshots_cached_class_subsets_like_fresh_sessions ... ok

test result: ok. 8 passed; 0 failed; 0 ignored; 0 measured; 0 filtered out; finished in 0.01s

     Running tests/bug_hunt_animation_syntax.rs (target/debug/deps/bug_hunt_animation_syntax-b1613740ef4b5629)

running 22 tests
test custom_block_is_not_use ... ok
test commented_fake_definition ... ok
test comment_after_name ... ok
test comment_before_colon ... ok
test native_definition ... ok
test nested_definition ... ok
test plain_use ... ok
test custom_property_is_not_use ... ok
test quoted_animation_name ... ok
test quoted_definition ... ok
test commented_fake_use ... ok
test escaped_animation_name ... ok
test important_animation_name ... ok
test comment_separates_definition ... ok
test escaped_definition ... ok
test missing_definition_block ... ok
test quoted_fake_definition ... ok
test uppercase_property ... ok
test quoted_fake_use ... ok
test supports_is_not_use ... ok
test uppercase_definition ... ok
test url_fake_use ... ok

test result: ok. 22 passed; 0 failed; 0 ignored; 0 measured; 0 filtered out; finished in 0.01s

     Running tests/bug_hunt_animation_values.rs (target/debug/deps/bug_hunt_animation_values-46b968f7d6239894)

running 3 tests
test nested_selectors_and_descriptor_blocks_do_not_create_fake_declarations ... ok
test variables_are_followed_only_from_animation_values_and_include_fallbacks ... ok
test timing_and_play_state_slots_take_priority_over_animation_names ... ok

test result: ok. 3 passed; 0 failed; 0 ignored; 0 measured; 0 filtered out; finished in 0.01s

     Running tests/bug_hunt_stylesheet_resources.rs (target/debug/deps/bug_hunt_stylesheet_resources-5cdde6ffc62c4786)

running 4 tests
test bh_0001_commented_keyframes_must_not_suppress_used_animation ... ok
test bh_0001_comment_animation_must_not_emit_unused_keyframes ... ok
test bh_0002_css_whitespace_in_var_must_preserve_dependencies ... FAILED
test audit_actual_native_keyframes_suppress_duplicates ... ok

failures:

---- bh_0002_css_whitespace_in_var_must_preserve_dependencies stdout ----

thread 'bh_0002_css_whitespace_in_var_must_preserve_dependencies' (36872858) panicked at crates/mastercss-render/tests/bug_hunt_stylesheet_resources.rs:46:9:
assertion `left == right` failed: CSS whitespace "\t"
  left: ""
 right: "@layer theme{:root{--color-brand:red}}"
note: run with `RUST_BACKTRACE=1` environment variable to display a backtrace


failures:
    bh_0002_css_whitespace_in_var_must_preserve_dependencies

test result: FAILED. 3 passed; 1 failed; 0 ignored; 0 measured; 0 filtered out; finished in 0.01s

error: test failed, to rerun pass `-p mastercss-render --test bug_hunt_stylesheet_resources`
   Doc-tests mastercss_engine

running 0 tests

test result: ok. 0 passed; 0 failed; 0 ignored; 0 measured; 0 filtered out; finished in 0.00s

   Doc-tests mastercss_lexer

running 0 tests

test result: ok. 0 passed; 0 failed; 0 ignored; 0 measured; 0 filtered out; finished in 0.00s

   Doc-tests mastercss_render

running 0 tests

test result: ok. 0 passed; 0 failed; 0 ignored; 0 measured; 0 filtered out; finished in 0.00s

error: 2 targets failed:
    `-p mastercss-engine --test bug_hunt_static_dependencies`
    `-p mastercss-render --test bug_hunt_stylesheet_resources`
