$ playwright test

Running 273 tests using 1 worker

(node:18131) Warning: The 'NO_COLOR' env is ignored due to the 'FORCE_COLOR' env being set.
(Use `node --trace-warnings ...` to show where the warning was created)
  ✓    1 [chromium] › e2e/bug-hunt-frame.test.ts:6:1 › BH-0009 tracks class updates in a same-origin iframe Document root (244ms)
  ✓    2 [chromium] › e2e/bug-hunt-frame.test.ts:34:3 › BH-0009 handles iframe document subtree addition, attributes, moves and removal (311ms)
  ✓    3 [chromium] › e2e/bug-hunt-frame.test.ts:34:3 › BH-0009 handles iframe shadow subtree addition, attributes, moves and removal (308ms)
  ✓    4 [chromium] › e2e/bug-hunt-global-csp.test.ts:7:1 › BH-0008 built global runtime hydrates and updates under CSP without unsafe-eval (168ms)
  ✓    5 [chromium] › e2e/bug-hunt-hydration.test.ts:4:1 › BH-0008: external hydration works with modules and Wasm allowed but unsafe-eval denied (97ms)
  ✓    6 [chromium] › e2e/class-usages.test.ts:16:1 › inner (93ms)
  ✓    7 [chromium] › e2e/class-usages.test.ts:26:1 › remove z1 element (95ms)
  ✓    8 [chromium] › e2e/class-usages.test.ts:33:1 › remove z2 element (94ms)
  ✓    9 [chromium] › e2e/class-usages.test.ts:42:1 › remove z3 element (92ms)
  ✓   10 [chromium] › e2e/class-usages.test.ts:52:1 › remove body content and append again (95ms)
  ✓   11 [chromium] › e2e/class-usages.test.ts:66:1 › add an element to z1 (93ms)
  ✓   12 [chromium] › e2e/class-usages.test.ts:83:1 › add an element to z2 (95ms)
  ✓   13 [chromium] › e2e/class-usages.test.ts:100:1 › remove a class while the subtree is disconnected and append again (92ms)
  ✓   14 [chromium] › e2e/class-usages.test.ts:122:1 › moves class subtrees across document and shadow roots without stale counts (161ms)
  ✓   15 [chromium] › e2e/complex.test.ts:10:1 › complex (298ms)
  ✓   16 [chromium] › e2e/edge-cases.test.ts:76:1 › disconnect clears counts and observe rescans the current DOM (99ms)
  ✓   17 [chromium] › e2e/edge-cases.test.ts:115:1 › mutation removals keep counts immediate and retain CSSOM rules after settle (176ms)
  ✓   18 [chromium] › e2e/edge-cases.test.ts:165:1 › mutation removal flush keeps remaining native CSSOM references valid (180ms)
  ✓   19 [chromium] › e2e/edge-cases.test.ts:266:1 › re-adding a retained class cancels retained cleanup (157ms)
  ✓   20 [chromium] › e2e/edge-cases.test.ts:300:1 › direct remove deletes retained CSSOM rules synchronously (124ms)
  ✓   21 [chromium] › e2e/edge-cases.test.ts:324:1 › retained hard-limit cleanup returns to soft target and preserves active classes (190ms)
  ✓   22 [chromium] › e2e/edge-cases.test.ts:468:1 › mutation removals are canceled when a class returns before flush (158ms)
  ✓   23 [chromium] › e2e/edge-cases.test.ts:506:1 › direct ensureClassRules and deleteClassRules stay synchronous (91ms)
  ✓   24 [chromium] › e2e/edge-cases.test.ts:533:1 › observer-added cold classes update counts immediately and flush rules before paint (94ms)
  ✓   25 [chromium] › e2e/edge-cases.test.ts:596:1 › observer-added retained classes are reused immediately (160ms)
  ✓   26 [chromium] › e2e/edge-cases.test.ts:648:1 › observer queued cold classes removed before flush are skipped (93ms)
  ✓   27 [chromium] › e2e/edge-cases.test.ts:712:1 › disconnect and dispose clear pending mutation additions and removals (257ms)
  ✓   28 [chromium] › e2e/edge-cases.test.ts:760:1 › shadow roots maintain isolated runtime state and style nodes (133ms)
  ✓   29 [chromium] › e2e/global-manifest.test.ts:53:1 › uses split bundled preset manifest (88ms)
  ✓   30 [chromium] › e2e/global-manifest.test.ts:66:1 › uses modulepreloaded default manifest (86ms)
  ✓   31 [chromium] › e2e/global-manifest.test.ts:105:1 › ignores global manifest override (88ms)
  ✓   32 [chromium] › e2e/global-manifest.test.ts:125:1 › fails open when a cross-origin Wasm request is blocked (158ms)
  ✓   33 [chromium] › e2e/global-manifest.test.ts:146:1 › fails open when strict CSP disallows Wasm compilation (160ms)
  ✓   34 [chromium] › e2e/hydration-edge-cases.test.ts:76:1 › progressive hydration without a manifest rebuilds with runtime CSS (105ms)
  ✓   35 [chromium] › e2e/hydration-edge-cases.test.ts:102:1 › progressive hydration with a mismatched manifest rebuilds with runtime CSS (203ms)
  ✓   36 [chromium] › e2e/hydration-edge-cases.test.ts:128:1 › progressive hydration with an empty manifest rebuilds with runtime CSS (91ms)
  ✓   37 [chromium] › e2e/hydration-edge-cases.test.ts:157:1 › progressive hydration uses hydration manifest and retains removed hydrated classes (197ms)
  ✓   38 [chromium] › e2e/hydration-edge-cases.test.ts:226:1 › progressive hydration imports an external style hydration manifest (166ms)
  ✓   39 [chromium] › e2e/hydration-edge-cases.test.ts:266:1 › progressive hydration uses JSON modules without constructing a loader or calling fetch (152ms)
  ✓   40 [chromium] › e2e/hydration-edge-cases.test.ts:329:1 › external hydration rejects an unsupported JSON module manifest without fetch (69ms)
  ✓   41 [chromium] › e2e/hydration-edge-cases.test.ts:383:1 › external hydration does not fetch after a JSON import request fails (70ms)
  ✓   42 [chromium] › e2e/hydration-edge-cases.test.ts:428:1 › external hydration reports HTTP failures as structured diagnostics (71ms)
  ✓   43 [chromium] › e2e/hydration-edge-cases.test.ts:467:1 › runtime start does not import a hydration manifest without a runtime style source (102ms)
  ✓   44 [chromium] › e2e/hydration-edge-cases.test.ts:499:1 › progressive hydration fails open when an external style hydration manifest import fails (73ms)
  ✓   45 [chromium] › e2e/hydration-edge-cases.test.ts:543:1 › progressive hydration rejects an invalid external hydration manifest payload (77ms)
  ✓   46 [chromium] › e2e/hydration-edge-cases.test.ts:585:1 › explicit hydration manifest wins over external DOM discovery (154ms)
  ✓   47 [chromium] › e2e/hydration-edge-cases.test.ts:624:1 › progressive hydration matches bucketed theme variables (149ms)
  ✓   48 [chromium] › e2e/hydration-edge-cases.test.ts:654:1 › progressive hydration matches theme variable buckets by key (184ms)
  ✓   49 [chromium] › e2e/hydration-edge-cases.test.ts:694:1 › removes shared alias variable dependencies when classes disappear (246ms)
  ✓   50 [chromium] › e2e/hydration-edge-cases.test.ts:774:1 › inlines variables without runtime theme counts (150ms)
  ✓   51 [chromium] › e2e/keyframes.test.ts:35:1 › expects the animate token output (160ms)
  ✓   52 [chromium] › e2e/keyframes.test.ts:56:1 › expects the animation output (750ms)
  ✓   53 [chromium] › e2e/lifecycle.test.ts:17:1 › starts the browser runtime through the Wasm binding (100ms)
  ✓   54 [chromium] › e2e/lifecycle.test.ts:22:1 › exposes only the frozen runtime facade and immutable snapshot (88ms)
  ✓   55 [chromium] › e2e/lifecycle.test.ts:43:1 › does not install the removed devtools hook global (88ms)
  ✓   56 [chromium] › e2e/lifecycle.test.ts:48:1 › dispose on progressive (178ms)
  ✓   57 [chromium] › e2e/lifecycle.test.ts:85:1 › prevent attach layer twice (146ms)
  ✓   58 [chromium] › e2e/lifecycle.test.ts:107:1 › insert semantic utility with multiple native rules into existing layer (119ms)
  ✓   59 [chromium] › e2e/lifecycle.test.ts:131:1 › inserts functional pseudo-class selector aliases into native CSSOM (93ms)
  ✓   60 [chromium] › e2e/lifecycle.test.ts:150:1 › refresh clears stale native keyframes (124ms)
  ✓   61 [chromium] › e2e/lifecycle.test.ts:170:1 › observes static theme variables and keyframes without class references (116ms)
  ✓   62 [chromium] › e2e/lifecycle.test.ts:203:1 › generates browser native declarations through CSS.supports fallback (93ms)
  ✓   63 [chromium] › e2e/lifecycle.test.ts:250:1 › hydrates progressive static theme variables and keyframes (172ms)
  ✓   64 [chromium] › e2e/lifecycle.test.ts:288:1 › registers emittedGlobals counts on an existing runtime (137ms)
  ✓   65 [chromium] › e2e/lifecycle.test.ts:329:1 › merges emittedGlobals from concurrent starts before resolving callers (137ms)
  ✓   66 [chromium] › e2e/lifecycle.test.ts:387:1 › registers emittedGlobals counts once on a new runtime (127ms)
  ✓   67 [chromium] › e2e/progressive/basic.test.ts:4:1 › progressive (89ms)
  ✓   68 [chromium] › e2e/progressive/components/index.test.ts:11:1 › components (178ms)
  ✓   69 [chromium] › e2e/progressive/comprehensive/index.test.ts:13:1 › comprehensive (187ms)
  ✓   70 [chromium] › e2e/progressive/default-mode.test.ts:4:1 › prerender (177ms)
  ✓   71 [chromium] › e2e/progressive/media-mode.test.ts:4:1 › prerender (181ms)
  ✓   72 [chromium] › e2e/progressive/modes/index.test.ts:11:1 › selectors (185ms)
  ✓   73 [chromium] › e2e/progressive/selectors/index.test.ts:11:1 › selectors (293ms)
  ✓   74 [chromium] › e2e/progressive/theme/index.test.ts:11:1 › theme (194ms)
  ✓   75 [chromium] › e2e/rc87-rendering.test.ts:38:1 › does not expose tooling-only engine inspection helpers (90ms)
  ✓   76 [chromium] › e2e/rc87-rendering.test.ts:49:1 › destroy on progressive (191ms)
  ✓   77 [chromium] › e2e/rc87-rendering.test.ts:84:1 › disconnect and destroy clear pending mutation additions and removals (256ms)
  ✓   78 [chromium] › e2e/rc87-rendering.test.ts:133:1 › preserves the strict Rust contract when an external hydration manifest import fails (71ms)
  ✓   79 [chromium] › e2e/theme-layer-order.test.ts:4:1 › keeps default variable buckets before mode buckets when CSSOM buckets are inserted later (176ms)
  ✓   80 [chromium] › e2e/variables.test.ts:54:1 › expects the variable output (497ms)
  ✓   81 [chromium] › e2e/variables.test.ts:155:1 › sets native color-scheme on local class-triggered mode islands (159ms)
  ✓   82 [chromium] › e2e/wasm-startup.test.ts:39:1 › falls back to ArrayBuffer instantiation for an incorrect Wasm MIME type (104ms)
  ✓   83 [chromium] › e2e/wasm-startup.test.ts:74:1 › fails open when the Wasm asset returns 404 (70ms)
  ✓   84 [chromium] › e2e/wasm-startup.test.ts:90:1 › fails open when Wasm startup exceeds the configured timeout (273ms)
  ✓   85 [chromium] › e2e/wasm-startup.test.ts:110:1 › disposes an engine that resolves before hydration startup times out (143ms)
  ✓   86 [chromium] › e2e/wasm-startup.test.ts:173:1 › rejects every pending caller and disposes when emitted globals registration fails (143ms)
  ✓   87 [chromium] › tests/issues/382.test.ts:6:1 › O to O (95ms)
  ✓   88 [chromium] › tests/issues/382.test.ts:44:1 › O to X (96ms)
  ✓   89 [chromium] › tests/issues/382.test.ts:76:1 › X to O (93ms)
  ✓   90 [chromium] › tests/issues/382.test.ts:110:1 › X to X (91ms)
  ✓   91 [chromium] › tests/issues/383.test.ts:16:1 › 383 (192ms)
(node:18307) Warning: The 'NO_COLOR' env is ignored due to the 'FORCE_COLOR' env being set.
(Use `node --trace-warnings ...` to show where the warning was created)
  ✓   92 [firefox] › e2e/bug-hunt-frame.test.ts:6:1 › BH-0009 tracks class updates in a same-origin iframe Document root (854ms)
  ✓   93 [firefox] › e2e/bug-hunt-frame.test.ts:34:3 › BH-0009 handles iframe document subtree addition, attributes, moves and removal (423ms)
  ✓   94 [firefox] › e2e/bug-hunt-frame.test.ts:34:3 › BH-0009 handles iframe shadow subtree addition, attributes, moves and removal (424ms)
  ✓   95 [firefox] › e2e/bug-hunt-global-csp.test.ts:7:1 › BH-0008 built global runtime hydrates and updates under CSP without unsafe-eval (290ms)
  ✓   96 [firefox] › e2e/bug-hunt-hydration.test.ts:4:1 › BH-0008: external hydration works with modules and Wasm allowed but unsafe-eval denied (188ms)
  ✓   97 [firefox] › e2e/class-usages.test.ts:16:1 › inner (185ms)
  ✓   98 [firefox] › e2e/class-usages.test.ts:26:1 › remove z1 element (189ms)
  ✓   99 [firefox] › e2e/class-usages.test.ts:33:1 › remove z2 element (203ms)
  ✓  100 [firefox] › e2e/class-usages.test.ts:42:1 › remove z3 element (204ms)
  ✓  101 [firefox] › e2e/class-usages.test.ts:52:1 › remove body content and append again (544ms)
  ✓  102 [firefox] › e2e/class-usages.test.ts:66:1 › add an element to z1 (205ms)
  ✓  103 [firefox] › e2e/class-usages.test.ts:83:1 › add an element to z2 (186ms)
  ✓  104 [firefox] › e2e/class-usages.test.ts:100:1 › remove a class while the subtree is disconnected and append again (183ms)
  ✓  105 [firefox] › e2e/class-usages.test.ts:122:1 › moves class subtrees across document and shadow roots without stale counts (265ms)
  ✓  106 [firefox] › e2e/complex.test.ts:10:1 › complex (376ms)
  ✓  107 [firefox] › e2e/edge-cases.test.ts:76:1 › disconnect clears counts and observe rescans the current DOM (217ms)
  ✓  108 [firefox] › e2e/edge-cases.test.ts:115:1 › mutation removals keep counts immediate and retain CSSOM rules after settle (284ms)
  ✓  109 [firefox] › e2e/edge-cases.test.ts:165:1 › mutation removal flush keeps remaining native CSSOM references valid (303ms)
  ✓  110 [firefox] › e2e/edge-cases.test.ts:266:1 › re-adding a retained class cancels retained cleanup (286ms)
  ✓  111 [firefox] › e2e/edge-cases.test.ts:300:1 › direct remove deletes retained CSSOM rules synchronously (578ms)
  ✓  112 [firefox] › e2e/edge-cases.test.ts:324:1 › retained hard-limit cleanup returns to soft target and preserves active classes (296ms)
  ✓  113 [firefox] › e2e/edge-cases.test.ts:468:1 › mutation removals are canceled when a class returns before flush (264ms)
  ✓  114 [firefox] › e2e/edge-cases.test.ts:506:1 › direct ensureClassRules and deleteClassRules stay synchronous (197ms)
  ✓  115 [firefox] › e2e/edge-cases.test.ts:533:1 › observer-added cold classes update counts immediately and flush rules before paint (184ms)
  ✓  116 [firefox] › e2e/edge-cases.test.ts:596:1 › observer-added retained classes are reused immediately (256ms)
  ✓  117 [firefox] › e2e/edge-cases.test.ts:648:1 › observer queued cold classes removed before flush are skipped (185ms)
  ✓  118 [firefox] › e2e/edge-cases.test.ts:712:1 › disconnect and dispose clear pending mutation additions and removals (386ms)
  ✓  119 [firefox] › e2e/edge-cases.test.ts:760:1 › shadow roots maintain isolated runtime state and style nodes (296ms)
  ✓  120 [firefox] › e2e/global-manifest.test.ts:53:1 › uses split bundled preset manifest (164ms)
  ✓  121 [firefox] › e2e/global-manifest.test.ts:66:1 › uses modulepreloaded default manifest (530ms)
  ✓  122 [firefox] › e2e/global-manifest.test.ts:105:1 › ignores global manifest override (175ms)
  ✓  123 [firefox] › e2e/global-manifest.test.ts:125:1 › fails open when a cross-origin Wasm request is blocked (128ms)
  ✓  124 [firefox] › e2e/global-manifest.test.ts:146:1 › fails open when strict CSP disallows Wasm compilation (241ms)
  ✓  125 [firefox] › e2e/hydration-edge-cases.test.ts:76:1 › progressive hydration without a manifest rebuilds with runtime CSS (193ms)
  ✓  126 [firefox] › e2e/hydration-edge-cases.test.ts:102:1 › progressive hydration with a mismatched manifest rebuilds with runtime CSS (296ms)
  ✓  127 [firefox] › e2e/hydration-edge-cases.test.ts:128:1 › progressive hydration with an empty manifest rebuilds with runtime CSS (182ms)
  ✓  128 [firefox] › e2e/hydration-edge-cases.test.ts:157:1 › progressive hydration uses hydration manifest and retains removed hydrated classes (276ms)
  ✓  129 [firefox] › e2e/hydration-edge-cases.test.ts:226:1 › progressive hydration imports an external style hydration manifest (280ms)
  ✓  130 [firefox] › e2e/hydration-edge-cases.test.ts:266:1 › progressive hydration uses JSON modules without constructing a loader or calling fetch (259ms)
  ✓  131 [firefox] › e2e/hydration-edge-cases.test.ts:329:1 › external hydration rejects an unsupported JSON module manifest without fetch (533ms)
  ✓  132 [firefox] › e2e/hydration-edge-cases.test.ts:383:1 › external hydration does not fetch after a JSON import request fails (181ms)
  ✓  133 [firefox] › e2e/hydration-edge-cases.test.ts:428:1 › external hydration reports HTTP failures as structured diagnostics (166ms)
  ✓  134 [firefox] › e2e/hydration-edge-cases.test.ts:467:1 › runtime start does not import a hydration manifest without a runtime style source (194ms)
  ✓  135 [firefox] › e2e/hydration-edge-cases.test.ts:499:1 › progressive hydration fails open when an external style hydration manifest import fails (165ms)
  ✓  136 [firefox] › e2e/hydration-edge-cases.test.ts:543:1 › progressive hydration rejects an invalid external hydration manifest payload (166ms)
  ✓  137 [firefox] › e2e/hydration-edge-cases.test.ts:585:1 › explicit hydration manifest wins over external DOM discovery (245ms)
  ✓  138 [firefox] › e2e/hydration-edge-cases.test.ts:624:1 › progressive hydration matches bucketed theme variables (243ms)
  ✓  139 [firefox] › e2e/hydration-edge-cases.test.ts:654:1 › progressive hydration matches theme variable buckets by key (298ms)
  ✓  140 [firefox] › e2e/hydration-edge-cases.test.ts:694:1 › removes shared alias variable dependencies when classes disappear (360ms)
  ✓  141 [firefox] › e2e/hydration-edge-cases.test.ts:774:1 › inlines variables without runtime theme counts (643ms)
  ✓  142 [firefox] › e2e/keyframes.test.ts:35:1 › expects the animate token output (276ms)
  ✓  143 [firefox] › e2e/keyframes.test.ts:56:1 › expects the animation output (867ms)
  ✓  144 [firefox] › e2e/lifecycle.test.ts:17:1 › starts the browser runtime through the Wasm binding (199ms)
  ✓  145 [firefox] › e2e/lifecycle.test.ts:22:1 › exposes only the frozen runtime facade and immutable snapshot (180ms)
  ✓  146 [firefox] › e2e/lifecycle.test.ts:43:1 › does not install the removed devtools hook global (191ms)
  ✓  147 [firefox] › e2e/lifecycle.test.ts:48:1 › dispose on progressive (298ms)
  ✓  148 [firefox] › e2e/lifecycle.test.ts:85:1 › prevent attach layer twice (263ms)
  ✓  149 [firefox] › e2e/lifecycle.test.ts:107:1 › insert semantic utility with multiple native rules into existing layer (225ms)
  ✓  150 [firefox] › e2e/lifecycle.test.ts:131:1 › inserts functional pseudo-class selector aliases into native CSSOM (178ms)
  ✓  151 [firefox] › e2e/lifecycle.test.ts:150:1 › refresh clears stale native keyframes (688ms)
  ✓  152 [firefox] › e2e/lifecycle.test.ts:170:1 › observes static theme variables and keyframes without class references (239ms)
  ✓  153 [firefox] › e2e/lifecycle.test.ts:203:1 › generates browser native declarations through CSS.supports fallback (189ms)
  ✓  154 [firefox] › e2e/lifecycle.test.ts:250:1 › hydrates progressive static theme variables and keyframes (296ms)
  ✓  155 [firefox] › e2e/lifecycle.test.ts:288:1 › registers emittedGlobals counts on an existing runtime (255ms)
  ✓  156 [firefox] › e2e/lifecycle.test.ts:329:1 › merges emittedGlobals from concurrent starts before resolving callers (262ms)
  ✓  157 [firefox] › e2e/lifecycle.test.ts:387:1 › registers emittedGlobals counts once on a new runtime (258ms)
  ✓  158 [firefox] › e2e/progressive/basic.test.ts:4:1 › progressive (234ms)
  ✓  159 [firefox] › e2e/progressive/components/index.test.ts:11:1 › components (412ms)
  ✓  160 [firefox] › e2e/progressive/comprehensive/index.test.ts:13:1 › comprehensive (355ms)
  ✓  161 [firefox] › e2e/progressive/default-mode.test.ts:4:1 › prerender (812ms)
  ✓  162 [firefox] › e2e/progressive/media-mode.test.ts:4:1 › prerender (313ms)
  ✓  163 [firefox] › e2e/progressive/modes/index.test.ts:11:1 › selectors (372ms)
  ✓  164 [firefox] › e2e/progressive/selectors/index.test.ts:11:1 › selectors (341ms)
  ✓  165 [firefox] › e2e/progressive/theme/index.test.ts:11:1 › theme (299ms)
  ✓  166 [firefox] › e2e/rc87-rendering.test.ts:38:1 › does not expose tooling-only engine inspection helpers (189ms)
  ✓  167 [firefox] › e2e/rc87-rendering.test.ts:49:1 › destroy on progressive (315ms)
  ✓  168 [firefox] › e2e/rc87-rendering.test.ts:84:1 › disconnect and destroy clear pending mutation additions and removals (408ms)
  ✓  169 [firefox] › e2e/rc87-rendering.test.ts:133:1 › preserves the strict Rust contract when an external hydration manifest import fails (186ms)
  ✓  170 [firefox] › e2e/theme-layer-order.test.ts:4:1 › keeps default variable buckets before mode buckets when CSSOM buckets are inserted later (289ms)
  ✓  171 [firefox] › e2e/variables.test.ts:54:1 › expects the variable output (1.1s)
  ✓  172 [firefox] › e2e/variables.test.ts:155:1 › sets native color-scheme on local class-triggered mode islands (263ms)
  ✓  173 [firefox] › e2e/wasm-startup.test.ts:39:1 › falls back to ArrayBuffer instantiation for an incorrect Wasm MIME type (211ms)
  ✓  174 [firefox] › e2e/wasm-startup.test.ts:74:1 › fails open when the Wasm asset returns 404 (175ms)
  ✓  175 [firefox] › e2e/wasm-startup.test.ts:90:1 › fails open when Wasm startup exceeds the configured timeout (376ms)
  ✓  176 [firefox] › e2e/wasm-startup.test.ts:110:1 › disposes an engine that resolves before hydration startup times out (284ms)
  ✓  177 [firefox] › e2e/wasm-startup.test.ts:173:1 › rejects every pending caller and disposes when emitted globals registration fails (291ms)
  ✓  178 [firefox] › tests/issues/382.test.ts:6:1 › O to O (198ms)
  ✓  179 [firefox] › tests/issues/382.test.ts:44:1 › O to X (195ms)
  ✓  180 [firefox] › tests/issues/382.test.ts:76:1 › X to O (192ms)
  ✓  181 [firefox] › tests/issues/382.test.ts:110:1 › X to X (699ms)
  ✓  182 [firefox] › tests/issues/383.test.ts:16:1 › 383 (296ms)
(node:18608) Warning: The 'NO_COLOR' env is ignored due to the 'FORCE_COLOR' env being set.
(Use `node --trace-warnings ...` to show where the warning was created)
  ✓  183 [webkit] › e2e/bug-hunt-frame.test.ts:6:1 › BH-0009 tracks class updates in a same-origin iframe Document root (792ms)
  ✓  184 [webkit] › e2e/bug-hunt-frame.test.ts:34:3 › BH-0009 handles iframe document subtree addition, attributes, moves and removal (604ms)
  ✓  185 [webkit] › e2e/bug-hunt-frame.test.ts:34:3 › BH-0009 handles iframe shadow subtree addition, attributes, moves and removal (578ms)
  ✓  186 [webkit] › e2e/bug-hunt-global-csp.test.ts:7:1 › BH-0008 built global runtime hydrates and updates under CSP without unsafe-eval (306ms)
  ✓  187 [webkit] › e2e/bug-hunt-hydration.test.ts:4:1 › BH-0008: external hydration works with modules and Wasm allowed but unsafe-eval denied (363ms)
  ✓  188 [webkit] › e2e/class-usages.test.ts:16:1 › inner (361ms)
  ✓  189 [webkit] › e2e/class-usages.test.ts:26:1 › remove z1 element (356ms)
  ✓  190 [webkit] › e2e/class-usages.test.ts:33:1 › remove z2 element (363ms)
  ✓  191 [webkit] › e2e/class-usages.test.ts:42:1 › remove z3 element (358ms)
  ✓  192 [webkit] › e2e/class-usages.test.ts:52:1 › remove body content and append again (364ms)
  ✓  193 [webkit] › e2e/class-usages.test.ts:66:1 › add an element to z1 (365ms)
  ✓  194 [webkit] › e2e/class-usages.test.ts:83:1 › add an element to z2 (356ms)
  ✓  195 [webkit] › e2e/class-usages.test.ts:100:1 › remove a class while the subtree is disconnected and append again (365ms)
  ✓  196 [webkit] › e2e/class-usages.test.ts:122:1 › moves class subtrees across document and shadow roots without stale counts (425ms)
  ✓  197 [webkit] › e2e/complex.test.ts:10:1 › complex (553ms)
  ✓  198 [webkit] › e2e/edge-cases.test.ts:76:1 › disconnect clears counts and observe rescans the current DOM (363ms)
  ✓  199 [webkit] › e2e/edge-cases.test.ts:115:1 › mutation removals keep counts immediate and retain CSSOM rules after settle (455ms)
  ✓  200 [webkit] › e2e/edge-cases.test.ts:165:1 › mutation removal flush keeps remaining native CSSOM references valid (437ms)
  ✓  201 [webkit] › e2e/edge-cases.test.ts:266:1 › re-adding a retained class cancels retained cleanup (421ms)
  ✓  202 [webkit] › e2e/edge-cases.test.ts:300:1 › direct remove deletes retained CSSOM rules synchronously (395ms)
  ✓  203 [webkit] › e2e/edge-cases.test.ts:324:1 › retained hard-limit cleanup returns to soft target and preserves active classes (462ms)
  ✓  204 [webkit] › e2e/edge-cases.test.ts:468:1 › mutation removals are canceled when a class returns before flush (429ms)
  ✓  205 [webkit] › e2e/edge-cases.test.ts:506:1 › direct ensureClassRules and deleteClassRules stay synchronous (354ms)
  ✓  206 [webkit] › e2e/edge-cases.test.ts:533:1 › observer-added cold classes update counts immediately and flush rules before paint (355ms)
  ✓  207 [webkit] › e2e/edge-cases.test.ts:596:1 › observer-added retained classes are reused immediately (464ms)
  ✓  208 [webkit] › e2e/edge-cases.test.ts:648:1 › observer queued cold classes removed before flush are skipped (395ms)
  ✓  209 [webkit] › e2e/edge-cases.test.ts:712:1 › disconnect and dispose clear pending mutation additions and removals (559ms)
  ✓  210 [webkit] › e2e/edge-cases.test.ts:760:1 › shadow roots maintain isolated runtime state and style nodes (396ms)
  ✓  211 [webkit] › e2e/global-manifest.test.ts:53:1 › uses split bundled preset manifest (216ms)
  ✓  212 [webkit] › e2e/global-manifest.test.ts:66:1 › uses modulepreloaded default manifest (220ms)
  ✓  213 [webkit] › e2e/global-manifest.test.ts:105:1 › ignores global manifest override (221ms)
  ✓  214 [webkit] › e2e/global-manifest.test.ts:125:1 › fails open when a cross-origin Wasm request is blocked (174ms)
  ✓  215 [webkit] › e2e/global-manifest.test.ts:146:1 › fails open when strict CSP disallows Wasm compilation (285ms)
  ✓  216 [webkit] › e2e/hydration-edge-cases.test.ts:76:1 › progressive hydration without a manifest rebuilds with runtime CSS (374ms)
  ✓  217 [webkit] › e2e/hydration-edge-cases.test.ts:102:1 › progressive hydration with a mismatched manifest rebuilds with runtime CSS (480ms)
  ✓  218 [webkit] › e2e/hydration-edge-cases.test.ts:128:1 › progressive hydration with an empty manifest rebuilds with runtime CSS (361ms)
  ✓  219 [webkit] › e2e/hydration-edge-cases.test.ts:157:1 › progressive hydration uses hydration manifest and retains removed hydrated classes (466ms)
  ✓  220 [webkit] › e2e/hydration-edge-cases.test.ts:226:1 › progressive hydration imports an external style hydration manifest (295ms)
  ✓  221 [webkit] › e2e/hydration-edge-cases.test.ts:266:1 › progressive hydration uses JSON modules without constructing a loader or calling fetch (287ms)
  ✓  222 [webkit] › e2e/hydration-edge-cases.test.ts:329:1 › external hydration rejects an unsupported JSON module manifest without fetch (205ms)
  ✓  223 [webkit] › e2e/hydration-edge-cases.test.ts:383:1 › external hydration does not fetch after a JSON import request fails (191ms)
  ✓  224 [webkit] › e2e/hydration-edge-cases.test.ts:428:1 › external hydration reports HTTP failures as structured diagnostics (196ms)
  ✓  225 [webkit] › e2e/hydration-edge-cases.test.ts:467:1 › runtime start does not import a hydration manifest without a runtime style source (358ms)
  ✓  226 [webkit] › e2e/hydration-edge-cases.test.ts:499:1 › progressive hydration fails open when an external style hydration manifest import fails (197ms)
  ✓  227 [webkit] › e2e/hydration-edge-cases.test.ts:543:1 › progressive hydration rejects an invalid external hydration manifest payload (202ms)
  ✓  228 [webkit] › e2e/hydration-edge-cases.test.ts:585:1 › explicit hydration manifest wins over external DOM discovery (421ms)
  ✓  229 [webkit] › e2e/hydration-edge-cases.test.ts:624:1 › progressive hydration matches bucketed theme variables (427ms)
  ✓  230 [webkit] › e2e/hydration-edge-cases.test.ts:654:1 › progressive hydration matches theme variable buckets by key (446ms)
  ✓  231 [webkit] › e2e/hydration-edge-cases.test.ts:694:1 › removes shared alias variable dependencies when classes disappear (489ms)
  ✓  232 [webkit] › e2e/hydration-edge-cases.test.ts:774:1 › inlines variables without runtime theme counts (377ms)
  ✓  233 [webkit] › e2e/keyframes.test.ts:35:1 › expects the animate token output (444ms)
  ✓  234 [webkit] › e2e/keyframes.test.ts:56:1 › expects the animation output (994ms)
  ✓  235 [webkit] › e2e/lifecycle.test.ts:17:1 › starts the browser runtime through the Wasm binding (336ms)
  ✓  236 [webkit] › e2e/lifecycle.test.ts:22:1 › exposes only the frozen runtime facade and immutable snapshot (349ms)
  ✓  237 [webkit] › e2e/lifecycle.test.ts:43:1 › does not install the removed devtools hook global (357ms)
  ✓  238 [webkit] › e2e/lifecycle.test.ts:48:1 › dispose on progressive (436ms)
  ✓  239 [webkit] › e2e/lifecycle.test.ts:85:1 › prevent attach layer twice (395ms)
  ✓  240 [webkit] › e2e/lifecycle.test.ts:107:1 › insert semantic utility with multiple native rules into existing layer (372ms)
  ✓  241 [webkit] › e2e/lifecycle.test.ts:131:1 › inserts functional pseudo-class selector aliases into native CSSOM (339ms)
  ✓  242 [webkit] › e2e/lifecycle.test.ts:150:1 › refresh clears stale native keyframes (374ms)
  ✓  243 [webkit] › e2e/lifecycle.test.ts:170:1 › observes static theme variables and keyframes without class references (365ms)
  ✓  244 [webkit] › e2e/lifecycle.test.ts:203:1 › generates browser native declarations through CSS.supports fallback (346ms)
  ✓  245 [webkit] › e2e/lifecycle.test.ts:250:1 › hydrates progressive static theme variables and keyframes (421ms)
  ✓  246 [webkit] › e2e/lifecycle.test.ts:288:1 › registers emittedGlobals counts on an existing runtime (382ms)
  ✓  247 [webkit] › e2e/lifecycle.test.ts:329:1 › merges emittedGlobals from concurrent starts before resolving callers (399ms)
  ✓  248 [webkit] › e2e/lifecycle.test.ts:387:1 › registers emittedGlobals counts once on a new runtime (386ms)
  ✓  249 [webkit] › e2e/progressive/basic.test.ts:4:1 › progressive (345ms)
  ✓  250 [webkit] › e2e/progressive/components/index.test.ts:11:1 › components (431ms)
  ✓  251 [webkit] › e2e/progressive/comprehensive/index.test.ts:13:1 › comprehensive (433ms)
  ✓  252 [webkit] › e2e/progressive/default-mode.test.ts:4:1 › prerender (420ms)
  ✓  253 [webkit] › e2e/progressive/media-mode.test.ts:4:1 › prerender (426ms)
  ✓  254 [webkit] › e2e/progressive/modes/index.test.ts:11:1 › selectors (426ms)
  ✓  255 [webkit] › e2e/progressive/selectors/index.test.ts:11:1 › selectors (542ms)
  ✓  256 [webkit] › e2e/progressive/theme/index.test.ts:11:1 › theme (441ms)
  ✓  257 [webkit] › e2e/rc87-rendering.test.ts:38:1 › does not expose tooling-only engine inspection helpers (351ms)
  ✓  258 [webkit] › e2e/rc87-rendering.test.ts:49:1 › destroy on progressive (445ms)
  ✓  259 [webkit] › e2e/rc87-rendering.test.ts:84:1 › disconnect and destroy clear pending mutation additions and removals (477ms)
  ✓  260 [webkit] › e2e/rc87-rendering.test.ts:133:1 › preserves the strict Rust contract when an external hydration manifest import fails (190ms)
  ✓  261 [webkit] › e2e/theme-layer-order.test.ts:4:1 › keeps default variable buckets before mode buckets when CSSOM buckets are inserted later (417ms)
  ✓  262 [webkit] › e2e/variables.test.ts:54:1 › expects the variable output (722ms)
  ✓  263 [webkit] › e2e/variables.test.ts:155:1 › sets native color-scheme on local class-triggered mode islands (397ms)
  ✓  264 [webkit] › e2e/wasm-startup.test.ts:39:1 › falls back to ArrayBuffer instantiation for an incorrect Wasm MIME type (236ms)
  ✓  265 [webkit] › e2e/wasm-startup.test.ts:74:1 › fails open when the Wasm asset returns 404 (194ms)
  ✓  266 [webkit] › e2e/wasm-startup.test.ts:90:1 › fails open when Wasm startup exceeds the configured timeout (399ms)
  ✓  267 [webkit] › e2e/wasm-startup.test.ts:110:1 › disposes an engine that resolves before hydration startup times out (288ms)
  ✓  268 [webkit] › e2e/wasm-startup.test.ts:173:1 › rejects every pending caller and disposes when emitted globals registration fails (282ms)
  ✓  269 [webkit] › tests/issues/382.test.ts:6:1 › O to O (350ms)
  ✓  270 [webkit] › tests/issues/382.test.ts:44:1 › O to X (342ms)
  ✓  271 [webkit] › tests/issues/382.test.ts:76:1 › X to O (345ms)
  ✓  272 [webkit] › tests/issues/382.test.ts:110:1 › X to X (345ms)
  ✓  273 [webkit] › tests/issues/383.test.ts:16:1 › 383 (434ms)

  273 passed (1.3m)
