$ cargo xtask build-native && cargo xtask build-wasm compiler && vitest --run
    Finished `dev` profile [unoptimized + debuginfo] target(s) in 0.05s
     Running `/Users/aron/master/css/target/debug/xtask build-native`
    Blocking waiting for file lock on package cache
    Blocking waiting for file lock on package cache
    Blocking waiting for file lock on package cache
    Blocking waiting for file lock on build directory
    Finished `dev` profile [unoptimized + debuginfo] target(s) in 0.23s
Built /Users/aron/master/css/packages/binding/artifacts/mastercss.node
Built /Users/aron/master/css/packages/binding/artifacts/mcss
    Finished `dev` profile [unoptimized + debuginfo] target(s) in 0.05s
     Running `/Users/aron/master/css/target/debug/xtask build-wasm compiler`
   Compiling mastercss-lexer v0.0.0 (/Users/aron/master/css/crates/mastercss-lexer)
   Compiling mastercss-engine v0.0.0 (/Users/aron/master/css/crates/mastercss-engine)
   Compiling mastercss-render v0.0.0 (/Users/aron/master/css/crates/mastercss-render)
   Compiling mastercss-compiler v0.0.0 (/Users/aron/master/css/crates/mastercss-compiler)
   Compiling mastercss-binding-wasm-compiler v0.0.0 (/Users/aron/master/css/crates/mastercss-binding-wasm-compiler)
    Finished `release` profile [optimized] target(s) in 17.14s
Built /Users/aron/master/css/packages/binding-wasm-compiler/artifacts
(!) Your Vite config uses features that are unsupported by `configLoader: 'native'`, which is planned to become the default in a future major version of Vite:
  - import "../../shared/vitest.config" without a file extension (vitest.config.ts:3:20). Add the file extension
  - import "./vitest-ci-config" without a file extension (../../shared/vitest.config.ts:2:58). Add the file extension
Set `VITE_CONFIG_NATIVE_IGNORE_WARNING=true` to suppress this warning.

 RUN  v5.0.0 /Users/aron/master/css/packages/compiler

[success] app/page.tsx 4 classes inserted in 0.5ms 
[success] app/page.html 1 classes inserted in 0.1ms 
[success] app/page.html 2 classes inserted in 0.1ms 
[success] app/page.html 2 classes inserted in 0.1ms 
[success] app/page.html 1 classes inserted in 0.1ms 
[success] app/page.html 1 classes inserted in 0.1ms 

 Test Files  15 passed (15)
      Tests  127 passed (127)
   Start at  08:13:27
   Duration  9.60s (tests 91%, transform 6%, import 3%)

