{"browser":"chromium","id":"timing_keyword","css":".x{animation:linear 1s}","expected":"none","baseline":false,"wasmHash":"5fd2ff5d6838e51f51e73af6be9b4d0d70cfa982756fd2d26a9e01a350858918","parity":"PASS","generated":"","animationName":"none","parsed":[".x { animation: 1s linear 0s 1 normal none running none; }"],"generatedNames":[],"running":[],"needsGenerated":false,"result":"PASS"}
{"browser":"chromium","id":"repeated_timing","css":".x{animation:linear linear 1s}","expected":"linear","baseline":false,"wasmHash":"5fd2ff5d6838e51f51e73af6be9b4d0d70cfa982756fd2d26a9e01a350858918","parity":"PASS","generated":"@keyframes linear{to{opacity:1}}","animationName":"linear","parsed":[".x { animation: 1s linear 0s 1 normal none running linear; }"],"generatedNames":["linear"],"running":["linear"],"needsGenerated":true,"result":"PASS"}
{"browser":"chromium","id":"numeric_iteration_before_name","css":".x{animation:1 infinite 1s}","expected":"infinite","baseline":false,"wasmHash":"5fd2ff5d6838e51f51e73af6be9b4d0d70cfa982756fd2d26a9e01a350858918","parity":"PASS","generated":"","animationName":"infinite","parsed":[".x { animation: 1s ease 0s 1 normal none running infinite; }"],"generatedNames":[],"running":[],"needsGenerated":true,"result":"FAIL"}
{"browser":"chromium","id":"decimal_iteration_before_name","css":".x{animation:.5 infinite 1s}","expected":"infinite","baseline":false,"wasmHash":"5fd2ff5d6838e51f51e73af6be9b4d0d70cfa982756fd2d26a9e01a350858918","parity":"PASS","generated":"","animationName":"infinite","parsed":[".x { animation: 1s ease 0s 0.5 normal none running infinite; }"],"generatedNames":[],"running":[],"needsGenerated":true,"result":"FAIL"}
{"browser":"chromium","id":"fill_none_before_name","css":".x{animation:none backwards 1s}","expected":"backwards","baseline":false,"wasmHash":"5fd2ff5d6838e51f51e73af6be9b4d0d70cfa982756fd2d26a9e01a350858918","parity":"PASS","generated":"","animationName":"backwards","parsed":[".x { animation: 1s ease 0s 1 normal none running backwards; }"],"generatedNames":[],"running":[],"needsGenerated":true,"result":"FAIL"}
{"browser":"chromium","id":"compiled_variable_timing","css":".x{animation:var(--animation-easing) linear 1s}","expected":"linear","baseline":false,"wasmHash":"5fd2ff5d6838e51f51e73af6be9b4d0d70cfa982756fd2d26a9e01a350858918","parity":"PASS","generated":"@layer theme{:root{--animation-easing:linear}}","animationName":"linear","parsed":[".x { animation: var(--animation-easing) linear 1s; }"],"generatedNames":[],"running":[],"needsGenerated":true,"result":"FAIL"}
{"browser":"chromium","id":"fallback_timing","css":".x{animation:var(--missing,linear) linear 1s}","expected":"linear","baseline":false,"wasmHash":"5fd2ff5d6838e51f51e73af6be9b4d0d70cfa982756fd2d26a9e01a350858918","parity":"PASS","generated":"@keyframes linear{to{opacity:1}}","animationName":"linear","parsed":[".x { animation: var(--missing,linear) linear 1s; }"],"generatedNames":["linear"],"running":["linear"],"needsGenerated":true,"result":"PASS"}
{"browser":"chromium","id":"invalid_multiple_names","css":".x{animation:fade unexpected 1s}","expected":"none","baseline":false,"wasmHash":"5fd2ff5d6838e51f51e73af6be9b4d0d70cfa982756fd2d26a9e01a350858918","parity":"PASS","generated":"@keyframes fade{to{opacity:1}}","animationName":"none","parsed":[".x { }"],"generatedNames":["fade"],"running":[],"needsGenerated":false,"result":"FAIL"}
{"browser":"chromium","id":"quoted_keyword_name","css":".x{animation:\"linear\" 1s}","expected":"linear","baseline":false,"wasmHash":"5fd2ff5d6838e51f51e73af6be9b4d0d70cfa982756fd2d26a9e01a350858918","parity":"PASS","generated":"@keyframes linear{to{opacity:1}}","animationName":"linear","parsed":[".x { animation: 1s ease 0s 1 normal none running linear; }"],"generatedNames":["linear"],"running":["linear"],"needsGenerated":true,"result":"PASS"}
{"browser":"firefox","id":"timing_keyword","css":".x{animation:linear 1s}","expected":"none","baseline":false,"wasmHash":"5fd2ff5d6838e51f51e73af6be9b4d0d70cfa982756fd2d26a9e01a350858918","parity":"PASS","generated":"","animationName":"none","parsed":[".x { animation: 1s linear; }"],"generatedNames":[],"running":[],"needsGenerated":false,"result":"PASS"}
{"browser":"firefox","id":"repeated_timing","css":".x{animation:linear linear 1s}","expected":"linear","baseline":false,"wasmHash":"5fd2ff5d6838e51f51e73af6be9b4d0d70cfa982756fd2d26a9e01a350858918","parity":"PASS","generated":"@keyframes linear{to{opacity:1}}","animationName":"linear","parsed":[".x { animation: 1s linear linear; }"],"generatedNames":["linear"],"running":["linear"],"needsGenerated":true,"result":"PASS"}
{"browser":"firefox","id":"numeric_iteration_before_name","css":".x{animation:1 infinite 1s}","expected":"infinite","baseline":false,"wasmHash":"5fd2ff5d6838e51f51e73af6be9b4d0d70cfa982756fd2d26a9e01a350858918","parity":"PASS","generated":"","animationName":"infinite","parsed":[".x { animation: 1s infinite; }"],"generatedNames":[],"running":[],"needsGenerated":true,"result":"FAIL"}
{"browser":"firefox","id":"decimal_iteration_before_name","css":".x{animation:.5 infinite 1s}","expected":"infinite","baseline":false,"wasmHash":"5fd2ff5d6838e51f51e73af6be9b4d0d70cfa982756fd2d26a9e01a350858918","parity":"PASS","generated":"","animationName":"infinite","parsed":[".x { animation: 1s 0.5 infinite; }"],"generatedNames":[],"running":[],"needsGenerated":true,"result":"FAIL"}
{"browser":"firefox","id":"fill_none_before_name","css":".x{animation:none backwards 1s}","expected":"backwards","baseline":false,"wasmHash":"5fd2ff5d6838e51f51e73af6be9b4d0d70cfa982756fd2d26a9e01a350858918","parity":"PASS","generated":"","animationName":"backwards","parsed":[".x { animation: 1s none backwards; }"],"generatedNames":[],"running":[],"needsGenerated":true,"result":"FAIL"}
{"browser":"firefox","id":"compiled_variable_timing","css":".x{animation:var(--animation-easing) linear 1s}","expected":"linear","baseline":false,"wasmHash":"5fd2ff5d6838e51f51e73af6be9b4d0d70cfa982756fd2d26a9e01a350858918","parity":"PASS","generated":"@layer theme{:root{--animation-easing:linear}}","animationName":"linear","parsed":[".x { animation: var(--animation-easing) linear 1s; }"],"generatedNames":[],"running":[],"needsGenerated":true,"result":"FAIL"}
{"browser":"firefox","id":"fallback_timing","css":".x{animation:var(--missing,linear) linear 1s}","expected":"linear","baseline":false,"wasmHash":"5fd2ff5d6838e51f51e73af6be9b4d0d70cfa982756fd2d26a9e01a350858918","parity":"PASS","generated":"@keyframes linear{to{opacity:1}}","animationName":"linear","parsed":[".x { animation: var(--missing,linear) linear 1s; }"],"generatedNames":["linear"],"running":["linear"],"needsGenerated":true,"result":"PASS"}
{"browser":"firefox","id":"invalid_multiple_names","css":".x{animation:fade unexpected 1s}","expected":"none","baseline":false,"wasmHash":"5fd2ff5d6838e51f51e73af6be9b4d0d70cfa982756fd2d26a9e01a350858918","parity":"PASS","generated":"@keyframes fade{to{opacity:1}}","animationName":"none","parsed":[".x { }"],"generatedNames":["fade"],"running":[],"needsGenerated":false,"result":"FAIL"}
{"browser":"firefox","id":"quoted_keyword_name","css":".x{animation:\"linear\" 1s}","expected":"linear","baseline":false,"wasmHash":"5fd2ff5d6838e51f51e73af6be9b4d0d70cfa982756fd2d26a9e01a350858918","parity":"PASS","generated":"@keyframes linear{to{opacity:1}}","animationName":"linear","parsed":[".x { animation: 1s ease linear; }"],"generatedNames":["linear"],"running":["linear"],"needsGenerated":true,"result":"PASS"}
{"browser":"webkit","id":"timing_keyword","css":".x{animation:linear 1s}","expected":"none","baseline":false,"wasmHash":"5fd2ff5d6838e51f51e73af6be9b4d0d70cfa982756fd2d26a9e01a350858918","parity":"PASS","generated":"","animationName":"none","parsed":[".x { animation: 1s linear; }"],"generatedNames":[],"running":[],"needsGenerated":false,"result":"PASS"}
{"browser":"webkit","id":"repeated_timing","css":".x{animation:linear linear 1s}","expected":"linear","baseline":false,"wasmHash":"5fd2ff5d6838e51f51e73af6be9b4d0d70cfa982756fd2d26a9e01a350858918","parity":"PASS","generated":"@keyframes linear{to{opacity:1}}","animationName":"linear","parsed":[".x { animation: 1s linear linear; }"],"generatedNames":["linear"],"running":["linear"],"needsGenerated":true,"result":"PASS"}
{"browser":"webkit","id":"numeric_iteration_before_name","css":".x{animation:1 infinite 1s}","expected":"infinite","baseline":false,"wasmHash":"5fd2ff5d6838e51f51e73af6be9b4d0d70cfa982756fd2d26a9e01a350858918","parity":"PASS","generated":"","animationName":"infinite","parsed":[".x { animation: 1s 1 infinite; }"],"generatedNames":[],"running":[],"needsGenerated":true,"result":"FAIL"}
{"browser":"webkit","id":"decimal_iteration_before_name","css":".x{animation:.5 infinite 1s}","expected":"infinite","baseline":false,"wasmHash":"5fd2ff5d6838e51f51e73af6be9b4d0d70cfa982756fd2d26a9e01a350858918","parity":"PASS","generated":"","animationName":"infinite","parsed":[".x { animation: 1s 0.5 infinite; }"],"generatedNames":[],"running":[],"needsGenerated":true,"result":"FAIL"}
{"browser":"webkit","id":"fill_none_before_name","css":".x{animation:none backwards 1s}","expected":"backwards","baseline":false,"wasmHash":"5fd2ff5d6838e51f51e73af6be9b4d0d70cfa982756fd2d26a9e01a350858918","parity":"PASS","generated":"","animationName":"backwards","parsed":[".x { animation: 1s none backwards; }"],"generatedNames":[],"running":[],"needsGenerated":true,"result":"FAIL"}
{"browser":"webkit","id":"compiled_variable_timing","css":".x{animation:var(--animation-easing) linear 1s}","expected":"linear","baseline":false,"wasmHash":"5fd2ff5d6838e51f51e73af6be9b4d0d70cfa982756fd2d26a9e01a350858918","parity":"PASS","generated":"@layer theme{:root{--animation-easing:linear}}","animationName":"linear","parsed":[".x { animation: var(--animation-easing) linear 1s; }"],"generatedNames":[],"running":[],"needsGenerated":true,"result":"FAIL"}
{"browser":"webkit","id":"fallback_timing","css":".x{animation:var(--missing,linear) linear 1s}","expected":"linear","baseline":false,"wasmHash":"5fd2ff5d6838e51f51e73af6be9b4d0d70cfa982756fd2d26a9e01a350858918","parity":"PASS","generated":"@keyframes linear{to{opacity:1}}","animationName":"linear","parsed":[".x { animation: var(--missing,linear) linear 1s; }"],"generatedNames":["linear"],"running":["linear"],"needsGenerated":true,"result":"PASS"}
{"browser":"webkit","id":"invalid_multiple_names","css":".x{animation:fade unexpected 1s}","expected":"none","baseline":false,"wasmHash":"5fd2ff5d6838e51f51e73af6be9b4d0d70cfa982756fd2d26a9e01a350858918","parity":"PASS","generated":"@keyframes fade{to{opacity:1}}","animationName":"none","parsed":[".x { }"],"generatedNames":["fade"],"running":[],"needsGenerated":false,"result":"FAIL"}
{"browser":"webkit","id":"quoted_keyword_name","css":".x{animation:\"linear\" 1s}","expected":"linear","baseline":false,"wasmHash":"5fd2ff5d6838e51f51e73af6be9b4d0d70cfa982756fd2d26a9e01a350858918","parity":"PASS","generated":"@keyframes linear{to{opacity:1}}","animationName":"linear","parsed":[".x { animation: 1s ease linear; }"],"generatedNames":["linear"],"running":["linear"],"needsGenerated":true,"result":"PASS"}
node:internal/modules/run_main:107
    triggerUncaughtException(
    ^

AssertionError [ERR_ASSERTION]: Generated animation resources must agree with browser value parsing

15 !== 0

    at file:///Users/aron/master/css/.ai/audits/bug-hunt/repros/animation-value-browser.mjs:69:8 {
  generatedMessage: false,
  code: 'ERR_ASSERTION',
  actual: 15,
  expected: 0,
  operator: 'strictEqual',
  diff: 'simple'
}

Node.js v24.20.0
