$ playwright test

Running 273 tests using 1 worker

(node:25836) Warning: The 'NO_COLOR' env is ignored due to the 'FORCE_COLOR' env being set.
(Use `node --trace-warnings ...` to show where the warning was created)
  ✓    1 [chromium] › e2e/bug-hunt-frame.test.ts:6:1 › BH-0009 tracks class updates in a same-origin iframe Document root (265ms)
  ✓    2 [chromium] › e2e/bug-hunt-frame.test.ts:34:3 › BH-0009 handles iframe document subtree addition, attributes, moves and removal (310ms)
  ✓    3 [chromium] › e2e/bug-hunt-frame.test.ts:34:3 › BH-0009 handles iframe shadow subtree addition, attributes, moves and removal (325ms)
  ✓    4 [chromium] › e2e/bug-hunt-global-csp.test.ts:7:1 › BH-0008 built global runtime hydrates and updates under CSP without unsafe-eval (392ms)
  ✓    5 [chromium] › e2e/bug-hunt-hydration.test.ts:4:1 › BH-0008: external hydration works with modules and Wasm allowed but unsafe-eval denied (103ms)
  ✓    6 [chromium] › e2e/class-usages.test.ts:16:1 › inner (95ms)
  ✓    7 [chromium] › e2e/class-usages.test.ts:26:1 › remove z1 element (91ms)
  ✓    8 [chromium] › e2e/class-usages.test.ts:33:1 › remove z2 element (96ms)
  ✓    9 [chromium] › e2e/class-usages.test.ts:42:1 › remove z3 element (99ms)
  ✓   10 [chromium] › e2e/class-usages.test.ts:52:1 › remove body content and append again (94ms)
  ✓   11 [chromium] › e2e/class-usages.test.ts:66:1 › add an element to z1 (97ms)
  ✓   12 [chromium] › e2e/class-usages.test.ts:83:1 › add an element to z2 (97ms)
  ✓   13 [chromium] › e2e/class-usages.test.ts:100:1 › remove a class while the subtree is disconnected and append again (95ms)
  ✓   14 [chromium] › e2e/class-usages.test.ts:122:1 › moves class subtrees across document and shadow roots without stale counts (157ms)
  ✓   15 [chromium] › e2e/complex.test.ts:10:1 › complex (297ms)
  ✓   16 [chromium] › e2e/edge-cases.test.ts:76:1 › disconnect clears counts and observe rescans the current DOM (103ms)
  ✓   17 [chromium] › e2e/edge-cases.test.ts:115:1 › mutation removals keep counts immediate and retain CSSOM rules after settle (177ms)
  ✓   18 [chromium] › e2e/edge-cases.test.ts:165:1 › mutation removal flush keeps remaining native CSSOM references valid (178ms)
  ✓   19 [chromium] › e2e/edge-cases.test.ts:266:1 › re-adding a retained class cancels retained cleanup (176ms)
  ✓   20 [chromium] › e2e/edge-cases.test.ts:300:1 › direct remove deletes retained CSSOM rules synchronously (142ms)
  ✓   21 [chromium] › e2e/edge-cases.test.ts:324:1 › retained hard-limit cleanup returns to soft target and preserves active classes (202ms)
  ✓   22 [chromium] › e2e/edge-cases.test.ts:468:1 › mutation removals are canceled when a class returns before flush (174ms)
  ✓   23 [chromium] › e2e/edge-cases.test.ts:506:1 › direct ensureClassRules and deleteClassRules stay synchronous (97ms)
  ✓   24 [chromium] › e2e/edge-cases.test.ts:533:1 › observer-added cold classes update counts immediately and flush rules before paint (97ms)
  ✓   25 [chromium] › e2e/edge-cases.test.ts:596:1 › observer-added retained classes are reused immediately (159ms)
  ✓   26 [chromium] › e2e/edge-cases.test.ts:648:1 › observer queued cold classes removed before flush are skipped (93ms)
  ✓   27 [chromium] › e2e/edge-cases.test.ts:712:1 › disconnect and dispose clear pending mutation additions and removals (256ms)
  ✓   28 [chromium] › e2e/edge-cases.test.ts:760:1 › shadow roots maintain isolated runtime state and style nodes (130ms)
  ✓   29 [chromium] › e2e/global-manifest.test.ts:53:1 › uses split bundled preset manifest (93ms)
  ✓   30 [chromium] › e2e/global-manifest.test.ts:66:1 › uses modulepreloaded default manifest (92ms)
  ✓   31 [chromium] › e2e/global-manifest.test.ts:105:1 › ignores global manifest override (88ms)
  ✓   32 [chromium] › e2e/global-manifest.test.ts:125:1 › fails open when a cross-origin Wasm request is blocked (152ms)
  ✓   33 [chromium] › e2e/global-manifest.test.ts:146:1 › fails open when strict CSP disallows Wasm compilation (159ms)
  ✓   34 [chromium] › e2e/hydration-edge-cases.test.ts:76:1 › progressive hydration without a manifest rebuilds with runtime CSS (93ms)
  ✓   35 [chromium] › e2e/hydration-edge-cases.test.ts:102:1 › progressive hydration with a mismatched manifest rebuilds with runtime CSS (204ms)
  ✓   36 [chromium] › e2e/hydration-edge-cases.test.ts:128:1 › progressive hydration with an empty manifest rebuilds with runtime CSS (97ms)
  ✓   37 [chromium] › e2e/hydration-edge-cases.test.ts:157:1 › progressive hydration uses hydration manifest and retains removed hydrated classes (209ms)
  ✓   38 [chromium] › e2e/hydration-edge-cases.test.ts:226:1 › progressive hydration imports an external style hydration manifest (178ms)
  ✓   39 [chromium] › e2e/hydration-edge-cases.test.ts:266:1 › progressive hydration uses JSON modules without constructing a loader or calling fetch (155ms)
  ✓   40 [chromium] › e2e/hydration-edge-cases.test.ts:329:1 › external hydration rejects an unsupported JSON module manifest without fetch (68ms)
  ✓   41 [chromium] › e2e/hydration-edge-cases.test.ts:383:1 › external hydration does not fetch after a JSON import request fails (68ms)
  ✓   42 [chromium] › e2e/hydration-edge-cases.test.ts:428:1 › external hydration reports HTTP failures as structured diagnostics (69ms)
  ✓   43 [chromium] › e2e/hydration-edge-cases.test.ts:467:1 › runtime start does not import a hydration manifest without a runtime style source (96ms)
  ✓   44 [chromium] › e2e/hydration-edge-cases.test.ts:499:1 › progressive hydration fails open when an external style hydration manifest import fails (68ms)
  ✓   45 [chromium] › e2e/hydration-edge-cases.test.ts:543:1 › progressive hydration rejects an invalid external hydration manifest payload (68ms)
  ✓   46 [chromium] › e2e/hydration-edge-cases.test.ts:585:1 › explicit hydration manifest wins over external DOM discovery (150ms)
  ✓   47 [chromium] › e2e/hydration-edge-cases.test.ts:624:1 › progressive hydration matches bucketed theme variables (151ms)
  ✓   48 [chromium] › e2e/hydration-edge-cases.test.ts:654:1 › progressive hydration matches theme variable buckets by key (180ms)
  ✓   49 [chromium] › e2e/hydration-edge-cases.test.ts:694:1 › removes shared alias variable dependencies when classes disappear (243ms)
  ✓   50 [chromium] › e2e/hydration-edge-cases.test.ts:774:1 › inlines variables without runtime theme counts (142ms)
  ✓   51 [chromium] › e2e/keyframes.test.ts:35:1 › expects the animate token output (161ms)
  ✓   52 [chromium] › e2e/keyframes.test.ts:56:1 › expects the animation output (740ms)
  ✓   53 [chromium] › e2e/lifecycle.test.ts:17:1 › starts the browser runtime through the Wasm binding (89ms)
  ✓   54 [chromium] › e2e/lifecycle.test.ts:22:1 › exposes only the frozen runtime facade and immutable snapshot (89ms)
  ✓   55 [chromium] › e2e/lifecycle.test.ts:43:1 › does not install the removed devtools hook global (89ms)
  ✓   56 [chromium] › e2e/lifecycle.test.ts:48:1 › dispose on progressive (190ms)
  ✓   57 [chromium] › e2e/lifecycle.test.ts:85:1 › prevent attach layer twice (142ms)
  ✓   58 [chromium] › e2e/lifecycle.test.ts:107:1 › insert semantic utility with multiple native rules into existing layer (120ms)
  ✓   59 [chromium] › e2e/lifecycle.test.ts:131:1 › inserts functional pseudo-class selector aliases into native CSSOM (92ms)
  ✓   60 [chromium] › e2e/lifecycle.test.ts:150:1 › refresh clears stale native keyframes (125ms)
  ✓   61 [chromium] › e2e/lifecycle.test.ts:170:1 › observes static theme variables and keyframes without class references (118ms)
  ✓   62 [chromium] › e2e/lifecycle.test.ts:203:1 › generates browser native declarations through CSS.supports fallback (95ms)
  ✓   63 [chromium] › e2e/lifecycle.test.ts:250:1 › hydrates progressive static theme variables and keyframes (176ms)
  ✓   64 [chromium] › e2e/lifecycle.test.ts:288:1 › registers emittedGlobals counts on an existing runtime (138ms)
  ✓   65 [chromium] › e2e/lifecycle.test.ts:329:1 › merges emittedGlobals from concurrent starts before resolving callers (139ms)
  ✓   66 [chromium] › e2e/lifecycle.test.ts:387:1 › registers emittedGlobals counts once on a new runtime (125ms)
  ✓   67 [chromium] › e2e/progressive/basic.test.ts:4:1 › progressive (87ms)
  ✓   68 [chromium] › e2e/progressive/components/index.test.ts:11:1 › components (182ms)
  ✓   69 [chromium] › e2e/progressive/comprehensive/index.test.ts:13:1 › comprehensive (181ms)
  ✓   70 [chromium] › e2e/progressive/default-mode.test.ts:4:1 › prerender (177ms)
  ✓   71 [chromium] › e2e/progressive/media-mode.test.ts:4:1 › prerender (181ms)
  ✓   72 [chromium] › e2e/progressive/modes/index.test.ts:11:1 › selectors (214ms)
  ✓   73 [chromium] › e2e/progressive/selectors/index.test.ts:11:1 › selectors (312ms)
  ✓   74 [chromium] › e2e/progressive/theme/index.test.ts:11:1 › theme (188ms)
  ✓   75 [chromium] › e2e/rc87-rendering.test.ts:38:1 › does not expose tooling-only engine inspection helpers (90ms)
  ✓   76 [chromium] › e2e/rc87-rendering.test.ts:49:1 › destroy on progressive (190ms)
  ✓   77 [chromium] › e2e/rc87-rendering.test.ts:84:1 › disconnect and destroy clear pending mutation additions and removals (256ms)
  ✓   78 [chromium] › e2e/rc87-rendering.test.ts:133:1 › preserves the strict Rust contract when an external hydration manifest import fails (68ms)
  ✓   79 [chromium] › e2e/theme-layer-order.test.ts:4:1 › keeps default variable buckets before mode buckets when CSSOM buckets are inserted later (175ms)
  ✓   80 [chromium] › e2e/variables.test.ts:54:1 › expects the variable output (473ms)
  ✓   81 [chromium] › e2e/variables.test.ts:155:1 › sets native color-scheme on local class-triggered mode islands (141ms)
  ✓   82 [chromium] › e2e/wasm-startup.test.ts:39:1 › falls back to ArrayBuffer instantiation for an incorrect Wasm MIME type (105ms)
  ✓   83 [chromium] › e2e/wasm-startup.test.ts:74:1 › fails open when the Wasm asset returns 404 (68ms)
  ✓   84 [chromium] › e2e/wasm-startup.test.ts:90:1 › fails open when Wasm startup exceeds the configured timeout (268ms)
  ✓   85 [chromium] › e2e/wasm-startup.test.ts:110:1 › disposes an engine that resolves before hydration startup times out (144ms)
  ✓   86 [chromium] › e2e/wasm-startup.test.ts:173:1 › rejects every pending caller and disposes when emitted globals registration fails (144ms)
  ✓   87 [chromium] › tests/issues/382.test.ts:6:1 › O to O (91ms)
  ✓   88 [chromium] › tests/issues/382.test.ts:44:1 › O to X (92ms)
  ✓   89 [chromium] › tests/issues/382.test.ts:76:1 › X to O (91ms)
  ✓   90 [chromium] › tests/issues/382.test.ts:110:1 › X to X (88ms)
  ✓   91 [chromium] › tests/issues/383.test.ts:16:1 › 383 (177ms)
(node:26156) Warning: The 'NO_COLOR' env is ignored due to the 'FORCE_COLOR' env being set.
(Use `node --trace-warnings ...` to show where the warning was created)
  ✓   92 [firefox] › e2e/bug-hunt-frame.test.ts:6:1 › BH-0009 tracks class updates in a same-origin iframe Document root (846ms)
  ✓   93 [firefox] › e2e/bug-hunt-frame.test.ts:34:3 › BH-0009 handles iframe document subtree addition, attributes, moves and removal (436ms)
  ✓   94 [firefox] › e2e/bug-hunt-frame.test.ts:34:3 › BH-0009 handles iframe shadow subtree addition, attributes, moves and removal (428ms)
  ✓   95 [firefox] › e2e/bug-hunt-global-csp.test.ts:7:1 › BH-0008 built global runtime hydrates and updates under CSP without unsafe-eval (285ms)
  ✓   96 [firefox] › e2e/bug-hunt-hydration.test.ts:4:1 › BH-0008: external hydration works with modules and Wasm allowed but unsafe-eval denied (192ms)
  ✓   97 [firefox] › e2e/class-usages.test.ts:16:1 › inner (202ms)
  ✓   98 [firefox] › e2e/class-usages.test.ts:26:1 › remove z1 element (200ms)
  ✓   99 [firefox] › e2e/class-usages.test.ts:33:1 › remove z2 element (207ms)
  ✓  100 [firefox] › e2e/class-usages.test.ts:42:1 › remove z3 element (218ms)
  ✓  101 [firefox] › e2e/class-usages.test.ts:52:1 › remove body content and append again (553ms)
  ✓  102 [firefox] › e2e/class-usages.test.ts:66:1 › add an element to z1 (214ms)
  ✓  103 [firefox] › e2e/class-usages.test.ts:83:1 › add an element to z2 (188ms)
  ✓  104 [firefox] › e2e/class-usages.test.ts:100:1 › remove a class while the subtree is disconnected and append again (193ms)
  ✓  105 [firefox] › e2e/class-usages.test.ts:122:1 › moves class subtrees across document and shadow roots without stale counts (280ms)
  ✓  106 [firefox] › e2e/complex.test.ts:10:1 › complex (389ms)
  ✓  107 [firefox] › e2e/edge-cases.test.ts:76:1 › disconnect clears counts and observe rescans the current DOM (239ms)
  ✓  108 [firefox] › e2e/edge-cases.test.ts:115:1 › mutation removals keep counts immediate and retain CSSOM rules after settle (283ms)
  ✓  109 [firefox] › e2e/edge-cases.test.ts:165:1 › mutation removal flush keeps remaining native CSSOM references valid (332ms)
  ✓  110 [firefox] › e2e/edge-cases.test.ts:266:1 › re-adding a retained class cancels retained cleanup (308ms)
  ✓  111 [firefox] › e2e/edge-cases.test.ts:300:1 › direct remove deletes retained CSSOM rules synchronously (623ms)
  ✓  112 [firefox] › e2e/edge-cases.test.ts:324:1 › retained hard-limit cleanup returns to soft target and preserves active classes (316ms)
  ✓  113 [firefox] › e2e/edge-cases.test.ts:468:1 › mutation removals are canceled when a class returns before flush (264ms)
  ✓  114 [firefox] › e2e/edge-cases.test.ts:506:1 › direct ensureClassRules and deleteClassRules stay synchronous (194ms)
  ✓  115 [firefox] › e2e/edge-cases.test.ts:533:1 › observer-added cold classes update counts immediately and flush rules before paint (192ms)
  ✓  116 [firefox] › e2e/edge-cases.test.ts:596:1 › observer-added retained classes are reused immediately (270ms)
  ✓  117 [firefox] › e2e/edge-cases.test.ts:648:1 › observer queued cold classes removed before flush are skipped (202ms)
  ✓  118 [firefox] › e2e/edge-cases.test.ts:712:1 › disconnect and dispose clear pending mutation additions and removals (469ms)
  ✓  119 [firefox] › e2e/edge-cases.test.ts:760:1 › shadow roots maintain isolated runtime state and style nodes (268ms)
  ✓  120 [firefox] › e2e/global-manifest.test.ts:53:1 › uses split bundled preset manifest (181ms)
  ✓  121 [firefox] › e2e/global-manifest.test.ts:66:1 › uses modulepreloaded default manifest (526ms)
  ✓  122 [firefox] › e2e/global-manifest.test.ts:105:1 › ignores global manifest override (186ms)
  ✓  123 [firefox] › e2e/global-manifest.test.ts:125:1 › fails open when a cross-origin Wasm request is blocked (140ms)
  ✓  124 [firefox] › e2e/global-manifest.test.ts:146:1 › fails open when strict CSP disallows Wasm compilation (237ms)
  ✓  125 [firefox] › e2e/hydration-edge-cases.test.ts:76:1 › progressive hydration without a manifest rebuilds with runtime CSS (192ms)
  ✓  126 [firefox] › e2e/hydration-edge-cases.test.ts:102:1 › progressive hydration with a mismatched manifest rebuilds with runtime CSS (299ms)
  ✓  127 [firefox] › e2e/hydration-edge-cases.test.ts:128:1 › progressive hydration with an empty manifest rebuilds with runtime CSS (190ms)
  ✓  128 [firefox] › e2e/hydration-edge-cases.test.ts:157:1 › progressive hydration uses hydration manifest and retains removed hydrated classes (284ms)
  ✓  129 [firefox] › e2e/hydration-edge-cases.test.ts:226:1 › progressive hydration imports an external style hydration manifest (285ms)
  ✓  130 [firefox] › e2e/hydration-edge-cases.test.ts:266:1 › progressive hydration uses JSON modules without constructing a loader or calling fetch (273ms)
  ✓  131 [firefox] › e2e/hydration-edge-cases.test.ts:329:1 › external hydration rejects an unsupported JSON module manifest without fetch (538ms)
  ✓  132 [firefox] › e2e/hydration-edge-cases.test.ts:383:1 › external hydration does not fetch after a JSON import request fails (185ms)
  ✓  133 [firefox] › e2e/hydration-edge-cases.test.ts:428:1 › external hydration reports HTTP failures as structured diagnostics (170ms)
  ✓  134 [firefox] › e2e/hydration-edge-cases.test.ts:467:1 › runtime start does not import a hydration manifest without a runtime style source (195ms)
  ✓  135 [firefox] › e2e/hydration-edge-cases.test.ts:499:1 › progressive hydration fails open when an external style hydration manifest import fails (166ms)
  ✓  136 [firefox] › e2e/hydration-edge-cases.test.ts:543:1 › progressive hydration rejects an invalid external hydration manifest payload (168ms)
  ✓  137 [firefox] › e2e/hydration-edge-cases.test.ts:585:1 › explicit hydration manifest wins over external DOM discovery (256ms)
  ✓  138 [firefox] › e2e/hydration-edge-cases.test.ts:624:1 › progressive hydration matches bucketed theme variables (255ms)
  ✓  139 [firefox] › e2e/hydration-edge-cases.test.ts:654:1 › progressive hydration matches theme variable buckets by key (330ms)
  ✓  140 [firefox] › e2e/hydration-edge-cases.test.ts:694:1 › removes shared alias variable dependencies when classes disappear (396ms)
  ✓  141 [firefox] › e2e/hydration-edge-cases.test.ts:774:1 › inlines variables without runtime theme counts (685ms)
  ✓  142 [firefox] › e2e/keyframes.test.ts:35:1 › expects the animate token output (269ms)
  ✓  143 [firefox] › e2e/keyframes.test.ts:56:1 › expects the animation output (845ms)
  ✓  144 [firefox] › e2e/lifecycle.test.ts:17:1 › starts the browser runtime through the Wasm binding (182ms)
  ✓  145 [firefox] › e2e/lifecycle.test.ts:22:1 › exposes only the frozen runtime facade and immutable snapshot (186ms)
  ✓  146 [firefox] › e2e/lifecycle.test.ts:43:1 › does not install the removed devtools hook global (185ms)
  ✓  147 [firefox] › e2e/lifecycle.test.ts:48:1 › dispose on progressive (296ms)
  ✓  148 [firefox] › e2e/lifecycle.test.ts:85:1 › prevent attach layer twice (279ms)
  ✓  149 [firefox] › e2e/lifecycle.test.ts:107:1 › insert semantic utility with multiple native rules into existing layer (244ms)
  ✓  150 [firefox] › e2e/lifecycle.test.ts:131:1 › inserts functional pseudo-class selector aliases into native CSSOM (184ms)
  ✓  151 [firefox] › e2e/lifecycle.test.ts:150:1 › refresh clears stale native keyframes (685ms)
  ✓  152 [firefox] › e2e/lifecycle.test.ts:170:1 › observes static theme variables and keyframes without class references (250ms)
  ✓  153 [firefox] › e2e/lifecycle.test.ts:203:1 › generates browser native declarations through CSS.supports fallback (189ms)
  ✓  154 [firefox] › e2e/lifecycle.test.ts:250:1 › hydrates progressive static theme variables and keyframes (306ms)
  ✓  155 [firefox] › e2e/lifecycle.test.ts:288:1 › registers emittedGlobals counts on an existing runtime (276ms)
  ✓  156 [firefox] › e2e/lifecycle.test.ts:329:1 › merges emittedGlobals from concurrent starts before resolving callers (255ms)
  ✓  157 [firefox] › e2e/lifecycle.test.ts:387:1 › registers emittedGlobals counts once on a new runtime (253ms)
  ✓  158 [firefox] › e2e/progressive/basic.test.ts:4:1 › progressive (271ms)
  ✓  159 [firefox] › e2e/progressive/components/index.test.ts:11:1 › components (331ms)
  ✓  160 [firefox] › e2e/progressive/comprehensive/index.test.ts:13:1 › comprehensive (301ms)
  ✓  161 [firefox] › e2e/progressive/default-mode.test.ts:4:1 › prerender (777ms)
  ✓  162 [firefox] › e2e/progressive/media-mode.test.ts:4:1 › prerender (362ms)
  ✓  163 [firefox] › e2e/progressive/modes/index.test.ts:11:1 › selectors (320ms)
  ✓  164 [firefox] › e2e/progressive/selectors/index.test.ts:11:1 › selectors (309ms)
  ✓  165 [firefox] › e2e/progressive/theme/index.test.ts:11:1 › theme (298ms)
  ✓  166 [firefox] › e2e/rc87-rendering.test.ts:38:1 › does not expose tooling-only engine inspection helpers (262ms)
  ✓  167 [firefox] › e2e/rc87-rendering.test.ts:49:1 › destroy on progressive (390ms)
  ✓  168 [firefox] › e2e/rc87-rendering.test.ts:84:1 › disconnect and destroy clear pending mutation additions and removals (407ms)
  ✓  169 [firefox] › e2e/rc87-rendering.test.ts:133:1 › preserves the strict Rust contract when an external hydration manifest import fails (169ms)
  ✓  170 [firefox] › e2e/theme-layer-order.test.ts:4:1 › keeps default variable buckets before mode buckets when CSSOM buckets are inserted later (288ms)
  ✓  171 [firefox] › e2e/variables.test.ts:54:1 › expects the variable output (1.0s)
  ✓  172 [firefox] › e2e/variables.test.ts:155:1 › sets native color-scheme on local class-triggered mode islands (264ms)
  ✓  173 [firefox] › e2e/wasm-startup.test.ts:39:1 › falls back to ArrayBuffer instantiation for an incorrect Wasm MIME type (196ms)
  ✓  174 [firefox] › e2e/wasm-startup.test.ts:74:1 › fails open when the Wasm asset returns 404 (168ms)
  ✓  175 [firefox] › e2e/wasm-startup.test.ts:90:1 › fails open when Wasm startup exceeds the configured timeout (369ms)
  ✓  176 [firefox] › e2e/wasm-startup.test.ts:110:1 › disposes an engine that resolves before hydration startup times out (266ms)
  ✓  177 [firefox] › e2e/wasm-startup.test.ts:173:1 › rejects every pending caller and disposes when emitted globals registration fails (279ms)
  ✓  178 [firefox] › tests/issues/382.test.ts:6:1 › O to O (223ms)
  ✓  179 [firefox] › tests/issues/382.test.ts:44:1 › O to X (193ms)
  ✓  180 [firefox] › tests/issues/382.test.ts:76:1 › X to O (185ms)
  ✓  181 [firefox] › tests/issues/382.test.ts:110:1 › X to X (618ms)
  ✓  182 [firefox] › tests/issues/383.test.ts:16:1 › 383 (289ms)
(node:26376) Warning: The 'NO_COLOR' env is ignored due to the 'FORCE_COLOR' env being set.
(Use `node --trace-warnings ...` to show where the warning was created)
  ✓  183 [webkit] › e2e/bug-hunt-frame.test.ts:6:1 › BH-0009 tracks class updates in a same-origin iframe Document root (769ms)
  ✓  184 [webkit] › e2e/bug-hunt-frame.test.ts:34:3 › BH-0009 handles iframe document subtree addition, attributes, moves and removal (591ms)
  ✓  185 [webkit] › e2e/bug-hunt-frame.test.ts:34:3 › BH-0009 handles iframe shadow subtree addition, attributes, moves and removal (564ms)
  ✓  186 [webkit] › e2e/bug-hunt-global-csp.test.ts:7:1 › BH-0008 built global runtime hydrates and updates under CSP without unsafe-eval (301ms)
  ✓  187 [webkit] › e2e/bug-hunt-hydration.test.ts:4:1 › BH-0008: external hydration works with modules and Wasm allowed but unsafe-eval denied (408ms)
  ✓  188 [webkit] › e2e/class-usages.test.ts:16:1 › inner (361ms)
  ✓  189 [webkit] › e2e/class-usages.test.ts:26:1 › remove z1 element (354ms)
  ✓  190 [webkit] › e2e/class-usages.test.ts:33:1 › remove z2 element (347ms)
  ✓  191 [webkit] › e2e/class-usages.test.ts:42:1 › remove z3 element (350ms)
  ✓  192 [webkit] › e2e/class-usages.test.ts:52:1 › remove body content and append again (355ms)
  ✓  193 [webkit] › e2e/class-usages.test.ts:66:1 › add an element to z1 (416ms)
  ✓  194 [webkit] › e2e/class-usages.test.ts:83:1 › add an element to z2 (362ms)
  ✓  195 [webkit] › e2e/class-usages.test.ts:100:1 › remove a class while the subtree is disconnected and append again (348ms)
  ✓  196 [webkit] › e2e/class-usages.test.ts:122:1 › moves class subtrees across document and shadow roots without stale counts (412ms)
  ✓  197 [webkit] › e2e/complex.test.ts:10:1 › complex (529ms)
  ✓  198 [webkit] › e2e/edge-cases.test.ts:76:1 › disconnect clears counts and observe rescans the current DOM (346ms)
  ✓  199 [webkit] › e2e/edge-cases.test.ts:115:1 › mutation removals keep counts immediate and retain CSSOM rules after settle (420ms)
  ✓  200 [webkit] › e2e/edge-cases.test.ts:165:1 › mutation removal flush keeps remaining native CSSOM references valid (422ms)
  ✓  201 [webkit] › e2e/edge-cases.test.ts:266:1 › re-adding a retained class cancels retained cleanup (404ms)
  ✓  202 [webkit] › e2e/edge-cases.test.ts:300:1 › direct remove deletes retained CSSOM rules synchronously (379ms)
  ✓  203 [webkit] › e2e/edge-cases.test.ts:324:1 › retained hard-limit cleanup returns to soft target and preserves active classes (461ms)
  ✓  204 [webkit] › e2e/edge-cases.test.ts:468:1 › mutation removals are canceled when a class returns before flush (396ms)
  ✓  205 [webkit] › e2e/edge-cases.test.ts:506:1 › direct ensureClassRules and deleteClassRules stay synchronous (341ms)
  ✓  206 [webkit] › e2e/edge-cases.test.ts:533:1 › observer-added cold classes update counts immediately and flush rules before paint (350ms)
  ✓  207 [webkit] › e2e/edge-cases.test.ts:596:1 › observer-added retained classes are reused immediately (397ms)
  ✓  208 [webkit] › e2e/edge-cases.test.ts:648:1 › observer queued cold classes removed before flush are skipped (340ms)
  ✓  209 [webkit] › e2e/edge-cases.test.ts:712:1 › disconnect and dispose clear pending mutation additions and removals (482ms)
  ✓  210 [webkit] › e2e/edge-cases.test.ts:760:1 › shadow roots maintain isolated runtime state and style nodes (382ms)
  ✓  211 [webkit] › e2e/global-manifest.test.ts:53:1 › uses split bundled preset manifest (217ms)
  ✓  212 [webkit] › e2e/global-manifest.test.ts:66:1 › uses modulepreloaded default manifest (212ms)
  ✓  213 [webkit] › e2e/global-manifest.test.ts:105:1 › ignores global manifest override (204ms)
  ✓  214 [webkit] › e2e/global-manifest.test.ts:125:1 › fails open when a cross-origin Wasm request is blocked (158ms)
  ✓  215 [webkit] › e2e/global-manifest.test.ts:146:1 › fails open when strict CSP disallows Wasm compilation (277ms)
  ✓  216 [webkit] › e2e/hydration-edge-cases.test.ts:76:1 › progressive hydration without a manifest rebuilds with runtime CSS (354ms)
  ✓  217 [webkit] › e2e/hydration-edge-cases.test.ts:102:1 › progressive hydration with a mismatched manifest rebuilds with runtime CSS (463ms)
  ✓  218 [webkit] › e2e/hydration-edge-cases.test.ts:128:1 › progressive hydration with an empty manifest rebuilds with runtime CSS (350ms)
  ✓  219 [webkit] › e2e/hydration-edge-cases.test.ts:157:1 › progressive hydration uses hydration manifest and retains removed hydrated classes (453ms)
  ✓  220 [webkit] › e2e/hydration-edge-cases.test.ts:226:1 › progressive hydration imports an external style hydration manifest (290ms)
  ✓  221 [webkit] › e2e/hydration-edge-cases.test.ts:266:1 › progressive hydration uses JSON modules without constructing a loader or calling fetch (278ms)
  ✓  222 [webkit] › e2e/hydration-edge-cases.test.ts:329:1 › external hydration rejects an unsupported JSON module manifest without fetch (209ms)
  ✓  223 [webkit] › e2e/hydration-edge-cases.test.ts:383:1 › external hydration does not fetch after a JSON import request fails (194ms)
  ✓  224 [webkit] › e2e/hydration-edge-cases.test.ts:428:1 › external hydration reports HTTP failures as structured diagnostics (195ms)
  ✓  225 [webkit] › e2e/hydration-edge-cases.test.ts:467:1 › runtime start does not import a hydration manifest without a runtime style source (346ms)
  ✓  226 [webkit] › e2e/hydration-edge-cases.test.ts:499:1 › progressive hydration fails open when an external style hydration manifest import fails (211ms)
  ✓  227 [webkit] › e2e/hydration-edge-cases.test.ts:543:1 › progressive hydration rejects an invalid external hydration manifest payload (212ms)
  ✓  228 [webkit] › e2e/hydration-edge-cases.test.ts:585:1 › explicit hydration manifest wins over external DOM discovery (420ms)
  ✓  229 [webkit] › e2e/hydration-edge-cases.test.ts:624:1 › progressive hydration matches bucketed theme variables (422ms)
  ✓  230 [webkit] › e2e/hydration-edge-cases.test.ts:654:1 › progressive hydration matches theme variable buckets by key (444ms)
  ✓  231 [webkit] › e2e/hydration-edge-cases.test.ts:694:1 › removes shared alias variable dependencies when classes disappear (504ms)
  ✓  232 [webkit] › e2e/hydration-edge-cases.test.ts:774:1 › inlines variables without runtime theme counts (395ms)
  ✓  233 [webkit] › e2e/keyframes.test.ts:35:1 › expects the animate token output (410ms)
  ✓  234 [webkit] › e2e/keyframes.test.ts:56:1 › expects the animation output (1.0s)
  ✓  235 [webkit] › e2e/lifecycle.test.ts:17:1 › starts the browser runtime through the Wasm binding (337ms)
  ✓  236 [webkit] › e2e/lifecycle.test.ts:22:1 › exposes only the frozen runtime facade and immutable snapshot (338ms)
  ✓  237 [webkit] › e2e/lifecycle.test.ts:43:1 › does not install the removed devtools hook global (342ms)
  ✓  238 [webkit] › e2e/lifecycle.test.ts:48:1 › dispose on progressive (430ms)
  ✓  239 [webkit] › e2e/lifecycle.test.ts:85:1 › prevent attach layer twice (397ms)
  ✓  240 [webkit] › e2e/lifecycle.test.ts:107:1 › insert semantic utility with multiple native rules into existing layer (387ms)
  ✓  241 [webkit] › e2e/lifecycle.test.ts:131:1 › inserts functional pseudo-class selector aliases into native CSSOM (347ms)
  ✓  242 [webkit] › e2e/lifecycle.test.ts:150:1 › refresh clears stale native keyframes (401ms)
  ✓  243 [webkit] › e2e/lifecycle.test.ts:170:1 › observes static theme variables and keyframes without class references (381ms)
  ✓  244 [webkit] › e2e/lifecycle.test.ts:203:1 › generates browser native declarations through CSS.supports fallback (355ms)
  ✓  245 [webkit] › e2e/lifecycle.test.ts:250:1 › hydrates progressive static theme variables and keyframes (429ms)
  ✓  246 [webkit] › e2e/lifecycle.test.ts:288:1 › registers emittedGlobals counts on an existing runtime (381ms)
  ✓  247 [webkit] › e2e/lifecycle.test.ts:329:1 › merges emittedGlobals from concurrent starts before resolving callers (392ms)
  ✓  248 [webkit] › e2e/lifecycle.test.ts:387:1 › registers emittedGlobals counts once on a new runtime (383ms)
  ✓  249 [webkit] › e2e/progressive/basic.test.ts:4:1 › progressive (350ms)
  ✓  250 [webkit] › e2e/progressive/components/index.test.ts:11:1 › components (432ms)
  ✓  251 [webkit] › e2e/progressive/comprehensive/index.test.ts:13:1 › comprehensive (438ms)
  ✓  252 [webkit] › e2e/progressive/default-mode.test.ts:4:1 › prerender (432ms)
  ✓  253 [webkit] › e2e/progressive/media-mode.test.ts:4:1 › prerender (431ms)
  ✓  254 [webkit] › e2e/progressive/modes/index.test.ts:11:1 › selectors (439ms)
  ✓  255 [webkit] › e2e/progressive/selectors/index.test.ts:11:1 › selectors (550ms)
  ✓  256 [webkit] › e2e/progressive/theme/index.test.ts:11:1 › theme (430ms)
  ✓  257 [webkit] › e2e/rc87-rendering.test.ts:38:1 › does not expose tooling-only engine inspection helpers (346ms)
  ✓  258 [webkit] › e2e/rc87-rendering.test.ts:49:1 › destroy on progressive (441ms)
  ✓  259 [webkit] › e2e/rc87-rendering.test.ts:84:1 › disconnect and destroy clear pending mutation additions and removals (495ms)
  ✓  260 [webkit] › e2e/rc87-rendering.test.ts:133:1 › preserves the strict Rust contract when an external hydration manifest import fails (198ms)
  ✓  261 [webkit] › e2e/theme-layer-order.test.ts:4:1 › keeps default variable buckets before mode buckets when CSSOM buckets are inserted later (410ms)
  ✓  262 [webkit] › e2e/variables.test.ts:54:1 › expects the variable output (744ms)
  ✓  263 [webkit] › e2e/variables.test.ts:155:1 › sets native color-scheme on local class-triggered mode islands (392ms)
  ✓  264 [webkit] › e2e/wasm-startup.test.ts:39:1 › falls back to ArrayBuffer instantiation for an incorrect Wasm MIME type (243ms)
  ✓  265 [webkit] › e2e/wasm-startup.test.ts:74:1 › fails open when the Wasm asset returns 404 (198ms)
  ✓  266 [webkit] › e2e/wasm-startup.test.ts:90:1 › fails open when Wasm startup exceeds the configured timeout (394ms)
  ✓  267 [webkit] › e2e/wasm-startup.test.ts:110:1 › disposes an engine that resolves before hydration startup times out (279ms)
  ✓  268 [webkit] › e2e/wasm-startup.test.ts:173:1 › rejects every pending caller and disposes when emitted globals registration fails (276ms)
  ✓  269 [webkit] › tests/issues/382.test.ts:6:1 › O to O (356ms)
  ✓  270 [webkit] › tests/issues/382.test.ts:44:1 › O to X (351ms)
  ✓  271 [webkit] › tests/issues/382.test.ts:76:1 › X to O (347ms)
  ✓  272 [webkit] › tests/issues/382.test.ts:110:1 › X to X (369ms)
  ✓  273 [webkit] › tests/issues/383.test.ts:16:1 › 383 (451ms)

  273 passed (1.3m)
