   Compiling mastercss-lexer v0.0.0 (/Users/aron/master/css/crates/mastercss-lexer)
   Compiling mastercss-engine v0.0.0 (/Users/aron/master/css/crates/mastercss-engine)
   Compiling mastercss-render v0.0.0 (/Users/aron/master/css/crates/mastercss-render)
    Finished `test` profile [unoptimized + debuginfo] target(s) in 1.21s
     Running tests/bug_hunt_animation_syntax.rs (target/debug/deps/bug_hunt_animation_syntax-b1613740ef4b5629)

running 22 tests
test custom_block_is_not_use ... ok
test custom_property_is_not_use ... ok
test commented_fake_use ... ok
test comment_separates_definition ... ok
test quoted_animation_name ... ok
test nested_definition ... ok
test commented_fake_definition ... ok
test escaped_definition ... ok
test comment_before_colon ... ok
test escaped_animation_name ... ok
test plain_use ... ok
test important_animation_name ... ok
test native_definition ... ok
test comment_after_name ... ok
test quoted_definition ... ok
test missing_definition_block ... ok
test quoted_fake_use ... ok
test quoted_fake_definition ... ok
test supports_is_not_use ... ok
test uppercase_definition ... ok
test uppercase_property ... ok
test url_fake_use ... ok

test result: ok. 22 passed; 0 failed; 0 ignored; 0 measured; 0 filtered out; finished in 0.00s

     Running tests/bug_hunt_animation_value_slots.rs (target/debug/deps/bug_hunt_animation_value_slots-0f1b6fa478ea7f75)

running 9 tests
test fill_none_before_name ... ok
test compiled_variable_timing ... ok
test decimal_iteration_before_name ... ok
test quoted_keyword_name ... ok
test numeric_iteration_before_name ... ok
test repeated_timing ... ok
test timing_keyword ... ok
test fallback_timing ... ok
test invalid_multiple_names ... ok

test result: ok. 9 passed; 0 failed; 0 ignored; 0 measured; 0 filtered out; finished in 0.01s

     Running tests/bug_hunt_animation_values.rs (target/debug/deps/bug_hunt_animation_values-46b968f7d6239894)

running 3 tests
test nested_selectors_and_descriptor_blocks_do_not_create_fake_declarations ... ok
test variables_are_followed_only_from_animation_values_and_include_fallbacks ... ok
test timing_and_play_state_slots_take_priority_over_animation_names ... ok

test result: ok. 3 passed; 0 failed; 0 ignored; 0 measured; 0 filtered out; finished in 0.01s

