{"browser":"chromium","value":"auto","name":"none","supported":true}
{"browser":"chromium","value":"auto 1s","name":"none","supported":true}
{"browser":"chromium","value":"auto fade","name":"fade","supported":true}
{"browser":"firefox","value":"auto","name":"auto","supported":true}
{"browser":"firefox","value":"auto 1s","name":"auto","supported":true}
{"browser":"firefox","value":"auto fade","name":"none","supported":false}
{"browser":"webkit","value":"auto","name":"none","supported":true}
{"browser":"webkit","value":"auto 1s","name":"none","supported":true}
{"browser":"webkit","value":"auto fade","name":"fade","supported":true}
{"value":"auto","generated":[],"expected":["auto"],"result":"FAIL"}
{"value":"auto 1s","generated":[],"expected":["auto"],"result":"FAIL"}
{"value":"auto fade","generated":["fade"],"expected":["fade"],"result":"PASS"}
node:internal/modules/run_main:107
    triggerUncaughtException(
    ^

AssertionError [ERR_ASSERTION]: Retain names required by any supported browser grammar

2 !== 0

    at file:///Users/aron/master/css/.ai/audits/bug-hunt/repros/animation-duration-feature.mjs:34:8 {
  generatedMessage: false,
  code: 'ERR_ASSERTION',
  actual: 2,
  expected: 0,
  operator: 'strictEqual',
  diff: 'simple'
}

Node.js v24.20.0
