$ tsdown
ℹ tsdown v0.23.0 powered by rolldown v1.2.7
ℹ config file: /Users/aron/master/css/packages/runtime/tsdown.config.ts 
ℹ entry: src/index.ts
ℹ target: node24.0.0
ℹ entry: src/global.min.ts
ℹ target: node24.0.0
ℹ tsconfig: tsconfig.prod.json
ℹ tsconfig: tsconfig.prod.json
ℹ entry: src/class-tracker.ts, src/core.ts, src/css-runtime.ts, src/generated-rule.ts, src/global.min.ts, src/host.ts, src/hydration.ts, src/index.ts, src/layer.ts, src/mutation.ts, src/register-global.ts, src/retention-config.ts, src/startup.ts, src/theme-layer.ts, src/types.ts, src/utility-layer.ts, src/debuggers/class-count.ts, src/debuggers/index.ts, src/debuggers/lifecycle.ts, src/debuggers/log.ts, src/types/hydrate-result.ts, src/utils/find-native-css-rule-index.ts
ℹ target: node24.0.0
ℹ tsconfig: tsconfig.prod.json
ℹ Build start
ℹ Cleaning 28 files
TypeScript 7.0 does not yet have a stable API and is experimental. Some options will be unavailable.
ℹ dist/index.js  52.63 kB │ gzip: 11.70 kB
ℹ 1 files, total: 52.63 kB
ℹ dist/global.min.js  49.72 kB │ gzip: 13.99 kB
ℹ 1 files, total: 49.72 kB
✔ Build complete in 86ms
✔ Build complete in 86ms
ℹ dist/host.d.ts                              4.19 kB │ gzip: 1.16 kB
ℹ dist/core.d.ts                              2.95 kB │ gzip: 0.86 kB
ℹ dist/types.d.ts                             2.60 kB │ gzip: 0.77 kB
ℹ dist/debuggers/log.d.ts                     1.38 kB │ gzip: 0.42 kB
ℹ dist/css-runtime.d.ts                       1.25 kB │ gzip: 0.40 kB
ℹ dist/generated-rule.d.ts                    1.06 kB │ gzip: 0.39 kB
ℹ dist/retention-config.d.ts                  1.01 kB │ gzip: 0.42 kB
ℹ dist/layer.d.ts                             0.97 kB │ gzip: 0.39 kB
ℹ dist/debuggers/lifecycle.d.ts               0.87 kB │ gzip: 0.28 kB
ℹ dist/index.d.ts                             0.69 kB │ gzip: 0.19 kB
ℹ dist/mutation.d.ts                          0.63 kB │ gzip: 0.32 kB
ℹ dist/hydration.d.ts                         0.62 kB │ gzip: 0.27 kB
ℹ dist/class-tracker.d.ts                     0.50 kB │ gzip: 0.28 kB
ℹ dist/debuggers/index.d.ts                   0.50 kB │ gzip: 0.22 kB
ℹ dist/utility-layer.d.ts                     0.43 kB │ gzip: 0.25 kB
ℹ dist/register-global.d.ts                   0.35 kB │ gzip: 0.19 kB
ℹ dist/debuggers/class-count.d.ts             0.34 kB │ gzip: 0.23 kB
ℹ dist/startup.d.ts                           0.30 kB │ gzip: 0.20 kB
ℹ dist/theme-layer.d.ts                       0.24 kB │ gzip: 0.17 kB
ℹ dist/utils/find-native-css-rule-index.d.ts  0.20 kB │ gzip: 0.15 kB
ℹ dist/types/hydrate-result.d.ts              0.20 kB │ gzip: 0.15 kB
ℹ dist/global.min.d.ts                        0.01 kB │ gzip: 0.03 kB
ℹ 22 files, total: 21.31 kB
✔ Build complete in 216ms
