{"browser":"chromium","id":"timing_keyword","css":".x{animation:linear 1s}","expected":"none","baseline":false,"wasmHash":"684e8b0a869892fcc9a78c2798b26e88d06ac1f2dc724a26be5f5d22daaf458e","parity":"PASS","generated":"","animationName":"none","parsed":[".x { animation: 1s linear 0s 1 normal none running none; }"],"generatedNames":[],"running":[],"needsGenerated":false,"result":"PASS"}
{"browser":"chromium","id":"repeated_timing","css":".x{animation:linear linear 1s}","expected":"linear","baseline":false,"wasmHash":"684e8b0a869892fcc9a78c2798b26e88d06ac1f2dc724a26be5f5d22daaf458e","parity":"PASS","generated":"@keyframes linear{to{opacity:1}}","animationName":"linear","parsed":[".x { animation: 1s linear 0s 1 normal none running linear; }"],"generatedNames":["linear"],"running":["linear"],"needsGenerated":true,"result":"PASS"}
{"browser":"chromium","id":"numeric_iteration_before_name","css":".x{animation:1 infinite 1s}","expected":"infinite","baseline":false,"wasmHash":"684e8b0a869892fcc9a78c2798b26e88d06ac1f2dc724a26be5f5d22daaf458e","parity":"PASS","generated":"@keyframes infinite{to{opacity:1}}","animationName":"infinite","parsed":[".x { animation: 1s ease 0s 1 normal none running infinite; }"],"generatedNames":["infinite"],"running":["infinite"],"needsGenerated":true,"result":"PASS"}
{"browser":"chromium","id":"decimal_iteration_before_name","css":".x{animation:.5 infinite 1s}","expected":"infinite","baseline":false,"wasmHash":"684e8b0a869892fcc9a78c2798b26e88d06ac1f2dc724a26be5f5d22daaf458e","parity":"PASS","generated":"@keyframes infinite{to{opacity:1}}","animationName":"infinite","parsed":[".x { animation: 1s ease 0s 0.5 normal none running infinite; }"],"generatedNames":["infinite"],"running":["infinite"],"needsGenerated":true,"result":"PASS"}
{"browser":"chromium","id":"fill_none_before_name","css":".x{animation:none backwards 1s}","expected":"backwards","baseline":false,"wasmHash":"684e8b0a869892fcc9a78c2798b26e88d06ac1f2dc724a26be5f5d22daaf458e","parity":"PASS","generated":"@keyframes backwards{to{opacity:1}}","animationName":"backwards","parsed":[".x { animation: 1s ease 0s 1 normal none running backwards; }"],"generatedNames":["backwards"],"running":["backwards"],"needsGenerated":true,"result":"PASS"}
{"browser":"chromium","id":"compiled_variable_timing","css":".x{animation:var(--animation-easing) linear 1s}","expected":"linear","baseline":false,"wasmHash":"684e8b0a869892fcc9a78c2798b26e88d06ac1f2dc724a26be5f5d22daaf458e","parity":"PASS","generated":"@layer theme{:root{--animation-easing:linear}}@keyframes linear{to{opacity:1}}","animationName":"linear","parsed":[".x { animation: var(--animation-easing) linear 1s; }"],"generatedNames":["linear"],"running":["linear"],"needsGenerated":true,"result":"PASS"}
{"browser":"chromium","id":"fallback_timing","css":".x{animation:var(--missing,linear) linear 1s}","expected":"linear","baseline":false,"wasmHash":"684e8b0a869892fcc9a78c2798b26e88d06ac1f2dc724a26be5f5d22daaf458e","parity":"PASS","generated":"@keyframes linear{to{opacity:1}}","animationName":"linear","parsed":[".x { animation: var(--missing,linear) linear 1s; }"],"generatedNames":["linear"],"running":["linear"],"needsGenerated":true,"result":"PASS"}
{"browser":"chromium","id":"invalid_multiple_names","css":".x{animation:fade unexpected 1s}","expected":"none","baseline":false,"wasmHash":"684e8b0a869892fcc9a78c2798b26e88d06ac1f2dc724a26be5f5d22daaf458e","parity":"PASS","generated":"","animationName":"none","parsed":[".x { }"],"generatedNames":[],"running":[],"needsGenerated":false,"result":"PASS"}
{"browser":"chromium","id":"quoted_keyword_name","css":".x{animation:\"linear\" 1s}","expected":"linear","baseline":false,"wasmHash":"684e8b0a869892fcc9a78c2798b26e88d06ac1f2dc724a26be5f5d22daaf458e","parity":"PASS","generated":"@keyframes linear{to{opacity:1}}","animationName":"linear","parsed":[".x { animation: 1s ease 0s 1 normal none running linear; }"],"generatedNames":["linear"],"running":["linear"],"needsGenerated":true,"result":"PASS"}
{"browser":"chromium","id":"signed_decimal_iteration","css":".x{animation:+.5 infinite 1e2ms}","expected":"infinite","baseline":false,"wasmHash":"684e8b0a869892fcc9a78c2798b26e88d06ac1f2dc724a26be5f5d22daaf458e","parity":"PASS","generated":"@keyframes infinite{to{opacity:1}}","animationName":"infinite","parsed":[".x { animation: 100ms ease 0s 0.5 normal none running infinite; }"],"generatedNames":["infinite"],"running":["infinite"],"needsGenerated":true,"result":"PASS"}
{"browser":"chromium","id":"exponent_iteration","css":".x{animation:1e2 infinite 1s}","expected":"infinite","baseline":false,"wasmHash":"684e8b0a869892fcc9a78c2798b26e88d06ac1f2dc724a26be5f5d22daaf458e","parity":"PASS","generated":"@keyframes infinite{to{opacity:1}}","animationName":"infinite","parsed":[".x { animation: 1s ease 0s 100 normal none running infinite; }"],"generatedNames":["infinite"],"running":["infinite"],"needsGenerated":true,"result":"PASS"}
{"browser":"chromium","id":"negative_iteration","css":".x{animation:-1 infinite 1s}","expected":"none","baseline":false,"wasmHash":"684e8b0a869892fcc9a78c2798b26e88d06ac1f2dc724a26be5f5d22daaf458e","parity":"PASS","generated":"","animationName":"none","parsed":[".x { }"],"generatedNames":[],"running":[],"needsGenerated":false,"result":"PASS"}
node:internal/modules/run_main:107
    triggerUncaughtException(
    ^

AssertionError [ERR_ASSERTION]: chromium: browser expectation negative_duration

'fade' !== 'none'

    at file:///Users/aron/master/css/.ai/audits/bug-hunt/repros/animation-value-browser.mjs:60:14 {
  generatedMessage: false,
  code: 'ERR_ASSERTION',
  actual: 'fade',
  expected: 'none',
  operator: 'strictEqual',
  diff: 'simple'
}

Node.js v24.20.0
