$ playwright test

Running 273 tests using 1 worker

(node:47941) Warning: The 'NO_COLOR' env is ignored due to the 'FORCE_COLOR' env being set.
(Use `node --trace-warnings ...` to show where the warning was created)
  ✓    1 [chromium] › e2e/bug-hunt-frame.test.ts:6:1 › BH-0009 tracks class updates in a same-origin iframe Document root (244ms)
  ✓    2 [chromium] › e2e/bug-hunt-frame.test.ts:34:3 › BH-0009 handles iframe document subtree addition, attributes, moves and removal (325ms)
  ✓    3 [chromium] › e2e/bug-hunt-frame.test.ts:34:3 › BH-0009 handles iframe shadow subtree addition, attributes, moves and removal (309ms)
  ✓    4 [chromium] › e2e/bug-hunt-global-csp.test.ts:7:1 › BH-0008 built global runtime hydrates and updates under CSP without unsafe-eval (846ms)
  ✓    5 [chromium] › e2e/bug-hunt-hydration.test.ts:4:1 › BH-0008: external hydration works with modules and Wasm allowed but unsafe-eval denied (106ms)
  ✓    6 [chromium] › e2e/class-usages.test.ts:16:1 › inner (96ms)
  ✓    7 [chromium] › e2e/class-usages.test.ts:26:1 › remove z1 element (92ms)
  ✓    8 [chromium] › e2e/class-usages.test.ts:33:1 › remove z2 element (94ms)
  ✓    9 [chromium] › e2e/class-usages.test.ts:42:1 › remove z3 element (95ms)
  ✓   10 [chromium] › e2e/class-usages.test.ts:52:1 › remove body content and append again (92ms)
  ✓   11 [chromium] › e2e/class-usages.test.ts:66:1 › add an element to z1 (97ms)
  ✓   12 [chromium] › e2e/class-usages.test.ts:83:1 › add an element to z2 (95ms)
  ✓   13 [chromium] › e2e/class-usages.test.ts:100:1 › remove a class while the subtree is disconnected and append again (93ms)
  ✓   14 [chromium] › e2e/class-usages.test.ts:122:1 › moves class subtrees across document and shadow roots without stale counts (153ms)
  ✓   15 [chromium] › e2e/complex.test.ts:10:1 › complex (296ms)
  ✓   16 [chromium] › e2e/edge-cases.test.ts:76:1 › disconnect clears counts and observe rescans the current DOM (98ms)
  ✓   17 [chromium] › e2e/edge-cases.test.ts:115:1 › mutation removals keep counts immediate and retain CSSOM rules after settle (175ms)
  ✓   18 [chromium] › e2e/edge-cases.test.ts:165:1 › mutation removal flush keeps remaining native CSSOM references valid (182ms)
  ✓   19 [chromium] › e2e/edge-cases.test.ts:266:1 › re-adding a retained class cancels retained cleanup (175ms)
  ✓   20 [chromium] › e2e/edge-cases.test.ts:300:1 › direct remove deletes retained CSSOM rules synchronously (141ms)
  ✓   21 [chromium] › e2e/edge-cases.test.ts:324:1 › retained hard-limit cleanup returns to soft target and preserves active classes (205ms)
  ✓   22 [chromium] › e2e/edge-cases.test.ts:468:1 › mutation removals are canceled when a class returns before flush (174ms)
  ✓   23 [chromium] › e2e/edge-cases.test.ts:506:1 › direct ensureClassRules and deleteClassRules stay synchronous (94ms)
  ✓   24 [chromium] › e2e/edge-cases.test.ts:533:1 › observer-added cold classes update counts immediately and flush rules before paint (96ms)
  ✓   25 [chromium] › e2e/edge-cases.test.ts:596:1 › observer-added retained classes are reused immediately (175ms)
  ✓   26 [chromium] › e2e/edge-cases.test.ts:648:1 › observer queued cold classes removed before flush are skipped (92ms)
  ✓   27 [chromium] › e2e/edge-cases.test.ts:712:1 › disconnect and dispose clear pending mutation additions and removals (256ms)
  ✓   28 [chromium] › e2e/edge-cases.test.ts:760:1 › shadow roots maintain isolated runtime state and style nodes (132ms)
  ✓   29 [chromium] › e2e/global-manifest.test.ts:53:1 › uses split bundled preset manifest (88ms)
  ✓   30 [chromium] › e2e/global-manifest.test.ts:66:1 › uses modulepreloaded default manifest (88ms)
  ✓   31 [chromium] › e2e/global-manifest.test.ts:105:1 › ignores global manifest override (87ms)
  ✓   32 [chromium] › e2e/global-manifest.test.ts:125:1 › fails open when a cross-origin Wasm request is blocked (152ms)
  ✓   33 [chromium] › e2e/global-manifest.test.ts:146:1 › fails open when strict CSP disallows Wasm compilation (151ms)
  ✓   34 [chromium] › e2e/hydration-edge-cases.test.ts:76:1 › progressive hydration without a manifest rebuilds with runtime CSS (92ms)
  ✓   35 [chromium] › e2e/hydration-edge-cases.test.ts:102:1 › progressive hydration with a mismatched manifest rebuilds with runtime CSS (202ms)
  ✓   36 [chromium] › e2e/hydration-edge-cases.test.ts:128:1 › progressive hydration with an empty manifest rebuilds with runtime CSS (96ms)
  ✓   37 [chromium] › e2e/hydration-edge-cases.test.ts:157:1 › progressive hydration uses hydration manifest and retains removed hydrated classes (192ms)
  ✓   38 [chromium] › e2e/hydration-edge-cases.test.ts:226:1 › progressive hydration imports an external style hydration manifest (163ms)
  ✓   39 [chromium] › e2e/hydration-edge-cases.test.ts:266:1 › progressive hydration uses JSON modules without constructing a loader or calling fetch (159ms)
  ✓   40 [chromium] › e2e/hydration-edge-cases.test.ts:329:1 › external hydration rejects an unsupported JSON module manifest without fetch (73ms)
  ✓   41 [chromium] › e2e/hydration-edge-cases.test.ts:383:1 › external hydration does not fetch after a JSON import request fails (76ms)
  ✓   42 [chromium] › e2e/hydration-edge-cases.test.ts:428:1 › external hydration reports HTTP failures as structured diagnostics (79ms)
  ✓   43 [chromium] › e2e/hydration-edge-cases.test.ts:467:1 › runtime start does not import a hydration manifest without a runtime style source (102ms)
  ✓   44 [chromium] › e2e/hydration-edge-cases.test.ts:499:1 › progressive hydration fails open when an external style hydration manifest import fails (71ms)
  ✓   45 [chromium] › e2e/hydration-edge-cases.test.ts:543:1 › progressive hydration rejects an invalid external hydration manifest payload (68ms)
  ✓   46 [chromium] › e2e/hydration-edge-cases.test.ts:585:1 › explicit hydration manifest wins over external DOM discovery (152ms)
  ✓   47 [chromium] › e2e/hydration-edge-cases.test.ts:624:1 › progressive hydration matches bucketed theme variables (155ms)
  ✓   48 [chromium] › e2e/hydration-edge-cases.test.ts:654:1 › progressive hydration matches theme variable buckets by key (186ms)
  ✓   49 [chromium] › e2e/hydration-edge-cases.test.ts:694:1 › removes shared alias variable dependencies when classes disappear (241ms)
  ✓   50 [chromium] › e2e/hydration-edge-cases.test.ts:774:1 › inlines variables without runtime theme counts (139ms)
  ✓   51 [chromium] › e2e/keyframes.test.ts:35:1 › expects the animate token output (161ms)
  ✓   52 [chromium] › e2e/keyframes.test.ts:56:1 › expects the animation output (758ms)
  ✓   53 [chromium] › e2e/lifecycle.test.ts:17:1 › starts the browser runtime through the Wasm binding (89ms)
  ✓   54 [chromium] › e2e/lifecycle.test.ts:22:1 › exposes only the frozen runtime facade and immutable snapshot (90ms)
  ✓   55 [chromium] › e2e/lifecycle.test.ts:43:1 › does not install the removed devtools hook global (90ms)
  ✓   56 [chromium] › e2e/lifecycle.test.ts:48:1 › dispose on progressive (190ms)
  ✓   57 [chromium] › e2e/lifecycle.test.ts:85:1 › prevent attach layer twice (141ms)
  ✓   58 [chromium] › e2e/lifecycle.test.ts:107:1 › insert semantic utility with multiple native rules into existing layer (122ms)
  ✓   59 [chromium] › e2e/lifecycle.test.ts:131:1 › inserts functional pseudo-class selector aliases into native CSSOM (95ms)
  ✓   60 [chromium] › e2e/lifecycle.test.ts:150:1 › refresh clears stale native keyframes (139ms)
  ✓   61 [chromium] › e2e/lifecycle.test.ts:170:1 › observes static theme variables and keyframes without class references (118ms)
  ✓   62 [chromium] › e2e/lifecycle.test.ts:203:1 › generates browser native declarations through CSS.supports fallback (96ms)
  ✓   63 [chromium] › e2e/lifecycle.test.ts:250:1 › hydrates progressive static theme variables and keyframes (175ms)
  ✓   64 [chromium] › e2e/lifecycle.test.ts:288:1 › registers emittedGlobals counts on an existing runtime (156ms)
  ✓   65 [chromium] › e2e/lifecycle.test.ts:329:1 › merges emittedGlobals from concurrent starts before resolving callers (139ms)
  ✓   66 [chromium] › e2e/lifecycle.test.ts:387:1 › registers emittedGlobals counts once on a new runtime (128ms)
  ✓   67 [chromium] › e2e/progressive/basic.test.ts:4:1 › progressive (90ms)
  ✓   68 [chromium] › e2e/progressive/components/index.test.ts:11:1 › components (182ms)
  ✓   69 [chromium] › e2e/progressive/comprehensive/index.test.ts:13:1 › comprehensive (184ms)
  ✓   70 [chromium] › e2e/progressive/default-mode.test.ts:4:1 › prerender (177ms)
  ✓   71 [chromium] › e2e/progressive/media-mode.test.ts:4:1 › prerender (178ms)
  ✓   72 [chromium] › e2e/progressive/modes/index.test.ts:11:1 › selectors (181ms)
  ✓   73 [chromium] › e2e/progressive/selectors/index.test.ts:11:1 › selectors (291ms)
  ✓   74 [chromium] › e2e/progressive/theme/index.test.ts:11:1 › theme (180ms)
  ✓   75 [chromium] › e2e/rc87-rendering.test.ts:38:1 › does not expose tooling-only engine inspection helpers (88ms)
  ✓   76 [chromium] › e2e/rc87-rendering.test.ts:49:1 › destroy on progressive (174ms)
  ✓   77 [chromium] › e2e/rc87-rendering.test.ts:84:1 › disconnect and destroy clear pending mutation additions and removals (255ms)
  ✓   78 [chromium] › e2e/rc87-rendering.test.ts:133:1 › preserves the strict Rust contract when an external hydration manifest import fails (69ms)
  ✓   79 [chromium] › e2e/theme-layer-order.test.ts:4:1 › keeps default variable buckets before mode buckets when CSSOM buckets are inserted later (175ms)
  ✓   80 [chromium] › e2e/variables.test.ts:54:1 › expects the variable output (474ms)
  ✓   81 [chromium] › e2e/variables.test.ts:155:1 › sets native color-scheme on local class-triggered mode islands (140ms)
  ✓   82 [chromium] › e2e/wasm-startup.test.ts:39:1 › falls back to ArrayBuffer instantiation for an incorrect Wasm MIME type (107ms)
  ✓   83 [chromium] › e2e/wasm-startup.test.ts:74:1 › fails open when the Wasm asset returns 404 (68ms)
  ✓   84 [chromium] › e2e/wasm-startup.test.ts:90:1 › fails open when Wasm startup exceeds the configured timeout (269ms)
  ✓   85 [chromium] › e2e/wasm-startup.test.ts:110:1 › disposes an engine that resolves before hydration startup times out (145ms)
  ✓   86 [chromium] › e2e/wasm-startup.test.ts:173:1 › rejects every pending caller and disposes when emitted globals registration fails (145ms)
  ✓   87 [chromium] › tests/issues/382.test.ts:6:1 › O to O (91ms)
  ✓   88 [chromium] › tests/issues/382.test.ts:44:1 › O to X (90ms)
  ✓   89 [chromium] › tests/issues/382.test.ts:76:1 › X to O (88ms)
  ✓   90 [chromium] › tests/issues/382.test.ts:110:1 › X to X (88ms)
  ✓   91 [chromium] › tests/issues/383.test.ts:16:1 › 383 (191ms)
(node:48172) Warning: The 'NO_COLOR' env is ignored due to the 'FORCE_COLOR' env being set.
(Use `node --trace-warnings ...` to show where the warning was created)
  ✓   92 [firefox] › e2e/bug-hunt-frame.test.ts:6:1 › BH-0009 tracks class updates in a same-origin iframe Document root (1.3s)
  ✓   93 [firefox] › e2e/bug-hunt-frame.test.ts:34:3 › BH-0009 handles iframe document subtree addition, attributes, moves and removal (433ms)
  ✓   94 [firefox] › e2e/bug-hunt-frame.test.ts:34:3 › BH-0009 handles iframe shadow subtree addition, attributes, moves and removal (428ms)
  ✓   95 [firefox] › e2e/bug-hunt-global-csp.test.ts:7:1 › BH-0008 built global runtime hydrates and updates under CSP without unsafe-eval (2.2s)
  ✓   96 [firefox] › e2e/bug-hunt-hydration.test.ts:4:1 › BH-0008: external hydration works with modules and Wasm allowed but unsafe-eval denied (203ms)
  ✓   97 [firefox] › e2e/class-usages.test.ts:16:1 › inner (192ms)
  ✓   98 [firefox] › e2e/class-usages.test.ts:26:1 › remove z1 element (201ms)
  ✓   99 [firefox] › e2e/class-usages.test.ts:33:1 › remove z2 element (208ms)
  ✓  100 [firefox] › e2e/class-usages.test.ts:42:1 › remove z3 element (230ms)
  ✓  101 [firefox] › e2e/class-usages.test.ts:52:1 › remove body content and append again (510ms)
  ✓  102 [firefox] › e2e/class-usages.test.ts:66:1 › add an element to z1 (209ms)
  ✓  103 [firefox] › e2e/class-usages.test.ts:83:1 › add an element to z2 (196ms)
  ✓  104 [firefox] › e2e/class-usages.test.ts:100:1 › remove a class while the subtree is disconnected and append again (212ms)
  ✓  105 [firefox] › e2e/class-usages.test.ts:122:1 › moves class subtrees across document and shadow roots without stale counts (288ms)
  ✓  106 [firefox] › e2e/complex.test.ts:10:1 › complex (398ms)
  ✓  107 [firefox] › e2e/edge-cases.test.ts:76:1 › disconnect clears counts and observe rescans the current DOM (230ms)
  ✓  108 [firefox] › e2e/edge-cases.test.ts:115:1 › mutation removals keep counts immediate and retain CSSOM rules after settle (299ms)
  ✓  109 [firefox] › e2e/edge-cases.test.ts:165:1 › mutation removal flush keeps remaining native CSSOM references valid (507ms)
  ✓  110 [firefox] › e2e/edge-cases.test.ts:266:1 › re-adding a retained class cancels retained cleanup (285ms)
  ✓  111 [firefox] › e2e/edge-cases.test.ts:300:1 › direct remove deletes retained CSSOM rules synchronously (566ms)
  ✓  112 [firefox] › e2e/edge-cases.test.ts:324:1 › retained hard-limit cleanup returns to soft target and preserves active classes (302ms)
  ✓  113 [firefox] › e2e/edge-cases.test.ts:468:1 › mutation removals are canceled when a class returns before flush (264ms)
  ✓  114 [firefox] › e2e/edge-cases.test.ts:506:1 › direct ensureClassRules and deleteClassRules stay synchronous (196ms)
  ✓  115 [firefox] › e2e/edge-cases.test.ts:533:1 › observer-added cold classes update counts immediately and flush rules before paint (195ms)
  ✓  116 [firefox] › e2e/edge-cases.test.ts:596:1 › observer-added retained classes are reused immediately (264ms)
  ✓  117 [firefox] › e2e/edge-cases.test.ts:648:1 › observer queued cold classes removed before flush are skipped (192ms)
  ✓  118 [firefox] › e2e/edge-cases.test.ts:712:1 › disconnect and dispose clear pending mutation additions and removals (382ms)
  ✓  119 [firefox] › e2e/edge-cases.test.ts:760:1 › shadow roots maintain isolated runtime state and style nodes (283ms)
  ✓  120 [firefox] › e2e/global-manifest.test.ts:53:1 › uses split bundled preset manifest (178ms)
  ✓  121 [firefox] › e2e/global-manifest.test.ts:66:1 › uses modulepreloaded default manifest (587ms)
  ✓  122 [firefox] › e2e/global-manifest.test.ts:105:1 › ignores global manifest override (187ms)
  ✓  123 [firefox] › e2e/global-manifest.test.ts:125:1 › fails open when a cross-origin Wasm request is blocked (239ms)
  ✓  124 [firefox] › e2e/global-manifest.test.ts:146:1 › fails open when strict CSP disallows Wasm compilation (244ms)
  ✓  125 [firefox] › e2e/hydration-edge-cases.test.ts:76:1 › progressive hydration without a manifest rebuilds with runtime CSS (192ms)
  ✓  126 [firefox] › e2e/hydration-edge-cases.test.ts:102:1 › progressive hydration with a mismatched manifest rebuilds with runtime CSS (297ms)
  ✓  127 [firefox] › e2e/hydration-edge-cases.test.ts:128:1 › progressive hydration with an empty manifest rebuilds with runtime CSS (197ms)
  ✓  128 [firefox] › e2e/hydration-edge-cases.test.ts:157:1 › progressive hydration uses hydration manifest and retains removed hydrated classes (295ms)
  ✓  129 [firefox] › e2e/hydration-edge-cases.test.ts:226:1 › progressive hydration imports an external style hydration manifest (294ms)
  ✓  130 [firefox] › e2e/hydration-edge-cases.test.ts:266:1 › progressive hydration uses JSON modules without constructing a loader or calling fetch (278ms)
  ✓  131 [firefox] › e2e/hydration-edge-cases.test.ts:329:1 › external hydration rejects an unsupported JSON module manifest without fetch (574ms)
  ✓  132 [firefox] › e2e/hydration-edge-cases.test.ts:383:1 › external hydration does not fetch after a JSON import request fails (188ms)
  ✓  133 [firefox] › e2e/hydration-edge-cases.test.ts:428:1 › external hydration reports HTTP failures as structured diagnostics (176ms)
  ✓  134 [firefox] › e2e/hydration-edge-cases.test.ts:467:1 › runtime start does not import a hydration manifest without a runtime style source (207ms)
  ✓  135 [firefox] › e2e/hydration-edge-cases.test.ts:499:1 › progressive hydration fails open when an external style hydration manifest import fails (172ms)
  ✓  136 [firefox] › e2e/hydration-edge-cases.test.ts:543:1 › progressive hydration rejects an invalid external hydration manifest payload (174ms)
  ✓  137 [firefox] › e2e/hydration-edge-cases.test.ts:585:1 › explicit hydration manifest wins over external DOM discovery (253ms)
  ✓  138 [firefox] › e2e/hydration-edge-cases.test.ts:624:1 › progressive hydration matches bucketed theme variables (258ms)
  ✓  139 [firefox] › e2e/hydration-edge-cases.test.ts:654:1 › progressive hydration matches theme variable buckets by key (313ms)
  ✓  140 [firefox] › e2e/hydration-edge-cases.test.ts:694:1 › removes shared alias variable dependencies when classes disappear (359ms)
  ✓  141 [firefox] › e2e/hydration-edge-cases.test.ts:774:1 › inlines variables without runtime theme counts (682ms)
  ✓  142 [firefox] › e2e/keyframes.test.ts:35:1 › expects the animate token output (273ms)
  ✓  143 [firefox] › e2e/keyframes.test.ts:56:1 › expects the animation output (845ms)
  ✓  144 [firefox] › e2e/lifecycle.test.ts:17:1 › starts the browser runtime through the Wasm binding (193ms)
  ✓  145 [firefox] › e2e/lifecycle.test.ts:22:1 › exposes only the frozen runtime facade and immutable snapshot (191ms)
  ✓  146 [firefox] › e2e/lifecycle.test.ts:43:1 › does not install the removed devtools hook global (186ms)
  ✓  147 [firefox] › e2e/lifecycle.test.ts:48:1 › dispose on progressive (325ms)
  ✓  148 [firefox] › e2e/lifecycle.test.ts:85:1 › prevent attach layer twice (294ms)
  ✓  149 [firefox] › e2e/lifecycle.test.ts:107:1 › insert semantic utility with multiple native rules into existing layer (241ms)
  ✓  150 [firefox] › e2e/lifecycle.test.ts:131:1 › inserts functional pseudo-class selector aliases into native CSSOM (189ms)
  ✓  151 [firefox] › e2e/lifecycle.test.ts:150:1 › refresh clears stale native keyframes (788ms)
  ✓  152 [firefox] › e2e/lifecycle.test.ts:170:1 › observes static theme variables and keyframes without class references (302ms)
  ✓  153 [firefox] › e2e/lifecycle.test.ts:203:1 › generates browser native declarations through CSS.supports fallback (213ms)
  ✓  154 [firefox] › e2e/lifecycle.test.ts:250:1 › hydrates progressive static theme variables and keyframes (301ms)
  ✓  155 [firefox] › e2e/lifecycle.test.ts:288:1 › registers emittedGlobals counts on an existing runtime (281ms)
  ✓  156 [firefox] › e2e/lifecycle.test.ts:329:1 › merges emittedGlobals from concurrent starts before resolving callers (295ms)
  ✓  157 [firefox] › e2e/lifecycle.test.ts:387:1 › registers emittedGlobals counts once on a new runtime (286ms)
  ✓  158 [firefox] › e2e/progressive/basic.test.ts:4:1 › progressive (330ms)
  ✓  159 [firefox] › e2e/progressive/components/index.test.ts:11:1 › components (477ms)
  ✓  160 [firefox] › e2e/progressive/comprehensive/index.test.ts:13:1 › comprehensive (450ms)
  ✓  161 [firefox] › e2e/progressive/default-mode.test.ts:4:1 › prerender (1.0s)
  ✓  162 [firefox] › e2e/progressive/media-mode.test.ts:4:1 › prerender (465ms)
  ✓  163 [firefox] › e2e/progressive/modes/index.test.ts:11:1 › selectors (357ms)
  ✓  164 [firefox] › e2e/progressive/selectors/index.test.ts:11:1 › selectors (363ms)
  ✓  165 [firefox] › e2e/progressive/theme/index.test.ts:11:1 › theme (389ms)
  ✓  166 [firefox] › e2e/rc87-rendering.test.ts:38:1 › does not expose tooling-only engine inspection helpers (220ms)
  ✓  167 [firefox] › e2e/rc87-rendering.test.ts:49:1 › destroy on progressive (344ms)
  ✓  168 [firefox] › e2e/rc87-rendering.test.ts:84:1 › disconnect and destroy clear pending mutation additions and removals (411ms)
  ✓  169 [firefox] › e2e/rc87-rendering.test.ts:133:1 › preserves the strict Rust contract when an external hydration manifest import fails (177ms)
  ✓  170 [firefox] › e2e/theme-layer-order.test.ts:4:1 › keeps default variable buckets before mode buckets when CSSOM buckets are inserted later (312ms)
  ✓  171 [firefox] › e2e/variables.test.ts:54:1 › expects the variable output (1.1s)
  ✓  172 [firefox] › e2e/variables.test.ts:155:1 › sets native color-scheme on local class-triggered mode islands (283ms)
  ✓  173 [firefox] › e2e/wasm-startup.test.ts:39:1 › falls back to ArrayBuffer instantiation for an incorrect Wasm MIME type (205ms)
  ✓  174 [firefox] › e2e/wasm-startup.test.ts:74:1 › fails open when the Wasm asset returns 404 (170ms)
  ✓  175 [firefox] › e2e/wasm-startup.test.ts:90:1 › fails open when Wasm startup exceeds the configured timeout (371ms)
  ✓  176 [firefox] › e2e/wasm-startup.test.ts:110:1 › disposes an engine that resolves before hydration startup times out (277ms)
  ✓  177 [firefox] › e2e/wasm-startup.test.ts:173:1 › rejects every pending caller and disposes when emitted globals registration fails (282ms)
  ✓  178 [firefox] › tests/issues/382.test.ts:6:1 › O to O (224ms)
  ✓  179 [firefox] › tests/issues/382.test.ts:44:1 › O to X (187ms)
  ✓  180 [firefox] › tests/issues/382.test.ts:76:1 › X to O (182ms)
  ✓  181 [firefox] › tests/issues/382.test.ts:110:1 › X to X (709ms)
  ✓  182 [firefox] › tests/issues/383.test.ts:16:1 › 383 (296ms)
(node:48549) Warning: The 'NO_COLOR' env is ignored due to the 'FORCE_COLOR' env being set.
(Use `node --trace-warnings ...` to show where the warning was created)
  ✓  183 [webkit] › e2e/bug-hunt-frame.test.ts:6:1 › BH-0009 tracks class updates in a same-origin iframe Document root (574ms)
  ✓  184 [webkit] › e2e/bug-hunt-frame.test.ts:34:3 › BH-0009 handles iframe document subtree addition, attributes, moves and removal (607ms)
  ✓  185 [webkit] › e2e/bug-hunt-frame.test.ts:34:3 › BH-0009 handles iframe shadow subtree addition, attributes, moves and removal (599ms)
  ✓  186 [webkit] › e2e/bug-hunt-global-csp.test.ts:7:1 › BH-0008 built global runtime hydrates and updates under CSP without unsafe-eval (1.2s)
  ✓  187 [webkit] › e2e/bug-hunt-hydration.test.ts:4:1 › BH-0008: external hydration works with modules and Wasm allowed but unsafe-eval denied (364ms)
  ✓  188 [webkit] › e2e/class-usages.test.ts:16:1 › inner (363ms)
  ✓  189 [webkit] › e2e/class-usages.test.ts:26:1 › remove z1 element (357ms)
  ✓  190 [webkit] › e2e/class-usages.test.ts:33:1 › remove z2 element (354ms)
  ✓  191 [webkit] › e2e/class-usages.test.ts:42:1 › remove z3 element (364ms)
  ✓  192 [webkit] › e2e/class-usages.test.ts:52:1 › remove body content and append again (368ms)
  ✓  193 [webkit] › e2e/class-usages.test.ts:66:1 › add an element to z1 (358ms)
  ✓  194 [webkit] › e2e/class-usages.test.ts:83:1 › add an element to z2 (359ms)
  ✓  195 [webkit] › e2e/class-usages.test.ts:100:1 › remove a class while the subtree is disconnected and append again (357ms)
  ✓  196 [webkit] › e2e/class-usages.test.ts:122:1 › moves class subtrees across document and shadow roots without stale counts (408ms)
  ✓  197 [webkit] › e2e/complex.test.ts:10:1 › complex (497ms)
  ✓  198 [webkit] › e2e/edge-cases.test.ts:76:1 › disconnect clears counts and observe rescans the current DOM (352ms)
  ✓  199 [webkit] › e2e/edge-cases.test.ts:115:1 › mutation removals keep counts immediate and retain CSSOM rules after settle (407ms)
  ✓  200 [webkit] › e2e/edge-cases.test.ts:165:1 › mutation removal flush keeps remaining native CSSOM references valid (435ms)
  ✓  201 [webkit] › e2e/edge-cases.test.ts:266:1 › re-adding a retained class cancels retained cleanup (406ms)
  ✓  202 [webkit] › e2e/edge-cases.test.ts:300:1 › direct remove deletes retained CSSOM rules synchronously (394ms)
  ✓  203 [webkit] › e2e/edge-cases.test.ts:324:1 › retained hard-limit cleanup returns to soft target and preserves active classes (479ms)
  ✓  204 [webkit] › e2e/edge-cases.test.ts:468:1 › mutation removals are canceled when a class returns before flush (412ms)
  ✓  205 [webkit] › e2e/edge-cases.test.ts:506:1 › direct ensureClassRules and deleteClassRules stay synchronous (352ms)
  ✓  206 [webkit] › e2e/edge-cases.test.ts:533:1 › observer-added cold classes update counts immediately and flush rules before paint (367ms)
  ✓  207 [webkit] › e2e/edge-cases.test.ts:596:1 › observer-added retained classes are reused immediately (434ms)
  ✓  208 [webkit] › e2e/edge-cases.test.ts:648:1 › observer queued cold classes removed before flush are skipped (357ms)
  ✓  209 [webkit] › e2e/edge-cases.test.ts:712:1 › disconnect and dispose clear pending mutation additions and removals (513ms)
  ✓  210 [webkit] › e2e/edge-cases.test.ts:760:1 › shadow roots maintain isolated runtime state and style nodes (406ms)
  ✓  211 [webkit] › e2e/global-manifest.test.ts:53:1 › uses split bundled preset manifest (215ms)
  ✓  212 [webkit] › e2e/global-manifest.test.ts:66:1 › uses modulepreloaded default manifest (211ms)
  ✓  213 [webkit] › e2e/global-manifest.test.ts:105:1 › ignores global manifest override (208ms)
  ✓  214 [webkit] › e2e/global-manifest.test.ts:125:1 › fails open when a cross-origin Wasm request is blocked (165ms)
  ✓  215 [webkit] › e2e/global-manifest.test.ts:146:1 › fails open when strict CSP disallows Wasm compilation (280ms)
  ✓  216 [webkit] › e2e/hydration-edge-cases.test.ts:76:1 › progressive hydration without a manifest rebuilds with runtime CSS (355ms)
  ✓  217 [webkit] › e2e/hydration-edge-cases.test.ts:102:1 › progressive hydration with a mismatched manifest rebuilds with runtime CSS (464ms)
  ✓  218 [webkit] › e2e/hydration-edge-cases.test.ts:128:1 › progressive hydration with an empty manifest rebuilds with runtime CSS (352ms)
  ✓  219 [webkit] › e2e/hydration-edge-cases.test.ts:157:1 › progressive hydration uses hydration manifest and retains removed hydrated classes (445ms)
  ✓  220 [webkit] › e2e/hydration-edge-cases.test.ts:226:1 › progressive hydration imports an external style hydration manifest (297ms)
  ✓  221 [webkit] › e2e/hydration-edge-cases.test.ts:266:1 › progressive hydration uses JSON modules without constructing a loader or calling fetch (286ms)
  ✓  222 [webkit] › e2e/hydration-edge-cases.test.ts:329:1 › external hydration rejects an unsupported JSON module manifest without fetch (194ms)
  ✓  223 [webkit] › e2e/hydration-edge-cases.test.ts:383:1 › external hydration does not fetch after a JSON import request fails (194ms)
  ✓  224 [webkit] › e2e/hydration-edge-cases.test.ts:428:1 › external hydration reports HTTP failures as structured diagnostics (193ms)
  ✓  225 [webkit] › e2e/hydration-edge-cases.test.ts:467:1 › runtime start does not import a hydration manifest without a runtime style source (349ms)
  ✓  226 [webkit] › e2e/hydration-edge-cases.test.ts:499:1 › progressive hydration fails open when an external style hydration manifest import fails (192ms)
  ✓  227 [webkit] › e2e/hydration-edge-cases.test.ts:543:1 › progressive hydration rejects an invalid external hydration manifest payload (196ms)
  ✓  228 [webkit] › e2e/hydration-edge-cases.test.ts:585:1 › explicit hydration manifest wins over external DOM discovery (407ms)
  ✓  229 [webkit] › e2e/hydration-edge-cases.test.ts:624:1 › progressive hydration matches bucketed theme variables (411ms)
  ✓  230 [webkit] › e2e/hydration-edge-cases.test.ts:654:1 › progressive hydration matches theme variable buckets by key (438ms)
  ✓  231 [webkit] › e2e/hydration-edge-cases.test.ts:694:1 › removes shared alias variable dependencies when classes disappear (521ms)
  ✓  232 [webkit] › e2e/hydration-edge-cases.test.ts:774:1 › inlines variables without runtime theme counts (393ms)
  ✓  233 [webkit] › e2e/keyframes.test.ts:35:1 › expects the animate token output (427ms)
  ✓  234 [webkit] › e2e/keyframes.test.ts:56:1 › expects the animation output (996ms)
  ✓  235 [webkit] › e2e/lifecycle.test.ts:17:1 › starts the browser runtime through the Wasm binding (355ms)
  ✓  236 [webkit] › e2e/lifecycle.test.ts:22:1 › exposes only the frozen runtime facade and immutable snapshot (348ms)
  ✓  237 [webkit] › e2e/lifecycle.test.ts:43:1 › does not install the removed devtools hook global (354ms)
  ✓  238 [webkit] › e2e/lifecycle.test.ts:48:1 › dispose on progressive (452ms)
  ✓  239 [webkit] › e2e/lifecycle.test.ts:85:1 › prevent attach layer twice (413ms)
  ✓  240 [webkit] › e2e/lifecycle.test.ts:107:1 › insert semantic utility with multiple native rules into existing layer (393ms)
  ✓  241 [webkit] › e2e/lifecycle.test.ts:131:1 › inserts functional pseudo-class selector aliases into native CSSOM (357ms)
  ✓  242 [webkit] › e2e/lifecycle.test.ts:150:1 › refresh clears stale native keyframes (403ms)
  ✓  243 [webkit] › e2e/lifecycle.test.ts:170:1 › observes static theme variables and keyframes without class references (388ms)
  ✓  244 [webkit] › e2e/lifecycle.test.ts:203:1 › generates browser native declarations through CSS.supports fallback (363ms)
  ✓  245 [webkit] › e2e/lifecycle.test.ts:250:1 › hydrates progressive static theme variables and keyframes (435ms)
  ✓  246 [webkit] › e2e/lifecycle.test.ts:288:1 › registers emittedGlobals counts on an existing runtime (410ms)
  ✓  247 [webkit] › e2e/lifecycle.test.ts:329:1 › merges emittedGlobals from concurrent starts before resolving callers (400ms)
  ✓  248 [webkit] › e2e/lifecycle.test.ts:387:1 › registers emittedGlobals counts once on a new runtime (385ms)
  ✓  249 [webkit] › e2e/progressive/basic.test.ts:4:1 › progressive (361ms)
  ✓  250 [webkit] › e2e/progressive/components/index.test.ts:11:1 › components (448ms)
  ✓  251 [webkit] › e2e/progressive/comprehensive/index.test.ts:13:1 › comprehensive (457ms)
  ✓  252 [webkit] › e2e/progressive/default-mode.test.ts:4:1 › prerender (455ms)
  ✓  253 [webkit] › e2e/progressive/media-mode.test.ts:4:1 › prerender (446ms)
  ✓  254 [webkit] › e2e/progressive/modes/index.test.ts:11:1 › selectors (457ms)
  ✓  255 [webkit] › e2e/progressive/selectors/index.test.ts:11:1 › selectors (559ms)
  ✓  256 [webkit] › e2e/progressive/theme/index.test.ts:11:1 › theme (450ms)
  ✓  257 [webkit] › e2e/rc87-rendering.test.ts:38:1 › does not expose tooling-only engine inspection helpers (354ms)
  ✓  258 [webkit] › e2e/rc87-rendering.test.ts:49:1 › destroy on progressive (455ms)
  ✓  259 [webkit] › e2e/rc87-rendering.test.ts:84:1 › disconnect and destroy clear pending mutation additions and removals (494ms)
  ✓  260 [webkit] › e2e/rc87-rendering.test.ts:133:1 › preserves the strict Rust contract when an external hydration manifest import fails (194ms)
  ✓  261 [webkit] › e2e/theme-layer-order.test.ts:4:1 › keeps default variable buckets before mode buckets when CSSOM buckets are inserted later (413ms)
  ✓  262 [webkit] › e2e/variables.test.ts:54:1 › expects the variable output (742ms)
  ✓  263 [webkit] › e2e/variables.test.ts:155:1 › sets native color-scheme on local class-triggered mode islands (395ms)
  ✓  264 [webkit] › e2e/wasm-startup.test.ts:39:1 › falls back to ArrayBuffer instantiation for an incorrect Wasm MIME type (239ms)
  ✓  265 [webkit] › e2e/wasm-startup.test.ts:74:1 › fails open when the Wasm asset returns 404 (198ms)
  ✓  266 [webkit] › e2e/wasm-startup.test.ts:90:1 › fails open when Wasm startup exceeds the configured timeout (405ms)
  ✓  267 [webkit] › e2e/wasm-startup.test.ts:110:1 › disposes an engine that resolves before hydration startup times out (274ms)
  ✓  268 [webkit] › e2e/wasm-startup.test.ts:173:1 › rejects every pending caller and disposes when emitted globals registration fails (274ms)
  ✓  269 [webkit] › tests/issues/382.test.ts:6:1 › O to O (353ms)
  ✓  270 [webkit] › tests/issues/382.test.ts:44:1 › O to X (349ms)
  ✓  271 [webkit] › tests/issues/382.test.ts:76:1 › X to O (346ms)
  ✓  272 [webkit] › tests/issues/382.test.ts:110:1 › X to X (349ms)
  ✓  273 [webkit] › tests/issues/383.test.ts:16:1 › 383 (446ms)

  273 passed (1.4m)
