space ACCEPT
tab ACCEPT
newline ACCEPT
crlf ACCEPT
formfeed ACCEPT
comment ACCEPT
mixed ACCEPT
uppercase_function ACCEPT
escaped_function ACCEPT
escaped_name ACCEPT
unicode_name ACCEPT
unicode_suffix ACCEPT
prefixed_function ACCEPT
quoted_function ACCEPT
comment_function ACCEPT
url_string ACCEPT
url_unquoted CSS_PARSE_ERROR Unexpected token BadUrl("var(--color-brand") at /audit.css:0:15
split_name CSS_PARSE_ERROR Unexpected token Ident("suffix") at /audit.css:0:27
extra_argument CSS_PARSE_ERROR Unexpected token Ident("junk") at /audit.css:0:27
vertical_tab CSS_PARSE_ERROR Unexpected token Delim('\u{b}') at /audit.css:0:14
nested_fallback ACCEPT
fallback_reference ACCEPT
animation_tab ACCEPT
animation_comment ACCEPT
case_sensitive_name ACCEPT
