$ playwright test

Running 279 tests using 1 worker

(node:55924) Warning: The 'NO_COLOR' env is ignored due to the 'FORCE_COLOR' env being set.
(Use `node --trace-warnings ...` to show where the warning was created)
  ✓    1 [chromium] › e2e/bug-hunt-frame.test.ts:6:1 › BH-0009 tracks class updates in a same-origin iframe Document root (631ms)
  ✓    2 [chromium] › e2e/bug-hunt-frame.test.ts:34:3 › BH-0009 handles iframe document subtree addition, attributes, moves and removal (606ms)
  ✓    3 [chromium] › e2e/bug-hunt-frame.test.ts:34:3 › BH-0009 handles iframe shadow subtree addition, attributes, moves and removal (560ms)
  ✓    4 [chromium] › e2e/bug-hunt-global-csp.test.ts:7:1 › BH-0008 built global runtime hydrates and updates under CSP without unsafe-eval (482ms)
  ✓    5 [chromium] › e2e/bug-hunt-hydration.test.ts:4:1 › BH-0008: external hydration works with modules and Wasm allowed but unsafe-eval denied (232ms)
  ✓    6 [chromium] › e2e/bug-hunt-static-retention.test.ts:5:3 › BH-0003: static dependency remains through DOM removal and explicit rule deletion, inline=false (718ms)
  ✓    7 [chromium] › e2e/bug-hunt-static-retention.test.ts:5:3 › BH-0003: static dependency remains through DOM removal and explicit rule deletion, inline=true (603ms)
  ✓    8 [chromium] › e2e/class-usages.test.ts:16:1 › inner (236ms)
  ✓    9 [chromium] › e2e/class-usages.test.ts:26:1 › remove z1 element (229ms)
  ✓   10 [chromium] › e2e/class-usages.test.ts:33:1 › remove z2 element (469ms)
  ✓   11 [chromium] › e2e/class-usages.test.ts:42:1 › remove z3 element (298ms)
  ✓   12 [chromium] › e2e/class-usages.test.ts:52:1 › remove body content and append again (289ms)
  ✓   13 [chromium] › e2e/class-usages.test.ts:66:1 › add an element to z1 (203ms)
  ✓   14 [chromium] › e2e/class-usages.test.ts:83:1 › add an element to z2 (151ms)
  ✓   15 [chromium] › e2e/class-usages.test.ts:100:1 › remove a class while the subtree is disconnected and append again (148ms)
  ✓   16 [chromium] › e2e/class-usages.test.ts:122:1 › moves class subtrees across document and shadow roots without stale counts (269ms)
  ✓   17 [chromium] › e2e/complex.test.ts:10:1 › complex (592ms)
  ✓   18 [chromium] › e2e/edge-cases.test.ts:76:1 › disconnect clears counts and observe rescans the current DOM (130ms)
  ✓   19 [chromium] › e2e/edge-cases.test.ts:115:1 › mutation removals keep counts immediate and retain CSSOM rules after settle (195ms)
  ✓   20 [chromium] › e2e/edge-cases.test.ts:165:1 › mutation removal flush keeps remaining native CSSOM references valid (229ms)
  ✓   21 [chromium] › e2e/edge-cases.test.ts:266:1 › re-adding a retained class cancels retained cleanup (420ms)
  ✓   22 [chromium] › e2e/edge-cases.test.ts:300:1 › direct remove deletes retained CSSOM rules synchronously (183ms)
  ✓   23 [chromium] › e2e/edge-cases.test.ts:324:1 › retained hard-limit cleanup returns to soft target and preserves active classes (206ms)
  ✓   24 [chromium] › e2e/edge-cases.test.ts:468:1 › mutation removals are canceled when a class returns before flush (175ms)
  ✓   25 [chromium] › e2e/edge-cases.test.ts:506:1 › direct ensureClassRules and deleteClassRules stay synchronous (100ms)
  ✓   26 [chromium] › e2e/edge-cases.test.ts:533:1 › observer-added cold classes update counts immediately and flush rules before paint (101ms)
  ✓   27 [chromium] › e2e/edge-cases.test.ts:596:1 › observer-added retained classes are reused immediately (179ms)
  ✓   28 [chromium] › e2e/edge-cases.test.ts:648:1 › observer queued cold classes removed before flush are skipped (104ms)
  ✓   29 [chromium] › e2e/edge-cases.test.ts:712:1 › disconnect and dispose clear pending mutation additions and removals (257ms)
  ✓   30 [chromium] › e2e/edge-cases.test.ts:760:1 › shadow roots maintain isolated runtime state and style nodes (159ms)
  ✓   31 [chromium] › e2e/global-manifest.test.ts:53:1 › uses split bundled preset manifest (112ms)
  ✓   32 [chromium] › e2e/global-manifest.test.ts:66:1 › uses modulepreloaded default manifest (112ms)
  ✓   33 [chromium] › e2e/global-manifest.test.ts:105:1 › ignores global manifest override (129ms)
  ✓   34 [chromium] › e2e/global-manifest.test.ts:125:1 › fails open when a cross-origin Wasm request is blocked (178ms)
  ✓   35 [chromium] › e2e/global-manifest.test.ts:146:1 › fails open when strict CSP disallows Wasm compilation (173ms)
  ✓   36 [chromium] › e2e/hydration-edge-cases.test.ts:76:1 › progressive hydration without a manifest rebuilds with runtime CSS (115ms)
  ✓   37 [chromium] › e2e/hydration-edge-cases.test.ts:102:1 › progressive hydration with a mismatched manifest rebuilds with runtime CSS (259ms)
  ✓   38 [chromium] › e2e/hydration-edge-cases.test.ts:128:1 › progressive hydration with an empty manifest rebuilds with runtime CSS (117ms)
  ✓   39 [chromium] › e2e/hydration-edge-cases.test.ts:157:1 › progressive hydration uses hydration manifest and retains removed hydrated classes (248ms)
  ✓   40 [chromium] › e2e/hydration-edge-cases.test.ts:226:1 › progressive hydration imports an external style hydration manifest (238ms)
  ✓   41 [chromium] › e2e/hydration-edge-cases.test.ts:266:1 › progressive hydration uses JSON modules without constructing a loader or calling fetch (195ms)
  ✓   42 [chromium] › e2e/hydration-edge-cases.test.ts:329:1 › external hydration rejects an unsupported JSON module manifest without fetch (90ms)
  ✓   43 [chromium] › e2e/hydration-edge-cases.test.ts:383:1 › external hydration does not fetch after a JSON import request fails (90ms)
  ✓   44 [chromium] › e2e/hydration-edge-cases.test.ts:428:1 › external hydration reports HTTP failures as structured diagnostics (88ms)
  ✓   45 [chromium] › e2e/hydration-edge-cases.test.ts:467:1 › runtime start does not import a hydration manifest without a runtime style source (126ms)
  ✓   46 [chromium] › e2e/hydration-edge-cases.test.ts:499:1 › progressive hydration fails open when an external style hydration manifest import fails (91ms)
  ✓   47 [chromium] › e2e/hydration-edge-cases.test.ts:543:1 › progressive hydration rejects an invalid external hydration manifest payload (100ms)
  ✓   48 [chromium] › e2e/hydration-edge-cases.test.ts:585:1 › explicit hydration manifest wins over external DOM discovery (227ms)
  ✓   49 [chromium] › e2e/hydration-edge-cases.test.ts:624:1 › progressive hydration matches bucketed theme variables (209ms)
  ✓   50 [chromium] › e2e/hydration-edge-cases.test.ts:654:1 › progressive hydration matches theme variable buckets by key (250ms)
  ✓   51 [chromium] › e2e/hydration-edge-cases.test.ts:694:1 › removes shared alias variable dependencies when classes disappear (295ms)
  ✓   52 [chromium] › e2e/hydration-edge-cases.test.ts:774:1 › inlines variables without runtime theme counts (175ms)
  ✓   53 [chromium] › e2e/keyframes.test.ts:35:1 › expects the animate token output (192ms)
  ✓   54 [chromium] › e2e/keyframes.test.ts:56:1 › expects the animation output (772ms)
  ✓   55 [chromium] › e2e/lifecycle.test.ts:17:1 › starts the browser runtime through the Wasm binding (98ms)
  ✓   56 [chromium] › e2e/lifecycle.test.ts:22:1 › exposes only the frozen runtime facade and immutable snapshot (89ms)
  ✓   57 [chromium] › e2e/lifecycle.test.ts:43:1 › does not install the removed devtools hook global (87ms)
  ✓   58 [chromium] › e2e/lifecycle.test.ts:48:1 › dispose on progressive (191ms)
  ✓   59 [chromium] › e2e/lifecycle.test.ts:85:1 › prevent attach layer twice (140ms)
  ✓   60 [chromium] › e2e/lifecycle.test.ts:107:1 › insert semantic utility with multiple native rules into existing layer (127ms)
  ✓   61 [chromium] › e2e/lifecycle.test.ts:131:1 › inserts functional pseudo-class selector aliases into native CSSOM (107ms)
  ✓   62 [chromium] › e2e/lifecycle.test.ts:150:1 › refresh clears stale native keyframes (145ms)
  ✓   63 [chromium] › e2e/lifecycle.test.ts:170:1 › observes static theme variables and keyframes without class references (160ms)
  ✓   64 [chromium] › e2e/lifecycle.test.ts:203:1 › generates browser native declarations through CSS.supports fallback (145ms)
  ✓   65 [chromium] › e2e/lifecycle.test.ts:250:1 › hydrates progressive static theme variables and keyframes (267ms)
  ✓   66 [chromium] › e2e/lifecycle.test.ts:288:1 › registers emittedGlobals counts on an existing runtime (188ms)
  ✓   67 [chromium] › e2e/lifecycle.test.ts:329:1 › merges emittedGlobals from concurrent starts before resolving callers (189ms)
  ✓   68 [chromium] › e2e/lifecycle.test.ts:387:1 › registers emittedGlobals counts once on a new runtime (160ms)
  ✓   69 [chromium] › e2e/progressive/basic.test.ts:4:1 › progressive (109ms)
  ✓   70 [chromium] › e2e/progressive/components/index.test.ts:11:1 › components (211ms)
  ✓   71 [chromium] › e2e/progressive/comprehensive/index.test.ts:13:1 › comprehensive (207ms)
  ✓   72 [chromium] › e2e/progressive/default-mode.test.ts:4:1 › prerender (201ms)
  ✓   73 [chromium] › e2e/progressive/media-mode.test.ts:4:1 › prerender (201ms)
  ✓   74 [chromium] › e2e/progressive/modes/index.test.ts:11:1 › selectors (228ms)
  ✓   75 [chromium] › e2e/progressive/selectors/index.test.ts:11:1 › selectors (356ms)
  ✓   76 [chromium] › e2e/progressive/theme/index.test.ts:11:1 › theme (294ms)
  ✓   77 [chromium] › e2e/rc87-rendering.test.ts:38:1 › does not expose tooling-only engine inspection helpers (108ms)
  ✓   78 [chromium] › e2e/rc87-rendering.test.ts:49:1 › destroy on progressive (191ms)
  ✓   79 [chromium] › e2e/rc87-rendering.test.ts:84:1 › disconnect and destroy clear pending mutation additions and removals (256ms)
  ✓   80 [chromium] › e2e/rc87-rendering.test.ts:133:1 › preserves the strict Rust contract when an external hydration manifest import fails (98ms)
  ✓   81 [chromium] › e2e/theme-layer-order.test.ts:4:1 › keeps default variable buckets before mode buckets when CSSOM buckets are inserted later (314ms)
  ✓   82 [chromium] › e2e/variables.test.ts:54:1 › expects the variable output (660ms)
  ✓   83 [chromium] › e2e/variables.test.ts:155:1 › sets native color-scheme on local class-triggered mode islands (158ms)
  ✓   84 [chromium] › e2e/wasm-startup.test.ts:39:1 › falls back to ArrayBuffer instantiation for an incorrect Wasm MIME type (124ms)
  ✓   85 [chromium] › e2e/wasm-startup.test.ts:74:1 › fails open when the Wasm asset returns 404 (83ms)
  ✓   86 [chromium] › e2e/wasm-startup.test.ts:90:1 › fails open when Wasm startup exceeds the configured timeout (301ms)
  ✓   87 [chromium] › e2e/wasm-startup.test.ts:110:1 › disposes an engine that resolves before hydration startup times out (221ms)
  ✓   88 [chromium] › e2e/wasm-startup.test.ts:173:1 › rejects every pending caller and disposes when emitted globals registration fails (222ms)
  ✓   89 [chromium] › tests/issues/382.test.ts:6:1 › O to O (156ms)
  ✓   90 [chromium] › tests/issues/382.test.ts:44:1 › O to X (159ms)
  ✓   91 [chromium] › tests/issues/382.test.ts:76:1 › X to O (176ms)
  ✓   92 [chromium] › tests/issues/382.test.ts:110:1 › X to X (169ms)
  ✓   93 [chromium] › tests/issues/383.test.ts:16:1 › 383 (278ms)
(node:56412) Warning: The 'NO_COLOR' env is ignored due to the 'FORCE_COLOR' env being set.
(Use `node --trace-warnings ...` to show where the warning was created)
  ✓   94 [firefox] › e2e/bug-hunt-frame.test.ts:6:1 › BH-0009 tracks class updates in a same-origin iframe Document root (1.4s)
  ✓   95 [firefox] › e2e/bug-hunt-frame.test.ts:34:3 › BH-0009 handles iframe document subtree addition, attributes, moves and removal (496ms)
  ✓   96 [firefox] › e2e/bug-hunt-frame.test.ts:34:3 › BH-0009 handles iframe shadow subtree addition, attributes, moves and removal (443ms)
  ✓   97 [firefox] › e2e/bug-hunt-global-csp.test.ts:7:1 › BH-0008 built global runtime hydrates and updates under CSP without unsafe-eval (271ms)
  ✓   98 [firefox] › e2e/bug-hunt-hydration.test.ts:4:1 › BH-0008: external hydration works with modules and Wasm allowed but unsafe-eval denied (202ms)
  ✓   99 [firefox] › e2e/bug-hunt-static-retention.test.ts:5:3 › BH-0003: static dependency remains through DOM removal and explicit rule deletion, inline=false (531ms)
  ✓  100 [firefox] › e2e/bug-hunt-static-retention.test.ts:5:3 › BH-0003: static dependency remains through DOM removal and explicit rule deletion, inline=true (708ms)
  ✓  101 [firefox] › e2e/class-usages.test.ts:16:1 › inner (341ms)
  ✓  102 [firefox] › e2e/class-usages.test.ts:26:1 › remove z1 element (422ms)
  ✓  103 [firefox] › e2e/class-usages.test.ts:33:1 › remove z2 element (1.0s)
  ✓  104 [firefox] › e2e/class-usages.test.ts:42:1 › remove z3 element (355ms)
  ✓  105 [firefox] › e2e/class-usages.test.ts:52:1 › remove body content and append again (350ms)
  ✓  106 [firefox] › e2e/class-usages.test.ts:66:1 › add an element to z1 (370ms)
  ✓  107 [firefox] › e2e/class-usages.test.ts:83:1 › add an element to z2 (344ms)
  ✓  108 [firefox] › e2e/class-usages.test.ts:100:1 › remove a class while the subtree is disconnected and append again (333ms)
  ✓  109 [firefox] › e2e/class-usages.test.ts:122:1 › moves class subtrees across document and shadow roots without stale counts (491ms)
  ✓  110 [firefox] › e2e/complex.test.ts:10:1 › complex (879ms)
  ✓  111 [firefox] › e2e/edge-cases.test.ts:76:1 › disconnect clears counts and observe rescans the current DOM (360ms)
  ✓  112 [firefox] › e2e/edge-cases.test.ts:115:1 › mutation removals keep counts immediate and retain CSSOM rules after settle (515ms)
  ✓  113 [firefox] › e2e/edge-cases.test.ts:165:1 › mutation removal flush keeps remaining native CSSOM references valid (1.0s)
  ✓  114 [firefox] › e2e/edge-cases.test.ts:266:1 › re-adding a retained class cancels retained cleanup (359ms)
  ✓  115 [firefox] › e2e/edge-cases.test.ts:300:1 › direct remove deletes retained CSSOM rules synchronously (307ms)
  ✓  116 [firefox] › e2e/edge-cases.test.ts:324:1 › retained hard-limit cleanup returns to soft target and preserves active classes (423ms)
  ✓  117 [firefox] › e2e/edge-cases.test.ts:468:1 › mutation removals are canceled when a class returns before flush (436ms)
  ✓  118 [firefox] › e2e/edge-cases.test.ts:506:1 › direct ensureClassRules and deleteClassRules stay synchronous (548ms)
  ✓  119 [firefox] › e2e/edge-cases.test.ts:533:1 › observer-added cold classes update counts immediately and flush rules before paint (304ms)
  ✓  120 [firefox] › e2e/edge-cases.test.ts:596:1 › observer-added retained classes are reused immediately (286ms)
  ✓  121 [firefox] › e2e/edge-cases.test.ts:648:1 › observer queued cold classes removed before flush are skipped (202ms)
  ✓  122 [firefox] › e2e/edge-cases.test.ts:712:1 › disconnect and dispose clear pending mutation additions and removals (453ms)
  ✓  123 [firefox] › e2e/edge-cases.test.ts:760:1 › shadow roots maintain isolated runtime state and style nodes (887ms)
  ✓  124 [firefox] › e2e/global-manifest.test.ts:53:1 › uses split bundled preset manifest (271ms)
  ✓  125 [firefox] › e2e/global-manifest.test.ts:66:1 › uses modulepreloaded default manifest (282ms)
  ✓  126 [firefox] › e2e/global-manifest.test.ts:105:1 › ignores global manifest override (297ms)
  ✓  127 [firefox] › e2e/global-manifest.test.ts:125:1 › fails open when a cross-origin Wasm request is blocked (197ms)
  ✓  128 [firefox] › e2e/global-manifest.test.ts:146:1 › fails open when strict CSP disallows Wasm compilation (286ms)
  ✓  129 [firefox] › e2e/hydration-edge-cases.test.ts:76:1 › progressive hydration without a manifest rebuilds with runtime CSS (250ms)
  ✓  130 [firefox] › e2e/hydration-edge-cases.test.ts:102:1 › progressive hydration with a mismatched manifest rebuilds with runtime CSS (451ms)
  ✓  131 [firefox] › e2e/hydration-edge-cases.test.ts:128:1 › progressive hydration with an empty manifest rebuilds with runtime CSS (277ms)
  ✓  132 [firefox] › e2e/hydration-edge-cases.test.ts:157:1 › progressive hydration uses hydration manifest and retains removed hydrated classes (420ms)
  ✓  133 [firefox] › e2e/hydration-edge-cases.test.ts:226:1 › progressive hydration imports an external style hydration manifest (856ms)
  ✓  134 [firefox] › e2e/hydration-edge-cases.test.ts:266:1 › progressive hydration uses JSON modules without constructing a loader or calling fetch (358ms)
  ✓  135 [firefox] › e2e/hydration-edge-cases.test.ts:329:1 › external hydration rejects an unsupported JSON module manifest without fetch (241ms)
  ✓  136 [firefox] › e2e/hydration-edge-cases.test.ts:383:1 › external hydration does not fetch after a JSON import request fails (217ms)
  ✓  137 [firefox] › e2e/hydration-edge-cases.test.ts:428:1 › external hydration reports HTTP failures as structured diagnostics (208ms)
  ✓  138 [firefox] › e2e/hydration-edge-cases.test.ts:467:1 › runtime start does not import a hydration manifest without a runtime style source (248ms)
  ✓  139 [firefox] › e2e/hydration-edge-cases.test.ts:499:1 › progressive hydration fails open when an external style hydration manifest import fails (200ms)
  ✓  140 [firefox] › e2e/hydration-edge-cases.test.ts:543:1 › progressive hydration rejects an invalid external hydration manifest payload (211ms)
  ✓  141 [firefox] › e2e/hydration-edge-cases.test.ts:585:1 › explicit hydration manifest wins over external DOM discovery (335ms)
  ✓  142 [firefox] › e2e/hydration-edge-cases.test.ts:624:1 › progressive hydration matches bucketed theme variables (377ms)
  ✓  143 [firefox] › e2e/hydration-edge-cases.test.ts:654:1 › progressive hydration matches theme variable buckets by key (946ms)
  ✓  144 [firefox] › e2e/hydration-edge-cases.test.ts:694:1 › removes shared alias variable dependencies when classes disappear (405ms)
  ✓  145 [firefox] › e2e/hydration-edge-cases.test.ts:774:1 › inlines variables without runtime theme counts (291ms)
  ✓  146 [firefox] › e2e/keyframes.test.ts:35:1 › expects the animate token output (345ms)
  ✓  147 [firefox] › e2e/keyframes.test.ts:56:1 › expects the animation output (948ms)
  ✓  148 [firefox] › e2e/lifecycle.test.ts:17:1 › starts the browser runtime through the Wasm binding (210ms)
  ✓  149 [firefox] › e2e/lifecycle.test.ts:22:1 › exposes only the frozen runtime facade and immutable snapshot (241ms)
  ✓  150 [firefox] › e2e/lifecycle.test.ts:43:1 › does not install the removed devtools hook global (234ms)
  ✓  151 [firefox] › e2e/lifecycle.test.ts:48:1 › dispose on progressive (404ms)
  ✓  152 [firefox] › e2e/lifecycle.test.ts:85:1 › prevent attach layer twice (343ms)
  ✓  153 [firefox] › e2e/lifecycle.test.ts:107:1 › insert semantic utility with multiple native rules into existing layer (879ms)
  ✓  154 [firefox] › e2e/lifecycle.test.ts:131:1 › inserts functional pseudo-class selector aliases into native CSSOM (269ms)
  ✓  155 [firefox] › e2e/lifecycle.test.ts:150:1 › refresh clears stale native keyframes (439ms)
  ✓  156 [firefox] › e2e/lifecycle.test.ts:170:1 › observes static theme variables and keyframes without class references (310ms)
  ✓  157 [firefox] › e2e/lifecycle.test.ts:203:1 › generates browser native declarations through CSS.supports fallback (229ms)
  ✓  158 [firefox] › e2e/lifecycle.test.ts:250:1 › hydrates progressive static theme variables and keyframes (398ms)
  ✓  159 [firefox] › e2e/lifecycle.test.ts:288:1 › registers emittedGlobals counts on an existing runtime (368ms)
  ✓  160 [firefox] › e2e/lifecycle.test.ts:329:1 › merges emittedGlobals from concurrent starts before resolving callers (299ms)
  ✓  161 [firefox] › e2e/lifecycle.test.ts:387:1 › registers emittedGlobals counts once on a new runtime (263ms)
  ✓  162 [firefox] › e2e/progressive/basic.test.ts:4:1 › progressive (200ms)
  ✓  163 [firefox] › e2e/progressive/components/index.test.ts:11:1 › components (2.5s)
  ✓  164 [firefox] › e2e/progressive/comprehensive/index.test.ts:13:1 › comprehensive (2.4s)
  ✓  165 [firefox] › e2e/progressive/default-mode.test.ts:4:1 › prerender (1.8s)
  ✓  166 [firefox] › e2e/progressive/media-mode.test.ts:4:1 › prerender (920ms)
  ✓  167 [firefox] › e2e/progressive/modes/index.test.ts:11:1 › selectors (418ms)
  ✓  168 [firefox] › e2e/progressive/selectors/index.test.ts:11:1 › selectors (463ms)
  ✓  169 [firefox] › e2e/progressive/theme/index.test.ts:11:1 › theme (591ms)
  ✓  170 [firefox] › e2e/rc87-rendering.test.ts:38:1 › does not expose tooling-only engine inspection helpers (309ms)
  ✓  171 [firefox] › e2e/rc87-rendering.test.ts:49:1 › destroy on progressive (800ms)
  ✓  172 [firefox] › e2e/rc87-rendering.test.ts:84:1 › disconnect and destroy clear pending mutation additions and removals (425ms)
  ✓  173 [firefox] › e2e/rc87-rendering.test.ts:133:1 › preserves the strict Rust contract when an external hydration manifest import fails (1.3s)
  ✓  174 [firefox] › e2e/theme-layer-order.test.ts:4:1 › keeps default variable buckets before mode buckets when CSSOM buckets are inserted later (691ms)
  ✓  175 [firefox] › e2e/variables.test.ts:54:1 › expects the variable output (1.3s)
  ✓  176 [firefox] › e2e/variables.test.ts:155:1 › sets native color-scheme on local class-triggered mode islands (607ms)
  ✓  177 [firefox] › e2e/wasm-startup.test.ts:39:1 › falls back to ArrayBuffer instantiation for an incorrect Wasm MIME type (491ms)
  ✓  178 [firefox] › e2e/wasm-startup.test.ts:74:1 › fails open when the Wasm asset returns 404 (262ms)
  ✓  179 [firefox] › e2e/wasm-startup.test.ts:90:1 › fails open when Wasm startup exceeds the configured timeout (407ms)
  ✓  180 [firefox] › e2e/wasm-startup.test.ts:110:1 › disposes an engine that resolves before hydration startup times out (324ms)
  ✓  181 [firefox] › e2e/wasm-startup.test.ts:173:1 › rejects every pending caller and disposes when emitted globals registration fails (385ms)
  ✓  182 [firefox] › tests/issues/382.test.ts:6:1 › O to O (329ms)
  ✓  183 [firefox] › tests/issues/382.test.ts:44:1 › O to X (1.0s)
  ✓  184 [firefox] › tests/issues/382.test.ts:76:1 › X to O (602ms)
  ✓  185 [firefox] › tests/issues/382.test.ts:110:1 › X to X (343ms)
  ✓  186 [firefox] › tests/issues/383.test.ts:16:1 › 383 (437ms)
(node:56864) Warning: The 'NO_COLOR' env is ignored due to the 'FORCE_COLOR' env being set.
(Use `node --trace-warnings ...` to show where the warning was created)
  ✓  187 [webkit] › e2e/bug-hunt-frame.test.ts:6:1 › BH-0009 tracks class updates in a same-origin iframe Document root (744ms)
  ✓  188 [webkit] › e2e/bug-hunt-frame.test.ts:34:3 › BH-0009 handles iframe document subtree addition, attributes, moves and removal (1.2s)
  ✓  189 [webkit] › e2e/bug-hunt-frame.test.ts:34:3 › BH-0009 handles iframe shadow subtree addition, attributes, moves and removal (579ms)
  ✓  190 [webkit] › e2e/bug-hunt-global-csp.test.ts:7:1 › BH-0008 built global runtime hydrates and updates under CSP without unsafe-eval (310ms)
  ✓  191 [webkit] › e2e/bug-hunt-hydration.test.ts:4:1 › BH-0008: external hydration works with modules and Wasm allowed but unsafe-eval denied (398ms)
  ✓  192 [webkit] › e2e/bug-hunt-static-retention.test.ts:5:3 › BH-0003: static dependency remains through DOM removal and explicit rule deletion, inline=false (551ms)
  ✓  193 [webkit] › e2e/bug-hunt-static-retention.test.ts:5:3 › BH-0003: static dependency remains through DOM removal and explicit rule deletion, inline=true (655ms)
  ✓  194 [webkit] › e2e/class-usages.test.ts:16:1 › inner (726ms)
  ✓  195 [webkit] › e2e/class-usages.test.ts:26:1 › remove z1 element (668ms)
  ✓  196 [webkit] › e2e/class-usages.test.ts:33:1 › remove z2 element (970ms)
  ✓  197 [webkit] › e2e/class-usages.test.ts:42:1 › remove z3 element (600ms)
  ✓  198 [webkit] › e2e/class-usages.test.ts:52:1 › remove body content and append again (520ms)
  ✓  199 [webkit] › e2e/class-usages.test.ts:66:1 › add an element to z1 (460ms)
  ✓  200 [webkit] › e2e/class-usages.test.ts:83:1 › add an element to z2 (366ms)
  ✓  201 [webkit] › e2e/class-usages.test.ts:100:1 › remove a class while the subtree is disconnected and append again (424ms)
  ✓  202 [webkit] › e2e/class-usages.test.ts:122:1 › moves class subtrees across document and shadow roots without stale counts (565ms)
  ✓  203 [webkit] › e2e/complex.test.ts:10:1 › complex (581ms)
  ✓  204 [webkit] › e2e/edge-cases.test.ts:76:1 › disconnect clears counts and observe rescans the current DOM (382ms)
  ✓  205 [webkit] › e2e/edge-cases.test.ts:115:1 › mutation removals keep counts immediate and retain CSSOM rules after settle (438ms)
  ✓  206 [webkit] › e2e/edge-cases.test.ts:165:1 › mutation removal flush keeps remaining native CSSOM references valid (420ms)
  ✓  207 [webkit] › e2e/edge-cases.test.ts:266:1 › re-adding a retained class cancels retained cleanup (423ms)
  ✓  208 [webkit] › e2e/edge-cases.test.ts:300:1 › direct remove deletes retained CSSOM rules synchronously (702ms)
  ✓  209 [webkit] › e2e/edge-cases.test.ts:324:1 › retained hard-limit cleanup returns to soft target and preserves active classes (789ms)
  ✓  210 [webkit] › e2e/edge-cases.test.ts:468:1 › mutation removals are canceled when a class returns before flush (566ms)
  ✓  211 [webkit] › e2e/edge-cases.test.ts:506:1 › direct ensureClassRules and deleteClassRules stay synchronous (425ms)
  ✓  212 [webkit] › e2e/edge-cases.test.ts:533:1 › observer-added cold classes update counts immediately and flush rules before paint (366ms)
  ✓  213 [webkit] › e2e/edge-cases.test.ts:596:1 › observer-added retained classes are reused immediately (431ms)
  ✓  214 [webkit] › e2e/edge-cases.test.ts:648:1 › observer queued cold classes removed before flush are skipped (394ms)
  ✓  215 [webkit] › e2e/edge-cases.test.ts:712:1 › disconnect and dispose clear pending mutation additions and removals (774ms)
  ✓  216 [webkit] › e2e/edge-cases.test.ts:760:1 › shadow roots maintain isolated runtime state and style nodes (670ms)
  ✓  217 [webkit] › e2e/global-manifest.test.ts:53:1 › uses split bundled preset manifest (455ms)
  ✓  218 [webkit] › e2e/global-manifest.test.ts:66:1 › uses modulepreloaded default manifest (390ms)
  ✓  219 [webkit] › e2e/global-manifest.test.ts:105:1 › ignores global manifest override (374ms)
  ✓  220 [webkit] › e2e/global-manifest.test.ts:125:1 › fails open when a cross-origin Wasm request is blocked (430ms)
  ✓  221 [webkit] › e2e/global-manifest.test.ts:146:1 › fails open when strict CSP disallows Wasm compilation (574ms)
  ✓  222 [webkit] › e2e/hydration-edge-cases.test.ts:76:1 › progressive hydration without a manifest rebuilds with runtime CSS (640ms)
  ✓  223 [webkit] › e2e/hydration-edge-cases.test.ts:102:1 › progressive hydration with a mismatched manifest rebuilds with runtime CSS (764ms)
  ✓  224 [webkit] › e2e/hydration-edge-cases.test.ts:128:1 › progressive hydration with an empty manifest rebuilds with runtime CSS (700ms)
  ✓  225 [webkit] › e2e/hydration-edge-cases.test.ts:157:1 › progressive hydration uses hydration manifest and retains removed hydrated classes (740ms)
  ✓  226 [webkit] › e2e/hydration-edge-cases.test.ts:226:1 › progressive hydration imports an external style hydration manifest (552ms)
  ✓  227 [webkit] › e2e/hydration-edge-cases.test.ts:266:1 › progressive hydration uses JSON modules without constructing a loader or calling fetch (629ms)
  ✓  228 [webkit] › e2e/hydration-edge-cases.test.ts:329:1 › external hydration rejects an unsupported JSON module manifest without fetch (314ms)
  ✓  229 [webkit] › e2e/hydration-edge-cases.test.ts:383:1 › external hydration does not fetch after a JSON import request fails (277ms)
  ✓  230 [webkit] › e2e/hydration-edge-cases.test.ts:428:1 › external hydration reports HTTP failures as structured diagnostics (249ms)
  ✓  231 [webkit] › e2e/hydration-edge-cases.test.ts:467:1 › runtime start does not import a hydration manifest without a runtime style source (474ms)
  ✓  232 [webkit] › e2e/hydration-edge-cases.test.ts:499:1 › progressive hydration fails open when an external style hydration manifest import fails (282ms)
  ✓  233 [webkit] › e2e/hydration-edge-cases.test.ts:543:1 › progressive hydration rejects an invalid external hydration manifest payload (386ms)
  ✓  234 [webkit] › e2e/hydration-edge-cases.test.ts:585:1 › explicit hydration manifest wins over external DOM discovery (611ms)
  ✓  235 [webkit] › e2e/hydration-edge-cases.test.ts:624:1 › progressive hydration matches bucketed theme variables (486ms)
  ✓  236 [webkit] › e2e/hydration-edge-cases.test.ts:654:1 › progressive hydration matches theme variable buckets by key (529ms)
  ✓  237 [webkit] › e2e/hydration-edge-cases.test.ts:694:1 › removes shared alias variable dependencies when classes disappear (560ms)
  ✓  238 [webkit] › e2e/hydration-edge-cases.test.ts:774:1 › inlines variables without runtime theme counts (427ms)
  ✓  239 [webkit] › e2e/keyframes.test.ts:35:1 › expects the animate token output (477ms)
  ✓  240 [webkit] › e2e/keyframes.test.ts:56:1 › expects the animation output (1.1s)
  ✓  241 [webkit] › e2e/lifecycle.test.ts:17:1 › starts the browser runtime through the Wasm binding (497ms)
  ✓  242 [webkit] › e2e/lifecycle.test.ts:22:1 › exposes only the frozen runtime facade and immutable snapshot (563ms)
  ✓  243 [webkit] › e2e/lifecycle.test.ts:43:1 › does not install the removed devtools hook global (604ms)
  ✓  244 [webkit] › e2e/lifecycle.test.ts:48:1 › dispose on progressive (553ms)
  ✓  245 [webkit] › e2e/lifecycle.test.ts:85:1 › prevent attach layer twice (462ms)
  ✓  246 [webkit] › e2e/lifecycle.test.ts:107:1 › insert semantic utility with multiple native rules into existing layer (406ms)
  ✓  247 [webkit] › e2e/lifecycle.test.ts:131:1 › inserts functional pseudo-class selector aliases into native CSSOM (449ms)
  ✓  248 [webkit] › e2e/lifecycle.test.ts:150:1 › refresh clears stale native keyframes (444ms)
  ✓  249 [webkit] › e2e/lifecycle.test.ts:170:1 › observes static theme variables and keyframes without class references (389ms)
  ✓  250 [webkit] › e2e/lifecycle.test.ts:203:1 › generates browser native declarations through CSS.supports fallback (379ms)
  ✓  251 [webkit] › e2e/lifecycle.test.ts:250:1 › hydrates progressive static theme variables and keyframes (446ms)
  ✓  252 [webkit] › e2e/lifecycle.test.ts:288:1 › registers emittedGlobals counts on an existing runtime (421ms)
  ✓  253 [webkit] › e2e/lifecycle.test.ts:329:1 › merges emittedGlobals from concurrent starts before resolving callers (397ms)
  ✓  254 [webkit] › e2e/lifecycle.test.ts:387:1 › registers emittedGlobals counts once on a new runtime (424ms)
  ✓  255 [webkit] › e2e/progressive/basic.test.ts:4:1 › progressive (361ms)
  ✓  256 [webkit] › e2e/progressive/components/index.test.ts:11:1 › components (457ms)
  ✓  257 [webkit] › e2e/progressive/comprehensive/index.test.ts:13:1 › comprehensive (493ms)
  ✓  258 [webkit] › e2e/progressive/default-mode.test.ts:4:1 › prerender (525ms)
  ✓  259 [webkit] › e2e/progressive/media-mode.test.ts:4:1 › prerender (475ms)
  ✓  260 [webkit] › e2e/progressive/modes/index.test.ts:11:1 › selectors (443ms)
  ✓  261 [webkit] › e2e/progressive/selectors/index.test.ts:11:1 › selectors (559ms)
  ✓  262 [webkit] › e2e/progressive/theme/index.test.ts:11:1 › theme (468ms)
  ✓  263 [webkit] › e2e/rc87-rendering.test.ts:38:1 › does not expose tooling-only engine inspection helpers (336ms)
  ✓  264 [webkit] › e2e/rc87-rendering.test.ts:49:1 › destroy on progressive (435ms)
  ✓  265 [webkit] › e2e/rc87-rendering.test.ts:84:1 › disconnect and destroy clear pending mutation additions and removals (478ms)
  ✓  266 [webkit] › e2e/rc87-rendering.test.ts:133:1 › preserves the strict Rust contract when an external hydration manifest import fails (189ms)
  ✓  267 [webkit] › e2e/theme-layer-order.test.ts:4:1 › keeps default variable buckets before mode buckets when CSSOM buckets are inserted later (401ms)
  ✓  268 [webkit] › e2e/variables.test.ts:54:1 › expects the variable output (727ms)
  ✓  269 [webkit] › e2e/variables.test.ts:155:1 › sets native color-scheme on local class-triggered mode islands (410ms)
  ✓  270 [webkit] › e2e/wasm-startup.test.ts:39:1 › falls back to ArrayBuffer instantiation for an incorrect Wasm MIME type (237ms)
  ✓  271 [webkit] › e2e/wasm-startup.test.ts:74:1 › fails open when the Wasm asset returns 404 (195ms)
  ✓  272 [webkit] › e2e/wasm-startup.test.ts:90:1 › fails open when Wasm startup exceeds the configured timeout (393ms)
  ✓  273 [webkit] › e2e/wasm-startup.test.ts:110:1 › disposes an engine that resolves before hydration startup times out (269ms)
  ✓  274 [webkit] › e2e/wasm-startup.test.ts:173:1 › rejects every pending caller and disposes when emitted globals registration fails (281ms)
  ✓  275 [webkit] › tests/issues/382.test.ts:6:1 › O to O (410ms)
  ✓  276 [webkit] › tests/issues/382.test.ts:44:1 › O to X (422ms)
  ✓  277 [webkit] › tests/issues/382.test.ts:76:1 › X to O (365ms)
  ✓  278 [webkit] › tests/issues/382.test.ts:110:1 › X to X (349ms)
  ✓  279 [webkit] › tests/issues/383.test.ts:16:1 › 383 (475ms)

  279 passed (2.0m)
