{"browser":"chromium","id":"chain","mode":"","phase":"compiled","expected":"rgb(255, 0, 0)","actual":"rgb(255, 0, 0)","parity":"PASS","result":"PASS"}
{"browser":"chromium","id":"chain","mode":"","phase":"initial","expected":"rgb(255, 0, 0)","actual":"rgb(255, 0, 0)","parity":"PASS","result":"PASS"}
{"browser":"chromium","id":"chain","mode":"","phase":"ensured","expected":"rgb(255, 0, 0)","actual":"rgb(255, 0, 0)","parity":"PASS","result":"PASS"}
{"browser":"chromium","id":"chain","mode":"","phase":"deleted","expected":"rgb(255, 0, 0)","actual":"rgb(255, 0, 0)","parity":"PASS","result":"PASS"}
{"browser":"chromium","id":"inline","mode":"","phase":"compiled","expected":"rgb(255, 0, 0)","actual":"rgb(255, 0, 0)","parity":"PASS","result":"PASS"}
{"browser":"chromium","id":"inline","mode":"","phase":"initial","expected":"rgb(255, 0, 0)","actual":"rgb(255, 0, 0)","parity":"PASS","result":"PASS"}
{"browser":"chromium","id":"inline","mode":"","phase":"ensured","expected":"rgb(255, 0, 0)","actual":"rgb(255, 0, 0)","parity":"PASS","result":"PASS"}
{"browser":"chromium","id":"inline","mode":"","phase":"deleted","expected":"rgb(255, 0, 0)","actual":"rgb(255, 0, 0)","parity":"PASS","result":"PASS"}
{"browser":"chromium","id":"shared","mode":"","phase":"compiled","expected":"rgb(255, 0, 0)","actual":"rgb(255, 0, 0)","parity":"PASS","result":"PASS"}
{"browser":"chromium","id":"shared","mode":"","phase":"initial","expected":"rgb(255, 0, 0)","actual":"rgb(255, 0, 0)","parity":"PASS","result":"PASS"}
{"browser":"chromium","id":"shared","mode":"","phase":"ensured","expected":"rgb(255, 0, 0)","actual":"rgb(255, 0, 0)","parity":"PASS","result":"PASS"}
{"browser":"chromium","id":"shared","mode":"","phase":"deleted","expected":"rgb(255, 0, 0)","actual":"rgb(255, 0, 0)","parity":"PASS","result":"PASS"}
{"browser":"chromium","id":"modes","mode":"","phase":"compiled","expected":"rgb(255, 0, 0)","actual":"rgb(255, 0, 0)","parity":"PASS","result":"PASS"}
{"browser":"chromium","id":"modes","mode":"","phase":"initial","expected":"rgb(255, 0, 0)","actual":"rgb(255, 0, 0)","parity":"PASS","result":"PASS"}
{"browser":"chromium","id":"modes","mode":"","phase":"ensured","expected":"rgb(255, 0, 0)","actual":"rgb(255, 0, 0)","parity":"PASS","result":"PASS"}
{"browser":"chromium","id":"modes","mode":"","phase":"deleted","expected":"rgb(255, 0, 0)","actual":"rgb(255, 0, 0)","parity":"PASS","result":"PASS"}
{"browser":"chromium","id":"modes","mode":"dark","phase":"compiled","expected":"rgb(0, 0, 255)","actual":"rgb(0, 0, 255)","parity":"PASS","result":"PASS"}
{"browser":"chromium","id":"modes","mode":"dark","phase":"initial","expected":"rgb(0, 0, 255)","actual":"rgb(0, 0, 255)","parity":"PASS","result":"PASS"}
{"browser":"chromium","id":"modes","mode":"dark","phase":"ensured","expected":"rgb(0, 0, 255)","actual":"rgb(0, 0, 255)","parity":"PASS","result":"PASS"}
{"browser":"chromium","id":"modes","mode":"dark","phase":"deleted","expected":"rgb(0, 0, 255)","actual":"rgb(0, 0, 255)","parity":"PASS","result":"PASS"}
{"browser":"chromium","id":"cycle","mode":"","phase":"compiled","expected":"rgb(0, 128, 0)","actual":"rgb(0, 128, 0)","parity":"PASS","result":"PASS"}
{"browser":"chromium","id":"cycle","mode":"","phase":"initial","expected":"rgb(0, 128, 0)","actual":"rgb(0, 128, 0)","parity":"PASS","result":"PASS"}
{"browser":"chromium","id":"cycle","mode":"","phase":"ensured","expected":"rgb(0, 128, 0)","actual":"rgb(0, 128, 0)","parity":"PASS","result":"PASS"}
{"browser":"chromium","id":"cycle","mode":"","phase":"deleted","expected":"rgb(0, 128, 0)","actual":"rgb(0, 128, 0)","parity":"PASS","result":"PASS"}
{"browser":"firefox","id":"chain","mode":"","phase":"compiled","expected":"rgb(255, 0, 0)","actual":"rgb(255, 0, 0)","parity":"PASS","result":"PASS"}
{"browser":"firefox","id":"chain","mode":"","phase":"initial","expected":"rgb(255, 0, 0)","actual":"rgb(255, 0, 0)","parity":"PASS","result":"PASS"}
{"browser":"firefox","id":"chain","mode":"","phase":"ensured","expected":"rgb(255, 0, 0)","actual":"rgb(255, 0, 0)","parity":"PASS","result":"PASS"}
{"browser":"firefox","id":"chain","mode":"","phase":"deleted","expected":"rgb(255, 0, 0)","actual":"rgb(255, 0, 0)","parity":"PASS","result":"PASS"}
{"browser":"firefox","id":"inline","mode":"","phase":"compiled","expected":"rgb(255, 0, 0)","actual":"rgb(255, 0, 0)","parity":"PASS","result":"PASS"}
{"browser":"firefox","id":"inline","mode":"","phase":"initial","expected":"rgb(255, 0, 0)","actual":"rgb(255, 0, 0)","parity":"PASS","result":"PASS"}
{"browser":"firefox","id":"inline","mode":"","phase":"ensured","expected":"rgb(255, 0, 0)","actual":"rgb(255, 0, 0)","parity":"PASS","result":"PASS"}
{"browser":"firefox","id":"inline","mode":"","phase":"deleted","expected":"rgb(255, 0, 0)","actual":"rgb(255, 0, 0)","parity":"PASS","result":"PASS"}
{"browser":"firefox","id":"shared","mode":"","phase":"compiled","expected":"rgb(255, 0, 0)","actual":"rgb(255, 0, 0)","parity":"PASS","result":"PASS"}
{"browser":"firefox","id":"shared","mode":"","phase":"initial","expected":"rgb(255, 0, 0)","actual":"rgb(255, 0, 0)","parity":"PASS","result":"PASS"}
{"browser":"firefox","id":"shared","mode":"","phase":"ensured","expected":"rgb(255, 0, 0)","actual":"rgb(255, 0, 0)","parity":"PASS","result":"PASS"}
{"browser":"firefox","id":"shared","mode":"","phase":"deleted","expected":"rgb(255, 0, 0)","actual":"rgb(255, 0, 0)","parity":"PASS","result":"PASS"}
{"browser":"firefox","id":"modes","mode":"","phase":"compiled","expected":"rgb(255, 0, 0)","actual":"rgb(255, 0, 0)","parity":"PASS","result":"PASS"}
{"browser":"firefox","id":"modes","mode":"","phase":"initial","expected":"rgb(255, 0, 0)","actual":"rgb(255, 0, 0)","parity":"PASS","result":"PASS"}
{"browser":"firefox","id":"modes","mode":"","phase":"ensured","expected":"rgb(255, 0, 0)","actual":"rgb(255, 0, 0)","parity":"PASS","result":"PASS"}
{"browser":"firefox","id":"modes","mode":"","phase":"deleted","expected":"rgb(255, 0, 0)","actual":"rgb(255, 0, 0)","parity":"PASS","result":"PASS"}
{"browser":"firefox","id":"modes","mode":"dark","phase":"compiled","expected":"rgb(0, 0, 255)","actual":"rgb(0, 0, 255)","parity":"PASS","result":"PASS"}
{"browser":"firefox","id":"modes","mode":"dark","phase":"initial","expected":"rgb(0, 0, 255)","actual":"rgb(0, 0, 255)","parity":"PASS","result":"PASS"}
{"browser":"firefox","id":"modes","mode":"dark","phase":"ensured","expected":"rgb(0, 0, 255)","actual":"rgb(0, 0, 255)","parity":"PASS","result":"PASS"}
{"browser":"firefox","id":"modes","mode":"dark","phase":"deleted","expected":"rgb(0, 0, 255)","actual":"rgb(0, 0, 255)","parity":"PASS","result":"PASS"}
{"browser":"firefox","id":"cycle","mode":"","phase":"compiled","expected":"rgb(0, 128, 0)","actual":"rgb(0, 128, 0)","parity":"PASS","result":"PASS"}
{"browser":"firefox","id":"cycle","mode":"","phase":"initial","expected":"rgb(0, 128, 0)","actual":"rgb(0, 128, 0)","parity":"PASS","result":"PASS"}
{"browser":"firefox","id":"cycle","mode":"","phase":"ensured","expected":"rgb(0, 128, 0)","actual":"rgb(0, 128, 0)","parity":"PASS","result":"PASS"}
{"browser":"firefox","id":"cycle","mode":"","phase":"deleted","expected":"rgb(0, 128, 0)","actual":"rgb(0, 128, 0)","parity":"PASS","result":"PASS"}
{"browser":"webkit","id":"chain","mode":"","phase":"compiled","expected":"rgb(255, 0, 0)","actual":"rgb(255, 0, 0)","parity":"PASS","result":"PASS"}
{"browser":"webkit","id":"chain","mode":"","phase":"initial","expected":"rgb(255, 0, 0)","actual":"rgb(255, 0, 0)","parity":"PASS","result":"PASS"}
{"browser":"webkit","id":"chain","mode":"","phase":"ensured","expected":"rgb(255, 0, 0)","actual":"rgb(255, 0, 0)","parity":"PASS","result":"PASS"}
{"browser":"webkit","id":"chain","mode":"","phase":"deleted","expected":"rgb(255, 0, 0)","actual":"rgb(255, 0, 0)","parity":"PASS","result":"PASS"}
{"browser":"webkit","id":"inline","mode":"","phase":"compiled","expected":"rgb(255, 0, 0)","actual":"rgb(255, 0, 0)","parity":"PASS","result":"PASS"}
{"browser":"webkit","id":"inline","mode":"","phase":"initial","expected":"rgb(255, 0, 0)","actual":"rgb(255, 0, 0)","parity":"PASS","result":"PASS"}
{"browser":"webkit","id":"inline","mode":"","phase":"ensured","expected":"rgb(255, 0, 0)","actual":"rgb(255, 0, 0)","parity":"PASS","result":"PASS"}
{"browser":"webkit","id":"inline","mode":"","phase":"deleted","expected":"rgb(255, 0, 0)","actual":"rgb(255, 0, 0)","parity":"PASS","result":"PASS"}
{"browser":"webkit","id":"shared","mode":"","phase":"compiled","expected":"rgb(255, 0, 0)","actual":"rgb(255, 0, 0)","parity":"PASS","result":"PASS"}
{"browser":"webkit","id":"shared","mode":"","phase":"initial","expected":"rgb(255, 0, 0)","actual":"rgb(255, 0, 0)","parity":"PASS","result":"PASS"}
{"browser":"webkit","id":"shared","mode":"","phase":"ensured","expected":"rgb(255, 0, 0)","actual":"rgb(255, 0, 0)","parity":"PASS","result":"PASS"}
{"browser":"webkit","id":"shared","mode":"","phase":"deleted","expected":"rgb(255, 0, 0)","actual":"rgb(255, 0, 0)","parity":"PASS","result":"PASS"}
{"browser":"webkit","id":"modes","mode":"","phase":"compiled","expected":"rgb(255, 0, 0)","actual":"rgb(255, 0, 0)","parity":"PASS","result":"PASS"}
{"browser":"webkit","id":"modes","mode":"","phase":"initial","expected":"rgb(255, 0, 0)","actual":"rgb(255, 0, 0)","parity":"PASS","result":"PASS"}
{"browser":"webkit","id":"modes","mode":"","phase":"ensured","expected":"rgb(255, 0, 0)","actual":"rgb(255, 0, 0)","parity":"PASS","result":"PASS"}
{"browser":"webkit","id":"modes","mode":"","phase":"deleted","expected":"rgb(255, 0, 0)","actual":"rgb(255, 0, 0)","parity":"PASS","result":"PASS"}
{"browser":"webkit","id":"modes","mode":"dark","phase":"compiled","expected":"rgb(0, 0, 255)","actual":"rgb(0, 0, 255)","parity":"PASS","result":"PASS"}
{"browser":"webkit","id":"modes","mode":"dark","phase":"initial","expected":"rgb(0, 0, 255)","actual":"rgb(0, 0, 255)","parity":"PASS","result":"PASS"}
{"browser":"webkit","id":"modes","mode":"dark","phase":"ensured","expected":"rgb(0, 0, 255)","actual":"rgb(0, 0, 255)","parity":"PASS","result":"PASS"}
{"browser":"webkit","id":"modes","mode":"dark","phase":"deleted","expected":"rgb(0, 0, 255)","actual":"rgb(0, 0, 255)","parity":"PASS","result":"PASS"}
{"browser":"webkit","id":"cycle","mode":"","phase":"compiled","expected":"rgb(0, 128, 0)","actual":"rgb(0, 128, 0)","parity":"PASS","result":"PASS"}
{"browser":"webkit","id":"cycle","mode":"","phase":"initial","expected":"rgb(0, 128, 0)","actual":"rgb(0, 128, 0)","parity":"PASS","result":"PASS"}
{"browser":"webkit","id":"cycle","mode":"","phase":"ensured","expected":"rgb(0, 128, 0)","actual":"rgb(0, 128, 0)","parity":"PASS","result":"PASS"}
{"browser":"webkit","id":"cycle","mode":"","phase":"deleted","expected":"rgb(0, 128, 0)","actual":"rgb(0, 128, 0)","parity":"PASS","result":"PASS"}
