{"browser":"chromium","id":"external-first","media":"screen","original":"rgb(255, 0, 0)","compiled":"@import \"https://remote.test/external.css\";\n\n.example {\n  color: red;\n}","expected":"rgb(255, 0, 0)","graph":"@import 'https://remote.test/external.css';\n.example{color:red}","result":"PASS"}
{"browser":"chromium","id":"external-first","media":"print","original":"rgb(255, 0, 0)","compiled":"@import \"https://remote.test/external.css\";\n\n.example {\n  color: red;\n}","expected":"rgb(255, 0, 0)","graph":"@import 'https://remote.test/external.css';\n.example{color:red}","result":"PASS"}
{"browser":"chromium","id":"external-last","media":"screen","original":"rgb(0, 0, 255)","compiled":"@import \"https://remote.test/external.css\";\n\n.example {\n  color: red;\n}","expected":"rgb(0, 0, 255)","graph":"@import 'https://remote.test/external.css';\n.example{color:red}","result":"FAIL"}
{"browser":"chromium","id":"external-last","media":"print","original":"rgb(0, 0, 255)","compiled":"@import \"https://remote.test/external.css\";\n\n.example {\n  color: red;\n}","expected":"rgb(0, 0, 255)","graph":"@import 'https://remote.test/external.css';\n.example{color:red}","result":"FAIL"}
{"browser":"chromium","id":"same-layer","media":"screen","original":"rgb(0, 0, 255)","compiled":"@import \"https://remote.test/external.css\" layer(shared);\n\n@layer shared {\n  .example {\n    color: red;\n  }\n}","expected":"rgb(0, 0, 255)","graph":"@import 'https://remote.test/external.css' layer(shared);\n@layer shared{.example{color:red}}","result":"FAIL"}
{"browser":"chromium","id":"same-layer","media":"print","original":"rgb(0, 0, 255)","compiled":"@import \"https://remote.test/external.css\" layer(shared);\n\n@layer shared {\n  .example {\n    color: red;\n  }\n}","expected":"rgb(0, 0, 255)","graph":"@import 'https://remote.test/external.css' layer(shared);\n@layer shared{.example{color:red}}","result":"FAIL"}
{"browser":"chromium","id":"different-layers","media":"screen","original":"rgb(0, 0, 255)","compiled":"@import \"https://remote.test/external.css\" layer(b);\n\n@layer a {\n  .example {\n    color: red;\n  }\n}","expected":"rgb(0, 0, 255)","graph":"@import 'https://remote.test/external.css' layer(b);\n@layer a{.example{color:red}}","result":"FAIL"}
{"browser":"chromium","id":"different-layers","media":"print","original":"rgb(0, 0, 255)","compiled":"@import \"https://remote.test/external.css\" layer(b);\n\n@layer a {\n  .example {\n    color: red;\n  }\n}","expected":"rgb(0, 0, 255)","graph":"@import 'https://remote.test/external.css' layer(b);\n@layer a{.example{color:red}}","result":"FAIL"}
{"browser":"chromium","id":"predeclared-layers","media":"screen","original":"rgb(0, 0, 255)","compiled":"@layer a, b;\n@import \"https://remote.test/external.css\" layer(b);\n\n@layer a {\n  .example {\n    color: red;\n  }\n}","expected":"rgb(0, 0, 255)","graph":"@layer a,b;@import 'https://remote.test/external.css' layer(b);\n@layer a{.example{color:red}}","result":"PASS"}
{"browser":"chromium","id":"predeclared-layers","media":"print","original":"rgb(0, 0, 255)","compiled":"@layer a, b;\n@import \"https://remote.test/external.css\" layer(b);\n\n@layer a {\n  .example {\n    color: red;\n  }\n}","expected":"rgb(0, 0, 255)","graph":"@layer a,b;@import 'https://remote.test/external.css' layer(b);\n@layer a{.example{color:red}}","result":"PASS"}
{"browser":"chromium","id":"conditional-local","media":"screen","original":"rgb(0, 0, 255)","compiled":"@import \"https://remote.test/external.css\";\n\n@media print {\n  .example {\n    color: red;\n  }\n}","expected":"rgb(0, 0, 255)","graph":"@import 'https://remote.test/external.css';\n@media print{.example{color:red}}","result":"PASS"}
{"browser":"chromium","id":"conditional-local","media":"print","original":"rgb(0, 0, 255)","compiled":"@import \"https://remote.test/external.css\";\n\n@media print {\n  .example {\n    color: red;\n  }\n}","expected":"rgb(0, 0, 255)","graph":"@import 'https://remote.test/external.css';\n@media print{.example{color:red}}","result":"FAIL"}
{"browser":"chromium","id":"nested-plain","media":"screen","original":"rgb(255, 0, 0)","compiled":"@import \"https://remote.test/external.css\";\n\n.example {\n  color: red;\n}","expected":"rgb(255, 0, 0)","graph":"@import 'https://remote.test/external.css';\n.example{color:red}","result":"PASS"}
{"browser":"chromium","id":"nested-plain","media":"print","original":"rgb(255, 0, 0)","compiled":"@import \"https://remote.test/external.css\";\n\n.example {\n  color: red;\n}","expected":"rgb(255, 0, 0)","graph":"@import 'https://remote.test/external.css';\n.example{color:red}","result":"PASS"}
{"browser":"chromium","id":"nested-named","media":"screen","original":"rgb(255, 0, 0)","expected":"rgb(255, 0, 0)","error":{"code":"CSS_IMPORT_ERROR","message":"Cannot inline a qualified CSS import containing unresolved imports; resolve its nested imports first"},"result":"FAIL"}
{"browser":"chromium","id":"nested-named","media":"print","original":"rgb(255, 0, 0)","expected":"rgb(255, 0, 0)","error":{"code":"CSS_IMPORT_ERROR","message":"Cannot inline a qualified CSS import containing unresolved imports; resolve its nested imports first"},"result":"FAIL"}
{"browser":"chromium","id":"nested-anonymous","media":"screen","original":"rgb(255, 0, 0)","expected":"rgb(255, 0, 0)","error":{"code":"CSS_IMPORT_ERROR","message":"Cannot inline a qualified CSS import containing unresolved imports; resolve its nested imports first"},"result":"FAIL"}
{"browser":"chromium","id":"nested-anonymous","media":"print","original":"rgb(255, 0, 0)","expected":"rgb(255, 0, 0)","error":{"code":"CSS_IMPORT_ERROR","message":"Cannot inline a qualified CSS import containing unresolved imports; resolve its nested imports first"},"result":"FAIL"}
{"browser":"chromium","id":"nested-supports-media","media":"screen","original":"rgb(255, 0, 0)","expected":"rgb(255, 0, 0)","error":{"code":"CSS_IMPORT_ERROR","message":"Cannot inline a qualified CSS import containing unresolved imports; resolve its nested imports first"},"result":"FAIL"}
{"browser":"chromium","id":"nested-supports-media","media":"print","original":"rgb(0, 0, 0)","expected":"rgb(0, 0, 0)","error":{"code":"CSS_IMPORT_ERROR","message":"Cannot inline a qualified CSS import containing unresolved imports; resolve its nested imports first"},"result":"FAIL"}
{"browser":"firefox","id":"external-first","media":"screen","original":"rgb(255, 0, 0)","compiled":"@import \"https://remote.test/external.css\";\n\n.example {\n  color: red;\n}","expected":"rgb(255, 0, 0)","graph":"@import 'https://remote.test/external.css';\n.example{color:red}","result":"PASS"}
{"browser":"firefox","id":"external-first","media":"print","original":"rgb(255, 0, 0)","compiled":"@import \"https://remote.test/external.css\";\n\n.example {\n  color: red;\n}","expected":"rgb(255, 0, 0)","graph":"@import 'https://remote.test/external.css';\n.example{color:red}","result":"PASS"}
{"browser":"firefox","id":"external-last","media":"screen","original":"rgb(0, 0, 255)","compiled":"@import \"https://remote.test/external.css\";\n\n.example {\n  color: red;\n}","expected":"rgb(0, 0, 255)","graph":"@import 'https://remote.test/external.css';\n.example{color:red}","result":"FAIL"}
{"browser":"firefox","id":"external-last","media":"print","original":"rgb(0, 0, 255)","compiled":"@import \"https://remote.test/external.css\";\n\n.example {\n  color: red;\n}","expected":"rgb(0, 0, 255)","graph":"@import 'https://remote.test/external.css';\n.example{color:red}","result":"FAIL"}
{"browser":"firefox","id":"same-layer","media":"screen","original":"rgb(0, 0, 255)","compiled":"@import \"https://remote.test/external.css\" layer(shared);\n\n@layer shared {\n  .example {\n    color: red;\n  }\n}","expected":"rgb(0, 0, 255)","graph":"@import 'https://remote.test/external.css' layer(shared);\n@layer shared{.example{color:red}}","result":"FAIL"}
{"browser":"firefox","id":"same-layer","media":"print","original":"rgb(0, 0, 255)","compiled":"@import \"https://remote.test/external.css\" layer(shared);\n\n@layer shared {\n  .example {\n    color: red;\n  }\n}","expected":"rgb(0, 0, 255)","graph":"@import 'https://remote.test/external.css' layer(shared);\n@layer shared{.example{color:red}}","result":"FAIL"}
{"browser":"firefox","id":"different-layers","media":"screen","original":"rgb(0, 0, 255)","compiled":"@import \"https://remote.test/external.css\" layer(b);\n\n@layer a {\n  .example {\n    color: red;\n  }\n}","expected":"rgb(0, 0, 255)","graph":"@import 'https://remote.test/external.css' layer(b);\n@layer a{.example{color:red}}","result":"FAIL"}
{"browser":"firefox","id":"different-layers","media":"print","original":"rgb(0, 0, 255)","compiled":"@import \"https://remote.test/external.css\" layer(b);\n\n@layer a {\n  .example {\n    color: red;\n  }\n}","expected":"rgb(0, 0, 255)","graph":"@import 'https://remote.test/external.css' layer(b);\n@layer a{.example{color:red}}","result":"FAIL"}
{"browser":"firefox","id":"predeclared-layers","media":"screen","original":"rgb(0, 0, 255)","compiled":"@layer a, b;\n@import \"https://remote.test/external.css\" layer(b);\n\n@layer a {\n  .example {\n    color: red;\n  }\n}","expected":"rgb(0, 0, 255)","graph":"@layer a,b;@import 'https://remote.test/external.css' layer(b);\n@layer a{.example{color:red}}","result":"PASS"}
{"browser":"firefox","id":"predeclared-layers","media":"print","original":"rgb(0, 0, 255)","compiled":"@layer a, b;\n@import \"https://remote.test/external.css\" layer(b);\n\n@layer a {\n  .example {\n    color: red;\n  }\n}","expected":"rgb(0, 0, 255)","graph":"@layer a,b;@import 'https://remote.test/external.css' layer(b);\n@layer a{.example{color:red}}","result":"PASS"}
{"browser":"firefox","id":"conditional-local","media":"screen","original":"rgb(0, 0, 255)","compiled":"@import \"https://remote.test/external.css\";\n\n@media print {\n  .example {\n    color: red;\n  }\n}","expected":"rgb(0, 0, 255)","graph":"@import 'https://remote.test/external.css';\n@media print{.example{color:red}}","result":"PASS"}
{"browser":"firefox","id":"conditional-local","media":"print","original":"rgb(0, 0, 255)","compiled":"@import \"https://remote.test/external.css\";\n\n@media print {\n  .example {\n    color: red;\n  }\n}","expected":"rgb(0, 0, 255)","graph":"@import 'https://remote.test/external.css';\n@media print{.example{color:red}}","result":"FAIL"}
{"browser":"firefox","id":"nested-plain","media":"screen","original":"rgb(255, 0, 0)","compiled":"@import \"https://remote.test/external.css\";\n\n.example {\n  color: red;\n}","expected":"rgb(255, 0, 0)","graph":"@import 'https://remote.test/external.css';\n.example{color:red}","result":"PASS"}
{"browser":"firefox","id":"nested-plain","media":"print","original":"rgb(255, 0, 0)","compiled":"@import \"https://remote.test/external.css\";\n\n.example {\n  color: red;\n}","expected":"rgb(255, 0, 0)","graph":"@import 'https://remote.test/external.css';\n.example{color:red}","result":"PASS"}
{"browser":"firefox","id":"nested-named","media":"screen","original":"rgb(255, 0, 0)","expected":"rgb(255, 0, 0)","error":{"code":"CSS_IMPORT_ERROR","message":"Cannot inline a qualified CSS import containing unresolved imports; resolve its nested imports first"},"result":"FAIL"}
{"browser":"firefox","id":"nested-named","media":"print","original":"rgb(255, 0, 0)","expected":"rgb(255, 0, 0)","error":{"code":"CSS_IMPORT_ERROR","message":"Cannot inline a qualified CSS import containing unresolved imports; resolve its nested imports first"},"result":"FAIL"}
{"browser":"firefox","id":"nested-anonymous","media":"screen","original":"rgb(255, 0, 0)","expected":"rgb(255, 0, 0)","error":{"code":"CSS_IMPORT_ERROR","message":"Cannot inline a qualified CSS import containing unresolved imports; resolve its nested imports first"},"result":"FAIL"}
{"browser":"firefox","id":"nested-anonymous","media":"print","original":"rgb(255, 0, 0)","expected":"rgb(255, 0, 0)","error":{"code":"CSS_IMPORT_ERROR","message":"Cannot inline a qualified CSS import containing unresolved imports; resolve its nested imports first"},"result":"FAIL"}
{"browser":"firefox","id":"nested-supports-media","media":"screen","original":"rgb(255, 0, 0)","expected":"rgb(255, 0, 0)","error":{"code":"CSS_IMPORT_ERROR","message":"Cannot inline a qualified CSS import containing unresolved imports; resolve its nested imports first"},"result":"FAIL"}
{"browser":"firefox","id":"nested-supports-media","media":"print","original":"rgb(0, 0, 0)","expected":"rgb(0, 0, 0)","error":{"code":"CSS_IMPORT_ERROR","message":"Cannot inline a qualified CSS import containing unresolved imports; resolve its nested imports first"},"result":"FAIL"}
{"browser":"webkit","id":"external-first","media":"screen","original":"rgb(255, 0, 0)","compiled":"@import \"https://remote.test/external.css\";\n\n.example {\n  color: red;\n}","expected":"rgb(255, 0, 0)","graph":"@import 'https://remote.test/external.css';\n.example{color:red}","result":"PASS"}
{"browser":"webkit","id":"external-first","media":"print","original":"rgb(255, 0, 0)","compiled":"@import \"https://remote.test/external.css\";\n\n.example {\n  color: red;\n}","expected":"rgb(255, 0, 0)","graph":"@import 'https://remote.test/external.css';\n.example{color:red}","result":"PASS"}
{"browser":"webkit","id":"external-last","media":"screen","original":"rgb(0, 0, 255)","compiled":"@import \"https://remote.test/external.css\";\n\n.example {\n  color: red;\n}","expected":"rgb(0, 0, 255)","graph":"@import 'https://remote.test/external.css';\n.example{color:red}","result":"FAIL"}
{"browser":"webkit","id":"external-last","media":"print","original":"rgb(0, 0, 255)","compiled":"@import \"https://remote.test/external.css\";\n\n.example {\n  color: red;\n}","expected":"rgb(0, 0, 255)","graph":"@import 'https://remote.test/external.css';\n.example{color:red}","result":"FAIL"}
{"browser":"webkit","id":"same-layer","media":"screen","original":"rgb(0, 0, 255)","compiled":"@import \"https://remote.test/external.css\" layer(shared);\n\n@layer shared {\n  .example {\n    color: red;\n  }\n}","expected":"rgb(0, 0, 255)","graph":"@import 'https://remote.test/external.css' layer(shared);\n@layer shared{.example{color:red}}","result":"FAIL"}
{"browser":"webkit","id":"same-layer","media":"print","original":"rgb(0, 0, 255)","compiled":"@import \"https://remote.test/external.css\" layer(shared);\n\n@layer shared {\n  .example {\n    color: red;\n  }\n}","expected":"rgb(0, 0, 255)","graph":"@import 'https://remote.test/external.css' layer(shared);\n@layer shared{.example{color:red}}","result":"FAIL"}
{"browser":"webkit","id":"different-layers","media":"screen","original":"rgb(0, 0, 255)","compiled":"@import \"https://remote.test/external.css\" layer(b);\n\n@layer a {\n  .example {\n    color: red;\n  }\n}","expected":"rgb(0, 0, 255)","graph":"@import 'https://remote.test/external.css' layer(b);\n@layer a{.example{color:red}}","result":"FAIL"}
{"browser":"webkit","id":"different-layers","media":"print","original":"rgb(0, 0, 255)","compiled":"@import \"https://remote.test/external.css\" layer(b);\n\n@layer a {\n  .example {\n    color: red;\n  }\n}","expected":"rgb(0, 0, 255)","graph":"@import 'https://remote.test/external.css' layer(b);\n@layer a{.example{color:red}}","result":"FAIL"}
{"browser":"webkit","id":"predeclared-layers","media":"screen","original":"rgb(0, 0, 255)","compiled":"@layer a, b;\n@import \"https://remote.test/external.css\" layer(b);\n\n@layer a {\n  .example {\n    color: red;\n  }\n}","expected":"rgb(0, 0, 255)","graph":"@layer a,b;@import 'https://remote.test/external.css' layer(b);\n@layer a{.example{color:red}}","result":"PASS"}
{"browser":"webkit","id":"predeclared-layers","media":"print","original":"rgb(0, 0, 255)","compiled":"@layer a, b;\n@import \"https://remote.test/external.css\" layer(b);\n\n@layer a {\n  .example {\n    color: red;\n  }\n}","expected":"rgb(0, 0, 255)","graph":"@layer a,b;@import 'https://remote.test/external.css' layer(b);\n@layer a{.example{color:red}}","result":"PASS"}
{"browser":"webkit","id":"conditional-local","media":"screen","original":"rgb(0, 0, 255)","compiled":"@import \"https://remote.test/external.css\";\n\n@media print {\n  .example {\n    color: red;\n  }\n}","expected":"rgb(0, 0, 255)","graph":"@import 'https://remote.test/external.css';\n@media print{.example{color:red}}","result":"PASS"}
{"browser":"webkit","id":"conditional-local","media":"print","original":"rgb(0, 0, 255)","compiled":"@import \"https://remote.test/external.css\";\n\n@media print {\n  .example {\n    color: red;\n  }\n}","expected":"rgb(0, 0, 255)","graph":"@import 'https://remote.test/external.css';\n@media print{.example{color:red}}","result":"FAIL"}
{"browser":"webkit","id":"nested-plain","media":"screen","original":"rgb(255, 0, 0)","compiled":"@import \"https://remote.test/external.css\";\n\n.example {\n  color: red;\n}","expected":"rgb(255, 0, 0)","graph":"@import 'https://remote.test/external.css';\n.example{color:red}","result":"PASS"}
{"browser":"webkit","id":"nested-plain","media":"print","original":"rgb(255, 0, 0)","compiled":"@import \"https://remote.test/external.css\";\n\n.example {\n  color: red;\n}","expected":"rgb(255, 0, 0)","graph":"@import 'https://remote.test/external.css';\n.example{color:red}","result":"PASS"}
{"browser":"webkit","id":"nested-named","media":"screen","original":"rgb(255, 0, 0)","expected":"rgb(255, 0, 0)","error":{"code":"CSS_IMPORT_ERROR","message":"Cannot inline a qualified CSS import containing unresolved imports; resolve its nested imports first"},"result":"FAIL"}
{"browser":"webkit","id":"nested-named","media":"print","original":"rgb(255, 0, 0)","expected":"rgb(255, 0, 0)","error":{"code":"CSS_IMPORT_ERROR","message":"Cannot inline a qualified CSS import containing unresolved imports; resolve its nested imports first"},"result":"FAIL"}
{"browser":"webkit","id":"nested-anonymous","media":"screen","original":"rgb(255, 0, 0)","expected":"rgb(255, 0, 0)","error":{"code":"CSS_IMPORT_ERROR","message":"Cannot inline a qualified CSS import containing unresolved imports; resolve its nested imports first"},"result":"FAIL"}
{"browser":"webkit","id":"nested-anonymous","media":"print","original":"rgb(255, 0, 0)","expected":"rgb(255, 0, 0)","error":{"code":"CSS_IMPORT_ERROR","message":"Cannot inline a qualified CSS import containing unresolved imports; resolve its nested imports first"},"result":"FAIL"}
{"browser":"webkit","id":"nested-supports-media","media":"screen","original":"rgb(255, 0, 0)","expected":"rgb(255, 0, 0)","error":{"code":"CSS_IMPORT_ERROR","message":"Cannot inline a qualified CSS import containing unresolved imports; resolve its nested imports first"},"result":"FAIL"}
{"browser":"webkit","id":"nested-supports-media","media":"print","original":"rgb(0, 0, 0)","expected":"rgb(0, 0, 0)","error":{"code":"CSS_IMPORT_ERROR","message":"Cannot inline a qualified CSS import containing unresolved imports; resolve its nested imports first"},"result":"FAIL"}
{"cases":10,"comparisons":60,"failures":39}
node:internal/modules/run_main:107
    triggerUncaughtException(
    ^

AssertionError [ERR_ASSERTION]: External import order/conditions must preserve original browser behavior

39 !== 0

    at file:///Users/aron/master/css/.ai/audits/bug-hunt/repros/external-import-order.mjs:61:8 {
  generatedMessage: false,
  code: 'ERR_ASSERTION',
  actual: 39,
  expected: 0,
  operator: 'strictEqual',
  diff: 'simple'
}

Node.js v24.20.0
