    Finished `test` profile [unoptimized + debuginfo] target(s) in 0.03s
     Running tests/bug_hunt_stylesheet_graph.rs (target/debug/deps/bug_hunt_stylesheet_graph-ec0f3a8ccaf676cd)
{"browser":"chromium","id":"external-first","media":"screen","original":"rgb(255, 0, 0)","graph":"rgb(255, 0, 0)","expected":"rgb(255, 0, 0)","result":"PASS"}
{"browser":"chromium","id":"external-first","media":"print","original":"rgb(255, 0, 0)","graph":"rgb(255, 0, 0)","expected":"rgb(255, 0, 0)","result":"PASS"}
{"browser":"chromium","id":"external-last","media":"screen","original":"rgb(0, 0, 255)","graph":"rgb(0, 0, 255)","expected":"rgb(0, 0, 255)","result":"PASS"}
{"browser":"chromium","id":"external-last","media":"print","original":"rgb(0, 0, 255)","graph":"rgb(0, 0, 255)","expected":"rgb(0, 0, 255)","result":"PASS"}
{"browser":"chromium","id":"same-layer","media":"screen","original":"rgb(0, 0, 255)","graph":"rgb(0, 0, 255)","expected":"rgb(0, 0, 255)","result":"PASS"}
{"browser":"chromium","id":"same-layer","media":"print","original":"rgb(0, 0, 255)","graph":"rgb(0, 0, 255)","expected":"rgb(0, 0, 255)","result":"PASS"}
{"browser":"chromium","id":"different-layers","media":"screen","original":"rgb(0, 0, 255)","graph":"rgb(0, 0, 255)","expected":"rgb(0, 0, 255)","result":"PASS"}
{"browser":"chromium","id":"different-layers","media":"print","original":"rgb(0, 0, 255)","graph":"rgb(0, 0, 255)","expected":"rgb(0, 0, 255)","result":"PASS"}
{"browser":"chromium","id":"predeclared-layers","media":"screen","original":"rgb(0, 0, 255)","graph":"rgb(0, 0, 255)","expected":"rgb(0, 0, 255)","result":"PASS"}
{"browser":"chromium","id":"predeclared-layers","media":"print","original":"rgb(0, 0, 255)","graph":"rgb(0, 0, 255)","expected":"rgb(0, 0, 255)","result":"PASS"}
{"browser":"chromium","id":"conditional-local","media":"screen","original":"rgb(0, 0, 255)","graph":"rgb(0, 0, 255)","expected":"rgb(0, 0, 255)","result":"PASS"}
{"browser":"chromium","id":"conditional-local","media":"print","original":"rgb(0, 0, 255)","graph":"rgb(0, 0, 255)","expected":"rgb(0, 0, 255)","result":"PASS"}
{"browser":"chromium","id":"nested-plain","media":"screen","original":"rgb(255, 0, 0)","graph":"rgb(255, 0, 0)","expected":"rgb(255, 0, 0)","result":"PASS"}
{"browser":"chromium","id":"nested-plain","media":"print","original":"rgb(255, 0, 0)","graph":"rgb(255, 0, 0)","expected":"rgb(255, 0, 0)","result":"PASS"}
{"browser":"chromium","id":"nested-named","media":"screen","original":"rgb(255, 0, 0)","graph":"rgb(255, 0, 0)","expected":"rgb(255, 0, 0)","result":"PASS"}
{"browser":"chromium","id":"nested-named","media":"print","original":"rgb(255, 0, 0)","graph":"rgb(255, 0, 0)","expected":"rgb(255, 0, 0)","result":"PASS"}
{"browser":"chromium","id":"nested-anonymous","media":"screen","original":"rgb(255, 0, 0)","graph":"rgb(255, 0, 0)","expected":"rgb(255, 0, 0)","result":"PASS"}
{"browser":"chromium","id":"nested-anonymous","media":"print","original":"rgb(255, 0, 0)","graph":"rgb(255, 0, 0)","expected":"rgb(255, 0, 0)","result":"PASS"}
{"browser":"chromium","id":"nested-supports-media","media":"screen","original":"rgb(255, 0, 0)","graph":"rgb(255, 0, 0)","expected":"rgb(255, 0, 0)","result":"PASS"}
{"browser":"chromium","id":"nested-supports-media","media":"print","original":"rgb(0, 0, 0)","graph":"rgb(0, 0, 0)","expected":"rgb(0, 0, 0)","result":"PASS"}
{"browser":"chromium","id":"external-last-important","media":"screen","original":"rgb(0, 0, 255)","graph":"rgb(0, 0, 255)","expected":"rgb(0, 0, 255)","result":"PASS"}
{"browser":"chromium","id":"external-last-important","media":"print","original":"rgb(0, 0, 255)","graph":"rgb(0, 0, 255)","expected":"rgb(0, 0, 255)","result":"PASS"}
{"browser":"chromium","id":"different-layers-important","media":"screen","original":"rgb(255, 0, 0)","graph":"rgb(255, 0, 0)","expected":"rgb(255, 0, 0)","result":"PASS"}
{"browser":"chromium","id":"different-layers-important","media":"print","original":"rgb(255, 0, 0)","graph":"rgb(255, 0, 0)","expected":"rgb(255, 0, 0)","result":"PASS"}
{"browser":"chromium","id":"nested-shared-anonymous-important","media":"screen","original":"rgb(255, 0, 0)","graph":"rgb(255, 0, 0)","expected":"rgb(255, 0, 0)","result":"PASS"}
{"browser":"chromium","id":"nested-shared-anonymous-important","media":"print","original":"rgb(255, 0, 0)","graph":"rgb(255, 0, 0)","expected":"rgb(255, 0, 0)","result":"PASS"}
{"browser":"chromium","id":"repeated-anonymous","media":"screen","original":"rgb(255, 0, 0)","graph":"rgb(255, 0, 0)","expected":"rgb(255, 0, 0)","result":"PASS"}
{"browser":"chromium","id":"repeated-anonymous","media":"print","original":"rgb(255, 0, 0)","graph":"rgb(255, 0, 0)","expected":"rgb(255, 0, 0)","result":"PASS"}
{"browser":"chromium","id":"nested-negated-media","media":"screen","original":"rgb(0, 0, 0)","graph":"rgb(0, 0, 0)","expected":"rgb(0, 0, 0)","result":"PASS"}
{"browser":"chromium","id":"nested-negated-media","media":"print","original":"rgb(0, 0, 0)","graph":"rgb(0, 0, 0)","expected":"rgb(0, 0, 0)","result":"PASS"}
{"browser":"chromium","id":"nested-media-lists","media":"screen","original":"rgb(0, 0, 255)","graph":"rgb(0, 0, 255)","expected":"rgb(0, 0, 255)","result":"PASS"}
{"browser":"chromium","id":"nested-media-lists","media":"print","original":"rgb(0, 0, 255)","graph":"rgb(0, 0, 255)","expected":"rgb(0, 0, 255)","result":"PASS"}
{"browser":"chromium","id":"false-supports-layer","media":"screen","original":"rgb(0, 0, 255)","graph":"rgb(0, 0, 255)","expected":"rgb(0, 0, 255)","result":"PASS"}
{"browser":"chromium","id":"false-supports-layer","media":"print","original":"rgb(0, 0, 255)","graph":"rgb(0, 0, 255)","expected":"rgb(0, 0, 255)","result":"PASS"}
{"browser":"chromium","id":"anonymous-before-named","media":"screen","original":"rgb(0, 0, 255)","graph":"rgb(0, 0, 255)","expected":"rgb(0, 0, 255)","result":"PASS"}
{"browser":"chromium","id":"anonymous-before-named","media":"print","original":"rgb(0, 0, 255)","graph":"rgb(0, 0, 255)","expected":"rgb(0, 0, 255)","result":"PASS"}
{"browser":"firefox","id":"external-first","media":"screen","original":"rgb(255, 0, 0)","graph":"rgb(255, 0, 0)","expected":"rgb(255, 0, 0)","result":"PASS"}
{"browser":"firefox","id":"external-first","media":"print","original":"rgb(255, 0, 0)","graph":"rgb(255, 0, 0)","expected":"rgb(255, 0, 0)","result":"PASS"}
{"browser":"firefox","id":"external-last","media":"screen","original":"rgb(0, 0, 255)","graph":"rgb(0, 0, 255)","expected":"rgb(0, 0, 255)","result":"PASS"}
{"browser":"firefox","id":"external-last","media":"print","original":"rgb(0, 0, 255)","graph":"rgb(0, 0, 255)","expected":"rgb(0, 0, 255)","result":"PASS"}
{"browser":"firefox","id":"same-layer","media":"screen","original":"rgb(0, 0, 255)","graph":"rgb(0, 0, 255)","expected":"rgb(0, 0, 255)","result":"PASS"}
{"browser":"firefox","id":"same-layer","media":"print","original":"rgb(0, 0, 255)","graph":"rgb(0, 0, 255)","expected":"rgb(0, 0, 255)","result":"PASS"}
{"browser":"firefox","id":"different-layers","media":"screen","original":"rgb(0, 0, 255)","graph":"rgb(0, 0, 255)","expected":"rgb(0, 0, 255)","result":"PASS"}
{"browser":"firefox","id":"different-layers","media":"print","original":"rgb(0, 0, 255)","graph":"rgb(0, 0, 255)","expected":"rgb(0, 0, 255)","result":"PASS"}
{"browser":"firefox","id":"predeclared-layers","media":"screen","original":"rgb(0, 0, 255)","graph":"rgb(0, 0, 255)","expected":"rgb(0, 0, 255)","result":"PASS"}
{"browser":"firefox","id":"predeclared-layers","media":"print","original":"rgb(0, 0, 255)","graph":"rgb(0, 0, 255)","expected":"rgb(0, 0, 255)","result":"PASS"}
{"browser":"firefox","id":"conditional-local","media":"screen","original":"rgb(0, 0, 255)","graph":"rgb(0, 0, 255)","expected":"rgb(0, 0, 255)","result":"PASS"}
{"browser":"firefox","id":"conditional-local","media":"print","original":"rgb(0, 0, 255)","graph":"rgb(0, 0, 255)","expected":"rgb(0, 0, 255)","result":"PASS"}
{"browser":"firefox","id":"nested-plain","media":"screen","original":"rgb(255, 0, 0)","graph":"rgb(255, 0, 0)","expected":"rgb(255, 0, 0)","result":"PASS"}
{"browser":"firefox","id":"nested-plain","media":"print","original":"rgb(255, 0, 0)","graph":"rgb(255, 0, 0)","expected":"rgb(255, 0, 0)","result":"PASS"}
{"browser":"firefox","id":"nested-named","media":"screen","original":"rgb(255, 0, 0)","graph":"rgb(255, 0, 0)","expected":"rgb(255, 0, 0)","result":"PASS"}
{"browser":"firefox","id":"nested-named","media":"print","original":"rgb(255, 0, 0)","graph":"rgb(255, 0, 0)","expected":"rgb(255, 0, 0)","result":"PASS"}
{"browser":"firefox","id":"nested-anonymous","media":"screen","original":"rgb(255, 0, 0)","graph":"rgb(255, 0, 0)","expected":"rgb(255, 0, 0)","result":"PASS"}
{"browser":"firefox","id":"nested-anonymous","media":"print","original":"rgb(255, 0, 0)","graph":"rgb(255, 0, 0)","expected":"rgb(255, 0, 0)","result":"PASS"}
{"browser":"firefox","id":"nested-supports-media","media":"screen","original":"rgb(255, 0, 0)","graph":"rgb(255, 0, 0)","expected":"rgb(255, 0, 0)","result":"PASS"}
{"browser":"firefox","id":"nested-supports-media","media":"print","original":"rgb(0, 0, 0)","graph":"rgb(0, 0, 0)","expected":"rgb(0, 0, 0)","result":"PASS"}
{"browser":"firefox","id":"external-last-important","media":"screen","original":"rgb(0, 0, 255)","graph":"rgb(0, 0, 255)","expected":"rgb(0, 0, 255)","result":"PASS"}
{"browser":"firefox","id":"external-last-important","media":"print","original":"rgb(0, 0, 255)","graph":"rgb(0, 0, 255)","expected":"rgb(0, 0, 255)","result":"PASS"}
{"browser":"firefox","id":"different-layers-important","media":"screen","original":"rgb(255, 0, 0)","graph":"rgb(255, 0, 0)","expected":"rgb(255, 0, 0)","result":"PASS"}
{"browser":"firefox","id":"different-layers-important","media":"print","original":"rgb(255, 0, 0)","graph":"rgb(255, 0, 0)","expected":"rgb(255, 0, 0)","result":"PASS"}
{"browser":"firefox","id":"nested-shared-anonymous-important","media":"screen","original":"rgb(255, 0, 0)","graph":"rgb(255, 0, 0)","expected":"rgb(255, 0, 0)","result":"PASS"}
{"browser":"firefox","id":"nested-shared-anonymous-important","media":"print","original":"rgb(255, 0, 0)","graph":"rgb(255, 0, 0)","expected":"rgb(255, 0, 0)","result":"PASS"}
{"browser":"firefox","id":"repeated-anonymous","media":"screen","original":"rgb(255, 0, 0)","graph":"rgb(255, 0, 0)","expected":"rgb(255, 0, 0)","result":"PASS"}
{"browser":"firefox","id":"repeated-anonymous","media":"print","original":"rgb(255, 0, 0)","graph":"rgb(255, 0, 0)","expected":"rgb(255, 0, 0)","result":"PASS"}
{"browser":"firefox","id":"nested-negated-media","media":"screen","original":"rgb(0, 0, 0)","graph":"rgb(0, 0, 0)","expected":"rgb(0, 0, 0)","result":"PASS"}
{"browser":"firefox","id":"nested-negated-media","media":"print","original":"rgb(0, 0, 0)","graph":"rgb(0, 0, 0)","expected":"rgb(0, 0, 0)","result":"PASS"}
{"browser":"firefox","id":"nested-media-lists","media":"screen","original":"rgb(0, 0, 255)","graph":"rgb(0, 0, 255)","expected":"rgb(0, 0, 255)","result":"PASS"}
{"browser":"firefox","id":"nested-media-lists","media":"print","original":"rgb(0, 0, 255)","graph":"rgb(0, 0, 255)","expected":"rgb(0, 0, 255)","result":"PASS"}
{"browser":"firefox","id":"false-supports-layer","media":"screen","original":"rgb(0, 0, 255)","graph":"rgb(0, 0, 255)","expected":"rgb(0, 0, 255)","result":"PASS"}
{"browser":"firefox","id":"false-supports-layer","media":"print","original":"rgb(0, 0, 255)","graph":"rgb(0, 0, 255)","expected":"rgb(0, 0, 255)","result":"PASS"}
{"browser":"firefox","id":"anonymous-before-named","media":"screen","original":"rgb(0, 0, 255)","graph":"rgb(0, 0, 255)","expected":"rgb(0, 0, 255)","result":"PASS"}
{"browser":"firefox","id":"anonymous-before-named","media":"print","original":"rgb(0, 0, 255)","graph":"rgb(0, 0, 255)","expected":"rgb(0, 0, 255)","result":"PASS"}
{"browser":"webkit","id":"external-first","media":"screen","original":"rgb(255, 0, 0)","graph":"rgb(255, 0, 0)","expected":"rgb(255, 0, 0)","result":"PASS"}
{"browser":"webkit","id":"external-first","media":"print","original":"rgb(255, 0, 0)","graph":"rgb(255, 0, 0)","expected":"rgb(255, 0, 0)","result":"PASS"}
{"browser":"webkit","id":"external-last","media":"screen","original":"rgb(0, 0, 255)","graph":"rgb(0, 0, 255)","expected":"rgb(0, 0, 255)","result":"PASS"}
{"browser":"webkit","id":"external-last","media":"print","original":"rgb(0, 0, 255)","graph":"rgb(0, 0, 255)","expected":"rgb(0, 0, 255)","result":"PASS"}
{"browser":"webkit","id":"same-layer","media":"screen","original":"rgb(0, 0, 255)","graph":"rgb(0, 0, 255)","expected":"rgb(0, 0, 255)","result":"PASS"}
{"browser":"webkit","id":"same-layer","media":"print","original":"rgb(0, 0, 255)","graph":"rgb(0, 0, 255)","expected":"rgb(0, 0, 255)","result":"PASS"}
{"browser":"webkit","id":"different-layers","media":"screen","original":"rgb(0, 0, 255)","graph":"rgb(0, 0, 255)","expected":"rgb(0, 0, 255)","result":"PASS"}
{"browser":"webkit","id":"different-layers","media":"print","original":"rgb(0, 0, 255)","graph":"rgb(0, 0, 255)","expected":"rgb(0, 0, 255)","result":"PASS"}
{"browser":"webkit","id":"predeclared-layers","media":"screen","original":"rgb(0, 0, 255)","graph":"rgb(0, 0, 255)","expected":"rgb(0, 0, 255)","result":"PASS"}
{"browser":"webkit","id":"predeclared-layers","media":"print","original":"rgb(0, 0, 255)","graph":"rgb(0, 0, 255)","expected":"rgb(0, 0, 255)","result":"PASS"}
{"browser":"webkit","id":"conditional-local","media":"screen","original":"rgb(0, 0, 255)","graph":"rgb(0, 0, 255)","expected":"rgb(0, 0, 255)","result":"PASS"}
{"browser":"webkit","id":"conditional-local","media":"print","original":"rgb(0, 0, 255)","graph":"rgb(0, 0, 255)","expected":"rgb(0, 0, 255)","result":"PASS"}
{"browser":"webkit","id":"nested-plain","media":"screen","original":"rgb(255, 0, 0)","graph":"rgb(255, 0, 0)","expected":"rgb(255, 0, 0)","result":"PASS"}
{"browser":"webkit","id":"nested-plain","media":"print","original":"rgb(255, 0, 0)","graph":"rgb(255, 0, 0)","expected":"rgb(255, 0, 0)","result":"PASS"}
{"browser":"webkit","id":"nested-named","media":"screen","original":"rgb(255, 0, 0)","graph":"rgb(255, 0, 0)","expected":"rgb(255, 0, 0)","result":"PASS"}
{"browser":"webkit","id":"nested-named","media":"print","original":"rgb(255, 0, 0)","graph":"rgb(255, 0, 0)","expected":"rgb(255, 0, 0)","result":"PASS"}
{"browser":"webkit","id":"nested-anonymous","media":"screen","original":"rgb(255, 0, 0)","graph":"rgb(255, 0, 0)","expected":"rgb(255, 0, 0)","result":"PASS"}
{"browser":"webkit","id":"nested-anonymous","media":"print","original":"rgb(255, 0, 0)","graph":"rgb(255, 0, 0)","expected":"rgb(255, 0, 0)","result":"PASS"}
{"browser":"webkit","id":"nested-supports-media","media":"screen","original":"rgb(255, 0, 0)","graph":"rgb(255, 0, 0)","expected":"rgb(255, 0, 0)","result":"PASS"}
{"browser":"webkit","id":"nested-supports-media","media":"print","original":"rgb(0, 0, 0)","graph":"rgb(0, 0, 0)","expected":"rgb(0, 0, 0)","result":"PASS"}
{"browser":"webkit","id":"external-last-important","media":"screen","original":"rgb(0, 0, 255)","graph":"rgb(0, 0, 255)","expected":"rgb(0, 0, 255)","result":"PASS"}
{"browser":"webkit","id":"external-last-important","media":"print","original":"rgb(0, 0, 255)","graph":"rgb(0, 0, 255)","expected":"rgb(0, 0, 255)","result":"PASS"}
{"browser":"webkit","id":"different-layers-important","media":"screen","original":"rgb(255, 0, 0)","graph":"rgb(255, 0, 0)","expected":"rgb(255, 0, 0)","result":"PASS"}
{"browser":"webkit","id":"different-layers-important","media":"print","original":"rgb(255, 0, 0)","graph":"rgb(255, 0, 0)","expected":"rgb(255, 0, 0)","result":"PASS"}
{"browser":"webkit","id":"nested-shared-anonymous-important","media":"screen","original":"rgb(255, 0, 0)","graph":"rgb(255, 0, 0)","expected":"rgb(255, 0, 0)","result":"PASS"}
{"browser":"webkit","id":"nested-shared-anonymous-important","media":"print","original":"rgb(255, 0, 0)","graph":"rgb(255, 0, 0)","expected":"rgb(255, 0, 0)","result":"PASS"}
{"browser":"webkit","id":"repeated-anonymous","media":"screen","original":"rgb(255, 0, 0)","graph":"rgb(255, 0, 0)","expected":"rgb(255, 0, 0)","result":"PASS"}
{"browser":"webkit","id":"repeated-anonymous","media":"print","original":"rgb(255, 0, 0)","graph":"rgb(255, 0, 0)","expected":"rgb(255, 0, 0)","result":"PASS"}
{"browser":"webkit","id":"nested-negated-media","media":"screen","original":"rgb(0, 0, 0)","graph":"rgb(0, 0, 0)","expected":"rgb(0, 0, 0)","result":"PASS"}
{"browser":"webkit","id":"nested-negated-media","media":"print","original":"rgb(0, 0, 0)","graph":"rgb(0, 0, 0)","expected":"rgb(0, 0, 0)","result":"PASS"}
{"browser":"webkit","id":"nested-media-lists","media":"screen","original":"rgb(0, 0, 255)","graph":"rgb(0, 0, 255)","expected":"rgb(0, 0, 255)","result":"PASS"}
{"browser":"webkit","id":"nested-media-lists","media":"print","original":"rgb(0, 0, 255)","graph":"rgb(0, 0, 255)","expected":"rgb(0, 0, 255)","result":"PASS"}
{"browser":"webkit","id":"false-supports-layer","media":"screen","original":"rgb(0, 0, 255)","graph":"rgb(0, 0, 255)","expected":"rgb(0, 0, 255)","result":"PASS"}
{"browser":"webkit","id":"false-supports-layer","media":"print","original":"rgb(0, 0, 255)","graph":"rgb(0, 0, 255)","expected":"rgb(0, 0, 255)","result":"PASS"}
{"browser":"webkit","id":"anonymous-before-named","media":"screen","original":"rgb(0, 0, 255)","graph":"rgb(0, 0, 255)","expected":"rgb(0, 0, 255)","result":"PASS"}
{"browser":"webkit","id":"anonymous-before-named","media":"print","original":"rgb(0, 0, 255)","graph":"rgb(0, 0, 255)","expected":"rgb(0, 0, 255)","result":"PASS"}
{"cases":18,"comparisons":108,"failures":0,"scope":"Rust graph renderer; public compiler and host delivery not yet integrated"}
