   Compiling mastercss-compiler v0.0.0 (/Users/aron/master/css/crates/mastercss-compiler)
    Finished `test` profile [unoptimized + debuginfo] target(s) in 1.28s
     Running tests/bug_hunt_compiled_stylesheet_graph.rs (target/debug/deps/bug_hunt_compiled_stylesheet_graph-792003b7d407ad9b)

running 7 tests
test native_filtering_does_not_remove_import_topology_or_manifest_definitions ... ok
test child_native_compose_resolves_managed_definitions_declared_by_parent ... ok
test generated_child_css_keeps_import_conditions_when_native_preservation_is_disabled ... ok
test repeated_imports_use_occurrence_order_for_manifest_overrides ... ok
test native_compose_keeps_its_position_before_later_native_rules ... FAILED
test manifest_and_managed_dependencies_match_concatenated_authoring_order ... ok
test compiled_browser_corpus_assets ... ok

failures:

---- native_compose_keeps_its_position_before_later_native_rules stdout ----

thread 'native_compose_keeps_its_position_before_later_native_rules' (37467974) panicked at crates/mastercss-compiler/tests/bug_hunt_compiled_stylesheet_graph.rs:152:18:
called `Option::unwrap()` on a `None` value
note: run with `RUST_BACKTRACE=1` environment variable to display a backtrace


failures:
    native_compose_keeps_its_position_before_later_native_rules

test result: FAILED. 6 passed; 1 failed; 0 ignored; 0 measured; 0 filtered out; finished in 0.02s

error: test failed, to rerun pass `-p mastercss-compiler --test bug_hunt_compiled_stylesheet_graph`
