   Compiling mastercss-compiler v0.0.0 (/Users/aron/master/css/crates/mastercss-compiler)
    Finished `test` profile [unoptimized + debuginfo] target(s) in 2.57s
     Running tests/bug_hunt_compiled_stylesheet_graph.rs (target/debug/deps/bug_hunt_compiled_stylesheet_graph-792003b7d407ad9b)

running 6 tests
test native_filtering_does_not_remove_import_topology_or_manifest_definitions ... ok
test repeated_imports_use_occurrence_order_for_manifest_overrides ... FAILED
test child_native_compose_resolves_managed_definitions_declared_by_parent ... FAILED
test generated_child_css_keeps_import_conditions_when_native_preservation_is_disabled ... FAILED
test manifest_and_managed_dependencies_match_concatenated_authoring_order ... ok
test compiled_browser_corpus_assets ... ok

failures:

---- repeated_imports_use_occurrence_order_for_manifest_overrides stdout ----

thread 'repeated_imports_use_occurrence_order_for_manifest_overrides' (37443834) panicked at crates/mastercss-compiler/tests/bug_hunt_compiled_stylesheet_graph.rs:71:57:
called `Result::unwrap()` on an `Err` value: DirectiveDiagnostic { code: InvalidComposeClass, message: "Invalid @compose class: paint", filename: "entry", range: Some(SourceRange { start: 84, end: 89 }) }
note: run with `RUST_BACKTRACE=1` environment variable to display a backtrace

---- child_native_compose_resolves_managed_definitions_declared_by_parent stdout ----

thread 'child_native_compose_resolves_managed_definitions_declared_by_parent' (37443829) panicked at crates/mastercss-compiler/tests/bug_hunt_compiled_stylesheet_graph.rs:23:57:
called `Result::unwrap()` on an `Err` value: DirectiveDiagnostic { code: InvalidComposeClass, message: "Invalid @compose class: paint", filename: "child", range: Some(SourceRange { start: 18, end: 23 }) }

---- generated_child_css_keeps_import_conditions_when_native_preservation_is_disabled stdout ----

thread 'generated_child_css_keeps_import_conditions_when_native_preservation_is_disabled' (37443831) panicked at crates/mastercss-compiler/tests/bug_hunt_compiled_stylesheet_graph.rs:113:57:
called `Result::unwrap()` on an `Err` value: DirectiveDiagnostic { code: InvalidComposeClass, message: "Invalid @compose class: paint", filename: "child", range: Some(SourceRange { start: 37, end: 42 }) }


failures:
    child_native_compose_resolves_managed_definitions_declared_by_parent
    generated_child_css_keeps_import_conditions_when_native_preservation_is_disabled
    repeated_imports_use_occurrence_order_for_manifest_overrides

test result: FAILED. 3 passed; 3 failed; 0 ignored; 0 measured; 0 filtered out; finished in 0.02s

error: test failed, to rerun pass `-p mastercss-compiler --test bug_hunt_compiled_stylesheet_graph`
