    Checking serde v1.0.229
    Checking smallvec v1.16.0
    Checking mastercss-schema v0.0.0 (/Users/aron/master/css/crates/mastercss-schema)
    Checking oxc_index v5.0.0
    Checking napi v3.12.2
    Checking serde-wasm-bindgen v0.6.5
    Checking cssparser v0.37.0
    Checking oxc_diagnostics v0.148.0
    Checking oxc_syntax v0.148.0
    Checking oxc_regular_expression v0.148.0
    Checking mastercss-lexer v0.0.0 (/Users/aron/master/css/crates/mastercss-lexer)
    Checking mastercss-diagnostics v0.0.0 (/Users/aron/master/css/crates/mastercss-diagnostics)
    Checking parcel_selectors v0.28.3
    Checking cssparser-color v0.5.0
    Checking mastercss-engine v0.0.0 (/Users/aron/master/css/crates/mastercss-engine)
    Checking oxc_ast v0.148.0
    Checking lightningcss v1.0.0-alpha.72
    Checking mastercss-render v0.0.0 (/Users/aron/master/css/crates/mastercss-render)
    Checking mastercss-language v0.0.0 (/Users/aron/master/css/crates/mastercss-language)
    Checking mastercss-lint v0.0.0 (/Users/aron/master/css/crates/mastercss-lint)
    Checking mastercss-validator v0.0.0 (/Users/aron/master/css/crates/mastercss-validator)
    Checking oxc_ecmascript v0.148.0
    Checking oxc_ast_visit v0.148.0
    Checking oxc_parser v0.148.0
    Checking mastercss-source v0.0.0 (/Users/aron/master/css/crates/mastercss-source)
    Checking mastercss-scanner v0.0.0 (/Users/aron/master/css/crates/mastercss-scanner)
    Checking mastercss-compiler v0.0.0 (/Users/aron/master/css/crates/mastercss-compiler)
    Checking mastercss-project v0.0.0 (/Users/aron/master/css/crates/mastercss-project)
    Checking mastercss-binding-wasm-compiler v0.0.0 (/Users/aron/master/css/crates/mastercss-binding-wasm-compiler)
    Checking mastercss-binding-native v0.0.0 (/Users/aron/master/css/crates/mastercss-binding-native)
    Finished `dev` profile [unoptimized + debuginfo] target(s) in 8.23s
