   Compiling mastercss-compiler v0.0.0 (/Users/aron/master/css/crates/mastercss-compiler)
    Finished `test` profile [unoptimized + debuginfo] target(s) in 0.98s
     Running tests/bug_hunt_resource_urls.rs (target/debug/deps/bug_hunt_resource_urls-e81c1b04dcd5be83)

running 4 tests
RESOURCE_PARSE "image-set(\"bad.png\" nonsense)": ParseError { kind: Basic(UnexpectedToken(Ident("nonsense"))), location
thread 'resources_use_css_url_and_image_set_grammar_including_authoring_bodies' (37568337) panicked at crates/mastercss-compiler/tests/bug_hunt_resource_urls.rs:13:5:
assertion `left == right` failed
  left: ["image.png?q=1#part", "font.woff2"]
 right: ["image.png?q=1#part", "small.png", "big.png", "font.woff2", "retina.png"]
note: run with `RUST_BACKTRACE=1` environment variable to display a backtrace
: SourceLocation { line: 0, column: 20 } }
test opaque_url_payloads_and_invalid_values_do_not_create_nested_resources ... ok
test resources_use_css_url_and_image_set_grammar_including_authoring_bodies ... FAILED
test relocation_requires_complete_independent_mappings_and_preserves_local_fragments ... ok

thread 'source_owner_is_retained_when_managed_definition_is_composed_in_another_file' (37568338) panicked at crates/mastercss-compiler/tests/bug_hunt_resource_urls.rs:66:5:
assertion failed: result.stylesheets[1].css.contains("/original/child/small.png")
test source_owner_is_retained_when_managed_definition_is_composed_in_another_file ... FAILED

failures:

failures:
    resources_use_css_url_and_image_set_grammar_including_authoring_bodies
    source_owner_is_retained_when_managed_definition_is_composed_in_another_file

test result: FAILED. 2 passed; 2 failed; 0 ignored; 0 measured; 0 filtered out; finished in 0.01s

error: test failed, to rerun pass `-p mastercss-compiler --test bug_hunt_resource_urls`
