$ tsdown --config ../../shared/tsdown-package.config.ts
ℹ tsdown v0.23.0 powered by rolldown v1.2.7
ℹ config file: /Users/aron/master/css/shared/tsdown-package.config.ts 
ℹ entry: src/index.ts, src/browser.ts, src/engine-binding.ts, src/engine-binding-browser.ts, src/engine-binding-node.ts, src/compiler-binding.ts, src/compiler-binding-browser.ts, src/compiler-binding-node.ts, src/tooling-binding.ts, src/tooling-binding-browser.ts, src/tooling-binding-node.ts
ℹ target: node24.0.0
ℹ tsconfig: tsconfig.prod.json
ℹ Build start
ℹ Cleaning 39 files
TypeScript 7.0 does not yet have a stable API and is experimental. Some options will be unavailable.
ℹ dist/compiler-binding.js            1.99 kB │ gzip: 0.70 kB
ℹ dist/engine-binding.js              1.80 kB │ gzip: 0.49 kB
ℹ dist/compiler-binding-browser.js    1.56 kB │ gzip: 0.52 kB
ℹ dist/engine-binding-browser.js      1.38 kB │ gzip: 0.49 kB
ℹ dist/tooling-binding.js             1.32 kB │ gzip: 0.47 kB
ℹ dist/tooling-binding-browser.js     1.08 kB │ gzip: 0.44 kB
ℹ dist/engine-binding-node.js         0.97 kB │ gzip: 0.33 kB
ℹ dist/compiler-binding-node.js       0.72 kB │ gzip: 0.35 kB
ℹ dist/tooling-binding-node.js        0.41 kB │ gzip: 0.23 kB
ℹ dist/browser.js                     0.39 kB │ gzip: 0.17 kB
ℹ dist/index.js                       0.39 kB │ gzip: 0.17 kB
ℹ dist/tooling.js                     6.92 kB │ gzip: 1.40 kB
ℹ dist/tooling-binding-wasm.js        6.91 kB │ gzip: 1.38 kB
ℹ dist/native-loader.js               5.05 kB │ gzip: 1.70 kB
ℹ dist/compiler.js                    3.51 kB │ gzip: 1.00 kB
ℹ dist/compiler-binding-adapter.js    3.51 kB │ gzip: 0.98 kB
ℹ dist/compiler-binding-wasm.js       3.05 kB │ gzip: 0.90 kB
ℹ dist/engine.js                      3.04 kB │ gzip: 0.86 kB
ℹ dist/normalize-error.js             2.69 kB │ gzip: 0.93 kB
ℹ dist/tooling-binding-native.js      2.67 kB │ gzip: 0.59 kB
ℹ dist/engine-binding-wasm.js         2.60 kB │ gzip: 0.77 kB
ℹ dist/engine-binding-adapter.js      2.18 kB │ gzip: 0.66 kB
ℹ dist/binding.js                     1.61 kB │ gzip: 0.67 kB
ℹ dist/tooling-binding-adapter.js     1.00 kB │ gzip: 0.47 kB
ℹ dist/protocol.js                    0.84 kB │ gzip: 0.24 kB
ℹ dist/binding-options.js             0.60 kB │ gzip: 0.36 kB
ℹ dist/errors.js                      0.25 kB │ gzip: 0.17 kB
ℹ dist/version.js                     0.12 kB │ gzip: 0.11 kB
ℹ dist/compiler-binding-browser.d.ts  3.00 kB │ gzip: 0.62 kB
ℹ dist/compiler-binding.d.ts          2.99 kB │ gzip: 0.62 kB
ℹ dist/tooling-binding-browser.d.ts   2.76 kB │ gzip: 0.62 kB
ℹ dist/tooling-binding.d.ts           2.75 kB │ gzip: 0.62 kB
ℹ dist/engine-binding.d.ts            2.45 kB │ gzip: 0.61 kB
ℹ dist/compiler-binding-node.d.ts     2.06 kB │ gzip: 0.51 kB
ℹ dist/engine-binding-node.d.ts       1.10 kB │ gzip: 0.26 kB
ℹ dist/tooling-binding-node.d.ts      1.05 kB │ gzip: 0.29 kB
ℹ dist/index.d.ts                     0.96 kB │ gzip: 0.28 kB
ℹ dist/engine-binding-browser.d.ts    0.93 kB │ gzip: 0.26 kB
ℹ dist/browser.d.ts                   0.71 kB │ gzip: 0.24 kB
ℹ 39 files, total: 79.37 kB
✔ Build complete in 102ms
$ tsdown --config ../../shared/tsdown-package.config.ts
ℹ tsdown v0.23.0 powered by rolldown v1.2.7
ℹ config file: /Users/aron/master/css/shared/tsdown-package.config.ts 
ℹ entry: src/compiler-diagnostics.ts, src/compiler.ts, src/contracts.ts, src/index.ts, src/node-compiler.ts, src/node.ts, src/session.ts, src/diagnostics/contracts.ts, src/diagnostics/index.ts, src/project/binding-project.ts, src/project/entries.ts, src/project/manifest-sync.ts, src/project/manifest.ts, src/project/options.ts, src/stylesheet/browser.ts, src/stylesheet/directives.ts, src/stylesheet/index-public.ts, src/stylesheet/index.ts, src/stylesheet/public.ts, src/stylesheet/render-core.ts, src/stylesheet/render.ts, src/stylesheet/types.ts
ℹ target: node24.0.0
ℹ tsconfig: tsconfig.prod.json
ℹ Build start
ℹ Cleaning 47 files
TypeScript 7.0 does not yet have a stable API and is experimental. Some options will be unavailable.
ℹ dist/stylesheet/index.js           20.91 kB │ gzip: 4.63 kB
ℹ dist/node-compiler.js              19.23 kB │ gzip: 4.51 kB
ℹ dist/diagnostics/index.js           7.52 kB │ gzip: 2.30 kB
ℹ dist/stylesheet/public.js           7.37 kB │ gzip: 1.66 kB
ℹ dist/project/entries.js             6.31 kB │ gzip: 1.66 kB
ℹ dist/compiler.js                    5.81 kB │ gzip: 1.60 kB
ℹ dist/stylesheet/directives.js       3.70 kB │ gzip: 1.01 kB
ℹ dist/session.js                     2.40 kB │ gzip: 0.78 kB
ℹ dist/stylesheet/browser.js          2.13 kB │ gzip: 0.74 kB
ℹ dist/project/manifest.js            1.89 kB │ gzip: 0.70 kB
ℹ dist/project/manifest-sync.js       1.66 kB │ gzip: 0.65 kB
ℹ dist/project/binding-project.js     1.56 kB │ gzip: 0.60 kB
ℹ dist/node.js                        1.37 kB │ gzip: 0.41 kB
ℹ dist/stylesheet/render-core.js      1.11 kB │ gzip: 0.49 kB
ℹ dist/stylesheet/render.js           1.03 kB │ gzip: 0.41 kB
ℹ dist/index.js                       0.98 kB │ gzip: 0.32 kB
ℹ dist/compiler-diagnostics.js        0.51 kB │ gzip: 0.20 kB
ℹ dist/stylesheet/index-public.js     0.51 kB │ gzip: 0.17 kB
ℹ dist/contracts.js                   0.21 kB │ gzip: 0.16 kB
ℹ dist/diagnostics/contracts.js       0.01 kB │ gzip: 0.03 kB
ℹ dist/project/options.js             0.01 kB │ gzip: 0.03 kB
ℹ dist/stylesheet/types.js            0.01 kB │ gzip: 0.03 kB
ℹ dist/stylesheet/index.d.ts          6.62 kB │ gzip: 1.19 kB
ℹ dist/stylesheet/public.d.ts         5.99 kB │ gzip: 1.19 kB
ℹ dist/node-compiler.d.ts             5.70 kB │ gzip: 1.26 kB
ℹ dist/diagnostics/contracts.d.ts     3.96 kB │ gzip: 0.89 kB
ℹ dist/index.d.ts                     3.79 kB │ gzip: 1.06 kB
ℹ dist/stylesheet/types.d.ts          3.51 kB │ gzip: 0.97 kB
ℹ dist/compiler.d.ts                  2.13 kB │ gzip: 0.61 kB
ℹ dist/stylesheet/directives.d.ts     2.13 kB │ gzip: 0.57 kB
ℹ dist/node.d.ts                      2.05 kB │ gzip: 0.46 kB
ℹ dist/session.d.ts                   1.96 kB │ gzip: 0.57 kB
ℹ dist/stylesheet/render-core.d.ts    1.92 kB │ gzip: 0.59 kB
ℹ dist/diagnostics/index.d.ts         1.67 kB │ gzip: 0.54 kB
ℹ dist/stylesheet/index-public.d.ts   1.51 kB │ gzip: 0.30 kB
ℹ dist/stylesheet/browser.d.ts        1.44 kB │ gzip: 0.51 kB
ℹ dist/project/entries.d.ts           1.40 kB │ gzip: 0.39 kB
ℹ dist/project/manifest-sync.d.ts     1.07 kB │ gzip: 0.31 kB
ℹ dist/project/manifest.d.ts          1.02 kB │ gzip: 0.29 kB
ℹ dist/contracts.d.ts                 1.00 kB │ gzip: 0.42 kB
ℹ dist/project/options.d.ts           0.98 kB │ gzip: 0.32 kB
ℹ dist/project/binding-project.d.ts   0.93 kB │ gzip: 0.38 kB
ℹ dist/compiler-diagnostics.d.ts      0.78 kB │ gzip: 0.25 kB
ℹ dist/stylesheet/render.d.ts         0.53 kB │ gzip: 0.19 kB
ℹ 44 files, total: 138.31 kB
✔ Build complete in 130ms
