   Compiling mastercss-compiler v0.0.0 (/Users/aron/master/css/crates/mastercss-compiler)
    Finished `test` profile [unoptimized + debuginfo] target(s) in 1.31s
     Running unittests src/lib.rs (target/debug/deps/mastercss_compiler-1ddd0671dbdc1944)

running 26 tests
test tests::can_skip_native_css_printing ... ok
test manifest::tests::compiles_variant_nodes ... ok
test lower::tests::orders_unconditioned_native_styles_before_matching_responsive_styles ... ok
test lower::tests::keeps_source_order_for_non_numeric_conditions_and_distinct_targets ... ok
test lower::tests::normalizes_root_size_when_ordering_numeric_conditions ... ok
test manifest::tests::ignores_placeholders_and_dependencies_inside_quoted_values ... ok
test manifest::tests::compiles_variables_conditions_and_utilities ... ok
test lower::tests::orders_matching_managed_utility_rules_without_moving_layers ... ok
test tests::owns_compose_syntax_diagnostic_codes_and_utf16_ranges ... ok
test tests::recognizes_only_explicit_project_entry_markers ... ok
test tests::rejects_invalid_theme_modifier_combinations ... ok
test tests::rejects_provider_import_cycles_deterministically ... ok
test tests::resolves_import_graphs_through_a_provider_without_filesystem_ownership ... ok
test tests::lowers_numeric_leading_variant_names ... ok
test lower::tests::orders_unconditioned_compositions_before_matching_responsive_compositions ... ok
test tests::lowers_theme_modifiers_and_replaces_duplicate_mode_tokens_in_order ... ok
test tests::lowers_settings_into_the_canonical_manifest_input ... ok
test lower::tests::rejects_invalid_native_declarations_in_compose ... ok
test tests::normalizes_theme_alpha_aliases_and_unquoted_pipes ... ok
test tests::lowers_static_managed_definitions_with_utf16_source_ranges ... ok
test tests::lowers_static_theme_keyframes_outside_layers ... ok
test tests::lowers_native_compose_and_variant_styles ... ok
test tests::filters_native_selectors_without_losing_discovered_classes ... ok
test tests::lowers_theme_tokens_and_preserves_native_css ... ok
test tests::compiles_native_css_and_removes_entry_directive ... ok
test lower::tests::accepts_valid_unparsed_native_declarations_in_compose ... ok

test result: ok. 26 passed; 0 failed; 0 ignored; 0 measured; 0 filtered out; finished in 0.01s

     Running tests/bug_hunt_compiled_stylesheet_graph.rs (target/debug/deps/bug_hunt_compiled_stylesheet_graph-792003b7d407ad9b)

running 8 tests
test native_filtering_does_not_remove_import_topology_or_manifest_definitions ... ok
test child_native_compose_resolves_managed_definitions_declared_by_parent ... ok
test repeated_imports_use_occurrence_order_for_manifest_overrides ... ok
test authored_unknown_at_rules_cannot_collide_with_private_compose_slots ... ok
test generated_child_css_keeps_import_conditions_when_native_preservation_is_disabled ... ok
test native_compose_keeps_its_position_before_later_native_rules ... ok
test manifest_and_managed_dependencies_match_concatenated_authoring_order ... ok
test compiled_browser_corpus_assets ... ok

test result: ok. 8 passed; 0 failed; 0 ignored; 0 measured; 0 filtered out; finished in 0.01s

     Running tests/bug_hunt_import_qualifiers.rs (target/debug/deps/bug_hunt_import_qualifiers-21c5d6902041d113)

running 8 tests
test bh_0004_external_import_keeps_its_authored_qualifiers ... ok
test bh_0004_import_media_is_preserved_when_expanding ... ok
test bh_0004_unresolved_nested_import_is_an_explicit_limit_not_invalid_nested_css ... ok
test bh_0004_import_layer_is_preserved_when_expanding ... ok
test bh_0004_combined_conditions_wrap_layer_instead_of_declaring_it_unconditionally ... ok
test bh_0004_import_supports_is_preserved_when_expanding ... ok
test bh_0004_nested_local_imports_preserve_each_condition_and_layer_scope ... ok
test bh_0004_anonymous_layers_remain_distinct_and_unqualified_css_stays_bare ... ok

test result: ok. 8 passed; 0 failed; 0 ignored; 0 measured; 0 filtered out; finished in 0.00s

     Running tests/bug_hunt_resource_urls.rs (target/debug/deps/bug_hunt_resource_urls-e81c1b04dcd5be83)

running 4 tests
test opaque_url_payloads_and_invalid_values_do_not_create_nested_resources ... ok
test resources_use_css_url_and_image_set_grammar_including_authoring_bodies ... ok
test relocation_requires_complete_independent_mappings_and_preserves_local_fragments ... ok
test source_owner_is_retained_when_managed_definition_is_composed_in_another_file ... ok

test result: ok. 4 passed; 0 failed; 0 ignored; 0 measured; 0 filtered out; finished in 0.00s

     Running tests/bug_hunt_stylesheet_graph.rs (target/debug/deps/bug_hunt_stylesheet_graph-ec0f3a8ccaf676cd)

running 8 tests
test preserves_duplicate_edges_and_loads_diamond_nodes_once ... ok
test references_are_reported_with_original_filename_and_removed_before_ranges ... ok
test renderer_rejects_missing_targets_urls_and_stale_ranges ... ok
test provider_failures_and_cycles_retain_actionable_paths ... ok
test decoded_imports_keep_utf16_ranges_and_opaque_text ... ok
test renderer_preserves_external_bytes_and_escapes_host_urls ... ok
test browser_corpus_assets ... ok
test deep_graph_does_not_recurse_on_the_rust_call_stack ... ok

test result: ok. 8 passed; 0 failed; 0 ignored; 0 measured; 0 filtered out; finished in 0.01s

   Doc-tests mastercss_compiler

running 0 tests

test result: ok. 0 passed; 0 failed; 0 ignored; 0 measured; 0 filtered out; finished in 0.00s

