{"browser":"chromium","id":"uppercase","media":"screen","reference":"rgb(0, 0, 0)","compiled":"rgb(0, 0, 0)","result":"PASS"}
{"browser":"chromium","id":"uppercase","media":"print","reference":"rgb(255, 0, 0)","compiled":"rgb(255, 0, 0)","result":"PASS"}
{"browser":"chromium","id":"escaped","media":"screen","reference":"rgb(255, 0, 0)","compiled":"rgb(255, 0, 0)","result":"PASS"}
{"browser":"chromium","id":"escaped","media":"print","reference":"rgb(0, 0, 0)","compiled":"rgb(0, 0, 0)","result":"PASS"}
{"browser":"chromium","id":"encoded-path-query","media":"screen","reference":"rgb(255, 0, 0)","compiled":"rgb(255, 0, 0)","result":"PASS"}
{"browser":"chromium","id":"encoded-path-query","media":"print","reference":"rgb(255, 0, 0)","compiled":"rgb(255, 0, 0)","result":"PASS"}
{"browser":"chromium","id":"encoded-extension","media":"screen","reference":"rgb(255, 0, 0)","compiled":"rgb(255, 0, 0)","result":"PASS"}
{"browser":"chromium","id":"encoded-extension","media":"print","reference":"rgb(255, 0, 0)","compiled":"rgb(255, 0, 0)","result":"PASS"}
{"browser":"chromium","id":"reference-query","media":"screen","reference":"rgb(255, 0, 0)","compiled":"rgb(255, 0, 0)","result":"PASS"}
{"browser":"chromium","id":"reference-query","media":"print","reference":"rgb(255, 0, 0)","compiled":"rgb(255, 0, 0)","result":"PASS"}
{"browser":"firefox","id":"uppercase","media":"screen","reference":"rgb(0, 0, 0)","compiled":"rgb(0, 0, 0)","result":"PASS"}
{"browser":"firefox","id":"uppercase","media":"print","reference":"rgb(255, 0, 0)","compiled":"rgb(255, 0, 0)","result":"PASS"}
{"browser":"firefox","id":"escaped","media":"screen","reference":"rgb(255, 0, 0)","compiled":"rgb(255, 0, 0)","result":"PASS"}
{"browser":"firefox","id":"escaped","media":"print","reference":"rgb(0, 0, 0)","compiled":"rgb(0, 0, 0)","result":"PASS"}
{"browser":"firefox","id":"encoded-path-query","media":"screen","reference":"rgb(255, 0, 0)","compiled":"rgb(255, 0, 0)","result":"PASS"}
{"browser":"firefox","id":"encoded-path-query","media":"print","reference":"rgb(255, 0, 0)","compiled":"rgb(255, 0, 0)","result":"PASS"}
{"browser":"firefox","id":"encoded-extension","media":"screen","reference":"rgb(255, 0, 0)","compiled":"rgb(255, 0, 0)","result":"PASS"}
{"browser":"firefox","id":"encoded-extension","media":"print","reference":"rgb(255, 0, 0)","compiled":"rgb(255, 0, 0)","result":"PASS"}
{"browser":"firefox","id":"reference-query","media":"screen","reference":"rgb(255, 0, 0)","compiled":"rgb(255, 0, 0)","result":"PASS"}
{"browser":"firefox","id":"reference-query","media":"print","reference":"rgb(255, 0, 0)","compiled":"rgb(255, 0, 0)","result":"PASS"}
{"browser":"webkit","id":"uppercase","media":"screen","reference":"rgb(0, 0, 0)","compiled":"rgb(0, 0, 0)","result":"PASS"}
{"browser":"webkit","id":"uppercase","media":"print","reference":"rgb(255, 0, 0)","compiled":"rgb(255, 0, 0)","result":"PASS"}
{"browser":"webkit","id":"escaped","media":"screen","reference":"rgb(255, 0, 0)","compiled":"rgb(255, 0, 0)","result":"PASS"}
{"browser":"webkit","id":"escaped","media":"print","reference":"rgb(0, 0, 0)","compiled":"rgb(0, 0, 0)","result":"PASS"}
{"browser":"webkit","id":"encoded-path-query","media":"screen","reference":"rgb(255, 0, 0)","compiled":"rgb(255, 0, 0)","result":"PASS"}
{"browser":"webkit","id":"encoded-path-query","media":"print","reference":"rgb(255, 0, 0)","compiled":"rgb(255, 0, 0)","result":"PASS"}
{"browser":"webkit","id":"encoded-extension","media":"screen","reference":"rgb(255, 0, 0)","compiled":"rgb(255, 0, 0)","result":"PASS"}
{"browser":"webkit","id":"encoded-extension","media":"print","reference":"rgb(255, 0, 0)","compiled":"rgb(255, 0, 0)","result":"PASS"}
{"browser":"webkit","id":"reference-query","media":"screen","reference":"rgb(255, 0, 0)","compiled":"rgb(255, 0, 0)","result":"PASS"}
{"browser":"webkit","id":"reference-query","media":"print","reference":"rgb(255, 0, 0)","compiled":"rgb(255, 0, 0)","result":"PASS"}
{"cases":5,"comparisons":30,"failures":0,"scope":"Existing compileManifestFileSync; full stylesheet asset delivery still unfinished"}
