node:fs:484
    return binding.readFileUtf8(path, stringToFlags(options.flag));
                   ^

Error: ENOENT: no such file or directory, open '/var/folders/_b/768dhtz56ns54x1r867j67280000gn/T/master-css-0116-browser-K60Rv7/child '
    at readFileSync (node:fs:484:20)
    at compileCSSManifestFileInternal (/Users/aron/master/css/packages/compiler/src/node-compiler.ts:720:17)
    at resolveCSSReferenceContext (/Users/aron/master/css/packages/compiler/src/node-compiler.ts:630:20)
    at toCompileCSSManifestResult (/Users/aron/master/css/packages/compiler/src/node-compiler.ts:654:28)
    at compileCSSManifestFileInternal (/Users/aron/master/css/packages/compiler/src/node-compiler.ts:717:10)
    at compileCSSManifestFile (/Users/aron/master/css/packages/compiler/src/node-compiler.ts:726:10)
    at compileManifestFileSync (/Users/aron/master/css/packages/compiler/src/node.ts:71:5)
    at file:///Users/aron/master/css/.ai/audits/bug-hunt/repros/node-import-discovery-browser.mjs:23:20
    at ModuleJob.run (node:internal/modules/esm/module_job:561:25)
    at async node:internal/modules/esm/loader:647:26 {
  errno: -2,
  code: 'ENOENT',
  syscall: 'open',
  path: '/var/folders/_b/768dhtz56ns54x1r867j67280000gn/T/master-css-0116-browser-K60Rv7/child '
}

Node.js v24.20.0
