(!) Your Vite config uses features that are unsupported by `configLoader: 'native'`, which is planned to become the default in a future major version of Vite:
  - import "../../shared/vitest.config" without a file extension (vitest.config.ts:3:20). Add the file extension
  - import "./vitest-ci-config" without a file extension (../../shared/vitest.config.ts:2:58). Add the file extension
Set `VITE_CONFIG_NATIVE_IGNORE_WARNING=true` to suppress this warning.

 RUN  v5.0.0 /Users/aron/master/css/packages/compiler

 ❯ tests/bug-hunt-node-import-discovery.test.ts (9 tests | 2 failed) 50ms
   × BH-0004 actual file compiler: bare relative filename 7ms
   × BH-0004 actual file compiler: bare encoded filename 2ms

⎯⎯⎯⎯⎯⎯⎯ Failed Tests 2 ⎯⎯⎯⎯⎯⎯⎯

 FAIL  tests/bug-hunt-node-import-discovery.test.ts > BH-0004 actual file compiler: bare relative filename
AssertionError: expected [ Array(1) ] to deeply equal [ …(2) ]

- Expected
+ Received

  [
    "/var/folders/_b/768dhtz56ns54x1r867j67280000gn/T/master-css-0116-orqOxC/entry #.css",
-   "/var/folders/_b/768dhtz56ns54x1r867j67280000gn/T/master-css-0116-orqOxC/child.css",
  ]

 ❯ tests/bug-hunt-node-import-discovery.test.ts:24:35
     22|       writeFileSync(child, '.example{color:red}')
     23|       const result = compileManifestFileSync(entry, { baseManifest: { …
     24|       expect(result.dependencies).toEqual([entry, child])
       |                                   ^
     25|       expect(result.css).toMatch(/color:\s*red/)
     26|       expect(result.css).not.toMatch(/@import/i)

⎯⎯⎯⎯⎯⎯⎯⎯⎯⎯⎯⎯⎯⎯⎯⎯⎯⎯⎯⎯⎯⎯⎯⎯[1/2]⎯

 FAIL  tests/bug-hunt-node-import-discovery.test.ts > BH-0004 actual file compiler: bare encoded filename
AssertionError: expected [ Array(1) ] to deeply equal [ …(2) ]

- Expected
+ Received

  [
    "/var/folders/_b/768dhtz56ns54x1r867j67280000gn/T/master-css-0116-ovGCFr/entry #.css",
-   "/var/folders/_b/768dhtz56ns54x1r867j67280000gn/T/master-css-0116-ovGCFr/child #.css",
  ]

 ❯ tests/bug-hunt-node-import-discovery.test.ts:24:35
     22|       writeFileSync(child, '.example{color:red}')
     23|       const result = compileManifestFileSync(entry, { baseManifest: { …
     24|       expect(result.dependencies).toEqual([entry, child])
       |                                   ^
     25|       expect(result.css).toMatch(/color:\s*red/)
     26|       expect(result.css).not.toMatch(/@import/i)

⎯⎯⎯⎯⎯⎯⎯⎯⎯⎯⎯⎯⎯⎯⎯⎯⎯⎯⎯⎯⎯⎯⎯⎯[2/2]⎯


 Test Files  1 failed (1)
      Tests  2 failed | 7 passed (9)
   Start at  11:23:24
   Duration  326ms (transform 56%, import 25%, tests 19%, worker 1%)

Error: ERR_PNPM_RECURSIVE_EXEC_FIRST_FAIL

  × "pnpm recursive exec" failed in /Users/aron/master/css/packages/compiler

