(!) Your Vite config uses features that are unsupported by `configLoader: 'native'`, which is planned to become the default in a future major version of Vite:
  - import "../../shared/vitest.config" without a file extension (vitest.config.ts:3:20). Add the file extension
  - import "./vitest-ci-config" without a file extension (../../shared/vitest.config.ts:2:58). Add the file extension
Set `VITE_CONFIG_NATIVE_IGNORE_WARNING=true` to suppress this warning.

 RUN  v5.0.0 /Users/aron/master/css/packages/compiler

 ❯ tests/bug-hunt-node-import-discovery.test.ts (6 tests | 6 failed) 43ms
   × BH-0004 actual file compiler: uppercase import 7ms
   × BH-0004 actual file compiler: escaped import and filename 2ms
   × BH-0004 actual file compiler: URL pathname and request suffix 2ms
   × BH-0004 native: dependency analysis and flat graph use identical decoded specifiers 1ms
   × BH-0004 wasm: dependency analysis and flat graph use identical decoded specifiers 28ms
   × BH-0004 actual referenced CSS with encoded filename and query keeps context-only definitions 3ms

⎯⎯⎯⎯⎯⎯⎯ Failed Tests 6 ⎯⎯⎯⎯⎯⎯⎯

 FAIL  tests/bug-hunt-node-import-discovery.test.ts > BH-0004 actual file compiler: uppercase import
AssertionError: expected [ Array(1) ] to deeply equal [ …(2) ]

- Expected
+ Received

  [
    "/var/folders/_b/768dhtz56ns54x1r867j67280000gn/T/master-css-0116-HRyato/entry.css",
-   "/var/folders/_b/768dhtz56ns54x1r867j67280000gn/T/master-css-0116-HRyato/child.css",
  ]

 ❯ tests/bug-hunt-node-import-discovery.test.ts:21:35
     19|       writeFileSync(child, '.example{color:red}')
     20|       const result = compileManifestFileSync(entry, { baseManifest: { …
     21|       expect(result.dependencies).toEqual([entry, child])
       |                                   ^
     22|       expect(result.css).toMatch(/color:\s*red/)
     23|       expect(result.css).not.toMatch(/@import/i)

⎯⎯⎯⎯⎯⎯⎯⎯⎯⎯⎯⎯⎯⎯⎯⎯⎯⎯⎯⎯⎯⎯⎯⎯[1/6]⎯

 FAIL  tests/bug-hunt-node-import-discovery.test.ts > BH-0004 actual file compiler: escaped import and filename
AssertionError: expected [ Array(1) ] to deeply equal [ …(2) ]

- Expected
+ Received

  [
    "/var/folders/_b/768dhtz56ns54x1r867j67280000gn/T/master-css-0116-QNAeb9/entry.css",
-   "/var/folders/_b/768dhtz56ns54x1r867j67280000gn/T/master-css-0116-QNAeb9/child.css",
  ]

 ❯ tests/bug-hunt-node-import-discovery.test.ts:21:35
     19|       writeFileSync(child, '.example{color:red}')
     20|       const result = compileManifestFileSync(entry, { baseManifest: { …
     21|       expect(result.dependencies).toEqual([entry, child])
       |                                   ^
     22|       expect(result.css).toMatch(/color:\s*red/)
     23|       expect(result.css).not.toMatch(/@import/i)

⎯⎯⎯⎯⎯⎯⎯⎯⎯⎯⎯⎯⎯⎯⎯⎯⎯⎯⎯⎯⎯⎯⎯⎯[2/6]⎯

 FAIL  tests/bug-hunt-node-import-discovery.test.ts > BH-0004 actual file compiler: URL pathname and request suffix
AssertionError: expected [ Array(1) ] to deeply equal [ …(2) ]

- Expected
+ Received

  [
    "/var/folders/_b/768dhtz56ns54x1r867j67280000gn/T/master-css-0116-5sAt6i/entry.css",
-   "/var/folders/_b/768dhtz56ns54x1r867j67280000gn/T/master-css-0116-5sAt6i/child #.css",
  ]

 ❯ tests/bug-hunt-node-import-discovery.test.ts:21:35
     19|       writeFileSync(child, '.example{color:red}')
     20|       const result = compileManifestFileSync(entry, { baseManifest: { …
     21|       expect(result.dependencies).toEqual([entry, child])
       |                                   ^
     22|       expect(result.css).toMatch(/color:\s*red/)
     23|       expect(result.css).not.toMatch(/@import/i)

⎯⎯⎯⎯⎯⎯⎯⎯⎯⎯⎯⎯⎯⎯⎯⎯⎯⎯⎯⎯⎯⎯⎯⎯[3/6]⎯

 FAIL  tests/bug-hunt-node-import-discovery.test.ts > BH-0004 native: dependency analysis and flat graph use identical decoded specifiers
AssertionError: expected [] to deeply equal [ './child.css' ]

- Expected
+ Received

- [
-   "./child.css",
- ]
+ []

 ❯ tests/bug-hunt-node-import-discovery.test.ts:34:57
     32|       const source = '/*😀*/@\\69mport u\\72l("./ch\\69ld.css") layer(…
     33|       const analysis = session.analyzeCSSDependencies(source)
     34|       expect(analysis.imports.map(item => item.source)).toEqual(['./ch…
       |                                                         ^
     35|       const item = analysis.imports[0]!
     36|       expect(analysis.sourceWithoutReferences.slice(item.start, item.e…

⎯⎯⎯⎯⎯⎯⎯⎯⎯⎯⎯⎯⎯⎯⎯⎯⎯⎯⎯⎯⎯⎯⎯⎯[4/6]⎯

 FAIL  tests/bug-hunt-node-import-discovery.test.ts > BH-0004 wasm: dependency analysis and flat graph use identical decoded specifiers
AssertionError: expected [] to deeply equal [ './child.css' ]

- Expected
+ Received

- [
-   "./child.css",
- ]
+ []

 ❯ tests/bug-hunt-node-import-discovery.test.ts:34:57
     32|       const source = '/*😀*/@\\69mport u\\72l("./ch\\69ld.css") layer(…
     33|       const analysis = session.analyzeCSSDependencies(source)
     34|       expect(analysis.imports.map(item => item.source)).toEqual(['./ch…
       |                                                         ^
     35|       const item = analysis.imports[0]!
     36|       expect(analysis.sourceWithoutReferences.slice(item.start, item.e…

⎯⎯⎯⎯⎯⎯⎯⎯⎯⎯⎯⎯⎯⎯⎯⎯⎯⎯⎯⎯⎯⎯⎯⎯[5/6]⎯

 FAIL  tests/bug-hunt-node-import-discovery.test.ts > BH-0004 actual referenced CSS with encoded filename and query keeps context-only definitions
Error: @reference only supports relative CSS files or Master CSS package entries: ./tokens%20%23.css?version=1#context
 ❯ resolveCSSReferenceFile src/node-compiler.ts:599:9
    597|   if (packageFile) return packageFile
    598|   if (isExpandableImportSource(reference.source)) return resolve(dirna…
    599|   throw new Error(`@reference only supports relative CSS files or Mast…
       |         ^
    600| }
    601|
 ❯ resolveCSSReferenceContext src/node-compiler.ts:616:27
 ❯ toCompileCSSManifestResult src/node-compiler.ts:646:28
 ❯ compileCSSManifestFileInternal src/node-compiler.ts:709:10
 ❯ compileCSSManifestFile src/node-compiler.ts:718:10
 ❯ compileManifestFileSync src/node.ts:71:5
 ❯ tests/bug-hunt-node-import-discovery.test.ts:52:20

⎯⎯⎯⎯⎯⎯⎯⎯⎯⎯⎯⎯⎯⎯⎯⎯⎯⎯⎯⎯⎯⎯⎯⎯[6/6]⎯


 Test Files  1 failed (1)
      Tests  6 failed (6)
   Start at  11:14:20
   Duration  339ms (transform 55%, import 29%, tests 16%, worker 1%)

Error: ERR_PNPM_RECURSIVE_EXEC_FIRST_FAIL

  × "pnpm recursive exec" failed in /Users/aron/master/css/packages/compiler

