{"stage":"cli","id":"local-control","status":0,"output":".example {\n  color: red;\n}\n\n@layer utilities{.block{display:block}}","stderr":""}
{"stage":"cli","id":"root-resource-control","status":0,"output":".example {\n  color: red;\n  background-image: url(\"/styles/image.svg\");\n}\n\n@layer utilities{.block{display:block}}","stderr":""}
{"stage":"cli","id":"external-only","status":0,"output":"@layer utilities{.block{display:block}}","stderr":""}
{"stage":"cli","id":"external-after-local","status":0,"output":".example {\n  color: red;\n}\n\n@layer utilities{.block{display:block}}","stderr":""}
{"stage":"cli","id":"qualified-nested-external","status":1,"stderr":"/Users/aron/master/css/packages/binding/src/normalize-error.ts:90\n  return new MasterCSSError({\n         ^\n\nMasterCSSError: Cannot inline a qualified CSS import containing unresolved imports; resolve its nested imports first\n    at normalizeBindingError (/Users/aron/master/css/packages/binding/src/normalize-error.ts:90:10)\n    at callBinding (/Users/aron/master/css/packages/binding/src/normalize-error.ts:106:11)\n    at invoke (/Users/aron/master/css/packages/binding/src/compiler-binding-adapter.ts:54:12)\n    ... 5 lines matching cause stack trace ...\n    at registerStylesheetSource (/Users/aron/master/css/packages/compiler/src/stylesheet/index.ts:611:27)\n    at MasterCSSStylesheetCollection.register (/Users/aron/master/css/packages/compiler/src/stylesheet/public.ts:328:26) {\n  code: 'CSS_IMPORT_ERROR',\n  domain: 'compiler',\n  diagnostics: [\n    {\n      version: 2,\n      code: 'CSS_IMPORT_ERROR',\n      domain: 'compiler',\n      severity: 'error',\n      message: 'Cannot inline a qualified CSS import containing unresolved imports; resolve its nested imports first',\n      source: '/private/var/folders/_b/768dhtz56ns54x1r867j67280000gn/T/master-css-bh-delivery-wahwPr/qualified-nested-external/entry.css'\n    }\n  ],\n  payload: {\n    code: 'CSS_IMPORT_ERROR',\n    domain: 'compiler',\n    message: 'Cannot inline a qualified CSS import containing unresolved imports; resolve its nested imports first',\n    diagnostics: [\n      {\n        version: 2,\n        code: 'CSS_IMPORT_ERROR',\n        domain: 'compiler',\n        severity: 'error',\n        message: 'Cannot inline a qualified CSS import containing unresolved imports; resolve its nested imports first',\n        source: '/private/var/folders/_b/768dhtz56ns54x1r867j67280000gn/T/master-css-bh-delivery-wahwPr/qualified-nested-external/entry.css'\n      }\n    ]\n  },\n  [cause]: Error: {\"code\":\"CSS_IMPORT_ERROR\",\"message\":\"Cannot inline a qualified CSS import containing unresolved imports; resolve its nested imports first\",\"source\":\"/private/var/folders/_b/768dhtz56ns54x1r867j67280000gn/T/master-css-bh-delivery-wahwPr/qualified-nested-external/entry.css\"}\n      at Object.resolveCSSImportGraph (/Users/aron/master/css/packages/binding/src/compiler.ts:76:29)\n      at <anonymous> (/Users/aron/master/css/packages/binding/src/compiler-binding-adapter.ts:95:43)\n      at callBinding (/Users/aron/master/css/packages/binding/src/normalize-error.ts:104:12)\n      at invoke (/Users/aron/master/css/packages/binding/src/compiler-binding-adapter.ts:54:12)\n      at Object.resolveCSSImportGraph (/Users/aron/master/css/packages/binding/src/compiler-binding-adapter.ts:95:7)\n      at <anonymous> (/Users/aron/master/css/packages/compiler/src/node-compiler.ts:141:22)\n      at callCompilerBinding (/Users/aron/master/css/packages/compiler/src/node-compiler.ts:115:12)\n      at resolveCSSImportGraphSource (/Users/aron/master/css/packages/compiler/src/node-compiler.ts:140:18)\n      at resolveStylesheetImportGraph (/Users/aron/master/css/packages/compiler/src/stylesheet/index.ts:182:10)\n      at registerStylesheetSource (/Users/aron/master/css/packages/compiler/src/stylesheet/index.ts:611:27) {\n    code: 'GenericFailure'\n  }\n}\n\nNode.js v24.20.0\n"}
{"stage":"cli","id":"local-resource-owner","status":0,"output":".example {\n  color: red;\n  background-image: url(\"./image.svg\");\n}\n\n@layer utilities{.block{display:block}}","stderr":""}
{"browser":"chromium","id":"local-control","original":{"color":"rgb(255, 0, 0)","requests":[{"path":"/entry.css","status":200},{"path":"/styles/local.css","status":200}]},"exported":{"color":"rgb(255, 0, 0)","requests":[{"path":"/dist/output.css","status":200}]},"result":"PASS"}
{"browser":"chromium","id":"root-resource-control","original":{"color":"rgb(255, 0, 0)","requests":[{"path":"/entry.css","status":200},{"path":"/styles/local.css","status":200},{"path":"/styles/image.svg","status":200}]},"exported":{"color":"rgb(255, 0, 0)","requests":[{"path":"/dist/output.css","status":200},{"path":"/styles/image.svg","status":200}]},"result":"PASS"}
{"browser":"chromium","id":"external-only","original":{"color":"rgb(0, 0, 255)","requests":[{"path":"/entry.css","status":200},{"path":"https://remote.test/external.css","status":200}]},"exported":{"color":"rgb(0, 0, 0)","requests":[{"path":"/dist/output.css","status":200}]},"result":"FAIL"}
{"browser":"chromium","id":"external-after-local","original":{"color":"rgb(0, 0, 255)","requests":[{"path":"/entry.css","status":200},{"path":"/styles/local.css","status":200},{"path":"https://remote.test/external.css","status":200}]},"exported":{"color":"rgb(255, 0, 0)","requests":[{"path":"/dist/output.css","status":200}]},"result":"FAIL"}
{"browser":"chromium","id":"qualified-nested-external","original":{"color":"rgb(255, 0, 0)","requests":[{"path":"/entry.css","status":200},{"path":"/styles/local.css","status":200},{"path":"https://remote.test/external.css","status":200}]},"result":"FAIL"}
{"browser":"chromium","id":"local-resource-owner","original":{"color":"rgb(255, 0, 0)","requests":[{"path":"/entry.css","status":200},{"path":"/styles/local.css","status":200},{"path":"/styles/image.svg","status":200}]},"exported":{"color":"rgb(255, 0, 0)","requests":[{"path":"/dist/output.css","status":200},{"path":"/dist/image.svg","status":404}]},"result":"FAIL"}
{"browser":"firefox","id":"local-control","original":{"color":"rgb(255, 0, 0)","requests":[{"path":"/entry.css","status":200},{"path":"/entry.css","status":200},{"path":"/styles/local.css","status":200},{"path":"/styles/local.css","status":200}]},"exported":{"color":"rgb(255, 0, 0)","requests":[{"path":"/dist/output.css","status":200},{"path":"/dist/output.css","status":200}]},"result":"PASS"}
{"browser":"firefox","id":"root-resource-control","original":{"color":"rgb(255, 0, 0)","requests":[{"path":"/entry.css","status":200},{"path":"/entry.css","status":200},{"path":"/styles/local.css","status":200},{"path":"/styles/local.css","status":200},{"path":"/styles/image.svg","status":200}]},"exported":{"color":"rgb(255, 0, 0)","requests":[{"path":"/dist/output.css","status":200},{"path":"/dist/output.css","status":200},{"path":"/styles/image.svg","status":200}]},"result":"PASS"}
{"browser":"firefox","id":"external-only","original":{"color":"rgb(0, 0, 255)","requests":[{"path":"/entry.css","status":200},{"path":"/entry.css","status":200},{"path":"https://remote.test/external.css","status":200},{"path":"https://remote.test/external.css","status":200}]},"exported":{"color":"rgb(0, 0, 0)","requests":[{"path":"/dist/output.css","status":200},{"path":"/dist/output.css","status":200}]},"result":"FAIL"}
{"browser":"firefox","id":"external-after-local","original":{"color":"rgb(0, 0, 255)","requests":[{"path":"/entry.css","status":200},{"path":"/entry.css","status":200},{"path":"/styles/local.css","status":200},{"path":"https://remote.test/external.css","status":200},{"path":"/styles/local.css","status":200},{"path":"https://remote.test/external.css","status":200}]},"exported":{"color":"rgb(255, 0, 0)","requests":[{"path":"/dist/output.css","status":200},{"path":"/dist/output.css","status":200}]},"result":"FAIL"}
{"browser":"firefox","id":"qualified-nested-external","original":{"color":"rgb(255, 0, 0)","requests":[{"path":"/entry.css","status":200},{"path":"/entry.css","status":200},{"path":"/styles/local.css","status":200},{"path":"/styles/local.css","status":200},{"path":"https://remote.test/external.css","status":200},{"path":"https://remote.test/external.css","status":200}]},"result":"FAIL"}
{"browser":"firefox","id":"local-resource-owner","original":{"color":"rgb(255, 0, 0)","requests":[{"path":"/entry.css","status":200},{"path":"/entry.css","status":200},{"path":"/styles/local.css","status":200},{"path":"/styles/local.css","status":200},{"path":"/styles/image.svg","status":200}]},"exported":{"color":"rgb(255, 0, 0)","requests":[{"path":"/dist/output.css","status":200},{"path":"/dist/output.css","status":200},{"path":"/dist/image.svg","status":404}]},"result":"FAIL"}
{"browser":"webkit","id":"local-control","original":{"color":"rgb(255, 0, 0)","requests":[{"path":"/entry.css","status":200},{"path":"/styles/local.css","status":200}]},"exported":{"color":"rgb(255, 0, 0)","requests":[{"path":"/dist/output.css","status":200}]},"result":"PASS"}
{"browser":"webkit","id":"root-resource-control","original":{"color":"rgb(255, 0, 0)","requests":[{"path":"/entry.css","status":200},{"path":"/styles/local.css","status":200},{"path":"/styles/image.svg","status":200}]},"exported":{"color":"rgb(255, 0, 0)","requests":[{"path":"/dist/output.css","status":200},{"path":"/styles/image.svg","status":200}]},"result":"PASS"}
{"browser":"webkit","id":"external-only","original":{"color":"rgb(0, 0, 255)","requests":[{"path":"/entry.css","status":200},{"path":"https://remote.test/external.css","status":200}]},"exported":{"color":"rgb(0, 0, 0)","requests":[{"path":"/dist/output.css","status":200}]},"result":"FAIL"}
{"browser":"webkit","id":"external-after-local","original":{"color":"rgb(0, 0, 255)","requests":[{"path":"/entry.css","status":200},{"path":"/styles/local.css","status":200},{"path":"https://remote.test/external.css","status":200}]},"exported":{"color":"rgb(255, 0, 0)","requests":[{"path":"/dist/output.css","status":200}]},"result":"FAIL"}
{"browser":"webkit","id":"qualified-nested-external","original":{"color":"rgb(255, 0, 0)","requests":[{"path":"/entry.css","status":200},{"path":"/styles/local.css","status":200},{"path":"https://remote.test/external.css","status":200}]},"result":"FAIL"}
{"browser":"webkit","id":"local-resource-owner","original":{"color":"rgb(255, 0, 0)","requests":[{"path":"/entry.css","status":200},{"path":"/styles/local.css","status":200},{"path":"/styles/image.svg","status":200}]},"exported":{"color":"rgb(255, 0, 0)","requests":[{"path":"/dist/output.css","status":200},{"path":"/dist/image.svg","status":404}]},"result":"FAIL"}
{"comparisons":18,"failures":12,"builtCLI":false,"cleanup":true}
node:internal/modules/run_main:107
    triggerUncaughtException(
    ^

AssertionError [ERR_ASSERTION]: CLI exported CSS must preserve stylesheet imports and resource ownership

12 !== 0

    at file:///Users/aron/master/css/.ai/audits/bug-hunt/repros/cli-stylesheet-delivery.mjs:87:8 {
  generatedMessage: false,
  code: 'ERR_ASSERTION',
  actual: 12,
  expected: 0,
  operator: 'strictEqual',
  diff: 'simple'
}

Node.js v24.20.0
