{"stage":"cli","id":"external-only","status":0,"output":"@layer utilities{.block{display:block}}","stderr":""}
{"stage":"cli","id":"external-after-local","status":0,"output":".example {\n  color: red;\n}\n\n@layer utilities{.block{display:block}}","stderr":""}
{"stage":"cli","id":"qualified-nested-external","status":1,"stderr":"file:///Users/aron/master/css/packages/binding/dist/normalize-error.js:41\n\treturn new MasterCSSError({\n\t       ^\n\nMasterCSSError: Cannot inline a qualified CSS import containing unresolved imports; resolve its nested imports first\n    at normalizeBindingError (file:///Users/aron/master/css/packages/binding/dist/normalize-error.js:41:9)\n    at callBinding (file:///Users/aron/master/css/packages/binding/dist/normalize-error.js:52:9)\n    at invoke (file:///Users/aron/master/css/packages/binding/dist/compiler-binding-adapter.js:19:10)\n    ... 5 lines matching cause stack trace ...\n    at registerStylesheetSource (file:///Users/aron/master/css/packages/compiler/dist/stylesheet/index.js:370:26)\n    at MasterCSSStylesheetCollection.register (file:///Users/aron/master/css/packages/compiler/dist/stylesheet/public.js:117:24) {\n  code: 'CSS_IMPORT_ERROR',\n  domain: 'compiler',\n  diagnostics: [\n    {\n      version: 2,\n      code: 'CSS_IMPORT_ERROR',\n      domain: 'compiler',\n      severity: 'error',\n      message: 'Cannot inline a qualified CSS import containing unresolved imports; resolve its nested imports first',\n      source: '/private/var/folders/_b/768dhtz56ns54x1r867j67280000gn/T/master-css-bh-delivery-Req8gp/qualified-nested-external/entry.css'\n    }\n  ],\n  payload: {\n    code: 'CSS_IMPORT_ERROR',\n    domain: 'compiler',\n    message: 'Cannot inline a qualified CSS import containing unresolved imports; resolve its nested imports first',\n    diagnostics: [\n      {\n        version: 2,\n        code: 'CSS_IMPORT_ERROR',\n        domain: 'compiler',\n        severity: 'error',\n        message: 'Cannot inline a qualified CSS import containing unresolved imports; resolve its nested imports first',\n        source: '/private/var/folders/_b/768dhtz56ns54x1r867j67280000gn/T/master-css-bh-delivery-Req8gp/qualified-nested-external/entry.css'\n      }\n    ]\n  },\n  [cause]: Error: {\"code\":\"CSS_IMPORT_ERROR\",\"message\":\"Cannot inline a qualified CSS import containing unresolved imports; resolve its nested imports first\",\"source\":\"/private/var/folders/_b/768dhtz56ns54x1r867j67280000gn/T/master-css-bh-delivery-Req8gp/qualified-nested-external/entry.css\"}\n      at Object.resolveCSSImportGraph (file:///Users/aron/master/css/packages/binding/dist/compiler.js:39:60)\n      at file:///Users/aron/master/css/packages/binding/dist/compiler-binding-adapter.js:43:75\n      at callBinding (file:///Users/aron/master/css/packages/binding/dist/normalize-error.js:50:10)\n      at invoke (file:///Users/aron/master/css/packages/binding/dist/compiler-binding-adapter.js:19:10)\n      at Object.resolveCSSImportGraph (file:///Users/aron/master/css/packages/binding/dist/compiler-binding-adapter.js:43:39)\n      at file:///Users/aron/master/css/packages/compiler/dist/node-compiler.js:38:60\n      at callCompilerBinding (file:///Users/aron/master/css/packages/compiler/dist/node-compiler.js:21:10)\n      at resolveCSSImportGraphSource (file:///Users/aron/master/css/packages/compiler/dist/node-compiler.js:38:17)\n      at resolveStylesheetImportGraph (file:///Users/aron/master/css/packages/compiler/dist/stylesheet/index.js:74:9)\n      at registerStylesheetSource (file:///Users/aron/master/css/packages/compiler/dist/stylesheet/index.js:370:26) {\n    code: 'GenericFailure'\n  }\n}\n\nNode.js v24.20.0\n"}
{"stage":"cli","id":"local-resource-owner","status":0,"output":".example {\n  color: red;\n  background-image: url(\"./image.svg\");\n}\n\n@layer utilities{.block{display:block}}","stderr":""}
{"browser":"chromium","id":"external-only","original":{"color":"rgb(0, 0, 255)","requests":[{"path":"/entry.css","status":200},{"path":"https://remote.test/external.css","status":200}]},"exported":{"color":"rgb(0, 0, 0)","requests":[{"path":"/dist/output.css","status":200}]},"result":"FAIL"}
{"browser":"chromium","id":"external-after-local","original":{"color":"rgb(0, 0, 255)","requests":[{"path":"/entry.css","status":200},{"path":"/styles/local.css","status":200},{"path":"https://remote.test/external.css","status":200}]},"exported":{"color":"rgb(255, 0, 0)","requests":[{"path":"/dist/output.css","status":200}]},"result":"FAIL"}
{"browser":"chromium","id":"qualified-nested-external","original":{"color":"rgb(255, 0, 0)","requests":[{"path":"/entry.css","status":200},{"path":"/styles/local.css","status":200},{"path":"https://remote.test/external.css","status":200}]},"result":"FAIL"}
{"browser":"chromium","id":"local-resource-owner","original":{"color":"rgb(255, 0, 0)","requests":[{"path":"/entry.css","status":200},{"path":"/styles/local.css","status":200},{"path":"/styles/image.svg","status":200}]},"exported":{"color":"rgb(255, 0, 0)","requests":[{"path":"/dist/output.css","status":200},{"path":"/dist/image.svg","status":404}]},"result":"FAIL"}
{"browser":"firefox","id":"external-only","original":{"color":"rgb(0, 0, 255)","requests":[{"path":"/entry.css","status":200},{"path":"/entry.css","status":200},{"path":"https://remote.test/external.css","status":200},{"path":"https://remote.test/external.css","status":200}]},"exported":{"color":"rgb(0, 0, 0)","requests":[{"path":"/dist/output.css","status":200},{"path":"/dist/output.css","status":200}]},"result":"FAIL"}
{"browser":"firefox","id":"external-after-local","original":{"color":"rgb(0, 0, 255)","requests":[{"path":"/entry.css","status":200},{"path":"/entry.css","status":200},{"path":"/styles/local.css","status":200},{"path":"https://remote.test/external.css","status":200},{"path":"/styles/local.css","status":200},{"path":"https://remote.test/external.css","status":200}]},"exported":{"color":"rgb(255, 0, 0)","requests":[{"path":"/dist/output.css","status":200},{"path":"/dist/output.css","status":200}]},"result":"FAIL"}
{"browser":"firefox","id":"qualified-nested-external","original":{"color":"rgb(255, 0, 0)","requests":[{"path":"/entry.css","status":200},{"path":"/entry.css","status":200},{"path":"/styles/local.css","status":200},{"path":"/styles/local.css","status":200},{"path":"https://remote.test/external.css","status":200},{"path":"https://remote.test/external.css","status":200}]},"result":"FAIL"}
{"browser":"firefox","id":"local-resource-owner","original":{"color":"rgb(255, 0, 0)","requests":[{"path":"/entry.css","status":200},{"path":"/entry.css","status":200},{"path":"/styles/local.css","status":200},{"path":"/styles/local.css","status":200},{"path":"/styles/image.svg","status":200}]},"exported":{"color":"rgb(255, 0, 0)","requests":[{"path":"/dist/output.css","status":200},{"path":"/dist/output.css","status":200},{"path":"/dist/image.svg","status":404}]},"result":"FAIL"}
{"browser":"webkit","id":"external-only","original":{"color":"rgb(0, 0, 255)","requests":[{"path":"/entry.css","status":200},{"path":"https://remote.test/external.css","status":200}]},"exported":{"color":"rgb(0, 0, 0)","requests":[{"path":"/dist/output.css","status":200}]},"result":"FAIL"}
{"browser":"webkit","id":"external-after-local","original":{"color":"rgb(0, 0, 255)","requests":[{"path":"/entry.css","status":200},{"path":"/styles/local.css","status":200},{"path":"https://remote.test/external.css","status":200}]},"exported":{"color":"rgb(255, 0, 0)","requests":[{"path":"/dist/output.css","status":200}]},"result":"FAIL"}
{"browser":"webkit","id":"qualified-nested-external","original":{"color":"rgb(255, 0, 0)","requests":[{"path":"/entry.css","status":200},{"path":"/styles/local.css","status":200},{"path":"https://remote.test/external.css","status":200}]},"result":"FAIL"}
{"browser":"webkit","id":"local-resource-owner","original":{"color":"rgb(255, 0, 0)","requests":[{"path":"/entry.css","status":200},{"path":"/styles/local.css","status":200},{"path":"/styles/image.svg","status":200}]},"exported":{"color":"rgb(255, 0, 0)","requests":[{"path":"/dist/output.css","status":200},{"path":"/dist/image.svg","status":404}]},"result":"FAIL"}
{"comparisons":12,"failures":12,"builtCLI":true,"cleanup":true}
node:internal/modules/run_main:107
    triggerUncaughtException(
    ^

AssertionError [ERR_ASSERTION]: CLI exported CSS must preserve stylesheet imports and resource ownership

12 !== 0

    at file:///Users/aron/master/css/.ai/audits/bug-hunt/repros/cli-stylesheet-delivery.mjs:85:8 {
  generatedMessage: false,
  code: 'ERR_ASSERTION',
  actual: 12,
  expected: 0,
  operator: 'strictEqual',
  diff: 'simple'
}

Node.js v24.20.0
