(!) Your Vite config uses features that are unsupported by `configLoader: 'native'`, which is planned to become the default in a future major version of Vite:
  - import "../../shared/vitest.config" without a file extension (vitest.config.ts:3:20). Add the file extension
  - import "./vitest-ci-config" without a file extension (../../shared/vitest.config.ts:2:58). Add the file extension
Set `VITE_CONFIG_NATIVE_IGNORE_WARNING=true` to suppress this warning.

 RUN  v5.0.0 /Users/aron/master/css/packages/compiler

[success] index.html 6 classes inserted in 0.4ms 
[success] index.html 6 classes inserted in 0.4ms 
[success] index.html 6 classes inserted in 0.4ms 
[success] index.html 6 classes inserted in 0.4ms 
[success] index.html 6 classes inserted in 0.4ms 
[success] index.html 6 classes inserted in 0.4ms 
 ❯ tests/bug-hunt-delivery-output-modes.test.ts (17 tests | 6 failed) 9152ms
   × BH-0004 standalone output preserve=false/native=false/base=true/generated=false 554ms
   × BH-0004 standalone output preserve=false/native=false/base=true/generated=true 531ms
   × BH-0004 standalone output preserve=false/native=true/base=false/generated=false 538ms
   × BH-0004 standalone output preserve=false/native=true/base=false/generated=true 528ms
   × BH-0004 standalone output preserve=false/native=true/base=true/generated=false 532ms
   × BH-0004 standalone output preserve=false/native=true/base=true/generated=true 528ms

⎯⎯⎯⎯⎯⎯⎯ Failed Tests 6 ⎯⎯⎯⎯⎯⎯⎯

 FAIL  tests/bug-hunt-delivery-output-modes.test.ts > BH-0004 standalone output preserve=false/native=false/base=true/generated=false
 FAIL  tests/bug-hunt-delivery-output-modes.test.ts > BH-0004 standalone output preserve=false/native=false/base=true/generated=true
AssertionError: expected true to be false // Object.is equality

- Expected
+ Received

- false
+ true

 ❯ tests/bug-hunt-delivery-output-modes.test.ts:40:46
     38|       expect(css.includes('.composed')).toBe(includeNativeCSS)
     39|       expect(css.includes('https://remote.test/a.css')).toBe(includeNa…
     40|       expect(css.includes('.from-master {')).toBe(includeMasterBaseCSS…
       |                                              ^
     41|       expect(css.includes('.from-master-child')).toBe(includeMasterBas…
     42|       expect(css.includes('.block{display:block}')).toBe(includeGenera…

⎯⎯⎯⎯⎯⎯⎯⎯⎯⎯⎯⎯⎯⎯⎯⎯⎯⎯⎯⎯⎯⎯⎯⎯[1/6]⎯

 FAIL  tests/bug-hunt-delivery-output-modes.test.ts > BH-0004 standalone output preserve=false/native=true/base=false/generated=false
 FAIL  tests/bug-hunt-delivery-output-modes.test.ts > BH-0004 standalone output preserve=false/native=true/base=false/generated=true
 FAIL  tests/bug-hunt-delivery-output-modes.test.ts > BH-0004 standalone output preserve=false/native=true/base=true/generated=false
 FAIL  tests/bug-hunt-delivery-output-modes.test.ts > BH-0004 standalone output preserve=false/native=true/base=true/generated=true
AssertionError: expected true to be false // Object.is equality

- Expected
+ Received

- false
+ true

 ❯ tests/bug-hunt-delivery-output-modes.test.ts:36:40
     34|       const result = await collection.compose({ scanner, baseManifest,…
     35|       const css = [result.css, ...(result.stylesheets || []).map(asset…
     36|       expect(css.includes('.project')).toBe(includeNativeCSS && preser…
       |                                        ^
     37|       expect(css.includes('.nested')).toBe(includeNativeCSS && preserv…
     38|       expect(css.includes('.composed')).toBe(includeNativeCSS)

⎯⎯⎯⎯⎯⎯⎯⎯⎯⎯⎯⎯⎯⎯⎯⎯⎯⎯⎯⎯⎯⎯⎯⎯[2/6]⎯


 Test Files  1 failed (1)
      Tests  6 failed | 11 passed (17)
   Start at  12:37:42
   Duration  9.46s (tests 97%, transform 2%, import 1%)

Error: ERR_PNPM_RECURSIVE_EXEC_FIRST_FAIL

  × "pnpm recursive exec" failed in /Users/aron/master/css/packages/compiler

