   Compiling mastercss-compiler v0.0.0 (/Users/aron/master/css/crates/mastercss-compiler)
    Finished `test` profile [unoptimized + debuginfo] target(s) in 0.34s
     Running tests/bug_hunt_graph_diagnostics.rs (target/debug/deps/bug_hunt_graph_diagnostics-dfc343f9f970ddbe)

running 2 tests
test graph_diagnostics_retain_original_utf16_ranges_after_resource_edits ... FAILED
test relocated_style_definition_metadata_uses_original_ranges_and_locations ... FAILED

failures:

---- graph_diagnostics_retain_original_utf16_ranges_after_resource_edits stdout ----

thread 'graph_diagnostics_retain_original_utf16_ranges_after_resource_edits' (37836728) panicked at crates/mastercss-compiler/tests/bug_hunt_graph_diagnostics.rs:37:9:
assertion `left == right` failed
  left: 80
 right: 49
note: run with `RUST_BACKTRACE=1` environment variable to display a backtrace

---- relocated_style_definition_metadata_uses_original_ranges_and_locations stdout ----

thread 'relocated_style_definition_metadata_uses_original_ranges_and_locations' (37836729) panicked at crates/mastercss-compiler/tests/bug_hunt_graph_diagnostics.rs:81:5:
assertion `left == right` failed
  left: [Object {"file": String("child.css"), "range": Object {"start": Number(93), "end": Number(98)}, "loc": Object {"start": Object {"line": Number(2), "column": Number(12)}, "end": Object {"line": Number(2), "column": Number(17)}}}, Object {"file": String("child.css"), "range": Object {"start": Number(172), "end": Number(177)}, "loc": Object {"start": Object {"line": Number(3), "column": Number(19)}, "end": Object {"line": Number(3), "column": Number(24)}}}, Object {"file": String("child.css"), "range": Object {"start": Number(163), "end": Number(178)}, "loc": Object {"start": Object {"line": Number(3), "column": Number(10)}, "end": Object {"line": Number(3), "column": Number(25)}}}, Object {"file": String("child.css"), "range": Object {"start": Number(154), "end": Number(162)}, "loc": Object {"start": Object {"line": Number(3), "column": Number(1)}, "end": Object {"line": Number(3), "column": Number(9)}}}]
 right: [Object {"file": String("child.css"), "range": Object {"start": Number(69), "end": Number(74)}, "loc": Object {"start": Object {"line": Number(2), "column": Number(12)}, "end": Object {"line": Number(2), "column": Number(17)}}}, Object {"file": String("child.css"), "range": Object {"start": Number(117), "end": Number(122)}, "loc": Object {"start": Object {"line": Number(3), "column": Number(19)}, "end": Object {"line": Number(3), "column": Number(24)}}}, Object {"file": String("child.css"), "range": Object {"start": Number(108), "end": Number(123)}, "loc": Object {"start": Object {"line": Number(3), "column": Number(10)}, "end": Object {"line": Number(3), "column": Number(25)}}}, Object {"file": String("child.css"), "range": Object {"start": Number(99), "end": Number(107)}, "loc": Object {"start": Object {"line": Number(3), "column": Number(1)}, "end": Object {"line": Number(3), "column": Number(9)}}}]


failures:
    graph_diagnostics_retain_original_utf16_ranges_after_resource_edits
    relocated_style_definition_metadata_uses_original_ranges_and_locations

test result: FAILED. 0 passed; 2 failed; 0 ignored; 0 measured; 0 filtered out; finished in 0.01s

error: test failed, to rerun pass `-p mastercss-compiler --test bug_hunt_graph_diagnostics`
