(!) Your Vite config uses features that are unsupported by `configLoader: 'native'`, which is planned to become the default in a future major version of Vite:
  - import "../../shared/vitest.config" without a file extension (vitest.config.ts:2:20). Add the file extension
  - import "./vitest-ci-config" without a file extension (../../shared/vitest.config.ts:2:58). Add the file extension
Set `VITE_CONFIG_NATIVE_IGNORE_WARNING=true` to suppress this warning.

 RUN  v5.0.0 /Users/aron/master/css/packages/cli

 ❯ tests/bug-hunt-watch-recovery.test.ts (5 tests | 3 failed) 12605ms
   × BH-0004 CLI watch recovers deleted-import without restart 946ms
   × BH-0004 CLI watch recovers new-resource without restart 785ms
   × BH-0004 CLI watch recovers new-import without restart 8589ms

⎯⎯⎯⎯⎯⎯⎯ Failed Tests 3 ⎯⎯⎯⎯⎯⎯⎯

 FAIL  tests/bug-hunt-watch-recovery.test.ts > BH-0004 CLI watch recovers deleted-import without restart
AssertionError: expected '@import "./master-2d8fd1f45e0288a9726…' to contain 'color:blue'

- Expected
+ Received

- color:blue
+ @import "./master-2d8fd1f45e0288a97263-8bbdeff4b8c2e9659966.css";
+ .example {
+   color: #00f;
+ }
+ @import "./master-2d8fd1f45e0288a97263-48542243f715425efa2c.css";
+ @layer utilities{.block{display:block}}

 ❯ tests/bug-hunt-watch-recovery.test.ts:56:104
     54|       else writeFileSync(resource, image('blue'))
     55|       await wait(() => (stderr.match(/Restart watching source changes/…
     56|       if (mode === 'deleted-import' || mode === 'new-import' || mode =…
       |                                                                                                        ^
     57|       if (mode === 'new-import') expect(css()).toContain('lime')
     58|       if (mode.includes('resource')) expect(readdirSync(join(cwd, 'dis…

⎯⎯⎯⎯⎯⎯⎯⎯⎯⎯⎯⎯⎯⎯⎯⎯⎯⎯⎯⎯⎯⎯⎯⎯[1/3]⎯

 FAIL  tests/bug-hunt-watch-recovery.test.ts > BH-0004 CLI watch recovers new-resource without restart
AssertionError: expected '@import "./master-2d8fd1f45e0288a9726…' to contain 'color:blue'

- Expected
+ Received

- color:blue
+ @import "./master-2d8fd1f45e0288a97263-8bbdeff4b8c2e9659966.css";
+ .example {
+   color: #00f;
+   background-image: url("./master-2d8fd1f45e0288a97263-3dbca34626ec2f5fc851.svg");
+ }
+ @import "./master-2d8fd1f45e0288a97263-48542243f715425efa2c.css";
+ @layer utilities{.block{display:block}}

 ❯ tests/bug-hunt-watch-recovery.test.ts:56:104
     54|       else writeFileSync(resource, image('blue'))
     55|       await wait(() => (stderr.match(/Restart watching source changes/…
     56|       if (mode === 'deleted-import' || mode === 'new-import' || mode =…
       |                                                                                                        ^
     57|       if (mode === 'new-import') expect(css()).toContain('lime')
     58|       if (mode.includes('resource')) expect(readdirSync(join(cwd, 'dis…

⎯⎯⎯⎯⎯⎯⎯⎯⎯⎯⎯⎯⎯⎯⎯⎯⎯⎯⎯⎯⎯⎯⎯⎯[2/3]⎯

 FAIL  tests/bug-hunt-watch-recovery.test.ts > BH-0004 CLI watch recovers new-import without restart
AssertionError: 
Start watching source changes
Cannot rebuild CSS: Error: CSS file not found: /private/var/folders/_b/768dhtz56ns54x1r867j67280000gn/T/master-css-watch-recovery-BrzRk1/new/nested.css
: expected false to be true // Object.is equality

- Expected
+ Received

- true
+ false

 ❯ wait tests/bug-hunt-watch-recovery.test.ts:33:31
     31|       const deadline = Date.now() + 8000
     32|       while (!check() && child.exitCode === null && Date.now() < deadl…
     33|       expect(check(), stderr).toBe(true)
       |                               ^
     34|       expect(child.exitCode, stderr).toBeNull()
     35|     }
 ❯ tests/bug-hunt-watch-recovery.test.ts:55:7

⎯⎯⎯⎯⎯⎯⎯⎯⎯⎯⎯⎯⎯⎯⎯⎯⎯⎯⎯⎯⎯⎯⎯⎯[3/3]⎯


 Test Files  1 failed (1)
      Tests  3 failed | 2 passed (5)
   Start at  13:23:03
   Duration  12.68s (tests 100%)

Error: ERR_PNPM_RECURSIVE_EXEC_FIRST_FAIL

  × "pnpm recursive exec" failed in /Users/aron/master/css/packages/cli

