$ tsdown --config ../../shared/tsdown-package.config.ts
ℹ tsdown v0.23.0 powered by rolldown v1.2.7
ℹ config file: /Users/aron/master/css/shared/tsdown-package.config.ts 
ℹ entry: src/compiler-diagnostics.ts, src/compiler.ts, src/contracts.ts, src/index.ts, src/node-compiler.ts, src/node-imports.ts, src/node.ts, src/session.ts, src/diagnostics/contracts.ts, src/diagnostics/index.ts, src/project/binding-project.ts, src/project/entries.ts, src/project/manifest-sync.ts, src/project/manifest.ts, src/project/options.ts, src/stylesheet/browser.ts, src/stylesheet/delivery.ts, src/stylesheet/directives.ts, src/stylesheet/index-public.ts, src/stylesheet/index.ts, src/stylesheet/public.ts, src/stylesheet/render-core.ts, src/stylesheet/render.ts, src/stylesheet/types.ts
ℹ target: node24.0.0
ℹ tsconfig: tsconfig.prod.json
ℹ Build start
ℹ Cleaning 51 files
TypeScript 7.0 does not yet have a stable API and is experimental. Some options will be unavailable.
ℹ dist/stylesheet/index.js           21.45 kB │ gzip: 4.72 kB
ℹ dist/node-compiler.js              14.73 kB │ gzip: 3.51 kB
ℹ dist/stylesheet/delivery.js         8.88 kB │ gzip: 2.74 kB
ℹ dist/stylesheet/public.js           7.71 kB │ gzip: 1.72 kB
ℹ dist/diagnostics/index.js           7.52 kB │ gzip: 2.30 kB
ℹ dist/project/entries.js             6.34 kB │ gzip: 1.66 kB
ℹ dist/compiler.js                    5.81 kB │ gzip: 1.60 kB
ℹ dist/node-imports.js                5.67 kB │ gzip: 1.66 kB
ℹ dist/stylesheet/directives.js       3.70 kB │ gzip: 1.01 kB
ℹ dist/session.js                     2.40 kB │ gzip: 0.78 kB
ℹ dist/stylesheet/browser.js          2.13 kB │ gzip: 0.74 kB
ℹ dist/project/manifest.js            1.89 kB │ gzip: 0.70 kB
ℹ dist/project/manifest-sync.js       1.66 kB │ gzip: 0.65 kB
ℹ dist/project/binding-project.js     1.56 kB │ gzip: 0.60 kB
ℹ dist/node.js                        1.37 kB │ gzip: 0.41 kB
ℹ dist/stylesheet/render-core.js      1.11 kB │ gzip: 0.49 kB
ℹ dist/stylesheet/render.js           1.03 kB │ gzip: 0.41 kB
ℹ dist/index.js                       0.98 kB │ gzip: 0.32 kB
ℹ dist/compiler-diagnostics.js        0.51 kB │ gzip: 0.20 kB
ℹ dist/stylesheet/index-public.js     0.51 kB │ gzip: 0.17 kB
ℹ dist/contracts.js                   0.21 kB │ gzip: 0.16 kB
ℹ dist/diagnostics/contracts.js       0.01 kB │ gzip: 0.03 kB
ℹ dist/project/options.js             0.01 kB │ gzip: 0.03 kB
ℹ dist/stylesheet/types.js            0.01 kB │ gzip: 0.03 kB
ℹ dist/stylesheet/index.d.ts          6.62 kB │ gzip: 1.20 kB
ℹ dist/stylesheet/public.d.ts         6.56 kB │ gzip: 1.27 kB
ℹ dist/node-compiler.d.ts             5.81 kB │ gzip: 1.28 kB
ℹ dist/diagnostics/contracts.d.ts     3.96 kB │ gzip: 0.89 kB
ℹ dist/stylesheet/types.d.ts          3.93 kB │ gzip: 1.07 kB
ℹ dist/index.d.ts                     3.79 kB │ gzip: 1.06 kB
ℹ dist/stylesheet/delivery.d.ts       2.29 kB │ gzip: 0.78 kB
ℹ dist/compiler.d.ts                  2.13 kB │ gzip: 0.61 kB
ℹ dist/stylesheet/directives.d.ts     2.13 kB │ gzip: 0.57 kB
ℹ dist/node.d.ts                      2.05 kB │ gzip: 0.46 kB
ℹ dist/session.d.ts                   1.96 kB │ gzip: 0.57 kB
ℹ dist/stylesheet/render-core.d.ts    1.92 kB │ gzip: 0.59 kB
ℹ dist/diagnostics/index.d.ts         1.67 kB │ gzip: 0.54 kB
ℹ dist/stylesheet/index-public.d.ts   1.66 kB │ gzip: 0.32 kB
ℹ dist/stylesheet/browser.d.ts        1.44 kB │ gzip: 0.51 kB
ℹ dist/project/entries.d.ts           1.40 kB │ gzip: 0.39 kB
ℹ dist/node-imports.d.ts              1.11 kB │ gzip: 0.41 kB
ℹ dist/project/manifest-sync.d.ts     1.07 kB │ gzip: 0.31 kB
ℹ dist/project/manifest.d.ts          1.02 kB │ gzip: 0.29 kB
ℹ dist/contracts.d.ts                 1.00 kB │ gzip: 0.42 kB
ℹ dist/project/options.d.ts           0.98 kB │ gzip: 0.32 kB
ℹ dist/project/binding-project.d.ts   0.93 kB │ gzip: 0.38 kB
ℹ dist/compiler-diagnostics.d.ts      0.78 kB │ gzip: 0.25 kB
ℹ dist/stylesheet/render.d.ts         0.53 kB │ gzip: 0.19 kB
ℹ 48 files, total: 153.91 kB
✔ Build complete in 121ms
