(!) Your Vite config uses features that are unsupported by `configLoader: 'native'`, which is planned to become the default in a future major version of Vite:
  - import "../../shared/vitest.config" without a file extension (vitest.config.ts:2:20). Add the file extension
  - import "./vitest-ci-config" without a file extension (../../shared/vitest.config.ts:2:58). Add the file extension
Set `VITE_CONFIG_NATIVE_IGNORE_WARNING=true` to suppress this warning.

 RUN  v5.0.0 /Users/aron/master/css/packages/cli

 ❯ tests/bug-hunt-asset-ownership.test.ts (1 test | 1 failed) 481ms
   × BH-0004 CLI records only assets it created and separates output ownership 480ms

⎯⎯⎯⎯⎯⎯⎯ Failed Tests 1 ⎯⎯⎯⎯⎯⎯⎯

 FAIL  tests/bug-hunt-asset-ownership.test.ts > BH-0004 CLI records only assets it created and separates output ownership
AssertionError: expected false to be true // Object.is equality

- Expected
+ Received

- true
+ false

 ❯ tests/bug-hunt-asset-ownership.test.ts:22:38
     20|     const first = run(cwd, 'dist/a.css'); expect(first.status, first.s…
     21|     const statePath = join(cwd, 'dist/.a.css.master-css.json')
     22|     expect(fs.existsSync(statePath)).toBe(true)
       |                                      ^
     23|     const state = JSON.parse(fs.readFileSync(statePath, 'utf8'))
     24|     expect(state.entry).toBe('a.css')

⎯⎯⎯⎯⎯⎯⎯⎯⎯⎯⎯⎯⎯⎯⎯⎯⎯⎯⎯⎯⎯⎯⎯⎯[1/1]⎯


 Test Files  1 failed (1)
      Tests  1 failed (1)
   Start at  14:11:16
   Duration  553ms (tests 97%, transform 2%, import 1%)

Error: ERR_PNPM_RECURSIVE_EXEC_FIRST_FAIL

  × "pnpm recursive exec" failed in /Users/aron/master/css/packages/cli

