(!) Your Vite config uses features that are unsupported by `configLoader: 'native'`, which is planned to become the default in a future major version of Vite:
  - import "../../shared/vitest.config" without a file extension (vitest.config.ts:3:20). Add the file extension
  - import "./vitest-ci-config" without a file extension (../../shared/vitest.config.ts:2:58). Add the file extension
Set `VITE_CONFIG_NATIVE_IGNORE_WARNING=true` to suppress this warning.

 RUN  v5.0.0 /Users/aron/master/css/packages/compiler

 ❯ tests/bug-hunt-project-graphs.test.ts (3 tests | 3 failed) 11ms
   × BH-0004 project manifests retain definitions through layer(shared) with external imports 6ms
   × BH-0004 project manifests retain definitions through layer with external imports 2ms
   × BH-0004 project manifests retain definitions through supports(display:grid) screen with external imports 2ms

⎯⎯⎯⎯⎯⎯⎯ Failed Tests 3 ⎯⎯⎯⎯⎯⎯⎯

 FAIL  tests/bug-hunt-project-graphs.test.ts > BH-0004 project manifests retain definitions through layer(shared) with external imports
Unknown Error: Cannot inline a qualified CSS import containing unresolved imports; resolve its nested imports first
⎯⎯⎯⎯⎯⎯⎯⎯⎯⎯⎯⎯⎯⎯⎯⎯⎯⎯⎯⎯⎯⎯⎯⎯[1/3]⎯

 FAIL  tests/bug-hunt-project-graphs.test.ts > BH-0004 project manifests retain definitions through layer with external imports
Unknown Error: Cannot inline a qualified CSS import containing unresolved imports; resolve its nested imports first
⎯⎯⎯⎯⎯⎯⎯⎯⎯⎯⎯⎯⎯⎯⎯⎯⎯⎯⎯⎯⎯⎯⎯⎯[2/3]⎯

 FAIL  tests/bug-hunt-project-graphs.test.ts > BH-0004 project manifests retain definitions through supports(display:grid) screen with external imports
Unknown Error: Cannot inline a qualified CSS import containing unresolved imports; resolve its nested imports first
⎯⎯⎯⎯⎯⎯⎯⎯⎯⎯⎯⎯⎯⎯⎯⎯⎯⎯⎯⎯⎯⎯⎯⎯[3/3]⎯


 Test Files  1 failed (1)
      Tests  3 failed (3)
   Start at  14:43:44
   Duration  283ms (transform 67%, import 27%, tests 5%, worker 1%)

Error: ERR_PNPM_RECURSIVE_EXEC_FIRST_FAIL

  × "pnpm recursive exec" failed in /Users/aron/master/css/packages/compiler

