{"built":true,"id":"external-first","browser":"chromium","media":"screen","colors":{"original":"rgb(255, 0, 0)","compiled":"rgb(255, 0, 0)"},"resource":false,"result":"PASS"}
{"built":true,"id":"external-first","browser":"chromium","media":"print","colors":{"original":"rgb(255, 0, 0)","compiled":"rgb(255, 0, 0)"},"resource":false,"result":"PASS"}
{"built":true,"id":"external-first","browser":"firefox","media":"screen","colors":{"original":"rgb(255, 0, 0)","compiled":"rgb(255, 0, 0)"},"resource":false,"result":"PASS"}
{"built":true,"id":"external-first","browser":"firefox","media":"print","colors":{"original":"rgb(255, 0, 0)","compiled":"rgb(255, 0, 0)"},"resource":false,"result":"PASS"}
{"built":true,"id":"external-first","browser":"webkit","media":"screen","colors":{"original":"rgb(255, 0, 0)","compiled":"rgb(255, 0, 0)"},"resource":false,"result":"PASS"}
{"built":true,"id":"external-first","browser":"webkit","media":"print","colors":{"original":"rgb(255, 0, 0)","compiled":"rgb(255, 0, 0)"},"resource":false,"result":"PASS"}
{"built":true,"id":"external-last","browser":"chromium","media":"screen","colors":{"original":"rgb(0, 0, 255)","compiled":"rgb(0, 0, 255)"},"resource":false,"result":"PASS"}
{"built":true,"id":"external-last","browser":"chromium","media":"print","colors":{"original":"rgb(0, 0, 255)","compiled":"rgb(0, 0, 255)"},"resource":false,"result":"PASS"}
{"built":true,"id":"external-last","browser":"firefox","media":"screen","colors":{"original":"rgb(0, 0, 255)","compiled":"rgb(0, 0, 255)"},"resource":false,"result":"PASS"}
{"built":true,"id":"external-last","browser":"firefox","media":"print","colors":{"original":"rgb(0, 0, 255)","compiled":"rgb(0, 0, 255)"},"resource":false,"result":"PASS"}
{"built":true,"id":"external-last","browser":"webkit","media":"screen","colors":{"original":"rgb(0, 0, 255)","compiled":"rgb(0, 0, 255)"},"resource":false,"result":"PASS"}
{"built":true,"id":"external-last","browser":"webkit","media":"print","colors":{"original":"rgb(0, 0, 255)","compiled":"rgb(0, 0, 255)"},"resource":false,"result":"PASS"}
{"built":true,"id":"same-layer","browser":"chromium","media":"screen","colors":{"original":"rgb(0, 0, 255)","compiled":"rgb(0, 0, 255)"},"resource":false,"result":"PASS"}
{"built":true,"id":"same-layer","browser":"chromium","media":"print","colors":{"original":"rgb(0, 0, 255)","compiled":"rgb(0, 0, 255)"},"resource":false,"result":"PASS"}
{"built":true,"id":"same-layer","browser":"firefox","media":"screen","colors":{"original":"rgb(0, 0, 255)","compiled":"rgb(0, 0, 255)"},"resource":false,"result":"PASS"}
{"built":true,"id":"same-layer","browser":"firefox","media":"print","colors":{"original":"rgb(0, 0, 255)","compiled":"rgb(0, 0, 255)"},"resource":false,"result":"PASS"}
{"built":true,"id":"same-layer","browser":"webkit","media":"screen","colors":{"original":"rgb(0, 0, 255)","compiled":"rgb(0, 0, 255)"},"resource":false,"result":"PASS"}
{"built":true,"id":"same-layer","browser":"webkit","media":"print","colors":{"original":"rgb(0, 0, 255)","compiled":"rgb(0, 0, 255)"},"resource":false,"result":"PASS"}
{"built":true,"id":"different-layers","browser":"chromium","media":"screen","colors":{"original":"rgb(0, 0, 255)","compiled":"rgb(0, 0, 255)"},"resource":false,"result":"PASS"}
{"built":true,"id":"different-layers","browser":"chromium","media":"print","colors":{"original":"rgb(0, 0, 255)","compiled":"rgb(0, 0, 255)"},"resource":false,"result":"PASS"}
{"built":true,"id":"different-layers","browser":"firefox","media":"screen","colors":{"original":"rgb(0, 0, 255)","compiled":"rgb(0, 0, 255)"},"resource":false,"result":"PASS"}
{"built":true,"id":"different-layers","browser":"firefox","media":"print","colors":{"original":"rgb(0, 0, 255)","compiled":"rgb(0, 0, 255)"},"resource":false,"result":"PASS"}
{"built":true,"id":"different-layers","browser":"webkit","media":"screen","colors":{"original":"rgb(0, 0, 255)","compiled":"rgb(0, 0, 255)"},"resource":false,"result":"PASS"}
{"built":true,"id":"different-layers","browser":"webkit","media":"print","colors":{"original":"rgb(0, 0, 255)","compiled":"rgb(0, 0, 255)"},"resource":false,"result":"PASS"}
{"built":true,"id":"predeclared-layers","browser":"chromium","media":"screen","colors":{"original":"rgb(0, 0, 255)","compiled":"rgb(0, 0, 255)"},"resource":false,"result":"PASS"}
{"built":true,"id":"predeclared-layers","browser":"chromium","media":"print","colors":{"original":"rgb(0, 0, 255)","compiled":"rgb(0, 0, 255)"},"resource":false,"result":"PASS"}
{"built":true,"id":"predeclared-layers","browser":"firefox","media":"screen","colors":{"original":"rgb(0, 0, 255)","compiled":"rgb(0, 0, 255)"},"resource":false,"result":"PASS"}
{"built":true,"id":"predeclared-layers","browser":"firefox","media":"print","colors":{"original":"rgb(0, 0, 255)","compiled":"rgb(0, 0, 255)"},"resource":false,"result":"PASS"}
{"built":true,"id":"predeclared-layers","browser":"webkit","media":"screen","colors":{"original":"rgb(0, 0, 255)","compiled":"rgb(0, 0, 255)"},"resource":false,"result":"PASS"}
{"built":true,"id":"predeclared-layers","browser":"webkit","media":"print","colors":{"original":"rgb(0, 0, 255)","compiled":"rgb(0, 0, 255)"},"resource":false,"result":"PASS"}
{"built":true,"id":"conditional-local","browser":"chromium","media":"screen","colors":{"original":"rgb(0, 0, 255)","compiled":"rgb(0, 0, 255)"},"resource":false,"result":"PASS"}
{"built":true,"id":"conditional-local","browser":"chromium","media":"print","colors":{"original":"rgb(0, 0, 255)","compiled":"rgb(0, 0, 255)"},"resource":false,"result":"PASS"}
{"built":true,"id":"conditional-local","browser":"firefox","media":"screen","colors":{"original":"rgb(0, 0, 255)","compiled":"rgb(0, 0, 255)"},"resource":false,"result":"PASS"}
{"built":true,"id":"conditional-local","browser":"firefox","media":"print","colors":{"original":"rgb(0, 0, 255)","compiled":"rgb(0, 0, 255)"},"resource":false,"result":"PASS"}
{"built":true,"id":"conditional-local","browser":"webkit","media":"screen","colors":{"original":"rgb(0, 0, 255)","compiled":"rgb(0, 0, 255)"},"resource":false,"result":"PASS"}
{"built":true,"id":"conditional-local","browser":"webkit","media":"print","colors":{"original":"rgb(0, 0, 255)","compiled":"rgb(0, 0, 255)"},"resource":false,"result":"PASS"}
{"built":true,"id":"nested-plain","browser":"chromium","media":"screen","colors":{"original":"rgb(255, 0, 0)","compiled":"rgb(255, 0, 0)"},"resource":false,"result":"PASS"}
{"built":true,"id":"nested-plain","browser":"chromium","media":"print","colors":{"original":"rgb(255, 0, 0)","compiled":"rgb(255, 0, 0)"},"resource":false,"result":"PASS"}
{"built":true,"id":"nested-plain","browser":"firefox","media":"screen","colors":{"original":"rgb(255, 0, 0)","compiled":"rgb(255, 0, 0)"},"resource":false,"result":"PASS"}
{"built":true,"id":"nested-plain","browser":"firefox","media":"print","colors":{"original":"rgb(255, 0, 0)","compiled":"rgb(255, 0, 0)"},"resource":false,"result":"PASS"}
{"built":true,"id":"nested-plain","browser":"webkit","media":"screen","colors":{"original":"rgb(255, 0, 0)","compiled":"rgb(255, 0, 0)"},"resource":false,"result":"PASS"}
{"built":true,"id":"nested-plain","browser":"webkit","media":"print","colors":{"original":"rgb(255, 0, 0)","compiled":"rgb(255, 0, 0)"},"resource":false,"result":"PASS"}
{"built":true,"id":"nested-named","browser":"chromium","media":"screen","colors":{"original":"rgb(255, 0, 0)","compiled":"rgb(255, 0, 0)"},"resource":false,"result":"PASS"}
{"built":true,"id":"nested-named","browser":"chromium","media":"print","colors":{"original":"rgb(255, 0, 0)","compiled":"rgb(255, 0, 0)"},"resource":false,"result":"PASS"}
{"built":true,"id":"nested-named","browser":"firefox","media":"screen","colors":{"original":"rgb(255, 0, 0)","compiled":"rgb(255, 0, 0)"},"resource":false,"result":"PASS"}
{"built":true,"id":"nested-named","browser":"firefox","media":"print","colors":{"original":"rgb(255, 0, 0)","compiled":"rgb(255, 0, 0)"},"resource":false,"result":"PASS"}
{"built":true,"id":"nested-named","browser":"webkit","media":"screen","colors":{"original":"rgb(255, 0, 0)","compiled":"rgb(255, 0, 0)"},"resource":false,"result":"PASS"}
{"built":true,"id":"nested-named","browser":"webkit","media":"print","colors":{"original":"rgb(255, 0, 0)","compiled":"rgb(255, 0, 0)"},"resource":false,"result":"PASS"}
{"built":true,"id":"nested-anonymous","browser":"chromium","media":"screen","colors":{"original":"rgb(255, 0, 0)","compiled":"rgb(255, 0, 0)"},"resource":false,"result":"PASS"}
{"built":true,"id":"nested-anonymous","browser":"chromium","media":"print","colors":{"original":"rgb(255, 0, 0)","compiled":"rgb(255, 0, 0)"},"resource":false,"result":"PASS"}
{"built":true,"id":"nested-anonymous","browser":"firefox","media":"screen","colors":{"original":"rgb(255, 0, 0)","compiled":"rgb(255, 0, 0)"},"resource":false,"result":"PASS"}
{"built":true,"id":"nested-anonymous","browser":"firefox","media":"print","colors":{"original":"rgb(255, 0, 0)","compiled":"rgb(255, 0, 0)"},"resource":false,"result":"PASS"}
{"built":true,"id":"nested-anonymous","browser":"webkit","media":"screen","colors":{"original":"rgb(255, 0, 0)","compiled":"rgb(255, 0, 0)"},"resource":false,"result":"PASS"}
{"built":true,"id":"nested-anonymous","browser":"webkit","media":"print","colors":{"original":"rgb(255, 0, 0)","compiled":"rgb(255, 0, 0)"},"resource":false,"result":"PASS"}
{"built":true,"id":"nested-supports-media","browser":"chromium","media":"screen","colors":{"original":"rgb(255, 0, 0)","compiled":"rgb(255, 0, 0)"},"resource":false,"result":"PASS"}
{"built":true,"id":"nested-supports-media","browser":"chromium","media":"print","colors":{"original":"rgb(0, 0, 0)","compiled":"rgb(0, 0, 0)"},"resource":false,"result":"PASS"}
{"built":true,"id":"nested-supports-media","browser":"firefox","media":"screen","colors":{"original":"rgb(255, 0, 0)","compiled":"rgb(255, 0, 0)"},"resource":false,"result":"PASS"}
{"built":true,"id":"nested-supports-media","browser":"firefox","media":"print","colors":{"original":"rgb(0, 0, 0)","compiled":"rgb(0, 0, 0)"},"resource":false,"result":"PASS"}
{"built":true,"id":"nested-supports-media","browser":"webkit","media":"screen","colors":{"original":"rgb(255, 0, 0)","compiled":"rgb(255, 0, 0)"},"resource":false,"result":"PASS"}
{"built":true,"id":"nested-supports-media","browser":"webkit","media":"print","colors":{"original":"rgb(0, 0, 0)","compiled":"rgb(0, 0, 0)"},"resource":false,"result":"PASS"}
{"built":true,"id":"resource-relocation","browser":"chromium","media":"screen","colors":{"original":"rgb(255, 0, 0)","compiled":"rgb(255, 0, 0)"},"resource":true,"result":"PASS"}
{"built":true,"id":"resource-relocation","browser":"chromium","media":"print","colors":{"original":"rgb(255, 0, 0)","compiled":"rgb(255, 0, 0)"},"resource":true,"result":"PASS"}
{"built":true,"id":"resource-relocation","browser":"firefox","media":"screen","colors":{"original":"rgb(255, 0, 0)","compiled":"rgb(255, 0, 0)"},"resource":true,"result":"PASS"}
{"built":true,"id":"resource-relocation","browser":"firefox","media":"print","colors":{"original":"rgb(255, 0, 0)","compiled":"rgb(255, 0, 0)"},"resource":true,"result":"PASS"}
{"built":true,"id":"resource-relocation","browser":"webkit","media":"screen","colors":{"original":"rgb(255, 0, 0)","compiled":"rgb(255, 0, 0)"},"resource":true,"result":"PASS"}
{"built":true,"id":"resource-relocation","browser":"webkit","media":"print","colors":{"original":"rgb(255, 0, 0)","compiled":"rgb(255, 0, 0)"},"resource":true,"result":"PASS"}
{"built":true,"cases":11,"comparisons":66,"failures":0,"scope":"actual public file API with explicit delivery URLs; host writes every returned CSS/resource asset"}
