(!) Your Vite config uses features that are unsupported by `configLoader: 'native'`, which is planned to become the default in a future major version of Vite:
  - import "../../shared/vitest.config" without a file extension (vitest.config.ts:3:20). Add the file extension
  - import "./vitest-ci-config" without a file extension (../../shared/vitest.config.ts:2:58). Add the file extension
Set `VITE_CONFIG_NATIVE_IGNORE_WARNING=true` to suppress this warning.

 RUN  v5.0.0 /Users/aron/master/css/packages/compiler

 ❯ tests/bug-hunt-file-delivery.test.ts (3 tests | 1 failed) 21ms
   × BH-0004 public file delivery preserves supports(display:grid) print with nested external imports 7ms

⎯⎯⎯⎯⎯⎯⎯ Failed Tests 1 ⎯⎯⎯⎯⎯⎯⎯

 FAIL  tests/bug-hunt-file-delivery.test.ts > BH-0004 public file delivery preserves supports(display:grid) print with nested external imports
AssertionError: expected '@import "/output/child.css" supports(…' to contain 'supports(display:grid) print'

- Expected
+ Received

- supports(display:grid) print
+ @import "/output/child.css" supports(display: grid) print;
+
+ .example {
+   color: green;
+ }

 ❯ tests/bug-hunt-file-delivery.test.ts:20:26
     18|       }
     19|       const result = compileManifestFileSync(entry, options)
     20|       expect(result.css).toContain(condition)
       |                          ^
     21|       expect(result.dependencies).toEqual(expect.arrayContaining([entr…
     22|       expect(result).toHaveProperty('stylesheets')

⎯⎯⎯⎯⎯⎯⎯⎯⎯⎯⎯⎯⎯⎯⎯⎯⎯⎯⎯⎯⎯⎯⎯⎯[1/1]⎯


 Test Files  1 failed (1)
      Tests  1 failed | 2 passed (3)
   Start at  15:02:32
   Duration  293ms (transform 64%, import 27%, tests 9%, worker 1%)

Error: ERR_PNPM_RECURSIVE_EXEC_FIRST_FAIL

  × "pnpm recursive exec" failed in /Users/aron/master/css/packages/compiler

