(!) Your Vite config uses features that are unsupported by `configLoader: 'native'`, which is planned to become the default in a future major version of Vite:
  - import "../../shared/vitest.config" without a file extension (vitest.config.ts:3:20). Add the file extension
  - import "./vitest-ci-config" without a file extension (../../shared/vitest.config.ts:2:58). Add the file extension
Set `VITE_CONFIG_NATIVE_IGNORE_WARNING=true` to suppress this warning.

 RUN  v5.0.0 /Users/aron/master/css/packages/compiler

 ❯ tests/bug-hunt-file-delivery.test.ts (3 tests | 3 failed) 9ms
   × BH-0004 public file delivery preserves layer(shared) with nested external imports 6ms
   × BH-0004 public file delivery preserves layer with nested external imports 1ms
   × BH-0004 public file delivery preserves supports(display:grid) print with nested external imports 2ms

⎯⎯⎯⎯⎯⎯⎯ Failed Tests 3 ⎯⎯⎯⎯⎯⎯⎯

 FAIL  tests/bug-hunt-file-delivery.test.ts > BH-0004 public file delivery preserves layer(shared) with nested external imports
Unknown Error: Cannot inline a qualified CSS import containing unresolved imports; resolve its nested imports first
⎯⎯⎯⎯⎯⎯⎯⎯⎯⎯⎯⎯⎯⎯⎯⎯⎯⎯⎯⎯⎯⎯⎯⎯[1/3]⎯

 FAIL  tests/bug-hunt-file-delivery.test.ts > BH-0004 public file delivery preserves layer with nested external imports
Unknown Error: Cannot inline a qualified CSS import containing unresolved imports; resolve its nested imports first
⎯⎯⎯⎯⎯⎯⎯⎯⎯⎯⎯⎯⎯⎯⎯⎯⎯⎯⎯⎯⎯⎯⎯⎯[2/3]⎯

 FAIL  tests/bug-hunt-file-delivery.test.ts > BH-0004 public file delivery preserves supports(display:grid) print with nested external imports
Unknown Error: Cannot inline a qualified CSS import containing unresolved imports; resolve its nested imports first
⎯⎯⎯⎯⎯⎯⎯⎯⎯⎯⎯⎯⎯⎯⎯⎯⎯⎯⎯⎯⎯⎯⎯⎯[3/3]⎯


 Test Files  1 failed (1)
      Tests  3 failed (3)
   Start at  15:01:45
   Duration  281ms (transform 65%, import 30%, tests 4%, worker 1%)

Error: ERR_PNPM_RECURSIVE_EXEC_FIRST_FAIL

  × "pnpm recursive exec" failed in /Users/aron/master/css/packages/compiler

