{"id":"before","browser":"chromium","media":"screen","variant":"insertion","original":{"color":"rgb(0, 0, 255)","background":"rgba(0, 0, 0, 0)"},"actual":{"color":"rgb(0, 128, 0)","background":"rgba(0, 0, 0, 0)"},"result":"FAIL"}
{"id":"before","browser":"chromium","media":"screen","variant":"hoist","original":{"color":"rgb(0, 0, 255)","background":"rgba(0, 0, 0, 0)"},"actual":{"color":"rgb(255, 0, 0)","background":"rgba(0, 0, 0, 0)"},"result":"FAIL"}
{"id":"before","browser":"chromium","media":"screen","variant":"graph","original":{"color":"rgb(0, 0, 255)","background":"rgba(0, 0, 0, 0)"},"actual":{"color":"rgb(0, 0, 255)","background":"rgba(0, 0, 0, 0)"},"result":"PASS"}
{"id":"before","browser":"chromium","media":"print","variant":"insertion","original":{"color":"rgb(0, 0, 255)","background":"rgba(0, 0, 0, 0)"},"actual":{"color":"rgb(0, 128, 0)","background":"rgba(0, 0, 0, 0)"},"result":"FAIL"}
{"id":"before","browser":"chromium","media":"print","variant":"hoist","original":{"color":"rgb(0, 0, 255)","background":"rgba(0, 0, 0, 0)"},"actual":{"color":"rgb(255, 0, 0)","background":"rgba(0, 0, 0, 0)"},"result":"FAIL"}
{"id":"before","browser":"chromium","media":"print","variant":"graph","original":{"color":"rgb(0, 0, 255)","background":"rgba(0, 0, 0, 0)"},"actual":{"color":"rgb(0, 0, 255)","background":"rgba(0, 0, 0, 0)"},"result":"PASS"}
{"id":"before","browser":"firefox","media":"screen","variant":"insertion","original":{"color":"rgb(0, 0, 255)","background":"rgba(0, 0, 0, 0)"},"actual":{"color":"rgb(0, 128, 0)","background":"rgba(0, 0, 0, 0)"},"result":"FAIL"}
{"id":"before","browser":"firefox","media":"screen","variant":"hoist","original":{"color":"rgb(0, 0, 255)","background":"rgba(0, 0, 0, 0)"},"actual":{"color":"rgb(255, 0, 0)","background":"rgba(0, 0, 0, 0)"},"result":"FAIL"}
{"id":"before","browser":"firefox","media":"screen","variant":"graph","original":{"color":"rgb(0, 0, 255)","background":"rgba(0, 0, 0, 0)"},"actual":{"color":"rgb(0, 0, 255)","background":"rgba(0, 0, 0, 0)"},"result":"PASS"}
{"id":"before","browser":"firefox","media":"print","variant":"insertion","original":{"color":"rgb(0, 0, 255)","background":"rgba(0, 0, 0, 0)"},"actual":{"color":"rgb(0, 128, 0)","background":"rgba(0, 0, 0, 0)"},"result":"FAIL"}
{"id":"before","browser":"firefox","media":"print","variant":"hoist","original":{"color":"rgb(0, 0, 255)","background":"rgba(0, 0, 0, 0)"},"actual":{"color":"rgb(255, 0, 0)","background":"rgba(0, 0, 0, 0)"},"result":"FAIL"}
{"id":"before","browser":"firefox","media":"print","variant":"graph","original":{"color":"rgb(0, 0, 255)","background":"rgba(0, 0, 0, 0)"},"actual":{"color":"rgb(0, 0, 255)","background":"rgba(0, 0, 0, 0)"},"result":"PASS"}
{"id":"before","browser":"webkit","media":"screen","variant":"insertion","original":{"color":"rgb(0, 0, 255)","background":"rgba(0, 0, 0, 0)"},"actual":{"color":"rgb(0, 128, 0)","background":"rgba(0, 0, 0, 0)"},"result":"FAIL"}
{"id":"before","browser":"webkit","media":"screen","variant":"hoist","original":{"color":"rgb(0, 0, 255)","background":"rgba(0, 0, 0, 0)"},"actual":{"color":"rgb(255, 0, 0)","background":"rgba(0, 0, 0, 0)"},"result":"FAIL"}
{"id":"before","browser":"webkit","media":"screen","variant":"graph","original":{"color":"rgb(0, 0, 255)","background":"rgba(0, 0, 0, 0)"},"actual":{"color":"rgb(0, 0, 255)","background":"rgba(0, 0, 0, 0)"},"result":"PASS"}
{"id":"before","browser":"webkit","media":"print","variant":"insertion","original":{"color":"rgb(0, 0, 255)","background":"rgba(0, 0, 0, 0)"},"actual":{"color":"rgb(0, 128, 0)","background":"rgba(0, 0, 0, 0)"},"result":"FAIL"}
{"id":"before","browser":"webkit","media":"print","variant":"hoist","original":{"color":"rgb(0, 0, 255)","background":"rgba(0, 0, 0, 0)"},"actual":{"color":"rgb(255, 0, 0)","background":"rgba(0, 0, 0, 0)"},"result":"FAIL"}
{"id":"before","browser":"webkit","media":"print","variant":"graph","original":{"color":"rgb(0, 0, 255)","background":"rgba(0, 0, 0, 0)"},"actual":{"color":"rgb(0, 0, 255)","background":"rgba(0, 0, 0, 0)"},"result":"PASS"}
{"id":"after","browser":"chromium","media":"screen","variant":"insertion","original":{"color":"rgb(0, 128, 0)","background":"rgba(0, 0, 0, 0)"},"actual":{"color":"rgb(0, 128, 0)","background":"rgba(0, 0, 0, 0)"},"result":"PASS"}
{"id":"after","browser":"chromium","media":"screen","variant":"hoist","original":{"color":"rgb(0, 128, 0)","background":"rgba(0, 0, 0, 0)"},"actual":{"color":"rgb(0, 128, 0)","background":"rgba(0, 0, 0, 0)"},"result":"PASS"}
{"id":"after","browser":"chromium","media":"screen","variant":"graph","original":{"color":"rgb(0, 128, 0)","background":"rgba(0, 0, 0, 0)"},"actual":{"color":"rgb(0, 128, 0)","background":"rgba(0, 0, 0, 0)"},"result":"PASS"}
{"id":"after","browser":"chromium","media":"print","variant":"insertion","original":{"color":"rgb(0, 128, 0)","background":"rgba(0, 0, 0, 0)"},"actual":{"color":"rgb(0, 128, 0)","background":"rgba(0, 0, 0, 0)"},"result":"PASS"}
{"id":"after","browser":"chromium","media":"print","variant":"hoist","original":{"color":"rgb(0, 128, 0)","background":"rgba(0, 0, 0, 0)"},"actual":{"color":"rgb(0, 128, 0)","background":"rgba(0, 0, 0, 0)"},"result":"PASS"}
{"id":"after","browser":"chromium","media":"print","variant":"graph","original":{"color":"rgb(0, 128, 0)","background":"rgba(0, 0, 0, 0)"},"actual":{"color":"rgb(0, 128, 0)","background":"rgba(0, 0, 0, 0)"},"result":"PASS"}
{"id":"after","browser":"firefox","media":"screen","variant":"insertion","original":{"color":"rgb(0, 128, 0)","background":"rgba(0, 0, 0, 0)"},"actual":{"color":"rgb(0, 128, 0)","background":"rgba(0, 0, 0, 0)"},"result":"PASS"}
{"id":"after","browser":"firefox","media":"screen","variant":"hoist","original":{"color":"rgb(0, 128, 0)","background":"rgba(0, 0, 0, 0)"},"actual":{"color":"rgb(0, 128, 0)","background":"rgba(0, 0, 0, 0)"},"result":"PASS"}
{"id":"after","browser":"firefox","media":"screen","variant":"graph","original":{"color":"rgb(0, 128, 0)","background":"rgba(0, 0, 0, 0)"},"actual":{"color":"rgb(0, 128, 0)","background":"rgba(0, 0, 0, 0)"},"result":"PASS"}
{"id":"after","browser":"firefox","media":"print","variant":"insertion","original":{"color":"rgb(0, 128, 0)","background":"rgba(0, 0, 0, 0)"},"actual":{"color":"rgb(0, 128, 0)","background":"rgba(0, 0, 0, 0)"},"result":"PASS"}
{"id":"after","browser":"firefox","media":"print","variant":"hoist","original":{"color":"rgb(0, 128, 0)","background":"rgba(0, 0, 0, 0)"},"actual":{"color":"rgb(0, 128, 0)","background":"rgba(0, 0, 0, 0)"},"result":"PASS"}
{"id":"after","browser":"firefox","media":"print","variant":"graph","original":{"color":"rgb(0, 128, 0)","background":"rgba(0, 0, 0, 0)"},"actual":{"color":"rgb(0, 128, 0)","background":"rgba(0, 0, 0, 0)"},"result":"PASS"}
{"id":"after","browser":"webkit","media":"screen","variant":"insertion","original":{"color":"rgb(0, 128, 0)","background":"rgba(0, 0, 0, 0)"},"actual":{"color":"rgb(0, 128, 0)","background":"rgba(0, 0, 0, 0)"},"result":"PASS"}
{"id":"after","browser":"webkit","media":"screen","variant":"hoist","original":{"color":"rgb(0, 128, 0)","background":"rgba(0, 0, 0, 0)"},"actual":{"color":"rgb(0, 128, 0)","background":"rgba(0, 0, 0, 0)"},"result":"PASS"}
{"id":"after","browser":"webkit","media":"screen","variant":"graph","original":{"color":"rgb(0, 128, 0)","background":"rgba(0, 0, 0, 0)"},"actual":{"color":"rgb(0, 128, 0)","background":"rgba(0, 0, 0, 0)"},"result":"PASS"}
{"id":"after","browser":"webkit","media":"print","variant":"insertion","original":{"color":"rgb(0, 128, 0)","background":"rgba(0, 0, 0, 0)"},"actual":{"color":"rgb(0, 128, 0)","background":"rgba(0, 0, 0, 0)"},"result":"PASS"}
{"id":"after","browser":"webkit","media":"print","variant":"hoist","original":{"color":"rgb(0, 128, 0)","background":"rgba(0, 0, 0, 0)"},"actual":{"color":"rgb(0, 128, 0)","background":"rgba(0, 0, 0, 0)"},"result":"PASS"}
{"id":"after","browser":"webkit","media":"print","variant":"graph","original":{"color":"rgb(0, 128, 0)","background":"rgba(0, 0, 0, 0)"},"actual":{"color":"rgb(0, 128, 0)","background":"rgba(0, 0, 0, 0)"},"result":"PASS"}
{"id":"both","browser":"chromium","media":"screen","variant":"insertion","original":{"color":"rgb(0, 0, 255)","background":"rgb(255, 255, 0)"},"actual":{"color":"rgb(0, 128, 0)","background":"rgb(255, 255, 0)"},"result":"FAIL"}
{"id":"both","browser":"chromium","media":"screen","variant":"hoist","original":{"color":"rgb(0, 0, 255)","background":"rgb(255, 255, 0)"},"actual":{"color":"rgb(255, 0, 0)","background":"rgb(255, 255, 0)"},"result":"FAIL"}
{"id":"both","browser":"chromium","media":"screen","variant":"graph","original":{"color":"rgb(0, 0, 255)","background":"rgb(255, 255, 0)"},"actual":{"color":"rgb(0, 0, 255)","background":"rgb(255, 255, 0)"},"result":"PASS"}
{"id":"both","browser":"chromium","media":"print","variant":"insertion","original":{"color":"rgb(0, 0, 255)","background":"rgb(255, 255, 0)"},"actual":{"color":"rgb(0, 128, 0)","background":"rgb(255, 255, 0)"},"result":"FAIL"}
{"id":"both","browser":"chromium","media":"print","variant":"hoist","original":{"color":"rgb(0, 0, 255)","background":"rgb(255, 255, 0)"},"actual":{"color":"rgb(255, 0, 0)","background":"rgb(255, 255, 0)"},"result":"FAIL"}
{"id":"both","browser":"chromium","media":"print","variant":"graph","original":{"color":"rgb(0, 0, 255)","background":"rgb(255, 255, 0)"},"actual":{"color":"rgb(0, 0, 255)","background":"rgb(255, 255, 0)"},"result":"PASS"}
{"id":"both","browser":"firefox","media":"screen","variant":"insertion","original":{"color":"rgb(0, 0, 255)","background":"rgb(255, 255, 0)"},"actual":{"color":"rgb(0, 128, 0)","background":"rgb(255, 255, 0)"},"result":"FAIL"}
{"id":"both","browser":"firefox","media":"screen","variant":"hoist","original":{"color":"rgb(0, 0, 255)","background":"rgb(255, 255, 0)"},"actual":{"color":"rgb(255, 0, 0)","background":"rgb(255, 255, 0)"},"result":"FAIL"}
{"id":"both","browser":"firefox","media":"screen","variant":"graph","original":{"color":"rgb(0, 0, 255)","background":"rgb(255, 255, 0)"},"actual":{"color":"rgb(0, 0, 255)","background":"rgb(255, 255, 0)"},"result":"PASS"}
{"id":"both","browser":"firefox","media":"print","variant":"insertion","original":{"color":"rgb(0, 0, 255)","background":"rgb(255, 255, 0)"},"actual":{"color":"rgb(0, 128, 0)","background":"rgb(255, 255, 0)"},"result":"FAIL"}
{"id":"both","browser":"firefox","media":"print","variant":"hoist","original":{"color":"rgb(0, 0, 255)","background":"rgb(255, 255, 0)"},"actual":{"color":"rgb(255, 0, 0)","background":"rgb(255, 255, 0)"},"result":"FAIL"}
{"id":"both","browser":"firefox","media":"print","variant":"graph","original":{"color":"rgb(0, 0, 255)","background":"rgb(255, 255, 0)"},"actual":{"color":"rgb(0, 0, 255)","background":"rgb(255, 255, 0)"},"result":"PASS"}
{"id":"both","browser":"webkit","media":"screen","variant":"insertion","original":{"color":"rgb(0, 0, 255)","background":"rgb(255, 255, 0)"},"actual":{"color":"rgb(0, 128, 0)","background":"rgb(255, 255, 0)"},"result":"FAIL"}
{"id":"both","browser":"webkit","media":"screen","variant":"hoist","original":{"color":"rgb(0, 0, 255)","background":"rgb(255, 255, 0)"},"actual":{"color":"rgb(255, 0, 0)","background":"rgb(255, 255, 0)"},"result":"FAIL"}
{"id":"both","browser":"webkit","media":"screen","variant":"graph","original":{"color":"rgb(0, 0, 255)","background":"rgb(255, 255, 0)"},"actual":{"color":"rgb(0, 0, 255)","background":"rgb(255, 255, 0)"},"result":"PASS"}
{"id":"both","browser":"webkit","media":"print","variant":"insertion","original":{"color":"rgb(0, 0, 255)","background":"rgb(255, 255, 0)"},"actual":{"color":"rgb(0, 128, 0)","background":"rgb(255, 255, 0)"},"result":"FAIL"}
{"id":"both","browser":"webkit","media":"print","variant":"hoist","original":{"color":"rgb(0, 0, 255)","background":"rgb(255, 255, 0)"},"actual":{"color":"rgb(255, 0, 0)","background":"rgb(255, 255, 0)"},"result":"FAIL"}
{"id":"both","browser":"webkit","media":"print","variant":"graph","original":{"color":"rgb(0, 0, 255)","background":"rgb(255, 255, 0)"},"actual":{"color":"rgb(0, 0, 255)","background":"rgb(255, 255, 0)"},"result":"PASS"}
{"counts":{"graph":{"pass":18,"fail":0},"insertion":{"pass":6,"fail":12},"hoist":{"pass":6,"fail":12}},"scope":"explicit segment proof only; arbitrary bundler CSS slot discovery and publication integration are not implemented"}
