{"id":"relative-split","browser":"chromium","cached":false,"requestedCSS":["assets/nested-Q7-_sEiV.css"],"stableRepeatedBuild":true,"dynamicImport":"PASS","result":"PASS"}
{"id":"relative-split","browser":"chromium","cached":true,"requestedCSS":["assets/nested-Q7-_sEiV.css"],"stableRepeatedBuild":true,"dynamicImport":"PASS","result":"PASS"}
{"id":"relative-split","browser":"firefox","cached":false,"requestedCSS":["assets/nested-Q7-_sEiV.css","assets/nested-Q7-_sEiV.css"],"stableRepeatedBuild":true,"dynamicImport":"PASS","result":"PASS"}
{"id":"relative-split","browser":"firefox","cached":true,"requestedCSS":["assets/nested-Q7-_sEiV.css","assets/nested-Q7-_sEiV.css"],"stableRepeatedBuild":true,"dynamicImport":"PASS","result":"PASS"}
{"id":"relative-split","browser":"webkit","cached":false,"requestedCSS":["assets/nested-Q7-_sEiV.css"],"stableRepeatedBuild":true,"dynamicImport":"PASS","result":"PASS"}
{"id":"relative-split","browser":"webkit","cached":true,"requestedCSS":["assets/nested-Q7-_sEiV.css"],"stableRepeatedBuild":true,"dynamicImport":"PASS","result":"PASS"}
{"id":"nested-base-unsplit","browser":"chromium","cached":false,"requestedCSS":["assets/style-Q7-_sEiV.css"],"stableRepeatedBuild":true,"dynamicImport":"PASS","result":"PASS"}
{"id":"nested-base-unsplit","browser":"chromium","cached":true,"requestedCSS":["assets/style-Q7-_sEiV.css"],"stableRepeatedBuild":true,"dynamicImport":"PASS","result":"PASS"}
{"id":"nested-base-unsplit","browser":"firefox","cached":false,"requestedCSS":["assets/style-Q7-_sEiV.css","assets/style-Q7-_sEiV.css"],"stableRepeatedBuild":true,"dynamicImport":"PASS","result":"PASS"}
{"id":"nested-base-unsplit","browser":"firefox","cached":true,"requestedCSS":["assets/style-Q7-_sEiV.css","assets/style-Q7-_sEiV.css"],"stableRepeatedBuild":true,"dynamicImport":"PASS","result":"PASS"}
{"id":"nested-base-unsplit","browser":"webkit","cached":false,"requestedCSS":["assets/style-Q7-_sEiV.css"],"stableRepeatedBuild":true,"dynamicImport":"PASS","result":"PASS"}
{"id":"nested-base-unsplit","browser":"webkit","cached":true,"requestedCSS":["assets/style-Q7-_sEiV.css"],"stableRepeatedBuild":true,"dynamicImport":"PASS","result":"PASS"}
{"id":"callback-hex","browser":"chromium","cached":false,"requestedCSS":["custom/css/nested-43bfbfb04895.css"],"stableRepeatedBuild":true,"dynamicImport":"PASS","result":"PASS"}
{"id":"callback-hex","browser":"chromium","cached":true,"requestedCSS":["custom/css/nested-43bfbfb04895.css"],"stableRepeatedBuild":true,"dynamicImport":"PASS","result":"PASS"}
{"id":"callback-hex","browser":"firefox","cached":false,"requestedCSS":["custom/css/nested-43bfbfb04895.css","custom/css/nested-43bfbfb04895.css"],"stableRepeatedBuild":true,"dynamicImport":"PASS","result":"PASS"}
{"id":"callback-hex","browser":"firefox","cached":true,"requestedCSS":["custom/css/nested-43bfbfb04895.css","custom/css/nested-43bfbfb04895.css"],"stableRepeatedBuild":true,"dynamicImport":"PASS","result":"PASS"}
{"id":"callback-hex","browser":"webkit","cached":false,"requestedCSS":["custom/css/nested-43bfbfb04895.css"],"stableRepeatedBuild":true,"dynamicImport":"PASS","result":"PASS"}
{"id":"callback-hex","browser":"webkit","cached":true,"requestedCSS":["custom/css/nested-43bfbfb04895.css"],"stableRepeatedBuild":true,"dynamicImport":"PASS","result":"PASS"}
{"id":"base36","browser":"chromium","cached":false,"requestedCSS":["assets/nested-1osdzbomffi4.css"],"stableRepeatedBuild":true,"dynamicImport":"PASS","result":"PASS"}
{"id":"base36","browser":"chromium","cached":true,"requestedCSS":["assets/nested-1osdzbomffi4.css"],"stableRepeatedBuild":true,"dynamicImport":"PASS","result":"PASS"}
{"id":"base36","browser":"firefox","cached":false,"requestedCSS":["assets/nested-1osdzbomffi4.css","assets/nested-1osdzbomffi4.css"],"stableRepeatedBuild":true,"dynamicImport":"PASS","result":"PASS"}
{"id":"base36","browser":"firefox","cached":true,"requestedCSS":["assets/nested-1osdzbomffi4.css","assets/nested-1osdzbomffi4.css"],"stableRepeatedBuild":true,"dynamicImport":"PASS","result":"PASS"}
{"id":"base36","browser":"webkit","cached":false,"requestedCSS":["assets/nested-1osdzbomffi4.css"],"stableRepeatedBuild":true,"dynamicImport":"PASS","result":"PASS"}
{"id":"base36","browser":"webkit","cached":true,"requestedCSS":["assets/nested-1osdzbomffi4.css"],"stableRepeatedBuild":true,"dynamicImport":"PASS","result":"PASS"}
{"id":"hash-directory","browser":"chromium","cached":false,"requestedCSS":["assets/Q7-_sEiVVnJo/nested.css"],"stableRepeatedBuild":true,"dynamicImport":"PASS","result":"PASS"}
{"id":"hash-directory","browser":"chromium","cached":true,"requestedCSS":["assets/Q7-_sEiVVnJo/nested.css"],"stableRepeatedBuild":true,"dynamicImport":"PASS","result":"PASS"}
{"id":"hash-directory","browser":"firefox","cached":false,"requestedCSS":["assets/Q7-_sEiVVnJo/nested.css","assets/Q7-_sEiVVnJo/nested.css"],"stableRepeatedBuild":true,"dynamicImport":"PASS","result":"PASS"}
{"id":"hash-directory","browser":"firefox","cached":true,"requestedCSS":["assets/Q7-_sEiVVnJo/nested.css","assets/Q7-_sEiVVnJo/nested.css"],"stableRepeatedBuild":true,"dynamicImport":"PASS","result":"PASS"}
{"id":"hash-directory","browser":"webkit","cached":false,"requestedCSS":["assets/Q7-_sEiVVnJo/nested.css"],"stableRepeatedBuild":true,"dynamicImport":"PASS","result":"PASS"}
{"id":"hash-directory","browser":"webkit","cached":true,"requestedCSS":["assets/Q7-_sEiVVnJo/nested.css"],"stableRepeatedBuild":true,"dynamicImport":"PASS","result":"PASS"}
{"id":"callback-source-hash","browser":"chromium","cached":false,"requestedCSS":["custom/nested.css-43bfbfb04895.css"],"stableRepeatedBuild":true,"dynamicImport":"PASS","result":"PASS"}
{"id":"callback-source-hash","browser":"chromium","cached":true,"requestedCSS":["custom/nested.css-43bfbfb04895.css"],"stableRepeatedBuild":true,"dynamicImport":"PASS","result":"PASS"}
{"id":"callback-source-hash","browser":"firefox","cached":false,"requestedCSS":["custom/nested.css-43bfbfb04895.css","custom/nested.css-43bfbfb04895.css"],"stableRepeatedBuild":true,"dynamicImport":"PASS","result":"PASS"}
{"id":"callback-source-hash","browser":"firefox","cached":true,"requestedCSS":["custom/nested.css-43bfbfb04895.css","custom/nested.css-43bfbfb04895.css"],"stableRepeatedBuild":true,"dynamicImport":"PASS","result":"PASS"}
{"id":"callback-source-hash","browser":"webkit","cached":false,"requestedCSS":["custom/nested.css-43bfbfb04895.css"],"stableRepeatedBuild":true,"dynamicImport":"PASS","result":"PASS"}
{"id":"callback-source-hash","browser":"webkit","cached":true,"requestedCSS":["custom/nested.css-43bfbfb04895.css"],"stableRepeatedBuild":true,"dynamicImport":"PASS","result":"PASS"}
{"id":"fixed-name","browser":"chromium","cached":false,"requestedCSS":["assets/nested.css"],"stableRepeatedBuild":true,"dynamicImport":"PASS","result":"PASS"}
{"id":"fixed-name","browser":"firefox","cached":false,"requestedCSS":["assets/nested.css","assets/nested.css"],"stableRepeatedBuild":true,"dynamicImport":"PASS","result":"PASS"}
{"id":"fixed-name","browser":"webkit","cached":false,"requestedCSS":["assets/nested.css"],"stableRepeatedBuild":true,"dynamicImport":"PASS","result":"PASS"}
{"modes":7,"builds":21,"comparisons":39,"failures":0,"fixedFilename":"preserved; fresh responses tested, cache invalidation remains caller policy"}
