   Compiling mastercss-compiler v0.0.0 (/Users/aron/master/css/crates/mastercss-compiler)
    Finished `test` profile [unoptimized + debuginfo] target(s) in 1.65s
     Running unittests src/lib.rs (target/debug/deps/mastercss_compiler-1ddd0671dbdc1944)

running 26 tests
test tests::can_skip_native_css_printing ... ok
test manifest::tests::compiles_variant_nodes ... ok
test manifest::tests::ignores_placeholders_and_dependencies_inside_quoted_values ... ok
test manifest::tests::compiles_variables_conditions_and_utilities ... ok
test lower::tests::orders_unconditioned_native_styles_before_matching_responsive_styles ... ok
test lower::tests::orders_matching_managed_utility_rules_without_moving_layers ... ok
test lower::tests::keeps_source_order_for_non_numeric_conditions_and_distinct_targets ... ok
test lower::tests::normalizes_root_size_when_ordering_numeric_conditions ... ok
test tests::owns_compose_syntax_diagnostic_codes_and_utf16_ranges ... ok
test tests::rejects_invalid_theme_modifier_combinations ... ok
test tests::recognizes_only_explicit_project_entry_markers ... ok
test tests::lowers_numeric_leading_variant_names ... ok
test tests::rejects_provider_import_cycles_deterministically ... ok
test tests::lowers_theme_modifiers_and_replaces_duplicate_mode_tokens_in_order ... ok
test tests::lowers_settings_into_the_canonical_manifest_input ... ok
test tests::lowers_static_managed_definitions_with_utf16_source_ranges ... ok
test lower::tests::orders_unconditioned_compositions_before_matching_responsive_compositions ... ok
test tests::resolves_import_graphs_through_a_provider_without_filesystem_ownership ... ok
test tests::normalizes_theme_alpha_aliases_and_unquoted_pipes ... ok
test lower::tests::rejects_invalid_native_declarations_in_compose ... ok
test tests::filters_native_selectors_without_losing_discovered_classes ... ok
test tests::lowers_static_theme_keyframes_outside_layers ... ok
test tests::compiles_native_css_and_removes_entry_directive ... ok
test tests::lowers_theme_tokens_and_preserves_native_css ... ok
test tests::lowers_native_compose_and_variant_styles ... ok
test lower::tests::accepts_valid_unparsed_native_declarations_in_compose ... ok

test result: ok. 26 passed; 0 failed; 0 ignored; 0 measured; 0 filtered out; finished in 0.01s

     Running tests/bug_hunt_bundle_context.rs (target/debug/deps/bug_hunt_bundle_context-221cf42218b98d88)

running 4 tests
test imports_stay_before_namespace_and_redeclared_defaults_keep_order ... ok
test namespaces_follow_ordinary_fragments_without_leaking_into_managed_graph ... ok
test missing_or_relative_mapping_does_not_partially_mutate_input ... FAILED
test relocation_preserves_original_positions_and_namespace_identifiers ... ok

failures:

---- missing_or_relative_mapping_does_not_partially_mutate_input stdout ----

thread 'missing_or_relative_mapping_does_not_partially_mutate_input' (38104981) panicked at crates/mastercss-compiler/tests/bug_hunt_bundle_context.rs:134:9:
assertion failed: error.to_string().contains("bundle")
note: run with `RUST_BACKTRACE=1` environment variable to display a backtrace


failures:
    missing_or_relative_mapping_does_not_partially_mutate_input

test result: FAILED. 3 passed; 1 failed; 0 ignored; 0 measured; 0 filtered out; finished in 0.00s

error: test failed, to rerun pass `-p mastercss-compiler --test bug_hunt_bundle_context`
