{"host":"vite","id":"plain-control","phase":"browser","browser":"chromium","media":"screen","colors":{"original":"rgb(0, 128, 0)","built":"rgb(0, 128, 0)"},"errors":[],"missing":[],"result":"PASS"}
{"host":"vite","id":"plain-control","phase":"browser","browser":"chromium","media":"print","colors":{"original":"rgb(0, 128, 0)","built":"rgb(0, 128, 0)"},"errors":[],"missing":[],"result":"PASS"}
{"host":"vite","id":"plain-control","phase":"browser","browser":"firefox","media":"screen","colors":{"original":"rgb(0, 128, 0)","built":"rgb(0, 128, 0)"},"errors":[],"missing":[],"result":"PASS"}
{"host":"vite","id":"plain-control","phase":"browser","browser":"firefox","media":"print","colors":{"original":"rgb(0, 128, 0)","built":"rgb(0, 128, 0)"},"errors":[],"missing":[],"result":"PASS"}
{"host":"vite","id":"plain-control","phase":"browser","browser":"webkit","media":"screen","colors":{"original":"rgb(0, 128, 0)","built":"rgb(0, 128, 0)"},"errors":[],"missing":[],"result":"PASS"}
{"host":"vite","id":"plain-control","phase":"browser","browser":"webkit","media":"print","colors":{"original":"rgb(0, 128, 0)","built":"rgb(0, 128, 0)"},"errors":[],"missing":[],"result":"PASS"}
{"host":"vite","id":"plain-control","assets":[{"file":"assets/index-SQ9l2uZT.css","css":"@import \"./master-css-91da1422c9778981ef0e-1.css\";"},{"file":"assets/master-css-91da1422c9778981ef0e-0.css","css":"\n"},{"file":"assets/master-css-91da1422c9778981ef0e-1.css","css":"@import \"./master-css-91da1422c9778981ef0e-2.css\";@import \"./master-css-91da1422c9778981ef0e-0.css\";"},{"file":"assets/master-css-91da1422c9778981ef0e-2.css","css":"@import \"./master-css-91da1422c9778981ef0e-3.css\";\n"},{"file":"assets/master-css-91da1422c9778981ef0e-3.css","css":".example {\n  color: green;\n}"}]}

{"host":"webpack","id":"plain-control","phase":"browser","browser":"chromium","media":"screen","colors":{"original":"rgb(0, 128, 0)","built":"rgb(0, 128, 0)"},"errors":[],"missing":[],"result":"PASS"}
{"host":"webpack","id":"plain-control","phase":"browser","browser":"chromium","media":"print","colors":{"original":"rgb(0, 128, 0)","built":"rgb(0, 128, 0)"},"errors":[],"missing":[],"result":"PASS"}
{"host":"webpack","id":"plain-control","phase":"browser","browser":"firefox","media":"screen","colors":{"original":"rgb(0, 128, 0)","built":"rgb(0, 128, 0)"},"errors":[],"missing":[],"result":"PASS"}
{"host":"webpack","id":"plain-control","phase":"browser","browser":"firefox","media":"print","colors":{"original":"rgb(0, 128, 0)","built":"rgb(0, 128, 0)"},"errors":[],"missing":[],"result":"PASS"}
{"host":"webpack","id":"plain-control","phase":"browser","browser":"webkit","media":"screen","colors":{"original":"rgb(0, 128, 0)","built":"rgb(0, 128, 0)"},"errors":[],"missing":[],"result":"PASS"}
{"host":"webpack","id":"plain-control","phase":"browser","browser":"webkit","media":"print","colors":{"original":"rgb(0, 128, 0)","built":"rgb(0, 128, 0)"},"errors":[],"missing":[],"result":"PASS"}
{"host":"webpack","id":"plain-control","assets":[{"file":"entry.css","css":".example{color:green}"}]}
{"host":"vite","id":"external-first","phase":"browser","browser":"chromium","media":"screen","colors":{"original":"rgb(255, 0, 0)","built":"rgb(255, 0, 0)"},"errors":[],"missing":[],"result":"PASS"}
{"host":"vite","id":"external-first","phase":"browser","browser":"chromium","media":"print","colors":{"original":"rgb(255, 0, 0)","built":"rgb(255, 0, 0)"},"errors":[],"missing":[],"result":"PASS"}
{"host":"vite","id":"external-first","phase":"browser","browser":"firefox","media":"screen","colors":{"original":"rgb(255, 0, 0)","built":"rgb(255, 0, 0)"},"errors":[],"missing":[],"result":"PASS"}
{"host":"vite","id":"external-first","phase":"browser","browser":"firefox","media":"print","colors":{"original":"rgb(255, 0, 0)","built":"rgb(255, 0, 0)"},"errors":[],"missing":[],"result":"PASS"}
{"host":"vite","id":"external-first","phase":"browser","browser":"webkit","media":"screen","colors":{"original":"rgb(255, 0, 0)","built":"rgb(255, 0, 0)"},"errors":[],"missing":[],"result":"PASS"}
{"host":"vite","id":"external-first","phase":"browser","browser":"webkit","media":"print","colors":{"original":"rgb(255, 0, 0)","built":"rgb(255, 0, 0)"},"errors":[],"missing":[],"result":"PASS"}
{"host":"vite","id":"external-first","assets":[{"file":"assets/index-xlrzqB8k.css","css":"@import \"./master-css-8da782323d694d5369d8-1.css\";"},{"file":"assets/master-css-8da782323d694d5369d8-0.css","css":"\n"},{"file":"assets/master-css-8da782323d694d5369d8-1.css","css":"@import \"./master-css-8da782323d694d5369d8-2.css\";@import \"./master-css-8da782323d694d5369d8-0.css\";"},{"file":"assets/master-css-8da782323d694d5369d8-2.css","css":"@import \"./master-css-8da782323d694d5369d8-3.css\";\n"},{"file":"assets/master-css-8da782323d694d5369d8-3.css","css":"@import \"https://remote.test/external.css\";\n@import \"./master-css-8da782323d694d5369d8-4.css\";"},{"file":"assets/master-css-8da782323d694d5369d8-4.css","css":".example {\n  color: red;\n}"}]}

{"host":"webpack","id":"external-first","phase":"browser","browser":"chromium","media":"screen","colors":{"original":"rgb(255, 0, 0)","built":"rgb(255, 0, 0)"},"errors":[],"missing":[],"result":"PASS"}
{"host":"webpack","id":"external-first","phase":"browser","browser":"chromium","media":"print","colors":{"original":"rgb(255, 0, 0)","built":"rgb(255, 0, 0)"},"errors":[],"missing":[],"result":"PASS"}
{"host":"webpack","id":"external-first","phase":"browser","browser":"firefox","media":"screen","colors":{"original":"rgb(255, 0, 0)","built":"rgb(255, 0, 0)"},"errors":[],"missing":[],"result":"PASS"}
{"host":"webpack","id":"external-first","phase":"browser","browser":"firefox","media":"print","colors":{"original":"rgb(255, 0, 0)","built":"rgb(255, 0, 0)"},"errors":[],"missing":[],"result":"PASS"}
{"host":"webpack","id":"external-first","phase":"browser","browser":"webkit","media":"screen","colors":{"original":"rgb(255, 0, 0)","built":"rgb(255, 0, 0)"},"errors":[],"missing":[],"result":"PASS"}
{"host":"webpack","id":"external-first","phase":"browser","browser":"webkit","media":"print","colors":{"original":"rgb(255, 0, 0)","built":"rgb(255, 0, 0)"},"errors":[],"missing":[],"result":"PASS"}
{"host":"webpack","id":"external-first","assets":[{"file":"entry.css","css":"@import url(https://remote.test/external.css);.example{color:red}"}]}
{"host":"vite","id":"external-last","phase":"browser","browser":"chromium","media":"screen","colors":{"original":"rgb(0, 0, 255)","built":"rgb(0, 0, 255)"},"errors":[],"missing":[],"result":"PASS"}
{"host":"vite","id":"external-last","phase":"browser","browser":"chromium","media":"print","colors":{"original":"rgb(0, 0, 255)","built":"rgb(0, 0, 255)"},"errors":[],"missing":[],"result":"PASS"}
{"host":"vite","id":"external-last","phase":"browser","browser":"firefox","media":"screen","colors":{"original":"rgb(0, 0, 255)","built":"rgb(0, 0, 255)"},"errors":[],"missing":[],"result":"PASS"}
{"host":"vite","id":"external-last","phase":"browser","browser":"firefox","media":"print","colors":{"original":"rgb(0, 0, 255)","built":"rgb(0, 0, 255)"},"errors":[],"missing":[],"result":"PASS"}
{"host":"vite","id":"external-last","phase":"browser","browser":"webkit","media":"screen","colors":{"original":"rgb(0, 0, 255)","built":"rgb(0, 0, 255)"},"errors":[],"missing":[],"result":"PASS"}
{"host":"vite","id":"external-last","phase":"browser","browser":"webkit","media":"print","colors":{"original":"rgb(0, 0, 255)","built":"rgb(0, 0, 255)"},"errors":[],"missing":[],"result":"PASS"}
{"host":"vite","id":"external-last","assets":[{"file":"assets/index-4K2zzXEC.css","css":"@import \"./master-css-3757b0d492155b2d1fe8-1.css\";"},{"file":"assets/master-css-3757b0d492155b2d1fe8-0.css","css":"\n"},{"file":"assets/master-css-3757b0d492155b2d1fe8-1.css","css":"@import \"./master-css-3757b0d492155b2d1fe8-2.css\";@import \"./master-css-3757b0d492155b2d1fe8-0.css\";"},{"file":"assets/master-css-3757b0d492155b2d1fe8-2.css","css":"@import \"./master-css-3757b0d492155b2d1fe8-3.css\";\n"},{"file":"assets/master-css-3757b0d492155b2d1fe8-3.css","css":"@import \"./master-css-3757b0d492155b2d1fe8-4.css\";\n@import \"https://remote.test/external.css\";"},{"file":"assets/master-css-3757b0d492155b2d1fe8-4.css","css":".example {\n  color: red;\n}"}]}

{"host":"webpack","id":"external-last","phase":"browser","browser":"chromium","media":"screen","colors":{"original":"rgb(0, 0, 255)","built":"rgb(255, 0, 0)"},"errors":[],"missing":[],"result":"FAIL"}
{"host":"webpack","id":"external-last","phase":"browser","browser":"chromium","media":"print","colors":{"original":"rgb(0, 0, 255)","built":"rgb(255, 0, 0)"},"errors":[],"missing":[],"result":"FAIL"}
{"host":"webpack","id":"external-last","phase":"browser","browser":"firefox","media":"screen","colors":{"original":"rgb(0, 0, 255)","built":"rgb(255, 0, 0)"},"errors":[],"missing":[],"result":"FAIL"}
{"host":"webpack","id":"external-last","phase":"browser","browser":"firefox","media":"print","colors":{"original":"rgb(0, 0, 255)","built":"rgb(255, 0, 0)"},"errors":[],"missing":[],"result":"FAIL"}
{"host":"webpack","id":"external-last","phase":"browser","browser":"webkit","media":"screen","colors":{"original":"rgb(0, 0, 255)","built":"rgb(255, 0, 0)"},"errors":[],"missing":[],"result":"FAIL"}
{"host":"webpack","id":"external-last","phase":"browser","browser":"webkit","media":"print","colors":{"original":"rgb(0, 0, 255)","built":"rgb(255, 0, 0)"},"errors":[],"missing":[],"result":"FAIL"}
{"host":"webpack","id":"external-last","assets":[{"file":"entry.css","css":"@import url(https://remote.test/external.css);.example{color:red}"}]}
{"host":"vite","id":"nested-layer","phase":"browser","browser":"chromium","media":"screen","colors":{"original":"rgb(255, 0, 0)","built":"rgb(255, 0, 0)"},"errors":[],"missing":[],"result":"PASS"}
{"host":"vite","id":"nested-layer","phase":"browser","browser":"chromium","media":"print","colors":{"original":"rgb(255, 0, 0)","built":"rgb(255, 0, 0)"},"errors":[],"missing":[],"result":"PASS"}
{"host":"vite","id":"nested-layer","phase":"browser","browser":"firefox","media":"screen","colors":{"original":"rgb(255, 0, 0)","built":"rgb(255, 0, 0)"},"errors":[],"missing":[],"result":"PASS"}
{"host":"vite","id":"nested-layer","phase":"browser","browser":"firefox","media":"print","colors":{"original":"rgb(255, 0, 0)","built":"rgb(255, 0, 0)"},"errors":[],"missing":[],"result":"PASS"}
{"host":"vite","id":"nested-layer","phase":"browser","browser":"webkit","media":"screen","colors":{"original":"rgb(255, 0, 0)","built":"rgb(255, 0, 0)"},"errors":[],"missing":[],"result":"PASS"}
{"host":"vite","id":"nested-layer","phase":"browser","browser":"webkit","media":"print","colors":{"original":"rgb(255, 0, 0)","built":"rgb(255, 0, 0)"},"errors":[],"missing":[],"result":"PASS"}
{"host":"vite","id":"nested-layer","assets":[{"file":"assets/index-2irO5-uD.css","css":"@import \"./master-css-1894a4ee0ff9912cb7c6-1.css\";"},{"file":"assets/master-css-1894a4ee0ff9912cb7c6-0.css","css":"\n"},{"file":"assets/master-css-1894a4ee0ff9912cb7c6-1.css","css":"@import \"./master-css-1894a4ee0ff9912cb7c6-2.css\";@import \"./master-css-1894a4ee0ff9912cb7c6-0.css\";"},{"file":"assets/master-css-1894a4ee0ff9912cb7c6-2.css","css":"@import \"./master-css-1894a4ee0ff9912cb7c6-3.css\";\n"},{"file":"assets/master-css-1894a4ee0ff9912cb7c6-3.css","css":"@import \"./master-css-1894a4ee0ff9912cb7c6-4.css\" layer(shared);"},{"file":"assets/master-css-1894a4ee0ff9912cb7c6-4.css","css":"@import \"https://remote.test/external.css\";\n\n.example {\n  color: red;\n}"}]}

{"host":"webpack","id":"nested-layer","phase":"build","result":"FAIL","message":"ERROR in css ../../../../../../private/var/folders/_b/768dhtz56ns54x1r867j67280000gn/T/master-css-build-delivery-jNG8LP/entry.css\nModule build failed (from ../../../../../../Users/aron/master/css/packages/webpack/dist/stylesheet-loader.js):\nMasterCSSError: Cannot inline a qualified CSS import containing unresolved imports; resolve its nested imports first\n    at normalizeBindingError (file:///Users/aron/master/css/packages/binding/dist/normalize-error.js:42:9)\n    at callBinding (file:///Users/aron/master/css/packages/binding/dist/normalize-error.js:53:9)\n    at invoke (file:///Users/aron/master/css/packages/binding/dist/compiler-binding-adapter.js:19:10)\n    at Object.resolveCSSImportGraph (file:///Users/aron/master/css/packages/binding/dist/compiler-binding-adapter.js:43:39)\n    at file:///Users/aron/master/css/packages/compiler/dist/node-compiler.js:38:60\n    at callCompilerBinding (file:///Users/aron/master/css/packages/compiler/dist/node-compiler.js:21:10)\n    at resolveCSSImportGraphSource (file:///Users/aron/master/css/packages/compiler/dist/node-compiler.js:38:17)\n    at resolveStylesheetImportGraph (file:///Users/aron/master/css/packages/compiler/dist/stylesheet/index.js:76:9)\n    at resolveMasterStyleSource (file:///Users/aron/master/css/packages/compiler/dist/stylesheet/index.js:125:29)\n    at resolveStylesheetSync (file:///Users/aron/master/css/packages/compiler/dist/stylesheet/public.js:26:118)\n"}
{"host":"vite","id":"nested-anonymous","phase":"browser","browser":"chromium","media":"screen","colors":{"original":"rgb(255, 0, 0)","built":"rgb(255, 0, 0)"},"errors":[],"missing":[],"result":"PASS"}
{"host":"vite","id":"nested-anonymous","phase":"browser","browser":"chromium","media":"print","colors":{"original":"rgb(255, 0, 0)","built":"rgb(255, 0, 0)"},"errors":[],"missing":[],"result":"PASS"}
{"host":"vite","id":"nested-anonymous","phase":"browser","browser":"firefox","media":"screen","colors":{"original":"rgb(255, 0, 0)","built":"rgb(255, 0, 0)"},"errors":[],"missing":[],"result":"PASS"}
{"host":"vite","id":"nested-anonymous","phase":"browser","browser":"firefox","media":"print","colors":{"original":"rgb(255, 0, 0)","built":"rgb(255, 0, 0)"},"errors":[],"missing":[],"result":"PASS"}
{"host":"vite","id":"nested-anonymous","phase":"browser","browser":"webkit","media":"screen","colors":{"original":"rgb(255, 0, 0)","built":"rgb(255, 0, 0)"},"errors":[],"missing":[],"result":"PASS"}
{"host":"vite","id":"nested-anonymous","phase":"browser","browser":"webkit","media":"print","colors":{"original":"rgb(255, 0, 0)","built":"rgb(255, 0, 0)"},"errors":[],"missing":[],"result":"PASS"}
{"host":"vite","id":"nested-anonymous","assets":[{"file":"assets/index-inqDBkM1.css","css":"@import \"./master-css-09c080a512a0d4f451b9-1.css\";"},{"file":"assets/master-css-09c080a512a0d4f451b9-0.css","css":"\n"},{"file":"assets/master-css-09c080a512a0d4f451b9-1.css","css":"@import \"./master-css-09c080a512a0d4f451b9-2.css\";@import \"./master-css-09c080a512a0d4f451b9-0.css\";"},{"file":"assets/master-css-09c080a512a0d4f451b9-2.css","css":"@import \"./master-css-09c080a512a0d4f451b9-3.css\";\n"},{"file":"assets/master-css-09c080a512a0d4f451b9-3.css","css":"@import \"./master-css-09c080a512a0d4f451b9-4.css\" layer;"},{"file":"assets/master-css-09c080a512a0d4f451b9-4.css","css":"@import \"https://remote.test/external.css\";\n\n.example {\n  color: red;\n}"}]}

{"host":"webpack","id":"nested-anonymous","phase":"build","result":"FAIL","message":"ERROR in css ../../../../../../private/var/folders/_b/768dhtz56ns54x1r867j67280000gn/T/master-css-build-delivery-jNG8LP/entry.css\nModule build failed (from ../../../../../../Users/aron/master/css/packages/webpack/dist/stylesheet-loader.js):\nMasterCSSError: Cannot inline a qualified CSS import containing unresolved imports; resolve its nested imports first\n    at normalizeBindingError (file:///Users/aron/master/css/packages/binding/dist/normalize-error.js:42:9)\n    at callBinding (file:///Users/aron/master/css/packages/binding/dist/normalize-error.js:53:9)\n    at invoke (file:///Users/aron/master/css/packages/binding/dist/compiler-binding-adapter.js:19:10)\n    at Object.resolveCSSImportGraph (file:///Users/aron/master/css/packages/binding/dist/compiler-binding-adapter.js:43:39)\n    at file:///Users/aron/master/css/packages/compiler/dist/node-compiler.js:38:60\n    at callCompilerBinding (file:///Users/aron/master/css/packages/compiler/dist/node-compiler.js:21:10)\n    at resolveCSSImportGraphSource (file:///Users/aron/master/css/packages/compiler/dist/node-compiler.js:38:17)\n    at resolveStylesheetImportGraph (file:///Users/aron/master/css/packages/compiler/dist/stylesheet/index.js:76:9)\n    at resolveMasterStyleSource (file:///Users/aron/master/css/packages/compiler/dist/stylesheet/index.js:125:29)\n    at resolveStylesheetSync (file:///Users/aron/master/css/packages/compiler/dist/stylesheet/public.js:26:118)\n"}
{"host":"vite","id":"nested-supports-print","phase":"browser","browser":"chromium","media":"screen","colors":{"original":"rgb(0, 0, 0)","built":"rgb(0, 0, 0)"},"errors":[],"missing":[],"result":"PASS"}
{"host":"vite","id":"nested-supports-print","phase":"browser","browser":"chromium","media":"print","colors":{"original":"rgb(255, 0, 0)","built":"rgb(255, 0, 0)"},"errors":[],"missing":[],"result":"PASS"}
{"host":"vite","id":"nested-supports-print","phase":"browser","browser":"firefox","media":"screen","colors":{"original":"rgb(0, 0, 0)","built":"rgb(0, 0, 0)"},"errors":[],"missing":[],"result":"PASS"}
{"host":"vite","id":"nested-supports-print","phase":"browser","browser":"firefox","media":"print","colors":{"original":"rgb(255, 0, 0)","built":"rgb(255, 0, 0)"},"errors":[],"missing":[],"result":"PASS"}
{"host":"vite","id":"nested-supports-print","phase":"browser","browser":"webkit","media":"screen","colors":{"original":"rgb(0, 0, 0)","built":"rgb(0, 0, 0)"},"errors":[],"missing":[],"result":"PASS"}
{"host":"vite","id":"nested-supports-print","phase":"browser","browser":"webkit","media":"print","colors":{"original":"rgb(255, 0, 0)","built":"rgb(255, 0, 0)"},"errors":[],"missing":[],"result":"PASS"}
{"host":"vite","id":"nested-supports-print","assets":[{"file":"assets/index-Pp-7mqwb.css","css":"@import \"./master-css-2f60e9c747adace9a931-1.css\";"},{"file":"assets/master-css-2f60e9c747adace9a931-0.css","css":"\n"},{"file":"assets/master-css-2f60e9c747adace9a931-1.css","css":"@import \"./master-css-2f60e9c747adace9a931-2.css\";@import \"./master-css-2f60e9c747adace9a931-0.css\";"},{"file":"assets/master-css-2f60e9c747adace9a931-2.css","css":"@import \"./master-css-2f60e9c747adace9a931-3.css\";\n"},{"file":"assets/master-css-2f60e9c747adace9a931-3.css","css":"@import \"./master-css-2f60e9c747adace9a931-4.css\" supports(display: grid) print;"},{"file":"assets/master-css-2f60e9c747adace9a931-4.css","css":"@import \"https://remote.test/external.css\";\n\n.example {\n  color: red;\n}"}]}

{"host":"webpack","id":"nested-supports-print","phase":"build","result":"FAIL","message":"ERROR in css ../../../../../../private/var/folders/_b/768dhtz56ns54x1r867j67280000gn/T/master-css-build-delivery-jNG8LP/entry.css\nModule build failed (from ../../../../../../Users/aron/master/css/packages/webpack/dist/stylesheet-loader.js):\nMasterCSSError: Cannot inline a qualified CSS import containing unresolved imports; resolve its nested imports first\n    at normalizeBindingError (file:///Users/aron/master/css/packages/binding/dist/normalize-error.js:42:9)\n    at callBinding (file:///Users/aron/master/css/packages/binding/dist/normalize-error.js:53:9)\n    at invoke (file:///Users/aron/master/css/packages/binding/dist/compiler-binding-adapter.js:19:10)\n    at Object.resolveCSSImportGraph (file:///Users/aron/master/css/packages/binding/dist/compiler-binding-adapter.js:43:39)\n    at file:///Users/aron/master/css/packages/compiler/dist/node-compiler.js:38:60\n    at callCompilerBinding (file:///Users/aron/master/css/packages/compiler/dist/node-compiler.js:21:10)\n    at resolveCSSImportGraphSource (file:///Users/aron/master/css/packages/compiler/dist/node-compiler.js:38:17)\n    at resolveStylesheetImportGraph (file:///Users/aron/master/css/packages/compiler/dist/stylesheet/index.js:76:9)\n    at resolveMasterStyleSource (file:///Users/aron/master/css/packages/compiler/dist/stylesheet/index.js:125:29)\n    at resolveStylesheetSync (file:///Users/aron/master/css/packages/compiler/dist/stylesheet/public.js:26:118)\n"}
{"host":"vite","id":"ordinary-before-managed","phase":"browser","browser":"chromium","media":"screen","colors":{"original":"rgb(0, 0, 255)","built":"rgb(0, 0, 255)"},"errors":[],"missing":[],"result":"PASS"}
{"host":"vite","id":"ordinary-before-managed","phase":"browser","browser":"chromium","media":"print","colors":{"original":"rgb(0, 0, 255)","built":"rgb(0, 0, 255)"},"errors":[],"missing":[],"result":"PASS"}
{"host":"vite","id":"ordinary-before-managed","phase":"browser","browser":"firefox","media":"screen","colors":{"original":"rgb(0, 0, 255)","built":"rgb(0, 0, 255)"},"errors":[],"missing":[],"result":"PASS"}
{"host":"vite","id":"ordinary-before-managed","phase":"browser","browser":"firefox","media":"print","colors":{"original":"rgb(0, 0, 255)","built":"rgb(0, 0, 255)"},"errors":[],"missing":[],"result":"PASS"}
{"host":"vite","id":"ordinary-before-managed","phase":"browser","browser":"webkit","media":"screen","colors":{"original":"rgb(0, 0, 255)","built":"rgb(0, 0, 255)"},"errors":[],"missing":[],"result":"PASS"}
{"host":"vite","id":"ordinary-before-managed","phase":"browser","browser":"webkit","media":"print","colors":{"original":"rgb(0, 0, 255)","built":"rgb(0, 0, 255)"},"errors":[],"missing":[],"result":"PASS"}
{"host":"vite","id":"ordinary-before-managed","assets":[{"file":"assets/index-J2sZfP_g.css","css":"@import \"./master-css-d07f1ca31e1193b3675a-2.css\";"},{"file":"assets/master-css-d07f1ca31e1193b3675a-0.css","css":".example{color:green}"},{"file":"assets/master-css-d07f1ca31e1193b3675a-1.css","css":"\n"},{"file":"assets/master-css-d07f1ca31e1193b3675a-2.css","css":"@import \"./master-css-d07f1ca31e1193b3675a-0.css\";@import \"./master-css-d07f1ca31e1193b3675a-3.css\";@import \"./master-css-d07f1ca31e1193b3675a-1.css\";"},{"file":"assets/master-css-d07f1ca31e1193b3675a-3.css","css":"@import \"./master-css-d07f1ca31e1193b3675a-4.css\";\n"},{"file":"assets/master-css-d07f1ca31e1193b3675a-4.css","css":"@import \"./master-css-d07f1ca31e1193b3675a-5.css\";\n@import \"https://remote.test/external.css\";"},{"file":"assets/master-css-d07f1ca31e1193b3675a-5.css","css":".example {\n  color: red;\n}"}]}

{"host":"webpack","id":"ordinary-before-managed","phase":"browser","browser":"chromium","media":"screen","colors":{"original":"rgb(0, 0, 255)","built":"rgb(255, 0, 0)"},"errors":[],"missing":[],"result":"FAIL"}
{"host":"webpack","id":"ordinary-before-managed","phase":"browser","browser":"chromium","media":"print","colors":{"original":"rgb(0, 0, 255)","built":"rgb(255, 0, 0)"},"errors":[],"missing":[],"result":"FAIL"}
{"host":"webpack","id":"ordinary-before-managed","phase":"browser","browser":"firefox","media":"screen","colors":{"original":"rgb(0, 0, 255)","built":"rgb(255, 0, 0)"},"errors":[],"missing":[],"result":"FAIL"}
{"host":"webpack","id":"ordinary-before-managed","phase":"browser","browser":"firefox","media":"print","colors":{"original":"rgb(0, 0, 255)","built":"rgb(255, 0, 0)"},"errors":[],"missing":[],"result":"FAIL"}
{"host":"webpack","id":"ordinary-before-managed","phase":"browser","browser":"webkit","media":"screen","colors":{"original":"rgb(0, 0, 255)","built":"rgb(255, 0, 0)"},"errors":[],"missing":[],"result":"FAIL"}
{"host":"webpack","id":"ordinary-before-managed","phase":"browser","browser":"webkit","media":"print","colors":{"original":"rgb(0, 0, 255)","built":"rgb(255, 0, 0)"},"errors":[],"missing":[],"result":"FAIL"}
{"host":"webpack","id":"ordinary-before-managed","assets":[{"file":"entry.css","css":"@import url(https://remote.test/external.css);.example{color:green}.example{color:red}"}]}
{"host":"vite","id":"ordinary-after-managed","phase":"browser","browser":"chromium","media":"screen","colors":{"original":"rgb(0, 128, 0)","built":"rgb(0, 128, 0)"},"errors":[],"missing":[],"result":"PASS"}
{"host":"vite","id":"ordinary-after-managed","phase":"browser","browser":"chromium","media":"print","colors":{"original":"rgb(0, 128, 0)","built":"rgb(0, 128, 0)"},"errors":[],"missing":[],"result":"PASS"}
{"host":"vite","id":"ordinary-after-managed","phase":"browser","browser":"firefox","media":"screen","colors":{"original":"rgb(0, 128, 0)","built":"rgb(0, 128, 0)"},"errors":[],"missing":[],"result":"PASS"}
{"host":"vite","id":"ordinary-after-managed","phase":"browser","browser":"firefox","media":"print","colors":{"original":"rgb(0, 128, 0)","built":"rgb(0, 128, 0)"},"errors":[],"missing":[],"result":"PASS"}
{"host":"vite","id":"ordinary-after-managed","phase":"browser","browser":"webkit","media":"screen","colors":{"original":"rgb(0, 128, 0)","built":"rgb(0, 128, 0)"},"errors":[],"missing":[],"result":"PASS"}
{"host":"vite","id":"ordinary-after-managed","phase":"browser","browser":"webkit","media":"print","colors":{"original":"rgb(0, 128, 0)","built":"rgb(0, 128, 0)"},"errors":[],"missing":[],"result":"PASS"}
{"host":"vite","id":"ordinary-after-managed","assets":[{"file":"assets/index-DzvTF9ix.css","css":"@import \"./master-css-1fb2df6dc3b76a87a30d-1.css\";"},{"file":"assets/master-css-1fb2df6dc3b76a87a30d-0.css","css":".example{color:green}\n"},{"file":"assets/master-css-1fb2df6dc3b76a87a30d-1.css","css":"@import \"./master-css-1fb2df6dc3b76a87a30d-2.css\";@import \"./master-css-1fb2df6dc3b76a87a30d-0.css\";"},{"file":"assets/master-css-1fb2df6dc3b76a87a30d-2.css","css":"@import \"./master-css-1fb2df6dc3b76a87a30d-3.css\";\n"},{"file":"assets/master-css-1fb2df6dc3b76a87a30d-3.css","css":"@import \"./master-css-1fb2df6dc3b76a87a30d-4.css\";\n@import \"https://remote.test/external.css\";"},{"file":"assets/master-css-1fb2df6dc3b76a87a30d-4.css","css":".example {\n  color: red;\n}"}]}

{"host":"webpack","id":"ordinary-after-managed","phase":"browser","browser":"chromium","media":"screen","colors":{"original":"rgb(0, 128, 0)","built":"rgb(0, 128, 0)"},"errors":[],"missing":[],"result":"PASS"}
{"host":"webpack","id":"ordinary-after-managed","phase":"browser","browser":"chromium","media":"print","colors":{"original":"rgb(0, 128, 0)","built":"rgb(0, 128, 0)"},"errors":[],"missing":[],"result":"PASS"}
{"host":"webpack","id":"ordinary-after-managed","phase":"browser","browser":"firefox","media":"screen","colors":{"original":"rgb(0, 128, 0)","built":"rgb(0, 128, 0)"},"errors":[],"missing":[],"result":"PASS"}
{"host":"webpack","id":"ordinary-after-managed","phase":"browser","browser":"firefox","media":"print","colors":{"original":"rgb(0, 128, 0)","built":"rgb(0, 128, 0)"},"errors":[],"missing":[],"result":"PASS"}
{"host":"webpack","id":"ordinary-after-managed","phase":"browser","browser":"webkit","media":"screen","colors":{"original":"rgb(0, 128, 0)","built":"rgb(0, 128, 0)"},"errors":[],"missing":[],"result":"PASS"}
{"host":"webpack","id":"ordinary-after-managed","phase":"browser","browser":"webkit","media":"print","colors":{"original":"rgb(0, 128, 0)","built":"rgb(0, 128, 0)"},"errors":[],"missing":[],"result":"PASS"}
{"host":"webpack","id":"ordinary-after-managed","assets":[{"file":"entry.css","css":"@import url(https://remote.test/external.css);.example{color:red}.example{color:green}"}]}
{"builds":16,"buildFailures":3,"comparisons":78,"browserFailures":12}
