{"id":"transitive-aliased-entry","phase":"browser","browser":"chromium","media":"screen","actual":"rgb(0, 0, 0)","missing":[],"errors":[],"resolutions":[],"result":"FAIL"}
{"id":"transitive-aliased-entry","phase":"browser","browser":"chromium","media":"print","actual":"rgb(0, 0, 0)","missing":[],"errors":[],"resolutions":[],"result":"FAIL"}
{"id":"transitive-aliased-entry","phase":"browser","browser":"firefox","media":"screen","actual":"rgb(0, 0, 0)","missing":[],"errors":[],"resolutions":[],"result":"FAIL"}
{"id":"transitive-aliased-entry","phase":"browser","browser":"firefox","media":"print","actual":"rgb(0, 0, 0)","missing":[],"errors":[],"resolutions":[],"result":"FAIL"}
{"id":"transitive-aliased-entry","phase":"browser","browser":"webkit","media":"screen","actual":"rgb(0, 0, 0)","missing":[],"errors":[],"resolutions":[],"result":"FAIL"}
{"id":"transitive-aliased-entry","phase":"browser","browser":"webkit","media":"print","actual":"rgb(0, 0, 0)","missing":[],"errors":[],"resolutions":[],"result":"FAIL"}
{"builds":1,"buildFailures":0,"comparisons":6,"failures":6}
node:internal/modules/run_main:107
    triggerUncaughtException(
    ^

AssertionError [ERR_ASSERTION]: Expected values to be strictly equal:

6 !== 0

    at file:///Users/aron/master/css/.ai/audits/bug-hunt/repros/vite-host-resolution.mjs:67:10 {
  generatedMessage: true,
  code: 'ERR_ASSERTION',
  actual: 6,
  expected: 0,
  operator: 'strictEqual',
  diff: 'simple'
}

Node.js v24.20.0
