(!) Your Vite config uses features that are unsupported by `configLoader: 'native'`, which is planned to become the default in a future major version of Vite:
  - import "../../shared/vitest.config" without a file extension (vitest.config.ts:3:20). Add the file extension
  - import "./vitest-ci-config" without a file extension (../../shared/vitest.config.ts:2:58). Add the file extension
Set `VITE_CONFIG_NATIVE_IGNORE_WARNING=true` to suppress this warning.

 RUN  v5.0.0 /Users/aron/master/css/packages/compiler

 ❯ tests/bug-hunt-host-resolution.test.ts (5 tests | 1 failed) 33ms
   × BH-0004 async host classification and registration preserve transitive definitions and CSS conditions 28ms

⎯⎯⎯⎯⎯⎯⎯ Failed Tests 1 ⎯⎯⎯⎯⎯⎯⎯

 FAIL  tests/bug-hunt-host-resolution.test.ts > BH-0004 async host classification and registration preserve transitive definitions and CSS conditions
AssertionError: {"css":"@import \"./2f7661722f666f6c646572732f5f622f3736386468747a35366e7335347831723836376a3637323830303030676e2f542f6d61737465722d6373732d686f73742d7265736f6c7574696f6e2d5052764d51392f656e7472792e6373730073686565742d30.css\";\n","stylesheets":[{"id":"/var/folders/_b/768dhtz56ns54x1r867j67280000gn/T/master-css-host-resolution-PRvMQ9/entry.css\u0000sheet-0","href":"./2f7661722f666f6c646572732f5f622f3736386468747a35366e7335347831723836376a3637323830303030676e2f542f6d61737465722d6373732d686f73742d7265736f6c7574696f6e2d5052764d51392f656e7472792e6373730073686565742d30.css","css":"@import \"./2f7661722f666f6c646572732f5f622f3736386468747a35366e7335347831723836376a3637323830303030676e2f542f6d61737465722d6373732d686f73742d7265736f6c7574696f6e2d5052764d51392f7374796c65732f6368696c642e6373730073686565742d30.css\" layer(shared) print;","nativeCSS":"@import \"./2f7661722f666f6c646572732f5f622f3736386468747a35366e7335347831723836376a3637323830303030676e2f542f6d61737465722d6373732d686f73742d7265736f6c7574696f6e2d5052764d51392f7374796c65732f6368696c642e6373730073686565742d30.css\" layer(shared) print;","generatedCSS":""},{"id":"/var/folders/_b/768dhtz56ns54x1r867j67280000gn/T/master-css-host-resolution-PRvMQ9/styles/child.css\u0000sheet-0","href":"./2f7661722f666f6c646572732f5f622f3736386468747a35366e7335347831723836376a3637323830303030676e2f542f6d61737465722d6373732d686f73742d7265736f6c7574696f6e2d5052764d51392f7374796c65732f6368696c642e6373730073686565742d30.css","css":".example{color:#00f}","nativeCSS":"","generatedCSS":".example{color:#00f}"}],"resources":[],"dependencies":["/var/folders/_b/768dhtz56ns54x1r867j67280000gn/T/master-css-host-resolution-PRvMQ9/entry.css","/var/folders/_b/768dhtz56ns54x1r867j67280000gn/T/master-css-host-resolution-PRvMQ9/styles/child.css"],"emittedGlobals":{"variables":{},"animations":{}}}: expected false to be true // Object.is equality

- Expected
+ Received

- true
+ false

 ❯ tests/bug-hunt-host-resolution.test.ts:30:105
     28|     await collection.register(f.scanner, f.entry, source, { baseManife…
     29|     const result = await collection.compose({ scanner: f.scanner, base…
     30|     expect(result.stylesheets?.some(asset => asset.css.includes('color…
       |                                                                                                         ^
     31|     expect(result.stylesheets?.some(asset => asset.css.includes('layer…
     32|     expect(calls.every(importer => importer === f.entry)).toBe(true)

⎯⎯⎯⎯⎯⎯⎯⎯⎯⎯⎯⎯⎯⎯⎯⎯⎯⎯⎯⎯⎯⎯⎯⎯[1/1]⎯


 Test Files  1 failed (1)
      Tests  1 failed | 4 passed (5)
   Start at  17:11:47
   Duration  296ms (transform 60%, import 26%, tests 14%, worker 1%)

Error: ERR_PNPM_RECURSIVE_EXEC_FIRST_FAIL

  × "pnpm recursive exec" failed in /Users/aron/master/css/packages/compiler

