{"id":"string-alias","phase":"browser","browser":"chromium","media":"screen","actual":"rgb(0, 0, 255)","missing":[],"errors":[],"resolutions":[],"result":"PASS"}
{"id":"string-alias","phase":"browser","browser":"chromium","media":"print","actual":"rgb(0, 0, 255)","missing":[],"errors":[],"resolutions":[],"result":"PASS"}
{"id":"string-alias","phase":"browser","browser":"firefox","media":"screen","actual":"rgb(0, 0, 255)","missing":[],"errors":[],"resolutions":[],"result":"PASS"}
{"id":"string-alias","phase":"browser","browser":"firefox","media":"print","actual":"rgb(0, 0, 255)","missing":[],"errors":[],"resolutions":[],"result":"PASS"}
{"id":"string-alias","phase":"browser","browser":"webkit","media":"screen","actual":"rgb(0, 0, 255)","missing":[],"errors":[],"resolutions":[],"result":"PASS"}
{"id":"string-alias","phase":"browser","browser":"webkit","media":"print","actual":"rgb(0, 0, 255)","missing":[],"errors":[],"resolutions":[],"result":"PASS"}
{"id":"regex-alias","phase":"browser","browser":"chromium","media":"screen","actual":"rgb(0, 0, 255)","missing":[],"errors":[],"resolutions":[],"result":"PASS"}
{"id":"regex-alias","phase":"browser","browser":"chromium","media":"print","actual":"rgb(0, 0, 255)","missing":[],"errors":[],"resolutions":[],"result":"PASS"}
{"id":"regex-alias","phase":"browser","browser":"firefox","media":"screen","actual":"rgb(0, 0, 255)","missing":[],"errors":[],"resolutions":[],"result":"PASS"}
{"id":"regex-alias","phase":"browser","browser":"firefox","media":"print","actual":"rgb(0, 0, 255)","missing":[],"errors":[],"resolutions":[],"result":"PASS"}
{"id":"regex-alias","phase":"browser","browser":"webkit","media":"screen","actual":"rgb(0, 0, 255)","missing":[],"errors":[],"resolutions":[],"result":"PASS"}
{"id":"regex-alias","phase":"browser","browser":"webkit","media":"print","actual":"rgb(0, 0, 255)","missing":[],"errors":[],"resolutions":[],"result":"PASS"}
{"id":"custom-file-resolver","phase":"browser","browser":"chromium","media":"screen","actual":"rgb(0, 0, 255)","missing":[],"errors":[],"resolutions":[{"id":"custom-colors","importer":"/private/var/folders/_b/768dhtz56ns54x1r867j67280000gn/T/master-css-vite-host-resolution-XS0KWV/entry.css"},{"id":"custom-colors","importer":"/private/var/folders/_b/768dhtz56ns54x1r867j67280000gn/T/master-css-vite-host-resolution-XS0KWV/entry.css"},{"id":"custom-colors","importer":"/private/var/folders/_b/768dhtz56ns54x1r867j67280000gn/T/master-css-vite-host-resolution-XS0KWV/entry.css"}],"result":"PASS"}
{"id":"custom-file-resolver","phase":"browser","browser":"chromium","media":"print","actual":"rgb(0, 0, 255)","missing":[],"errors":[],"resolutions":[{"id":"custom-colors","importer":"/private/var/folders/_b/768dhtz56ns54x1r867j67280000gn/T/master-css-vite-host-resolution-XS0KWV/entry.css"},{"id":"custom-colors","importer":"/private/var/folders/_b/768dhtz56ns54x1r867j67280000gn/T/master-css-vite-host-resolution-XS0KWV/entry.css"},{"id":"custom-colors","importer":"/private/var/folders/_b/768dhtz56ns54x1r867j67280000gn/T/master-css-vite-host-resolution-XS0KWV/entry.css"}],"result":"PASS"}
{"id":"custom-file-resolver","phase":"browser","browser":"firefox","media":"screen","actual":"rgb(0, 0, 255)","missing":[],"errors":[],"resolutions":[{"id":"custom-colors","importer":"/private/var/folders/_b/768dhtz56ns54x1r867j67280000gn/T/master-css-vite-host-resolution-XS0KWV/entry.css"},{"id":"custom-colors","importer":"/private/var/folders/_b/768dhtz56ns54x1r867j67280000gn/T/master-css-vite-host-resolution-XS0KWV/entry.css"},{"id":"custom-colors","importer":"/private/var/folders/_b/768dhtz56ns54x1r867j67280000gn/T/master-css-vite-host-resolution-XS0KWV/entry.css"}],"result":"PASS"}
{"id":"custom-file-resolver","phase":"browser","browser":"firefox","media":"print","actual":"rgb(0, 0, 255)","missing":[],"errors":[],"resolutions":[{"id":"custom-colors","importer":"/private/var/folders/_b/768dhtz56ns54x1r867j67280000gn/T/master-css-vite-host-resolution-XS0KWV/entry.css"},{"id":"custom-colors","importer":"/private/var/folders/_b/768dhtz56ns54x1r867j67280000gn/T/master-css-vite-host-resolution-XS0KWV/entry.css"},{"id":"custom-colors","importer":"/private/var/folders/_b/768dhtz56ns54x1r867j67280000gn/T/master-css-vite-host-resolution-XS0KWV/entry.css"}],"result":"PASS"}
{"id":"custom-file-resolver","phase":"browser","browser":"webkit","media":"screen","actual":"rgb(0, 0, 255)","missing":[],"errors":[],"resolutions":[{"id":"custom-colors","importer":"/private/var/folders/_b/768dhtz56ns54x1r867j67280000gn/T/master-css-vite-host-resolution-XS0KWV/entry.css"},{"id":"custom-colors","importer":"/private/var/folders/_b/768dhtz56ns54x1r867j67280000gn/T/master-css-vite-host-resolution-XS0KWV/entry.css"},{"id":"custom-colors","importer":"/private/var/folders/_b/768dhtz56ns54x1r867j67280000gn/T/master-css-vite-host-resolution-XS0KWV/entry.css"}],"result":"PASS"}
{"id":"custom-file-resolver","phase":"browser","browser":"webkit","media":"print","actual":"rgb(0, 0, 255)","missing":[],"errors":[],"resolutions":[{"id":"custom-colors","importer":"/private/var/folders/_b/768dhtz56ns54x1r867j67280000gn/T/master-css-vite-host-resolution-XS0KWV/entry.css"},{"id":"custom-colors","importer":"/private/var/folders/_b/768dhtz56ns54x1r867j67280000gn/T/master-css-vite-host-resolution-XS0KWV/entry.css"},{"id":"custom-colors","importer":"/private/var/folders/_b/768dhtz56ns54x1r867j67280000gn/T/master-css-vite-host-resolution-XS0KWV/entry.css"}],"result":"PASS"}
{"id":"import-export-condition","phase":"browser","browser":"chromium","media":"screen","actual":"rgb(0, 0, 255)","missing":[],"errors":[],"resolutions":[],"result":"PASS"}
{"id":"import-export-condition","phase":"browser","browser":"chromium","media":"print","actual":"rgb(0, 0, 255)","missing":[],"errors":[],"resolutions":[],"result":"PASS"}
{"id":"import-export-condition","phase":"browser","browser":"firefox","media":"screen","actual":"rgb(0, 0, 255)","missing":[],"errors":[],"resolutions":[],"result":"PASS"}
{"id":"import-export-condition","phase":"browser","browser":"firefox","media":"print","actual":"rgb(0, 0, 255)","missing":[],"errors":[],"resolutions":[],"result":"PASS"}
{"id":"import-export-condition","phase":"browser","browser":"webkit","media":"screen","actual":"rgb(0, 0, 255)","missing":[],"errors":[],"resolutions":[],"result":"PASS"}
{"id":"import-export-condition","phase":"browser","browser":"webkit","media":"print","actual":"rgb(0, 0, 255)","missing":[],"errors":[],"resolutions":[],"result":"PASS"}
{"id":"transitive-aliased-entry","phase":"browser","browser":"chromium","media":"screen","actual":"rgb(0, 0, 255)","missing":[],"errors":[],"resolutions":[],"result":"PASS"}
{"id":"transitive-aliased-entry","phase":"browser","browser":"chromium","media":"print","actual":"rgb(0, 0, 255)","missing":[],"errors":[],"resolutions":[],"result":"PASS"}
{"id":"transitive-aliased-entry","phase":"browser","browser":"firefox","media":"screen","actual":"rgb(0, 0, 255)","missing":[],"errors":[],"resolutions":[],"result":"PASS"}
{"id":"transitive-aliased-entry","phase":"browser","browser":"firefox","media":"print","actual":"rgb(0, 0, 255)","missing":[],"errors":[],"resolutions":[],"result":"PASS"}
{"id":"transitive-aliased-entry","phase":"browser","browser":"webkit","media":"screen","actual":"rgb(0, 0, 255)","missing":[],"errors":[],"resolutions":[],"result":"PASS"}
{"id":"transitive-aliased-entry","phase":"browser","browser":"webkit","media":"print","actual":"rgb(0, 0, 255)","missing":[],"errors":[],"resolutions":[],"result":"PASS"}
{"builds":5,"buildFailures":0,"comparisons":30,"failures":0}
