{"id":"relative-project-pruning","phase":"browser","browser":"chromium","media":"screen","initial":"rgb(0, 0, 255)","late":"rgb(0, 0, 0)","expectedLate":"rgb(0, 0, 0)","missing":[],"errors":[],"loads":[],"result":"PASS"}
{"id":"relative-project-pruning","phase":"browser","browser":"chromium","media":"print","initial":"rgb(0, 0, 255)","late":"rgb(0, 0, 0)","expectedLate":"rgb(0, 0, 0)","missing":[],"errors":[],"loads":[],"result":"PASS"}
{"id":"relative-project-pruning","phase":"browser","browser":"firefox","media":"screen","initial":"rgb(0, 0, 255)","late":"rgb(0, 0, 0)","expectedLate":"rgb(0, 0, 0)","missing":[],"errors":[],"loads":[],"result":"PASS"}
{"id":"relative-project-pruning","phase":"browser","browser":"firefox","media":"print","initial":"rgb(0, 0, 255)","late":"rgb(0, 0, 0)","expectedLate":"rgb(0, 0, 0)","missing":[],"errors":[],"loads":[],"result":"PASS"}
{"id":"relative-project-pruning","phase":"browser","browser":"webkit","media":"screen","initial":"rgb(0, 0, 255)","late":"rgb(0, 0, 0)","expectedLate":"rgb(0, 0, 0)","missing":[],"errors":[],"loads":[],"result":"PASS"}
{"id":"relative-project-pruning","phase":"browser","browser":"webkit","media":"print","initial":"rgb(0, 0, 255)","late":"rgb(0, 0, 0)","expectedLate":"rgb(0, 0, 0)","missing":[],"errors":[],"loads":[],"result":"PASS"}
{"id":"alias-project-pruning","phase":"browser","browser":"chromium","media":"screen","initial":"rgb(0, 0, 255)","late":"rgb(255, 0, 0)","expectedLate":"rgb(0, 0, 0)","missing":[],"errors":[],"loads":[],"result":"FAIL"}
{"id":"alias-project-pruning","phase":"browser","browser":"chromium","media":"print","initial":"rgb(0, 0, 255)","late":"rgb(255, 0, 0)","expectedLate":"rgb(0, 0, 0)","missing":[],"errors":[],"loads":[],"result":"FAIL"}
{"id":"alias-project-pruning","phase":"browser","browser":"firefox","media":"screen","initial":"rgb(0, 0, 255)","late":"rgb(255, 0, 0)","expectedLate":"rgb(0, 0, 0)","missing":[],"errors":[],"loads":[],"result":"FAIL"}
{"id":"alias-project-pruning","phase":"browser","browser":"firefox","media":"print","initial":"rgb(0, 0, 255)","late":"rgb(255, 0, 0)","expectedLate":"rgb(0, 0, 0)","missing":[],"errors":[],"loads":[],"result":"FAIL"}
{"id":"alias-project-pruning","phase":"browser","browser":"webkit","media":"screen","initial":"rgb(0, 0, 255)","late":"rgb(255, 0, 0)","expectedLate":"rgb(0, 0, 0)","missing":[],"errors":[],"loads":[],"result":"FAIL"}
{"id":"alias-project-pruning","phase":"browser","browser":"webkit","media":"print","initial":"rgb(0, 0, 255)","late":"rgb(255, 0, 0)","expectedLate":"rgb(0, 0, 0)","missing":[],"errors":[],"loads":[],"result":"FAIL"}
{"id":"regex-project-pruning","phase":"browser","browser":"chromium","media":"screen","initial":"rgb(0, 0, 255)","late":"rgb(255, 0, 0)","expectedLate":"rgb(0, 0, 0)","missing":[],"errors":[],"loads":[],"result":"FAIL"}
{"id":"regex-project-pruning","phase":"browser","browser":"chromium","media":"print","initial":"rgb(0, 0, 255)","late":"rgb(255, 0, 0)","expectedLate":"rgb(0, 0, 0)","missing":[],"errors":[],"loads":[],"result":"FAIL"}
{"id":"regex-project-pruning","phase":"browser","browser":"firefox","media":"screen","initial":"rgb(0, 0, 255)","late":"rgb(255, 0, 0)","expectedLate":"rgb(0, 0, 0)","missing":[],"errors":[],"loads":[],"result":"FAIL"}
{"id":"regex-project-pruning","phase":"browser","browser":"firefox","media":"print","initial":"rgb(0, 0, 255)","late":"rgb(255, 0, 0)","expectedLate":"rgb(0, 0, 0)","missing":[],"errors":[],"loads":[],"result":"FAIL"}
{"id":"regex-project-pruning","phase":"browser","browser":"webkit","media":"screen","initial":"rgb(0, 0, 255)","late":"rgb(255, 0, 0)","expectedLate":"rgb(0, 0, 0)","missing":[],"errors":[],"loads":[],"result":"FAIL"}
{"id":"regex-project-pruning","phase":"browser","browser":"webkit","media":"print","initial":"rgb(0, 0, 255)","late":"rgb(255, 0, 0)","expectedLate":"rgb(0, 0, 0)","missing":[],"errors":[],"loads":[],"result":"FAIL"}
{"id":"custom-project-pruning","phase":"browser","browser":"chromium","media":"screen","initial":"rgb(0, 0, 255)","late":"rgb(255, 0, 0)","expectedLate":"rgb(0, 0, 0)","missing":[],"errors":[],"loads":[],"result":"FAIL"}
{"id":"custom-project-pruning","phase":"browser","browser":"chromium","media":"print","initial":"rgb(0, 0, 255)","late":"rgb(255, 0, 0)","expectedLate":"rgb(0, 0, 0)","missing":[],"errors":[],"loads":[],"result":"FAIL"}
{"id":"custom-project-pruning","phase":"browser","browser":"firefox","media":"screen","initial":"rgb(0, 0, 255)","late":"rgb(255, 0, 0)","expectedLate":"rgb(0, 0, 0)","missing":[],"errors":[],"loads":[],"result":"FAIL"}
{"id":"custom-project-pruning","phase":"browser","browser":"firefox","media":"print","initial":"rgb(0, 0, 255)","late":"rgb(255, 0, 0)","expectedLate":"rgb(0, 0, 0)","missing":[],"errors":[],"loads":[],"result":"FAIL"}
{"id":"custom-project-pruning","phase":"browser","browser":"webkit","media":"screen","initial":"rgb(0, 0, 255)","late":"rgb(255, 0, 0)","expectedLate":"rgb(0, 0, 0)","missing":[],"errors":[],"loads":[],"result":"FAIL"}
{"id":"custom-project-pruning","phase":"browser","browser":"webkit","media":"print","initial":"rgb(0, 0, 255)","late":"rgb(255, 0, 0)","expectedLate":"rgb(0, 0, 0)","missing":[],"errors":[],"loads":[],"result":"FAIL"}
{"id":"package-native-preservation","phase":"browser","browser":"chromium","media":"screen","initial":"rgb(0, 0, 255)","late":"rgb(255, 0, 0)","expectedLate":"rgb(255, 0, 0)","missing":[],"errors":[],"loads":[],"result":"PASS"}
{"id":"package-native-preservation","phase":"browser","browser":"chromium","media":"print","initial":"rgb(0, 0, 255)","late":"rgb(255, 0, 0)","expectedLate":"rgb(255, 0, 0)","missing":[],"errors":[],"loads":[],"result":"PASS"}
{"id":"package-native-preservation","phase":"browser","browser":"firefox","media":"screen","initial":"rgb(0, 0, 255)","late":"rgb(255, 0, 0)","expectedLate":"rgb(255, 0, 0)","missing":[],"errors":[],"loads":[],"result":"PASS"}
{"id":"package-native-preservation","phase":"browser","browser":"firefox","media":"print","initial":"rgb(0, 0, 255)","late":"rgb(255, 0, 0)","expectedLate":"rgb(255, 0, 0)","missing":[],"errors":[],"loads":[],"result":"PASS"}
{"id":"package-native-preservation","phase":"browser","browser":"webkit","media":"screen","initial":"rgb(0, 0, 255)","late":"rgb(255, 0, 0)","expectedLate":"rgb(255, 0, 0)","missing":[],"errors":[],"loads":[],"result":"PASS"}
{"id":"package-native-preservation","phase":"browser","browser":"webkit","media":"print","initial":"rgb(0, 0, 255)","late":"rgb(255, 0, 0)","expectedLate":"rgb(255, 0, 0)","missing":[],"errors":[],"loads":[],"result":"PASS"}
{"id":"alias-explicit-preservation","phase":"browser","browser":"chromium","media":"screen","initial":"rgb(0, 0, 255)","late":"rgb(255, 0, 0)","expectedLate":"rgb(255, 0, 0)","missing":[],"errors":[],"loads":[],"result":"PASS"}
{"id":"alias-explicit-preservation","phase":"browser","browser":"chromium","media":"print","initial":"rgb(0, 0, 255)","late":"rgb(255, 0, 0)","expectedLate":"rgb(255, 0, 0)","missing":[],"errors":[],"loads":[],"result":"PASS"}
{"id":"alias-explicit-preservation","phase":"browser","browser":"firefox","media":"screen","initial":"rgb(0, 0, 255)","late":"rgb(255, 0, 0)","expectedLate":"rgb(255, 0, 0)","missing":[],"errors":[],"loads":[],"result":"PASS"}
{"id":"alias-explicit-preservation","phase":"browser","browser":"firefox","media":"print","initial":"rgb(0, 0, 255)","late":"rgb(255, 0, 0)","expectedLate":"rgb(255, 0, 0)","missing":[],"errors":[],"loads":[],"result":"PASS"}
{"id":"alias-explicit-preservation","phase":"browser","browser":"webkit","media":"screen","initial":"rgb(0, 0, 255)","late":"rgb(255, 0, 0)","expectedLate":"rgb(255, 0, 0)","missing":[],"errors":[],"loads":[],"result":"PASS"}
{"id":"alias-explicit-preservation","phase":"browser","browser":"webkit","media":"print","initial":"rgb(0, 0, 255)","late":"rgb(255, 0, 0)","expectedLate":"rgb(255, 0, 0)","missing":[],"errors":[],"loads":[],"result":"PASS"}
{"id":"virtual-import","phase":"browser","browser":"chromium","media":"screen","initial":"rgb(0, 0, 0)","late":"rgb(0, 0, 0)","expectedLate":"rgb(0, 0, 0)","missing":[],"errors":[],"loads":[],"result":"FAIL"}
{"id":"virtual-import","phase":"browser","browser":"chromium","media":"print","initial":"rgb(0, 0, 0)","late":"rgb(0, 0, 0)","expectedLate":"rgb(0, 0, 0)","missing":[],"errors":[],"loads":[],"result":"FAIL"}
{"id":"virtual-import","phase":"browser","browser":"firefox","media":"screen","initial":"rgb(0, 0, 0)","late":"rgb(0, 0, 0)","expectedLate":"rgb(0, 0, 0)","missing":[],"errors":[],"loads":[],"result":"FAIL"}
{"id":"virtual-import","phase":"browser","browser":"firefox","media":"print","initial":"rgb(0, 0, 0)","late":"rgb(0, 0, 0)","expectedLate":"rgb(0, 0, 0)","missing":[],"errors":[],"loads":[],"result":"FAIL"}
{"id":"virtual-import","phase":"browser","browser":"webkit","media":"screen","initial":"rgb(0, 0, 0)","late":"rgb(0, 0, 0)","expectedLate":"rgb(0, 0, 0)","missing":[],"errors":[],"loads":[],"result":"FAIL"}
{"id":"virtual-import","phase":"browser","browser":"webkit","media":"print","initial":"rgb(0, 0, 0)","late":"rgb(0, 0, 0)","expectedLate":"rgb(0, 0, 0)","missing":[],"errors":[],"loads":[],"result":"FAIL"}
{"id":"virtual-entry","phase":"browser","browser":"chromium","media":"screen","initial":"rgb(0, 0, 0)","late":"rgb(0, 0, 0)","expectedLate":"rgb(0, 0, 0)","missing":[],"errors":[],"loads":["\u0000virtual:paint.css"],"result":"FAIL"}
{"id":"virtual-entry","phase":"browser","browser":"chromium","media":"print","initial":"rgb(0, 0, 0)","late":"rgb(0, 0, 0)","expectedLate":"rgb(0, 0, 0)","missing":[],"errors":[],"loads":["\u0000virtual:paint.css"],"result":"FAIL"}
{"id":"virtual-entry","phase":"browser","browser":"firefox","media":"screen","initial":"rgb(0, 0, 0)","late":"rgb(0, 0, 0)","expectedLate":"rgb(0, 0, 0)","missing":[],"errors":[],"loads":["\u0000virtual:paint.css"],"result":"FAIL"}
{"id":"virtual-entry","phase":"browser","browser":"firefox","media":"print","initial":"rgb(0, 0, 0)","late":"rgb(0, 0, 0)","expectedLate":"rgb(0, 0, 0)","missing":[],"errors":[],"loads":["\u0000virtual:paint.css"],"result":"FAIL"}
{"id":"virtual-entry","phase":"browser","browser":"webkit","media":"screen","initial":"rgb(0, 0, 0)","late":"rgb(0, 0, 0)","expectedLate":"rgb(0, 0, 0)","missing":[],"errors":[],"loads":["\u0000virtual:paint.css"],"result":"FAIL"}
{"id":"virtual-entry","phase":"browser","browser":"webkit","media":"print","initial":"rgb(0, 0, 0)","late":"rgb(0, 0, 0)","expectedLate":"rgb(0, 0, 0)","missing":[],"errors":[],"loads":["\u0000virtual:paint.css"],"result":"FAIL"}
{"id":"scss-entry","phase":"build","result":"FAIL","message":"Build failed with 1 error:\n\n[plugin master-css:style-entry] /private/var/folders/_b/768dhtz56ns54x1r867j67280000gn/T/master-css-vite-host-inputs-vDtRjs/entry.scss\nMasterCSSError: Invalid empty selector at /private/var/folders/_b/768dhtz56ns54x1r867j67280000gn/T/master-css-vite-host-inputs-vDtRjs/entry.scss:0:1\n    at normalizeBindingError (file:///Users/aron/master/css/packages/binding/dist/normalize-error.js:42:9)\n    at callBinding (file:///Users/aron/master/css/packages/binding/dist/normalize-error.js:53:9)\n    at invoke (file:///Users/aron/master/css/packages/binding/dist/compiler-binding-adapter.js:19:10)\n    at Object.compileCSSDirectives (file:///Users/aron/master/css/packages/binding/dist/compiler-binding-adapter.js:33:46)\n    at file:///Users/aron/master/css/packages/compiler/dist/node-compiler.js:97:87\n    at callCompilerBinding (file:///Users/aron/master/css/packages/compiler/dist/node-compiler.js:21:10)\n    at compileCSS (file:///Users/aron/master/css/packages/compiler/dist/node-compiler.js:97:44)\n    at file:///Users/aron/master/css/packages/compiler/dist/stylesheet/delivery.js:45:77\n    at Array.flatMap (<anonymous>)\n    at compileGraph (file:///Users/aron/master/css/packages/compiler/dist/stylesheet/delivery.js:45:49)\nCaused by:\n  Error: {\"code\":\"CSS_PARSE_ERROR\",\"message\":\"Invalid empty selector at /private/var/folders/_b/768dhtz56ns54x1r867j67280000gn/T/master-css-vite-host-inputs-vDtRjs/entry.scss:0:1\",\"source\":\"/private/var/folders/_b/768dhtz56ns54x1r867j67280000gn/T/master-css-vite-host-inputs-vDtRjs/entry.scss\"}\n      at Object.compileCSSDirectives (file:///Users/aron/master/css/packages/binding/dist/compiler.js:29:67)\n      at file:///Users/aron/master/css/packages/binding/dist/compiler-binding-adapter.js:33:82\n      at callBinding (file:///Users/aron/master/css/packages/binding/dist/normalize-error.js:51:10)\n      at invoke (file:///Users/aron/master/css/packages/binding/dist/compiler-binding-adapter.js:19:10)\n      at Object.compileCSSDirectives (file:///Users/aron/master/css/packages/binding/dist/compiler-binding-adapter.js:33:46)\n      at file:///Users/aron/master/css/packages/compiler/dist/node-compiler.js:97:87\n      at callCompilerBinding (file:///Users/aron/master/css/packages/compiler/dist/node-compiler.js:21:10)\n      at compileCSS (file:///Users/aron/master/css/packages/compiler/dist/node-compiler.js:97:44)\n      at file:///Users/aron/master/css/packages/compiler/dist/stylesheet/delivery.js:45:77\n      at Array.flatMap (<anonymous>)"}
{"id":"scss-import","phase":"browser","browser":"chromium","media":"screen","initial":"rgb(0, 0, 0)","late":"rgb(0, 0, 0)","expectedLate":"rgb(0, 0, 0)","missing":["/var/folders/_b/768dhtz56ns54x1r867j67280000gn/T/master-css-vite-host-inputs-vDtRjs/scss-import/assets/styles/paint.scss"],"errors":[],"loads":[],"result":"FAIL"}
{"id":"scss-import","phase":"browser","browser":"chromium","media":"print","initial":"rgb(0, 0, 0)","late":"rgb(0, 0, 0)","expectedLate":"rgb(0, 0, 0)","missing":["/var/folders/_b/768dhtz56ns54x1r867j67280000gn/T/master-css-vite-host-inputs-vDtRjs/scss-import/assets/styles/paint.scss"],"errors":[],"loads":[],"result":"FAIL"}
{"id":"scss-import","phase":"browser","browser":"firefox","media":"screen","initial":"rgb(0, 0, 0)","late":"rgb(0, 0, 0)","expectedLate":"rgb(0, 0, 0)","missing":["/var/folders/_b/768dhtz56ns54x1r867j67280000gn/T/master-css-vite-host-inputs-vDtRjs/scss-import/assets/styles/paint.scss","/var/folders/_b/768dhtz56ns54x1r867j67280000gn/T/master-css-vite-host-inputs-vDtRjs/scss-import/assets/styles/paint.scss"],"errors":[],"loads":[],"result":"FAIL"}
{"id":"scss-import","phase":"browser","browser":"firefox","media":"print","initial":"rgb(0, 0, 0)","late":"rgb(0, 0, 0)","expectedLate":"rgb(0, 0, 0)","missing":["/var/folders/_b/768dhtz56ns54x1r867j67280000gn/T/master-css-vite-host-inputs-vDtRjs/scss-import/assets/styles/paint.scss","/var/folders/_b/768dhtz56ns54x1r867j67280000gn/T/master-css-vite-host-inputs-vDtRjs/scss-import/assets/styles/paint.scss"],"errors":[],"loads":[],"result":"FAIL"}
{"id":"scss-import","phase":"browser","browser":"webkit","media":"screen","initial":"rgb(0, 0, 0)","late":"rgb(0, 0, 0)","expectedLate":"rgb(0, 0, 0)","missing":["/var/folders/_b/768dhtz56ns54x1r867j67280000gn/T/master-css-vite-host-inputs-vDtRjs/scss-import/assets/styles/paint.scss"],"errors":[],"loads":[],"result":"FAIL"}
{"id":"scss-import","phase":"browser","browser":"webkit","media":"print","initial":"rgb(0, 0, 0)","late":"rgb(0, 0, 0)","expectedLate":"rgb(0, 0, 0)","missing":["/var/folders/_b/768dhtz56ns54x1r867j67280000gn/T/master-css-vite-host-inputs-vDtRjs/scss-import/assets/styles/paint.scss"],"errors":[],"loads":[],"result":"FAIL"}
{"builds":10,"buildFailures":1,"comparisons":54,"browserFailures":36}
node:internal/modules/run_main:107
    triggerUncaughtException(
    ^

AssertionError [ERR_ASSERTION]: Expected values to be strictly equal:

37 !== 0

    at file:///Users/aron/master/css/.ai/audits/bug-hunt/repros/vite-host-inputs.mjs:79:48 {
  generatedMessage: true,
  code: 'ERR_ASSERTION',
  actual: 37,
  expected: 0,
  operator: 'strictEqual',
  diff: 'simple'
}

Node.js v24.20.0
