(!) Your Vite config uses features that are unsupported by `configLoader: 'native'`, which is planned to become the default in a future major version of Vite:
  - import "../../shared/vitest.config" without a file extension (vitest.config.ts:3:20). Add the file extension
  - import "./vitest-ci-config" without a file extension (../../shared/vitest.config.ts:2:58). Add the file extension
Set `VITE_CONFIG_NATIVE_IGNORE_WARNING=true` to suppress this warning.

 RUN  v5.0.0 /Users/aron/master/css/packages/compiler

 ❯ tests/bug-hunt-virtual-sources.test.ts (6 tests | 1 failed) 21ms
   × BH-0004 a virtual entry baseFile supplies Node fallback and root resource ownership 3ms

⎯⎯⎯⎯⎯⎯⎯ Failed Tests 1 ⎯⎯⎯⎯⎯⎯⎯

 FAIL  tests/bug-hunt-virtual-sources.test.ts > BH-0004 a virtual entry baseFile supplies Node fallback and root resource ownership
Error: CSS file not found: /Users/aron/master/css/packages/compiler/child.css
 ❯ prepareCSSImportGraphFile src/node-imports.ts:220:11
    218|   if (packageCSS && !graph.packageFiles?.includes(absoluteFile)) (grap…
    219|   if (sourceOverride === undefined && !existsSync(absoluteFile)) {
    220|     throw new Error(`CSS file not found: ${absoluteFile}`)
       |           ^
    221|   }
    222|   if (visited.has(absoluteFile)) return
 ❯ prepareCSSImportGraphFile src/node-imports.ts:238:7
 ❯ prepareCSSImportGraph src/node-imports.ts:250:3
 ❯ resolveUnflattenedStylesheet src/stylesheet/public.ts:214:13
 ❯ resolveStylesheetSync src/stylesheet/public.ts:172:7
 ❯ resolveStylesheet src/stylesheet/public.ts:228:38
 ❯ tests/bug-hunt-virtual-sources.test.ts:76:19

⎯⎯⎯⎯⎯⎯⎯⎯⎯⎯⎯⎯⎯⎯⎯⎯⎯⎯⎯⎯⎯⎯⎯⎯[1/1]⎯


 Test Files  1 failed (1)
      Tests  1 failed | 5 passed (6)
   Start at  18:17:14
   Duration  307ms (transform 63%, import 27%, tests 9%, worker 1%)

Error: ERR_PNPM_RECURSIVE_EXEC_FIRST_FAIL

  × "pnpm recursive exec" failed in /Users/aron/master/css/packages/compiler

