{"id":"managed-additional-string","phase":"browser","browser":"chromium","media":"screen","value":{"color":"rgb(0, 0, 255)","className":"example"},"expected":"rgb(0, 0, 255)","calls":[],"missing":[],"errors":[],"resources":[],"result":"PASS"}
{"id":"managed-additional-string","phase":"browser","browser":"chromium","media":"print","value":{"color":"rgb(0, 0, 255)","className":"example"},"expected":"rgb(0, 0, 255)","calls":[],"missing":[],"errors":[],"resources":[],"result":"PASS"}
{"id":"managed-additional-string","phase":"browser","browser":"firefox","media":"screen","value":{"color":"rgb(0, 0, 255)","className":"example"},"expected":"rgb(0, 0, 255)","calls":[],"missing":[],"errors":[],"resources":[],"result":"PASS"}
{"id":"managed-additional-string","phase":"browser","browser":"firefox","media":"print","value":{"color":"rgb(0, 0, 255)","className":"example"},"expected":"rgb(0, 0, 255)","calls":[],"missing":[],"errors":[],"resources":[],"result":"PASS"}
{"id":"managed-additional-string","phase":"browser","browser":"webkit","media":"screen","value":{"color":"rgb(0, 0, 255)","className":"example"},"expected":"rgb(0, 0, 255)","calls":[],"missing":[],"errors":[],"resources":[],"result":"PASS"}
{"id":"managed-additional-string","phase":"browser","browser":"webkit","media":"print","value":{"color":"rgb(0, 0, 255)","className":"example"},"expected":"rgb(0, 0, 255)","calls":[],"missing":[],"errors":[],"resources":[],"result":"PASS"}
{"id":"managed-additional-function","phase":"browser","browser":"chromium","media":"screen","value":{"color":"rgb(0, 0, 255)","className":"example"},"expected":"rgb(0, 0, 255)","calls":["/private/var/folders/_b/768dhtz56ns54x1r867j67280000gn/T/master-css-vite-sass-inputs-LMynUd/entry.scss"],"missing":[],"errors":[],"resources":[],"result":"PASS"}
{"id":"managed-additional-function","phase":"browser","browser":"chromium","media":"print","value":{"color":"rgb(0, 0, 255)","className":"example"},"expected":"rgb(0, 0, 255)","calls":["/private/var/folders/_b/768dhtz56ns54x1r867j67280000gn/T/master-css-vite-sass-inputs-LMynUd/entry.scss"],"missing":[],"errors":[],"resources":[],"result":"PASS"}
{"id":"managed-additional-function","phase":"browser","browser":"firefox","media":"screen","value":{"color":"rgb(0, 0, 255)","className":"example"},"expected":"rgb(0, 0, 255)","calls":["/private/var/folders/_b/768dhtz56ns54x1r867j67280000gn/T/master-css-vite-sass-inputs-LMynUd/entry.scss"],"missing":[],"errors":[],"resources":[],"result":"PASS"}
{"id":"managed-additional-function","phase":"browser","browser":"firefox","media":"print","value":{"color":"rgb(0, 0, 255)","className":"example"},"expected":"rgb(0, 0, 255)","calls":["/private/var/folders/_b/768dhtz56ns54x1r867j67280000gn/T/master-css-vite-sass-inputs-LMynUd/entry.scss"],"missing":[],"errors":[],"resources":[],"result":"PASS"}
{"id":"managed-additional-function","phase":"browser","browser":"webkit","media":"screen","value":{"color":"rgb(0, 0, 255)","className":"example"},"expected":"rgb(0, 0, 255)","calls":["/private/var/folders/_b/768dhtz56ns54x1r867j67280000gn/T/master-css-vite-sass-inputs-LMynUd/entry.scss"],"missing":[],"errors":[],"resources":[],"result":"PASS"}
{"id":"managed-additional-function","phase":"browser","browser":"webkit","media":"print","value":{"color":"rgb(0, 0, 255)","className":"example"},"expected":"rgb(0, 0, 255)","calls":["/private/var/folders/_b/768dhtz56ns54x1r867j67280000gn/T/master-css-vite-sass-inputs-LMynUd/entry.scss"],"missing":[],"errors":[],"resources":[],"result":"PASS"}
{"id":"plain-additional-function","phase":"browser","browser":"chromium","media":"screen","value":{"color":"rgb(0, 0, 255)","className":"example"},"expected":"rgb(0, 0, 255)","calls":["/private/var/folders/_b/768dhtz56ns54x1r867j67280000gn/T/master-css-vite-sass-inputs-LMynUd/entry.scss"],"missing":[],"errors":[],"resources":[],"result":"PASS"}
{"id":"plain-additional-function","phase":"browser","browser":"chromium","media":"print","value":{"color":"rgb(0, 0, 255)","className":"example"},"expected":"rgb(0, 0, 255)","calls":["/private/var/folders/_b/768dhtz56ns54x1r867j67280000gn/T/master-css-vite-sass-inputs-LMynUd/entry.scss"],"missing":[],"errors":[],"resources":[],"result":"PASS"}
{"id":"plain-additional-function","phase":"browser","browser":"firefox","media":"screen","value":{"color":"rgb(0, 0, 255)","className":"example"},"expected":"rgb(0, 0, 255)","calls":["/private/var/folders/_b/768dhtz56ns54x1r867j67280000gn/T/master-css-vite-sass-inputs-LMynUd/entry.scss"],"missing":[],"errors":[],"resources":[],"result":"PASS"}
{"id":"plain-additional-function","phase":"browser","browser":"firefox","media":"print","value":{"color":"rgb(0, 0, 255)","className":"example"},"expected":"rgb(0, 0, 255)","calls":["/private/var/folders/_b/768dhtz56ns54x1r867j67280000gn/T/master-css-vite-sass-inputs-LMynUd/entry.scss"],"missing":[],"errors":[],"resources":[],"result":"PASS"}
{"id":"plain-additional-function","phase":"browser","browser":"webkit","media":"screen","value":{"color":"rgb(0, 0, 255)","className":"example"},"expected":"rgb(0, 0, 255)","calls":["/private/var/folders/_b/768dhtz56ns54x1r867j67280000gn/T/master-css-vite-sass-inputs-LMynUd/entry.scss"],"missing":[],"errors":[],"resources":[],"result":"PASS"}
{"id":"plain-additional-function","phase":"browser","browser":"webkit","media":"print","value":{"color":"rgb(0, 0, 255)","className":"example"},"expected":"rgb(0, 0, 255)","calls":["/private/var/folders/_b/768dhtz56ns54x1r867j67280000gn/T/master-css-vite-sass-inputs-LMynUd/entry.scss"],"missing":[],"errors":[],"resources":[],"result":"PASS"}
{"id":"indented-sass","phase":"browser","browser":"chromium","media":"screen","value":{"color":"rgb(0, 0, 255)","className":"example"},"expected":"rgb(0, 0, 255)","calls":[],"missing":[],"errors":[],"resources":[],"result":"PASS"}
{"id":"indented-sass","phase":"browser","browser":"chromium","media":"print","value":{"color":"rgb(0, 0, 255)","className":"example"},"expected":"rgb(0, 0, 255)","calls":[],"missing":[],"errors":[],"resources":[],"result":"PASS"}
{"id":"indented-sass","phase":"browser","browser":"firefox","media":"screen","value":{"color":"rgb(0, 0, 255)","className":"example"},"expected":"rgb(0, 0, 255)","calls":[],"missing":[],"errors":[],"resources":[],"result":"PASS"}
{"id":"indented-sass","phase":"browser","browser":"firefox","media":"print","value":{"color":"rgb(0, 0, 255)","className":"example"},"expected":"rgb(0, 0, 255)","calls":[],"missing":[],"errors":[],"resources":[],"result":"PASS"}
{"id":"indented-sass","phase":"browser","browser":"webkit","media":"screen","value":{"color":"rgb(0, 0, 255)","className":"example"},"expected":"rgb(0, 0, 255)","calls":[],"missing":[],"errors":[],"resources":[],"result":"PASS"}
{"id":"indented-sass","phase":"browser","browser":"webkit","media":"print","value":{"color":"rgb(0, 0, 255)","className":"example"},"expected":"rgb(0, 0, 255)","calls":[],"missing":[],"errors":[],"resources":[],"result":"PASS"}
{"id":"alias-use-partial-resource","phase":"browser","browser":"chromium","media":"screen","value":{"color":"rgb(0, 0, 255)","className":"example"},"expected":"rgb(0, 0, 255)","calls":[],"missing":[],"errors":[],"resources":["/private/var/folders/_b/768dhtz56ns54x1r867j67280000gn/T/master-css-vite-sass-inputs-LMynUd/alias-use-partial-resource/assets/master-css-resource-1f462a021ed99a866ea4.svg"],"result":"PASS"}
{"id":"alias-use-partial-resource","phase":"browser","browser":"chromium","media":"print","value":{"color":"rgb(0, 0, 255)","className":"example"},"expected":"rgb(0, 0, 255)","calls":[],"missing":[],"errors":[],"resources":["/private/var/folders/_b/768dhtz56ns54x1r867j67280000gn/T/master-css-vite-sass-inputs-LMynUd/alias-use-partial-resource/assets/master-css-resource-1f462a021ed99a866ea4.svg"],"result":"PASS"}
{"id":"alias-use-partial-resource","phase":"browser","browser":"firefox","media":"screen","value":{"color":"rgb(0, 0, 255)","className":"example"},"expected":"rgb(0, 0, 255)","calls":[],"missing":[],"errors":[],"resources":["/private/var/folders/_b/768dhtz56ns54x1r867j67280000gn/T/master-css-vite-sass-inputs-LMynUd/alias-use-partial-resource/assets/master-css-resource-1f462a021ed99a866ea4.svg"],"result":"PASS"}
{"id":"alias-use-partial-resource","phase":"browser","browser":"firefox","media":"print","value":{"color":"rgb(0, 0, 255)","className":"example"},"expected":"rgb(0, 0, 255)","calls":[],"missing":[],"errors":[],"resources":["/private/var/folders/_b/768dhtz56ns54x1r867j67280000gn/T/master-css-vite-sass-inputs-LMynUd/alias-use-partial-resource/assets/master-css-resource-1f462a021ed99a866ea4.svg"],"result":"PASS"}
{"id":"alias-use-partial-resource","phase":"browser","browser":"webkit","media":"screen","value":{"color":"rgb(0, 0, 255)","className":"example"},"expected":"rgb(0, 0, 255)","calls":[],"missing":[],"errors":[],"resources":["/private/var/folders/_b/768dhtz56ns54x1r867j67280000gn/T/master-css-vite-sass-inputs-LMynUd/alias-use-partial-resource/assets/master-css-resource-1f462a021ed99a866ea4.svg"],"result":"PASS"}
{"id":"alias-use-partial-resource","phase":"browser","browser":"webkit","media":"print","value":{"color":"rgb(0, 0, 255)","className":"example"},"expected":"rgb(0, 0, 255)","calls":[],"missing":[],"errors":[],"resources":["/private/var/folders/_b/768dhtz56ns54x1r867j67280000gn/T/master-css-vite-sass-inputs-LMynUd/alias-use-partial-resource/assets/master-css-resource-1f462a021ed99a866ea4.svg"],"result":"PASS"}
{"id":"plain-partial-resource","phase":"browser","browser":"chromium","media":"screen","value":{"color":"rgb(0, 0, 255)","className":"example"},"expected":"rgb(0, 0, 255)","calls":[],"missing":[],"errors":[],"resources":[],"result":"FAIL"}
{"id":"plain-partial-resource","phase":"browser","browser":"chromium","media":"print","value":{"color":"rgb(0, 0, 255)","className":"example"},"expected":"rgb(0, 0, 255)","calls":[],"missing":[],"errors":[],"resources":[],"result":"FAIL"}
{"id":"plain-partial-resource","phase":"browser","browser":"firefox","media":"screen","value":{"color":"rgb(0, 0, 255)","className":"example"},"expected":"rgb(0, 0, 255)","calls":[],"missing":[],"errors":[],"resources":[],"result":"FAIL"}
{"id":"plain-partial-resource","phase":"browser","browser":"firefox","media":"print","value":{"color":"rgb(0, 0, 255)","className":"example"},"expected":"rgb(0, 0, 255)","calls":[],"missing":[],"errors":[],"resources":[],"result":"FAIL"}
{"id":"plain-partial-resource","phase":"browser","browser":"webkit","media":"screen","value":{"color":"rgb(0, 0, 255)","className":"example"},"expected":"rgb(0, 0, 255)","calls":[],"missing":[],"errors":[],"resources":[],"result":"FAIL"}
{"id":"plain-partial-resource","phase":"browser","browser":"webkit","media":"print","value":{"color":"rgb(0, 0, 255)","className":"example"},"expected":"rgb(0, 0, 255)","calls":[],"missing":[],"errors":[],"resources":[],"result":"FAIL"}
{"id":"qualified-css-import","phase":"browser","browser":"chromium","media":"screen","value":{"color":"rgb(0, 0, 0)","className":"example"},"expected":"rgb(0, 0, 0)","calls":[],"missing":[],"errors":[],"resources":[],"result":"PASS"}
{"id":"qualified-css-import","phase":"browser","browser":"chromium","media":"print","value":{"color":"rgb(0, 0, 255)","className":"example"},"expected":"rgb(0, 0, 255)","calls":[],"missing":[],"errors":[],"resources":[],"result":"PASS"}
{"id":"qualified-css-import","phase":"browser","browser":"firefox","media":"screen","value":{"color":"rgb(0, 0, 0)","className":"example"},"expected":"rgb(0, 0, 0)","calls":[],"missing":[],"errors":[],"resources":[],"result":"PASS"}
{"id":"qualified-css-import","phase":"browser","browser":"firefox","media":"print","value":{"color":"rgb(0, 0, 255)","className":"example"},"expected":"rgb(0, 0, 255)","calls":[],"missing":[],"errors":[],"resources":[],"result":"PASS"}
{"id":"qualified-css-import","phase":"browser","browser":"webkit","media":"screen","value":{"color":"rgb(0, 0, 0)","className":"example"},"expected":"rgb(0, 0, 0)","calls":[],"missing":[],"errors":[],"resources":[],"result":"PASS"}
{"id":"qualified-css-import","phase":"browser","browser":"webkit","media":"print","value":{"color":"rgb(0, 0, 255)","className":"example"},"expected":"rgb(0, 0, 255)","calls":[],"missing":[],"errors":[],"resources":[],"result":"PASS"}
{"id":"nested-external-import","phase":"browser","browser":"chromium","media":"screen","value":{"color":"rgb(0, 0, 0)","className":"example"},"expected":"rgb(0, 0, 0)","calls":[],"missing":[],"errors":[],"resources":[],"result":"PASS"}
{"id":"nested-external-import","phase":"browser","browser":"chromium","media":"print","value":{"color":"rgb(0, 0, 255)","className":"example"},"expected":"rgb(0, 0, 255)","calls":[],"missing":[],"errors":[],"resources":[],"result":"PASS"}
{"id":"nested-external-import","phase":"browser","browser":"firefox","media":"screen","value":{"color":"rgb(0, 0, 0)","className":"example"},"expected":"rgb(0, 0, 0)","calls":[],"missing":[],"errors":[],"resources":[],"result":"PASS"}
{"id":"nested-external-import","phase":"browser","browser":"firefox","media":"print","value":{"color":"rgb(0, 0, 255)","className":"example"},"expected":"rgb(0, 0, 255)","calls":[],"missing":[],"errors":[],"resources":[],"result":"PASS"}
{"id":"nested-external-import","phase":"browser","browser":"webkit","media":"screen","value":{"color":"rgb(0, 0, 0)","className":"example"},"expected":"rgb(0, 0, 0)","calls":[],"missing":[],"errors":[],"resources":[],"result":"PASS"}
{"id":"nested-external-import","phase":"browser","browser":"webkit","media":"print","value":{"color":"rgb(0, 0, 255)","className":"example"},"expected":"rgb(0, 0, 255)","calls":[],"missing":[],"errors":[],"resources":[],"result":"PASS"}
{"id":"qualified-scss-import","phase":"browser","browser":"chromium","media":"screen","value":{"color":"rgb(0, 0, 0)","className":"example"},"expected":"rgb(0, 0, 0)","calls":[],"missing":[],"errors":[],"resources":[],"result":"PASS"}
{"id":"qualified-scss-import","phase":"browser","browser":"chromium","media":"print","value":{"color":"rgb(0, 0, 255)","className":"example"},"expected":"rgb(0, 0, 255)","calls":[],"missing":[],"errors":[],"resources":[],"result":"PASS"}
{"id":"qualified-scss-import","phase":"browser","browser":"firefox","media":"screen","value":{"color":"rgb(0, 0, 0)","className":"example"},"expected":"rgb(0, 0, 0)","calls":[],"missing":[],"errors":[],"resources":[],"result":"PASS"}
{"id":"qualified-scss-import","phase":"browser","browser":"firefox","media":"print","value":{"color":"rgb(0, 0, 255)","className":"example"},"expected":"rgb(0, 0, 255)","calls":[],"missing":[],"errors":[],"resources":[],"result":"PASS"}
{"id":"qualified-scss-import","phase":"browser","browser":"webkit","media":"screen","value":{"color":"rgb(0, 0, 0)","className":"example"},"expected":"rgb(0, 0, 0)","calls":[],"missing":[],"errors":[],"resources":[],"result":"PASS"}
{"id":"qualified-scss-import","phase":"browser","browser":"webkit","media":"print","value":{"color":"rgb(0, 0, 255)","className":"example"},"expected":"rgb(0, 0, 255)","calls":[],"missing":[],"errors":[],"resources":[],"result":"PASS"}
{"id":"alias-scss-import","phase":"browser","browser":"chromium","media":"screen","value":{"color":"rgb(0, 0, 255)","className":"example"},"expected":"rgb(0, 0, 255)","calls":[],"missing":[],"errors":[],"resources":[],"result":"PASS"}
{"id":"alias-scss-import","phase":"browser","browser":"chromium","media":"print","value":{"color":"rgb(0, 0, 255)","className":"example"},"expected":"rgb(0, 0, 255)","calls":[],"missing":[],"errors":[],"resources":[],"result":"PASS"}
{"id":"alias-scss-import","phase":"browser","browser":"firefox","media":"screen","value":{"color":"rgb(0, 0, 255)","className":"example"},"expected":"rgb(0, 0, 255)","calls":[],"missing":[],"errors":[],"resources":[],"result":"PASS"}
{"id":"alias-scss-import","phase":"browser","browser":"firefox","media":"print","value":{"color":"rgb(0, 0, 255)","className":"example"},"expected":"rgb(0, 0, 255)","calls":[],"missing":[],"errors":[],"resources":[],"result":"PASS"}
{"id":"alias-scss-import","phase":"browser","browser":"webkit","media":"screen","value":{"color":"rgb(0, 0, 255)","className":"example"},"expected":"rgb(0, 0, 255)","calls":[],"missing":[],"errors":[],"resources":[],"result":"PASS"}
{"id":"alias-scss-import","phase":"browser","browser":"webkit","media":"print","value":{"color":"rgb(0, 0, 255)","className":"example"},"expected":"rgb(0, 0, 255)","calls":[],"missing":[],"errors":[],"resources":[],"result":"PASS"}
{"id":"plain-inline-sass","phase":"browser","browser":"chromium","media":"screen","value":{"color":"rgb(0, 0, 255)","className":"example"},"expected":"rgb(0, 0, 255)","calls":[],"missing":[],"errors":[],"resources":[],"result":"PASS"}
{"id":"plain-inline-sass","phase":"browser","browser":"chromium","media":"print","value":{"color":"rgb(0, 0, 255)","className":"example"},"expected":"rgb(0, 0, 255)","calls":[],"missing":[],"errors":[],"resources":[],"result":"PASS"}
{"id":"plain-inline-sass","phase":"browser","browser":"firefox","media":"screen","value":{"color":"rgb(0, 0, 255)","className":"example"},"expected":"rgb(0, 0, 255)","calls":[],"missing":[],"errors":[],"resources":[],"result":"PASS"}
{"id":"plain-inline-sass","phase":"browser","browser":"firefox","media":"print","value":{"color":"rgb(0, 0, 255)","className":"example"},"expected":"rgb(0, 0, 255)","calls":[],"missing":[],"errors":[],"resources":[],"result":"PASS"}
{"id":"plain-inline-sass","phase":"browser","browser":"webkit","media":"screen","value":{"color":"rgb(0, 0, 255)","className":"example"},"expected":"rgb(0, 0, 255)","calls":[],"missing":[],"errors":[],"resources":[],"result":"PASS"}
{"id":"plain-inline-sass","phase":"browser","browser":"webkit","media":"print","value":{"color":"rgb(0, 0, 255)","className":"example"},"expected":"rgb(0, 0, 255)","calls":[],"missing":[],"errors":[],"resources":[],"result":"PASS"}
{"id":"managed-inline-sass","phase":"browser","browser":"chromium","media":"screen","value":{"color":"rgb(0, 0, 0)","className":"example"},"expected":"rgb(0, 0, 255)","calls":[],"missing":[],"errors":[],"resources":[],"result":"FAIL"}
{"id":"managed-inline-sass","phase":"browser","browser":"chromium","media":"print","value":{"color":"rgb(0, 0, 0)","className":"example"},"expected":"rgb(0, 0, 255)","calls":[],"missing":[],"errors":[],"resources":[],"result":"FAIL"}
{"id":"managed-inline-sass","phase":"browser","browser":"firefox","media":"screen","value":{"color":"rgb(0, 0, 0)","className":"example"},"expected":"rgb(0, 0, 255)","calls":[],"missing":[],"errors":[],"resources":[],"result":"FAIL"}
{"id":"managed-inline-sass","phase":"browser","browser":"firefox","media":"print","value":{"color":"rgb(0, 0, 0)","className":"example"},"expected":"rgb(0, 0, 255)","calls":[],"missing":[],"errors":[],"resources":[],"result":"FAIL"}
{"id":"managed-inline-sass","phase":"browser","browser":"webkit","media":"screen","value":{"color":"rgb(0, 0, 0)","className":"example"},"expected":"rgb(0, 0, 255)","calls":[],"missing":[],"errors":[],"resources":[],"result":"FAIL"}
{"id":"managed-inline-sass","phase":"browser","browser":"webkit","media":"print","value":{"color":"rgb(0, 0, 0)","className":"example"},"expected":"rgb(0, 0, 255)","calls":[],"missing":[],"errors":[],"resources":[],"result":"FAIL"}
{"id":"raw-sass","phase":"browser","browser":"chromium","media":"screen","value":{"color":"rgb(0, 0, 0)","raw":"$paint:blue;.example{color:$paint}","className":"example"},"expected":"rgb(0, 0, 0)","calls":[],"missing":[],"errors":[],"resources":[],"result":"PASS"}
{"id":"raw-sass","phase":"browser","browser":"chromium","media":"print","value":{"color":"rgb(0, 0, 0)","raw":"$paint:blue;.example{color:$paint}","className":"example"},"expected":"rgb(0, 0, 0)","calls":[],"missing":[],"errors":[],"resources":[],"result":"PASS"}
{"id":"raw-sass","phase":"browser","browser":"firefox","media":"screen","value":{"color":"rgb(0, 0, 0)","raw":"$paint:blue;.example{color:$paint}","className":"example"},"expected":"rgb(0, 0, 0)","calls":[],"missing":[],"errors":[],"resources":[],"result":"PASS"}
{"id":"raw-sass","phase":"browser","browser":"firefox","media":"print","value":{"color":"rgb(0, 0, 0)","raw":"$paint:blue;.example{color:$paint}","className":"example"},"expected":"rgb(0, 0, 0)","calls":[],"missing":[],"errors":[],"resources":[],"result":"PASS"}
{"id":"raw-sass","phase":"browser","browser":"webkit","media":"screen","value":{"color":"rgb(0, 0, 0)","raw":"$paint:blue;.example{color:$paint}","className":"example"},"expected":"rgb(0, 0, 0)","calls":[],"missing":[],"errors":[],"resources":[],"result":"PASS"}
{"id":"raw-sass","phase":"browser","browser":"webkit","media":"print","value":{"color":"rgb(0, 0, 0)","raw":"$paint:blue;.example{color:$paint}","className":"example"},"expected":"rgb(0, 0, 0)","calls":[],"missing":[],"errors":[],"resources":[],"result":"PASS"}
{"id":"plain-css-module","phase":"browser","browser":"chromium","media":"screen","value":{"color":"rgb(0, 0, 255)","className":"_example_dp522_1"},"expected":"rgb(0, 0, 255)","calls":[],"missing":[],"errors":[],"resources":[],"result":"PASS"}
{"id":"plain-css-module","phase":"browser","browser":"chromium","media":"print","value":{"color":"rgb(0, 0, 255)","className":"_example_dp522_1"},"expected":"rgb(0, 0, 255)","calls":[],"missing":[],"errors":[],"resources":[],"result":"PASS"}
{"id":"plain-css-module","phase":"browser","browser":"firefox","media":"screen","value":{"color":"rgb(0, 0, 255)","className":"_example_dp522_1"},"expected":"rgb(0, 0, 255)","calls":[],"missing":[],"errors":[],"resources":[],"result":"PASS"}
{"id":"plain-css-module","phase":"browser","browser":"firefox","media":"print","value":{"color":"rgb(0, 0, 255)","className":"_example_dp522_1"},"expected":"rgb(0, 0, 255)","calls":[],"missing":[],"errors":[],"resources":[],"result":"PASS"}
{"id":"plain-css-module","phase":"browser","browser":"webkit","media":"screen","value":{"color":"rgb(0, 0, 255)","className":"_example_dp522_1"},"expected":"rgb(0, 0, 255)","calls":[],"missing":[],"errors":[],"resources":[],"result":"PASS"}
{"id":"plain-css-module","phase":"browser","browser":"webkit","media":"print","value":{"color":"rgb(0, 0, 255)","className":"_example_dp522_1"},"expected":"rgb(0, 0, 255)","calls":[],"missing":[],"errors":[],"resources":[],"result":"PASS"}
{"id":"managed-css-module","phase":"browser","browser":"chromium","media":"screen","value":{"color":"rgb(0, 0, 255)","className":"_example_5gxbz_3"},"expected":"rgb(0, 0, 255)","calls":[],"missing":[],"errors":[],"resources":[],"result":"PASS"}
{"id":"managed-css-module","phase":"browser","browser":"chromium","media":"print","value":{"color":"rgb(0, 0, 255)","className":"_example_5gxbz_3"},"expected":"rgb(0, 0, 255)","calls":[],"missing":[],"errors":[],"resources":[],"result":"PASS"}
{"id":"managed-css-module","phase":"browser","browser":"firefox","media":"screen","value":{"color":"rgb(0, 0, 255)","className":"_example_5gxbz_3"},"expected":"rgb(0, 0, 255)","calls":[],"missing":[],"errors":[],"resources":[],"result":"PASS"}
{"id":"managed-css-module","phase":"browser","browser":"firefox","media":"print","value":{"color":"rgb(0, 0, 255)","className":"_example_5gxbz_3"},"expected":"rgb(0, 0, 255)","calls":[],"missing":[],"errors":[],"resources":[],"result":"PASS"}
{"id":"managed-css-module","phase":"browser","browser":"webkit","media":"screen","value":{"color":"rgb(0, 0, 255)","className":"_example_5gxbz_3"},"expected":"rgb(0, 0, 255)","calls":[],"missing":[],"errors":[],"resources":[],"result":"PASS"}
{"id":"managed-css-module","phase":"browser","browser":"webkit","media":"print","value":{"color":"rgb(0, 0, 255)","className":"_example_5gxbz_3"},"expected":"rgb(0, 0, 255)","calls":[],"missing":[],"errors":[],"resources":[],"result":"PASS"}
{"builds":15,"buildFailures":0,"comparisons":90,"browserFailures":12}
node:internal/modules/run_main:107
    triggerUncaughtException(
    ^

AssertionError [ERR_ASSERTION]: Expected values to be strictly equal:

12 !== 0

    at file:///Users/aron/master/css/.ai/audits/bug-hunt/repros/vite-sass-inputs.mjs:77:48 {
  generatedMessage: true,
  code: 'ERR_ASSERTION',
  actual: 12,
  expected: 0,
  operator: 'strictEqual',
  diff: 'simple'
}

Node.js v24.20.0
