{"phase":"event","code":"START"}
{"phase":"event","code":"BUNDLE_START"}
{"phase":"event","code":"BUNDLE_END"}
{"phase":"event","code":"END"}
{"index":0,"color":"red","browser":"chromium","media":"screen","actual":"rgb(255, 0, 0)","expected":"rgb(255, 0, 0)","missing":[],"errors":[],"loads":1,"result":"PASS"}
{"index":0,"color":"red","browser":"chromium","media":"print","actual":"rgb(255, 0, 0)","expected":"rgb(255, 0, 0)","missing":[],"errors":[],"loads":1,"result":"PASS"}
{"index":0,"color":"red","browser":"firefox","media":"screen","actual":"rgb(255, 0, 0)","expected":"rgb(255, 0, 0)","missing":[],"errors":[],"loads":1,"result":"PASS"}
{"index":0,"color":"red","browser":"firefox","media":"print","actual":"rgb(255, 0, 0)","expected":"rgb(255, 0, 0)","missing":[],"errors":[],"loads":1,"result":"PASS"}
{"index":0,"color":"red","browser":"webkit","media":"screen","actual":"rgb(255, 0, 0)","expected":"rgb(255, 0, 0)","missing":[],"errors":[],"loads":1,"result":"PASS"}
{"index":0,"color":"red","browser":"webkit","media":"print","actual":"rgb(255, 0, 0)","expected":"rgb(255, 0, 0)","missing":[],"errors":[],"loads":1,"result":"PASS"}
{"phase":"event","code":"START"}
{"phase":"event","code":"BUNDLE_START"}
{"phase":"event","code":"BUNDLE_END"}
{"phase":"event","code":"END"}
{"index":1,"color":"blue","browser":"chromium","media":"screen","actual":"rgb(0, 0, 255)","expected":"rgb(0, 0, 255)","missing":[],"errors":[],"loads":2,"result":"PASS"}
{"index":1,"color":"blue","browser":"chromium","media":"print","actual":"rgb(0, 0, 255)","expected":"rgb(0, 0, 255)","missing":[],"errors":[],"loads":2,"result":"PASS"}
{"index":1,"color":"blue","browser":"firefox","media":"screen","actual":"rgb(0, 0, 255)","expected":"rgb(0, 0, 255)","missing":[],"errors":[],"loads":2,"result":"PASS"}
{"index":1,"color":"blue","browser":"firefox","media":"print","actual":"rgb(0, 0, 255)","expected":"rgb(0, 0, 255)","missing":[],"errors":[],"loads":2,"result":"PASS"}
{"index":1,"color":"blue","browser":"webkit","media":"screen","actual":"rgb(0, 0, 255)","expected":"rgb(0, 0, 255)","missing":[],"errors":[],"loads":2,"result":"PASS"}
{"index":1,"color":"blue","browser":"webkit","media":"print","actual":"rgb(0, 0, 255)","expected":"rgb(0, 0, 255)","missing":[],"errors":[],"loads":2,"result":"PASS"}
{"phase":"event","code":"START"}
{"phase":"event","code":"BUNDLE_START"}
{"phase":"event","code":"BUNDLE_END"}
{"phase":"event","code":"END"}
{"index":2,"color":"green","browser":"chromium","media":"screen","actual":"rgb(0, 128, 0)","expected":"rgb(0, 128, 0)","missing":[],"errors":[],"loads":3,"result":"PASS"}
{"index":2,"color":"green","browser":"chromium","media":"print","actual":"rgb(0, 128, 0)","expected":"rgb(0, 128, 0)","missing":[],"errors":[],"loads":3,"result":"PASS"}
{"index":2,"color":"green","browser":"firefox","media":"screen","actual":"rgb(0, 128, 0)","expected":"rgb(0, 128, 0)","missing":[],"errors":[],"loads":3,"result":"PASS"}
{"index":2,"color":"green","browser":"firefox","media":"print","actual":"rgb(0, 128, 0)","expected":"rgb(0, 128, 0)","missing":[],"errors":[],"loads":3,"result":"PASS"}
{"index":2,"color":"green","browser":"webkit","media":"screen","actual":"rgb(0, 128, 0)","expected":"rgb(0, 128, 0)","missing":[],"errors":[],"loads":3,"result":"PASS"}
{"index":2,"color":"green","browser":"webkit","media":"print","actual":"rgb(0, 128, 0)","expected":"rgb(0, 128, 0)","missing":[],"errors":[],"loads":3,"result":"PASS"}
{"builds":3,"comparisons":18,"failures":0,"loads":3}
