{"id":"managed-additional-string","phase":"browser","browser":"chromium","media":"screen","value":{"color":"rgb(0, 0, 255)","className":"example"},"expected":"rgb(0, 0, 255)","calls":[],"missing":[],"errors":[],"resources":[],"result":"PASS"}
{"id":"managed-additional-string","phase":"browser","browser":"chromium","media":"print","value":{"color":"rgb(0, 0, 255)","className":"example"},"expected":"rgb(0, 0, 255)","calls":[],"missing":[],"errors":[],"resources":[],"result":"PASS"}
{"id":"managed-additional-string","phase":"browser","browser":"firefox","media":"screen","value":{"color":"rgb(0, 0, 255)","className":"example"},"expected":"rgb(0, 0, 255)","calls":[],"missing":[],"errors":[],"resources":[],"result":"PASS"}
{"id":"managed-additional-string","phase":"browser","browser":"firefox","media":"print","value":{"color":"rgb(0, 0, 255)","className":"example"},"expected":"rgb(0, 0, 255)","calls":[],"missing":[],"errors":[],"resources":[],"result":"PASS"}
{"id":"managed-additional-string","phase":"browser","browser":"webkit","media":"screen","value":{"color":"rgb(0, 0, 255)","className":"example"},"expected":"rgb(0, 0, 255)","calls":[],"missing":[],"errors":[],"resources":[],"result":"PASS"}
{"id":"managed-additional-string","phase":"browser","browser":"webkit","media":"print","value":{"color":"rgb(0, 0, 255)","className":"example"},"expected":"rgb(0, 0, 255)","calls":[],"missing":[],"errors":[],"resources":[],"result":"PASS"}
{"id":"managed-additional-function","phase":"browser","browser":"chromium","media":"screen","value":{"color":"rgb(0, 0, 255)","className":"example"},"expected":"rgb(0, 0, 255)","calls":["/private/var/folders/_b/768dhtz56ns54x1r867j67280000gn/T/master-css-vite-sass-inputs-NkKcG4/entry.scss"],"missing":[],"errors":[],"resources":[],"result":"PASS"}
{"id":"managed-additional-function","phase":"browser","browser":"chromium","media":"print","value":{"color":"rgb(0, 0, 255)","className":"example"},"expected":"rgb(0, 0, 255)","calls":["/private/var/folders/_b/768dhtz56ns54x1r867j67280000gn/T/master-css-vite-sass-inputs-NkKcG4/entry.scss"],"missing":[],"errors":[],"resources":[],"result":"PASS"}
{"id":"managed-additional-function","phase":"browser","browser":"firefox","media":"screen","value":{"color":"rgb(0, 0, 255)","className":"example"},"expected":"rgb(0, 0, 255)","calls":["/private/var/folders/_b/768dhtz56ns54x1r867j67280000gn/T/master-css-vite-sass-inputs-NkKcG4/entry.scss"],"missing":[],"errors":[],"resources":[],"result":"PASS"}
{"id":"managed-additional-function","phase":"browser","browser":"firefox","media":"print","value":{"color":"rgb(0, 0, 255)","className":"example"},"expected":"rgb(0, 0, 255)","calls":["/private/var/folders/_b/768dhtz56ns54x1r867j67280000gn/T/master-css-vite-sass-inputs-NkKcG4/entry.scss"],"missing":[],"errors":[],"resources":[],"result":"PASS"}
{"id":"managed-additional-function","phase":"browser","browser":"webkit","media":"screen","value":{"color":"rgb(0, 0, 255)","className":"example"},"expected":"rgb(0, 0, 255)","calls":["/private/var/folders/_b/768dhtz56ns54x1r867j67280000gn/T/master-css-vite-sass-inputs-NkKcG4/entry.scss"],"missing":[],"errors":[],"resources":[],"result":"PASS"}
{"id":"managed-additional-function","phase":"browser","browser":"webkit","media":"print","value":{"color":"rgb(0, 0, 255)","className":"example"},"expected":"rgb(0, 0, 255)","calls":["/private/var/folders/_b/768dhtz56ns54x1r867j67280000gn/T/master-css-vite-sass-inputs-NkKcG4/entry.scss"],"missing":[],"errors":[],"resources":[],"result":"PASS"}
{"id":"plain-additional-function","phase":"browser","browser":"chromium","media":"screen","value":{"color":"rgb(0, 0, 255)","className":"example"},"expected":"rgb(0, 0, 255)","calls":["/private/var/folders/_b/768dhtz56ns54x1r867j67280000gn/T/master-css-vite-sass-inputs-NkKcG4/entry.scss"],"missing":[],"errors":[],"resources":[],"result":"PASS"}
{"id":"plain-additional-function","phase":"browser","browser":"chromium","media":"print","value":{"color":"rgb(0, 0, 255)","className":"example"},"expected":"rgb(0, 0, 255)","calls":["/private/var/folders/_b/768dhtz56ns54x1r867j67280000gn/T/master-css-vite-sass-inputs-NkKcG4/entry.scss"],"missing":[],"errors":[],"resources":[],"result":"PASS"}
{"id":"plain-additional-function","phase":"browser","browser":"firefox","media":"screen","value":{"color":"rgb(0, 0, 255)","className":"example"},"expected":"rgb(0, 0, 255)","calls":["/private/var/folders/_b/768dhtz56ns54x1r867j67280000gn/T/master-css-vite-sass-inputs-NkKcG4/entry.scss"],"missing":[],"errors":[],"resources":[],"result":"PASS"}
{"id":"plain-additional-function","phase":"browser","browser":"firefox","media":"print","value":{"color":"rgb(0, 0, 255)","className":"example"},"expected":"rgb(0, 0, 255)","calls":["/private/var/folders/_b/768dhtz56ns54x1r867j67280000gn/T/master-css-vite-sass-inputs-NkKcG4/entry.scss"],"missing":[],"errors":[],"resources":[],"result":"PASS"}
{"id":"plain-additional-function","phase":"browser","browser":"webkit","media":"screen","value":{"color":"rgb(0, 0, 255)","className":"example"},"expected":"rgb(0, 0, 255)","calls":["/private/var/folders/_b/768dhtz56ns54x1r867j67280000gn/T/master-css-vite-sass-inputs-NkKcG4/entry.scss"],"missing":[],"errors":[],"resources":[],"result":"PASS"}
{"id":"plain-additional-function","phase":"browser","browser":"webkit","media":"print","value":{"color":"rgb(0, 0, 255)","className":"example"},"expected":"rgb(0, 0, 255)","calls":["/private/var/folders/_b/768dhtz56ns54x1r867j67280000gn/T/master-css-vite-sass-inputs-NkKcG4/entry.scss"],"missing":[],"errors":[],"resources":[],"result":"PASS"}
{"id":"indented-sass","phase":"browser","browser":"chromium","media":"screen","value":{"color":"rgb(0, 0, 255)","className":"example"},"expected":"rgb(0, 0, 255)","calls":[],"missing":[],"errors":[],"resources":[],"result":"PASS"}
{"id":"indented-sass","phase":"browser","browser":"chromium","media":"print","value":{"color":"rgb(0, 0, 255)","className":"example"},"expected":"rgb(0, 0, 255)","calls":[],"missing":[],"errors":[],"resources":[],"result":"PASS"}
{"id":"indented-sass","phase":"browser","browser":"firefox","media":"screen","value":{"color":"rgb(0, 0, 255)","className":"example"},"expected":"rgb(0, 0, 255)","calls":[],"missing":[],"errors":[],"resources":[],"result":"PASS"}
{"id":"indented-sass","phase":"browser","browser":"firefox","media":"print","value":{"color":"rgb(0, 0, 255)","className":"example"},"expected":"rgb(0, 0, 255)","calls":[],"missing":[],"errors":[],"resources":[],"result":"PASS"}
{"id":"indented-sass","phase":"browser","browser":"webkit","media":"screen","value":{"color":"rgb(0, 0, 255)","className":"example"},"expected":"rgb(0, 0, 255)","calls":[],"missing":[],"errors":[],"resources":[],"result":"PASS"}
{"id":"indented-sass","phase":"browser","browser":"webkit","media":"print","value":{"color":"rgb(0, 0, 255)","className":"example"},"expected":"rgb(0, 0, 255)","calls":[],"missing":[],"errors":[],"resources":[],"result":"PASS"}
{"id":"alias-use-partial-resource","phase":"browser","browser":"chromium","media":"screen","value":{"color":"rgb(0, 0, 255)","className":"example"},"expected":"rgb(0, 0, 255)","calls":[],"missing":[],"errors":[],"resources":["/private/var/folders/_b/768dhtz56ns54x1r867j67280000gn/T/master-css-vite-sass-inputs-NkKcG4/alias-use-partial-resource/assets/master-css-resource-1f462a021ed99a866ea4.svg"],"result":"PASS"}
{"id":"alias-use-partial-resource","phase":"browser","browser":"chromium","media":"print","value":{"color":"rgb(0, 0, 255)","className":"example"},"expected":"rgb(0, 0, 255)","calls":[],"missing":[],"errors":[],"resources":["/private/var/folders/_b/768dhtz56ns54x1r867j67280000gn/T/master-css-vite-sass-inputs-NkKcG4/alias-use-partial-resource/assets/master-css-resource-1f462a021ed99a866ea4.svg"],"result":"PASS"}
{"id":"alias-use-partial-resource","phase":"browser","browser":"firefox","media":"screen","value":{"color":"rgb(0, 0, 255)","className":"example"},"expected":"rgb(0, 0, 255)","calls":[],"missing":[],"errors":[],"resources":["/private/var/folders/_b/768dhtz56ns54x1r867j67280000gn/T/master-css-vite-sass-inputs-NkKcG4/alias-use-partial-resource/assets/master-css-resource-1f462a021ed99a866ea4.svg"],"result":"PASS"}
{"id":"alias-use-partial-resource","phase":"browser","browser":"firefox","media":"print","value":{"color":"rgb(0, 0, 255)","className":"example"},"expected":"rgb(0, 0, 255)","calls":[],"missing":[],"errors":[],"resources":["/private/var/folders/_b/768dhtz56ns54x1r867j67280000gn/T/master-css-vite-sass-inputs-NkKcG4/alias-use-partial-resource/assets/master-css-resource-1f462a021ed99a866ea4.svg"],"result":"PASS"}
{"id":"alias-use-partial-resource","phase":"browser","browser":"webkit","media":"screen","value":{"color":"rgb(0, 0, 255)","className":"example"},"expected":"rgb(0, 0, 255)","calls":[],"missing":[],"errors":[],"resources":["/private/var/folders/_b/768dhtz56ns54x1r867j67280000gn/T/master-css-vite-sass-inputs-NkKcG4/alias-use-partial-resource/assets/master-css-resource-1f462a021ed99a866ea4.svg"],"result":"PASS"}
{"id":"alias-use-partial-resource","phase":"browser","browser":"webkit","media":"print","value":{"color":"rgb(0, 0, 255)","className":"example"},"expected":"rgb(0, 0, 255)","calls":[],"missing":[],"errors":[],"resources":["/private/var/folders/_b/768dhtz56ns54x1r867j67280000gn/T/master-css-vite-sass-inputs-NkKcG4/alias-use-partial-resource/assets/master-css-resource-1f462a021ed99a866ea4.svg"],"result":"PASS"}
{"id":"qualified-css-import","phase":"browser","browser":"chromium","media":"screen","value":{"color":"rgb(0, 0, 0)","className":"example"},"expected":"rgb(0, 0, 0)","calls":[],"missing":[],"errors":[],"resources":[],"result":"PASS"}
{"id":"qualified-css-import","phase":"browser","browser":"chromium","media":"print","value":{"color":"rgb(0, 0, 255)","className":"example"},"expected":"rgb(0, 0, 255)","calls":[],"missing":[],"errors":[],"resources":[],"result":"PASS"}
{"id":"qualified-css-import","phase":"browser","browser":"firefox","media":"screen","value":{"color":"rgb(0, 0, 0)","className":"example"},"expected":"rgb(0, 0, 0)","calls":[],"missing":[],"errors":[],"resources":[],"result":"PASS"}
{"id":"qualified-css-import","phase":"browser","browser":"firefox","media":"print","value":{"color":"rgb(0, 0, 255)","className":"example"},"expected":"rgb(0, 0, 255)","calls":[],"missing":[],"errors":[],"resources":[],"result":"PASS"}
{"id":"qualified-css-import","phase":"browser","browser":"webkit","media":"screen","value":{"color":"rgb(0, 0, 0)","className":"example"},"expected":"rgb(0, 0, 0)","calls":[],"missing":[],"errors":[],"resources":[],"result":"PASS"}
{"id":"qualified-css-import","phase":"browser","browser":"webkit","media":"print","value":{"color":"rgb(0, 0, 255)","className":"example"},"expected":"rgb(0, 0, 255)","calls":[],"missing":[],"errors":[],"resources":[],"result":"PASS"}
{"id":"nested-external-import","phase":"browser","browser":"chromium","media":"screen","value":{"color":"rgb(0, 0, 0)","className":"example"},"expected":"rgb(0, 0, 0)","calls":[],"missing":[],"errors":[],"resources":[],"result":"PASS"}
{"id":"nested-external-import","phase":"browser","browser":"chromium","media":"print","value":{"color":"rgb(0, 0, 255)","className":"example"},"expected":"rgb(0, 0, 255)","calls":[],"missing":[],"errors":[],"resources":[],"result":"PASS"}
{"id":"nested-external-import","phase":"browser","browser":"firefox","media":"screen","value":{"color":"rgb(0, 0, 0)","className":"example"},"expected":"rgb(0, 0, 0)","calls":[],"missing":[],"errors":[],"resources":[],"result":"PASS"}
{"id":"nested-external-import","phase":"browser","browser":"firefox","media":"print","value":{"color":"rgb(0, 0, 255)","className":"example"},"expected":"rgb(0, 0, 255)","calls":[],"missing":[],"errors":[],"resources":[],"result":"PASS"}
{"id":"nested-external-import","phase":"browser","browser":"webkit","media":"screen","value":{"color":"rgb(0, 0, 0)","className":"example"},"expected":"rgb(0, 0, 0)","calls":[],"missing":[],"errors":[],"resources":[],"result":"PASS"}
{"id":"nested-external-import","phase":"browser","browser":"webkit","media":"print","value":{"color":"rgb(0, 0, 255)","className":"example"},"expected":"rgb(0, 0, 255)","calls":[],"missing":[],"errors":[],"resources":[],"result":"PASS"}
{"id":"qualified-scss-import","phase":"browser","browser":"chromium","media":"screen","value":{"color":"rgb(0, 0, 0)","className":"example"},"expected":"rgb(0, 0, 0)","calls":[],"missing":[],"errors":[],"resources":[],"result":"PASS"}
{"id":"qualified-scss-import","phase":"browser","browser":"chromium","media":"print","value":{"color":"rgb(0, 0, 255)","className":"example"},"expected":"rgb(0, 0, 255)","calls":[],"missing":[],"errors":[],"resources":[],"result":"PASS"}
{"id":"qualified-scss-import","phase":"browser","browser":"firefox","media":"screen","value":{"color":"rgb(0, 0, 0)","className":"example"},"expected":"rgb(0, 0, 0)","calls":[],"missing":[],"errors":[],"resources":[],"result":"PASS"}
{"id":"qualified-scss-import","phase":"browser","browser":"firefox","media":"print","value":{"color":"rgb(0, 0, 255)","className":"example"},"expected":"rgb(0, 0, 255)","calls":[],"missing":[],"errors":[],"resources":[],"result":"PASS"}
{"id":"qualified-scss-import","phase":"browser","browser":"webkit","media":"screen","value":{"color":"rgb(0, 0, 0)","className":"example"},"expected":"rgb(0, 0, 0)","calls":[],"missing":[],"errors":[],"resources":[],"result":"PASS"}
{"id":"qualified-scss-import","phase":"browser","browser":"webkit","media":"print","value":{"color":"rgb(0, 0, 255)","className":"example"},"expected":"rgb(0, 0, 255)","calls":[],"missing":[],"errors":[],"resources":[],"result":"PASS"}
{"id":"alias-scss-import","phase":"browser","browser":"chromium","media":"screen","value":{"color":"rgb(0, 0, 255)","className":"example"},"expected":"rgb(0, 0, 255)","calls":[],"missing":[],"errors":[],"resources":[],"result":"PASS"}
{"id":"alias-scss-import","phase":"browser","browser":"chromium","media":"print","value":{"color":"rgb(0, 0, 255)","className":"example"},"expected":"rgb(0, 0, 255)","calls":[],"missing":[],"errors":[],"resources":[],"result":"PASS"}
{"id":"alias-scss-import","phase":"browser","browser":"firefox","media":"screen","value":{"color":"rgb(0, 0, 255)","className":"example"},"expected":"rgb(0, 0, 255)","calls":[],"missing":[],"errors":[],"resources":[],"result":"PASS"}
{"id":"alias-scss-import","phase":"browser","browser":"firefox","media":"print","value":{"color":"rgb(0, 0, 255)","className":"example"},"expected":"rgb(0, 0, 255)","calls":[],"missing":[],"errors":[],"resources":[],"result":"PASS"}
{"id":"alias-scss-import","phase":"browser","browser":"webkit","media":"screen","value":{"color":"rgb(0, 0, 255)","className":"example"},"expected":"rgb(0, 0, 255)","calls":[],"missing":[],"errors":[],"resources":[],"result":"PASS"}
{"id":"alias-scss-import","phase":"browser","browser":"webkit","media":"print","value":{"color":"rgb(0, 0, 255)","className":"example"},"expected":"rgb(0, 0, 255)","calls":[],"missing":[],"errors":[],"resources":[],"result":"PASS"}
{"id":"raw-sass","phase":"browser","browser":"chromium","media":"screen","value":{"color":"rgb(0, 0, 0)","raw":"$paint:blue;.example{color:$paint}","className":"example"},"expected":"rgb(0, 0, 0)","calls":[],"missing":[],"errors":[],"resources":[],"result":"PASS"}
{"id":"raw-sass","phase":"browser","browser":"chromium","media":"print","value":{"color":"rgb(0, 0, 0)","raw":"$paint:blue;.example{color:$paint}","className":"example"},"expected":"rgb(0, 0, 0)","calls":[],"missing":[],"errors":[],"resources":[],"result":"PASS"}
{"id":"raw-sass","phase":"browser","browser":"firefox","media":"screen","value":{"color":"rgb(0, 0, 0)","raw":"$paint:blue;.example{color:$paint}","className":"example"},"expected":"rgb(0, 0, 0)","calls":[],"missing":[],"errors":[],"resources":[],"result":"PASS"}
{"id":"raw-sass","phase":"browser","browser":"firefox","media":"print","value":{"color":"rgb(0, 0, 0)","raw":"$paint:blue;.example{color:$paint}","className":"example"},"expected":"rgb(0, 0, 0)","calls":[],"missing":[],"errors":[],"resources":[],"result":"PASS"}
{"id":"raw-sass","phase":"browser","browser":"webkit","media":"screen","value":{"color":"rgb(0, 0, 0)","raw":"$paint:blue;.example{color:$paint}","className":"example"},"expected":"rgb(0, 0, 0)","calls":[],"missing":[],"errors":[],"resources":[],"result":"PASS"}
{"id":"raw-sass","phase":"browser","browser":"webkit","media":"print","value":{"color":"rgb(0, 0, 0)","raw":"$paint:blue;.example{color:$paint}","className":"example"},"expected":"rgb(0, 0, 0)","calls":[],"missing":[],"errors":[],"resources":[],"result":"PASS"}
{"id":"plain-css-module","phase":"build","result":"FAIL","message":"Build failed with 1 error:\n\n[plugin master-css:local-compose] \u0000master-css:sass-module:%2Fprivate%2Fvar%2Ffolders%2F_b%2F768dhtz56ns54x1r867j67280000gn%2FT%2Fmaster-css-vite-sass-inputs-NkKcG4%2Fentry.module.scss\nMasterCSSError: Invalid dangling combinator in selector at master.css:0:8\n    at normalizeBindingError (file:///Users/aron/master/css/packages/binding/dist/normalize-error.js:42:9)\n    at callBinding (file:///Users/aron/master/css/packages/binding/dist/normalize-error.js:53:9)\n    at invoke (file:///Users/aron/master/css/packages/binding/dist/compiler-binding-adapter.js:19:10)\n    at Object.compileCSSDirectives (file:///Users/aron/master/css/packages/binding/dist/compiler-binding-adapter.js:33:46)\n    at file:///Users/aron/master/css/packages/compiler/dist/node-compiler.js:97:87\n    at callCompilerBinding (file:///Users/aron/master/css/packages/compiler/dist/node-compiler.js:21:10)\n    at compileCSS (file:///Users/aron/master/css/packages/compiler/dist/node-compiler.js:97:44)\n    at hasLocalStyleDirectives (file:///Users/aron/master/css/packages/compiler/dist/stylesheet/index.js:144:17)\n    at createStylesheetResolution (file:///Users/aron/master/css/packages/compiler/dist/stylesheet/public.js:29:29)\n    at resolveStylesheet (file:///Users/aron/master/css/packages/compiler/dist/stylesheet/public.js:74:9)\nCaused by:\n  Error: {\"code\":\"CSS_PARSE_ERROR\",\"message\":\"Invalid dangling combinator in selector at master.css:0:8\",\"source\":\"master.css\"}\n      at Object.compileCSSDirectives (file:///Users/aron/master/css/packages/binding/dist/compiler.js:29:67)\n      at file:///Users/aron/master/css/packages/binding/dist/compiler-binding-adapter.js:33:82\n      at callBinding (file:///Users/aron/master/css/packages/binding/dist/normalize-error.js:51:10)\n      at invoke (file:///Users/aron/master/css/packages/binding/dist/compiler-binding-adapter.js:19:10)\n      at Object.compileCSSDirectives (file:///Users/aron/master/css/packages/binding/dist/compiler-binding-adapter.js:33:46)\n      at file:///Users/aron/master/css/packages/compiler/dist/node-compiler.js:97:87\n      at callCompilerBinding (file:///Users/aron/master/css/packages/compiler/dist/node-compiler.js:21:10)\n      at compileCSS (file:///Users/aron/master/css/packages/compiler/dist/node-compiler.js:97:44)\n      at hasLocalStyleDirectives (file:///Users/aron/master/css/packages/compiler/dist/stylesheet/index.js:144:17)\n      at createStylesheetResolution (file:///Users/aron/master/css/packages/compiler/dist/stylesheet/public.js:29:29)","calls":[]}
{"id":"managed-css-module","phase":"build","result":"FAIL","message":"Build failed with 1 error:\n\n[plugin master-css:local-compose] \u0000master-css:sass-module:%2Fprivate%2Fvar%2Ffolders%2F_b%2F768dhtz56ns54x1r867j67280000gn%2FT%2Fmaster-css-vite-sass-inputs-NkKcG4%2Fentry.module.scss\nMasterCSSError: Invalid dangling combinator in selector at master.css:0:8\n    at normalizeBindingError (file:///Users/aron/master/css/packages/binding/dist/normalize-error.js:42:9)\n    at callBinding (file:///Users/aron/master/css/packages/binding/dist/normalize-error.js:53:9)\n    at invoke (file:///Users/aron/master/css/packages/binding/dist/compiler-binding-adapter.js:19:10)\n    at Object.compileCSSDirectives (file:///Users/aron/master/css/packages/binding/dist/compiler-binding-adapter.js:33:46)\n    at file:///Users/aron/master/css/packages/compiler/dist/node-compiler.js:97:87\n    at callCompilerBinding (file:///Users/aron/master/css/packages/compiler/dist/node-compiler.js:21:10)\n    at compileCSS (file:///Users/aron/master/css/packages/compiler/dist/node-compiler.js:97:44)\n    at hasLocalStyleDirectives (file:///Users/aron/master/css/packages/compiler/dist/stylesheet/index.js:144:17)\n    at createStylesheetResolution (file:///Users/aron/master/css/packages/compiler/dist/stylesheet/public.js:29:29)\n    at resolveStylesheet (file:///Users/aron/master/css/packages/compiler/dist/stylesheet/public.js:74:9)\nCaused by:\n  Error: {\"code\":\"CSS_PARSE_ERROR\",\"message\":\"Invalid dangling combinator in selector at master.css:0:8\",\"source\":\"master.css\"}\n      at Object.compileCSSDirectives (file:///Users/aron/master/css/packages/binding/dist/compiler.js:29:67)\n      at file:///Users/aron/master/css/packages/binding/dist/compiler-binding-adapter.js:33:82\n      at callBinding (file:///Users/aron/master/css/packages/binding/dist/normalize-error.js:51:10)\n      at invoke (file:///Users/aron/master/css/packages/binding/dist/compiler-binding-adapter.js:19:10)\n      at Object.compileCSSDirectives (file:///Users/aron/master/css/packages/binding/dist/compiler-binding-adapter.js:33:46)\n      at file:///Users/aron/master/css/packages/compiler/dist/node-compiler.js:97:87\n      at callCompilerBinding (file:///Users/aron/master/css/packages/compiler/dist/node-compiler.js:21:10)\n      at compileCSS (file:///Users/aron/master/css/packages/compiler/dist/node-compiler.js:97:44)\n      at hasLocalStyleDirectives (file:///Users/aron/master/css/packages/compiler/dist/stylesheet/index.js:144:17)\n      at createStylesheetResolution (file:///Users/aron/master/css/packages/compiler/dist/stylesheet/public.js:29:29)","calls":[]}
{"builds":12,"buildFailures":2,"comparisons":60,"browserFailures":0}
node:internal/modules/run_main:107
    triggerUncaughtException(
    ^

AssertionError [ERR_ASSERTION]: Expected values to be strictly equal:

2 !== 0

    at file:///Users/aron/master/css/.ai/audits/bug-hunt/repros/vite-sass-inputs.mjs:74:48 {
  generatedMessage: true,
  code: 'ERR_ASSERTION',
  actual: 2,
  expected: 0,
  operator: 'strictEqual',
  diff: 'simple'
}

Node.js v24.20.0
