{"id":"css-string","phase":"browser","browser":"chromium","media":"screen","value":{"color":"rgb(0, 0, 255)","before":"rgb(0, 0, 0)","css":".example {\n  color: #00f;\n}\n","background":"none","imageLoaded":false},"expected":"rgb(0, 0, 255)","missing":[],"errors":[],"warnings":[],"result":"PASS"}
{"id":"css-string","phase":"browser","browser":"chromium","media":"print","value":{"color":"rgb(0, 0, 255)","before":"rgb(0, 0, 0)","css":".example {\n  color: #00f;\n}\n","background":"none","imageLoaded":false},"expected":"rgb(0, 0, 255)","missing":[],"errors":[],"warnings":[],"result":"PASS"}
{"id":"css-string","phase":"browser","browser":"firefox","media":"screen","value":{"color":"rgb(0, 0, 255)","before":"rgb(0, 0, 0)","css":".example {\n  color: #00f;\n}\n","background":"none","imageLoaded":false},"expected":"rgb(0, 0, 255)","missing":[],"errors":[],"warnings":[],"result":"PASS"}
{"id":"css-string","phase":"browser","browser":"firefox","media":"print","value":{"color":"rgb(0, 0, 255)","before":"rgb(0, 0, 0)","css":".example {\n  color: #00f;\n}\n","background":"none","imageLoaded":false},"expected":"rgb(0, 0, 255)","missing":[],"errors":[],"warnings":[],"result":"PASS"}
{"id":"css-string","phase":"browser","browser":"webkit","media":"screen","value":{"color":"rgb(0, 0, 255)","before":"rgb(0, 0, 0)","css":".example {\n  color: #00f;\n}\n","background":"none","imageLoaded":false},"expected":"rgb(0, 0, 255)","missing":[],"errors":[],"warnings":[],"result":"PASS"}
{"id":"css-string","phase":"browser","browser":"webkit","media":"print","value":{"color":"rgb(0, 0, 255)","before":"rgb(0, 0, 0)","css":".example {\n  color: #00f;\n}\n","background":"none","imageLoaded":false},"expected":"rgb(0, 0, 255)","missing":[],"errors":[],"warnings":[],"result":"PASS"}
{"id":"sass-string","phase":"browser","browser":"chromium","media":"screen","value":{"color":"rgb(0, 0, 255)","before":"rgb(0, 0, 0)","css":".example {\n  color: #00f;\n}\n","background":"none","imageLoaded":false},"expected":"rgb(0, 0, 255)","missing":[],"errors":[],"warnings":[],"result":"PASS"}
{"id":"sass-string","phase":"browser","browser":"chromium","media":"print","value":{"color":"rgb(0, 0, 255)","before":"rgb(0, 0, 0)","css":".example {\n  color: #00f;\n}\n","background":"none","imageLoaded":false},"expected":"rgb(0, 0, 255)","missing":[],"errors":[],"warnings":[],"result":"PASS"}
{"id":"sass-string","phase":"browser","browser":"firefox","media":"screen","value":{"color":"rgb(0, 0, 255)","before":"rgb(0, 0, 0)","css":".example {\n  color: #00f;\n}\n","background":"none","imageLoaded":false},"expected":"rgb(0, 0, 255)","missing":[],"errors":[],"warnings":[],"result":"PASS"}
{"id":"sass-string","phase":"browser","browser":"firefox","media":"print","value":{"color":"rgb(0, 0, 255)","before":"rgb(0, 0, 0)","css":".example {\n  color: #00f;\n}\n","background":"none","imageLoaded":false},"expected":"rgb(0, 0, 255)","missing":[],"errors":[],"warnings":[],"result":"PASS"}
{"id":"sass-string","phase":"browser","browser":"webkit","media":"screen","value":{"color":"rgb(0, 0, 255)","before":"rgb(0, 0, 0)","css":".example {\n  color: #00f;\n}\n","background":"none","imageLoaded":false},"expected":"rgb(0, 0, 255)","missing":[],"errors":[],"warnings":[],"result":"PASS"}
{"id":"sass-string","phase":"browser","browser":"webkit","media":"print","value":{"color":"rgb(0, 0, 255)","before":"rgb(0, 0, 0)","css":".example {\n  color: #00f;\n}\n","background":"none","imageLoaded":false},"expected":"rgb(0, 0, 255)","missing":[],"errors":[],"warnings":[],"result":"PASS"}
{"id":"construct-css","phase":"browser","browser":"chromium","media":"screen","value":{"color":"rgb(0, 0, 255)","before":"rgb(0, 0, 0)","css":".example {\n  color: #00f;\n}\n","background":"none","imageLoaded":false},"expected":"rgb(0, 0, 255)","missing":[],"errors":[],"warnings":[],"result":"PASS"}
{"id":"construct-css","phase":"browser","browser":"chromium","media":"print","value":{"color":"rgb(0, 0, 255)","before":"rgb(0, 0, 0)","css":".example {\n  color: #00f;\n}\n","background":"none","imageLoaded":false},"expected":"rgb(0, 0, 255)","missing":[],"errors":[],"warnings":[],"result":"PASS"}
{"id":"construct-css","phase":"browser","browser":"firefox","media":"screen","value":{"color":"rgb(0, 0, 255)","before":"rgb(0, 0, 0)","css":".example {\n  color: #00f;\n}\n","background":"none","imageLoaded":false},"expected":"rgb(0, 0, 255)","missing":[],"errors":[],"warnings":[],"result":"PASS"}
{"id":"construct-css","phase":"browser","browser":"firefox","media":"print","value":{"color":"rgb(0, 0, 255)","before":"rgb(0, 0, 0)","css":".example {\n  color: #00f;\n}\n","background":"none","imageLoaded":false},"expected":"rgb(0, 0, 255)","missing":[],"errors":[],"warnings":[],"result":"PASS"}
{"id":"construct-css","phase":"browser","browser":"webkit","media":"screen","value":{"color":"rgb(0, 0, 255)","before":"rgb(0, 0, 0)","css":".example {\n  color: #00f;\n}\n","background":"none","imageLoaded":false},"expected":"rgb(0, 0, 255)","missing":[],"errors":[],"warnings":[],"result":"PASS"}
{"id":"construct-css","phase":"browser","browser":"webkit","media":"print","value":{"color":"rgb(0, 0, 255)","before":"rgb(0, 0, 0)","css":".example {\n  color: #00f;\n}\n","background":"none","imageLoaded":false},"expected":"rgb(0, 0, 255)","missing":[],"errors":[],"warnings":[],"result":"PASS"}
{"id":"construct-sass","phase":"browser","browser":"chromium","media":"screen","value":{"color":"rgb(0, 0, 255)","before":"rgb(0, 0, 0)","css":".example {\n  color: #00f;\n}\n","background":"none","imageLoaded":false},"expected":"rgb(0, 0, 255)","missing":[],"errors":[],"warnings":[],"result":"PASS"}
{"id":"construct-sass","phase":"browser","browser":"chromium","media":"print","value":{"color":"rgb(0, 0, 255)","before":"rgb(0, 0, 0)","css":".example {\n  color: #00f;\n}\n","background":"none","imageLoaded":false},"expected":"rgb(0, 0, 255)","missing":[],"errors":[],"warnings":[],"result":"PASS"}
{"id":"construct-sass","phase":"browser","browser":"firefox","media":"screen","value":{"color":"rgb(0, 0, 255)","before":"rgb(0, 0, 0)","css":".example {\n  color: #00f;\n}\n","background":"none","imageLoaded":false},"expected":"rgb(0, 0, 255)","missing":[],"errors":[],"warnings":[],"result":"PASS"}
{"id":"construct-sass","phase":"browser","browser":"firefox","media":"print","value":{"color":"rgb(0, 0, 255)","before":"rgb(0, 0, 0)","css":".example {\n  color: #00f;\n}\n","background":"none","imageLoaded":false},"expected":"rgb(0, 0, 255)","missing":[],"errors":[],"warnings":[],"result":"PASS"}
{"id":"construct-sass","phase":"browser","browser":"webkit","media":"screen","value":{"color":"rgb(0, 0, 255)","before":"rgb(0, 0, 0)","css":".example {\n  color: #00f;\n}\n","background":"none","imageLoaded":false},"expected":"rgb(0, 0, 255)","missing":[],"errors":[],"warnings":[],"result":"PASS"}
{"id":"construct-sass","phase":"browser","browser":"webkit","media":"print","value":{"color":"rgb(0, 0, 255)","before":"rgb(0, 0, 0)","css":".example {\n  color: #00f;\n}\n","background":"none","imageLoaded":false},"expected":"rgb(0, 0, 255)","missing":[],"errors":[],"warnings":[],"result":"PASS"}
{"id":"qualified-local","phase":"browser","browser":"chromium","media":"screen","value":{"color":"rgb(0, 0, 0)","before":"rgb(0, 0, 0)","css":"@supports (display: grid){@media print{@layer shared{.example {\n  color: #00f;\n}}}}\n","background":"none","imageLoaded":false},"expected":"rgb(0, 0, 0)","missing":[],"errors":[],"warnings":[],"result":"PASS"}
{"id":"qualified-local","phase":"browser","browser":"chromium","media":"print","value":{"color":"rgb(0, 0, 255)","before":"rgb(0, 0, 0)","css":"@supports (display: grid){@media print{@layer shared{.example {\n  color: #00f;\n}}}}\n","background":"none","imageLoaded":false},"expected":"rgb(0, 0, 255)","missing":[],"errors":[],"warnings":[],"result":"PASS"}
{"id":"qualified-local","phase":"browser","browser":"firefox","media":"screen","value":{"color":"rgb(0, 0, 0)","before":"rgb(0, 0, 0)","css":"@supports (display: grid){@media print{@layer shared{.example {\n  color: #00f;\n}}}}\n","background":"none","imageLoaded":false},"expected":"rgb(0, 0, 0)","missing":[],"errors":[],"warnings":[],"result":"PASS"}
{"id":"qualified-local","phase":"browser","browser":"firefox","media":"print","value":{"color":"rgb(0, 0, 255)","before":"rgb(0, 0, 0)","css":"@supports (display: grid){@media print{@layer shared{.example {\n  color: #00f;\n}}}}\n","background":"none","imageLoaded":false},"expected":"rgb(0, 0, 255)","missing":[],"errors":[],"warnings":[],"result":"PASS"}
{"id":"qualified-local","phase":"browser","browser":"webkit","media":"screen","value":{"color":"rgb(0, 0, 0)","before":"rgb(0, 0, 0)","css":"@supports (display: grid){@media print{@layer shared{.example {\n  color: #00f;\n}}}}\n","background":"none","imageLoaded":false},"expected":"rgb(0, 0, 0)","missing":[],"errors":[],"warnings":[],"result":"PASS"}
{"id":"qualified-local","phase":"browser","browser":"webkit","media":"print","value":{"color":"rgb(0, 0, 255)","before":"rgb(0, 0, 0)","css":"@supports (display: grid){@media print{@layer shared{.example {\n  color: #00f;\n}}}}\n","background":"none","imageLoaded":false},"expected":"rgb(0, 0, 255)","missing":[],"errors":[],"warnings":[],"result":"PASS"}
{"id":"qualified-external","phase":"browser","browser":"chromium","media":"screen","value":{"color":"rgb(0, 0, 0)","before":"rgb(0, 0, 0)","css":"@import \"http://inline-vite.test/deployed/assets/master-css-inline-a2f18ea6a4343939ed41-1.css\";","background":"none","imageLoaded":false},"expected":"rgb(0, 0, 0)","missing":[],"errors":[],"warnings":[],"result":"PASS"}
{"id":"qualified-external","phase":"browser","browser":"chromium","media":"print","value":{"color":"rgb(0, 0, 255)","before":"rgb(0, 0, 0)","css":"@import \"http://inline-vite.test/deployed/assets/master-css-inline-a2f18ea6a4343939ed41-1.css\";","background":"none","imageLoaded":false},"expected":"rgb(0, 0, 255)","missing":[],"errors":[],"warnings":[],"result":"PASS"}
{"id":"qualified-external","phase":"browser","browser":"firefox","media":"screen","value":{"color":"rgb(0, 0, 0)","before":"rgb(0, 0, 0)","css":"@import \"http://inline-vite.test/deployed/assets/master-css-inline-a2f18ea6a4343939ed41-1.css\";","background":"none","imageLoaded":false},"expected":"rgb(0, 0, 0)","missing":[],"errors":[],"warnings":[],"result":"PASS"}
{"id":"qualified-external","phase":"browser","browser":"firefox","media":"print","value":{"color":"rgb(0, 0, 255)","before":"rgb(0, 0, 0)","css":"@import \"http://inline-vite.test/deployed/assets/master-css-inline-a2f18ea6a4343939ed41-1.css\";","background":"none","imageLoaded":false},"expected":"rgb(0, 0, 255)","missing":[],"errors":[],"warnings":[],"result":"PASS"}
{"id":"qualified-external","phase":"browser","browser":"webkit","media":"screen","value":{"color":"rgb(0, 0, 0)","before":"rgb(0, 0, 0)","css":"@import \"http://inline-vite.test/deployed/assets/master-css-inline-a2f18ea6a4343939ed41-1.css\";","background":"none","imageLoaded":false},"expected":"rgb(0, 0, 0)","missing":[],"errors":[],"warnings":[],"result":"PASS"}
{"id":"qualified-external","phase":"browser","browser":"webkit","media":"print","value":{"color":"rgb(0, 0, 255)","before":"rgb(0, 0, 0)","css":"@import \"http://inline-vite.test/deployed/assets/master-css-inline-a2f18ea6a4343939ed41-1.css\";","background":"none","imageLoaded":false},"expected":"rgb(0, 0, 255)","missing":[],"errors":[],"warnings":[],"result":"PASS"}
{"id":"resource-custom-output","phase":"browser","browser":"chromium","media":"screen","value":{"color":"rgb(0, 0, 255)","before":"rgb(0, 0, 0)","css":".example {\n  color: #00f;\n  background-image: url(\"http://inline-vite.test/deployed/styles/deep/master-css-resource-ffc9f5e4fdeea83920c1.svg?q=1#part\");\n}\n","background":"url(\"http://inline-vite.test/deployed/styles/deep/master-css-resource-ffc9f5e4fdeea83920c1.svg?q=1#part\")","imageLoaded":true},"expected":"rgb(0, 0, 255)","missing":[],"errors":[],"warnings":[],"result":"PASS"}
{"id":"resource-custom-output","phase":"browser","browser":"chromium","media":"print","value":{"color":"rgb(0, 0, 255)","before":"rgb(0, 0, 0)","css":".example {\n  color: #00f;\n  background-image: url(\"http://inline-vite.test/deployed/styles/deep/master-css-resource-ffc9f5e4fdeea83920c1.svg?q=1#part\");\n}\n","background":"url(\"http://inline-vite.test/deployed/styles/deep/master-css-resource-ffc9f5e4fdeea83920c1.svg?q=1#part\")","imageLoaded":true},"expected":"rgb(0, 0, 255)","missing":[],"errors":[],"warnings":[],"result":"PASS"}
{"id":"resource-custom-output","phase":"browser","browser":"firefox","media":"screen","value":{"color":"rgb(0, 0, 255)","before":"rgb(0, 0, 0)","css":".example {\n  color: #00f;\n  background-image: url(\"http://inline-vite.test/deployed/styles/deep/master-css-resource-ffc9f5e4fdeea83920c1.svg?q=1#part\");\n}\n","background":"url(\"http://inline-vite.test/deployed/styles/deep/master-css-resource-ffc9f5e4fdeea83920c1.svg?q=1#part\")","imageLoaded":true},"expected":"rgb(0, 0, 255)","missing":[],"errors":[],"warnings":[],"result":"PASS"}
{"id":"resource-custom-output","phase":"browser","browser":"firefox","media":"print","value":{"color":"rgb(0, 0, 255)","before":"rgb(0, 0, 0)","css":".example {\n  color: #00f;\n  background-image: url(\"http://inline-vite.test/deployed/styles/deep/master-css-resource-ffc9f5e4fdeea83920c1.svg?q=1#part\");\n}\n","background":"url(\"http://inline-vite.test/deployed/styles/deep/master-css-resource-ffc9f5e4fdeea83920c1.svg?q=1#part\")","imageLoaded":true},"expected":"rgb(0, 0, 255)","missing":[],"errors":[],"warnings":[],"result":"PASS"}
{"id":"resource-custom-output","phase":"browser","browser":"webkit","media":"screen","value":{"color":"rgb(0, 0, 255)","before":"rgb(0, 0, 0)","css":".example {\n  color: #00f;\n  background-image: url(\"http://inline-vite.test/deployed/styles/deep/master-css-resource-ffc9f5e4fdeea83920c1.svg?q=1#part\");\n}\n","background":"url(\"http://inline-vite.test/deployed/styles/deep/master-css-resource-ffc9f5e4fdeea83920c1.svg?q=1#part\")","imageLoaded":true},"expected":"rgb(0, 0, 255)","missing":[],"errors":[],"warnings":[],"result":"PASS"}
{"id":"resource-custom-output","phase":"browser","browser":"webkit","media":"print","value":{"color":"rgb(0, 0, 255)","before":"rgb(0, 0, 0)","css":".example {\n  color: #00f;\n  background-image: url(\"http://inline-vite.test/deployed/styles/deep/master-css-resource-ffc9f5e4fdeea83920c1.svg?q=1#part\");\n}\n","background":"url(\"http://inline-vite.test/deployed/styles/deep/master-css-resource-ffc9f5e4fdeea83920c1.svg?q=1#part\")","imageLoaded":true},"expected":"rgb(0, 0, 255)","missing":[],"errors":[],"warnings":[],"result":"PASS"}
{"id":"two-independent-strings","phase":"browser","browser":"chromium","media":"screen","value":{"otherColor":"rgb(255, 0, 0)","color":"rgb(0, 0, 255)","before":"rgb(0, 0, 0)","css":".example {\n  color: #00f;\n}\n","other":".example {\n  color: red;\n}\n","background":"none","imageLoaded":false},"expected":"rgb(0, 0, 255)","missing":[],"errors":[],"warnings":[],"result":"PASS"}
{"id":"two-independent-strings","phase":"browser","browser":"chromium","media":"print","value":{"otherColor":"rgb(255, 0, 0)","color":"rgb(0, 0, 255)","before":"rgb(0, 0, 0)","css":".example {\n  color: #00f;\n}\n","other":".example {\n  color: red;\n}\n","background":"none","imageLoaded":false},"expected":"rgb(0, 0, 255)","missing":[],"errors":[],"warnings":[],"result":"PASS"}
{"id":"two-independent-strings","phase":"browser","browser":"firefox","media":"screen","value":{"otherColor":"rgb(255, 0, 0)","color":"rgb(0, 0, 255)","before":"rgb(0, 0, 0)","css":".example {\n  color: #00f;\n}\n","other":".example {\n  color: red;\n}\n","background":"none","imageLoaded":false},"expected":"rgb(0, 0, 255)","missing":[],"errors":[],"warnings":[],"result":"PASS"}
{"id":"two-independent-strings","phase":"browser","browser":"firefox","media":"print","value":{"otherColor":"rgb(255, 0, 0)","color":"rgb(0, 0, 255)","before":"rgb(0, 0, 0)","css":".example {\n  color: #00f;\n}\n","other":".example {\n  color: red;\n}\n","background":"none","imageLoaded":false},"expected":"rgb(0, 0, 255)","missing":[],"errors":[],"warnings":[],"result":"PASS"}
{"id":"two-independent-strings","phase":"browser","browser":"webkit","media":"screen","value":{"otherColor":"rgb(255, 0, 0)","color":"rgb(0, 0, 255)","before":"rgb(0, 0, 0)","css":".example {\n  color: #00f;\n}\n","other":".example {\n  color: red;\n}\n","background":"none","imageLoaded":false},"expected":"rgb(0, 0, 255)","missing":[],"errors":[],"warnings":[],"result":"PASS"}
{"id":"two-independent-strings","phase":"browser","browser":"webkit","media":"print","value":{"otherColor":"rgb(255, 0, 0)","color":"rgb(0, 0, 255)","before":"rgb(0, 0, 0)","css":".example {\n  color: #00f;\n}\n","other":".example {\n  color: red;\n}\n","background":"none","imageLoaded":false},"expected":"rgb(0, 0, 255)","missing":[],"errors":[],"warnings":[],"result":"PASS"}
{"id":"mixed-auto-and-string","phase":"browser","browser":"chromium","media":"screen","value":{"color":"rgb(0, 0, 255)","before":"rgb(0, 128, 0)","css":".example {\n  color: #00f;\n}\n","background":"none","imageLoaded":false},"expected":"rgb(0, 0, 255)","missing":[],"errors":[],"warnings":[],"result":"PASS"}
{"id":"mixed-auto-and-string","phase":"browser","browser":"chromium","media":"print","value":{"color":"rgb(0, 0, 255)","before":"rgb(0, 128, 0)","css":".example {\n  color: #00f;\n}\n","background":"none","imageLoaded":false},"expected":"rgb(0, 0, 255)","missing":[],"errors":[],"warnings":[],"result":"PASS"}
{"id":"mixed-auto-and-string","phase":"browser","browser":"firefox","media":"screen","value":{"color":"rgb(0, 0, 255)","before":"rgb(0, 128, 0)","css":".example {\n  color: #00f;\n}\n","background":"none","imageLoaded":false},"expected":"rgb(0, 0, 255)","missing":[],"errors":[],"warnings":[],"result":"PASS"}
{"id":"mixed-auto-and-string","phase":"browser","browser":"firefox","media":"print","value":{"color":"rgb(0, 0, 255)","before":"rgb(0, 128, 0)","css":".example {\n  color: #00f;\n}\n","background":"none","imageLoaded":false},"expected":"rgb(0, 0, 255)","missing":[],"errors":[],"warnings":[],"result":"PASS"}
{"id":"mixed-auto-and-string","phase":"browser","browser":"webkit","media":"screen","value":{"color":"rgb(0, 0, 255)","before":"rgb(0, 0, 0)","css":".example {\n  color: #00f;\n}\n","background":"none","imageLoaded":false},"expected":"rgb(0, 0, 255)","missing":[],"errors":[],"warnings":[],"result":"FAIL"}
{"id":"mixed-auto-and-string","phase":"browser","browser":"webkit","media":"print","value":{"color":"rgb(0, 0, 255)","before":"rgb(0, 0, 0)","css":".example {\n  color: #00f;\n}\n","background":"none","imageLoaded":false},"expected":"rgb(0, 0, 255)","missing":[],"errors":[],"warnings":[],"result":"FAIL"}
{"builds":9,"buildFailures":0,"comparisons":54,"failures":2}
node:internal/modules/run_main:107
    triggerUncaughtException(
    ^

AssertionError [ERR_ASSERTION]: Expected values to be strictly equal:

2 !== 0

    at file:///Users/aron/master/css/.ai/audits/bug-hunt/repros/vite-inline-delivery.mjs:78:48 {
  generatedMessage: true,
  code: 'ERR_ASSERTION',
  actual: 2,
  expected: 0,
  operator: 'strictEqual',
  diff: 'simple'
}

Node.js v24.20.0
