{"id":"opaque-url-string","phase":"browser","browser":"chromium","media":"screen","value":{"literal":"\"http://inline-vite.test/deployed/assets/literal\"","color":"rgb(0, 0, 255)","before":"rgb(0, 0, 0)","css":".example {\n  color: #00f;\n  --literal: \"http://inline-vite.test/deployed/assets/literal\";\n}\n","background":"none","imageLoaded":false},"expected":"rgb(0, 0, 255)","missing":[],"errors":[],"warnings":[],"result":"FAIL"}
{"id":"opaque-url-string","phase":"browser","browser":"chromium","media":"print","value":{"literal":"\"http://inline-vite.test/deployed/assets/literal\"","color":"rgb(0, 0, 255)","before":"rgb(0, 0, 0)","css":".example {\n  color: #00f;\n  --literal: \"http://inline-vite.test/deployed/assets/literal\";\n}\n","background":"none","imageLoaded":false},"expected":"rgb(0, 0, 255)","missing":[],"errors":[],"warnings":[],"result":"FAIL"}
{"id":"opaque-url-string","phase":"browser","browser":"firefox","media":"screen","value":{"literal":"\"http://inline-vite.test/deployed/assets/literal\"","color":"rgb(0, 0, 255)","before":"rgb(0, 0, 0)","css":".example {\n  color: #00f;\n  --literal: \"http://inline-vite.test/deployed/assets/literal\";\n}\n","background":"none","imageLoaded":false},"expected":"rgb(0, 0, 255)","missing":[],"errors":[],"warnings":[],"result":"FAIL"}
{"id":"opaque-url-string","phase":"browser","browser":"firefox","media":"print","value":{"literal":"\"http://inline-vite.test/deployed/assets/literal\"","color":"rgb(0, 0, 255)","before":"rgb(0, 0, 0)","css":".example {\n  color: #00f;\n  --literal: \"http://inline-vite.test/deployed/assets/literal\";\n}\n","background":"none","imageLoaded":false},"expected":"rgb(0, 0, 255)","missing":[],"errors":[],"warnings":[],"result":"FAIL"}
{"id":"opaque-url-string","phase":"browser","browser":"webkit","media":"screen","value":{"literal":"\"http://inline-vite.test/deployed/assets/literal\"","color":"rgb(0, 0, 255)","before":"rgb(0, 0, 0)","css":".example {\n  color: #00f;\n  --literal: \"http://inline-vite.test/deployed/assets/literal\";\n}\n","background":"none","imageLoaded":false},"expected":"rgb(0, 0, 255)","missing":[],"errors":[],"warnings":[],"result":"FAIL"}
{"id":"opaque-url-string","phase":"browser","browser":"webkit","media":"print","value":{"literal":"\"http://inline-vite.test/deployed/assets/literal\"","color":"rgb(0, 0, 255)","before":"rgb(0, 0, 0)","css":".example {\n  color: #00f;\n  --literal: \"http://inline-vite.test/deployed/assets/literal\";\n}\n","background":"none","imageLoaded":false},"expected":"rgb(0, 0, 255)","missing":[],"errors":[],"warnings":[],"result":"FAIL"}
{"builds":1,"buildFailures":0,"comparisons":6,"failures":6}
node:internal/modules/run_main:107
    triggerUncaughtException(
    ^

AssertionError [ERR_ASSERTION]: Expected values to be strictly equal:

6 !== 0

    at file:///Users/aron/master/css/.ai/audits/bug-hunt/repros/vite-inline-delivery.mjs:87:48 {
  generatedMessage: true,
  code: 'ERR_ASSERTION',
  actual: 6,
  expected: 0,
  operator: 'strictEqual',
  diff: 'simple'
}

Node.js v24.20.0
