{"scenario":"unused","managed":false,"assets":[{"fileName":"assets/pixel-DSgVZLLf.svg","bytes":62}],"cssInJS":false,"result":"FAIL"}
{"scenario":"unused","managed":true,"assets":[{"fileName":"assets/master-css-inline-52674d4160fc65b7d425-1.css","bytes":97},{"fileName":"assets/master-css-inline-52674d4160fc65b7d425-2.css","bytes":96},{"fileName":"assets/master-css-inline-base-ChlddmSq.css","bytes":35},{"fileName":"assets/master-css-resource-ffc9f5e4fdeea83920c1.svg","bytes":62}],"cssInJS":false,"result":"FAIL"}
{"scenario":"used-leaf","managed":false,"assets":[],"cssInJS":true,"result":"PASS"}
{"scenario":"used-leaf","managed":true,"assets":[{"fileName":"assets/master-css-inline-a9eda65b5f90ae00d123-1.css","bytes":28},{"fileName":"assets/master-css-inline-a9eda65b5f90ae00d123-2.css","bytes":27},{"fileName":"assets/master-css-inline-base-ChlddmSq.css","bytes":35}],"cssInJS":true,"result":"FAIL"}
{"scenario":"used-resource","managed":false,"assets":[{"fileName":"assets/pixel-DSgVZLLf.svg","bytes":62}],"cssInJS":true,"result":"PASS"}
{"scenario":"used-resource","managed":true,"assets":[{"fileName":"assets/master-css-inline-52674d4160fc65b7d425-1.css","bytes":97},{"fileName":"assets/master-css-inline-52674d4160fc65b7d425-2.css","bytes":96},{"fileName":"assets/master-css-inline-base-ChlddmSq.css","bytes":35},{"fileName":"assets/master-css-resource-ffc9f5e4fdeea83920c1.svg","bytes":62}],"cssInJS":true,"result":"FAIL"}
{"builds":6,"comparisons":6,"failures":4}
node:internal/modules/run_main:107
    triggerUncaughtException(
    ^

AssertionError [ERR_ASSERTION]: Expected values to be strictly equal:

4 !== 0

    at file:///Users/aron/master/css/.ai/audits/bug-hunt/repros/vite-inline-pruning.mjs:28:48 {
  generatedMessage: true,
  code: 'ERR_ASSERTION',
  actual: 4,
  expected: 0,
  operator: 'strictEqual',
  diff: 'simple'
}

Node.js v24.20.0
