{"scenario":"unused","managed":false,"phase":"assets","assets":[{"fileName":"assets/pixel-DSgVZLLf.svg","bytes":62}],"cssInJS":false,"result":"BASELINE"}
{"scenario":"unused","managed":false,"phase":"browser","browser":"chromium","value":{"before":"rgb(0, 0, 0)","color":"rgb(0, 0, 0)","imageLoaded":false},"missing":[],"errors":[],"result":"PASS"}
{"scenario":"unused","managed":false,"phase":"browser","browser":"firefox","value":{"before":"rgb(0, 0, 0)","color":"rgb(0, 0, 0)","imageLoaded":false},"missing":[],"errors":[],"result":"PASS"}
{"scenario":"unused","managed":false,"phase":"browser","browser":"webkit","value":{"before":"rgb(0, 0, 0)","color":"rgb(0, 0, 0)","imageLoaded":false},"missing":[],"errors":[],"result":"PASS"}
{"scenario":"unused","managed":true,"phase":"assets","assets":[],"cssInJS":false,"result":"PASS"}
{"scenario":"unused","managed":true,"phase":"browser","browser":"chromium","value":{"before":"rgb(0, 0, 0)","color":"rgb(0, 0, 0)","imageLoaded":false},"missing":[],"errors":[],"result":"PASS"}
{"scenario":"unused","managed":true,"phase":"browser","browser":"firefox","value":{"before":"rgb(0, 0, 0)","color":"rgb(0, 0, 0)","imageLoaded":false},"missing":[],"errors":[],"result":"PASS"}
{"scenario":"unused","managed":true,"phase":"browser","browser":"webkit","value":{"before":"rgb(0, 0, 0)","color":"rgb(0, 0, 0)","imageLoaded":false},"missing":[],"errors":[],"result":"PASS"}
{"scenario":"used-leaf","managed":false,"phase":"assets","assets":[],"cssInJS":true,"result":"PASS"}
{"scenario":"used-leaf","managed":false,"phase":"browser","browser":"chromium","value":{"before":"rgb(0, 0, 0)","color":"rgb(0, 0, 255)","imageLoaded":false},"missing":[],"errors":[],"result":"PASS"}
{"scenario":"used-leaf","managed":false,"phase":"browser","browser":"firefox","value":{"before":"rgb(0, 0, 0)","color":"rgb(0, 0, 255)","imageLoaded":false},"missing":[],"errors":[],"result":"PASS"}
{"scenario":"used-leaf","managed":false,"phase":"browser","browser":"webkit","value":{"before":"rgb(0, 0, 0)","color":"rgb(0, 0, 255)","imageLoaded":false},"missing":[],"errors":[],"result":"PASS"}
{"scenario":"used-leaf","managed":true,"phase":"assets","assets":[{"fileName":"assets/master-css-inline-base-ChlddmSq.css","bytes":35}],"cssInJS":true,"result":"PASS"}
{"scenario":"used-leaf","managed":true,"phase":"browser","browser":"chromium","value":{"before":"rgb(0, 0, 0)","color":"rgb(0, 0, 255)","imageLoaded":false},"missing":[],"errors":[],"result":"PASS"}
{"scenario":"used-leaf","managed":true,"phase":"browser","browser":"firefox","value":{"before":"rgb(0, 0, 0)","color":"rgb(0, 0, 255)","imageLoaded":false},"missing":[],"errors":[],"result":"PASS"}
{"scenario":"used-leaf","managed":true,"phase":"browser","browser":"webkit","value":{"before":"rgb(0, 0, 0)","color":"rgb(0, 0, 255)","imageLoaded":false},"missing":[],"errors":[],"result":"PASS"}
{"scenario":"used-resource","managed":false,"phase":"assets","assets":[{"fileName":"assets/pixel-DSgVZLLf.svg","bytes":62}],"cssInJS":true,"result":"PASS"}
{"scenario":"used-resource","managed":false,"phase":"browser","browser":"chromium","value":{"before":"rgb(0, 0, 0)","color":"rgb(0, 0, 255)","imageLoaded":true},"missing":[],"errors":[],"result":"PASS"}
{"scenario":"used-resource","managed":false,"phase":"browser","browser":"firefox","value":{"before":"rgb(0, 0, 0)","color":"rgb(0, 0, 255)","imageLoaded":true},"missing":[],"errors":[],"result":"PASS"}
{"scenario":"used-resource","managed":false,"phase":"browser","browser":"webkit","value":{"before":"rgb(0, 0, 0)","color":"rgb(0, 0, 255)","imageLoaded":true},"missing":[],"errors":[],"result":"PASS"}
{"scenario":"used-resource","managed":true,"phase":"assets","assets":[{"fileName":"assets/master-css-inline-base-ChlddmSq.css","bytes":35},{"fileName":"assets/master-css-resource-ffc9f5e4fdeea83920c1.svg","bytes":62}],"cssInJS":true,"result":"PASS"}
{"scenario":"used-resource","managed":true,"phase":"browser","browser":"chromium","value":{"before":"rgb(0, 0, 0)","color":"rgb(0, 0, 255)","imageLoaded":true},"missing":[],"errors":[],"result":"PASS"}
{"scenario":"used-resource","managed":true,"phase":"browser","browser":"firefox","value":{"before":"rgb(0, 0, 0)","color":"rgb(0, 0, 255)","imageLoaded":true},"missing":[],"errors":[],"result":"PASS"}
{"scenario":"used-resource","managed":true,"phase":"browser","browser":"webkit","value":{"before":"rgb(0, 0, 0)","color":"rgb(0, 0, 255)","imageLoaded":true},"missing":[],"errors":[],"result":"PASS"}
{"scenario":"shared-used-unused","managed":false,"phase":"assets","assets":[{"fileName":"assets/pixel-DSgVZLLf.svg","bytes":62}],"cssInJS":true,"result":"BASELINE"}
{"scenario":"shared-used-unused","managed":false,"phase":"browser","browser":"chromium","value":{"before":"rgb(0, 0, 0)","color":"rgb(0, 0, 255)","imageLoaded":false},"missing":[],"errors":[],"result":"PASS"}
{"scenario":"shared-used-unused","managed":false,"phase":"browser","browser":"firefox","value":{"before":"rgb(0, 0, 0)","color":"rgb(0, 0, 255)","imageLoaded":false},"missing":[],"errors":[],"result":"PASS"}
{"scenario":"shared-used-unused","managed":false,"phase":"browser","browser":"webkit","value":{"before":"rgb(0, 0, 0)","color":"rgb(0, 0, 255)","imageLoaded":false},"missing":[],"errors":[],"result":"PASS"}
{"scenario":"shared-used-unused","managed":true,"phase":"assets","assets":[{"fileName":"assets/master-css-inline-base-ChlddmSq.css","bytes":35}],"cssInJS":true,"result":"PASS"}
{"scenario":"shared-used-unused","managed":true,"phase":"browser","browser":"chromium","value":{"before":"rgb(0, 0, 0)","color":"rgb(0, 0, 255)","imageLoaded":false},"missing":[],"errors":[],"result":"PASS"}
{"scenario":"shared-used-unused","managed":true,"phase":"browser","browser":"firefox","value":{"before":"rgb(0, 0, 0)","color":"rgb(0, 0, 255)","imageLoaded":false},"missing":[],"errors":[],"result":"PASS"}
{"scenario":"shared-used-unused","managed":true,"phase":"browser","browser":"webkit","value":{"before":"rgb(0, 0, 0)","color":"rgb(0, 0, 255)","imageLoaded":false},"missing":[],"errors":[],"result":"PASS"}
{"scenario":"lazy","managed":false,"phase":"assets","assets":[{"fileName":"assets/pixel-DSgVZLLf.svg","bytes":62}],"cssInJS":true,"result":"PASS"}
{"scenario":"lazy","managed":false,"phase":"browser","browser":"chromium","value":{"before":"rgb(0, 0, 0)","color":"rgb(0, 0, 255)","imageLoaded":true},"missing":[],"errors":[],"result":"PASS"}
{"scenario":"lazy","managed":false,"phase":"browser","browser":"firefox","value":{"before":"rgb(0, 0, 0)","color":"rgb(0, 0, 255)","imageLoaded":true},"missing":[],"errors":[],"result":"PASS"}
{"scenario":"lazy","managed":false,"phase":"browser","browser":"webkit","value":{"before":"rgb(0, 0, 0)","color":"rgb(0, 0, 255)","imageLoaded":true},"missing":[],"errors":[],"result":"PASS"}
{"scenario":"lazy","managed":true,"phase":"assets","assets":[{"fileName":"assets/master-css-inline-base-ChlddmSq.css","bytes":35},{"fileName":"assets/master-css-resource-ffc9f5e4fdeea83920c1.svg","bytes":62}],"cssInJS":true,"result":"PASS"}
{"scenario":"lazy","managed":true,"phase":"browser","browser":"chromium","value":{"before":"rgb(0, 0, 0)","color":"rgb(0, 0, 255)","imageLoaded":true},"missing":[],"errors":[],"result":"PASS"}
{"scenario":"lazy","managed":true,"phase":"browser","browser":"firefox","value":{"before":"rgb(0, 0, 0)","color":"rgb(0, 0, 255)","imageLoaded":true},"missing":[],"errors":[],"result":"PASS"}
{"scenario":"lazy","managed":true,"phase":"browser","browser":"webkit","value":{"before":"rgb(0, 0, 0)","color":"rgb(0, 0, 255)","imageLoaded":true},"missing":[],"errors":[],"result":"PASS"}
{"builds":10,"comparisons":30,"failures":0,"baselineAssetObservations":2}
