{"id":"0-es-false","base":"/deployed/","format":"es","emit":false,"phase":"assets","assets":["styles/deep/master-css-inline-4c2d9563685c4e038ea3-3.css","styles/deep/master-css-resource-ffc9f5e4fdeea83920c1.svg"],"css":"@import \"file:///private/var/folders/_b/768dhtz56ns54x1r867j67280000gn/T/master-css-inline-ssr-yMjpss/0-es-false-server/styles/deep/master-css-inline-4c2d9563685c4e038ea3-3.css\" layer(shared);\n\n.example {\n  background: url(\"file:///private/var/folders/_b/768dhtz56ns54x1r867j67280000gn/T/master-css-inline-ssr-yMjpss/0-es-false-server/styles/deep/master-css-resource-ffc9f5e4fdeea83920c1.svg?q=1#part\");\n}\n","result":"FAIL"}
{"id":"0-es-false","phase":"browser","browser":"chromium","value":{"color":"rgb(0, 0, 0)","background":"url(\"file:///private/var/folders/_b/768dhtz56ns54x1r867j67280000gn/T/master-css-inline-ssr-yMjpss/0-es-false-server/styles/deep/master-css-resource-ffc9f5e4fdeea83920c1.svg?q=1#part\")","imageLoaded":false},"missing":[],"errors":[],"result":"FAIL"}
{"id":"0-es-false","phase":"browser","browser":"firefox","value":{"color":"rgb(0, 0, 0)","background":"url(\"file:///private/var/folders/_b/768dhtz56ns54x1r867j67280000gn/T/master-css-inline-ssr-yMjpss/0-es-false-server/styles/deep/master-css-resource-ffc9f5e4fdeea83920c1.svg?q=1#part\")","imageLoaded":false},"missing":[],"errors":[],"result":"FAIL"}
{"id":"0-es-false","phase":"browser","browser":"webkit","value":{"color":"rgb(0, 0, 0)","background":"url(\"file:///private/var/folders/_b/768dhtz56ns54x1r867j67280000gn/T/master-css-inline-ssr-yMjpss/0-es-false-server/styles/deep/master-css-resource-ffc9f5e4fdeea83920c1.svg?q=1#part\")","imageLoaded":false},"missing":[],"errors":[],"result":"FAIL"}
{"id":"0-es-true","base":"/deployed/","format":"es","emit":true,"phase":"assets","assets":["styles/deep/master-css-inline-base-ChlddmSq.css","styles/deep/master-css-inline-4c2d9563685c4e038ea3-3.css","styles/deep/master-css-resource-ffc9f5e4fdeea83920c1.svg"],"css":"@import \"file:///private/var/folders/_b/768dhtz56ns54x1r867j67280000gn/T/master-css-inline-ssr-yMjpss/0-es-true-server/styles/deep/master-css-inline-4c2d9563685c4e038ea3-3.css\" layer(shared);\n\n.example {\n  background: url(\"file:///private/var/folders/_b/768dhtz56ns54x1r867j67280000gn/T/master-css-inline-ssr-yMjpss/0-es-true-server/styles/deep/master-css-resource-ffc9f5e4fdeea83920c1.svg?q=1#part\");\n}\n","result":"FAIL"}
{"id":"0-es-true","phase":"browser","browser":"chromium","value":{"color":"rgb(0, 0, 0)","background":"url(\"file:///private/var/folders/_b/768dhtz56ns54x1r867j67280000gn/T/master-css-inline-ssr-yMjpss/0-es-true-server/styles/deep/master-css-resource-ffc9f5e4fdeea83920c1.svg?q=1#part\")","imageLoaded":false},"missing":[],"errors":[],"result":"FAIL"}
{"id":"0-es-true","phase":"browser","browser":"firefox","value":{"color":"rgb(0, 0, 0)","background":"url(\"file:///private/var/folders/_b/768dhtz56ns54x1r867j67280000gn/T/master-css-inline-ssr-yMjpss/0-es-true-server/styles/deep/master-css-resource-ffc9f5e4fdeea83920c1.svg?q=1#part\")","imageLoaded":false},"missing":[],"errors":[],"result":"FAIL"}
{"id":"0-es-true","phase":"browser","browser":"webkit","value":{"color":"rgb(0, 0, 0)","background":"url(\"file:///private/var/folders/_b/768dhtz56ns54x1r867j67280000gn/T/master-css-inline-ssr-yMjpss/0-es-true-server/styles/deep/master-css-resource-ffc9f5e4fdeea83920c1.svg?q=1#part\")","imageLoaded":false},"missing":[],"errors":[],"result":"FAIL"}
{"id":"0-cjs-false","base":"/deployed/","format":"cjs","emit":false,"phase":"assets","assets":["styles/deep/master-css-inline-4c2d9563685c4e038ea3-3.css","styles/deep/master-css-resource-ffc9f5e4fdeea83920c1.svg"],"css":"@import \"file:///private/var/folders/_b/768dhtz56ns54x1r867j67280000gn/T/master-css-inline-ssr-yMjpss/0-cjs-false-server/styles/deep/master-css-inline-4c2d9563685c4e038ea3-3.css\" layer(shared);\n\n.example {\n  background: url(\"file:///private/var/folders/_b/768dhtz56ns54x1r867j67280000gn/T/master-css-inline-ssr-yMjpss/0-cjs-false-server/styles/deep/master-css-resource-ffc9f5e4fdeea83920c1.svg?q=1#part\");\n}\n","result":"FAIL"}
{"id":"0-cjs-false","phase":"browser","browser":"chromium","value":{"color":"rgb(0, 0, 0)","background":"url(\"file:///private/var/folders/_b/768dhtz56ns54x1r867j67280000gn/T/master-css-inline-ssr-yMjpss/0-cjs-false-server/styles/deep/master-css-resource-ffc9f5e4fdeea83920c1.svg?q=1#part\")","imageLoaded":false},"missing":[],"errors":[],"result":"FAIL"}
{"id":"0-cjs-false","phase":"browser","browser":"firefox","value":{"color":"rgb(0, 0, 0)","background":"url(\"file:///private/var/folders/_b/768dhtz56ns54x1r867j67280000gn/T/master-css-inline-ssr-yMjpss/0-cjs-false-server/styles/deep/master-css-resource-ffc9f5e4fdeea83920c1.svg?q=1#part\")","imageLoaded":false},"missing":[],"errors":[],"result":"FAIL"}
{"id":"0-cjs-false","phase":"browser","browser":"webkit","value":{"color":"rgb(0, 0, 0)","background":"url(\"file:///private/var/folders/_b/768dhtz56ns54x1r867j67280000gn/T/master-css-inline-ssr-yMjpss/0-cjs-false-server/styles/deep/master-css-resource-ffc9f5e4fdeea83920c1.svg?q=1#part\")","imageLoaded":false},"missing":[],"errors":[],"result":"FAIL"}
{"id":"0-cjs-true","base":"/deployed/","format":"cjs","emit":true,"phase":"assets","assets":["styles/deep/master-css-inline-base-ChlddmSq.css","styles/deep/master-css-inline-4c2d9563685c4e038ea3-3.css","styles/deep/master-css-resource-ffc9f5e4fdeea83920c1.svg"],"css":"@import \"file:///private/var/folders/_b/768dhtz56ns54x1r867j67280000gn/T/master-css-inline-ssr-yMjpss/0-cjs-true-server/styles/deep/master-css-inline-4c2d9563685c4e038ea3-3.css\" layer(shared);\n\n.example {\n  background: url(\"file:///private/var/folders/_b/768dhtz56ns54x1r867j67280000gn/T/master-css-inline-ssr-yMjpss/0-cjs-true-server/styles/deep/master-css-resource-ffc9f5e4fdeea83920c1.svg?q=1#part\");\n}\n","result":"FAIL"}
{"id":"0-cjs-true","phase":"browser","browser":"chromium","value":{"color":"rgb(0, 0, 0)","background":"url(\"file:///private/var/folders/_b/768dhtz56ns54x1r867j67280000gn/T/master-css-inline-ssr-yMjpss/0-cjs-true-server/styles/deep/master-css-resource-ffc9f5e4fdeea83920c1.svg?q=1#part\")","imageLoaded":false},"missing":[],"errors":[],"result":"FAIL"}
{"id":"0-cjs-true","phase":"browser","browser":"firefox","value":{"color":"rgb(0, 0, 0)","background":"url(\"file:///private/var/folders/_b/768dhtz56ns54x1r867j67280000gn/T/master-css-inline-ssr-yMjpss/0-cjs-true-server/styles/deep/master-css-resource-ffc9f5e4fdeea83920c1.svg?q=1#part\")","imageLoaded":false},"missing":[],"errors":[],"result":"FAIL"}
{"id":"0-cjs-true","phase":"browser","browser":"webkit","value":{"color":"rgb(0, 0, 0)","background":"url(\"file:///private/var/folders/_b/768dhtz56ns54x1r867j67280000gn/T/master-css-inline-ssr-yMjpss/0-cjs-true-server/styles/deep/master-css-resource-ffc9f5e4fdeea83920c1.svg?q=1#part\")","imageLoaded":false},"missing":[],"errors":[],"result":"FAIL"}
{"scenarios":4,"builds":8,"browserComparisons":12,"failures":16}
node:internal/modules/run_main:107
    triggerUncaughtException(
    ^

AssertionError [ERR_ASSERTION]: Expected values to be strictly equal:

16 !== 0

    at file:///Users/aron/master/css/.ai/audits/bug-hunt/repros/vite-inline-ssr-browser.mjs:57:48 {
  generatedMessage: true,
  code: 'ERR_ASSERTION',
  actual: 16,
  expected: 0,
  operator: 'strictEqual',
  diff: 'simple'
}

Node.js v24.20.0
