{"id":"0-es-false","base":"./","format":"es","emit":false,"phase":"assets","assets":[],"css":"@import \"/styles/deep/master-css-inline-db725b78cfcad9e66a51-3-e67f1afec8d7010a963c.css\" layer(shared);\n\n.example {\n  background: url(\"/styles/deep/master-css-resource-ffc9f5e4fdeea83920c1.svg?q=1#part\");\n}\n","result":"PASS"}
{"id":"0-es-false","phase":"browser","browser":"chromium","value":{"color":"rgb(0, 0, 0)","background":"url(\"http://inline-ssr.test/styles/deep/master-css-resource-ffc9f5e4fdeea83920c1.svg?q=1#part\")","imageLoaded":true},"missing":["http://inline-ssr.test/styles/deep/master-css-inline-db725b78cfcad9e66a51-3-e67f1afec8d7010a963c.css"],"errors":[],"result":"FAIL"}
{"id":"0-es-false","phase":"browser","browser":"firefox","value":{"color":"rgb(0, 0, 0)","background":"url(\"http://inline-ssr.test/styles/deep/master-css-resource-ffc9f5e4fdeea83920c1.svg?q=1#part\")","imageLoaded":true},"missing":["http://inline-ssr.test/styles/deep/master-css-inline-db725b78cfcad9e66a51-3-e67f1afec8d7010a963c.css","http://inline-ssr.test/styles/deep/master-css-inline-db725b78cfcad9e66a51-3-e67f1afec8d7010a963c.css"],"errors":[],"result":"FAIL"}
{"id":"0-es-false","phase":"browser","browser":"webkit","value":{"color":"rgb(0, 0, 0)","background":"url(\"http://inline-ssr.test/styles/deep/master-css-resource-ffc9f5e4fdeea83920c1.svg?q=1#part\")","imageLoaded":true},"missing":["http://inline-ssr.test/styles/deep/master-css-inline-db725b78cfcad9e66a51-3-e67f1afec8d7010a963c.css"],"errors":[],"result":"FAIL"}
{"id":"0-es-true","base":"./","format":"es","emit":true,"phase":"assets","assets":["styles/deep/master-css-inline-base-ChlddmSq.css","styles/deep/master-css-inline-db725b78cfcad9e66a51-3-e67f1afec8d7010a963c.css","styles/deep/master-css-resource-ffc9f5e4fdeea83920c1.svg"],"css":"@import \"/styles/deep/master-css-inline-db725b78cfcad9e66a51-3-e67f1afec8d7010a963c.css\" layer(shared);\n\n.example {\n  background: url(\"/styles/deep/master-css-resource-ffc9f5e4fdeea83920c1.svg?q=1#part\");\n}\n","result":"PASS"}
{"id":"0-es-true","phase":"browser","browser":"chromium","value":{"color":"rgb(0, 0, 255)","background":"url(\"http://inline-ssr.test/styles/deep/master-css-resource-ffc9f5e4fdeea83920c1.svg?q=1#part\")","imageLoaded":true},"missing":[],"errors":[],"result":"PASS"}
{"id":"0-es-true","phase":"browser","browser":"firefox","value":{"color":"rgb(0, 0, 255)","background":"url(\"http://inline-ssr.test/styles/deep/master-css-resource-ffc9f5e4fdeea83920c1.svg?q=1#part\")","imageLoaded":true},"missing":[],"errors":[],"result":"PASS"}
{"id":"0-es-true","phase":"browser","browser":"webkit","value":{"color":"rgb(0, 0, 255)","background":"url(\"http://inline-ssr.test/styles/deep/master-css-resource-ffc9f5e4fdeea83920c1.svg?q=1#part\")","imageLoaded":true},"missing":[],"errors":[],"result":"PASS"}
{"id":"0-cjs-false","base":"./","format":"cjs","emit":false,"phase":"assets","assets":[],"css":"@import \"/styles/deep/master-css-inline-db725b78cfcad9e66a51-3-e67f1afec8d7010a963c.css\" layer(shared);\n\n.example {\n  background: url(\"/styles/deep/master-css-resource-ffc9f5e4fdeea83920c1.svg?q=1#part\");\n}\n","result":"PASS"}
{"id":"0-cjs-false","phase":"browser","browser":"chromium","value":{"color":"rgb(0, 0, 0)","background":"url(\"http://inline-ssr.test/styles/deep/master-css-resource-ffc9f5e4fdeea83920c1.svg?q=1#part\")","imageLoaded":true},"missing":["http://inline-ssr.test/styles/deep/master-css-inline-db725b78cfcad9e66a51-3-e67f1afec8d7010a963c.css"],"errors":[],"result":"FAIL"}
{"id":"0-cjs-false","phase":"browser","browser":"firefox","value":{"color":"rgb(0, 0, 0)","background":"url(\"http://inline-ssr.test/styles/deep/master-css-resource-ffc9f5e4fdeea83920c1.svg?q=1#part\")","imageLoaded":true},"missing":["http://inline-ssr.test/styles/deep/master-css-inline-db725b78cfcad9e66a51-3-e67f1afec8d7010a963c.css","http://inline-ssr.test/styles/deep/master-css-inline-db725b78cfcad9e66a51-3-e67f1afec8d7010a963c.css"],"errors":[],"result":"FAIL"}
{"id":"0-cjs-false","phase":"browser","browser":"webkit","value":{"color":"rgb(0, 0, 0)","background":"url(\"http://inline-ssr.test/styles/deep/master-css-resource-ffc9f5e4fdeea83920c1.svg?q=1#part\")","imageLoaded":true},"missing":["http://inline-ssr.test/styles/deep/master-css-inline-db725b78cfcad9e66a51-3-e67f1afec8d7010a963c.css"],"errors":[],"result":"FAIL"}
{"id":"0-cjs-true","base":"./","format":"cjs","emit":true,"phase":"assets","assets":["styles/deep/master-css-inline-base-ChlddmSq.css","styles/deep/master-css-inline-db725b78cfcad9e66a51-3-e67f1afec8d7010a963c.css","styles/deep/master-css-resource-ffc9f5e4fdeea83920c1.svg"],"css":"@import \"/styles/deep/master-css-inline-db725b78cfcad9e66a51-3-e67f1afec8d7010a963c.css\" layer(shared);\n\n.example {\n  background: url(\"/styles/deep/master-css-resource-ffc9f5e4fdeea83920c1.svg?q=1#part\");\n}\n","result":"PASS"}
{"id":"0-cjs-true","phase":"browser","browser":"chromium","value":{"color":"rgb(0, 0, 255)","background":"url(\"http://inline-ssr.test/styles/deep/master-css-resource-ffc9f5e4fdeea83920c1.svg?q=1#part\")","imageLoaded":true},"missing":[],"errors":[],"result":"PASS"}
{"id":"0-cjs-true","phase":"browser","browser":"firefox","value":{"color":"rgb(0, 0, 255)","background":"url(\"http://inline-ssr.test/styles/deep/master-css-resource-ffc9f5e4fdeea83920c1.svg?q=1#part\")","imageLoaded":true},"missing":[],"errors":[],"result":"PASS"}
{"id":"0-cjs-true","phase":"browser","browser":"webkit","value":{"color":"rgb(0, 0, 255)","background":"url(\"http://inline-ssr.test/styles/deep/master-css-resource-ffc9f5e4fdeea83920c1.svg?q=1#part\")","imageLoaded":true},"missing":[],"errors":[],"result":"PASS"}
{"scenarios":4,"builds":8,"browserComparisons":12,"failures":6}
node:internal/modules/run_main:107
    triggerUncaughtException(
    ^

AssertionError [ERR_ASSERTION]: Expected values to be strictly equal:

6 !== 0

    at file:///Users/aron/master/css/.ai/audits/bug-hunt/repros/vite-inline-paired-assets.mjs:57:48 {
  generatedMessage: true,
  code: 'ERR_ASSERTION',
  actual: 6,
  expected: 0,
  operator: 'strictEqual',
  diff: 'simple'
}

Node.js v24.20.0
