{"phase":"watch-event","extension":"css","code":"START","time":1788959413733}
{"phase":"watch-event","extension":"css","code":"BUNDLE_START","time":1788959413733}
{"phase":"watch-event","extension":"css","code":"BUNDLE_END","time":1788959413943}
{"phase":"watch-event","extension":"css","code":"END","time":1788959413946}
{"managed":true,"nested":true,"recovery":true,"rootEdit":false,"extension":"css","index":0,"browser":"chromium","value":{"color":"rgb(255, 0, 0)","background":"rgb(0, 0, 255)","names":{"example":"_example_5vqpk_1 _shared_7371n_1 _leaf_e2ybf_1"}},"expected":"rgb(255, 0, 0)","missing":[],"errors":[],"result":"PASS"}
{"managed":true,"nested":true,"recovery":true,"rootEdit":false,"extension":"css","index":0,"browser":"firefox","value":{"color":"rgb(255, 0, 0)","background":"rgb(0, 0, 255)","names":{"example":"_example_5vqpk_1 _shared_7371n_1 _leaf_e2ybf_1"}},"expected":"rgb(255, 0, 0)","missing":[],"errors":[],"result":"PASS"}
{"managed":true,"nested":true,"recovery":true,"rootEdit":false,"extension":"css","index":0,"browser":"webkit","value":{"color":"rgb(255, 0, 0)","background":"rgb(0, 0, 255)","names":{"example":"_example_5vqpk_1 _shared_7371n_1 _leaf_e2ybf_1"}},"expected":"rgb(255, 0, 0)","missing":[],"errors":[],"result":"PASS"}
{"phase":"watch-event","extension":"css","code":"START","time":1788959415993}
{"phase":"watch-event","extension":"css","code":"BUNDLE_START","time":1788959415993}
{"phase":"watch-event","extension":"css","code":"BUNDLE_END","time":1788959416402}
{"phase":"watch-event","extension":"css","code":"END","time":1788959416402}
{"managed":true,"nested":true,"recovery":true,"rootEdit":false,"extension":"css","index":1,"browser":"chromium","value":{"color":"rgb(255, 0, 0)","background":"rgb(0, 0, 255)","names":{"example":"_example_5vqpk_1 _shared_7371n_1 _leaf_e2ybf_1"}},"expected":"rgb(255, 0, 0)","missing":[],"errors":[],"result":"PASS"}
{"managed":true,"nested":true,"recovery":true,"rootEdit":false,"extension":"css","index":1,"browser":"firefox","value":{"color":"rgb(255, 0, 0)","background":"rgb(0, 0, 255)","names":{"example":"_example_5vqpk_1 _shared_7371n_1 _leaf_e2ybf_1"}},"expected":"rgb(255, 0, 0)","missing":[],"errors":[],"result":"PASS"}
{"managed":true,"nested":true,"recovery":true,"rootEdit":false,"extension":"css","index":1,"browser":"webkit","value":{"color":"rgb(255, 0, 0)","background":"rgb(0, 0, 255)","names":{"example":"_example_5vqpk_1 _shared_7371n_1 _leaf_e2ybf_1"}},"expected":"rgb(255, 0, 0)","missing":[],"errors":[],"result":"PASS"}
{"phase":"watch-event","extension":"css","code":"START","time":1788959418820}
{"phase":"watch-event","extension":"css","code":"BUNDLE_START","time":1788959418820}
{"phase":"watch-event","extension":"css","code":"ERROR","time":1788959419084}
{"managed":true,"extension":"css","phase":"expected-error","diagnostics":[{"version":2,"code":"invalid-compose-class","domain":"compiler","severity":"error","message":"Invalid @compose class: unknown-watch-utility","source":"/private/var/folders/_b/768dhtz56ns54x1r867j67280000gn/T/master-css-modules-watch-PnL2ry/style.module.css.master-css-sass.css","range":{"start":{"line":0,"character":26},"end":{"line":0,"character":47}},"notes":["Original CSS Modules location is unavailable; this range refers to preprocessed CSS."]}],"result":"PASS"}
{"phase":"watch-event","extension":"css","code":"END","time":1788959419084}
{"phase":"watch-event","extension":"css","code":"START","time":1788959419093}
{"phase":"watch-event","extension":"css","code":"BUNDLE_START","time":1788959419093}
{"phase":"watch-event","extension":"css","code":"BUNDLE_END","time":1788959419399}
{"phase":"watch-event","extension":"css","code":"END","time":1788959419399}
{"managed":true,"nested":true,"recovery":true,"rootEdit":false,"extension":"css","index":2,"browser":"chromium","value":{"color":"rgb(0, 128, 0)","background":"rgb(0, 0, 255)","names":{"example":"_example_5vqpk_1 _shared_7371n_1 _leaf_cqufx_1"}},"expected":"rgb(0, 128, 0)","missing":[],"errors":[],"result":"PASS"}
{"managed":true,"nested":true,"recovery":true,"rootEdit":false,"extension":"css","index":2,"browser":"firefox","value":{"color":"rgb(0, 128, 0)","background":"rgb(0, 0, 255)","names":{"example":"_example_5vqpk_1 _shared_7371n_1 _leaf_cqufx_1"}},"expected":"rgb(0, 128, 0)","missing":[],"errors":[],"result":"PASS"}
{"managed":true,"nested":true,"recovery":true,"rootEdit":false,"extension":"css","index":2,"browser":"webkit","value":{"color":"rgb(0, 128, 0)","background":"rgb(0, 0, 255)","names":{"example":"_example_5vqpk_1 _shared_7371n_1 _leaf_cqufx_1"}},"expected":"rgb(0, 128, 0)","missing":[],"errors":[],"result":"PASS"}
{"phase":"watch-event","extension":"scss","code":"START","time":1788959421378}
{"phase":"watch-event","extension":"scss","code":"BUNDLE_START","time":1788959421378}
{"phase":"watch-event","extension":"scss","code":"BUNDLE_END","time":1788959421659}
{"phase":"watch-event","extension":"scss","code":"END","time":1788959421660}
{"managed":true,"nested":true,"recovery":true,"rootEdit":false,"extension":"scss","index":0,"browser":"chromium","value":{"color":"rgb(255, 0, 0)","background":"rgb(0, 0, 255)","names":{"example":"_example_wqh4z_2 _shared_7371n_1 _leaf_e2ybf_1"}},"expected":"rgb(255, 0, 0)","missing":[],"errors":[],"result":"PASS"}
{"managed":true,"nested":true,"recovery":true,"rootEdit":false,"extension":"scss","index":0,"browser":"firefox","value":{"color":"rgb(255, 0, 0)","background":"rgb(0, 0, 255)","names":{"example":"_example_wqh4z_2 _shared_7371n_1 _leaf_e2ybf_1"}},"expected":"rgb(255, 0, 0)","missing":[],"errors":[],"result":"PASS"}
{"managed":true,"nested":true,"recovery":true,"rootEdit":false,"extension":"scss","index":0,"browser":"webkit","value":{"color":"rgb(255, 0, 0)","background":"rgb(0, 0, 255)","names":{"example":"_example_wqh4z_2 _shared_7371n_1 _leaf_e2ybf_1"}},"expected":"rgb(255, 0, 0)","missing":[],"errors":[],"result":"PASS"}
{"phase":"watch-event","extension":"scss","code":"START","time":1788959423487}
{"phase":"watch-event","extension":"scss","code":"BUNDLE_START","time":1788959423487}
{"phase":"watch-event","extension":"scss","code":"BUNDLE_END","time":1788959423779}
{"phase":"watch-event","extension":"scss","code":"END","time":1788959423779}
{"managed":true,"nested":true,"recovery":true,"rootEdit":false,"extension":"scss","index":1,"browser":"chromium","value":{"color":"rgb(255, 0, 0)","background":"rgb(0, 0, 255)","names":{"example":"_example_wqh4z_2 _shared_7371n_1 _leaf_e2ybf_1"}},"expected":"rgb(255, 0, 0)","missing":[],"errors":[],"result":"PASS"}
{"managed":true,"nested":true,"recovery":true,"rootEdit":false,"extension":"scss","index":1,"browser":"firefox","value":{"color":"rgb(255, 0, 0)","background":"rgb(0, 0, 255)","names":{"example":"_example_wqh4z_2 _shared_7371n_1 _leaf_e2ybf_1"}},"expected":"rgb(255, 0, 0)","missing":[],"errors":[],"result":"PASS"}
{"managed":true,"nested":true,"recovery":true,"rootEdit":false,"extension":"scss","index":1,"browser":"webkit","value":{"color":"rgb(255, 0, 0)","background":"rgb(0, 0, 255)","names":{"example":"_example_wqh4z_2 _shared_7371n_1 _leaf_e2ybf_1"}},"expected":"rgb(255, 0, 0)","missing":[],"errors":[],"result":"PASS"}
{"phase":"watch-event","extension":"scss","code":"START","time":1788959425597}
{"phase":"watch-event","extension":"scss","code":"BUNDLE_START","time":1788959425597}
{"phase":"watch-event","extension":"scss","code":"ERROR","time":1788959425863}
{"managed":true,"extension":"scss","phase":"expected-error","diagnostics":[{"version":2,"code":"invalid-compose-class","domain":"compiler","severity":"error","message":"Invalid @compose class: unknown-watch-utility","source":"/private/var/folders/_b/768dhtz56ns54x1r867j67280000gn/T/master-css-modules-watch-iafWwt/style.module.scss.master-css-sass.css","range":{"start":{"line":0,"character":26},"end":{"line":0,"character":47}},"notes":["Original Sass location is unavailable; this range refers to preprocessed CSS."]}],"result":"PASS"}
{"phase":"watch-event","extension":"scss","code":"END","time":1788959425863}
{"phase":"watch-event","extension":"scss","code":"START","time":1788959425876}
{"phase":"watch-event","extension":"scss","code":"BUNDLE_START","time":1788959425876}
{"phase":"watch-event","extension":"scss","code":"BUNDLE_END","time":1788959426157}
{"phase":"watch-event","extension":"scss","code":"END","time":1788959426157}
{"managed":true,"nested":true,"recovery":true,"rootEdit":false,"extension":"scss","index":2,"browser":"chromium","value":{"color":"rgb(0, 128, 0)","background":"rgb(0, 0, 255)","names":{"example":"_example_wqh4z_2 _shared_7371n_1 _leaf_cqufx_1"}},"expected":"rgb(0, 128, 0)","missing":[],"errors":[],"result":"PASS"}
{"managed":true,"nested":true,"recovery":true,"rootEdit":false,"extension":"scss","index":2,"browser":"firefox","value":{"color":"rgb(0, 128, 0)","background":"rgb(0, 0, 255)","names":{"example":"_example_wqh4z_2 _shared_7371n_1 _leaf_cqufx_1"}},"expected":"rgb(0, 128, 0)","missing":[],"errors":[],"result":"PASS"}
{"managed":true,"nested":true,"recovery":true,"rootEdit":false,"extension":"scss","index":2,"browser":"webkit","value":{"color":"rgb(0, 128, 0)","background":"rgb(0, 0, 255)","names":{"example":"_example_wqh4z_2 _shared_7371n_1 _leaf_cqufx_1"}},"expected":"rgb(0, 128, 0)","missing":[],"errors":[],"result":"PASS"}
{"builds":6,"comparisons":18,"failures":0}
