{"managed":true,"nested":true,"recovery":true,"rootEdit":false,"extension":"css","index":0,"browser":"chromium","value":{"color":"rgb(255, 0, 0)","background":"rgb(0, 0, 255)","names":{"example":"_example_5vqpk_1 _shared_7371n_1 _leaf_e2ybf_1"}},"expected":"rgb(255, 0, 0)","missing":[],"errors":[],"result":"PASS"}
{"managed":true,"nested":true,"recovery":true,"rootEdit":false,"extension":"css","index":0,"browser":"firefox","value":{"color":"rgb(255, 0, 0)","background":"rgb(0, 0, 255)","names":{"example":"_example_5vqpk_1 _shared_7371n_1 _leaf_e2ybf_1"}},"expected":"rgb(255, 0, 0)","missing":[],"errors":[],"result":"PASS"}
{"managed":true,"nested":true,"recovery":true,"rootEdit":false,"extension":"css","index":0,"browser":"webkit","value":{"color":"rgb(255, 0, 0)","background":"rgb(0, 0, 255)","names":{"example":"_example_5vqpk_1 _shared_7371n_1 _leaf_e2ybf_1"}},"expected":"rgb(255, 0, 0)","missing":[],"errors":[],"result":"PASS"}
{"managed":true,"nested":true,"recovery":true,"rootEdit":false,"extension":"css","index":1,"browser":"chromium","value":{"color":"rgb(255, 0, 0)","background":"rgb(0, 0, 255)","names":{"example":"_example_5vqpk_1 _shared_7371n_1 _leaf_e2ybf_1"}},"expected":"rgb(255, 0, 0)","missing":[],"errors":[],"result":"PASS"}
{"managed":true,"nested":true,"recovery":true,"rootEdit":false,"extension":"css","index":1,"browser":"firefox","value":{"color":"rgb(255, 0, 0)","background":"rgb(0, 0, 255)","names":{"example":"_example_5vqpk_1 _shared_7371n_1 _leaf_e2ybf_1"}},"expected":"rgb(255, 0, 0)","missing":[],"errors":[],"result":"PASS"}
{"managed":true,"nested":true,"recovery":true,"rootEdit":false,"extension":"css","index":1,"browser":"webkit","value":{"color":"rgb(255, 0, 0)","background":"rgb(0, 0, 255)","names":{"example":"_example_5vqpk_1 _shared_7371n_1 _leaf_e2ybf_1"}},"expected":"rgb(255, 0, 0)","missing":[],"errors":[],"result":"PASS"}
{"managed":true,"extension":"css","phase":"expected-error","diagnostics":[{"version":2,"code":"invalid-compose-class","domain":"compiler","severity":"error","message":"Invalid @compose class: unknown-watch-utility","source":"/private/var/folders/_b/768dhtz56ns54x1r867j67280000gn/T/master-css-modules-watch-BSpU6z/style.module.css.master-css-sass.css","range":{"start":{"line":0,"character":26},"end":{"line":0,"character":47}},"notes":["Original CSS Modules location is unavailable; this range refers to preprocessed CSS."]}],"result":"PASS"}
{"managed":true,"nested":true,"recovery":true,"rootEdit":false,"extension":"css","index":2,"browser":"chromium","value":{"color":"rgb(0, 0, 0)","background":"rgba(0, 0, 0, 0)"},"expected":"rgb(0, 128, 0)","missing":["/private/var/folders/_b/768dhtz56ns54x1r867j67280000gn/T/master-css-modules-watch-BSpU6z/dist/assets/index-D6zKCoq8.js","/private/var/folders/_b/768dhtz56ns54x1r867j67280000gn/T/master-css-modules-watch-BSpU6z/dist/assets/index-iU7QsT0M.css"],"errors":[],"result":"FAIL"}
{"managed":true,"nested":true,"recovery":true,"rootEdit":false,"extension":"css","index":2,"browser":"firefox","value":{"color":"rgb(0, 128, 0)","background":"rgb(0, 0, 255)","names":{"example":"_example_5vqpk_1 _shared_7371n_1 _leaf_cqufx_1"}},"expected":"rgb(0, 128, 0)","missing":[],"errors":[],"result":"PASS"}
{"managed":true,"nested":true,"recovery":true,"rootEdit":false,"extension":"css","index":2,"browser":"webkit","value":{"color":"rgb(0, 128, 0)","background":"rgb(0, 0, 255)","names":{"example":"_example_5vqpk_1 _shared_7371n_1 _leaf_cqufx_1"}},"expected":"rgb(0, 128, 0)","missing":[],"errors":[],"result":"PASS"}
{"managed":true,"nested":true,"recovery":true,"rootEdit":false,"extension":"scss","index":0,"browser":"chromium","value":{"color":"rgb(255, 0, 0)","background":"rgb(0, 0, 255)","names":{"example":"_example_wqh4z_2 _shared_7371n_1 _leaf_e2ybf_1"}},"expected":"rgb(255, 0, 0)","missing":[],"errors":[],"result":"PASS"}
{"managed":true,"nested":true,"recovery":true,"rootEdit":false,"extension":"scss","index":0,"browser":"firefox","value":{"color":"rgb(255, 0, 0)","background":"rgb(0, 0, 255)","names":{"example":"_example_wqh4z_2 _shared_7371n_1 _leaf_e2ybf_1"}},"expected":"rgb(255, 0, 0)","missing":[],"errors":[],"result":"PASS"}
{"managed":true,"nested":true,"recovery":true,"rootEdit":false,"extension":"scss","index":0,"browser":"webkit","value":{"color":"rgb(255, 0, 0)","background":"rgb(0, 0, 255)","names":{"example":"_example_wqh4z_2 _shared_7371n_1 _leaf_e2ybf_1"}},"expected":"rgb(255, 0, 0)","missing":[],"errors":[],"result":"PASS"}
{"managed":true,"nested":true,"recovery":true,"rootEdit":false,"extension":"scss","index":1,"browser":"chromium","value":{"color":"rgb(255, 0, 0)","background":"rgb(0, 0, 255)","names":{"example":"_example_wqh4z_2 _shared_7371n_1 _leaf_e2ybf_1"}},"expected":"rgb(255, 0, 0)","missing":[],"errors":[],"result":"PASS"}
{"managed":true,"nested":true,"recovery":true,"rootEdit":false,"extension":"scss","index":1,"browser":"firefox","value":{"color":"rgb(255, 0, 0)","background":"rgb(0, 0, 255)","names":{"example":"_example_wqh4z_2 _shared_7371n_1 _leaf_e2ybf_1"}},"expected":"rgb(255, 0, 0)","missing":[],"errors":[],"result":"PASS"}
{"managed":true,"nested":true,"recovery":true,"rootEdit":false,"extension":"scss","index":1,"browser":"webkit","value":{"color":"rgb(255, 0, 0)","background":"rgb(0, 0, 255)","names":{"example":"_example_wqh4z_2 _shared_7371n_1 _leaf_e2ybf_1"}},"expected":"rgb(255, 0, 0)","missing":[],"errors":[],"result":"PASS"}
{"managed":true,"extension":"scss","phase":"expected-error","diagnostics":[{"version":2,"code":"invalid-compose-class","domain":"compiler","severity":"error","message":"Invalid @compose class: unknown-watch-utility","source":"/private/var/folders/_b/768dhtz56ns54x1r867j67280000gn/T/master-css-modules-watch-4qffAj/style.module.scss.master-css-sass.css","range":{"start":{"line":0,"character":26},"end":{"line":0,"character":47}},"notes":["Original Sass location is unavailable; this range refers to preprocessed CSS."]}],"result":"PASS"}
{"managed":true,"nested":true,"recovery":true,"rootEdit":false,"extension":"scss","index":2,"browser":"chromium","value":{"color":"rgb(0, 0, 0)","background":"rgba(0, 0, 0, 0)"},"expected":"rgb(0, 128, 0)","missing":["/private/var/folders/_b/768dhtz56ns54x1r867j67280000gn/T/master-css-modules-watch-4qffAj/dist/assets/index-XqwbUWxu.js","/private/var/folders/_b/768dhtz56ns54x1r867j67280000gn/T/master-css-modules-watch-4qffAj/dist/assets/index-OvW6-t14.css"],"errors":[],"result":"FAIL"}
{"managed":true,"nested":true,"recovery":true,"rootEdit":false,"extension":"scss","index":2,"browser":"firefox","value":{"color":"rgb(0, 128, 0)","background":"rgb(0, 0, 255)","names":{"example":"_example_wqh4z_2 _shared_7371n_1 _leaf_cqufx_1"}},"expected":"rgb(0, 128, 0)","missing":[],"errors":[],"result":"PASS"}
{"managed":true,"nested":true,"recovery":true,"rootEdit":false,"extension":"scss","index":2,"browser":"webkit","value":{"color":"rgb(0, 128, 0)","background":"rgb(0, 0, 255)","names":{"example":"_example_wqh4z_2 _shared_7371n_1 _leaf_cqufx_1"}},"expected":"rgb(0, 128, 0)","missing":[],"errors":[],"result":"PASS"}
{"builds":6,"comparisons":18,"failures":2}
node:internal/modules/run_main:107
    triggerUncaughtException(
    ^

AssertionError [ERR_ASSERTION]: Expected values to be strictly equal:

2 !== 0

    at file:///Users/aron/master/css/.ai/audits/bug-hunt/repros/vite-css-modules-watch.mjs:78:46 {
  generatedMessage: true,
  code: 'ERR_ASSERTION',
  actual: 2,
  expected: 0,
  operator: 'strictEqual',
  diff: 'simple'
}

Node.js v24.20.0
