{"phase":"watch-event","extension":"css","code":"START","time":1788959851046}
{"phase":"watch-event","extension":"css","code":"BUNDLE_START","time":1788959851046}
{"phase":"watch-event","extension":"css","code":"BUNDLE_END","time":1788959851263}
{"phase":"watch-event","extension":"css","code":"END","time":1788959851267}
{"managed":true,"mutation":"rename","nested":false,"recovery":false,"rootEdit":false,"extension":"css","index":0,"browser":"chromium","value":{"color":"rgb(255, 0, 0)","background":"rgb(0, 0, 255)","names":{"example":"_example_5vqpk_1 _shared_c5w8x_1"}},"expected":"rgb(255, 0, 0)","missing":[],"errors":[],"result":"PASS"}
{"managed":true,"mutation":"rename","nested":false,"recovery":false,"rootEdit":false,"extension":"css","index":0,"browser":"firefox","value":{"color":"rgb(255, 0, 0)","background":"rgb(0, 0, 255)","names":{"example":"_example_5vqpk_1 _shared_c5w8x_1"}},"expected":"rgb(255, 0, 0)","missing":[],"errors":[],"result":"PASS"}
{"managed":true,"mutation":"rename","nested":false,"recovery":false,"rootEdit":false,"extension":"css","index":0,"browser":"webkit","value":{"color":"rgb(255, 0, 0)","background":"rgb(0, 0, 255)","names":{"example":"_example_5vqpk_1 _shared_c5w8x_1"}},"expected":"rgb(255, 0, 0)","missing":[],"errors":[],"result":"PASS"}
{"phase":"watch-event","extension":"css","code":"START","time":1788959853245}
{"phase":"watch-event","extension":"css","code":"BUNDLE_START","time":1788959853245}
{"phase":"watch-event","extension":"css","code":"BUNDLE_END","time":1788959853533}
{"phase":"watch-event","extension":"css","code":"END","time":1788959853533}
{"managed":true,"mutation":"rename","nested":false,"recovery":false,"rootEdit":false,"extension":"css","index":1,"browser":"chromium","value":{"color":"rgb(255, 0, 0)","background":"rgb(0, 0, 255)","names":{"example":"_example_5vqpk_1 _shared_c5w8x_1"}},"expected":"rgb(255, 0, 0)","missing":[],"errors":[],"result":"PASS"}
{"managed":true,"mutation":"rename","nested":false,"recovery":false,"rootEdit":false,"extension":"css","index":1,"browser":"firefox","value":{"color":"rgb(255, 0, 0)","background":"rgb(0, 0, 255)","names":{"example":"_example_5vqpk_1 _shared_c5w8x_1"}},"expected":"rgb(255, 0, 0)","missing":[],"errors":[],"result":"PASS"}
{"managed":true,"mutation":"rename","nested":false,"recovery":false,"rootEdit":false,"extension":"css","index":1,"browser":"webkit","value":{"color":"rgb(255, 0, 0)","background":"rgb(0, 0, 255)","names":{"example":"_example_5vqpk_1 _shared_c5w8x_1"}},"expected":"rgb(255, 0, 0)","missing":[],"errors":[],"result":"PASS"}
{"phase":"watch-event","extension":"css","code":"START","time":1788959855473}
{"phase":"watch-event","extension":"css","code":"BUNDLE_START","time":1788959855473}
{"phase":"watch-event","extension":"css","code":"ERROR","time":1788959855597}
{"managed":true,"extension":"css","phase":"expected-missing-file","mutation":"rename","error":"Error: Build failed with 1 error:\n\n[plugin master-css:sass-source]\nError: [postcss] The returned path from the \"fileResolve\" option must be absolute.\n    at FileSystemLoader.fetch (file:///Users/aron/master/css/node_modules/.pnpm/vite@8.2.2_@types+node@24.13.3_esbuild@0.28.2_jiti@2.7.0_less@4.9.0_supports-color@5.5._5aef4224fb2d1e795047ce58ecc7070b/node_modules/vite/dist/node/chunks/build.js:1057:79)\n    at async Parser.fetchImport (file:///Users/aron/master/css/node_modules/.pnpm/vite@8.2.2_@types+node@24.13.3_esbuild@0.28.2_jiti@2.7.0_less@4.9.0_supports-color@5.5._5aef4224fb2d1e795047ce58ecc7070b/node_modules/vite/dist/node/chunks/build.js:252:21)\n    at async Promise.all (index 0)\n    at async OnceExit (file:///Users/aron/master/css/node_modules/.pnpm/vite@8.2.2_@types+node@24.13.3_esbuild@0.28.2_jiti@2.7.0_less@4.9.0_supports-color@5.5._5aef4224fb2d1e795047ce58ecc7070b/node_modules/vite/dist/node/chunks/build.js:217:6)\n    at async LazyResult.runAsync (/Users/aron/master/css/node_modules/.pnpm/postcss@8.5.28/node_modules/postcss/lib/lazy-result.js:336:15)\n    at async OnceExit (file:///Users/aron/master/css/node_modules/.pnpm/vite@8.2.2_@types+node@24.13.3_esbuild@0.28.2_jiti@2.7.0_less@4.9.0_supports-color@5.5._5aef4224fb2d1e795047ce58ecc7070b/node_modules/vite/dist/node/chunks/build.js:5458:5)\n    at async LazyResult.runAsync (/Users/aron/master/css/node_modules/.pnpm/postcss@8.5.28/node_modules/postcss/lib/lazy-result.js:336:15)\n    at async runPostCSS (file:///Users/aron/master/css/node_modules/.pnpm/vite@8.2.2_@types+node@24.13.3_esbuild@0.28.2_jiti@2.7.0_less@4.9.0_supports-color@5.5._5aef4224fb2d1e795047ce58ecc7070b/node_modules/vite/dist/node/chunks/node.js:23223:19)\n    at async compilePostCSS (file:///Users/aron/master/css/node_modules/.pnpm/vite@8.2.2_@types+node@24.13.3_esbuild@0.28.2_jiti@2.7.0_less@4.9.0_supports-color@5.5._5aef4224fb2d1e795047ce58ecc7070b/node_modules/vite/dist/node/chunks/node.js:23207:6)\n    at async compileCSS (file:///Users/aron/master/css/node_modules/.pnpm/vite@8.2.2_@types+node@24.13.3_esbuild@0.28.2_jiti@2.7.0_less@4.9.0_supports-color@5.5._5aef4224fb2d1e795047ce58ecc7070b/node_modules/vite/dist/node/chunks/node.js:23137:26)","result":"PASS"}
{"phase":"watch-event","extension":"css","code":"END","time":1788959855597}
{"phase":"watch-event","extension":"css","code":"START","time":1788959855599}
{"phase":"watch-event","extension":"css","code":"BUNDLE_START","time":1788959855599}
{"phase":"watch-event","extension":"css","code":"BUNDLE_END","time":1788959855881}
{"phase":"watch-event","extension":"css","code":"END","time":1788959855881}
{"phase":"watch-event","extension":"css","code":"START","time":1788959855883}
{"phase":"watch-event","extension":"css","code":"BUNDLE_START","time":1788959855883}
{"phase":"watch-event","extension":"css","code":"BUNDLE_END","time":1788959856195}
{"phase":"watch-event","extension":"css","code":"END","time":1788959856196}
{"managed":true,"mutation":"rename","nested":false,"recovery":false,"rootEdit":false,"extension":"css","index":2,"browser":"chromium","value":{"color":"rgb(0, 0, 0)","background":"rgba(0, 0, 0, 0)"},"expected":"rgb(0, 128, 0)","missing":["/private/var/folders/_b/768dhtz56ns54x1r867j67280000gn/T/master-css-modules-watch-Cgtr3E/dist/assets/index-C4eIJh-4.js","/private/var/folders/_b/768dhtz56ns54x1r867j67280000gn/T/master-css-modules-watch-Cgtr3E/dist/assets/index-oq-nXLkG.css"],"errors":[],"result":"FAIL"}
{"managed":true,"mutation":"rename","nested":false,"recovery":false,"rootEdit":false,"extension":"css","index":2,"browser":"firefox","value":{"color":"rgb(0, 128, 0)","background":"rgb(0, 0, 255)","names":{"example":"_example_bnybj_1 _shared_znt9f_1"}},"expected":"rgb(0, 128, 0)","missing":[],"errors":[],"result":"PASS"}
{"managed":true,"mutation":"rename","nested":false,"recovery":false,"rootEdit":false,"extension":"css","index":2,"browser":"webkit","value":{"color":"rgb(0, 128, 0)","background":"rgb(0, 0, 255)","names":{"example":"_example_bnybj_1 _shared_znt9f_1"}},"expected":"rgb(0, 128, 0)","missing":[],"errors":[],"result":"PASS"}
{"phase":"watch-event","extension":"css","code":"START","time":1788959857960}
{"phase":"watch-event","extension":"css","code":"BUNDLE_START","time":1788959857960}
{"phase":"watch-event","extension":"css","code":"BUNDLE_END","time":1788959858251}
{"phase":"watch-event","extension":"css","code":"END","time":1788959858252}
{"managed":true,"mutation":"rename","nested":false,"recovery":false,"rootEdit":false,"extension":"css","index":3,"browser":"chromium","value":{"color":"rgb(0, 0, 0)","background":"rgba(0, 0, 0, 0)"},"expected":"rgb(0, 0, 255)","missing":["/private/var/folders/_b/768dhtz56ns54x1r867j67280000gn/T/master-css-modules-watch-Cgtr3E/dist/assets/index-C4eIJh-4.js","/private/var/folders/_b/768dhtz56ns54x1r867j67280000gn/T/master-css-modules-watch-Cgtr3E/dist/assets/index-oq-nXLkG.css"],"errors":[],"result":"FAIL"}
{"managed":true,"mutation":"rename","nested":false,"recovery":false,"rootEdit":false,"extension":"css","index":3,"browser":"firefox","value":{"color":"rgb(0, 0, 255)","background":"rgb(0, 0, 255)","names":{"example":"_example_bnybj_1 _shared_xexoh_1"}},"expected":"rgb(0, 0, 255)","missing":[],"errors":[],"result":"PASS"}
{"managed":true,"mutation":"rename","nested":false,"recovery":false,"rootEdit":false,"extension":"css","index":3,"browser":"webkit","value":{"color":"rgb(0, 0, 255)","background":"rgb(0, 0, 255)","names":{"example":"_example_bnybj_1 _shared_xexoh_1"}},"expected":"rgb(0, 0, 255)","missing":[],"errors":[],"result":"PASS"}
{"phase":"watch-event","extension":"scss","code":"START","time":1788959860158}
{"phase":"watch-event","extension":"scss","code":"BUNDLE_START","time":1788959860158}
{"phase":"watch-event","extension":"scss","code":"BUNDLE_END","time":1788959860446}
{"phase":"watch-event","extension":"scss","code":"END","time":1788959860447}
{"managed":true,"mutation":"rename","nested":false,"recovery":false,"rootEdit":false,"extension":"scss","index":0,"browser":"chromium","value":{"color":"rgb(255, 0, 0)","background":"rgb(0, 0, 255)","names":{"example":"_example_wqh4z_2 _shared_c5w8x_1"}},"expected":"rgb(255, 0, 0)","missing":[],"errors":[],"result":"PASS"}
{"managed":true,"mutation":"rename","nested":false,"recovery":false,"rootEdit":false,"extension":"scss","index":0,"browser":"firefox","value":{"color":"rgb(255, 0, 0)","background":"rgb(0, 0, 255)","names":{"example":"_example_wqh4z_2 _shared_c5w8x_1"}},"expected":"rgb(255, 0, 0)","missing":[],"errors":[],"result":"PASS"}
{"managed":true,"mutation":"rename","nested":false,"recovery":false,"rootEdit":false,"extension":"scss","index":0,"browser":"webkit","value":{"color":"rgb(255, 0, 0)","background":"rgb(0, 0, 255)","names":{"example":"_example_wqh4z_2 _shared_c5w8x_1"}},"expected":"rgb(255, 0, 0)","missing":[],"errors":[],"result":"PASS"}
{"phase":"watch-event","extension":"scss","code":"START","time":1788959862317}
{"phase":"watch-event","extension":"scss","code":"BUNDLE_START","time":1788959862317}
{"phase":"watch-event","extension":"scss","code":"BUNDLE_END","time":1788959862628}
{"phase":"watch-event","extension":"scss","code":"END","time":1788959862628}
{"managed":true,"mutation":"rename","nested":false,"recovery":false,"rootEdit":false,"extension":"scss","index":1,"browser":"chromium","value":{"color":"rgb(255, 0, 0)","background":"rgb(0, 0, 255)","names":{"example":"_example_wqh4z_2 _shared_c5w8x_1"}},"expected":"rgb(255, 0, 0)","missing":[],"errors":[],"result":"PASS"}
{"managed":true,"mutation":"rename","nested":false,"recovery":false,"rootEdit":false,"extension":"scss","index":1,"browser":"firefox","value":{"color":"rgb(255, 0, 0)","background":"rgb(0, 0, 255)","names":{"example":"_example_wqh4z_2 _shared_c5w8x_1"}},"expected":"rgb(255, 0, 0)","missing":[],"errors":[],"result":"PASS"}
{"managed":true,"mutation":"rename","nested":false,"recovery":false,"rootEdit":false,"extension":"scss","index":1,"browser":"webkit","value":{"color":"rgb(255, 0, 0)","background":"rgb(0, 0, 255)","names":{"example":"_example_wqh4z_2 _shared_c5w8x_1"}},"expected":"rgb(255, 0, 0)","missing":[],"errors":[],"result":"PASS"}
{"phase":"watch-event","extension":"scss","code":"START","time":1788959864472}
{"phase":"watch-event","extension":"scss","code":"BUNDLE_START","time":1788959864472}
{"phase":"watch-event","extension":"scss","code":"ERROR","time":1788959864602}
{"managed":true,"extension":"scss","phase":"expected-missing-file","mutation":"rename","error":"Error: Build failed with 1 error:\n\n[plugin master-css:sass-source]\nError: [postcss] The returned path from the \"fileResolve\" option must be absolute.\n    at FileSystemLoader.fetch (file:///Users/aron/master/css/node_modules/.pnpm/vite@8.2.2_@types+node@24.13.3_esbuild@0.28.2_jiti@2.7.0_less@4.9.0_supports-color@5.5._5aef4224fb2d1e795047ce58ecc7070b/node_modules/vite/dist/node/chunks/build.js:1057:79)\n    at async Parser.fetchImport (file:///Users/aron/master/css/node_modules/.pnpm/vite@8.2.2_@types+node@24.13.3_esbuild@0.28.2_jiti@2.7.0_less@4.9.0_supports-color@5.5._5aef4224fb2d1e795047ce58ecc7070b/node_modules/vite/dist/node/chunks/build.js:252:21)\n    at async Promise.all (index 0)\n    at async OnceExit (file:///Users/aron/master/css/node_modules/.pnpm/vite@8.2.2_@types+node@24.13.3_esbuild@0.28.2_jiti@2.7.0_less@4.9.0_supports-color@5.5._5aef4224fb2d1e795047ce58ecc7070b/node_modules/vite/dist/node/chunks/build.js:217:6)\n    at async LazyResult.runAsync (/Users/aron/master/css/node_modules/.pnpm/postcss@8.5.28/node_modules/postcss/lib/lazy-result.js:336:15)\n    at async OnceExit (file:///Users/aron/master/css/node_modules/.pnpm/vite@8.2.2_@types+node@24.13.3_esbuild@0.28.2_jiti@2.7.0_less@4.9.0_supports-color@5.5._5aef4224fb2d1e795047ce58ecc7070b/node_modules/vite/dist/node/chunks/build.js:5458:5)\n    at async LazyResult.runAsync (/Users/aron/master/css/node_modules/.pnpm/postcss@8.5.28/node_modules/postcss/lib/lazy-result.js:336:15)\n    at async runPostCSS (file:///Users/aron/master/css/node_modules/.pnpm/vite@8.2.2_@types+node@24.13.3_esbuild@0.28.2_jiti@2.7.0_less@4.9.0_supports-color@5.5._5aef4224fb2d1e795047ce58ecc7070b/node_modules/vite/dist/node/chunks/node.js:23223:19)\n    at async compilePostCSS (file:///Users/aron/master/css/node_modules/.pnpm/vite@8.2.2_@types+node@24.13.3_esbuild@0.28.2_jiti@2.7.0_less@4.9.0_supports-color@5.5._5aef4224fb2d1e795047ce58ecc7070b/node_modules/vite/dist/node/chunks/node.js:23207:6)\n    at async compileCSS (file:///Users/aron/master/css/node_modules/.pnpm/vite@8.2.2_@types+node@24.13.3_esbuild@0.28.2_jiti@2.7.0_less@4.9.0_supports-color@5.5._5aef4224fb2d1e795047ce58ecc7070b/node_modules/vite/dist/node/chunks/node.js:23137:26)","result":"PASS"}
{"phase":"watch-event","extension":"scss","code":"END","time":1788959864602}
{"phase":"watch-event","extension":"scss","code":"START","time":1788959864604}
{"phase":"watch-event","extension":"scss","code":"BUNDLE_START","time":1788959864604}
{"phase":"watch-event","extension":"scss","code":"BUNDLE_END","time":1788959864878}
{"phase":"watch-event","extension":"scss","code":"END","time":1788959864878}
{"phase":"watch-event","extension":"scss","code":"START","time":1788959864880}
{"phase":"watch-event","extension":"scss","code":"BUNDLE_START","time":1788959864880}
{"phase":"watch-event","extension":"scss","code":"BUNDLE_END","time":1788959865176}
{"phase":"watch-event","extension":"scss","code":"END","time":1788959865176}
{"managed":true,"mutation":"rename","nested":false,"recovery":false,"rootEdit":false,"extension":"scss","index":2,"browser":"chromium","value":{"color":"rgb(0, 0, 0)","background":"rgba(0, 0, 0, 0)"},"expected":"rgb(0, 128, 0)","missing":["/private/var/folders/_b/768dhtz56ns54x1r867j67280000gn/T/master-css-modules-watch-FxzKcC/dist/assets/index--Zhy3NoM.js","/private/var/folders/_b/768dhtz56ns54x1r867j67280000gn/T/master-css-modules-watch-FxzKcC/dist/assets/index-13SuW0FW.css"],"errors":[],"result":"FAIL"}
{"managed":true,"mutation":"rename","nested":false,"recovery":false,"rootEdit":false,"extension":"scss","index":2,"browser":"firefox","value":{"color":"rgb(0, 128, 0)","background":"rgb(0, 0, 255)","names":{"example":"_example_1i9pd_2 _shared_znt9f_1"}},"expected":"rgb(0, 128, 0)","missing":[],"errors":[],"result":"PASS"}
{"managed":true,"mutation":"rename","nested":false,"recovery":false,"rootEdit":false,"extension":"scss","index":2,"browser":"webkit","value":{"color":"rgb(0, 128, 0)","background":"rgb(0, 0, 255)","names":{"example":"_example_1i9pd_2 _shared_znt9f_1"}},"expected":"rgb(0, 128, 0)","missing":[],"errors":[],"result":"PASS"}
{"phase":"watch-event","extension":"scss","code":"START","time":1788959866845}
{"phase":"watch-event","extension":"scss","code":"BUNDLE_START","time":1788959866845}
{"managed":true,"mutation":"rename","nested":false,"recovery":false,"rootEdit":false,"extension":"scss","index":3,"browser":"chromium","value":{"color":"rgb(0, 0, 0)","background":"rgba(0, 0, 0, 0)"},"expected":"rgb(0, 0, 255)","missing":["/private/var/folders/_b/768dhtz56ns54x1r867j67280000gn/T/master-css-modules-watch-FxzKcC/dist/assets/index--Zhy3NoM.js","/private/var/folders/_b/768dhtz56ns54x1r867j67280000gn/T/master-css-modules-watch-FxzKcC/dist/assets/index-13SuW0FW.css"],"errors":[],"result":"FAIL"}
{"phase":"watch-event","extension":"scss","code":"BUNDLE_END","time":1788959867148}
{"phase":"watch-event","extension":"scss","code":"END","time":1788959867149}
{"managed":true,"mutation":"rename","nested":false,"recovery":false,"rootEdit":false,"extension":"scss","index":3,"browser":"firefox","value":{"color":"rgb(0, 0, 255)","background":"rgb(0, 0, 255)","names":{"example":"_example_1i9pd_2 _shared_xexoh_1"}},"expected":"rgb(0, 0, 255)","missing":[],"errors":[],"result":"PASS"}
{"managed":true,"mutation":"rename","nested":false,"recovery":false,"rootEdit":false,"extension":"scss","index":3,"browser":"webkit","value":{"color":"rgb(0, 0, 255)","background":"rgb(0, 0, 255)","names":{"example":"_example_1i9pd_2 _shared_xexoh_1"}},"expected":"rgb(0, 0, 255)","missing":[],"errors":[],"result":"PASS"}
{"builds":8,"comparisons":24,"failures":4}
node:internal/modules/run_main:107
    triggerUncaughtException(
    ^

AssertionError [ERR_ASSERTION]: Expected values to be strictly equal:

4 !== 0

    at file:///Users/aron/master/css/.ai/audits/bug-hunt/repros/vite-css-modules-watch.mjs:98:46 {
  generatedMessage: true,
  code: 'ERR_ASSERTION',
  actual: 4,
  expected: 0,
  operator: 'strictEqual',
  diff: 'simple'
}

Node.js v24.20.0
