{"phase":"watch-event","extension":"css","code":"START","time":1788959753752}
{"phase":"watch-event","extension":"css","code":"BUNDLE_START","time":1788959753753}
{"phase":"watch-event","extension":"css","code":"BUNDLE_END","time":1788959753966}
{"phase":"watch-event","extension":"css","code":"END","time":1788959753970}
{"managed":true,"mutation":"rename","nested":true,"recovery":false,"rootEdit":false,"extension":"css","index":0,"browser":"chromium","value":{"color":"rgb(255, 0, 0)","background":"rgb(0, 0, 255)","names":{"example":"_example_5vqpk_1 _shared_7371n_1 _leaf_e2ybf_1"}},"expected":"rgb(255, 0, 0)","missing":[],"errors":[],"result":"PASS"}
{"managed":true,"mutation":"rename","nested":true,"recovery":false,"rootEdit":false,"extension":"css","index":0,"browser":"firefox","value":{"color":"rgb(255, 0, 0)","background":"rgb(0, 0, 255)","names":{"example":"_example_5vqpk_1 _shared_7371n_1 _leaf_e2ybf_1"}},"expected":"rgb(255, 0, 0)","missing":[],"errors":[],"result":"PASS"}
{"managed":true,"mutation":"rename","nested":true,"recovery":false,"rootEdit":false,"extension":"css","index":0,"browser":"webkit","value":{"color":"rgb(255, 0, 0)","background":"rgb(0, 0, 255)","names":{"example":"_example_5vqpk_1 _shared_7371n_1 _leaf_e2ybf_1"}},"expected":"rgb(255, 0, 0)","missing":[],"errors":[],"result":"PASS"}
{"phase":"watch-event","extension":"css","code":"START","time":1788959755786}
{"phase":"watch-event","extension":"css","code":"BUNDLE_START","time":1788959755786}
{"phase":"watch-event","extension":"css","code":"BUNDLE_END","time":1788959756073}
{"phase":"watch-event","extension":"css","code":"END","time":1788959756074}
{"managed":true,"mutation":"rename","nested":true,"recovery":false,"rootEdit":false,"extension":"css","index":1,"browser":"chromium","value":{"color":"rgb(255, 0, 0)","background":"rgb(0, 0, 255)","names":{"example":"_example_5vqpk_1 _shared_7371n_1 _leaf_e2ybf_1"}},"expected":"rgb(255, 0, 0)","missing":[],"errors":[],"result":"PASS"}
{"managed":true,"mutation":"rename","nested":true,"recovery":false,"rootEdit":false,"extension":"css","index":1,"browser":"firefox","value":{"color":"rgb(255, 0, 0)","background":"rgb(0, 0, 255)","names":{"example":"_example_5vqpk_1 _shared_7371n_1 _leaf_e2ybf_1"}},"expected":"rgb(255, 0, 0)","missing":[],"errors":[],"result":"PASS"}
{"managed":true,"mutation":"rename","nested":true,"recovery":false,"rootEdit":false,"extension":"css","index":1,"browser":"webkit","value":{"color":"rgb(255, 0, 0)","background":"rgb(0, 0, 255)","names":{"example":"_example_5vqpk_1 _shared_7371n_1 _leaf_e2ybf_1"}},"expected":"rgb(255, 0, 0)","missing":[],"errors":[],"result":"PASS"}
{"phase":"watch-event","extension":"css","code":"START","time":1788959757818}
{"phase":"watch-event","extension":"css","code":"BUNDLE_START","time":1788959757818}
file:///Users/aron/master/css/node_modules/.pnpm/vite@8.2.2_@types+node@24.13.3_esbuild@0.28.2_jiti@2.7.0_less@4.9.0_supports-color@5.5._5aef4224fb2d1e795047ce58ecc7070b/node_modules/vite/dist/node/chunks/build.js:1057
			if (fileResolvedPath && !_path.default.isAbsolute(fileResolvedPath)) throw new Error("The returned path from the \"fileResolve\" option must be absolute.");
			                                                                           ^

Error: The returned path from the "fileResolve" option must be absolute.
    at FileSystemLoader.fetch (file:///Users/aron/master/css/node_modules/.pnpm/vite@8.2.2_@types+node@24.13.3_esbuild@0.28.2_jiti@2.7.0_less@4.9.0_supports-color@5.5._5aef4224fb2d1e795047ce58ecc7070b/node_modules/vite/dist/node/chunks/build.js:1057:79)
    at async Parser.fetchImport (file:///Users/aron/master/css/node_modules/.pnpm/vite@8.2.2_@types+node@24.13.3_esbuild@0.28.2_jiti@2.7.0_less@4.9.0_supports-color@5.5._5aef4224fb2d1e795047ce58ecc7070b/node_modules/vite/dist/node/chunks/build.js:252:21)
    at async Promise.all (index 0)
    at async OnceExit (file:///Users/aron/master/css/node_modules/.pnpm/vite@8.2.2_@types+node@24.13.3_esbuild@0.28.2_jiti@2.7.0_less@4.9.0_supports-color@5.5._5aef4224fb2d1e795047ce58ecc7070b/node_modules/vite/dist/node/chunks/build.js:217:6)
    at async LazyResult.runAsync (/Users/aron/master/css/node_modules/.pnpm/postcss@8.5.28/node_modules/postcss/lib/lazy-result.js:336:15)
    at async Core.load (file:///Users/aron/master/css/node_modules/.pnpm/vite@8.2.2_@types+node@24.13.3_esbuild@0.28.2_jiti@2.7.0_less@4.9.0_supports-color@5.5._5aef4224fb2d1e795047ce58ecc7070b/node_modules/vite/dist/node/chunks/build.js:1026:24)
    at async file:///Users/aron/master/css/node_modules/.pnpm/vite@8.2.2_@types+node@24.13.3_esbuild@0.28.2_jiti@2.7.0_less@4.9.0_supports-color@5.5._5aef4224fb2d1e795047ce58ecc7070b/node_modules/vite/dist/node/chunks/build.js:1069:49

Node.js v24.20.0
