{"phase":"watch-event","extension":"css","code":"START","revision":0,"time":1788959972810}
{"phase":"watch-event","extension":"css","code":"BUNDLE_START","revision":0,"time":1788959972810}
{"phase":"watch-event","extension":"css","code":"BUNDLE_END","revision":0,"time":1788959973020}
{"phase":"watch-event","extension":"css","code":"END","revision":0,"time":1788959973024}
{"managed":true,"revision":0,"delivery":"completed-build-snapshot","mutation":"delete","nested":false,"recovery":false,"rootEdit":false,"extension":"css","index":0,"browser":"chromium","value":{"color":"rgb(255, 0, 0)","background":"rgb(0, 0, 255)","names":{"example":"_example_5vqpk_1 _shared_c5w8x_1"}},"expected":"rgb(255, 0, 0)","missing":[],"errors":[],"result":"PASS"}
{"managed":true,"revision":0,"delivery":"completed-build-snapshot","mutation":"delete","nested":false,"recovery":false,"rootEdit":false,"extension":"css","index":0,"browser":"firefox","value":{"color":"rgb(255, 0, 0)","background":"rgb(0, 0, 255)","names":{"example":"_example_5vqpk_1 _shared_c5w8x_1"}},"expected":"rgb(255, 0, 0)","missing":[],"errors":[],"result":"PASS"}
{"managed":true,"revision":0,"delivery":"completed-build-snapshot","mutation":"delete","nested":false,"recovery":false,"rootEdit":false,"extension":"css","index":0,"browser":"webkit","value":{"color":"rgb(255, 0, 0)","background":"rgb(0, 0, 255)","names":{"example":"_example_5vqpk_1 _shared_c5w8x_1"}},"expected":"rgb(255, 0, 0)","missing":[],"errors":[],"result":"PASS"}
{"phase":"watch-event","extension":"css","code":"START","revision":0,"time":1788959974907}
{"phase":"watch-event","extension":"css","code":"BUNDLE_START","revision":1,"time":1788959974907}
{"phase":"watch-event","extension":"css","code":"BUNDLE_END","revision":1,"time":1788959975205}
{"phase":"watch-event","extension":"css","code":"END","revision":1,"time":1788959975206}
{"managed":true,"revision":1,"delivery":"completed-build-snapshot","mutation":"delete","nested":false,"recovery":false,"rootEdit":false,"extension":"css","index":1,"browser":"chromium","value":{"color":"rgb(255, 0, 0)","background":"rgb(0, 0, 255)","names":{"example":"_example_5vqpk_1 _shared_c5w8x_1"}},"expected":"rgb(255, 0, 0)","missing":[],"errors":[],"result":"PASS"}
{"managed":true,"revision":1,"delivery":"completed-build-snapshot","mutation":"delete","nested":false,"recovery":false,"rootEdit":false,"extension":"css","index":1,"browser":"firefox","value":{"color":"rgb(255, 0, 0)","background":"rgb(0, 0, 255)","names":{"example":"_example_5vqpk_1 _shared_c5w8x_1"}},"expected":"rgb(255, 0, 0)","missing":[],"errors":[],"result":"PASS"}
{"managed":true,"revision":1,"delivery":"completed-build-snapshot","mutation":"delete","nested":false,"recovery":false,"rootEdit":false,"extension":"css","index":1,"browser":"webkit","value":{"color":"rgb(255, 0, 0)","background":"rgb(0, 0, 255)","names":{"example":"_example_5vqpk_1 _shared_c5w8x_1"}},"expected":"rgb(255, 0, 0)","missing":[],"errors":[],"result":"PASS"}
{"phase":"watch-event","extension":"css","code":"START","revision":1,"time":1788959977125}
{"phase":"watch-event","extension":"css","code":"BUNDLE_START","revision":2,"time":1788959977125}
{"phase":"watch-event","extension":"css","code":"ERROR","revision":2,"time":1788959977249}
{"managed":true,"extension":"css","phase":"expected-missing-file","mutation":"delete","error":"Error: Build failed with 1 error:\n\n[plugin master-css:sass-source]\nError: [postcss] The returned path from the \"fileResolve\" option must be absolute.\n    at FileSystemLoader.fetch (file:///Users/aron/master/css/node_modules/.pnpm/vite@8.2.2_@types+node@24.13.3_esbuild@0.28.2_jiti@2.7.0_less@4.9.0_supports-color@5.5._5aef4224fb2d1e795047ce58ecc7070b/node_modules/vite/dist/node/chunks/build.js:1057:79)\n    at async Parser.fetchImport (file:///Users/aron/master/css/node_modules/.pnpm/vite@8.2.2_@types+node@24.13.3_esbuild@0.28.2_jiti@2.7.0_less@4.9.0_supports-color@5.5._5aef4224fb2d1e795047ce58ecc7070b/node_modules/vite/dist/node/chunks/build.js:252:21)\n    at async Promise.all (index 0)\n    at async OnceExit (file:///Users/aron/master/css/node_modules/.pnpm/vite@8.2.2_@types+node@24.13.3_esbuild@0.28.2_jiti@2.7.0_less@4.9.0_supports-color@5.5._5aef4224fb2d1e795047ce58ecc7070b/node_modules/vite/dist/node/chunks/build.js:217:6)\n    at async LazyResult.runAsync (/Users/aron/master/css/node_modules/.pnpm/postcss@8.5.28/node_modules/postcss/lib/lazy-result.js:336:15)\n    at async OnceExit (file:///Users/aron/master/css/node_modules/.pnpm/vite@8.2.2_@types+node@24.13.3_esbuild@0.28.2_jiti@2.7.0_less@4.9.0_supports-color@5.5._5aef4224fb2d1e795047ce58ecc7070b/node_modules/vite/dist/node/chunks/build.js:5458:5)\n    at async LazyResult.runAsync (/Users/aron/master/css/node_modules/.pnpm/postcss@8.5.28/node_modules/postcss/lib/lazy-result.js:336:15)\n    at async runPostCSS (file:///Users/aron/master/css/node_modules/.pnpm/vite@8.2.2_@types+node@24.13.3_esbuild@0.28.2_jiti@2.7.0_less@4.9.0_supports-color@5.5._5aef4224fb2d1e795047ce58ecc7070b/node_modules/vite/dist/node/chunks/node.js:23223:19)\n    at async compilePostCSS (file:///Users/aron/master/css/node_modules/.pnpm/vite@8.2.2_@types+node@24.13.3_esbuild@0.28.2_jiti@2.7.0_less@4.9.0_supports-color@5.5._5aef4224fb2d1e795047ce58ecc7070b/node_modules/vite/dist/node/chunks/node.js:23207:6)\n    at async compileCSS (file:///Users/aron/master/css/node_modules/.pnpm/vite@8.2.2_@types+node@24.13.3_esbuild@0.28.2_jiti@2.7.0_less@4.9.0_supports-color@5.5._5aef4224fb2d1e795047ce58ecc7070b/node_modules/vite/dist/node/chunks/node.js:23137:26)","result":"PASS"}
{"phase":"watch-event","extension":"css","code":"END","revision":2,"time":1788959977250}
{"phase":"watch-event","extension":"css","code":"START","revision":2,"time":1788959977253}
{"phase":"watch-event","extension":"css","code":"BUNDLE_START","revision":3,"time":1788959977253}
{"phase":"watch-event","extension":"css","code":"BUNDLE_END","revision":3,"time":1788959977558}
{"phase":"watch-event","extension":"css","code":"END","revision":3,"time":1788959977559}
{"managed":true,"revision":3,"delivery":"completed-build-snapshot","mutation":"delete","nested":false,"recovery":false,"rootEdit":false,"extension":"css","index":2,"browser":"chromium","value":{"color":"rgb(0, 128, 0)","background":"rgb(0, 0, 255)","names":{"example":"_example_5vqpk_1 _shared_znt9f_1"}},"expected":"rgb(0, 128, 0)","missing":[],"errors":[],"result":"PASS"}
{"managed":true,"revision":3,"delivery":"completed-build-snapshot","mutation":"delete","nested":false,"recovery":false,"rootEdit":false,"extension":"css","index":2,"browser":"firefox","value":{"color":"rgb(0, 128, 0)","background":"rgb(0, 0, 255)","names":{"example":"_example_5vqpk_1 _shared_znt9f_1"}},"expected":"rgb(0, 128, 0)","missing":[],"errors":[],"result":"PASS"}
{"managed":true,"revision":3,"delivery":"completed-build-snapshot","mutation":"delete","nested":false,"recovery":false,"rootEdit":false,"extension":"css","index":2,"browser":"webkit","value":{"color":"rgb(0, 128, 0)","background":"rgb(0, 0, 255)","names":{"example":"_example_5vqpk_1 _shared_znt9f_1"}},"expected":"rgb(0, 128, 0)","missing":[],"errors":[],"result":"PASS"}
{"phase":"watch-event","extension":"scss","code":"START","revision":0,"time":1788959979563}
{"phase":"watch-event","extension":"scss","code":"BUNDLE_START","revision":0,"time":1788959979563}
{"phase":"watch-event","extension":"scss","code":"BUNDLE_END","revision":0,"time":1788959979854}
{"phase":"watch-event","extension":"scss","code":"END","revision":0,"time":1788959979854}
{"managed":true,"revision":0,"delivery":"completed-build-snapshot","mutation":"delete","nested":false,"recovery":false,"rootEdit":false,"extension":"scss","index":0,"browser":"chromium","value":{"color":"rgb(255, 0, 0)","background":"rgb(0, 0, 255)","names":{"example":"_example_wqh4z_2 _shared_c5w8x_1"}},"expected":"rgb(255, 0, 0)","missing":[],"errors":[],"result":"PASS"}
{"managed":true,"revision":0,"delivery":"completed-build-snapshot","mutation":"delete","nested":false,"recovery":false,"rootEdit":false,"extension":"scss","index":0,"browser":"firefox","value":{"color":"rgb(255, 0, 0)","background":"rgb(0, 0, 255)","names":{"example":"_example_wqh4z_2 _shared_c5w8x_1"}},"expected":"rgb(255, 0, 0)","missing":[],"errors":[],"result":"PASS"}
{"managed":true,"revision":0,"delivery":"completed-build-snapshot","mutation":"delete","nested":false,"recovery":false,"rootEdit":false,"extension":"scss","index":0,"browser":"webkit","value":{"color":"rgb(255, 0, 0)","background":"rgb(0, 0, 255)","names":{"example":"_example_wqh4z_2 _shared_c5w8x_1"}},"expected":"rgb(255, 0, 0)","missing":[],"errors":[],"result":"PASS"}
{"phase":"watch-event","extension":"scss","code":"START","revision":0,"time":1788959981716}
{"phase":"watch-event","extension":"scss","code":"BUNDLE_START","revision":1,"time":1788959981716}
{"phase":"watch-event","extension":"scss","code":"BUNDLE_END","revision":1,"time":1788959982008}
{"phase":"watch-event","extension":"scss","code":"END","revision":1,"time":1788959982009}
{"phase":"watch-event","extension":"scss","code":"START","revision":1,"time":1788959982011}
{"phase":"watch-event","extension":"scss","code":"BUNDLE_START","revision":1,"time":1788959982011}
{"phase":"watch-event","extension":"scss","code":"BUNDLE_END","revision":1,"time":1788959982315}
{"phase":"watch-event","extension":"scss","code":"END","revision":1,"time":1788959982316}
{"managed":true,"revision":1,"delivery":"completed-build-snapshot","mutation":"delete","nested":false,"recovery":false,"rootEdit":false,"extension":"scss","index":1,"browser":"chromium","value":{"color":"rgb(255, 0, 0)","background":"rgb(0, 0, 255)","names":{"example":"_example_wqh4z_2 _shared_c5w8x_1"}},"expected":"rgb(255, 0, 0)","missing":[],"errors":[],"result":"PASS"}
{"managed":true,"revision":1,"delivery":"completed-build-snapshot","mutation":"delete","nested":false,"recovery":false,"rootEdit":false,"extension":"scss","index":1,"browser":"firefox","value":{"color":"rgb(255, 0, 0)","background":"rgb(0, 0, 255)","names":{"example":"_example_wqh4z_2 _shared_c5w8x_1"}},"expected":"rgb(255, 0, 0)","missing":[],"errors":[],"result":"PASS"}
{"managed":true,"revision":1,"delivery":"completed-build-snapshot","mutation":"delete","nested":false,"recovery":false,"rootEdit":false,"extension":"scss","index":1,"browser":"webkit","value":{"color":"rgb(255, 0, 0)","background":"rgb(0, 0, 255)","names":{"example":"_example_wqh4z_2 _shared_c5w8x_1"}},"expected":"rgb(255, 0, 0)","missing":[],"errors":[],"result":"PASS"}
{"phase":"watch-event","extension":"scss","code":"START","revision":1,"time":1788959984045}
{"phase":"watch-event","extension":"scss","code":"BUNDLE_START","revision":2,"time":1788959984046}
{"phase":"watch-event","extension":"scss","code":"ERROR","revision":2,"time":1788959984170}
{"managed":true,"extension":"scss","phase":"expected-missing-file","mutation":"delete","error":"Error: Build failed with 1 error:\n\n[plugin master-css:sass-source]\nError: [postcss] The returned path from the \"fileResolve\" option must be absolute.\n    at FileSystemLoader.fetch (file:///Users/aron/master/css/node_modules/.pnpm/vite@8.2.2_@types+node@24.13.3_esbuild@0.28.2_jiti@2.7.0_less@4.9.0_supports-color@5.5._5aef4224fb2d1e795047ce58ecc7070b/node_modules/vite/dist/node/chunks/build.js:1057:79)\n    at async Parser.fetchImport (file:///Users/aron/master/css/node_modules/.pnpm/vite@8.2.2_@types+node@24.13.3_esbuild@0.28.2_jiti@2.7.0_less@4.9.0_supports-color@5.5._5aef4224fb2d1e795047ce58ecc7070b/node_modules/vite/dist/node/chunks/build.js:252:21)\n    at async Promise.all (index 0)\n    at async OnceExit (file:///Users/aron/master/css/node_modules/.pnpm/vite@8.2.2_@types+node@24.13.3_esbuild@0.28.2_jiti@2.7.0_less@4.9.0_supports-color@5.5._5aef4224fb2d1e795047ce58ecc7070b/node_modules/vite/dist/node/chunks/build.js:217:6)\n    at async LazyResult.runAsync (/Users/aron/master/css/node_modules/.pnpm/postcss@8.5.28/node_modules/postcss/lib/lazy-result.js:336:15)\n    at async OnceExit (file:///Users/aron/master/css/node_modules/.pnpm/vite@8.2.2_@types+node@24.13.3_esbuild@0.28.2_jiti@2.7.0_less@4.9.0_supports-color@5.5._5aef4224fb2d1e795047ce58ecc7070b/node_modules/vite/dist/node/chunks/build.js:5458:5)\n    at async LazyResult.runAsync (/Users/aron/master/css/node_modules/.pnpm/postcss@8.5.28/node_modules/postcss/lib/lazy-result.js:336:15)\n    at async runPostCSS (file:///Users/aron/master/css/node_modules/.pnpm/vite@8.2.2_@types+node@24.13.3_esbuild@0.28.2_jiti@2.7.0_less@4.9.0_supports-color@5.5._5aef4224fb2d1e795047ce58ecc7070b/node_modules/vite/dist/node/chunks/node.js:23223:19)\n    at async compilePostCSS (file:///Users/aron/master/css/node_modules/.pnpm/vite@8.2.2_@types+node@24.13.3_esbuild@0.28.2_jiti@2.7.0_less@4.9.0_supports-color@5.5._5aef4224fb2d1e795047ce58ecc7070b/node_modules/vite/dist/node/chunks/node.js:23207:6)\n    at async compileCSS (file:///Users/aron/master/css/node_modules/.pnpm/vite@8.2.2_@types+node@24.13.3_esbuild@0.28.2_jiti@2.7.0_less@4.9.0_supports-color@5.5._5aef4224fb2d1e795047ce58ecc7070b/node_modules/vite/dist/node/chunks/node.js:23137:26)","result":"PASS"}
{"phase":"watch-event","extension":"scss","code":"END","revision":2,"time":1788959984170}
{"phase":"watch-event","extension":"scss","code":"START","revision":2,"time":1788959984183}
{"phase":"watch-event","extension":"scss","code":"BUNDLE_START","revision":3,"time":1788959984183}
{"phase":"watch-event","extension":"scss","code":"BUNDLE_END","revision":3,"time":1788959984470}
{"phase":"watch-event","extension":"scss","code":"END","revision":3,"time":1788959984471}
{"managed":true,"revision":3,"delivery":"completed-build-snapshot","mutation":"delete","nested":false,"recovery":false,"rootEdit":false,"extension":"scss","index":2,"browser":"chromium","value":{"color":"rgb(0, 128, 0)","background":"rgb(0, 0, 255)","names":{"example":"_example_wqh4z_2 _shared_znt9f_1"}},"expected":"rgb(0, 128, 0)","missing":[],"errors":[],"result":"PASS"}
{"managed":true,"revision":3,"delivery":"completed-build-snapshot","mutation":"delete","nested":false,"recovery":false,"rootEdit":false,"extension":"scss","index":2,"browser":"firefox","value":{"color":"rgb(0, 128, 0)","background":"rgb(0, 0, 255)","names":{"example":"_example_wqh4z_2 _shared_znt9f_1"}},"expected":"rgb(0, 128, 0)","missing":[],"errors":[],"result":"PASS"}
{"managed":true,"revision":3,"delivery":"completed-build-snapshot","mutation":"delete","nested":false,"recovery":false,"rootEdit":false,"extension":"scss","index":2,"browser":"webkit","value":{"color":"rgb(0, 128, 0)","background":"rgb(0, 0, 255)","names":{"example":"_example_wqh4z_2 _shared_znt9f_1"}},"expected":"rgb(0, 128, 0)","missing":[],"errors":[],"result":"PASS"}
{"builds":6,"comparisons":18,"failures":0}
