{"phase":"watch-event","extension":"css","code":"START","time":1788959808810}
{"phase":"watch-event","extension":"css","code":"BUNDLE_START","time":1788959808810}
{"phase":"watch-event","extension":"css","code":"BUNDLE_END","time":1788959809026}
{"phase":"watch-event","extension":"css","code":"END","time":1788959809030}
{"managed":true,"mutation":"delete","nested":false,"recovery":false,"rootEdit":false,"extension":"css","index":0,"browser":"chromium","value":{"color":"rgb(255, 0, 0)","background":"rgb(0, 0, 255)","names":{"example":"_example_5vqpk_1 _shared_c5w8x_1"}},"expected":"rgb(255, 0, 0)","missing":[],"errors":[],"result":"PASS"}
{"managed":true,"mutation":"delete","nested":false,"recovery":false,"rootEdit":false,"extension":"css","index":0,"browser":"firefox","value":{"color":"rgb(255, 0, 0)","background":"rgb(0, 0, 255)","names":{"example":"_example_5vqpk_1 _shared_c5w8x_1"}},"expected":"rgb(255, 0, 0)","missing":[],"errors":[],"result":"PASS"}
{"managed":true,"mutation":"delete","nested":false,"recovery":false,"rootEdit":false,"extension":"css","index":0,"browser":"webkit","value":{"color":"rgb(255, 0, 0)","background":"rgb(0, 0, 255)","names":{"example":"_example_5vqpk_1 _shared_c5w8x_1"}},"expected":"rgb(255, 0, 0)","missing":[],"errors":[],"result":"PASS"}
{"phase":"watch-event","extension":"css","code":"START","time":1788959811027}
{"phase":"watch-event","extension":"css","code":"BUNDLE_START","time":1788959811028}
{"phase":"watch-event","extension":"css","code":"BUNDLE_END","time":1788959811323}
{"phase":"watch-event","extension":"css","code":"END","time":1788959811323}
{"managed":true,"mutation":"delete","nested":false,"recovery":false,"rootEdit":false,"extension":"css","index":1,"browser":"chromium","value":{"color":"rgb(255, 0, 0)","background":"rgb(0, 0, 255)","names":{"example":"_example_5vqpk_1 _shared_c5w8x_1"}},"expected":"rgb(255, 0, 0)","missing":[],"errors":[],"result":"PASS"}
{"managed":true,"mutation":"delete","nested":false,"recovery":false,"rootEdit":false,"extension":"css","index":1,"browser":"firefox","value":{"color":"rgb(255, 0, 0)","background":"rgb(0, 0, 255)","names":{"example":"_example_5vqpk_1 _shared_c5w8x_1"}},"expected":"rgb(255, 0, 0)","missing":[],"errors":[],"result":"PASS"}
{"managed":true,"mutation":"delete","nested":false,"recovery":false,"rootEdit":false,"extension":"css","index":1,"browser":"webkit","value":{"color":"rgb(255, 0, 0)","background":"rgb(0, 0, 255)","names":{"example":"_example_5vqpk_1 _shared_c5w8x_1"}},"expected":"rgb(255, 0, 0)","missing":[],"errors":[],"result":"PASS"}
{"phase":"watch-event","extension":"css","code":"START","time":1788959813123}
{"phase":"watch-event","extension":"css","code":"BUNDLE_START","time":1788959813123}
{"phase":"watch-event","extension":"css","code":"ERROR","time":1788959813250}
node:internal/modules/run_main:107
    triggerUncaughtException(
    ^

AssertionError [ERR_ASSERTION]: The input did not match the regular expression /(?:leaf|shared)\.module\.css/. Input:

'Error: Build failed with 1 error:\n' +
  '\n' +
  '[plugin master-css:sass-source]\n' +
  'Error: [postcss] The returned path from the "fileResolve" option must be absolute.\n' +
  '    at FileSystemLoader.fetch (file:///Users/aron/master/css/node_modules/.pnpm/vite@8.2.2_@types+node@24.13.3_esbuild@0.28.2_jiti@2.7.0_less@4.9.0_supports-color@5.5._5aef4224fb2d1e795047ce58ecc7070b/node_modules/vite/dist/node/chunks/build.js:1057:79)\n' +
  '    at async Parser.fetchImport (file:///Users/aron/master/css/node_modules/.pnpm/vite@8.2.2_@types+node@24.13.3_esbuild@0.28.2_jiti@2.7.0_less@4.9.0_supports-color@5.5._5aef4224fb2d1e795047ce58ecc7070b/node_modules/vite/dist/node/chunks/build.js:252:21)\n' +
  '    at async Promise.all (index 0)\n' +
  '    at async OnceExit (file:///Users/aron/master/css/node_modules/.pnpm/vite@8.2.2_@types+node@24.13.3_esbuild@0.28.2_jiti@2.7.0_less@4.9.0_supports-color@5.5._5aef4224fb2d1e795047ce58ecc7070b/node_modules/vite/dist/node/chunks/build.js:217:6)\n' +
  '    at async LazyResult.runAsync (/Users/aron/master/css/node_modules/.pnpm/postcss@8.5.28/node_modules/postcss/lib/lazy-result.js:336:15)\n' +
  '    at async OnceExit (file:///Users/aron/master/css/node_modules/.pnpm/vite@8.2.2_@types+node@24.13.3_esbuild@0.28.2_jiti@2.7.0_less@4.9.0_supports-color@5.5._5aef4224fb2d1e795047ce58ecc7070b/node_modules/vite/dist/node/chunks/build.js:5458:5)\n' +
  '    at async LazyResult.runAsync (/Users/aron/master/css/node_modules/.pnpm/postcss@8.5.28/node_modules/postcss/lib/lazy-result.js:336:15)\n' +
  '    at async runPostCSS (file:///Users/aron/master/css/node_modules/.pnpm/vite@8.2.2_@types+node@24.13.3_esbuild@0.28.2_jiti@2.7.0_less@4.9.0_supports-color@5.5._5aef4224fb2d1e795047ce58ecc7070b/node_modules/vite/dist/node/chunks/node.js:23223:19)\n' +
  '    at async compilePostCSS (file:///Users/aron/master/css/node_modules/.pnpm/vite@8.2.2_@types+node@24.13.3_esbuild@0.28.2_jiti@2.7.0_less@4.9.0_supports-color@5.5._5aef4224fb2d1e795047ce58ecc7070b/node_modules/vite/dist/node/chunks/node.js:23207:6)\n' +
  '    at async compileCSS (file:///Users/aron/master/css/node_modules/.pnpm/vite@8.2.2_@types+node@24.13.3_esbuild@0.28.2_jiti@2.7.0_less@4.9.0_supports-color@5.5._5aef4224fb2d1e795047ce58ecc7070b/node_modules/vite/dist/node/chunks/node.js:23137:26)'

    at file:///Users/aron/master/css/.ai/audits/bug-hunt/repros/vite-css-modules-watch.mjs:54:18 {
  generatedMessage: true,
  code: 'ERR_ASSERTION',
  actual: 'Error: Build failed with 1 error:\n' +
    '\n' +
    '[plugin master-css:sass-source]\n' +
    'Error: [postcss] The returned path from the "fileResolve" option must be absolute.\n' +
    '    at FileSystemLoader.fetch (file:///Users/aron/master/css/node_modules/.pnpm/vite@8.2.2_@types+node@24.13.3_esbuild@0.28.2_jiti@2.7.0_less@4.9.0_supports-color@5.5._5aef4224fb2d1e795047ce58ecc7070b/node_modules/vite/dist/node/chunks/build.js:1057:79)\n' +
    '    at async Parser.fetchImport (file:///Users/aron/master/css/node_modules/.pnpm/vite@8.2.2_@types+node@24.13.3_esbuild@0.28.2_jiti@2.7.0_less@4.9.0_supports-color@5.5._5aef4224fb2d1e795047ce58ecc7070b/node_modules/vite/dist/node/chunks/build.js:252:21)\n' +
    '    at async Promise.all (index 0)\n' +
    '    at async OnceExit (file:///Users/aron/master/css/node_modules/.pnpm/vite@8.2.2_@types+node@24.13.3_esbuild@0.28.2_jiti@2.7.0_less@4.9.0_supports-color@5.5._5aef4224fb2d1e795047ce58ecc7070b/node_modules/vite/dist/node/chunks/build.js:217:6)\n' +
    '    at async LazyResult.runAsync (/Users/aron/master/css/node_modules/.pnpm/postcss@8.5.28/node_modules/postcss/lib/lazy-result.js:336:15)\n' +
    '    at async OnceExit (file:///Users/aron/master/css/node_modules/.pnpm/vite@8.2.2_@types+node@24.13.3_esbuild@0.28.2_jiti@2.7.0_less@4.9.0_supports-color@5.5._5aef4224fb2d1e795047ce58ecc7070b/node_modules/vite/dist/node/chunks/build.js:5458:5)\n' +
    '    at async LazyResult.runAsync (/Users/aron/master/css/node_modules/.pnpm/postcss@8.5.28/node_modules/postcss/lib/lazy-result.js:336:15)\n' +
    '    at async runPostCSS (file:///Users/aron/master/css/node_modules/.pnpm/vite@8.2.2_@types+node@24.13.3_esbuild@0.28.2_jiti@2.7.0_less@4.9.0_supports-color@5.5._5aef4224fb2d1e795047ce58ecc7070b/node_modules/vite/dist/node/chunks/node.js:23223:19)\n' +
    '    at async compilePostCSS (file:///Users/aron/master/css/node_modules/.pnpm/vite@8.2.2_@types+node@24.13.3_esbuild@0.28.2_jiti@2.7.0_less@4.9.0_supports-color@5.5._5aef4224fb2d1e795047ce58ecc7070b/node_modules/vite/dist/node/chunks/node.js:23207:6)\n' +
    '    at async compileCSS (file:///Users/aron/master/css/node_modules/.pnpm/vite@8.2.2_@types+node@24.13.3_esbuild@0.28.2_jiti@2.7.0_less@4.9.0_supports-color@5.5._5aef4224fb2d1e795047ce58ecc7070b/node_modules/vite/dist/node/chunks/node.js:23137:26)',
  expected: /(?:leaf|shared)\.module\.css/,
  operator: 'match',
  diff: 'simple'
}

Node.js v24.20.0
