{"phase":"watch-event","extension":"css","code":"START","time":1788959807535}
{"phase":"watch-event","extension":"css","code":"BUNDLE_START","time":1788959807535}
{"phase":"watch-event","extension":"css","code":"BUNDLE_END","time":1788959807569}
{"phase":"watch-event","extension":"css","code":"END","time":1788959807572}
{"managed":false,"mutation":"delete","nested":true,"recovery":false,"rootEdit":true,"extension":"css","index":0,"browser":"chromium","value":{"color":"rgb(255, 0, 0)","background":"rgb(0, 0, 255)","names":{"example":"_example_v7jxn_1 _shared_7371n_1 _leaf_e2ybf_1"}},"expected":"rgb(255, 0, 0)","missing":[],"errors":[],"result":"PASS"}
{"managed":false,"mutation":"delete","nested":true,"recovery":false,"rootEdit":true,"extension":"css","index":0,"browser":"firefox","value":{"color":"rgb(255, 0, 0)","background":"rgb(0, 0, 255)","names":{"example":"_example_v7jxn_1 _shared_7371n_1 _leaf_e2ybf_1"}},"expected":"rgb(255, 0, 0)","missing":[],"errors":[],"result":"PASS"}
{"managed":false,"mutation":"delete","nested":true,"recovery":false,"rootEdit":true,"extension":"css","index":0,"browser":"webkit","value":{"color":"rgb(255, 0, 0)","background":"rgb(0, 0, 255)","names":{"example":"_example_v7jxn_1 _shared_7371n_1 _leaf_e2ybf_1"}},"expected":"rgb(255, 0, 0)","missing":[],"errors":[],"result":"PASS"}
{"phase":"watch-event","extension":"css","code":"START","time":1788959809400}
{"phase":"watch-event","extension":"css","code":"BUNDLE_START","time":1788959809400}
{"phase":"watch-event","extension":"css","code":"BUNDLE_END","time":1788959809410}
{"phase":"watch-event","extension":"css","code":"END","time":1788959809410}
{"managed":false,"mutation":"delete","nested":true,"recovery":false,"rootEdit":true,"extension":"css","index":1,"browser":"chromium","value":{"color":"rgb(255, 0, 0)","background":"rgb(0, 0, 255)","names":{"example":"_example_v7jxn_1 _shared_7371n_1 _leaf_e2ybf_1"}},"expected":"rgb(255, 0, 0)","missing":[],"errors":[],"result":"PASS"}
{"managed":false,"mutation":"delete","nested":true,"recovery":false,"rootEdit":true,"extension":"css","index":1,"browser":"firefox","value":{"color":"rgb(255, 0, 0)","background":"rgb(0, 0, 255)","names":{"example":"_example_v7jxn_1 _shared_7371n_1 _leaf_e2ybf_1"}},"expected":"rgb(255, 0, 0)","missing":[],"errors":[],"result":"PASS"}
{"managed":false,"mutation":"delete","nested":true,"recovery":false,"rootEdit":true,"extension":"css","index":1,"browser":"webkit","value":{"color":"rgb(255, 0, 0)","background":"rgb(0, 0, 255)","names":{"example":"_example_v7jxn_1 _shared_7371n_1 _leaf_e2ybf_1"}},"expected":"rgb(255, 0, 0)","missing":[],"errors":[],"result":"PASS"}
{"phase":"watch-event","extension":"css","code":"START","time":1788959811323}
{"phase":"watch-event","extension":"css","code":"BUNDLE_START","time":1788959811324}
/Users/aron/master/css/node_modules/.pnpm/postcss@8.5.28/node_modules/postcss/lib/input.js:43
      throw new Error(`PostCSS received ${css} instead of CSS string`)
            ^

Error: PostCSS received undefined instead of CSS string
    at new Input (/Users/aron/master/css/node_modules/.pnpm/postcss@8.5.28/node_modules/postcss/lib/input.js:43:13)
    at parse (/Users/aron/master/css/node_modules/.pnpm/postcss@8.5.28/node_modules/postcss/lib/parse.js:8:15)
    at new LazyResult (/Users/aron/master/css/node_modules/.pnpm/postcss@8.5.28/node_modules/postcss/lib/lazy-result.js:171:16)
    at Processor.process (/Users/aron/master/css/node_modules/.pnpm/postcss@8.5.28/node_modules/postcss/lib/processor.js:53:14)
    at Core.load (file:///Users/aron/master/css/node_modules/.pnpm/vite@8.2.2_@types+node@24.13.3_esbuild@0.28.2_jiti@2.7.0_less@4.9.0_supports-color@5.5._5aef4224fb2d1e795047ce58ecc7070b/node_modules/vite/dist/node/chunks/build.js:1026:63)
    at ReadFileContext.callback (file:///Users/aron/master/css/node_modules/.pnpm/vite@8.2.2_@types+node@24.13.3_esbuild@0.28.2_jiti@2.7.0_less@4.9.0_supports-color@5.5._5aef4224fb2d1e795047ce58ecc7070b/node_modules/vite/dist/node/chunks/build.js:1069:65)
    at FSReqCallback.readFileAfterOpen [as oncomplete] (node:fs:301:13)

Node.js v24.20.0
