{"phase":"transform-before","id":"/private/var/folders/_b/768dhtz56ns54x1r867j67280000gn/T/master-dev-style-request-S5E5TZ/style.css","code":"@master entry;@preserve native;\n.example { color: red; background-color: blue; }"}
{"phase":"transform-after","id":"/private/var/folders/_b/768dhtz56ns54x1r867j67280000gn/T/master-dev-style-request-S5E5TZ/style.css","code":"import { updateStyle as __vite__updateStyle, removeStyle as __vite__removeStyle } from \"/@vite/client\"\nconst __vite__id = \"/private/var/folders/_b/768dhtz56ns54x1r867j67280000gn/T/master-dev-style-request-S5E5TZ/style.css\"\nconst __vite__css = \".example {\\n  color: red;\\n  background-color: #00f;\\n}\"\n__vite__updateStyle(__vite__id, __vite__css)\nimport.meta.hot.accept()\nimport.meta.hot.prune(() => __vite__removeStyle(__vite__id))"}
{"extension":"css","request":"normal","managed":true,"color":"red","browser":"chromium","expected":"rgb(255, 0, 0)","expectedBootID":0.7003112112000313,"correct":true,"value":{"before":{"color":"rgb(255, 0, 0)","background":"rgb(0, 0, 255)"},"payload":"normal","updates":0,"bootID":0.7003112112000313},"errors":[],"requests":[],"result":"PASS"}
{"extension":"css","request":"normal","managed":true,"color":"red","browser":"webkit","expected":"rgb(255, 0, 0)","expectedBootID":0.17132230543356175,"correct":true,"value":{"before":{"color":"rgb(255, 0, 0)","background":"rgb(0, 0, 255)"},"payload":"normal","updates":0,"bootID":0.17132230543356175},"errors":[],"requests":[],"result":"PASS"}
{"extension":"css","request":"normal","managed":true,"color":"red","browser":"firefox","expected":"rgb(255, 0, 0)","expectedBootID":0.6228588319557389,"correct":true,"value":{"before":{"color":"rgb(255, 0, 0)","background":"rgb(0, 0, 255)"},"payload":"normal","updates":0,"bootID":0.6228588319557389},"errors":[],"requests":[],"result":"PASS"}
{"phase":"hot-update","file":"/private/var/folders/_b/768dhtz56ns54x1r867j67280000gn/T/master-dev-style-request-S5E5TZ/style.css","modules":[]}
{"extension":"css","request":"normal","managed":true,"color":"green","browser":"chromium","expected":"rgb(0, 128, 0)","expectedBootID":0.7003112112000313,"correct":false,"value":{"before":{"color":"rgb(255, 0, 0)","background":"rgb(0, 0, 255)"},"payload":"normal","updates":0,"bootID":0.7003112112000313},"errors":[],"requests":[],"waitError":"page.waitForFunction: Timeout 7000ms exceeded.","result":"FAIL"}
{"extension":"css","request":"normal","managed":true,"color":"green","browser":"webkit","expected":"rgb(0, 128, 0)","expectedBootID":0.17132230543356175,"correct":false,"value":{"before":{"color":"rgb(255, 0, 0)","background":"rgb(0, 0, 255)"},"payload":"normal","updates":0,"bootID":0.17132230543356175},"errors":[],"requests":[],"waitError":"page.waitForFunction: Timeout 7000ms exceeded.","result":"FAIL"}
{"extension":"css","request":"normal","managed":true,"color":"green","browser":"firefox","expected":"rgb(0, 128, 0)","expectedBootID":0.6228588319557389,"correct":false,"value":{"before":{"color":"rgb(255, 0, 0)","background":"rgb(0, 0, 255)"},"payload":"normal","updates":0,"bootID":0.6228588319557389},"errors":[],"requests":[],"waitError":"page.waitForFunction: Timeout 7000ms exceeded.","result":"FAIL"}
{"comparisons":6,"failures":3}
node:internal/modules/run_main:107
    triggerUncaughtException(
    ^

AssertionError [ERR_ASSERTION]: Expected values to be strictly equal:

3 !== 0

    at file:///Users/aron/master/css/.ai/audits/bug-hunt/repros/vite-dev-style-requests.mjs:81:45
    at process.processTicksAndRejections (node:internal/process/task_queues:104:5) {
  generatedMessage: true,
  code: 'ERR_ASSERTION',
  actual: 3,
  expected: 0,
  operator: 'strictEqual',
  diff: 'simple'
}

Node.js v24.20.0
