$ tsdown --config ../../shared/tsdown-package.config.ts
ℹ tsdown v0.23.0 powered by rolldown v1.2.7
ℹ config file: /Users/aron/master/css/shared/tsdown-package.config.ts 
ℹ entry: src/emitted-globals-module.ts, src/index.ts, src/manifest-facade.ts, src/manifest-loader.ts, src/manifest-module.ts, src/manifest-virtual-module.ts, src/module.ts, src/node.ts, src/project.ts, src/runtime-bootstrap.ts, src/style-module.ts, src/workspace-directories.ts, src/workspace.ts
ℹ target: node24.0.0
ℹ tsconfig: tsconfig.prod.json
ℹ Build start
ℹ Cleaning 26 files
TypeScript 7.0 does not yet have a stable API and is experimental. Some options will be unavailable.
ℹ dist/node.js                       4.70 kB │ gzip: 1.26 kB
ℹ dist/manifest-facade.js            4.63 kB │ gzip: 1.25 kB
ℹ dist/workspace-directories.js      3.50 kB │ gzip: 1.06 kB
ℹ dist/workspace.js                  3.03 kB │ gzip: 1.05 kB
ℹ dist/manifest-virtual-module.js    2.93 kB │ gzip: 1.03 kB
ℹ dist/runtime-bootstrap.js          2.04 kB │ gzip: 0.66 kB
ℹ dist/index.js                      1.56 kB │ gzip: 0.41 kB
ℹ dist/module.js                     1.56 kB │ gzip: 0.41 kB
ℹ dist/manifest-module.js            1.30 kB │ gzip: 0.50 kB
ℹ dist/manifest-loader.js            1.17 kB │ gzip: 0.48 kB
ℹ dist/emitted-globals-module.js     0.73 kB │ gzip: 0.32 kB
ℹ dist/style-module.js               0.73 kB │ gzip: 0.39 kB
ℹ dist/project.js                    0.65 kB │ gzip: 0.33 kB
ℹ dist/manifest-virtual-module.d.ts  2.10 kB │ gzip: 0.67 kB
ℹ dist/node.d.ts                     2.07 kB │ gzip: 0.49 kB
ℹ dist/module.d.ts                   1.82 kB │ gzip: 0.45 kB
ℹ dist/index.d.ts                    1.69 kB │ gzip: 0.38 kB
ℹ dist/manifest-module.d.ts          1.55 kB │ gzip: 0.51 kB
ℹ dist/manifest-loader.d.ts          1.54 kB │ gzip: 0.44 kB
ℹ dist/manifest-facade.d.ts          1.22 kB │ gzip: 0.37 kB
ℹ dist/workspace.d.ts                1.01 kB │ gzip: 0.33 kB
ℹ dist/emitted-globals-module.d.ts   0.78 kB │ gzip: 0.32 kB
ℹ dist/project.d.ts                  0.48 kB │ gzip: 0.24 kB
ℹ dist/workspace-directories.d.ts    0.41 kB │ gzip: 0.18 kB
ℹ dist/runtime-bootstrap.d.ts        0.41 kB │ gzip: 0.21 kB
ℹ dist/style-module.d.ts             0.32 kB │ gzip: 0.19 kB
ℹ 26 files, total: 43.95 kB
✔ Build complete in 116ms
