{"phase":"watch-event","extension":"css","code":"START","revision":0,"time":1788963885229}
{"phase":"watch-event","extension":"css","code":"BUNDLE_START","revision":0,"time":1788963885229}
{"phase":"watch-event","extension":"css","code":"BUNDLE_END","revision":0,"time":1788963885452}
{"phase":"watch-event","extension":"css","code":"END","revision":0,"time":1788963885457}
{"managed":true,"revision":0,"delivery":"completed-build-snapshot","nested":true,"recovery":true,"rootEdit":false,"extension":"css","index":0,"browser":"chromium","value":{"color":"rgb(255, 0, 0)","background":"rgb(0, 0, 255)","names":{"example":"_example_5vqpk_1 _shared_7371n_1 _leaf_e2ybf_1"}},"expected":"rgb(255, 0, 0)","missing":[],"errors":[],"result":"PASS"}
{"managed":true,"revision":0,"delivery":"completed-build-snapshot","nested":true,"recovery":true,"rootEdit":false,"extension":"css","index":0,"browser":"firefox","value":{"color":"rgb(255, 0, 0)","background":"rgb(0, 0, 255)","names":{"example":"_example_5vqpk_1 _shared_7371n_1 _leaf_e2ybf_1"}},"expected":"rgb(255, 0, 0)","missing":[],"errors":[],"result":"PASS"}
{"managed":true,"revision":0,"delivery":"completed-build-snapshot","nested":true,"recovery":true,"rootEdit":false,"extension":"css","index":0,"browser":"webkit","value":{"color":"rgb(255, 0, 0)","background":"rgb(0, 0, 255)","names":{"example":"_example_5vqpk_1 _shared_7371n_1 _leaf_e2ybf_1"}},"expected":"rgb(255, 0, 0)","missing":[],"errors":[],"result":"PASS"}
{"phase":"watch-event","extension":"css","code":"START","revision":0,"time":1788963887803}
{"phase":"watch-event","extension":"css","code":"BUNDLE_START","revision":1,"time":1788963887803}
{"phase":"watch-event","extension":"css","code":"BUNDLE_END","revision":1,"time":1788963888094}
{"phase":"watch-event","extension":"css","code":"END","revision":1,"time":1788963888094}
{"managed":true,"revision":1,"delivery":"completed-build-snapshot","nested":true,"recovery":true,"rootEdit":false,"extension":"css","index":1,"browser":"chromium","value":{"color":"rgb(255, 0, 0)","background":"rgb(0, 0, 255)","names":{"example":"_example_5vqpk_1 _shared_7371n_1 _leaf_e2ybf_1"}},"expected":"rgb(255, 0, 0)","missing":[],"errors":[],"result":"PASS"}
{"managed":true,"revision":1,"delivery":"completed-build-snapshot","nested":true,"recovery":true,"rootEdit":false,"extension":"css","index":1,"browser":"firefox","value":{"color":"rgb(255, 0, 0)","background":"rgb(0, 0, 255)","names":{"example":"_example_5vqpk_1 _shared_7371n_1 _leaf_e2ybf_1"}},"expected":"rgb(255, 0, 0)","missing":[],"errors":[],"result":"PASS"}
{"managed":true,"revision":1,"delivery":"completed-build-snapshot","nested":true,"recovery":true,"rootEdit":false,"extension":"css","index":1,"browser":"webkit","value":{"color":"rgb(255, 0, 0)","background":"rgb(0, 0, 255)","names":{"example":"_example_5vqpk_1 _shared_7371n_1 _leaf_e2ybf_1"}},"expected":"rgb(255, 0, 0)","missing":[],"errors":[],"result":"PASS"}
{"phase":"watch-event","extension":"css","code":"START","revision":1,"time":1788963890080}
{"phase":"watch-event","extension":"css","code":"BUNDLE_START","revision":2,"time":1788963890081}
{"phase":"watch-event","extension":"css","code":"ERROR","revision":2,"time":1788963890348}
{"managed":true,"extension":"css","phase":"expected-error","diagnostics":[{"version":2,"code":"invalid-compose-class","domain":"compiler","severity":"error","message":"Invalid @compose class: unknown-watch-utility","source":"/private/var/folders/_b/768dhtz56ns54x1r867j67280000gn/T/master-css-modules-watch-f90bKq/style.module.css.master-css-sass.css","range":{"start":{"line":0,"character":26},"end":{"line":0,"character":47}},"notes":["Original CSS Modules location is unavailable; this range refers to preprocessed CSS."]}],"result":"PASS"}
{"phase":"watch-event","extension":"css","code":"END","revision":2,"time":1788963890348}
{"phase":"watch-event","extension":"css","code":"START","revision":2,"time":1788963890362}
{"phase":"watch-event","extension":"css","code":"BUNDLE_START","revision":3,"time":1788963890362}
{"phase":"watch-event","extension":"css","code":"BUNDLE_END","revision":3,"time":1788963890650}
{"phase":"watch-event","extension":"css","code":"END","revision":3,"time":1788963890650}
{"managed":true,"revision":3,"delivery":"completed-build-snapshot","nested":true,"recovery":true,"rootEdit":false,"extension":"css","index":2,"browser":"chromium","value":{"color":"rgb(0, 128, 0)","background":"rgb(0, 0, 255)","names":{"example":"_example_5vqpk_1 _shared_7371n_1 _leaf_cqufx_1"}},"expected":"rgb(0, 128, 0)","missing":[],"errors":[],"result":"PASS"}
{"managed":true,"revision":3,"delivery":"completed-build-snapshot","nested":true,"recovery":true,"rootEdit":false,"extension":"css","index":2,"browser":"firefox","value":{"color":"rgb(0, 128, 0)","background":"rgb(0, 0, 255)","names":{"example":"_example_5vqpk_1 _shared_7371n_1 _leaf_cqufx_1"}},"expected":"rgb(0, 128, 0)","missing":[],"errors":[],"result":"PASS"}
{"managed":true,"revision":3,"delivery":"completed-build-snapshot","nested":true,"recovery":true,"rootEdit":false,"extension":"css","index":2,"browser":"webkit","value":{"color":"rgb(0, 128, 0)","background":"rgb(0, 0, 255)","names":{"example":"_example_5vqpk_1 _shared_7371n_1 _leaf_cqufx_1"}},"expected":"rgb(0, 128, 0)","missing":[],"errors":[],"result":"PASS"}
{"phase":"watch-event","extension":"scss","code":"START","revision":0,"time":1788963892693}
{"phase":"watch-event","extension":"scss","code":"BUNDLE_START","revision":0,"time":1788963892693}
{"phase":"watch-event","extension":"scss","code":"BUNDLE_END","revision":0,"time":1788963892986}
{"phase":"watch-event","extension":"scss","code":"END","revision":0,"time":1788963892987}
{"managed":true,"revision":0,"delivery":"completed-build-snapshot","nested":true,"recovery":true,"rootEdit":false,"extension":"scss","index":0,"browser":"chromium","value":{"color":"rgb(255, 0, 0)","background":"rgb(0, 0, 255)","names":{"example":"_example_wqh4z_2 _shared_7371n_1 _leaf_e2ybf_1"}},"expected":"rgb(255, 0, 0)","missing":[],"errors":[],"result":"PASS"}
{"managed":true,"revision":0,"delivery":"completed-build-snapshot","nested":true,"recovery":true,"rootEdit":false,"extension":"scss","index":0,"browser":"firefox","value":{"color":"rgb(255, 0, 0)","background":"rgb(0, 0, 255)","names":{"example":"_example_wqh4z_2 _shared_7371n_1 _leaf_e2ybf_1"}},"expected":"rgb(255, 0, 0)","missing":[],"errors":[],"result":"PASS"}
{"managed":true,"revision":0,"delivery":"completed-build-snapshot","nested":true,"recovery":true,"rootEdit":false,"extension":"scss","index":0,"browser":"webkit","value":{"color":"rgb(255, 0, 0)","background":"rgb(0, 0, 255)","names":{"example":"_example_wqh4z_2 _shared_7371n_1 _leaf_e2ybf_1"}},"expected":"rgb(255, 0, 0)","missing":[],"errors":[],"result":"PASS"}
{"phase":"watch-event","extension":"scss","code":"START","revision":0,"time":1788963894911}
{"phase":"watch-event","extension":"scss","code":"BUNDLE_START","revision":1,"time":1788963894911}
{"phase":"watch-event","extension":"scss","code":"BUNDLE_END","revision":1,"time":1788963895204}
{"phase":"watch-event","extension":"scss","code":"END","revision":1,"time":1788963895205}
{"managed":true,"revision":1,"delivery":"completed-build-snapshot","nested":true,"recovery":true,"rootEdit":false,"extension":"scss","index":1,"browser":"chromium","value":{"color":"rgb(255, 0, 0)","background":"rgb(0, 0, 255)","names":{"example":"_example_wqh4z_2 _shared_7371n_1 _leaf_e2ybf_1"}},"expected":"rgb(255, 0, 0)","missing":[],"errors":[],"result":"PASS"}
{"managed":true,"revision":1,"delivery":"completed-build-snapshot","nested":true,"recovery":true,"rootEdit":false,"extension":"scss","index":1,"browser":"firefox","value":{"color":"rgb(255, 0, 0)","background":"rgb(0, 0, 255)","names":{"example":"_example_wqh4z_2 _shared_7371n_1 _leaf_e2ybf_1"}},"expected":"rgb(255, 0, 0)","missing":[],"errors":[],"result":"PASS"}
{"managed":true,"revision":1,"delivery":"completed-build-snapshot","nested":true,"recovery":true,"rootEdit":false,"extension":"scss","index":1,"browser":"webkit","value":{"color":"rgb(255, 0, 0)","background":"rgb(0, 0, 255)","names":{"example":"_example_wqh4z_2 _shared_7371n_1 _leaf_e2ybf_1"}},"expected":"rgb(255, 0, 0)","missing":[],"errors":[],"result":"PASS"}
{"phase":"watch-event","extension":"scss","code":"START","revision":1,"time":1788963897142}
{"phase":"watch-event","extension":"scss","code":"BUNDLE_START","revision":2,"time":1788963897142}
{"phase":"watch-event","extension":"scss","code":"ERROR","revision":2,"time":1788963897414}
{"managed":true,"extension":"scss","phase":"expected-error","diagnostics":[{"version":2,"code":"invalid-compose-class","domain":"compiler","severity":"error","message":"Invalid @compose class: unknown-watch-utility","source":"/private/var/folders/_b/768dhtz56ns54x1r867j67280000gn/T/master-css-modules-watch-OcFxAk/style.module.scss.master-css-sass.css","range":{"start":{"line":0,"character":26},"end":{"line":0,"character":47}},"notes":["Original Sass location is unavailable; this range refers to preprocessed CSS."]}],"result":"PASS"}
{"phase":"watch-event","extension":"scss","code":"END","revision":2,"time":1788963897414}
{"phase":"watch-event","extension":"scss","code":"START","revision":2,"time":1788963897427}
{"phase":"watch-event","extension":"scss","code":"BUNDLE_START","revision":3,"time":1788963897427}
{"phase":"watch-event","extension":"scss","code":"BUNDLE_END","revision":3,"time":1788963897717}
{"phase":"watch-event","extension":"scss","code":"END","revision":3,"time":1788963897717}
{"managed":true,"revision":3,"delivery":"completed-build-snapshot","nested":true,"recovery":true,"rootEdit":false,"extension":"scss","index":2,"browser":"chromium","value":{"color":"rgb(0, 128, 0)","background":"rgb(0, 0, 255)","names":{"example":"_example_wqh4z_2 _shared_7371n_1 _leaf_cqufx_1"}},"expected":"rgb(0, 128, 0)","missing":[],"errors":[],"result":"PASS"}
{"managed":true,"revision":3,"delivery":"completed-build-snapshot","nested":true,"recovery":true,"rootEdit":false,"extension":"scss","index":2,"browser":"firefox","value":{"color":"rgb(0, 128, 0)","background":"rgb(0, 0, 255)","names":{"example":"_example_wqh4z_2 _shared_7371n_1 _leaf_cqufx_1"}},"expected":"rgb(0, 128, 0)","missing":[],"errors":[],"result":"PASS"}
{"managed":true,"revision":3,"delivery":"completed-build-snapshot","nested":true,"recovery":true,"rootEdit":false,"extension":"scss","index":2,"browser":"webkit","value":{"color":"rgb(0, 128, 0)","background":"rgb(0, 0, 255)","names":{"example":"_example_wqh4z_2 _shared_7371n_1 _leaf_cqufx_1"}},"expected":"rgb(0, 128, 0)","missing":[],"errors":[],"result":"PASS"}
{"builds":6,"comparisons":18,"failures":0}
