$ vitest --run tests/plugins/bug-hunt-sass-environment.test.ts
(!) Your Vite config uses features that are unsupported by `configLoader: 'native'`, which is planned to become the default in a future major version of Vite:
  - import "../../shared/vitest.config" without a file extension (vitest.config.ts:2:20). Add the file extension
  - import "./vitest-ci-config" without a file extension (../../shared/vitest.config.ts:2:58). Add the file extension
Set `VITE_CONFIG_NATIVE_IGNORE_WARNING=true` to suppress this warning.

 RUN  v5.0.0 /Users/aron/master/css/packages/vite

stdout | tests/plugins/bug-hunt-sass-environment.test.ts > BH-0004 server restart discards stylesheet URLs served by the previous server
MODULES [
  {
    id: '/private/var/folders/_b/768dhtz56ns54x1r867j67280000gn/T/master-sass-restart-xUlDlO/style.scss.master-css-sass.css?direct',
    file: '/private/var/folders/_b/768dhtz56ns54x1r867j67280000gn/T/master-sass-restart-xUlDlO/style.scss.master-css-sass.css',
    url: '/new.scss.css?direct'
  }
]

stdout | tests/plugins/bug-hunt-sass-environment.test.ts > BH-0004 server restart discards stylesheet URLs served by the previous server
GRAPH ModuleNode {
  _moduleGraph: ModuleGraph {
    _moduleGraphs: { client: [Function: client], ssr: [Function: ssr] },
    urlToModuleMap: {
      get: [Function: get],
      set: [Function: set],
      keys: [Function: keys],
      values: [Function: values],
      entries: [Function: entries],
      size: [Getter],
      forEach: [Function: forEach],
      Symbol(Symbol.iterator): [Function: [Symbol.iterator]]
    },
    idToModuleMap: {
      get: [Function: get],
      set: [Function: set],
      keys: [Function: keys],
      values: [Function: values],
      entries: [Function: entries],
      size: [Getter],
      forEach: [Function: forEach],
      Symbol(Symbol.iterator): [Function: [Symbol.iterator]]
    },
    etagToModuleMap: {
      get: [Function: get],
      set: [Function: set],
      keys: [Function: keys],
      values: [Function: values],
      entries: [Function: entries],
      size: [Getter],
      forEach: [Function: forEach],
      Symbol(Symbol.iterator): [Function: [Symbol.iterator]]
    },
    fileToModulesMap: {
      get: [Function: get],
      keys: [Function: keys],
      values: [Function: values],
      entries: [Function: entries],
      size: [Getter],
      forEach: [Function: forEach],
      Symbol(Symbol.iterator): [Function: [Symbol.iterator]]
    },
    moduleNodeCache: DualWeakMap { map: [WeakMap], undefinedKey: {} }
  },
  _clientModule: EnvironmentModuleNode {
    environment: 'client',
    url: '/new.scss.css?direct',
    id: '/private/var/folders/_b/768dhtz56ns54x1r867j67280000gn/T/master-sass-restart-xUlDlO/style.scss.master-css-sass.css?direct',
    file: '/private/var/folders/_b/768dhtz56ns54x1r867j67280000gn/T/master-sass-restart-xUlDlO/style.scss.master-css-sass.css',
    type: 'css',
    info: undefined,
    meta: undefined,
    importers: Set(0) {},
    importedModules: Set(1) { [EnvironmentModuleNode] },
    acceptedHmrDeps: Set(0) {},
    acceptedHmrExports: null,
    importedBindings: null,
    isSelfAccepting: true,
    transformResult: {
      code: '.example {\n  color: red;\n}',
      map: [Object],
      etag: 'W/"1a-PMZYcZ2aE8UqXwkH41WI/h4Ydqg"'
    },
    ssrModule: null,
    ssrError: null,
    lastHMRTimestamp: 0,
    lastHMRInvalidationReceived: false,
    lastInvalidationTimestamp: 0,
    invalidationState: undefined,
    staticImportedUrls: undefined
  },
  _ssrModule: undefined
}

stdout | tests/plugins/bug-hunt-sass-environment.test.ts > BH-0004 server restart discards stylesheet URLs served by the previous server
WATCH change /private/var/folders/_b/768dhtz56ns54x1r867j67280000gn/T/master-sass-restart-xUlDlO/style.scss

 ❯ tests/plugins/bug-hunt-sass-environment.test.ts (2 tests | 1 failed) 1485ms
   × BH-0004 server restart discards stylesheet URLs served by the previous server 615ms

⎯⎯⎯⎯⎯⎯⎯ Failed Tests 1 ⎯⎯⎯⎯⎯⎯⎯

 FAIL  tests/plugins/bug-hunt-sass-environment.test.ts > BH-0004 server restart discards stylesheet URLs served by the previous server
AssertionError: expected "send" to not be called with arguments: [ ObjectContaining{…} ]

Received:

  1st send call:

  [
-   ObjectContaining {
+   {
      "type": "update",
-     "updates": ArrayContaining [
-       ObjectContaining {
+     "updates": [
+       {
+         "acceptedPath": "/old.scss",
          "path": "/old.scss",
+         "timestamp": 1788964555154,
+         "type": "css-update",
+       },
+       {
+         "acceptedPath": "/new.scss",
+         "path": "/new.scss",
+         "timestamp": 1788964555154,
+         "type": "css-update",
        },
      ],
    },
  ]

  2nd send call:

  [
-   ObjectContaining {
+   {
      "type": "update",
-     "updates": ArrayContaining [
-       ObjectContaining {
-         "path": "/old.scss",
+     "updates": [
+       {
+         "acceptedPath": "/new.scss.css?direct",
+         "explicitImportRequired": false,
+         "firstInvalidatedBy": undefined,
+         "isWithinCircularImport": false,
+         "path": "/new.scss.css?direct",
+         "timestamp": 1788964555154,
+         "type": "css-update",
        },
      ],
    },
  ]


Number of calls: 2

 ❯ tests/plugins/bug-hunt-sass-environment.test.ts:67:22
     65|       { type: 'css-update', path: '/new.scss', acceptedPath: '/new.scs…
     66|     ]) }))
     67|     expect(send).not.toHaveBeenCalledWith(expect.objectContaining({ ty…
       |                      ^
     68|   } finally { await server?.close();rmSync(root, { recursive: true, fo…
     69| })

⎯⎯⎯⎯⎯⎯⎯⎯⎯⎯⎯⎯⎯⎯⎯⎯⎯⎯⎯⎯⎯⎯⎯⎯[1/1]⎯


 Test Files  1 failed (1)
      Tests  1 failed | 1 passed (2)
   Start at  22:35:53
   Duration  1.97s (tests 78%, transform 14%, import 8%)

[ELIFECYCLE] Test failed. See above for more details.
Error: ERR_PNPM_RECURSIVE_RUN_FIRST_FAIL

  × "pnpm recursive run" failed in /Users/aron/master/css/packages/vite

