{"managed":false,"host":"edited","phase":"initial","browser":"chromium","expected":"rgb(255, 0, 0)","value":{"color":"rgb(255, 0, 0)","bootID":0.27969675457374377,"href":"/old.scss"},"errors":[],"result":"PASS"}
{"managed":false,"host":"edited","phase":"initial","browser":"webkit","expected":"rgb(255, 0, 0)","value":{"color":"rgb(255, 0, 0)","bootID":0.4602076643239381,"href":"/old.scss"},"errors":[],"result":"PASS"}
{"managed":false,"host":"edited","phase":"initial","browser":"firefox","expected":"rgb(255, 0, 0)","value":{"color":"rgb(255, 0, 0)","bootID":0.4869702537026164,"href":"/old.scss"},"errors":[],"result":"PASS"}
{"kind":"ssr","managed":false,"host":"edited","phase":"initial","expectedName":"red","css":".example {\n  color: red;\n}","serverCSS":[],"staleURL":false,"result":"PASS"}
{"managed":false,"host":"independent","phase":"initial","browser":"chromium","expected":"rgb(128, 0, 128)","value":{"color":"rgb(128, 0, 128)","bootID":0.3991517562938087,"href":"/old.scss"},"errors":[],"result":"PASS"}
{"managed":false,"host":"independent","phase":"initial","browser":"webkit","expected":"rgb(128, 0, 128)","value":{"color":"rgb(128, 0, 128)","bootID":0.7611836509490002,"href":"/old.scss"},"errors":[],"result":"PASS"}
{"managed":false,"host":"independent","phase":"initial","browser":"firefox","expected":"rgb(128, 0, 128)","value":{"color":"rgb(128, 0, 128)","bootID":0.8856731093399757,"href":"/old.scss"},"errors":[],"result":"PASS"}
{"kind":"ssr","managed":false,"host":"independent","phase":"initial","expectedName":"purple","css":".example {\n  color: purple;\n}","serverCSS":[],"staleURL":false,"result":"PASS"}
{"managed":false,"host":"edited","phase":"partial-update","browser":"webkit","expected":"rgb(0, 128, 0)","value":{"color":"rgb(0, 128, 0)","bootID":0.4602076643239381,"href":"http://127.0.0.1:58612/old.scss?t=1788964766537"},"errors":[],"result":"PASS"}
{"managed":false,"host":"edited","phase":"partial-update","browser":"firefox","expected":"rgb(0, 128, 0)","value":{"color":"rgb(0, 128, 0)","bootID":0.4869702537026164,"href":"http://127.0.0.1:58612/old.scss?t=1788964766537"},"errors":[],"result":"PASS"}
{"managed":false,"host":"edited","phase":"partial-update","browser":"chromium","expected":"rgb(0, 128, 0)","value":{"color":"rgb(0, 128, 0)","bootID":0.27969675457374377,"href":"http://127.0.0.1:58612/old.scss?t=1788964766537"},"errors":[],"result":"PASS"}
{"kind":"ssr","managed":false,"host":"edited","phase":"partial-update","expectedName":"green","css":".example {\n  color: green;\n}","serverCSS":[],"staleURL":false,"result":"PASS"}
{"managed":false,"host":"independent","phase":"partial-update","browser":"chromium","expected":"rgb(128, 0, 128)","value":{"color":"rgb(128, 0, 128)","bootID":0.3991517562938087,"href":"/old.scss"},"errors":[],"result":"PASS"}
{"managed":false,"host":"independent","phase":"partial-update","browser":"webkit","expected":"rgb(128, 0, 128)","value":{"color":"rgb(128, 0, 128)","bootID":0.7611836509490002,"href":"/old.scss"},"errors":[],"result":"PASS"}
{"managed":false,"host":"independent","phase":"partial-update","browser":"firefox","expected":"rgb(128, 0, 128)","value":{"color":"rgb(128, 0, 128)","bootID":0.8856731093399757,"href":"/old.scss"},"errors":[],"result":"PASS"}
{"kind":"ssr","managed":false,"host":"independent","phase":"partial-update","expectedName":"purple","css":".example {\n  color: purple;\n}","serverCSS":[],"staleURL":false,"result":"PASS"}
{"managed":false,"host":"edited","phase":"restart","browser":"chromium","expected":"rgb(0, 128, 0)","value":{"color":"rgb(0, 128, 0)","bootID":0.642849169526563,"href":"/new.scss"},"errors":[],"result":"PASS"}
{"managed":false,"host":"edited","phase":"restart","browser":"webkit","expected":"rgb(0, 128, 0)","value":{"color":"rgb(0, 128, 0)","bootID":0.21743844258081235,"href":"/new.scss"},"errors":[],"result":"PASS"}
{"managed":false,"host":"edited","phase":"restart","browser":"firefox","expected":"rgb(0, 128, 0)","value":{"color":"rgb(0, 128, 0)","bootID":0.8673785879687353,"href":"/new.scss"},"errors":[],"result":"PASS"}
{"kind":"ssr","managed":false,"host":"edited","phase":"restart","expectedName":"green","css":".example {\n  color: green;\n}","serverCSS":[],"staleURL":false,"result":"PASS"}
{"managed":false,"host":"independent","phase":"restart","browser":"chromium","expected":"rgb(128, 0, 128)","value":{"color":"rgb(128, 0, 128)","bootID":0.3991517562938087,"href":"/old.scss"},"errors":[],"result":"PASS"}
{"managed":false,"host":"independent","phase":"restart","browser":"webkit","expected":"rgb(128, 0, 128)","value":{"color":"rgb(128, 0, 128)","bootID":0.7611836509490002,"href":"/old.scss"},"errors":[],"result":"PASS"}
{"managed":false,"host":"independent","phase":"restart","browser":"firefox","expected":"rgb(128, 0, 128)","value":{"color":"rgb(128, 0, 128)","bootID":0.8856731093399757,"href":"/old.scss"},"errors":[],"result":"PASS"}
{"kind":"ssr","managed":false,"host":"independent","phase":"restart","expectedName":"purple","css":".example {\n  color: purple;\n}","serverCSS":[],"staleURL":false,"result":"PASS"}
{"managed":false,"host":"edited","phase":"after-restart-update","browser":"chromium","expected":"rgb(0, 0, 255)","value":{"color":"rgb(0, 0, 255)","bootID":0.8325609546793395,"href":"http://127.0.0.1:58612/new.scss?t=1788964766798"},"errors":[],"result":"FAIL"}
{"managed":false,"host":"edited","phase":"after-restart-update","browser":"webkit","expected":"rgb(0, 0, 255)","value":{"color":"rgb(0, 0, 255)","bootID":0.06908851928496351,"href":"http://127.0.0.1:58612/new.scss?t=1788964766798"},"errors":[],"result":"FAIL"}
{"managed":false,"host":"edited","phase":"after-restart-update","browser":"firefox","expected":"rgb(0, 0, 255)","value":{"color":"rgb(0, 128, 0)","bootID":0.8673785879687353,"href":"/new.scss"},"errors":[],"error":"TimeoutError: page.waitForFunction: Timeout 7000ms exceeded.","result":"FAIL"}
{"kind":"ssr","managed":false,"host":"edited","phase":"after-restart-update","expectedName":"blue","css":".example {\n  color: blue;\n}","serverCSS":[],"staleURL":false,"result":"PASS"}
{"managed":false,"host":"independent","phase":"after-restart-update","browser":"chromium","expected":"rgb(128, 0, 128)","value":{"color":"rgb(128, 0, 128)","bootID":0.3991517562938087,"href":"/old.scss"},"errors":[],"result":"PASS"}
{"managed":false,"host":"independent","phase":"after-restart-update","browser":"webkit","expected":"rgb(128, 0, 128)","value":{"color":"rgb(128, 0, 128)","bootID":0.7611836509490002,"href":"/old.scss"},"errors":[],"result":"PASS"}
{"managed":false,"host":"independent","phase":"after-restart-update","browser":"firefox","expected":"rgb(128, 0, 128)","value":{"color":"rgb(128, 0, 128)","bootID":0.8856731093399757,"href":"/old.scss"},"errors":[],"result":"PASS"}
{"kind":"ssr","managed":false,"host":"independent","phase":"after-restart-update","expectedName":"purple","css":".example {\n  color: purple;\n}","serverCSS":[],"staleURL":false,"result":"PASS"}
{"managed":true,"host":"edited","phase":"initial","browser":"chromium","expected":"rgb(255, 0, 0)","value":{"color":"rgb(255, 0, 0)","bootID":0.32691014058719803,"href":"/old.scss"},"errors":[],"result":"PASS"}
{"managed":true,"host":"edited","phase":"initial","browser":"webkit","expected":"rgb(255, 0, 0)","value":{"color":"rgb(255, 0, 0)","bootID":0.3567618576422734,"href":"/old.scss"},"errors":[],"result":"PASS"}
{"managed":true,"host":"edited","phase":"initial","browser":"firefox","expected":"rgb(255, 0, 0)","value":{"color":"rgb(255, 0, 0)","bootID":0.027026636119039882,"href":"/old.scss"},"errors":[],"result":"PASS"}
{"kind":"ssr","managed":true,"host":"edited","phase":"initial","expectedName":"red","css":".example {\n  color: red;\n}","serverCSS":[],"staleURL":false,"result":"PASS"}
{"managed":true,"host":"independent","phase":"initial","browser":"chromium","expected":"rgb(128, 0, 128)","value":{"color":"rgb(128, 0, 128)","bootID":0.45059308032142176,"href":"/old.scss"},"errors":[],"result":"PASS"}
{"managed":true,"host":"independent","phase":"initial","browser":"webkit","expected":"rgb(128, 0, 128)","value":{"color":"rgb(128, 0, 128)","bootID":0.517072802749851,"href":"/old.scss"},"errors":[],"result":"PASS"}
{"managed":true,"host":"independent","phase":"initial","browser":"firefox","expected":"rgb(128, 0, 128)","value":{"color":"rgb(128, 0, 128)","bootID":0.2739987695666104,"href":"/old.scss"},"errors":[],"result":"PASS"}
{"kind":"ssr","managed":true,"host":"independent","phase":"initial","expectedName":"purple","css":".example {\n  color: purple;\n}","serverCSS":[],"staleURL":false,"result":"PASS"}
{"managed":true,"host":"edited","phase":"partial-update","browser":"webkit","expected":"rgb(0, 128, 0)","value":{"color":"rgb(0, 128, 0)","bootID":0.3567618576422734,"href":"http://127.0.0.1:58681/old.scss?t=1788964778459"},"errors":[],"result":"PASS"}
{"managed":true,"host":"edited","phase":"partial-update","browser":"firefox","expected":"rgb(0, 128, 0)","value":{"color":"rgb(0, 128, 0)","bootID":0.027026636119039882,"href":"http://127.0.0.1:58681/old.scss?t=1788964778459"},"errors":[],"result":"PASS"}
{"managed":true,"host":"edited","phase":"partial-update","browser":"chromium","expected":"rgb(0, 128, 0)","value":{"color":"rgb(0, 128, 0)","bootID":0.32691014058719803,"href":"http://127.0.0.1:58681/old.scss?t=1788964778459"},"errors":[],"result":"PASS"}
{"kind":"ssr","managed":true,"host":"edited","phase":"partial-update","expectedName":"green","css":".example {\n  color: green;\n}","serverCSS":[],"staleURL":false,"result":"PASS"}
{"managed":true,"host":"independent","phase":"partial-update","browser":"chromium","expected":"rgb(128, 0, 128)","value":{"color":"rgb(128, 0, 128)","bootID":0.45059308032142176,"href":"/old.scss"},"errors":[],"result":"PASS"}
{"managed":true,"host":"independent","phase":"partial-update","browser":"webkit","expected":"rgb(128, 0, 128)","value":{"color":"rgb(128, 0, 128)","bootID":0.517072802749851,"href":"/old.scss"},"errors":[],"result":"PASS"}
{"managed":true,"host":"independent","phase":"partial-update","browser":"firefox","expected":"rgb(128, 0, 128)","value":{"color":"rgb(128, 0, 128)","bootID":0.2739987695666104,"href":"/old.scss"},"errors":[],"result":"PASS"}
{"kind":"ssr","managed":true,"host":"independent","phase":"partial-update","expectedName":"purple","css":".example {\n  color: purple;\n}","serverCSS":[],"staleURL":false,"result":"PASS"}
{"managed":true,"host":"edited","phase":"restart","browser":"chromium","expected":"rgb(0, 128, 0)","value":{"color":"rgb(0, 128, 0)","bootID":0.7374066581785778,"href":"/new.scss"},"errors":[],"result":"PASS"}
{"managed":true,"host":"edited","phase":"restart","browser":"webkit","expected":"rgb(0, 128, 0)","value":{"color":"rgb(0, 128, 0)","bootID":0.07536785756581177,"href":"/new.scss"},"errors":[],"result":"PASS"}
{"managed":true,"host":"edited","phase":"restart","browser":"firefox","expected":"rgb(0, 128, 0)","value":{"color":"rgb(0, 128, 0)","bootID":0.6500927536920917,"href":"/new.scss"},"errors":[],"result":"PASS"}
{"kind":"ssr","managed":true,"host":"edited","phase":"restart","expectedName":"green","css":".example {\n  color: green;\n}","serverCSS":[],"staleURL":false,"result":"PASS"}
{"managed":true,"host":"independent","phase":"restart","browser":"chromium","expected":"rgb(128, 0, 128)","value":{"color":"rgb(128, 0, 128)","bootID":0.45059308032142176,"href":"/old.scss"},"errors":[],"result":"PASS"}
{"managed":true,"host":"independent","phase":"restart","browser":"webkit","expected":"rgb(128, 0, 128)","value":{"color":"rgb(128, 0, 128)","bootID":0.517072802749851,"href":"/old.scss"},"errors":[],"result":"PASS"}
{"managed":true,"host":"independent","phase":"restart","browser":"firefox","expected":"rgb(128, 0, 128)","value":{"color":"rgb(128, 0, 128)","bootID":0.2739987695666104,"href":"/old.scss"},"errors":[],"result":"PASS"}
{"kind":"ssr","managed":true,"host":"independent","phase":"restart","expectedName":"purple","css":".example {\n  color: purple;\n}","serverCSS":[],"staleURL":false,"result":"PASS"}
{"managed":true,"host":"edited","phase":"after-restart-update","browser":"webkit","expected":"rgb(0, 0, 255)","value":{"color":"rgb(0, 0, 255)","bootID":0.07536785756581177,"href":"http://127.0.0.1:58681/new.scss?t=1788964779321"},"errors":[],"result":"PASS"}
{"managed":true,"host":"edited","phase":"after-restart-update","browser":"chromium","expected":"rgb(0, 0, 255)","value":{"color":"rgb(0, 0, 255)","bootID":0.7374066581785778,"href":"http://127.0.0.1:58681/new.scss?t=1788964779321"},"errors":[],"result":"PASS"}
{"managed":true,"host":"edited","phase":"after-restart-update","browser":"firefox","expected":"rgb(0, 0, 255)","value":{"color":"rgb(0, 0, 255)","bootID":0.6500927536920917,"href":"http://127.0.0.1:58681/new.scss?t=1788964779321"},"errors":[],"result":"PASS"}
{"kind":"ssr","managed":true,"host":"edited","phase":"after-restart-update","expectedName":"blue","css":".example {\n  color: #00f;\n}","serverCSS":[],"staleURL":false,"result":"FAIL"}
{"managed":true,"host":"independent","phase":"after-restart-update","browser":"chromium","expected":"rgb(128, 0, 128)","value":{"color":"rgb(128, 0, 128)","bootID":0.45059308032142176,"href":"/old.scss"},"errors":[],"result":"PASS"}
{"managed":true,"host":"independent","phase":"after-restart-update","browser":"webkit","expected":"rgb(128, 0, 128)","value":{"color":"rgb(128, 0, 128)","bootID":0.517072802749851,"href":"/old.scss"},"errors":[],"result":"PASS"}
{"managed":true,"host":"independent","phase":"after-restart-update","browser":"firefox","expected":"rgb(128, 0, 128)","value":{"color":"rgb(128, 0, 128)","bootID":0.2739987695666104,"href":"/old.scss"},"errors":[],"result":"PASS"}
{"kind":"ssr","managed":true,"host":"independent","phase":"after-restart-update","expectedName":"purple","css":".example {\n  color: purple;\n}","serverCSS":[],"staleURL":false,"result":"PASS"}
{"browserComparisons":48,"browserFailures":3,"ssrComparisons":16,"ssrFailures":1}
node:internal/modules/run_main:107
    triggerUncaughtException(
    ^

AssertionError [ERR_ASSERTION]: Expected values to be strictly equal:

4 !== 0

    at file:///Users/aron/master/css/.ai/audits/bug-hunt/repros/vite-sass-environments.mjs:81:45
    at process.processTicksAndRejections (node:internal/process/task_queues:104:5) {
  generatedMessage: true,
  code: 'ERR_ASSERTION',
  actual: 4,
  expected: 0,
  operator: 'strictEqual',
  diff: 'simple'
}

Node.js v24.20.0
