$ vitest --run tests/plugins/bug-hunt-sass-environment.test.ts tests/modes/scanner.test.ts tests/plugins/style-entry-hmr.test.ts
(!) Your Vite config uses features that are unsupported by `configLoader: 'native'`, which is planned to become the default in a future major version of Vite:
  - import "../../shared/vitest.config" without a file extension (vitest.config.ts:2:20). Add the file extension
  - import "./vitest-ci-config" without a file extension (../../shared/vitest.config.ts:2:58). Add the file extension
Set `VITE_CONFIG_NATIVE_IGNORE_WARNING=true` to suppress this warning.

 RUN  v5.0.0 /Users/aron/master/css/packages/vite

 ❯ tests/plugins/bug-hunt-sass-environment.test.ts (2 tests | 1 failed) 1420ms
   × BH-0004 server restart discards stylesheet URLs served by the previous server 608ms

⎯⎯⎯⎯⎯⎯⎯ Failed Tests 1 ⎯⎯⎯⎯⎯⎯⎯

 FAIL  tests/plugins/bug-hunt-sass-environment.test.ts > BH-0004 server restart discards stylesheet URLs served by the previous server
AssertionError: expected "send" to not be called with arguments: [ ObjectContaining{…} ]

Received:

  1st send call:

  [
-   ObjectContaining {
+   {
      "type": "update",
-     "updates": ArrayContaining [
-       ObjectContaining {
+     "updates": [
+       {
+         "acceptedPath": "/old.scss",
          "path": "/old.scss",
+         "timestamp": 1788964605578,
+         "type": "css-update",
+       },
+       {
+         "acceptedPath": "/new.scss",
+         "path": "/new.scss",
+         "timestamp": 1788964605578,
+         "type": "css-update",
        },
      ],
    },
  ]

  2nd send call:

  [
-   ObjectContaining {
+   {
      "type": "update",
-     "updates": ArrayContaining [
-       ObjectContaining {
-         "path": "/old.scss",
+     "updates": [
+       {
+         "acceptedPath": "/new.scss.css?direct",
+         "explicitImportRequired": false,
+         "firstInvalidatedBy": undefined,
+         "isWithinCircularImport": false,
+         "path": "/new.scss.css?direct",
+         "timestamp": 1788964605578,
+         "type": "css-update",
        },
      ],
    },
  ]


Number of calls: 2

 ❯ tests/plugins/bug-hunt-sass-environment.test.ts:67:22
     65|       { type: 'css-update', path: '/new.scss', acceptedPath: '/new.scs…
     66|     ]) }))
     67|     expect(send).not.toHaveBeenCalledWith(expect.objectContaining({ ty…
       |                      ^
     68|   } finally { await server?.close();rmSync(root, { recursive: true, fo…
     69| })

⎯⎯⎯⎯⎯⎯⎯⎯⎯⎯⎯⎯⎯⎯⎯⎯⎯⎯⎯⎯⎯⎯⎯⎯[1/1]⎯


 Test Files  1 failed | 2 passed (3)
      Tests  1 failed | 16 passed (17)
   Start at  22:36:43
   Duration  1.86s (tests 72%, transform 17%, import 11%)

[ELIFECYCLE] Test failed. See above for more details.
Error: ERR_PNPM_RECURSIVE_RUN_FIRST_FAIL

  × "pnpm recursive run" failed in /Users/aron/master/css/packages/vite

