$ vitest --run tests/plugins/bug-hunt-sass-environment.test.ts tests/modes/scanner.test.ts tests/plugins/style-entry-hmr.test.ts
(!) Your Vite config uses features that are unsupported by `configLoader: 'native'`, which is planned to become the default in a future major version of Vite:
  - import "../../shared/vitest.config" without a file extension (vitest.config.ts:2:20). Add the file extension
  - import "./vitest-ci-config" without a file extension (../../shared/vitest.config.ts:2:58). Add the file extension
Set `VITE_CONFIG_NATIVE_IGNORE_WARNING=true` to suppress this warning.

 RUN  v5.0.0 /Users/aron/master/css/packages/vite

 ❯ tests/plugins/bug-hunt-sass-environment.test.ts (2 tests | 1 failed) 2069ms
   × BH-0004 server restart discards stylesheet URLs served by the previous server 1259ms

⎯⎯⎯⎯⎯⎯⎯ Failed Tests 1 ⎯⎯⎯⎯⎯⎯⎯

 FAIL  tests/plugins/bug-hunt-sass-environment.test.ts > BH-0004 server restart discards stylesheet URLs served by the previous server
AssertionError: expected "send" to be called with arguments: [ { type: 'update', …(1) } ]

Number of calls: 0

 ❯ tests/plugins/bug-hunt-sass-environment.test.ts:51:41
     49|     const send = vi.spyOn(server.environments.client.hot, 'send')
     50|     writeFileSync(file, source('blue'))
     51|     await vi.waitFor(() => expect(send).toHaveBeenCalledWith({ type: '…
       |                                         ^
     52|       { type: 'css-update', path: '/new.scss', acceptedPath: '/new.scs…
     53|     ]) }))

⎯⎯⎯⎯⎯⎯⎯⎯⎯⎯⎯⎯⎯⎯⎯⎯⎯⎯⎯⎯⎯⎯⎯⎯[1/1]⎯


 Test Files  1 failed | 2 passed (3)
      Tests  1 failed | 16 passed (17)
   Start at  22:33:40
   Duration  2.51s (tests 79%, transform 13%, import 8%)

[ELIFECYCLE] Test failed. See above for more details.
Error: ERR_PNPM_RECURSIVE_RUN_FIRST_FAIL

  × "pnpm recursive run" failed in /Users/aron/master/css/packages/vite

