$ vitest --run tests/plugins/bug-hunt-sass-environment.test.ts
(!) Your Vite config uses features that are unsupported by `configLoader: 'native'`, which is planned to become the default in a future major version of Vite:
  - import "../../shared/vitest.config" without a file extension (vitest.config.ts:2:20). Add the file extension
  - import "./vitest-ci-config" without a file extension (../../shared/vitest.config.ts:2:58). Add the file extension
Set `VITE_CONFIG_NATIVE_IGNORE_WARNING=true` to suppress this warning.

 RUN  v5.0.0 /Users/aron/master/css/packages/vite

 ❯ tests/plugins/bug-hunt-sass-environment.test.ts (2 tests | 2 failed) 1016ms
   × BH-0004 Sass updates invalidate SSR imports without sending browser CSS updates to the server channel 766ms
   × BH-0004 server restart discards stylesheet URLs served by the previous server 250ms

⎯⎯⎯⎯⎯⎯⎯ Failed Tests 2 ⎯⎯⎯⎯⎯⎯⎯

 FAIL  tests/plugins/bug-hunt-sass-environment.test.ts > BH-0004 Sass updates invalidate SSR imports without sending browser CSS updates to the server channel
AssertionError: expected [ { type: 'css-update', …(3) } ] to deeply equal []

- Expected
+ Received

- []
+ [
+   {
+     "acceptedPath": "/style.scss",
+     "path": "/style.scss",
+     "timestamp": 1788964262870,
+     "type": "css-update",
+   },
+ ]

 ❯ tests/plugins/bug-hunt-sass-environment.test.ts:32:186
     30|     ]) }))
     31|     await vi.waitFor(async () => expect((await server!.ssrLoadModule('…
     32|     expect(serverSend.mock.calls.flatMap(([payload]) => typeof payload…
       |                                                                                                                                                                                          ^
     33|   } finally { await server?.close();rmSync(root, { recursive: true, fo…
     34| })

⎯⎯⎯⎯⎯⎯⎯⎯⎯⎯⎯⎯⎯⎯⎯⎯⎯⎯⎯⎯⎯⎯⎯⎯[1/2]⎯

 FAIL  tests/plugins/bug-hunt-sass-environment.test.ts > BH-0004 server restart discards stylesheet URLs served by the previous server
Error: [@master/css-vite] Scanner context was not initialized.
 ❯ getScanner src/utils/scanner-context.ts:6:11
      4| export function getScanner(context: MasterCSSVitePluginContext): Maste…
      5|   if (!context.scanner) {
      6|     throw new Error('[@master/css-vite] Scanner context was not initia…
       |           ^
      7|   }
      8|   return context.scanner
 ❯ PluginContext.buildStart src/plugins/style-entry-hmr.ts:57:7
 ❯ EnvironmentPluginContainer.hookParallel ../../node_modules/.pnpm/vite@8.2.2_@types+node@24.13.3_esbuild@0.28.2_jiti@2.7.0_less@4.9.0_supports-color@5.5._5aef4224fb2d1e795047ce58ecc7070b/node_modules/vite/dist/node/chunks/node.js:30785:41
 ❯ EnvironmentPluginContainer.buildStart ../../node_modules/.pnpm/vite@8.2.2_@types+node@24.13.3_esbuild@0.28.2_jiti@2.7.0_less@4.9.0_supports-color@5.5._5aef4224fb2d1e795047ce58ecc7070b/node_modules/vite/dist/node/chunks/node.js:30796:51
 ❯ ../../node_modules/.pnpm/vite@8.2.2_@types+node@24.13.3_esbuild@0.28.2_jiti@2.7.0_less@4.9.0_supports-color@5.5._5aef4224fb2d1e795047ce58ecc7070b/node_modules/vite/dist/node/chunks/node.js:26666:83
 ❯ initServer ../../node_modules/.pnpm/vite@8.2.2_@types+node@24.13.3_esbuild@0.28.2_jiti@2.7.0_less@4.9.0_supports-color@5.5._5aef4224fb2d1e795047ce58ecc7070b/node_modules/vite/dist/node/chunks/node.js:26670:5
 ❯ Server.httpServer.listen ../../node_modules/.pnpm/vite@8.2.2_@types+node@24.13.3_esbuild@0.28.2_jiti@2.7.0_less@4.9.0_supports-color@5.5._5aef4224fb2d1e795047ce58ecc7070b/node_modules/vite/dist/node/chunks/node.js:26677:11
 ❯ ../../node_modules/.pnpm/vite@8.2.2_@types+node@24.13.3_esbuild@0.28.2_jiti@2.7.0_less@4.9.0_supports-color@5.5._5aef4224fb2d1e795047ce58ecc7070b/node_modules/vite/dist/node/chunks/node.js:11658:14
 ❯ tryBindServer ../../node_modules/.pnpm/vite@8.2.2_@types+node@24.13.3_esbuild@0.28.2_jiti@2.7.0_less@4.9.0_supports-color@5.5._5aef4224fb2d1e795047ce58ecc7070b/node_modules/vite/dist/node/chunks/node.js:11642:9

⎯⎯⎯⎯⎯⎯⎯⎯⎯⎯⎯⎯⎯⎯⎯⎯⎯⎯⎯⎯⎯⎯⎯⎯[2/2]⎯


 Test Files  1 failed (1)
      Tests  2 failed (2)
   Start at  22:31:01
   Duration  1.54s (tests 71%, transform 19%, import 10%)

[ELIFECYCLE] Test failed. See above for more details.
Error: ERR_PNPM_RECURSIVE_RUN_FIRST_FAIL

  × "pnpm recursive run" failed in /Users/aron/master/css/packages/vite

