{"liveRestart":true,"middleware":true,"managed":false,"host":"edited","phase":"initial","reloaded":true,"navigation":1,"connections":[1],"browser":"chromium","expected":"rgb(255, 0, 0)","value":{"color":"rgb(255, 0, 0)","bootID":0.8687307101084457,"href":"/old.scss","generation":"0"},"errors":[],"result":"PASS"}
{"liveRestart":true,"middleware":true,"managed":false,"host":"edited","phase":"initial","reloaded":true,"navigation":1,"connections":[1],"browser":"webkit","expected":"rgb(255, 0, 0)","value":{"color":"rgb(255, 0, 0)","bootID":0.4408570255932981,"href":"/old.scss","generation":"0"},"errors":[],"result":"PASS"}
{"liveRestart":true,"middleware":true,"managed":false,"host":"edited","phase":"initial","reloaded":true,"navigation":1,"connections":[1],"browser":"firefox","expected":"rgb(255, 0, 0)","value":{"color":"rgb(255, 0, 0)","bootID":0.9265750994492743,"href":"/old.scss","generation":"0"},"errors":[],"result":"PASS"}
{"kind":"ssr","middleware":true,"managed":false,"host":"edited","phase":"initial","expectedName":"red","css":".example {\n  color: red;\n}","rendered":["rgb(255, 0, 0)","rgb(255, 0, 0)","rgb(255, 0, 0)"],"serverCSS":[],"staleURL":false,"result":"PASS"}
{"liveRestart":true,"middleware":true,"managed":false,"host":"independent","phase":"initial","reloaded":true,"navigation":2,"connections":[1,2],"browser":"chromium","expected":"rgb(128, 0, 128)","value":{"color":"rgb(128, 0, 128)","bootID":0.2009793104321217,"href":"/old.scss","generation":"0"},"errors":[],"result":"PASS"}
{"liveRestart":true,"middleware":true,"managed":false,"host":"independent","phase":"initial","reloaded":true,"navigation":1,"connections":[1],"browser":"webkit","expected":"rgb(128, 0, 128)","value":{"color":"rgb(128, 0, 128)","bootID":0.06860243702146485,"href":"/old.scss","generation":"0"},"errors":[],"result":"PASS"}
{"liveRestart":true,"middleware":true,"managed":false,"host":"independent","phase":"initial","reloaded":true,"navigation":1,"connections":[1],"browser":"firefox","expected":"rgb(128, 0, 128)","value":{"color":"rgb(128, 0, 128)","bootID":0.2622416442292481,"href":"/old.scss","generation":"0"},"errors":[],"result":"PASS"}
{"kind":"ssr","middleware":true,"managed":false,"host":"independent","phase":"initial","expectedName":"purple","css":".example {\n  color: purple;\n}","rendered":["rgb(128, 0, 128)","rgb(128, 0, 128)","rgb(128, 0, 128)"],"serverCSS":[],"staleURL":false,"result":"PASS"}
{"liveRestart":true,"middleware":true,"managed":false,"host":"edited","phase":"partial-update","previousBootID":0.4408570255932981,"reloaded":false,"navigation":1,"connections":[1],"browser":"webkit","expected":"rgb(0, 128, 0)","value":{"color":"rgb(0, 128, 0)","bootID":0.4408570255932981,"href":"http://127.0.0.1:59577/old.scss?t=1788965570437","generation":"0"},"errors":[],"result":"PASS"}
{"liveRestart":true,"middleware":true,"managed":false,"host":"edited","phase":"partial-update","previousBootID":0.8687307101084457,"reloaded":false,"navigation":1,"connections":[1],"browser":"chromium","expected":"rgb(0, 128, 0)","value":{"color":"rgb(0, 128, 0)","bootID":0.8687307101084457,"href":"http://127.0.0.1:59577/old.scss?t=1788965570437","generation":"0"},"errors":[],"result":"PASS"}
{"liveRestart":true,"middleware":true,"managed":false,"host":"edited","phase":"partial-update","previousBootID":0.9265750994492743,"reloaded":false,"navigation":1,"connections":[1],"browser":"firefox","expected":"rgb(0, 128, 0)","value":{"color":"rgb(0, 128, 0)","bootID":0.9265750994492743,"href":"http://127.0.0.1:59577/old.scss?t=1788965570437","generation":"0"},"errors":[],"result":"PASS"}
{"kind":"ssr","middleware":true,"managed":false,"host":"edited","phase":"partial-update","expectedName":"green","css":".example {\n  color: green;\n}","rendered":["rgb(0, 128, 0)","rgb(0, 128, 0)","rgb(0, 128, 0)"],"serverCSS":[],"staleURL":false,"result":"PASS"}
{"liveRestart":true,"middleware":true,"managed":false,"host":"independent","phase":"partial-update","previousBootID":0.2009793104321217,"reloaded":false,"navigation":2,"connections":[1,2],"browser":"chromium","expected":"rgb(128, 0, 128)","value":{"color":"rgb(128, 0, 128)","bootID":0.2009793104321217,"href":"/old.scss","generation":"0"},"errors":[],"result":"PASS"}
{"liveRestart":true,"middleware":true,"managed":false,"host":"independent","phase":"partial-update","previousBootID":0.06860243702146485,"reloaded":false,"navigation":1,"connections":[1],"browser":"webkit","expected":"rgb(128, 0, 128)","value":{"color":"rgb(128, 0, 128)","bootID":0.06860243702146485,"href":"/old.scss","generation":"0"},"errors":[],"result":"PASS"}
{"liveRestart":true,"middleware":true,"managed":false,"host":"independent","phase":"partial-update","previousBootID":0.2622416442292481,"reloaded":false,"navigation":1,"connections":[1],"browser":"firefox","expected":"rgb(128, 0, 128)","value":{"color":"rgb(128, 0, 128)","bootID":0.2622416442292481,"href":"/old.scss","generation":"0"},"errors":[],"result":"PASS"}
{"kind":"ssr","middleware":true,"managed":false,"host":"independent","phase":"partial-update","expectedName":"purple","css":".example {\n  color: purple;\n}","rendered":["rgb(128, 0, 128)","rgb(128, 0, 128)","rgb(128, 0, 128)"],"serverCSS":[],"staleURL":false,"result":"PASS"}
{"liveRestart":true,"middleware":true,"managed":false,"host":"edited","phase":"restart","previousBootID":0.8687307101084457,"reloaded":true,"navigation":2,"connections":[1,2],"browser":"chromium","expected":"rgb(0, 128, 0)","value":{"color":"rgb(0, 128, 0)","bootID":0.6578144236144132,"href":"/new.scss","generation":"1"},"errors":[],"result":"PASS"}
{"liveRestart":true,"middleware":true,"managed":false,"host":"edited","phase":"restart","previousBootID":0.4408570255932981,"reloaded":true,"navigation":2,"connections":[1,2],"browser":"webkit","expected":"rgb(0, 128, 0)","value":{"color":"rgb(0, 128, 0)","bootID":0.632045437143385,"href":"/new.scss","generation":"1"},"errors":[],"result":"PASS"}
{"liveRestart":true,"middleware":true,"managed":false,"host":"edited","phase":"restart","previousBootID":0.9265750994492743,"reloaded":true,"navigation":2,"connections":[1,2],"browser":"firefox","expected":"rgb(0, 128, 0)","value":{"color":"rgb(0, 128, 0)","bootID":0.11685926005471292,"href":"/new.scss","generation":"1"},"errors":[],"result":"PASS"}
{"kind":"ssr","middleware":true,"managed":false,"host":"edited","phase":"restart","expectedName":"green","css":".example {\n  color: green;\n}","rendered":["rgb(0, 128, 0)","rgb(0, 128, 0)","rgb(0, 128, 0)"],"serverCSS":[],"staleURL":false,"result":"PASS"}
{"liveRestart":true,"middleware":true,"managed":false,"host":"independent","phase":"restart","previousBootID":0.2009793104321217,"reloaded":false,"navigation":2,"connections":[1,2],"browser":"chromium","expected":"rgb(128, 0, 128)","value":{"color":"rgb(128, 0, 128)","bootID":0.2009793104321217,"href":"/old.scss","generation":"0"},"errors":[],"result":"PASS"}
{"liveRestart":true,"middleware":true,"managed":false,"host":"independent","phase":"restart","previousBootID":0.06860243702146485,"reloaded":false,"navigation":1,"connections":[1],"browser":"webkit","expected":"rgb(128, 0, 128)","value":{"color":"rgb(128, 0, 128)","bootID":0.06860243702146485,"href":"/old.scss","generation":"0"},"errors":[],"result":"PASS"}
{"liveRestart":true,"middleware":true,"managed":false,"host":"independent","phase":"restart","previousBootID":0.2622416442292481,"reloaded":false,"navigation":1,"connections":[1],"browser":"firefox","expected":"rgb(128, 0, 128)","value":{"color":"rgb(128, 0, 128)","bootID":0.2622416442292481,"href":"/old.scss","generation":"0"},"errors":[],"result":"PASS"}
{"kind":"ssr","middleware":true,"managed":false,"host":"independent","phase":"restart","expectedName":"purple","css":".example {\n  color: purple;\n}","rendered":["rgb(128, 0, 128)","rgb(128, 0, 128)","rgb(128, 0, 128)"],"serverCSS":[],"staleURL":false,"result":"PASS"}
{"liveRestart":true,"middleware":true,"managed":false,"host":"edited","phase":"after-restart-update","previousBootID":0.6578144236144132,"reloaded":false,"navigation":2,"connections":[1,2],"browser":"chromium","expected":"rgb(0, 0, 255)","value":{"color":"rgb(0, 0, 255)","bootID":0.6578144236144132,"href":"http://127.0.0.1:59577/new.scss?t=1788965570894","generation":"1"},"errors":[],"result":"PASS"}
{"liveRestart":true,"middleware":true,"managed":false,"host":"edited","phase":"after-restart-update","previousBootID":0.632045437143385,"reloaded":false,"navigation":2,"connections":[1,2],"browser":"webkit","expected":"rgb(0, 0, 255)","value":{"color":"rgb(0, 0, 255)","bootID":0.632045437143385,"href":"http://127.0.0.1:59577/new.scss?t=1788965570894","generation":"1"},"errors":[],"result":"PASS"}
{"liveRestart":true,"middleware":true,"managed":false,"host":"edited","phase":"after-restart-update","previousBootID":0.11685926005471292,"reloaded":false,"navigation":2,"connections":[1,2],"browser":"firefox","expected":"rgb(0, 0, 255)","value":{"color":"rgb(0, 0, 255)","bootID":0.11685926005471292,"href":"http://127.0.0.1:59577/new.scss?t=1788965570894","generation":"1"},"errors":[],"result":"PASS"}
{"kind":"ssr","middleware":true,"managed":false,"host":"edited","phase":"after-restart-update","expectedName":"blue","css":".example {\n  color: blue;\n}","rendered":["rgb(0, 0, 255)","rgb(0, 0, 255)","rgb(0, 0, 255)"],"serverCSS":[],"staleURL":false,"result":"PASS"}
{"liveRestart":true,"middleware":true,"managed":false,"host":"independent","phase":"after-restart-update","previousBootID":0.2009793104321217,"reloaded":false,"navigation":2,"connections":[1,2],"browser":"chromium","expected":"rgb(128, 0, 128)","value":{"color":"rgb(128, 0, 128)","bootID":0.2009793104321217,"href":"/old.scss","generation":"0"},"errors":[],"result":"PASS"}
{"liveRestart":true,"middleware":true,"managed":false,"host":"independent","phase":"after-restart-update","previousBootID":0.06860243702146485,"reloaded":false,"navigation":1,"connections":[1],"browser":"webkit","expected":"rgb(128, 0, 128)","value":{"color":"rgb(128, 0, 128)","bootID":0.06860243702146485,"href":"/old.scss","generation":"0"},"errors":[],"result":"PASS"}
{"liveRestart":true,"middleware":true,"managed":false,"host":"independent","phase":"after-restart-update","previousBootID":0.2622416442292481,"reloaded":false,"navigation":1,"connections":[1],"browser":"firefox","expected":"rgb(128, 0, 128)","value":{"color":"rgb(128, 0, 128)","bootID":0.2622416442292481,"href":"/old.scss","generation":"0"},"errors":[],"result":"PASS"}
{"kind":"ssr","middleware":true,"managed":false,"host":"independent","phase":"after-restart-update","expectedName":"purple","css":".example {\n  color: purple;\n}","rendered":["rgb(128, 0, 128)","rgb(128, 0, 128)","rgb(128, 0, 128)"],"serverCSS":[],"staleURL":false,"result":"PASS"}
{"liveRestart":true,"middleware":true,"managed":false,"host":"edited","phase":"restart-again","previousBootID":0.6578144236144132,"reloaded":true,"navigation":3,"connections":[1,2,3],"browser":"chromium","expected":"rgb(0, 0, 255)","value":{"color":"rgb(0, 0, 255)","bootID":0.5101868140770973,"href":"/new2.scss","generation":"2"},"errors":[],"result":"PASS"}
{"liveRestart":true,"middleware":true,"managed":false,"host":"edited","phase":"restart-again","previousBootID":0.632045437143385,"reloaded":true,"navigation":3,"connections":[1,2,3],"browser":"webkit","expected":"rgb(0, 0, 255)","value":{"color":"rgb(0, 0, 255)","bootID":0.08773908221661475,"href":"/new2.scss","generation":"2"},"errors":[],"result":"PASS"}
{"liveRestart":true,"middleware":true,"managed":false,"host":"edited","phase":"restart-again","previousBootID":0.11685926005471292,"reloaded":true,"navigation":3,"connections":[1,2,3],"browser":"firefox","expected":"rgb(0, 0, 255)","value":{"color":"rgb(0, 0, 255)","bootID":0.46785229878994883,"href":"/new2.scss","generation":"2"},"errors":[],"result":"PASS"}
{"kind":"ssr","middleware":true,"managed":false,"host":"edited","phase":"restart-again","expectedName":"blue","css":".example {\n  color: blue;\n}","rendered":["rgb(0, 0, 255)","rgb(0, 0, 255)","rgb(0, 0, 255)"],"serverCSS":[],"staleURL":false,"result":"PASS"}
{"liveRestart":true,"middleware":true,"managed":false,"host":"independent","phase":"restart-again","previousBootID":0.2009793104321217,"reloaded":false,"navigation":2,"connections":[1,2],"browser":"chromium","expected":"rgb(128, 0, 128)","value":{"color":"rgb(128, 0, 128)","bootID":0.2009793104321217,"href":"/old.scss","generation":"0"},"errors":[],"result":"PASS"}
{"liveRestart":true,"middleware":true,"managed":false,"host":"independent","phase":"restart-again","previousBootID":0.06860243702146485,"reloaded":false,"navigation":1,"connections":[1],"browser":"webkit","expected":"rgb(128, 0, 128)","value":{"color":"rgb(128, 0, 128)","bootID":0.06860243702146485,"href":"/old.scss","generation":"0"},"errors":[],"result":"PASS"}
{"liveRestart":true,"middleware":true,"managed":false,"host":"independent","phase":"restart-again","previousBootID":0.2622416442292481,"reloaded":false,"navigation":1,"connections":[1],"browser":"firefox","expected":"rgb(128, 0, 128)","value":{"color":"rgb(128, 0, 128)","bootID":0.2622416442292481,"href":"/old.scss","generation":"0"},"errors":[],"result":"PASS"}
{"kind":"ssr","middleware":true,"managed":false,"host":"independent","phase":"restart-again","expectedName":"purple","css":".example {\n  color: purple;\n}","rendered":["rgb(128, 0, 128)","rgb(128, 0, 128)","rgb(128, 0, 128)"],"serverCSS":[],"staleURL":false,"result":"PASS"}
{"liveRestart":true,"middleware":true,"managed":false,"host":"edited","phase":"after-second-restart-update","previousBootID":0.5101868140770973,"reloaded":false,"navigation":3,"connections":[1,2,3],"browser":"chromium","expected":"rgb(255, 165, 0)","value":{"color":"rgb(255, 165, 0)","bootID":0.5101868140770973,"href":"http://127.0.0.1:59577/new2.scss?t=1788965571470","generation":"2"},"errors":[],"result":"PASS"}
{"liveRestart":true,"middleware":true,"managed":false,"host":"edited","phase":"after-second-restart-update","previousBootID":0.08773908221661475,"reloaded":false,"navigation":3,"connections":[1,2,3],"browser":"webkit","expected":"rgb(255, 165, 0)","value":{"color":"rgb(255, 165, 0)","bootID":0.08773908221661475,"href":"http://127.0.0.1:59577/new2.scss?t=1788965571470","generation":"2"},"errors":[],"result":"PASS"}
{"liveRestart":true,"middleware":true,"managed":false,"host":"edited","phase":"after-second-restart-update","previousBootID":0.46785229878994883,"reloaded":false,"navigation":3,"connections":[1,2,3],"browser":"firefox","expected":"rgb(255, 165, 0)","value":{"color":"rgb(255, 165, 0)","bootID":0.46785229878994883,"href":"http://127.0.0.1:59577/new2.scss?t=1788965571470","generation":"2"},"errors":[],"result":"PASS"}
{"kind":"ssr","middleware":true,"managed":false,"host":"edited","phase":"after-second-restart-update","expectedName":"orange","css":".example {\n  color: orange;\n}","rendered":["rgb(255, 165, 0)","rgb(255, 165, 0)","rgb(255, 165, 0)"],"serverCSS":[],"staleURL":false,"result":"PASS"}
{"liveRestart":true,"middleware":true,"managed":false,"host":"independent","phase":"after-second-restart-update","previousBootID":0.2009793104321217,"reloaded":false,"navigation":2,"connections":[1,2],"browser":"chromium","expected":"rgb(128, 0, 128)","value":{"color":"rgb(128, 0, 128)","bootID":0.2009793104321217,"href":"/old.scss","generation":"0"},"errors":[],"result":"PASS"}
{"liveRestart":true,"middleware":true,"managed":false,"host":"independent","phase":"after-second-restart-update","previousBootID":0.06860243702146485,"reloaded":false,"navigation":1,"connections":[1],"browser":"webkit","expected":"rgb(128, 0, 128)","value":{"color":"rgb(128, 0, 128)","bootID":0.06860243702146485,"href":"/old.scss","generation":"0"},"errors":[],"result":"PASS"}
{"liveRestart":true,"middleware":true,"managed":false,"host":"independent","phase":"after-second-restart-update","previousBootID":0.2622416442292481,"reloaded":false,"navigation":1,"connections":[1],"browser":"firefox","expected":"rgb(128, 0, 128)","value":{"color":"rgb(128, 0, 128)","bootID":0.2622416442292481,"href":"/old.scss","generation":"0"},"errors":[],"result":"PASS"}
{"kind":"ssr","middleware":true,"managed":false,"host":"independent","phase":"after-second-restart-update","expectedName":"purple","css":".example {\n  color: purple;\n}","rendered":["rgb(128, 0, 128)","rgb(128, 0, 128)","rgb(128, 0, 128)"],"serverCSS":[],"staleURL":false,"result":"PASS"}
{"liveRestart":true,"middleware":true,"managed":true,"host":"edited","phase":"initial","reloaded":true,"navigation":1,"connections":[1],"browser":"chromium","expected":"rgb(255, 0, 0)","value":{"color":"rgb(255, 0, 0)","bootID":0.4251904611294889,"href":"/old.scss","generation":"0"},"errors":[],"result":"PASS"}
{"liveRestart":true,"middleware":true,"managed":true,"host":"edited","phase":"initial","reloaded":true,"navigation":1,"connections":[1],"browser":"webkit","expected":"rgb(255, 0, 0)","value":{"color":"rgb(255, 0, 0)","bootID":0.48283156002462513,"href":"/old.scss","generation":"0"},"errors":[],"result":"PASS"}
{"liveRestart":true,"middleware":true,"managed":true,"host":"edited","phase":"initial","reloaded":true,"navigation":1,"connections":[1],"browser":"firefox","expected":"rgb(255, 0, 0)","value":{"color":"rgb(255, 0, 0)","bootID":0.15532538750796043,"href":"/old.scss","generation":"0"},"errors":[],"result":"PASS"}
{"kind":"ssr","middleware":true,"managed":true,"host":"edited","phase":"initial","expectedName":"red","css":".example {\n  color: red;\n}","rendered":["rgb(255, 0, 0)","rgb(255, 0, 0)","rgb(255, 0, 0)"],"serverCSS":[],"staleURL":false,"result":"PASS"}
{"liveRestart":true,"middleware":true,"managed":true,"host":"independent","phase":"initial","reloaded":true,"navigation":1,"connections":[1],"browser":"chromium","expected":"rgb(128, 0, 128)","value":{"color":"rgb(128, 0, 128)","bootID":0.006076265563630834,"href":"/old.scss","generation":"0"},"errors":[],"result":"PASS"}
{"liveRestart":true,"middleware":true,"managed":true,"host":"independent","phase":"initial","reloaded":true,"navigation":1,"connections":[1],"browser":"webkit","expected":"rgb(128, 0, 128)","value":{"color":"rgb(128, 0, 128)","bootID":0.0615910522008446,"href":"/old.scss","generation":"0"},"errors":[],"result":"PASS"}
{"liveRestart":true,"middleware":true,"managed":true,"host":"independent","phase":"initial","reloaded":true,"navigation":1,"connections":[1],"browser":"firefox","expected":"rgb(128, 0, 128)","value":{"color":"rgb(128, 0, 128)","bootID":0.2886912034100384,"href":"/old.scss","generation":"0"},"errors":[],"result":"PASS"}
{"kind":"ssr","middleware":true,"managed":true,"host":"independent","phase":"initial","expectedName":"purple","css":".example {\n  color: purple;\n}","rendered":["rgb(128, 0, 128)","rgb(128, 0, 128)","rgb(128, 0, 128)"],"serverCSS":[],"staleURL":false,"result":"PASS"}
{"liveRestart":true,"middleware":true,"managed":true,"host":"edited","phase":"partial-update","previousBootID":0.4251904611294889,"reloaded":false,"navigation":1,"connections":[1],"browser":"chromium","expected":"rgb(0, 128, 0)","value":{"color":"rgb(0, 128, 0)","bootID":0.4251904611294889,"href":"http://127.0.0.1:59672/old.scss?t=1788965576354","generation":"0"},"errors":[],"result":"PASS"}
{"liveRestart":true,"middleware":true,"managed":true,"host":"edited","phase":"partial-update","previousBootID":0.48283156002462513,"reloaded":false,"navigation":1,"connections":[1],"browser":"webkit","expected":"rgb(0, 128, 0)","value":{"color":"rgb(0, 128, 0)","bootID":0.48283156002462513,"href":"http://127.0.0.1:59672/old.scss?t=1788965576354","generation":"0"},"errors":[],"result":"PASS"}
{"liveRestart":true,"middleware":true,"managed":true,"host":"edited","phase":"partial-update","previousBootID":0.15532538750796043,"reloaded":false,"navigation":1,"connections":[1],"browser":"firefox","expected":"rgb(0, 128, 0)","value":{"color":"rgb(0, 128, 0)","bootID":0.15532538750796043,"href":"http://127.0.0.1:59672/old.scss?t=1788965576354","generation":"0"},"errors":[],"result":"PASS"}
{"kind":"ssr","middleware":true,"managed":true,"host":"edited","phase":"partial-update","expectedName":"green","css":".example {\n  color: green;\n}","rendered":["rgb(0, 128, 0)","rgb(0, 128, 0)","rgb(0, 128, 0)"],"serverCSS":[],"staleURL":false,"result":"PASS"}
{"liveRestart":true,"middleware":true,"managed":true,"host":"independent","phase":"partial-update","previousBootID":0.006076265563630834,"reloaded":false,"navigation":1,"connections":[1],"browser":"chromium","expected":"rgb(128, 0, 128)","value":{"color":"rgb(128, 0, 128)","bootID":0.006076265563630834,"href":"/old.scss","generation":"0"},"errors":[],"result":"PASS"}
{"liveRestart":true,"middleware":true,"managed":true,"host":"independent","phase":"partial-update","previousBootID":0.0615910522008446,"reloaded":false,"navigation":1,"connections":[1],"browser":"webkit","expected":"rgb(128, 0, 128)","value":{"color":"rgb(128, 0, 128)","bootID":0.0615910522008446,"href":"/old.scss","generation":"0"},"errors":[],"result":"PASS"}
{"liveRestart":true,"middleware":true,"managed":true,"host":"independent","phase":"partial-update","previousBootID":0.2886912034100384,"reloaded":false,"navigation":1,"connections":[1],"browser":"firefox","expected":"rgb(128, 0, 128)","value":{"color":"rgb(128, 0, 128)","bootID":0.2886912034100384,"href":"/old.scss","generation":"0"},"errors":[],"result":"PASS"}
{"kind":"ssr","middleware":true,"managed":true,"host":"independent","phase":"partial-update","expectedName":"purple","css":".example {\n  color: purple;\n}","rendered":["rgb(128, 0, 128)","rgb(128, 0, 128)","rgb(128, 0, 128)"],"serverCSS":[],"staleURL":false,"result":"PASS"}
{"managed":true,"phase":"host-error","error":"TimeoutError: locator.evaluate: Timeout 30000ms exceeded.\nCall log:\n\u001b[2m  - waiting for locator('#target')\u001b[22m\n","result":"FAIL"}
{"browserComparisons":49,"browserFailures":1,"ssrComparisons":16,"ssrFailures":0}
node:internal/modules/run_main:107
    triggerUncaughtException(
    ^

AssertionError [ERR_ASSERTION]: Expected values to be strictly equal:

1 !== 0

    at file:///Users/aron/master/css/.ai/audits/bug-hunt/repros/vite-sass-environments.mjs:104:45
    at process.processTicksAndRejections (node:internal/process/task_queues:104:5) {
  generatedMessage: true,
  code: 'ERR_ASSERTION',
  actual: 1,
  expected: 0,
  operator: 'strictEqual',
  diff: 'simple'
}

Node.js v24.20.0
