$ vitest --run tests/plugins/bug-hunt-middleware-restart.test.ts
(!) Your Vite config uses features that are unsupported by `configLoader: 'native'`, which is planned to become the default in a future major version of Vite:
  - import "../../shared/vitest.config" without a file extension (vitest.config.ts:2:20). Add the file extension
  - import "./vitest-ci-config" without a file extension (../../shared/vitest.config.ts:2:58). Add the file extension
Set `VITE_CONFIG_NATIVE_IGNORE_WARNING=true` to suppress this warning.

 RUN  v5.0.0 /Users/aron/master/css/packages/vite

 ❯ tests/plugins/bug-hunt-middleware-restart.test.ts (1 test | 1 failed) 583ms
   × BH-0004 middleware restart keeps the new scanner alive after closing the old server 583ms

⎯⎯⎯⎯⎯⎯⎯ Failed Tests 1 ⎯⎯⎯⎯⎯⎯⎯

 FAIL  tests/plugins/bug-hunt-middleware-restart.test.ts > BH-0004 middleware restart keeps the new scanner alive after closing the old server
AssertionError: expected 404 to be 200 // Object.is equality

- Expected
+ Received

- 200
+ 404

 ❯ tests/plugins/bug-hunt-middleware-restart.test.ts:30:42
     28|     expect((await server.ssrLoadModule('/server.js')).css).toContain('…
     29|     await server.restart()
     30|     expect((await fetch(origin)).status).toBe(200)
       |                                          ^
     31|     writeFileSync(join(root, 'style.scss'), '@master entry;@preserve n…
     32|     const css = await fetch(`${origin}/style.scss?t=${Date.now()}`, { …

⎯⎯⎯⎯⎯⎯⎯⎯⎯⎯⎯⎯⎯⎯⎯⎯⎯⎯⎯⎯⎯⎯⎯⎯[1/1]⎯


 Test Files  1 failed (1)
      Tests  1 failed (1)
   Start at  22:57:08
   Duration  1.58s (tests 39%, transform 33%, import 29%)

[ELIFECYCLE] Test failed. See above for more details.
Error: ERR_PNPM_RECURSIVE_RUN_FIRST_FAIL

  × "pnpm recursive run" failed in /Users/aron/master/css/packages/vite

