$ vitest --run tests/plugins/bug-hunt-middleware-restart.test.ts
(!) Your Vite config uses features that are unsupported by `configLoader: 'native'`, which is planned to become the default in a future major version of Vite:
  - import "../../shared/vitest.config" without a file extension (vitest.config.ts:2:20). Add the file extension
  - import "./vitest-ci-config" without a file extension (../../shared/vitest.config.ts:2:58). Add the file extension
Set `VITE_CONFIG_NATIVE_IGNORE_WARNING=true` to suppress this warning.

 RUN  v5.0.0 /Users/aron/master/css/packages/vite

stdout | tests/plugins/bug-hunt-middleware-restart.test.ts > BH-0004 middleware restart serves HTML and styles (managed=false)
{"managed":false,"root":"/private/var/folders/_b/768dhtz56ns54x1r867j67280000gn/T/master-middleware-restart-opboFT","appType":"spa","htmlStatus":200,"html":"<script type=\"module\" src=\"/@vite/client\"></script>\n<link rel=\"stylesheet\" href=\"/style.scss\"><div class=\"example\">test</div>","cssStatus":200,"css":".example {\n  color: red;\n}","stack":["viteRejectInvalidRequestMiddleware","corsMiddleware","hostValidationMiddleware","viteCachedTransformMiddleware","launchEditorMiddleware","viteHMRPingMiddleware","viteServePublicMiddleware","viteTransformMiddleware","viteServeRawFsMiddleware","viteServeStaticMiddleware","viteHtmlFallbackMiddleware","viteIndexHtmlMiddleware","vite404Middleware","viteErrorMiddleware"],"ssr":{"css":".example {\n  color: red;\n}"}}

stdout | tests/plugins/bug-hunt-middleware-restart.test.ts > BH-0004 middleware restart serves HTML and styles (managed=true)
{"managed":true,"root":"/private/var/folders/_b/768dhtz56ns54x1r867j67280000gn/T/master-middleware-restart-aDh1Vl","appType":"spa","htmlStatus":404,"html":"","cssStatus":404,"css":"","stack":["viteRejectInvalidRequestMiddleware","corsMiddleware","hostValidationMiddleware","","viteCachedTransformMiddleware","launchEditorMiddleware","viteHMRPingMiddleware","viteServePublicMiddleware","viteTransformMiddleware","viteServeRawFsMiddleware","viteServeStaticMiddleware","viteHtmlFallbackMiddleware","viteIndexHtmlMiddleware","vite404Middleware","viteErrorMiddleware"],"ssr":"Error: [@master/css-vite] Scanner context was not initialized."}

 ❯ tests/plugins/bug-hunt-middleware-restart.test.ts (2 tests | 2 failed) 523ms
   × BH-0004 middleware restart serves HTML and styles (managed=false) 182ms
   × BH-0004 middleware restart serves HTML and styles (managed=true) 341ms

⎯⎯⎯⎯⎯⎯⎯ Failed Tests 2 ⎯⎯⎯⎯⎯⎯⎯

 FAIL  tests/plugins/bug-hunt-middleware-restart.test.ts > BH-0004 middleware restart serves HTML and styles (managed=false)
AssertionError: expected '.example {\n  color: red;\n}' to contain 'green'

- Expected
+ Received

- green
+ .example {
+   color: red;
+ }

 ❯ tests/plugins/bug-hunt-middleware-restart.test.ts:39:30
     37|     const css = await fetch(`${origin}/style.scss?t=${Date.now()}`, { …
     38|     expect(css.status).toBe(200)
     39|     expect(await css.text()).toContain('green')
       |                              ^
     40|     expect((await server.ssrLoadModule('/server.js')).css).toContain('…
     41|   } finally { await server?.close();await new Promise<void>(resolve =>…

⎯⎯⎯⎯⎯⎯⎯⎯⎯⎯⎯⎯⎯⎯⎯⎯⎯⎯⎯⎯⎯⎯⎯⎯[1/2]⎯

 FAIL  tests/plugins/bug-hunt-middleware-restart.test.ts > BH-0004 middleware restart serves HTML and styles (managed=true)
AssertionError: expected 404 to be 200 // Object.is equality

- Expected
+ Received

- 200
+ 404

 ❯ tests/plugins/bug-hunt-middleware-restart.test.ts:35:25


⎯⎯⎯⎯⎯⎯⎯⎯⎯⎯⎯⎯⎯⎯⎯⎯⎯⎯⎯⎯⎯⎯⎯⎯[2/2]⎯


 Test Files  1 failed (1)
      Tests  2 failed (2)
   Start at  23:04:57
   Duration  1.12s (tests 49%, transform 33%, import 17%)

[ELIFECYCLE] Test failed. See above for more details.
Error: ERR_PNPM_RECURSIVE_RUN_FIRST_FAIL

  × "pnpm recursive run" failed in /Users/aron/master/css/packages/vite

