$ vitest --run tests/plugins/bug-hunt-hmr-server-lifecycle.test.ts
(!) Your Vite config uses features that are unsupported by `configLoader: 'native'`, which is planned to become the default in a future major version of Vite:
  - import "../../shared/vitest.config" without a file extension (vitest.config.ts:2:20). Add the file extension
  - import "./vitest-ci-config" without a file extension (../../shared/vitest.config.ts:2:58). Add the file extension
Set `VITE_CONFIG_NATIVE_IGNORE_WARNING=true` to suppress this warning.

 RUN  v5.0.0 /Users/aron/master/css/packages/vite

 ❯ tests/plugins/bug-hunt-hmr-server-lifecycle.test.ts (1 test | 1 failed) 56ms
   × BH-0004 scanner changes notify the replacement server without retaining the closed server 55ms

⎯⎯⎯⎯⎯⎯⎯ Failed Tests 1 ⎯⎯⎯⎯⎯⎯⎯

 FAIL  tests/plugins/bug-hunt-hmr-server-lifecycle.test.ts > BH-0004 scanner changes notify the replacement server without retaining the closed server
AssertionError: expected "vi.fn()" to not be called at all, but actually been called 1 times

Received:

  1st vi.fn() call:

    Array [
      Object {},
    ]


Number of calls: 1

 ❯ tests/plugins/bug-hunt-hmr-server-lifecycle.test.ts:34:38
     32|   context.scanner.emit('change')
     33|   await vi.waitFor(() => expect(nextServer.reloadModule).toHaveBeenCal…
     34|   expect(oldServer.reloadModule).not.toHaveBeenCalled()
       |                                      ^
     35|   if (typeof plugin.closeBundle === 'function') await plugin.closeBund…
     36|   context.scanner.removeAllListeners()

⎯⎯⎯⎯⎯⎯⎯⎯⎯⎯⎯⎯⎯⎯⎯⎯⎯⎯⎯⎯⎯⎯⎯⎯[1/1]⎯


 Test Files  1 failed (1)
      Tests  1 failed (1)
   Start at  23:18:27
   Duration  286ms (transform 45%, import 28%, tests 26%, worker 1%)

[ELIFECYCLE] Test failed. See above for more details.
Error: ERR_PNPM_RECURSIVE_RUN_FIRST_FAIL

  × "pnpm recursive run" failed in /Users/aron/master/css/packages/vite

