$ vitest --run tests/plugins/bug-hunt-custom-environment-close.test.ts
(!) Your Vite config uses features that are unsupported by `configLoader: 'native'`, which is planned to become the default in a future major version of Vite:
  - import "../../shared/vitest.config" without a file extension (vitest.config.ts:2:20). Add the file extension
  - import "./vitest-ci-config" without a file extension (../../shared/vitest.config.ts:2:58). Add the file extension
Set `VITE_CONFIG_NATIVE_IGNORE_WARNING=true` to suppress this warning.

 RUN  v5.0.0 /Users/aron/master/css/packages/vite

 ❯ tests/plugins/bug-hunt-custom-environment-close.test.ts (6 tests | 3 failed) 1917ms
   × BH-0004 remaining environments load fresh styles after closing edge (managed=true) 597ms
   × BH-0004 remaining environments load fresh styles after closing ssr (managed=true) 571ms
   × BH-0004 remaining environments load fresh styles after closing client (managed=true) 563ms

⎯⎯⎯⎯⎯⎯⎯ Failed Tests 3 ⎯⎯⎯⎯⎯⎯⎯

 FAIL  tests/plugins/bug-hunt-custom-environment-close.test.ts > BH-0004 remaining environments load fresh styles after closing edge (managed=true)
 FAIL  tests/plugins/bug-hunt-custom-environment-close.test.ts > BH-0004 remaining environments load fresh styles after closing ssr (managed=true)
AssertionError: expected 500 to be 200 // Object.is equality

- Expected
+ Received

- 200
+ 500

 ❯ tests/plugins/bug-hunt-custom-environment-close.test.ts:35:28
     33|       if (closing !== 'client') {
     34|         const css = await fetch(new URL('later.scss', origin), { heade…
     35|         expect(css.status).toBe(200)
       |                            ^
     36|         expect(await css.text()).toContain('green')
     37|       }

⎯⎯⎯⎯⎯⎯⎯⎯⎯⎯⎯⎯⎯⎯⎯⎯⎯⎯⎯⎯⎯⎯⎯⎯[1/3]⎯

 FAIL  tests/plugins/bug-hunt-custom-environment-close.test.ts > BH-0004 remaining environments load fresh styles after closing client (managed=true)
Error: [@master/css-vite] Scanner context was not initialized.
 ❯ getScanner src/utils/scanner-context.ts:9:11
      7| export function getScanner(context: MasterCSSVitePluginContext): Maste…
      8|   if (!context.scanner) {
      9|     throw new Error('[@master/css-vite] Scanner context was not initia…
       |           ^
     10|   }
     11|   return context.scanner
 ❯ TransformPluginContext.transform src/plugins/usage-graph.ts:15:13
 ❯ EnvironmentPluginContainer.transform ../../node_modules/.pnpm/vite@8.2.2_@types+node@24.13.3_esbuild@0.28.2_jiti@2.7.0_less@4.9.0_supports-color@5.5._5aef4224fb2d1e795047ce58ecc7070b/node_modules/vite/dist/node/chunks/node.js:30932:51
 ❯ loadAndTransform ../../node_modules/.pnpm/vite@8.2.2_@types+node@24.13.3_esbuild@0.28.2_jiti@2.7.0_less@4.9.0_supports-color@5.5._5aef4224fb2d1e795047ce58ecc7070b/node_modules/vite/dist/node/chunks/node.js:20671:48

⎯⎯⎯⎯⎯⎯⎯⎯⎯⎯⎯⎯⎯⎯⎯⎯⎯⎯⎯⎯⎯⎯⎯⎯[2/3]⎯


 Test Files  1 failed (1)
      Tests  3 failed | 3 passed (6)
   Start at  23:27:09
   Duration  2.43s (tests 81%, transform 12%, import 7%)

[ELIFECYCLE] Test failed. See above for more details.
Error: ERR_PNPM_RECURSIVE_RUN_FIRST_FAIL

  × "pnpm recursive run" failed in /Users/aron/master/css/packages/vite

