{"managed":false,"perEnvironment":true,"replace":false,"closing":"edge","phase":"initial","browser":"chromium","expected":"rgb(255, 0, 0)","value":{"color":"rgb(255, 0, 0)","bootID":0.40081992945128453},"errors":[],"result":"PASS"}
{"managed":false,"perEnvironment":true,"replace":false,"closing":"edge","phase":"initial","browser":"firefox","expected":"rgb(255, 0, 0)","value":{"color":"rgb(255, 0, 0)","bootID":0.1878863799304652},"errors":[],"result":"PASS"}
{"managed":false,"perEnvironment":true,"replace":false,"closing":"edge","phase":"initial","browser":"webkit","expected":"rgb(255, 0, 0)","value":{"color":"rgb(255, 0, 0)","bootID":0.4633117574633625},"errors":[],"result":"PASS"}
{"kind":"ssr","managed":false,"perEnvironment":true,"replace":false,"closing":"edge","phase":"initial","consumer":"ssr","css":".example {\n  color: red;\n}","rendered":["rgb(255, 0, 0)","rgb(255, 0, 0)","rgb(255, 0, 0)"],"serverCSS":[],"result":"PASS"}
{"kind":"ssr","managed":false,"perEnvironment":true,"replace":false,"closing":"edge","phase":"initial","consumer":"edge","css":".example {\n  color: red;\n}","rendered":["rgb(255, 0, 0)","rgb(255, 0, 0)","rgb(255, 0, 0)"],"serverCSS":[],"result":"PASS"}
{"managed":false,"perEnvironment":true,"replace":false,"closing":"edge","phase":"closed","browser":"chromium","expected":"rgb(255, 0, 0)","value":{"color":"rgb(255, 0, 0)","bootID":0.40081992945128453},"errors":[],"result":"PASS"}
{"managed":false,"perEnvironment":true,"replace":false,"closing":"edge","phase":"closed","browser":"firefox","expected":"rgb(255, 0, 0)","value":{"color":"rgb(255, 0, 0)","bootID":0.1878863799304652},"errors":[],"result":"PASS"}
{"managed":false,"perEnvironment":true,"replace":false,"closing":"edge","phase":"closed","browser":"webkit","expected":"rgb(255, 0, 0)","value":{"color":"rgb(255, 0, 0)","bootID":0.4633117574633625},"errors":[],"result":"PASS"}
{"kind":"ssr","managed":false,"perEnvironment":true,"replace":false,"closing":"edge","phase":"closed","consumer":"ssr","css":".example {\n  color: red;\n}","rendered":["rgb(255, 0, 0)","rgb(255, 0, 0)","rgb(255, 0, 0)"],"serverCSS":[],"result":"PASS"}
{"managed":false,"perEnvironment":true,"replace":false,"closing":"edge","phase":"partial-update","browser":"chromium","expected":"rgb(0, 128, 0)","value":{"color":"rgb(0, 128, 0)","bootID":0.40081992945128453},"errors":[],"result":"PASS"}
{"managed":false,"perEnvironment":true,"replace":false,"closing":"edge","phase":"partial-update","browser":"firefox","expected":"rgb(0, 128, 0)","value":{"color":"rgb(0, 128, 0)","bootID":0.1878863799304652},"errors":[],"result":"PASS"}
{"managed":false,"perEnvironment":true,"replace":false,"closing":"edge","phase":"partial-update","browser":"webkit","expected":"rgb(0, 128, 0)","value":{"color":"rgb(0, 128, 0)","bootID":0.4633117574633625},"errors":[],"result":"PASS"}
{"kind":"ssr","managed":false,"perEnvironment":true,"replace":false,"closing":"edge","phase":"partial-update","consumer":"ssr","css":".example {\n  color: green;\n}","rendered":["rgb(0, 128, 0)","rgb(0, 128, 0)","rgb(0, 128, 0)"],"serverCSS":[],"result":"PASS"}
{"managed":false,"perEnvironment":true,"replace":false,"closing":"edge","phase":"second-update","browser":"chromium","expected":"rgb(128, 0, 128)","value":{"color":"rgb(128, 0, 128)","bootID":0.40081992945128453},"errors":[],"result":"PASS"}
{"managed":false,"perEnvironment":true,"replace":false,"closing":"edge","phase":"second-update","browser":"firefox","expected":"rgb(128, 0, 128)","value":{"color":"rgb(128, 0, 128)","bootID":0.1878863799304652},"errors":[],"result":"PASS"}
{"managed":false,"perEnvironment":true,"replace":false,"closing":"edge","phase":"second-update","browser":"webkit","expected":"rgb(128, 0, 128)","value":{"color":"rgb(128, 0, 128)","bootID":0.4633117574633625},"errors":[],"result":"PASS"}
{"kind":"ssr","managed":false,"perEnvironment":true,"replace":false,"closing":"edge","phase":"second-update","consumer":"ssr","css":".example {\n  color: purple;\n}","rendered":["rgb(128, 0, 128)","rgb(128, 0, 128)","rgb(128, 0, 128)"],"serverCSS":[],"result":"PASS"}
{"managed":false,"perEnvironment":true,"replace":false,"closing":"ssr","phase":"initial","browser":"chromium","expected":"rgb(255, 0, 0)","value":{"color":"rgb(255, 0, 0)","bootID":0.3578419088523267},"errors":[],"result":"PASS"}
{"managed":false,"perEnvironment":true,"replace":false,"closing":"ssr","phase":"initial","browser":"firefox","expected":"rgb(255, 0, 0)","value":{"color":"rgb(255, 0, 0)","bootID":0.46431851364346544},"errors":[],"result":"PASS"}
{"managed":false,"perEnvironment":true,"replace":false,"closing":"ssr","phase":"initial","browser":"webkit","expected":"rgb(255, 0, 0)","value":{"color":"rgb(255, 0, 0)","bootID":0.9935600225461663},"errors":[],"result":"PASS"}
{"kind":"ssr","managed":false,"perEnvironment":true,"replace":false,"closing":"ssr","phase":"initial","consumer":"ssr","css":".example {\n  color: red;\n}","rendered":["rgb(255, 0, 0)","rgb(255, 0, 0)","rgb(255, 0, 0)"],"serverCSS":[],"result":"PASS"}
{"kind":"ssr","managed":false,"perEnvironment":true,"replace":false,"closing":"ssr","phase":"initial","consumer":"edge","css":".example {\n  color: red;\n}","rendered":["rgb(255, 0, 0)","rgb(255, 0, 0)","rgb(255, 0, 0)"],"serverCSS":[],"result":"PASS"}
{"managed":false,"perEnvironment":true,"replace":false,"closing":"ssr","phase":"closed","browser":"chromium","expected":"rgb(255, 0, 0)","value":{"color":"rgb(255, 0, 0)","bootID":0.3578419088523267},"errors":[],"result":"PASS"}
{"managed":false,"perEnvironment":true,"replace":false,"closing":"ssr","phase":"closed","browser":"firefox","expected":"rgb(255, 0, 0)","value":{"color":"rgb(255, 0, 0)","bootID":0.46431851364346544},"errors":[],"result":"PASS"}
{"managed":false,"perEnvironment":true,"replace":false,"closing":"ssr","phase":"closed","browser":"webkit","expected":"rgb(255, 0, 0)","value":{"color":"rgb(255, 0, 0)","bootID":0.9935600225461663},"errors":[],"result":"PASS"}
{"kind":"ssr","managed":false,"perEnvironment":true,"replace":false,"closing":"ssr","phase":"closed","consumer":"edge","css":".example {\n  color: red;\n}","rendered":["rgb(255, 0, 0)","rgb(255, 0, 0)","rgb(255, 0, 0)"],"serverCSS":[],"result":"PASS"}
{"managed":false,"perEnvironment":true,"replace":false,"closing":"ssr","phase":"partial-update","browser":"chromium","expected":"rgb(0, 128, 0)","value":{"color":"rgb(0, 128, 0)","bootID":0.3578419088523267},"errors":[],"result":"PASS"}
{"managed":false,"perEnvironment":true,"replace":false,"closing":"ssr","phase":"partial-update","browser":"firefox","expected":"rgb(0, 128, 0)","value":{"color":"rgb(0, 128, 0)","bootID":0.46431851364346544},"errors":[],"result":"PASS"}
{"managed":false,"perEnvironment":true,"replace":false,"closing":"ssr","phase":"partial-update","browser":"webkit","expected":"rgb(0, 128, 0)","value":{"color":"rgb(0, 128, 0)","bootID":0.9935600225461663},"errors":[],"result":"PASS"}
{"kind":"ssr","managed":false,"perEnvironment":true,"replace":false,"closing":"ssr","phase":"partial-update","consumer":"edge","css":".example {\n  color: green;\n}","rendered":["rgb(0, 128, 0)","rgb(0, 128, 0)","rgb(0, 128, 0)"],"serverCSS":[],"result":"PASS"}
{"managed":false,"perEnvironment":true,"replace":false,"closing":"ssr","phase":"second-update","browser":"chromium","expected":"rgb(128, 0, 128)","value":{"color":"rgb(128, 0, 128)","bootID":0.3578419088523267},"errors":[],"result":"PASS"}
{"managed":false,"perEnvironment":true,"replace":false,"closing":"ssr","phase":"second-update","browser":"firefox","expected":"rgb(128, 0, 128)","value":{"color":"rgb(128, 0, 128)","bootID":0.46431851364346544},"errors":[],"result":"PASS"}
{"managed":false,"perEnvironment":true,"replace":false,"closing":"ssr","phase":"second-update","browser":"webkit","expected":"rgb(128, 0, 128)","value":{"color":"rgb(128, 0, 128)","bootID":0.9935600225461663},"errors":[],"result":"PASS"}
{"kind":"ssr","managed":false,"perEnvironment":true,"replace":false,"closing":"ssr","phase":"second-update","consumer":"edge","css":".example {\n  color: purple;\n}","rendered":["rgb(128, 0, 128)","rgb(128, 0, 128)","rgb(128, 0, 128)"],"serverCSS":[],"result":"PASS"}
{"managed":true,"perEnvironment":true,"replace":false,"closing":"edge","phase":"initial","browser":"chromium","expected":"rgb(255, 0, 0)","value":{"color":"rgb(255, 0, 0)","bootID":0.9623556650656773},"errors":[],"result":"PASS"}
{"managed":true,"perEnvironment":true,"replace":false,"closing":"edge","phase":"initial","browser":"firefox","expected":"rgb(255, 0, 0)","value":{"color":"rgb(255, 0, 0)","bootID":0.059202151160014815},"errors":[],"result":"PASS"}
{"managed":true,"perEnvironment":true,"replace":false,"closing":"edge","phase":"initial","browser":"webkit","expected":"rgb(255, 0, 0)","value":{"color":"rgb(255, 0, 0)","bootID":0.43971564656772477},"errors":[],"result":"PASS"}
{"kind":"ssr","managed":true,"perEnvironment":true,"replace":false,"closing":"edge","phase":"initial","consumer":"ssr","css":".example {\n  color: red;\n}","rendered":["rgb(255, 0, 0)","rgb(255, 0, 0)","rgb(255, 0, 0)"],"serverCSS":[],"result":"PASS"}
{"kind":"ssr","managed":true,"perEnvironment":true,"replace":false,"closing":"edge","phase":"initial","consumer":"edge","css":".example {\n  color: red;\n}","rendered":["rgb(255, 0, 0)","rgb(255, 0, 0)","rgb(255, 0, 0)"],"serverCSS":[],"result":"PASS"}
{"managed":true,"perEnvironment":true,"replace":false,"closing":"edge","phase":"closed","browser":"chromium","expected":"rgb(255, 0, 0)","value":{"color":"rgb(255, 0, 0)","bootID":0.9623556650656773},"errors":[],"result":"PASS"}
{"managed":true,"perEnvironment":true,"replace":false,"closing":"edge","phase":"closed","browser":"firefox","expected":"rgb(255, 0, 0)","value":{"color":"rgb(255, 0, 0)","bootID":0.059202151160014815},"errors":[],"result":"PASS"}
{"managed":true,"perEnvironment":true,"replace":false,"closing":"edge","phase":"closed","browser":"webkit","expected":"rgb(255, 0, 0)","value":{"color":"rgb(255, 0, 0)","bootID":0.43971564656772477},"errors":[],"result":"PASS"}
{"kind":"ssr","managed":true,"perEnvironment":true,"replace":false,"closing":"edge","phase":"closed","consumer":"ssr","css":".example {\n  color: red;\n}","rendered":["rgb(255, 0, 0)","rgb(255, 0, 0)","rgb(255, 0, 0)"],"serverCSS":[],"result":"PASS"}
{"managed":true,"perEnvironment":true,"replace":false,"closing":"edge","phase":"partial-update","browser":"chromium","expected":"rgb(0, 128, 0)","value":{"color":"rgb(0, 128, 0)","bootID":0.9623556650656773},"errors":[],"result":"PASS"}
{"managed":true,"perEnvironment":true,"replace":false,"closing":"edge","phase":"partial-update","browser":"firefox","expected":"rgb(0, 128, 0)","value":{"color":"rgb(0, 128, 0)","bootID":0.059202151160014815},"errors":[],"result":"PASS"}
{"managed":true,"perEnvironment":true,"replace":false,"closing":"edge","phase":"partial-update","browser":"webkit","expected":"rgb(0, 128, 0)","value":{"color":"rgb(0, 128, 0)","bootID":0.43971564656772477},"errors":[],"result":"PASS"}
{"kind":"ssr","managed":true,"perEnvironment":true,"replace":false,"closing":"edge","phase":"partial-update","consumer":"ssr","css":".example {\n  color: green;\n}","rendered":["rgb(0, 128, 0)","rgb(0, 128, 0)","rgb(0, 128, 0)"],"serverCSS":[],"result":"PASS"}
{"managed":true,"perEnvironment":true,"replace":false,"closing":"edge","phase":"second-update","browser":"chromium","expected":"rgb(128, 0, 128)","value":{"color":"rgb(128, 0, 128)","bootID":0.9623556650656773},"errors":[],"result":"PASS"}
{"managed":true,"perEnvironment":true,"replace":false,"closing":"edge","phase":"second-update","browser":"firefox","expected":"rgb(128, 0, 128)","value":{"color":"rgb(128, 0, 128)","bootID":0.059202151160014815},"errors":[],"result":"PASS"}
{"managed":true,"perEnvironment":true,"replace":false,"closing":"edge","phase":"second-update","browser":"webkit","expected":"rgb(128, 0, 128)","value":{"color":"rgb(128, 0, 128)","bootID":0.43971564656772477},"errors":[],"result":"PASS"}
{"kind":"ssr","managed":true,"perEnvironment":true,"replace":false,"closing":"edge","phase":"second-update","consumer":"ssr","css":".example {\n  color: purple;\n}","rendered":["rgb(128, 0, 128)","rgb(128, 0, 128)","rgb(128, 0, 128)"],"serverCSS":[],"result":"PASS"}
{"managed":true,"perEnvironment":true,"replace":false,"closing":"ssr","phase":"initial","browser":"chromium","expected":"rgb(255, 0, 0)","value":{"color":"rgb(255, 0, 0)","bootID":0.7721460750111343},"errors":[],"result":"PASS"}
{"managed":true,"perEnvironment":true,"replace":false,"closing":"ssr","phase":"initial","browser":"firefox","expected":"rgb(255, 0, 0)","value":{"color":"rgb(255, 0, 0)","bootID":0.06115690498792514},"errors":[],"result":"PASS"}
{"managed":true,"perEnvironment":true,"replace":false,"closing":"ssr","phase":"initial","browser":"webkit","expected":"rgb(255, 0, 0)","value":{"color":"rgb(255, 0, 0)","bootID":0.714039245143538},"errors":[],"result":"PASS"}
{"kind":"ssr","managed":true,"perEnvironment":true,"replace":false,"closing":"ssr","phase":"initial","consumer":"ssr","css":".example {\n  color: red;\n}","rendered":["rgb(255, 0, 0)","rgb(255, 0, 0)","rgb(255, 0, 0)"],"serverCSS":[],"result":"PASS"}
{"kind":"ssr","managed":true,"perEnvironment":true,"replace":false,"closing":"ssr","phase":"initial","consumer":"edge","css":".example {\n  color: red;\n}","rendered":["rgb(255, 0, 0)","rgb(255, 0, 0)","rgb(255, 0, 0)"],"serverCSS":[],"result":"PASS"}
{"managed":true,"perEnvironment":true,"replace":false,"closing":"ssr","phase":"closed","browser":"chromium","expected":"rgb(255, 0, 0)","value":{"color":"rgb(255, 0, 0)","bootID":0.7721460750111343},"errors":[],"result":"PASS"}
{"managed":true,"perEnvironment":true,"replace":false,"closing":"ssr","phase":"closed","browser":"firefox","expected":"rgb(255, 0, 0)","value":{"color":"rgb(255, 0, 0)","bootID":0.06115690498792514},"errors":[],"result":"PASS"}
{"managed":true,"perEnvironment":true,"replace":false,"closing":"ssr","phase":"closed","browser":"webkit","expected":"rgb(255, 0, 0)","value":{"color":"rgb(255, 0, 0)","bootID":0.714039245143538},"errors":[],"result":"PASS"}
{"kind":"ssr","managed":true,"perEnvironment":true,"replace":false,"closing":"ssr","phase":"closed","consumer":"edge","css":".example {\n  color: red;\n}","rendered":["rgb(255, 0, 0)","rgb(255, 0, 0)","rgb(255, 0, 0)"],"serverCSS":[],"result":"PASS"}
{"managed":true,"perEnvironment":true,"replace":false,"closing":"ssr","phase":"partial-update","browser":"chromium","expected":"rgb(0, 128, 0)","value":{"color":"rgb(0, 128, 0)","bootID":0.7721460750111343},"errors":[],"result":"PASS"}
{"managed":true,"perEnvironment":true,"replace":false,"closing":"ssr","phase":"partial-update","browser":"firefox","expected":"rgb(0, 128, 0)","value":{"color":"rgb(0, 128, 0)","bootID":0.06115690498792514},"errors":[],"result":"PASS"}
{"managed":true,"perEnvironment":true,"replace":false,"closing":"ssr","phase":"partial-update","browser":"webkit","expected":"rgb(0, 128, 0)","value":{"color":"rgb(0, 128, 0)","bootID":0.714039245143538},"errors":[],"result":"PASS"}
{"kind":"ssr","managed":true,"perEnvironment":true,"replace":false,"closing":"ssr","phase":"partial-update","consumer":"edge","css":".example {\n  color: green;\n}","rendered":["rgb(0, 128, 0)","rgb(0, 128, 0)","rgb(0, 128, 0)"],"serverCSS":[],"result":"PASS"}
{"managed":true,"perEnvironment":true,"replace":false,"closing":"ssr","phase":"second-update","browser":"chromium","expected":"rgb(128, 0, 128)","value":{"color":"rgb(128, 0, 128)","bootID":0.7721460750111343},"errors":[],"result":"PASS"}
{"managed":true,"perEnvironment":true,"replace":false,"closing":"ssr","phase":"second-update","browser":"firefox","expected":"rgb(128, 0, 128)","value":{"color":"rgb(128, 0, 128)","bootID":0.06115690498792514},"errors":[],"result":"PASS"}
{"managed":true,"perEnvironment":true,"replace":false,"closing":"ssr","phase":"second-update","browser":"webkit","expected":"rgb(128, 0, 128)","value":{"color":"rgb(128, 0, 128)","bootID":0.714039245143538},"errors":[],"result":"PASS"}
{"kind":"ssr","managed":true,"perEnvironment":true,"replace":false,"closing":"ssr","phase":"second-update","consumer":"edge","css":".example {\n  color: purple;\n}","rendered":["rgb(128, 0, 128)","rgb(128, 0, 128)","rgb(128, 0, 128)"],"serverCSS":[],"result":"PASS"}
{"browserComparisons":48,"browserFailures":0,"ssrOutputs":20,"ssrFailures":0,"hostErrors":0}
