{"managed":false,"perEnvironment":true,"replace":true,"closing":"edge","phase":"initial","browser":"chromium","expected":"rgb(255, 0, 0)","value":{"color":"rgb(255, 0, 0)","bootID":0.16656737342060068},"errors":[],"result":"PASS"}
{"managed":false,"perEnvironment":true,"replace":true,"closing":"edge","phase":"initial","browser":"firefox","expected":"rgb(255, 0, 0)","value":{"color":"rgb(255, 0, 0)","bootID":0.6879893508724546},"errors":[],"result":"PASS"}
{"managed":false,"perEnvironment":true,"replace":true,"closing":"edge","phase":"initial","browser":"webkit","expected":"rgb(255, 0, 0)","value":{"color":"rgb(255, 0, 0)","bootID":0.5293120031689268},"errors":[],"result":"PASS"}
{"kind":"ssr","managed":false,"perEnvironment":true,"replace":true,"closing":"edge","phase":"initial","consumer":"ssr","css":".example {\n  color: red;\n}","rendered":["rgb(255, 0, 0)","rgb(255, 0, 0)","rgb(255, 0, 0)"],"serverCSS":[],"result":"PASS"}
{"kind":"ssr","managed":false,"perEnvironment":true,"replace":true,"closing":"edge","phase":"initial","consumer":"edge","css":".example {\n  color: red;\n}","rendered":["rgb(255, 0, 0)","rgb(255, 0, 0)","rgb(255, 0, 0)"],"serverCSS":[],"result":"PASS"}
{"managed":false,"perEnvironment":true,"replace":true,"closing":"edge","phase":"closed","browser":"chromium","expected":"rgb(255, 0, 0)","value":{"color":"rgb(255, 0, 0)","bootID":0.16656737342060068},"errors":[],"result":"PASS"}
{"managed":false,"perEnvironment":true,"replace":true,"closing":"edge","phase":"closed","browser":"firefox","expected":"rgb(255, 0, 0)","value":{"color":"rgb(255, 0, 0)","bootID":0.6879893508724546},"errors":[],"result":"PASS"}
{"managed":false,"perEnvironment":true,"replace":true,"closing":"edge","phase":"closed","browser":"webkit","expected":"rgb(255, 0, 0)","value":{"color":"rgb(255, 0, 0)","bootID":0.5293120031689268},"errors":[],"result":"PASS"}
{"kind":"ssr","managed":false,"perEnvironment":true,"replace":true,"closing":"edge","phase":"closed","consumer":"ssr","css":".example {\n  color: red;\n}","rendered":["rgb(255, 0, 0)","rgb(255, 0, 0)","rgb(255, 0, 0)"],"serverCSS":[],"result":"PASS"}
{"kind":"ssr","managed":false,"perEnvironment":true,"replace":true,"closing":"edge","phase":"closed","consumer":"edge","css":".example {\n  color: red;\n}","rendered":["rgb(255, 0, 0)","rgb(255, 0, 0)","rgb(255, 0, 0)"],"serverCSS":[],"result":"PASS"}
{"managed":false,"perEnvironment":true,"replace":true,"closing":"edge","phase":"partial-update","browser":"chromium","expected":"rgb(0, 128, 0)","value":{"color":"rgb(0, 128, 0)","bootID":0.16656737342060068},"errors":[],"result":"PASS"}
{"managed":false,"perEnvironment":true,"replace":true,"closing":"edge","phase":"partial-update","browser":"firefox","expected":"rgb(0, 128, 0)","value":{"color":"rgb(0, 128, 0)","bootID":0.6879893508724546},"errors":[],"result":"PASS"}
{"managed":false,"perEnvironment":true,"replace":true,"closing":"edge","phase":"partial-update","browser":"webkit","expected":"rgb(0, 128, 0)","value":{"color":"rgb(0, 128, 0)","bootID":0.5293120031689268},"errors":[],"result":"PASS"}
{"kind":"ssr","managed":false,"perEnvironment":true,"replace":true,"closing":"edge","phase":"partial-update","consumer":"ssr","css":".example {\n  color: green;\n}","rendered":["rgb(0, 128, 0)","rgb(0, 128, 0)","rgb(0, 128, 0)"],"serverCSS":[],"result":"PASS"}
{"kind":"ssr","managed":false,"perEnvironment":true,"replace":true,"closing":"edge","phase":"partial-update","consumer":"edge","css":".example {\n  color: green;\n}","rendered":["rgb(0, 128, 0)","rgb(0, 128, 0)","rgb(0, 128, 0)"],"serverCSS":[],"result":"PASS"}
{"managed":false,"perEnvironment":true,"replace":true,"closing":"edge","phase":"second-update","browser":"chromium","expected":"rgb(128, 0, 128)","value":{"color":"rgb(128, 0, 128)","bootID":0.16656737342060068},"errors":[],"result":"PASS"}
{"managed":false,"perEnvironment":true,"replace":true,"closing":"edge","phase":"second-update","browser":"firefox","expected":"rgb(128, 0, 128)","value":{"color":"rgb(128, 0, 128)","bootID":0.6879893508724546},"errors":[],"result":"PASS"}
{"managed":false,"perEnvironment":true,"replace":true,"closing":"edge","phase":"second-update","browser":"webkit","expected":"rgb(128, 0, 128)","value":{"color":"rgb(128, 0, 128)","bootID":0.5293120031689268},"errors":[],"result":"PASS"}
{"kind":"ssr","managed":false,"perEnvironment":true,"replace":true,"closing":"edge","phase":"second-update","consumer":"ssr","css":".example {\n  color: purple;\n}","rendered":["rgb(128, 0, 128)","rgb(128, 0, 128)","rgb(128, 0, 128)"],"serverCSS":[],"result":"PASS"}
{"kind":"ssr","managed":false,"perEnvironment":true,"replace":true,"closing":"edge","phase":"second-update","consumer":"edge","css":".example {\n  color: purple;\n}","rendered":["rgb(128, 0, 128)","rgb(128, 0, 128)","rgb(128, 0, 128)"],"serverCSS":[],"result":"PASS"}
{"managed":false,"perEnvironment":true,"replace":true,"closing":"ssr","phase":"initial","browser":"chromium","expected":"rgb(255, 0, 0)","value":{"color":"rgb(255, 0, 0)","bootID":0.4717927461296043},"errors":[],"result":"PASS"}
{"managed":false,"perEnvironment":true,"replace":true,"closing":"ssr","phase":"initial","browser":"firefox","expected":"rgb(255, 0, 0)","value":{"color":"rgb(255, 0, 0)","bootID":0.3250319198039281},"errors":[],"result":"PASS"}
{"managed":false,"perEnvironment":true,"replace":true,"closing":"ssr","phase":"initial","browser":"webkit","expected":"rgb(255, 0, 0)","value":{"color":"rgb(255, 0, 0)","bootID":0.5257706867798089},"errors":[],"result":"PASS"}
{"kind":"ssr","managed":false,"perEnvironment":true,"replace":true,"closing":"ssr","phase":"initial","consumer":"ssr","css":".example {\n  color: red;\n}","rendered":["rgb(255, 0, 0)","rgb(255, 0, 0)","rgb(255, 0, 0)"],"serverCSS":[],"result":"PASS"}
{"kind":"ssr","managed":false,"perEnvironment":true,"replace":true,"closing":"ssr","phase":"initial","consumer":"edge","css":".example {\n  color: red;\n}","rendered":["rgb(255, 0, 0)","rgb(255, 0, 0)","rgb(255, 0, 0)"],"serverCSS":[],"result":"PASS"}
{"managed":false,"perEnvironment":true,"replace":true,"closing":"ssr","phase":"closed","browser":"chromium","expected":"rgb(255, 0, 0)","value":{"color":"rgb(255, 0, 0)","bootID":0.4717927461296043},"errors":[],"result":"PASS"}
{"managed":false,"perEnvironment":true,"replace":true,"closing":"ssr","phase":"closed","browser":"firefox","expected":"rgb(255, 0, 0)","value":{"color":"rgb(255, 0, 0)","bootID":0.3250319198039281},"errors":[],"result":"PASS"}
{"managed":false,"perEnvironment":true,"replace":true,"closing":"ssr","phase":"closed","browser":"webkit","expected":"rgb(255, 0, 0)","value":{"color":"rgb(255, 0, 0)","bootID":0.5257706867798089},"errors":[],"result":"PASS"}
{"kind":"ssr","managed":false,"perEnvironment":true,"replace":true,"closing":"ssr","phase":"closed","consumer":"ssr","css":".example {\n  color: red;\n}","rendered":["rgb(255, 0, 0)","rgb(255, 0, 0)","rgb(255, 0, 0)"],"serverCSS":[],"result":"PASS"}
{"kind":"ssr","managed":false,"perEnvironment":true,"replace":true,"closing":"ssr","phase":"closed","consumer":"edge","css":".example {\n  color: red;\n}","rendered":["rgb(255, 0, 0)","rgb(255, 0, 0)","rgb(255, 0, 0)"],"serverCSS":[],"result":"PASS"}
{"managed":false,"perEnvironment":true,"replace":true,"closing":"ssr","phase":"partial-update","browser":"chromium","expected":"rgb(0, 128, 0)","value":{"color":"rgb(0, 128, 0)","bootID":0.4717927461296043},"errors":[],"result":"PASS"}
{"managed":false,"perEnvironment":true,"replace":true,"closing":"ssr","phase":"partial-update","browser":"firefox","expected":"rgb(0, 128, 0)","value":{"color":"rgb(0, 128, 0)","bootID":0.3250319198039281},"errors":[],"result":"PASS"}
{"managed":false,"perEnvironment":true,"replace":true,"closing":"ssr","phase":"partial-update","browser":"webkit","expected":"rgb(0, 128, 0)","value":{"color":"rgb(0, 128, 0)","bootID":0.5257706867798089},"errors":[],"result":"PASS"}
{"kind":"ssr","managed":false,"perEnvironment":true,"replace":true,"closing":"ssr","phase":"partial-update","consumer":"ssr","css":".example {\n  color: green;\n}","rendered":["rgb(0, 128, 0)","rgb(0, 128, 0)","rgb(0, 128, 0)"],"serverCSS":[],"result":"PASS"}
{"kind":"ssr","managed":false,"perEnvironment":true,"replace":true,"closing":"ssr","phase":"partial-update","consumer":"edge","css":".example {\n  color: green;\n}","rendered":["rgb(0, 128, 0)","rgb(0, 128, 0)","rgb(0, 128, 0)"],"serverCSS":[],"result":"PASS"}
{"managed":false,"perEnvironment":true,"replace":true,"closing":"ssr","phase":"second-update","browser":"chromium","expected":"rgb(128, 0, 128)","value":{"color":"rgb(128, 0, 128)","bootID":0.4717927461296043},"errors":[],"result":"PASS"}
{"managed":false,"perEnvironment":true,"replace":true,"closing":"ssr","phase":"second-update","browser":"firefox","expected":"rgb(128, 0, 128)","value":{"color":"rgb(128, 0, 128)","bootID":0.3250319198039281},"errors":[],"result":"PASS"}
{"managed":false,"perEnvironment":true,"replace":true,"closing":"ssr","phase":"second-update","browser":"webkit","expected":"rgb(128, 0, 128)","value":{"color":"rgb(128, 0, 128)","bootID":0.5257706867798089},"errors":[],"result":"PASS"}
{"kind":"ssr","managed":false,"perEnvironment":true,"replace":true,"closing":"ssr","phase":"second-update","consumer":"ssr","css":".example {\n  color: purple;\n}","rendered":["rgb(128, 0, 128)","rgb(128, 0, 128)","rgb(128, 0, 128)"],"serverCSS":[],"result":"PASS"}
{"kind":"ssr","managed":false,"perEnvironment":true,"replace":true,"closing":"ssr","phase":"second-update","consumer":"edge","css":".example {\n  color: purple;\n}","rendered":["rgb(128, 0, 128)","rgb(128, 0, 128)","rgb(128, 0, 128)"],"serverCSS":[],"result":"PASS"}
{"managed":true,"perEnvironment":true,"replace":true,"closing":"edge","phase":"initial","browser":"chromium","expected":"rgb(255, 0, 0)","value":{"color":"rgb(255, 0, 0)","bootID":0.3380906617183145},"errors":[],"result":"PASS"}
{"managed":true,"perEnvironment":true,"replace":true,"closing":"edge","phase":"initial","browser":"firefox","expected":"rgb(255, 0, 0)","value":{"color":"rgb(255, 0, 0)","bootID":0.1467823343762803},"errors":[],"result":"PASS"}
{"managed":true,"perEnvironment":true,"replace":true,"closing":"edge","phase":"initial","browser":"webkit","expected":"rgb(255, 0, 0)","value":{"color":"rgb(255, 0, 0)","bootID":0.5304447356335854},"errors":[],"result":"PASS"}
{"kind":"ssr","managed":true,"perEnvironment":true,"replace":true,"closing":"edge","phase":"initial","consumer":"ssr","css":".example {\n  color: red;\n}","rendered":["rgb(255, 0, 0)","rgb(255, 0, 0)","rgb(255, 0, 0)"],"serverCSS":[],"result":"PASS"}
{"kind":"ssr","managed":true,"perEnvironment":true,"replace":true,"closing":"edge","phase":"initial","consumer":"edge","css":".example {\n  color: red;\n}","rendered":["rgb(255, 0, 0)","rgb(255, 0, 0)","rgb(255, 0, 0)"],"serverCSS":[],"result":"PASS"}
{"managed":true,"perEnvironment":true,"replace":true,"closing":"edge","phase":"closed","browser":"chromium","expected":"rgb(255, 0, 0)","value":{"color":"rgb(255, 0, 0)","bootID":0.3380906617183145},"errors":[],"result":"PASS"}
{"managed":true,"perEnvironment":true,"replace":true,"closing":"edge","phase":"closed","browser":"firefox","expected":"rgb(255, 0, 0)","value":{"color":"rgb(255, 0, 0)","bootID":0.1467823343762803},"errors":[],"result":"PASS"}
{"managed":true,"perEnvironment":true,"replace":true,"closing":"edge","phase":"closed","browser":"webkit","expected":"rgb(255, 0, 0)","value":{"color":"rgb(255, 0, 0)","bootID":0.5304447356335854},"errors":[],"result":"PASS"}
{"kind":"ssr","managed":true,"perEnvironment":true,"replace":true,"closing":"edge","phase":"closed","consumer":"ssr","css":".example {\n  color: red;\n}","rendered":["rgb(255, 0, 0)","rgb(255, 0, 0)","rgb(255, 0, 0)"],"serverCSS":[],"result":"PASS"}
{"kind":"ssr","managed":true,"perEnvironment":true,"replace":true,"closing":"edge","phase":"closed","consumer":"edge","css":".example {\n  color: red;\n}","rendered":["rgb(255, 0, 0)","rgb(255, 0, 0)","rgb(255, 0, 0)"],"serverCSS":[],"result":"PASS"}
{"managed":true,"perEnvironment":true,"replace":true,"closing":"edge","phase":"partial-update","browser":"chromium","expected":"rgb(0, 128, 0)","value":{"color":"rgb(0, 128, 0)","bootID":0.3380906617183145},"errors":[],"result":"PASS"}
{"managed":true,"perEnvironment":true,"replace":true,"closing":"edge","phase":"partial-update","browser":"firefox","expected":"rgb(0, 128, 0)","value":{"color":"rgb(0, 128, 0)","bootID":0.1467823343762803},"errors":[],"result":"PASS"}
{"managed":true,"perEnvironment":true,"replace":true,"closing":"edge","phase":"partial-update","browser":"webkit","expected":"rgb(0, 128, 0)","value":{"color":"rgb(0, 128, 0)","bootID":0.5304447356335854},"errors":[],"result":"PASS"}
{"kind":"ssr","managed":true,"perEnvironment":true,"replace":true,"closing":"edge","phase":"partial-update","consumer":"ssr","css":".example {\n  color: green;\n}","rendered":["rgb(0, 128, 0)","rgb(0, 128, 0)","rgb(0, 128, 0)"],"serverCSS":[],"result":"PASS"}
{"kind":"ssr","managed":true,"perEnvironment":true,"replace":true,"closing":"edge","phase":"partial-update","consumer":"edge","css":".example {\n  color: green;\n}","rendered":["rgb(0, 128, 0)","rgb(0, 128, 0)","rgb(0, 128, 0)"],"serverCSS":[],"result":"PASS"}
{"managed":true,"perEnvironment":true,"replace":true,"closing":"edge","phase":"second-update","browser":"chromium","expected":"rgb(128, 0, 128)","value":{"color":"rgb(128, 0, 128)","bootID":0.3380906617183145},"errors":[],"result":"PASS"}
{"managed":true,"perEnvironment":true,"replace":true,"closing":"edge","phase":"second-update","browser":"firefox","expected":"rgb(128, 0, 128)","value":{"color":"rgb(128, 0, 128)","bootID":0.1467823343762803},"errors":[],"result":"PASS"}
{"managed":true,"perEnvironment":true,"replace":true,"closing":"edge","phase":"second-update","browser":"webkit","expected":"rgb(128, 0, 128)","value":{"color":"rgb(128, 0, 128)","bootID":0.5304447356335854},"errors":[],"result":"PASS"}
{"kind":"ssr","managed":true,"perEnvironment":true,"replace":true,"closing":"edge","phase":"second-update","consumer":"ssr","css":".example {\n  color: purple;\n}","rendered":["rgb(128, 0, 128)","rgb(128, 0, 128)","rgb(128, 0, 128)"],"serverCSS":[],"result":"PASS"}
{"kind":"ssr","managed":true,"perEnvironment":true,"replace":true,"closing":"edge","phase":"second-update","consumer":"edge","css":".example {\n  color: purple;\n}","rendered":["rgb(128, 0, 128)","rgb(128, 0, 128)","rgb(128, 0, 128)"],"serverCSS":[],"result":"PASS"}
{"managed":true,"perEnvironment":true,"replace":true,"closing":"ssr","phase":"initial","browser":"chromium","expected":"rgb(255, 0, 0)","value":{"color":"rgb(255, 0, 0)","bootID":0.8440489781112656},"errors":[],"result":"PASS"}
{"managed":true,"perEnvironment":true,"replace":true,"closing":"ssr","phase":"initial","browser":"firefox","expected":"rgb(255, 0, 0)","value":{"color":"rgb(255, 0, 0)","bootID":0.6865817620012642},"errors":[],"result":"PASS"}
{"managed":true,"perEnvironment":true,"replace":true,"closing":"ssr","phase":"initial","browser":"webkit","expected":"rgb(255, 0, 0)","value":{"color":"rgb(255, 0, 0)","bootID":0.6264002262828348},"errors":[],"result":"PASS"}
{"kind":"ssr","managed":true,"perEnvironment":true,"replace":true,"closing":"ssr","phase":"initial","consumer":"ssr","css":".example {\n  color: red;\n}","rendered":["rgb(255, 0, 0)","rgb(255, 0, 0)","rgb(255, 0, 0)"],"serverCSS":[],"result":"PASS"}
{"kind":"ssr","managed":true,"perEnvironment":true,"replace":true,"closing":"ssr","phase":"initial","consumer":"edge","css":".example {\n  color: red;\n}","rendered":["rgb(255, 0, 0)","rgb(255, 0, 0)","rgb(255, 0, 0)"],"serverCSS":[],"result":"PASS"}
{"managed":true,"perEnvironment":true,"replace":true,"closing":"ssr","phase":"closed","browser":"chromium","expected":"rgb(255, 0, 0)","value":{"color":"rgb(255, 0, 0)","bootID":0.8440489781112656},"errors":[],"result":"PASS"}
{"managed":true,"perEnvironment":true,"replace":true,"closing":"ssr","phase":"closed","browser":"firefox","expected":"rgb(255, 0, 0)","value":{"color":"rgb(255, 0, 0)","bootID":0.6865817620012642},"errors":[],"result":"PASS"}
{"managed":true,"perEnvironment":true,"replace":true,"closing":"ssr","phase":"closed","browser":"webkit","expected":"rgb(255, 0, 0)","value":{"color":"rgb(255, 0, 0)","bootID":0.6264002262828348},"errors":[],"result":"PASS"}
{"kind":"ssr","managed":true,"perEnvironment":true,"replace":true,"closing":"ssr","phase":"closed","consumer":"ssr","css":".example {\n  color: red;\n}","rendered":["rgb(255, 0, 0)","rgb(255, 0, 0)","rgb(255, 0, 0)"],"serverCSS":[],"result":"PASS"}
{"kind":"ssr","managed":true,"perEnvironment":true,"replace":true,"closing":"ssr","phase":"closed","consumer":"edge","css":".example {\n  color: red;\n}","rendered":["rgb(255, 0, 0)","rgb(255, 0, 0)","rgb(255, 0, 0)"],"serverCSS":[],"result":"PASS"}
{"managed":true,"perEnvironment":true,"replace":true,"closing":"ssr","phase":"partial-update","browser":"chromium","expected":"rgb(0, 128, 0)","value":{"color":"rgb(0, 128, 0)","bootID":0.8440489781112656},"errors":[],"result":"PASS"}
{"managed":true,"perEnvironment":true,"replace":true,"closing":"ssr","phase":"partial-update","browser":"firefox","expected":"rgb(0, 128, 0)","value":{"color":"rgb(0, 128, 0)","bootID":0.6865817620012642},"errors":[],"result":"PASS"}
{"managed":true,"perEnvironment":true,"replace":true,"closing":"ssr","phase":"partial-update","browser":"webkit","expected":"rgb(0, 128, 0)","value":{"color":"rgb(0, 128, 0)","bootID":0.6264002262828348},"errors":[],"result":"PASS"}
{"kind":"ssr","managed":true,"perEnvironment":true,"replace":true,"closing":"ssr","phase":"partial-update","consumer":"ssr","css":".example {\n  color: green;\n}","rendered":["rgb(0, 128, 0)","rgb(0, 128, 0)","rgb(0, 128, 0)"],"serverCSS":[],"result":"PASS"}
{"kind":"ssr","managed":true,"perEnvironment":true,"replace":true,"closing":"ssr","phase":"partial-update","consumer":"edge","css":".example {\n  color: green;\n}","rendered":["rgb(0, 128, 0)","rgb(0, 128, 0)","rgb(0, 128, 0)"],"serverCSS":[],"result":"PASS"}
{"managed":true,"perEnvironment":true,"replace":true,"closing":"ssr","phase":"second-update","browser":"chromium","expected":"rgb(128, 0, 128)","value":{"color":"rgb(128, 0, 128)","bootID":0.8440489781112656},"errors":[],"result":"PASS"}
{"managed":true,"perEnvironment":true,"replace":true,"closing":"ssr","phase":"second-update","browser":"firefox","expected":"rgb(128, 0, 128)","value":{"color":"rgb(128, 0, 128)","bootID":0.6865817620012642},"errors":[],"result":"PASS"}
{"managed":true,"perEnvironment":true,"replace":true,"closing":"ssr","phase":"second-update","browser":"webkit","expected":"rgb(128, 0, 128)","value":{"color":"rgb(128, 0, 128)","bootID":0.6264002262828348},"errors":[],"result":"PASS"}
{"kind":"ssr","managed":true,"perEnvironment":true,"replace":true,"closing":"ssr","phase":"second-update","consumer":"ssr","css":".example {\n  color: purple;\n}","rendered":["rgb(128, 0, 128)","rgb(128, 0, 128)","rgb(128, 0, 128)"],"serverCSS":[],"result":"PASS"}
{"kind":"ssr","managed":true,"perEnvironment":true,"replace":true,"closing":"ssr","phase":"second-update","consumer":"edge","css":".example {\n  color: purple;\n}","rendered":["rgb(128, 0, 128)","rgb(128, 0, 128)","rgb(128, 0, 128)"],"serverCSS":[],"result":"PASS"}
{"browserComparisons":48,"browserFailures":0,"ssrOutputs":32,"ssrFailures":0,"hostErrors":0}
