$ vitest --run tests/plugins/bug-hunt-shared-plugin-builds.test.ts -t 'concurrent HTML'
(!) Your Vite config uses features that are unsupported by `configLoader: 'native'`, which is planned to become the default in a future major version of Vite:
  - import "../../shared/vitest.config" without a file extension (vitest.config.ts:2:20). Add the file extension
  - import "./vitest-ci-config" without a file extension (../../shared/vitest.config.ts:2:58). Add the file extension
Set `VITE_CONFIG_NATIVE_IGNORE_WARNING=true` to suppress this warning.

 RUN  v5.0.0 /Users/aron/master/css/packages/vite

 ❯ tests/plugins/bug-hunt-shared-plugin-builds.test.ts (8 tests | 2 failed | 4 skipped) 4142ms
   × BH-0004 shared pre-render plugins isolate concurrent HTML builds and resources 447ms
   × BH-0004 shared progressive plugins isolate concurrent HTML builds and resources 414ms

⎯⎯⎯⎯⎯⎯⎯ Failed Tests 2 ⎯⎯⎯⎯⎯⎯⎯

 FAIL  tests/plugins/bug-hunt-shared-plugin-builds.test.ts > BH-0004 shared pre-render plugins isolate concurrent HTML builds and resources
Unknown Error: Cannot inline a qualified CSS import containing unresolved imports; resolve its nested imports first
⎯⎯⎯⎯⎯⎯⎯⎯⎯⎯⎯⎯⎯⎯⎯⎯⎯⎯⎯⎯⎯⎯⎯⎯[1/2]⎯

 FAIL  tests/plugins/bug-hunt-shared-plugin-builds.test.ts > BH-0004 shared progressive plugins isolate concurrent HTML builds and resources
Unknown Error: Cannot inline a qualified CSS import containing unresolved imports; resolve its nested imports first
⎯⎯⎯⎯⎯⎯⎯⎯⎯⎯⎯⎯⎯⎯⎯⎯⎯⎯⎯⎯⎯⎯⎯⎯[2/2]⎯


 Test Files  1 failed (1)
      Tests  2 failed | 2 passed | 4 skipped (8)
   Start at  00:10:13
   Duration  4.60s (tests 91%, transform 6%, import 3%)

[ELIFECYCLE] Test failed. See above for more details.
Error: ERR_PNPM_RECURSIVE_RUN_FIRST_FAIL

  × "pnpm recursive run" failed in /Users/aron/master/css/packages/vite

