$ vitest --run tests/plugins/bug-hunt-shared-plugin-builds.test.ts tests/plugins/bug-hunt-shared-plugin-roots.test.ts tests/plugins/pre-render.test.ts
(!) Your Vite config uses features that are unsupported by `configLoader: 'native'`, which is planned to become the default in a future major version of Vite:
  - import "../../shared/vitest.config" without a file extension (vitest.config.ts:2:20). Add the file extension
  - import "./vitest-ci-config" without a file extension (../../shared/vitest.config.ts:2:58). Add the file extension
Set `VITE_CONFIG_NATIVE_IGNORE_WARNING=true` to suppress this warning.

 RUN  v5.0.0 /Users/aron/master/css/packages/vite

 ❯ tests/plugins/bug-hunt-shared-plugin-builds.test.ts (8 tests | 4 failed) 18631ms
   × BH-0004 shared SSR/client plugins preserve base= with config file false 2382ms
   × BH-0004 shared SSR/client plugins preserve base=./ with config file false 2419ms
   × BH-0004 shared SSR/client plugins preserve base= with config file true 2383ms
   × BH-0004 shared SSR/client plugins preserve base=./ with config file true 2409ms

⎯⎯⎯⎯⎯⎯⎯ Failed Tests 4 ⎯⎯⎯⎯⎯⎯⎯

 FAIL  tests/plugins/bug-hunt-shared-plugin-builds.test.ts > BH-0004 shared SSR/client plugins preserve base= with config file false
AssertionError: expected Map{ …(1) } to deeply equal Map{ …(1) }

- Expected
+ Received

  Map {
-   "assets/master-css-inline-5c3b30af2e0b9bb6014d-3-5e45ec244402d00c7828.css" => "@import \"https://external.test/style.css\";
+   "assets/master-css-inline-b8142e9695a4742109ea-3-a55f59d27c395ca34261.css" => "@import \"https://external.test/style.css\";

  .child {
    background: url(\"master-css-resource-92b906bc6b933ae8e5a3.svg\");
  }",
  }

 ❯ tests/plugins/bug-hunt-shared-plugin-builds.test.ts:79:27
     77|         const inline = retained.map(assets => new Map([...assets].filt…
     78|         expect(inline[0].size).toBeGreaterThan(0)
     79|         expect(inline[1]).toEqual(inline[0])
       |                           ^
     80|         for (const css of inline[1].values()) {
     81|           if (index) expect(css).toContain('/second/')
 ❯ rootsFixture tests/plugins/bug-hunt-shared-plugin-builds.test.ts:21:5
 ❯ tests/plugins/bug-hunt-shared-plugin-builds.test.ts:62:5

⎯⎯⎯⎯⎯⎯⎯⎯⎯⎯⎯⎯⎯⎯⎯⎯⎯⎯⎯⎯⎯⎯⎯⎯[1/4]⎯

 FAIL  tests/plugins/bug-hunt-shared-plugin-builds.test.ts > BH-0004 shared SSR/client plugins preserve base=./ with config file false
AssertionError: expected Map{ …(1) } to deeply equal Map{ …(1) }

- Expected
+ Received

  Map {
-   "assets/master-css-inline-eb57be2ff2af62a15b96-3-3a55c0922c425a7d2739.css" => "@import \"https://external.test/style.css\";
+   "assets/master-css-inline-77c323d19310b269e6c5-3-cc2ba6d61ec5c9de7d37.css" => "@import \"https://external.test/style.css\";

  .child {
    background: url(\"master-css-resource-92b906bc6b933ae8e5a3.svg\");
  }",
  }

 ❯ tests/plugins/bug-hunt-shared-plugin-builds.test.ts:79:27
     77|         const inline = retained.map(assets => new Map([...assets].filt…
     78|         expect(inline[0].size).toBeGreaterThan(0)
     79|         expect(inline[1]).toEqual(inline[0])
       |                           ^
     80|         for (const css of inline[1].values()) {
     81|           if (index) expect(css).toContain('/second/')
 ❯ rootsFixture tests/plugins/bug-hunt-shared-plugin-builds.test.ts:21:5
 ❯ tests/plugins/bug-hunt-shared-plugin-builds.test.ts:62:5

⎯⎯⎯⎯⎯⎯⎯⎯⎯⎯⎯⎯⎯⎯⎯⎯⎯⎯⎯⎯⎯⎯⎯⎯[2/4]⎯

 FAIL  tests/plugins/bug-hunt-shared-plugin-builds.test.ts > BH-0004 shared SSR/client plugins preserve base= with config file true
AssertionError: expected Map{ …(1) } to deeply equal Map{ …(1) }

- Expected
+ Received

  Map {
-   "assets/master-css-inline-6fd9edfa75ef5bcee9bf-3-494ea7b63e7bda967f9e.css" => "@import \"https://external.test/style.css\";
+   "assets/master-css-inline-df57699d9d188bc32911-3-ab32f829929ac7e9e987.css" => "@import \"https://external.test/style.css\";

  .child {
    background: url(\"master-css-resource-92b906bc6b933ae8e5a3.svg\");
  }",
  }

 ❯ tests/plugins/bug-hunt-shared-plugin-builds.test.ts:79:27
     77|         const inline = retained.map(assets => new Map([...assets].filt…
     78|         expect(inline[0].size).toBeGreaterThan(0)
     79|         expect(inline[1]).toEqual(inline[0])
       |                           ^
     80|         for (const css of inline[1].values()) {
     81|           if (index) expect(css).toContain('/second/')
 ❯ rootsFixture tests/plugins/bug-hunt-shared-plugin-builds.test.ts:21:5
 ❯ tests/plugins/bug-hunt-shared-plugin-builds.test.ts:62:5

⎯⎯⎯⎯⎯⎯⎯⎯⎯⎯⎯⎯⎯⎯⎯⎯⎯⎯⎯⎯⎯⎯⎯⎯[3/4]⎯

 FAIL  tests/plugins/bug-hunt-shared-plugin-builds.test.ts > BH-0004 shared SSR/client plugins preserve base=./ with config file true
AssertionError: expected Map{ …(1) } to deeply equal Map{ …(1) }

- Expected
+ Received

  Map {
-   "assets/master-css-inline-49b1b8ec5a46dd4b1fe3-3-2c984ca750c340d67136.css" => "@import \"https://external.test/style.css\";
+   "assets/master-css-inline-cd13d89198d857273ab0-3-ac963df5b6f3d643f928.css" => "@import \"https://external.test/style.css\";

  .child {
    background: url(\"master-css-resource-92b906bc6b933ae8e5a3.svg\");
  }",
  }

 ❯ tests/plugins/bug-hunt-shared-plugin-builds.test.ts:79:27
     77|         const inline = retained.map(assets => new Map([...assets].filt…
     78|         expect(inline[0].size).toBeGreaterThan(0)
     79|         expect(inline[1]).toEqual(inline[0])
       |                           ^
     80|         for (const css of inline[1].values()) {
     81|           if (index) expect(css).toContain('/second/')
 ❯ rootsFixture tests/plugins/bug-hunt-shared-plugin-builds.test.ts:21:5
 ❯ tests/plugins/bug-hunt-shared-plugin-builds.test.ts:62:5

⎯⎯⎯⎯⎯⎯⎯⎯⎯⎯⎯⎯⎯⎯⎯⎯⎯⎯⎯⎯⎯⎯⎯⎯[4/4]⎯


 Test Files  1 failed | 2 passed (3)
      Tests  4 failed | 11 passed (15)
   Start at  00:11:09
   Duration  19.09s (tests 95%, transform 3%, import 2%)

[ELIFECYCLE] Test failed. See above for more details.
Error: ERR_PNPM_RECURSIVE_RUN_FIRST_FAIL

  × "pnpm recursive run" failed in /Users/aron/master/css/packages/vite

