(!) Your Vite config uses features that are unsupported by `configLoader: 'native'`, which is planned to become the default in a future major version of Vite:
  - import "../../shared/vitest.config" without a file extension (vitest.config.ts:3:20). Add the file extension
  - import "./vitest-ci-config" without a file extension (../../shared/vitest.config.ts:2:58). Add the file extension
Set `VITE_CONFIG_NATIVE_IGNORE_WARNING=true` to suppress this warning.

 RUN  v5.0.0 /Users/aron/master/css/packages/compiler

 ❯ tests/bug-hunt-emitted-globals-graphs.test.ts (4 tests | 4 failed) 91ms
   × BH-0004 emitted globals traverse unqualified imports with external descendants 85ms
   × BH-0004 emitted globals traverse layer(shared) imports with external descendants 2ms
   × BH-0004 emitted globals traverse layer imports with external descendants 1ms
   × BH-0004 emitted globals traverse supports(display:grid) screen imports with external descendants 1ms

⎯⎯⎯⎯⎯⎯⎯ Failed Tests 4 ⎯⎯⎯⎯⎯⎯⎯

 FAIL  tests/bug-hunt-emitted-globals-graphs.test.ts > BH-0004 emitted globals traverse unqualified imports with external descendants
Unknown Error: Invalid @compose class: paint
⎯⎯⎯⎯⎯⎯⎯⎯⎯⎯⎯⎯⎯⎯⎯⎯⎯⎯⎯⎯⎯⎯⎯⎯[1/4]⎯

 FAIL  tests/bug-hunt-emitted-globals-graphs.test.ts > BH-0004 emitted globals traverse layer(shared) imports with external descendants
Unknown Error: Cannot inline a qualified CSS import containing unresolved imports; resolve its nested imports first
⎯⎯⎯⎯⎯⎯⎯⎯⎯⎯⎯⎯⎯⎯⎯⎯⎯⎯⎯⎯⎯⎯⎯⎯[2/4]⎯

 FAIL  tests/bug-hunt-emitted-globals-graphs.test.ts > BH-0004 emitted globals traverse layer imports with external descendants
Unknown Error: Cannot inline a qualified CSS import containing unresolved imports; resolve its nested imports first
⎯⎯⎯⎯⎯⎯⎯⎯⎯⎯⎯⎯⎯⎯⎯⎯⎯⎯⎯⎯⎯⎯⎯⎯[3/4]⎯

 FAIL  tests/bug-hunt-emitted-globals-graphs.test.ts > BH-0004 emitted globals traverse supports(display:grid) screen imports with external descendants
Unknown Error: Cannot inline a qualified CSS import containing unresolved imports; resolve its nested imports first
⎯⎯⎯⎯⎯⎯⎯⎯⎯⎯⎯⎯⎯⎯⎯⎯⎯⎯⎯⎯⎯⎯⎯⎯[4/4]⎯


 Test Files  1 failed (1)
      Tests  4 failed (4)
   Start at  00:26:46
   Duration  371ms (transform 50%, tests 29%, import 21%)

Error: ERR_PNPM_RECURSIVE_EXEC_FIRST_FAIL

  × "pnpm recursive exec" failed in /Users/aron/master/css/packages/compiler

