{"mode": "pure", "request": "none", "pid": 80057, "exitCode": 0, "terminatedAfterObservedLeak": false}
{"mode": "pure", "request": "html", "pid": 80058, "exitCode": 0, "terminatedAfterObservedLeak": false}
{"mode": "pure", "request": "css", "pid": 80059, "exitCode": 0, "terminatedAfterObservedLeak": false}
{"mode": "pure", "request": "runtime", "pid": 80060, "exitCode": 0, "terminatedAfterObservedLeak": false}
{"mode": "pure", "request": "css-runtime", "pid": 80066, "exitCode": 0, "terminatedAfterObservedLeak": false}
{"mode": "pure", "request": "html-css-runtime", "pid": 80083, "exitCode": 0, "terminatedAfterObservedLeak": false}
{"mode": "static", "request": "none", "pid": 80093, "exitCode": 0, "terminatedAfterObservedLeak": false}
{"mode": "static", "request": "html", "pid": 80113, "exitCode": 0, "terminatedAfterObservedLeak": false}
{"mode": "static", "request": "css", "pid": 80114, "exitCode": 0, "terminatedAfterObservedLeak": false}
{"mode": "static", "request": "runtime", "pid": 80115, "exitCode": -15, "terminatedAfterObservedLeak": true}
{"mode": "static", "request": "css-runtime", "pid": 80123, "exitCode": -15, "terminatedAfterObservedLeak": true}
{"mode": "static", "request": "html-css-runtime", "pid": 80124, "exitCode": -15, "terminatedAfterObservedLeak": true}
{"mode": "runtime", "request": "none", "pid": 80134, "exitCode": 0, "terminatedAfterObservedLeak": false}
{"mode": "runtime", "request": "html", "pid": 80135, "exitCode": 0, "terminatedAfterObservedLeak": false}
{"mode": "runtime", "request": "css", "pid": 80136, "exitCode": 0, "terminatedAfterObservedLeak": false}
{"mode": "runtime", "request": "runtime", "pid": 80137, "exitCode": -15, "terminatedAfterObservedLeak": true}
{"mode": "runtime", "request": "css-runtime", "pid": 80145, "exitCode": 0, "terminatedAfterObservedLeak": false}
{"mode": "runtime", "request": "html-css-runtime", "pid": 80178, "exitCode": -15, "terminatedAfterObservedLeak": true}
{"mode": "pre-render", "request": "none", "pid": 80282, "exitCode": 0, "terminatedAfterObservedLeak": false}
{"mode": "pre-render", "request": "html", "pid": 80326, "exitCode": 0, "terminatedAfterObservedLeak": false}
{"mode": "pre-render", "request": "css", "pid": 80377, "exitCode": 0, "terminatedAfterObservedLeak": false}
{"mode": "pre-render", "request": "runtime", "pid": 80415, "exitCode": -15, "terminatedAfterObservedLeak": true}
{"mode": "pre-render", "request": "css-runtime", "pid": 80477, "exitCode": -15, "terminatedAfterObservedLeak": true}
{"mode": "pre-render", "request": "html-css-runtime", "pid": 80572, "exitCode": -15, "terminatedAfterObservedLeak": true}
{"mode": "progressive", "request": "none", "pid": 80585, "exitCode": 0, "terminatedAfterObservedLeak": false}
{"mode": "progressive", "request": "html", "pid": 80587, "exitCode": 0, "terminatedAfterObservedLeak": false}
{"mode": "progressive", "request": "css", "pid": 80588, "exitCode": 0, "terminatedAfterObservedLeak": false}
{"mode": "progressive", "request": "runtime", "pid": 80609, "exitCode": -15, "terminatedAfterObservedLeak": true}
{"mode": "progressive", "request": "css-runtime", "pid": 80658, "exitCode": -15, "terminatedAfterObservedLeak": true}
{"mode": "progressive", "request": "html-css-runtime", "pid": 80745, "exitCode": -15, "terminatedAfterObservedLeak": true}
