$ vitest --run tests/plugins/bug-hunt-dev-stylesheet-graphs.test.ts
(!) Your Vite config uses features that are unsupported by `configLoader: 'native'`, which is planned to become the default in a future major version of Vite:
  - import "../../shared/vitest.config" without a file extension (vitest.config.ts:2:20). Add the file extension
  - import "./vitest-ci-config" without a file extension (../../shared/vitest.config.ts:2:58). Add the file extension
Set `VITE_CONFIG_NATIVE_IGNORE_WARNING=true` to suppress this warning.

 RUN  v5.0.0 /Users/aron/master/css/packages/vite

 ❯ tests/plugins/bug-hunt-dev-stylesheet-graphs.test.ts (4 tests | 4 failed) 2884ms
   × BH-0004 dev delivers qualified child CSS and resources in static 558ms
   × BH-0004 dev delivers qualified child CSS and resources in runtime 517ms
   × BH-0004 dev delivers qualified child CSS and resources in pre-render 947ms
   × BH-0004 dev delivers qualified child CSS and resources in progressive 861ms

⎯⎯⎯⎯⎯⎯⎯ Failed Tests 4 ⎯⎯⎯⎯⎯⎯⎯

 FAIL  tests/plugins/bug-hunt-dev-stylesheet-graphs.test.ts > BH-0004 dev delivers qualified child CSS and resources in static
 FAIL  tests/plugins/bug-hunt-dev-stylesheet-graphs.test.ts > BH-0004 dev delivers qualified child CSS and resources in runtime
 FAIL  tests/plugins/bug-hunt-dev-stylesheet-graphs.test.ts > BH-0004 dev delivers qualified child CSS and resources in pre-render
 FAIL  tests/plugins/bug-hunt-dev-stylesheet-graphs.test.ts > BH-0004 dev delivers qualified child CSS and resources in progressive
AssertionError: Target cannot be null or undefined.
 ❯ tests/plugins/bug-hunt-dev-stylesheet-graphs.test.ts:51:51
     49|     const rendered = await server.ssrLoadModule('/server.js')
     50|     expect(rendered.css).not.toContain('.invalid/_master-css/')
     51|     expect(rendered.css.match(/layer\(guard\)/g)).toHaveLength(1)
       |                                                   ^
     52|   } finally {
     53|     await server?.environments.client.waitForRequestsIdle()

⎯⎯⎯⎯⎯⎯⎯⎯⎯⎯⎯⎯⎯⎯⎯⎯⎯⎯⎯⎯⎯⎯⎯⎯[1/4]⎯


 Test Files  1 failed (1)
      Tests  4 failed (4)
   Start at  01:39:04
   Duration  3.37s (tests 87%, transform 8%, import 4%)

[ELIFECYCLE] Test failed. See above for more details.
Error: ERR_PNPM_RECURSIVE_RUN_FIRST_FAIL

  × "pnpm recursive run" failed in /Users/aron/master/css/packages/vite

