$ vitest --run tests/plugins/style-entry.test.ts tests/plugins/bug-hunt-prerender-manifest-hmr.test.ts tests/plugins/bug-hunt-dev-stylesheet-graphs.test.ts
(!) Your Vite config uses features that are unsupported by `configLoader: 'native'`, which is planned to become the default in a future major version of Vite:
  - import "../../shared/vitest.config" without a file extension (vitest.config.ts:2:20). Add the file extension
  - import "./vitest-ci-config" without a file extension (../../shared/vitest.config.ts:2:58). Add the file extension
Set `VITE_CONFIG_NATIVE_IGNORE_WARNING=true` to suppress this warning.

 RUN  v5.0.0 /Users/aron/master/css/packages/vite

 ❯ tests/plugins/bug-hunt-prerender-manifest-hmr.test.ts (2 tests | 1 failed) 3236ms
   × manifest HMR refreshes server-rendered rules in pre-render 1654ms
 ❯ tests/plugins/style-entry.test.ts (12 tests | 2 failed) 7623ms
   ❯ StyleEntryPlugin (12)
     × serve transform keeps native imports before generated CSS when @master/css comes first 1490ms
     × non-generated modes preserve native imports when consuming empty Master entries 1473ms

⎯⎯⎯⎯⎯⎯⎯ Failed Tests 3 ⎯⎯⎯⎯⎯⎯⎯

 FAIL  tests/plugins/bug-hunt-prerender-manifest-hmr.test.ts > manifest HMR refreshes server-rendered rules in pre-render
AssertionError: expected false to be true // Object.is equality

- Expected
+ Received

- true
+ false

 ❯ tests/plugins/bug-hunt-prerender-manifest-hmr.test.ts:27:112
     25|     writeFileSync(file, source('#654321', 'blue'))
     26|     await hook.call({} as never, { file, server } as never)
     27|     expect(send.mock.calls.some(([message]) => typeof message === 'obj…
       |                                                                                                                ^
     28|     send.mockRestore()
     29|   } finally {

⎯⎯⎯⎯⎯⎯⎯⎯⎯⎯⎯⎯⎯⎯⎯⎯⎯⎯⎯⎯⎯⎯⎯⎯[1/3]⎯

 FAIL  tests/plugins/style-entry.test.ts > StyleEntryPlugin > serve transform keeps native imports before generated CSS when @master/css comes first
AssertionError: expected '@layer theme;\n\n@layer base {\n  * {…' to match /^@import /

- Expected:
/^@import /

+ Received:
"@layer theme;

@layer base {
  * {
    text-rendering: geometricprecision;
  }

  body {
    -webkit-text-size-adjust: 100%;
    -moz-text-size-adjust: 100%;
    -ms-text-size-adjust: 100%;
    text-size-adjust: 100%;
    -moz-osx-font-smoothing: grayscale;
    -webkit-font-smoothing: antialiased;
    line-height: 1.2;
  }

  a, button {
    touch-action: manipulation;
  }

  [role=\"button\"], summary, button, [type=\"button\"] {
    -webkit-user-select: none;
    user-select: none;
  }

  *, :before, :after {
    box-sizing: border-box;
  }

  body {
    -moz-tab-size: 2;
    tab-size: 2;
  }

  img, svg, video, canvas, audio, iframe, embed, object {
    max-width: 100%;
    display: block;
  }

  html, body {
    height: -moz-available;
  }

  abbr[title] {
    text-decoration: underline dotted;
  }

  b, strong {
    font-weight: bolder;
  }

  pre, code, kbd, samp {
    font-size: 1em;
  }

  ::-moz-focus-inner {
    border-style: none;
    padding: 0;
  }

  :-moz-ui-invalid {
    box-shadow: none;
  }

  progress {
    vertical-align: baseline;
  }

  [type=\"search\"] {
    appearance: textfield;
    outline-offset: -2px;
  }

  ::-webkit-inner-spin-button, ::-webkit-outer-spin-button {
    height: auto;
  }

  ::-webkit-search-decoration {
    -webkit-appearance: none;
  }

  ::-webkit-file-upload-button {
    -webkit-appearance: button;
    font: inherit;
  }

  hr {
    height: 0;
    color: inherit;
  }

  small {
    font-size: 80%;
  }

  sub, sup {
    vertical-align: baseline;
    font-size: 75%;
    line-height: 0;
    position: relative;
  }

  sub {
    bottom: -.25em;
  }

  sup {
    top: -.5em;
  }

  table {
    text-indent: 0;
    border-color: inherit;
  }

  body, :host {
    font-family: var(--font-family-sans);
    font-feature-settings: var(--font-feature-sans, normal);
  }

  code, kbd, samp, pre {
    font-family: var(--font-family-mono);
    font-feature-settings: var(--font-feature-mono, normal);
  }

  a {
    color: inherit;
    text-decoration: none;
  }

  button, input, optgroup, select, textarea {
    font: inherit;
    font-feature-settings: inherit;
    font-variation-settings: inherit;
    color: inherit;
    background-color: #0000;
    margin: 0;
    padding: 0;
    font-size: 100%;
  }

  *, :before, :after {
    border-style: solid;
    border-width: 0;
  }

  body, blockquote, dl, dd, hr, figure, p, pre, h1, h2, h3, h4, h5, h6 {
    margin: 0;
  }

  td, legend, fieldset {
    padding: 0;
  }

  ul, ol {
    margin: 0;
    padding: 0;
  }

  body {
    -webkit-tap-highlight-color: transparent;
  }

  ul {
    list-style: none;
  }

  h1, h2, h3, h4, h5, h6 {
    font-size: inherit;
    font-weight: inherit;
  }

  [hidden] {
    display: none;
  }
}

@layer defaults, components, utilities;



@font-face {
  font-family: Fira Mono;
  font-style: normal;
  font-display: swap;
  font-weight: 400;
  src: url(\"https://master-css-dev-dea5d9cc-64e4-4bfa-bef2-8ab1a2cde04a.invalid/_master-css/dev/dea5d9cc-64e4-4bfa-bef2-8ab1a2cde04a/resource/caf792c6de5d529b61e4/fira-mono-cyrillic-ext-400-normal.woff2\") format(\"woff2\"), url(\"https://master-css-dev-dea5d9cc-64e4-4bfa-bef2-8ab1a2cde04a.invalid/_master-css/dev/dea5d9cc-64e4-4bfa-bef2-8ab1a2cde04a/resource/da9dac6f9e175b882ee9/fira-mono-cyrillic-ext-400-normal.woff\") format(\"woff\");
  unicode-range: U+460-52F, U+1C80-1C8A, U+20B4, U+2DE0-2DFF, U+A640-A69F, U+FE2E-FE2F;
}

@font-face {
  font-family: Fira Mono;
  font-style: normal;
  font-display: swap;
  font-weight: 400;
  src: url(\"https://master-css-dev-dea5d9cc-64e4-4bfa-bef2-8ab1a2cde04a.invalid/_master-css/dev/dea5d9cc-64e4-4bfa-bef2-8ab1a2cde04a/resource/92dabbb3dd39ce593414/fira-mono-cyrillic-400-normal.woff2\") format(\"woff2\"), url(\"https://master-css-dev-dea5d9cc-64e4-4bfa-bef2-8ab1a2cde04a.invalid/_master-css/dev/dea5d9cc-64e4-4bfa-bef2-8ab1a2cde04a/resource/95912de7b2c06f4c662a/fira-mono-cyrillic-400-normal.woff\") format(\"woff\");
  unicode-range: U+301, U+400-45F, U+490-491, U+4B0-4B1, U+2116;
}

@font-face {
  font-family: Fira Mono;
  font-style: normal;
  font-display: swap;
  font-weight: 400;
  src: url(\"https://master-css-dev-dea5d9cc-64e4-4bfa-bef2-8ab1a2cde04a.invalid/_master-css/dev/dea5d9cc-64e4-4bfa-bef2-8ab1a2cde04a/resource/bd612df350ea211379d6/fira-mono-greek-ext-400-normal.woff2\") format(\"woff2\"), url(\"https://master-css-dev-dea5d9cc-64e4-4bfa-bef2-8ab1a2cde04a.invalid/_master-css/dev/dea5d9cc-64e4-4bfa-bef2-8ab1a2cde04a/resource/9ddd3719cfcc89543078/fira-mono-greek-ext-400-normal.woff\") format(\"woff\");
  unicode-range: U+1F??;
}

@font-face {
  font-family: Fira Mono;
  font-style: normal;
  font-display: swap;
  font-weight: 400;
  src: url(\"https://master-css-dev-dea5d9cc-64e4-4bfa-bef2-8ab1a2cde04a.invalid/_master-css/dev/dea5d9cc-64e4-4bfa-bef2-8ab1a2cde04a/resource/2f385e35ab3cd343d3cf/fira-mono-greek-400-normal.woff2\") format(\"woff2\"), url(\"https://master-css-dev-dea5d9cc-64e4-4bfa-bef2-8ab1a2cde04a.invalid/_master-css/dev/dea5d9cc-64e4-4bfa-bef2-8ab1a2cde04a/resource/0ee26886fb634309623c/fira-mono-greek-400-normal.woff\") format(\"woff\");
  unicode-range: U+370-377, U+37A-37F, U+384-38A, U+38C, U+38E-3A1, U+3A3-3FF;
}

@font-face {
  font-family: Fira Mono;
  font-style: normal;
  font-display: swap;
  font-weight: 400;
  src: url(\"https://master-css-dev-dea5d9cc-64e4-4bfa-bef2-8ab1a2cde04a.invalid/_master-css/dev/dea5d9cc-64e4-4bfa-bef2-8ab1a2cde04a/resource/23e3ee98da79c0351f6b/fira-mono-symbols2-400-normal.woff2\") format(\"woff2\"), url(\"https://master-css-dev-dea5d9cc-64e4-4bfa-bef2-8ab1a2cde04a.invalid/_master-css/dev/dea5d9cc-64e4-4bfa-bef2-8ab1a2cde04a/resource/1b2158c5072c2c2e1ad7/fira-mono-symbols2-400-normal.woff\") format(\"woff\");
  unicode-range: U+2000-2001, U+2004-2008, U+200A, U+23B8-23BD, U+2500-259F;
}

@font-face {
  font-family: Fira Mono;
  font-style: normal;
  font-display: swap;
  font-weight: 400;
  src: url(\"https://master-css-dev-dea5d9cc-64e4-4bfa-bef2-8ab1a2cde04a.invalid/_master-css/dev/dea5d9cc-64e4-4bfa-bef2-8ab1a2cde04a/resource/20b9da5c60e32ccb6f82/fira-mono-latin-ext-400-normal.woff2\") format(\"woff2\"), url(\"https://master-css-dev-dea5d9cc-64e4-4bfa-bef2-8ab1a2cde04a.invalid/_master-css/dev/dea5d9cc-64e4-4bfa-bef2-8ab1a2cde04a/resource/156e1a0b05ecadab53cb/fira-mono-latin-ext-400-normal.woff\") format(\"woff\");
  unicode-range: U+100-2BA, U+2BD-2C5, U+2C7-2CC, U+2CE-2D7, U+2DD-2FF, U+304, U+308, U+329, U+1D00-1DBF, U+1E00-1E9F, U+1EF2-1EFF, U+2020, U+20A0-20AB, U+20AD-20C0, U+2113, U+2C60-2C7F, U+A720-A7FF;
}

@font-face {
  font-family: Fira Mono;
  font-style: normal;
  font-display: swap;
  font-weight: 400;
  src: url(\"https://master-css-dev-dea5d9cc-64e4-4bfa-bef2-8ab1a2cde04a.invalid/_master-css/dev/dea5d9cc-64e4-4bfa-bef2-8ab1a2cde04a/resource/1055b7b2e988ff6acdd1/fira-mono-latin-400-normal.woff2\") format(\"woff2\"), url(\"https://master-css-dev-dea5d9cc-64e4-4bfa-bef2-8ab1a2cde04a.invalid/_master-css/dev/dea5d9cc-64e4-4bfa-bef2-8ab1a2cde04a/resource/c08b85ae5f00491d5bcd/fira-mono-latin-400-normal.woff\") format(\"woff\");
  unicode-range: U+??, U+131, U+152-153, U+2BB-2BC, U+2C6, U+2DA, U+2DC, U+304, U+308, U+329, U+2000-206F, U+20AC, U+2122, U+2191, U+2193, U+2212, U+2215, U+FEFF, U+FFFD;
}
@layer theme{:root{--color-red-60:oklch(60.94% .2501 29.2);--color-red-50:oklch(62.82% .25 28.6);--font-family-sans:var(--font-sans, ui-sans-serif), system-ui, -apple-system, BlinkMacSystemFont, \"Segoe UI\", Roboto, \"Helvetica Neue\", Arial, \"Noto Sans\", sans-serif, \"Apple Color Emoji\", \"Segoe UI Emoji\", \"Segoe UI Symbol\", \"Noto Color Emoji\";--font-family-mono:var(--font-mono, ui-monospace), SFMono-Regular, Menlo, Monaco, Consolas, \"Liberation Mono\", \"Courier New\", monospace}@media (prefers-color-scheme:light){:root{--color-red:var(--color-red-60)}}@media (prefers-color-scheme:dark){:root{--color-red:var(--color-red-50)}}}@layer utilities{.fg\\:red{color:var(--color-red)}}"

 ❯ tests/plugins/style-entry.test.ts:147:25
    145|     expect(result.code).toContain('.fg\\:red')
    146|     expect(result.code).not.toContain('@master/css')
    147|     expect(result.code).toMatch(/^@import /)
       |                         ^
    148|     const graph = [...devStylesheetState(context).stylesheets.values()…
    149|     expect(graph).toContain('@font-face')

⎯⎯⎯⎯⎯⎯⎯⎯⎯⎯⎯⎯⎯⎯⎯⎯⎯⎯⎯⎯⎯⎯⎯⎯[2/3]⎯

 FAIL  tests/plugins/style-entry.test.ts > StyleEntryPlugin > non-generated modes preserve native imports when consuming empty Master entries
AssertionError: expected '@layer theme;\n\n@layer base {\n  * {…' to match /^@import /

- Expected:
/^@import /

+ Received:
"@layer theme;

@layer base {
  * {
    text-rendering: geometricprecision;
  }

  body {
    -webkit-text-size-adjust: 100%;
    -moz-text-size-adjust: 100%;
    -ms-text-size-adjust: 100%;
    text-size-adjust: 100%;
    -moz-osx-font-smoothing: grayscale;
    -webkit-font-smoothing: antialiased;
    line-height: 1.2;
  }

  a, button {
    touch-action: manipulation;
  }

  [role=\"button\"], summary, button, [type=\"button\"] {
    -webkit-user-select: none;
    user-select: none;
  }

  *, :before, :after {
    box-sizing: border-box;
  }

  body {
    -moz-tab-size: 2;
    tab-size: 2;
  }

  img, svg, video, canvas, audio, iframe, embed, object {
    max-width: 100%;
    display: block;
  }

  html, body {
    height: -moz-available;
  }

  abbr[title] {
    text-decoration: underline dotted;
  }

  b, strong {
    font-weight: bolder;
  }

  pre, code, kbd, samp {
    font-size: 1em;
  }

  ::-moz-focus-inner {
    border-style: none;
    padding: 0;
  }

  :-moz-ui-invalid {
    box-shadow: none;
  }

  progress {
    vertical-align: baseline;
  }

  [type=\"search\"] {
    appearance: textfield;
    outline-offset: -2px;
  }

  ::-webkit-inner-spin-button, ::-webkit-outer-spin-button {
    height: auto;
  }

  ::-webkit-search-decoration {
    -webkit-appearance: none;
  }

  ::-webkit-file-upload-button {
    -webkit-appearance: button;
    font: inherit;
  }

  hr {
    height: 0;
    color: inherit;
  }

  small {
    font-size: 80%;
  }

  sub, sup {
    vertical-align: baseline;
    font-size: 75%;
    line-height: 0;
    position: relative;
  }

  sub {
    bottom: -.25em;
  }

  sup {
    top: -.5em;
  }

  table {
    text-indent: 0;
    border-color: inherit;
  }

  body, :host {
    font-family: var(--font-family-sans);
    font-feature-settings: var(--font-feature-sans, normal);
  }

  code, kbd, samp, pre {
    font-family: var(--font-family-mono);
    font-feature-settings: var(--font-feature-mono, normal);
  }

  a {
    color: inherit;
    text-decoration: none;
  }

  button, input, optgroup, select, textarea {
    font: inherit;
    font-feature-settings: inherit;
    font-variation-settings: inherit;
    color: inherit;
    background-color: #0000;
    margin: 0;
    padding: 0;
    font-size: 100%;
  }

  *, :before, :after {
    border-style: solid;
    border-width: 0;
  }

  body, blockquote, dl, dd, hr, figure, p, pre, h1, h2, h3, h4, h5, h6 {
    margin: 0;
  }

  td, legend, fieldset {
    padding: 0;
  }

  ul, ol {
    margin: 0;
    padding: 0;
  }

  body {
    -webkit-tap-highlight-color: transparent;
  }

  ul {
    list-style: none;
  }

  h1, h2, h3, h4, h5, h6 {
    font-size: inherit;
    font-weight: inherit;
  }

  [hidden] {
    display: none;
  }
}

@layer defaults, components, utilities;



@font-face {
  font-family: Fira Mono;
  font-style: normal;
  font-display: swap;
  font-weight: 400;
  src: url(\"https://master-css-dev-a28af4d0-7c42-40c3-98c2-efbb688d0c8d.invalid/_master-css/dev/a28af4d0-7c42-40c3-98c2-efbb688d0c8d/resource/caf792c6de5d529b61e4/fira-mono-cyrillic-ext-400-normal.woff2\") format(\"woff2\"), url(\"https://master-css-dev-a28af4d0-7c42-40c3-98c2-efbb688d0c8d.invalid/_master-css/dev/a28af4d0-7c42-40c3-98c2-efbb688d0c8d/resource/da9dac6f9e175b882ee9/fira-mono-cyrillic-ext-400-normal.woff\") format(\"woff\");
  unicode-range: U+460-52F, U+1C80-1C8A, U+20B4, U+2DE0-2DFF, U+A640-A69F, U+FE2E-FE2F;
}

@font-face {
  font-family: Fira Mono;
  font-style: normal;
  font-display: swap;
  font-weight: 400;
  src: url(\"https://master-css-dev-a28af4d0-7c42-40c3-98c2-efbb688d0c8d.invalid/_master-css/dev/a28af4d0-7c42-40c3-98c2-efbb688d0c8d/resource/92dabbb3dd39ce593414/fira-mono-cyrillic-400-normal.woff2\") format(\"woff2\"), url(\"https://master-css-dev-a28af4d0-7c42-40c3-98c2-efbb688d0c8d.invalid/_master-css/dev/a28af4d0-7c42-40c3-98c2-efbb688d0c8d/resource/95912de7b2c06f4c662a/fira-mono-cyrillic-400-normal.woff\") format(\"woff\");
  unicode-range: U+301, U+400-45F, U+490-491, U+4B0-4B1, U+2116;
}

@font-face {
  font-family: Fira Mono;
  font-style: normal;
  font-display: swap;
  font-weight: 400;
  src: url(\"https://master-css-dev-a28af4d0-7c42-40c3-98c2-efbb688d0c8d.invalid/_master-css/dev/a28af4d0-7c42-40c3-98c2-efbb688d0c8d/resource/bd612df350ea211379d6/fira-mono-greek-ext-400-normal.woff2\") format(\"woff2\"), url(\"https://master-css-dev-a28af4d0-7c42-40c3-98c2-efbb688d0c8d.invalid/_master-css/dev/a28af4d0-7c42-40c3-98c2-efbb688d0c8d/resource/9ddd3719cfcc89543078/fira-mono-greek-ext-400-normal.woff\") format(\"woff\");
  unicode-range: U+1F??;
}

@font-face {
  font-family: Fira Mono;
  font-style: normal;
  font-display: swap;
  font-weight: 400;
  src: url(\"https://master-css-dev-a28af4d0-7c42-40c3-98c2-efbb688d0c8d.invalid/_master-css/dev/a28af4d0-7c42-40c3-98c2-efbb688d0c8d/resource/2f385e35ab3cd343d3cf/fira-mono-greek-400-normal.woff2\") format(\"woff2\"), url(\"https://master-css-dev-a28af4d0-7c42-40c3-98c2-efbb688d0c8d.invalid/_master-css/dev/a28af4d0-7c42-40c3-98c2-efbb688d0c8d/resource/0ee26886fb634309623c/fira-mono-greek-400-normal.woff\") format(\"woff\");
  unicode-range: U+370-377, U+37A-37F, U+384-38A, U+38C, U+38E-3A1, U+3A3-3FF;
}

@font-face {
  font-family: Fira Mono;
  font-style: normal;
  font-display: swap;
  font-weight: 400;
  src: url(\"https://master-css-dev-a28af4d0-7c42-40c3-98c2-efbb688d0c8d.invalid/_master-css/dev/a28af4d0-7c42-40c3-98c2-efbb688d0c8d/resource/23e3ee98da79c0351f6b/fira-mono-symbols2-400-normal.woff2\") format(\"woff2\"), url(\"https://master-css-dev-a28af4d0-7c42-40c3-98c2-efbb688d0c8d.invalid/_master-css/dev/a28af4d0-7c42-40c3-98c2-efbb688d0c8d/resource/1b2158c5072c2c2e1ad7/fira-mono-symbols2-400-normal.woff\") format(\"woff\");
  unicode-range: U+2000-2001, U+2004-2008, U+200A, U+23B8-23BD, U+2500-259F;
}

@font-face {
  font-family: Fira Mono;
  font-style: normal;
  font-display: swap;
  font-weight: 400;
  src: url(\"https://master-css-dev-a28af4d0-7c42-40c3-98c2-efbb688d0c8d.invalid/_master-css/dev/a28af4d0-7c42-40c3-98c2-efbb688d0c8d/resource/20b9da5c60e32ccb6f82/fira-mono-latin-ext-400-normal.woff2\") format(\"woff2\"), url(\"https://master-css-dev-a28af4d0-7c42-40c3-98c2-efbb688d0c8d.invalid/_master-css/dev/a28af4d0-7c42-40c3-98c2-efbb688d0c8d/resource/156e1a0b05ecadab53cb/fira-mono-latin-ext-400-normal.woff\") format(\"woff\");
  unicode-range: U+100-2BA, U+2BD-2C5, U+2C7-2CC, U+2CE-2D7, U+2DD-2FF, U+304, U+308, U+329, U+1D00-1DBF, U+1E00-1E9F, U+1EF2-1EFF, U+2020, U+20A0-20AB, U+20AD-20C0, U+2113, U+2C60-2C7F, U+A720-A7FF;
}

@font-face {
  font-family: Fira Mono;
  font-style: normal;
  font-display: swap;
  font-weight: 400;
  src: url(\"https://master-css-dev-a28af4d0-7c42-40c3-98c2-efbb688d0c8d.invalid/_master-css/dev/a28af4d0-7c42-40c3-98c2-efbb688d0c8d/resource/1055b7b2e988ff6acdd1/fira-mono-latin-400-normal.woff2\") format(\"woff2\"), url(\"https://master-css-dev-a28af4d0-7c42-40c3-98c2-efbb688d0c8d.invalid/_master-css/dev/a28af4d0-7c42-40c3-98c2-efbb688d0c8d/resource/c08b85ae5f00491d5bcd/fira-mono-latin-400-normal.woff\") format(\"woff\");
  unicode-range: U+??, U+131, U+152-153, U+2BB-2BC, U+2C6, U+2DA, U+2DC, U+304, U+308, U+329, U+2000-206F, U+20AC, U+2122, U+2191, U+2193, U+2212, U+2215, U+FEFF, U+FFFD;
}
@layer theme{:root{--font-family-sans:var(--font-sans, ui-sans-serif), system-ui, -apple-system, BlinkMacSystemFont, \"Segoe UI\", Roboto, \"Helvetica Neue\", Arial, \"Noto Sans\", sans-serif, \"Apple Color Emoji\", \"Segoe UI Emoji\", \"Segoe UI Symbol\", \"Noto Color Emoji\";--font-family-mono:var(--font-mono, ui-monospace), SFMono-Regular, Menlo, Monaco, Consolas, \"Liberation Mono\", \"Courier New\", monospace}}"

 ❯ tests/plugins/style-entry.test.ts:189:25
    187|     )
    188|
    189|     expect(result.code).toMatch(/^@import /)
       |                         ^
    190|     const graph = [...devStylesheetState(context).stylesheets.values()…
    191|     expect(graph).toContain('@font-face')

⎯⎯⎯⎯⎯⎯⎯⎯⎯⎯⎯⎯⎯⎯⎯⎯⎯⎯⎯⎯⎯⎯⎯⎯[3/3]⎯


 Test Files  2 failed | 1 passed (3)
      Tests  3 failed | 15 passed (18)
   Start at  01:34:40
   Duration  8.08s (tests 91%, transform 5%, import 3%)

[ELIFECYCLE] Test failed. See above for more details.
Error: ERR_PNPM_RECURSIVE_RUN_FIRST_FAIL

  × "pnpm recursive run" failed in /Users/aron/master/css/packages/vite

