$ vitest --run tests/plugins/bug-hunt-prerender-manifest-hmr.test.ts
(!) Your Vite config uses features that are unsupported by `configLoader: 'native'`, which is planned to become the default in a future major version of Vite:
  - import "../../shared/vitest.config" without a file extension (vitest.config.ts:2:20). Add the file extension
  - import "./vitest-ci-config" without a file extension (../../shared/vitest.config.ts:2:58). Add the file extension
Set `VITE_CONFIG_NATIVE_IGNORE_WARNING=true` to suppress this warning.

 RUN  v5.0.0 /Users/aron/master/css/packages/vite

 ❯ tests/plugins/bug-hunt-prerender-manifest-hmr.test.ts (2 tests | 1 failed) 3354ms
   × manifest HMR refreshes server-rendered rules in pre-render 1750ms

⎯⎯⎯⎯⎯⎯⎯ Failed Tests 1 ⎯⎯⎯⎯⎯⎯⎯

 FAIL  tests/plugins/bug-hunt-prerender-manifest-hmr.test.ts > manifest HMR refreshes server-rendered rules in pre-render
AssertionError: expected false to be true // Object.is equality

- Expected
+ Received

- true
+ false

 ❯ tests/plugins/bug-hunt-prerender-manifest-hmr.test.ts:27:112
     25|     writeFileSync(file, source('#654321', 'blue'))
     26|     await hook.call({} as never, { file, server } as never)
     27|     expect(send.mock.calls.some(([message]) => typeof message === 'obj…
       |                                                                                                                ^
     28|     send.mockRestore()
     29|   } finally {

⎯⎯⎯⎯⎯⎯⎯⎯⎯⎯⎯⎯⎯⎯⎯⎯⎯⎯⎯⎯⎯⎯⎯⎯[1/1]⎯


 Test Files  1 failed (1)
      Tests  1 failed | 1 passed (2)
   Start at  01:33:52
   Duration  4.03s (tests 85%, transform 9%, import 6%)

[ELIFECYCLE] Test failed. See above for more details.
Error: ERR_PNPM_RECURSIVE_RUN_FIRST_FAIL

  × "pnpm recursive run" failed in /Users/aron/master/css/packages/vite

