$ vitest --run tests/plugins/bug-hunt-dev-stylesheet-graphs.test.ts
(!) Your Vite config uses features that are unsupported by `configLoader: 'native'`, which is planned to become the default in a future major version of Vite:
  - import "../../shared/vitest.config" without a file extension (vitest.config.ts:2:20). Add the file extension
  - import "./vitest-ci-config" without a file extension (../../shared/vitest.config.ts:2:58). Add the file extension
Set `VITE_CONFIG_NATIVE_IGNORE_WARNING=true` to suppress this warning.

 RUN  v5.0.0 /Users/aron/master/css/packages/vite

 ❯ tests/plugins/bug-hunt-dev-stylesheet-graphs.test.ts (4 tests | 4 failed) 2907ms
   × BH-0004 dev delivers qualified child CSS and resources in static 574ms
   × BH-0004 dev delivers qualified child CSS and resources in runtime 528ms
   × BH-0004 dev delivers qualified child CSS and resources in pre-render 935ms
   × BH-0004 dev delivers qualified child CSS and resources in progressive 869ms

⎯⎯⎯⎯⎯⎯⎯ Failed Tests 4 ⎯⎯⎯⎯⎯⎯⎯

 FAIL  tests/plugins/bug-hunt-dev-stylesheet-graphs.test.ts > BH-0004 dev delivers qualified child CSS and resources in static
 FAIL  tests/plugins/bug-hunt-dev-stylesheet-graphs.test.ts > BH-0004 dev delivers qualified child CSS and resources in runtime
 FAIL  tests/plugins/bug-hunt-dev-stylesheet-graphs.test.ts > BH-0004 dev delivers qualified child CSS and resources in pre-render
 FAIL  tests/plugins/bug-hunt-dev-stylesheet-graphs.test.ts > BH-0004 dev delivers qualified child CSS and resources in progressive
AssertionError: expected [ 'layer(guard)', 'layer(guard)' ] to have a length of 1 but got 2

- Expected
+ Received

- 1
+ 2

 ❯ tests/plugins/bug-hunt-dev-stylesheet-graphs.test.ts:61:63
     59|       }
     60|     }
     61|     expect(inlineSources.join('\n').match(/layer\(guard\)/g)).toHaveLe…
       |                                                               ^
     62|   } finally {
     63|     await server?.environments.client.waitForRequestsIdle()

⎯⎯⎯⎯⎯⎯⎯⎯⎯⎯⎯⎯⎯⎯⎯⎯⎯⎯⎯⎯⎯⎯⎯⎯[1/4]⎯


 Test Files  1 failed (1)
      Tests  4 failed (4)
   Start at  01:39:46
   Duration  3.40s (tests 87%, transform 8%, import 4%)

[ELIFECYCLE] Test failed. See above for more details.
Error: ERR_PNPM_RECURSIVE_RUN_FIRST_FAIL

  × "pnpm recursive run" failed in /Users/aron/master/css/packages/vite

