$ vitest --run tests/plugins/bug-hunt-dev-resource-lifecycle.test.ts
(!) Your Vite config uses features that are unsupported by `configLoader: 'native'`, which is planned to become the default in a future major version of Vite:
  - import "../../shared/vitest.config" without a file extension (vitest.config.ts:2:20). Add the file extension
  - import "./vitest-ci-config" without a file extension (../../shared/vitest.config.ts:2:58). Add the file extension
Set `VITE_CONFIG_NATIVE_IGNORE_WARNING=true` to suppress this warning.

 RUN  v5.0.0 /Users/aron/master/css/packages/vite

 ❯ tests/plugins/bug-hunt-dev-resource-lifecycle.test.ts (2 tests | 1 failed) 1620ms
   × published CSS and resource versions remain readable after a new graph is composed 534ms

⎯⎯⎯⎯⎯⎯⎯ Failed Tests 1 ⎯⎯⎯⎯⎯⎯⎯

 FAIL  tests/plugins/bug-hunt-dev-resource-lifecycle.test.ts > published CSS and resource versions remain readable after a new graph is composed
AssertionError: expected Map{ …(2) } to deeply equal Map{ …(2) }

- Expected
+ Received

  Map {
    "http://127.0.0.1:54043/base/_master-css/dev/f663c82d-d097-4754-abd7-e24a766d4815/resource/d50a17dce7bef4e8cf7b/pixel.svg" => {
-     "body": "<svg xmlns=\"http://www.w3.org/2000/svg\"><title>red</title></svg>",
-     "status": 200,
+     "body": "Unknown development stylesheet asset",
+     "status": 404,
    },
    "http://127.0.0.1:54043/base/_master-css/dev/f663c82d-d097-4754-abd7-e24a766d4815/sheet-90ab3f230c4bbc934fae.css?v=cde007b408677c69050d" => {
      "body": "@import \"/base/external.css\";

  .resource {
-   color: red;
-   background-image: url(\"/base/_master-css/dev/f663c82d-d097-4754-abd7-e24a766d4815/resource/d50a17dce7bef4e8cf7b/pixel.svg\");
+   color: #00f;
+   background-image: url(\"/base/_master-css/dev/f663c82d-d097-4754-abd7-e24a766d4815/resource/7ecd4fc6337f21e9b471/pixel.svg\");
  }",
      "status": 200,
    },
  }

 ❯ tests/plugins/bug-hunt-dev-resource-lifecycle.test.ts:94:22
     92|       previous.set(url, { status: response.status, body: await respons…
     93|     }
     94|     expect(previous).toEqual(first)
       |                      ^
     95|   } finally {
     96|     await server?.environments.client.waitForRequestsIdle()

⎯⎯⎯⎯⎯⎯⎯⎯⎯⎯⎯⎯⎯⎯⎯⎯⎯⎯⎯⎯⎯⎯⎯⎯[1/1]⎯


 Test Files  1 failed (1)
      Tests  1 failed | 1 passed (2)
   Start at  02:08:02
   Duration  2.13s (tests 78%, transform 14%, import 7%)

[ELIFECYCLE] Test failed. See above for more details.
Error: ERR_PNPM_RECURSIVE_RUN_FIRST_FAIL

  × "pnpm recursive run" failed in /Users/aron/master/css/packages/vite

