$ vitest --run tests/plugins/bug-hunt-dev-resource-paths.test.ts
(!) Your Vite config uses features that are unsupported by `configLoader: 'native'`, which is planned to become the default in a future major version of Vite:
  - import "../../shared/vitest.config" without a file extension (vitest.config.ts:2:20). Add the file extension
  - import "./vitest-ci-config" without a file extension (../../shared/vitest.config.ts:2:58). Add the file extension
Set `VITE_CONFIG_NATIVE_IGNORE_WARNING=true` to suppress this warning.

 RUN  v5.0.0 /Users/aron/master/css/packages/vite

 ❯ tests/plugins/bug-hunt-dev-resource-paths.test.ts (12 tests | 4 failed) 6892ms
   × development resource path mode=static name=pixel#part.svg 402ms
   × development resource path mode=static name=pixel?query.svg 373ms
   × development resource path mode=progressive name=pixel#part.svg 780ms
   × development resource path mode=progressive name=pixel?query.svg 740ms

⎯⎯⎯⎯⎯⎯⎯ Failed Tests 4 ⎯⎯⎯⎯⎯⎯⎯

 FAIL  tests/plugins/bug-hunt-dev-resource-paths.test.ts > development resource path mode=static name=pixel#part.svg
 FAIL  tests/plugins/bug-hunt-dev-resource-paths.test.ts > development resource path mode=static name=pixel?query.svg
 FAIL  tests/plugins/bug-hunt-dev-resource-paths.test.ts > development resource path mode=progressive name=pixel#part.svg
 FAIL  tests/plugins/bug-hunt-dev-resource-paths.test.ts > development resource path mode=progressive name=pixel?query.svg
AssertionError: expected 'text/html' to contain 'image/svg+xml'

Expected: "image/svg+xml"
Received: "text/html"

 ❯ tests/plugins/bug-hunt-dev-resource-paths.test.ts:36:47
     34|     const body = await asset.text()
     35|     expect(asset.status, body).toBe(200)
     36|     expect(asset.headers.get('content-type')).toContain('image/svg+xml…
       |                                               ^
     37|     expect(body).toBe(svg)
     38|   } finally {

⎯⎯⎯⎯⎯⎯⎯⎯⎯⎯⎯⎯⎯⎯⎯⎯⎯⎯⎯⎯⎯⎯⎯⎯[1/4]⎯


 Test Files  1 failed (1)
      Tests  4 failed | 8 passed (12)
   Start at  01:55:56
   Duration  7.39s (tests 94%, transform 4%, import 2%)

[ELIFECYCLE] Test failed. See above for more details.
Error: ERR_PNPM_RECURSIVE_RUN_FIRST_FAIL

  × "pnpm recursive run" failed in /Users/aron/master/css/packages/vite

