$ vitest --run tests/plugins/bug-hunt-dev-resource-paths.test.ts
(!) Your Vite config uses features that are unsupported by `configLoader: 'native'`, which is planned to become the default in a future major version of Vite:
  - import "../../shared/vitest.config" without a file extension (vitest.config.ts:2:20). Add the file extension
  - import "./vitest-ci-config" without a file extension (../../shared/vitest.config.ts:2:58). Add the file extension
Set `VITE_CONFIG_NATIVE_IGNORE_WARNING=true` to suppress this warning.

 RUN  v5.0.0 /Users/aron/master/css/packages/vite

 ❯ tests/plugins/bug-hunt-dev-resource-paths.test.ts (14 tests | 2 failed) 8009ms
   × development resource path mode=static name=private.svg 372ms
   × development resource path mode=progressive name=private.svg 724ms

⎯⎯⎯⎯⎯⎯⎯ Failed Tests 2 ⎯⎯⎯⎯⎯⎯⎯

 FAIL  tests/plugins/bug-hunt-dev-resource-paths.test.ts > development resource path mode=static name=private.svg
 FAIL  tests/plugins/bug-hunt-dev-resource-paths.test.ts > development resource path mode=progressive name=private.svg
AssertionError: expected 200 to be 403 // Object.is equality

- Expected
+ Received

- 403
+ 200

 ❯ tests/plugins/bug-hunt-dev-resource-paths.test.ts:37:28
     35|     const body = await asset.text()
     36|     if (denied) {
     37|       expect(asset.status).toBe(403)
       |                            ^
     38|       expect(body).not.toContain('exact-resource')
     39|       return

⎯⎯⎯⎯⎯⎯⎯⎯⎯⎯⎯⎯⎯⎯⎯⎯⎯⎯⎯⎯⎯⎯⎯⎯[1/2]⎯


 Test Files  1 failed (1)
      Tests  2 failed | 12 passed (14)
   Start at  02:02:47
   Duration  8.51s (tests 95%, transform 3%, import 2%)

[ELIFECYCLE] Test failed. See above for more details.
Error: ERR_PNPM_RECURSIVE_RUN_FIRST_FAIL

  × "pnpm recursive run" failed in /Users/aron/master/css/packages/vite

