(!) Your Vite config uses features that are unsupported by `configLoader: 'native'`, which is planned to become the default in a future major version of Vite:
  - import "../../shared/vitest.config" without a file extension (vitest.config.ts:3:20). Add the file extension
  - import "./vitest-ci-config" without a file extension (../../shared/vitest.config.ts:2:58). Add the file extension
Set `VITE_CONFIG_NATIVE_IGNORE_WARNING=true` to suppress this warning.

 RUN  v5.0.0 /Users/aron/master/css/packages/compiler

 ❯ tests/bug-hunt-local-transform-delivery.test.ts (4 tests | 2 failed) 793ms
   × BH-0004 local transform delivers imported compose with host resolver=false 149ms
   × BH-0004 local transform delivers imported compose with host resolver=true 145ms

⎯⎯⎯⎯⎯⎯⎯ Failed Tests 2 ⎯⎯⎯⎯⎯⎯⎯

 FAIL  tests/bug-hunt-local-transform-delivery.test.ts > BH-0004 local transform delivers imported compose with host resolver=false
 FAIL  tests/bug-hunt-local-transform-delivery.test.ts > BH-0004 local transform delivers imported compose with host resolver=true
AssertionError: the given combination of arguments (undefined and string) is invalid for this assertion. You can use an array, a map, an object, a set, a string, or a weakset instead of a string
 ❯ tests/bug-hunt-local-transform-delivery.test.ts:23:41
     21|     expect(result.code).toContain('layer(guard)')
     22|     expect(result.code).toContain('display:block')
     23|     expect(result.stylesheets?.[0].css).toContain('padding:2rem')
       |                                         ^
     24|     expect(result.stylesheets?.[0].css).toContain('https://external.te…
     25|     expect(result.stylesheets?.[0].css).toContain('/assets/pixel.svg?q…

⎯⎯⎯⎯⎯⎯⎯⎯⎯⎯⎯⎯⎯⎯⎯⎯⎯⎯⎯⎯⎯⎯⎯⎯[1/2]⎯


 Test Files  1 failed (1)
      Tests  2 failed | 2 passed (4)
   Start at  02:51:00
   Duration  1.08s (tests 78%, transform 16%, import 7%)

Error: ERR_PNPM_RECURSIVE_EXEC_FIRST_FAIL

  × "pnpm recursive exec" failed in /Users/aron/master/css/packages/compiler

