$ vitest --run tests/plugins/bug-hunt-local-compose-graphs.test.ts
(!) Your Vite config uses features that are unsupported by `configLoader: 'native'`, which is planned to become the default in a future major version of Vite:
  - import "../../shared/vitest.config" without a file extension (vitest.config.ts:2:20). Add the file extension
  - import "./vitest-ci-config" without a file extension (../../shared/vitest.config.ts:2:58). Add the file extension
Set `VITE_CONFIG_NATIVE_IGNORE_WARNING=true` to suppress this warning.

 RUN  v5.0.0 /Users/aron/master/css/packages/vite

 ❯ tests/plugins/bug-hunt-local-compose-graphs.test.ts (16 tests | 8 failed) 7771ms
   × BH-0004 local compose retains qualified child imports in serve/child-compose=true/static 367ms
   × BH-0004 local compose retains qualified child imports in serve/child-compose=true/runtime 386ms
   × BH-0004 local compose retains qualified child imports in serve/child-compose=true/pre-render 488ms
   × BH-0004 local compose retains qualified child imports in serve/child-compose=true/progressive 485ms
   × BH-0004 local compose retains qualified child imports in build/child-compose=true/static 393ms
   × BH-0004 local compose retains qualified child imports in build/child-compose=true/runtime 509ms
   × BH-0004 local compose retains qualified child imports in build/child-compose=true/pre-render 523ms
   × BH-0004 local compose retains qualified child imports in build/child-compose=true/progressive 662ms

⎯⎯⎯⎯⎯⎯⎯ Failed Tests 8 ⎯⎯⎯⎯⎯⎯⎯

 FAIL  tests/plugins/bug-hunt-local-compose-graphs.test.ts > BH-0004 local compose retains qualified child imports in serve/child-compose=true/static
 FAIL  tests/plugins/bug-hunt-local-compose-graphs.test.ts > BH-0004 local compose retains qualified child imports in serve/child-compose=true/runtime
 FAIL  tests/plugins/bug-hunt-local-compose-graphs.test.ts > BH-0004 local compose retains qualified child imports in serve/child-compose=true/pre-render
 FAIL  tests/plugins/bug-hunt-local-compose-graphs.test.ts > BH-0004 local compose retains qualified child imports in serve/child-compose=true/progressive
AssertionError: expected '@import "https://example.invalid/exte…' to match /padding:\s*2rem/

- Expected:
/padding:\s*2rem/

+ Received:
"@import \"https://example.invalid/external.css\" layer(guard) supports(display: grid) screen and (width >= 700px);
@media screen and (width >= 700px){
@supports (display: grid){
@layer guard{
.child{@compose p:2rem;color:red}}}}
.local{display:block}"

 ❯ tests/plugins/bug-hunt-local-compose-graphs.test.ts:49:37
     47|       expect(css).toMatch(/display:\s*block/)
     48|       expect(css).toMatch(/color:\s*red/)
     49|       if (composeChild) expect(css).toMatch(/padding:\s*2rem/)
       |                                     ^
     50|       expect(css).not.toContain('@compose')
     51|     } finally {

⎯⎯⎯⎯⎯⎯⎯⎯⎯⎯⎯⎯⎯⎯⎯⎯⎯⎯⎯⎯⎯⎯⎯⎯[1/8]⎯

 FAIL  tests/plugins/bug-hunt-local-compose-graphs.test.ts > BH-0004 local compose retains qualified child imports in build/child-compose=true/static
 FAIL  tests/plugins/bug-hunt-local-compose-graphs.test.ts > BH-0004 local compose retains qualified child imports in build/child-compose=true/runtime
 FAIL  tests/plugins/bug-hunt-local-compose-graphs.test.ts > BH-0004 local compose retains qualified child imports in build/child-compose=true/pre-render
 FAIL  tests/plugins/bug-hunt-local-compose-graphs.test.ts > BH-0004 local compose retains qualified child imports in build/child-compose=true/progressive
AssertionError: expected '@import "https://example.invalid/exte…' to match /padding:\s*2rem/

- Expected:
/padding:\s*2rem/

+ Received:
"@import \"https://example.invalid/external.css\" layer(guard) supports(display: grid) screen and (width >= 700px);
@media screen and (width >= 700px){
@supports (display: grid){
@layer guard{
.child{@compose p:2rem;color:red}}}}
.local{display:block}"

 ❯ tests/plugins/bug-hunt-local-compose-graphs.test.ts:49:37
     47|       expect(css).toMatch(/display:\s*block/)
     48|       expect(css).toMatch(/color:\s*red/)
     49|       if (composeChild) expect(css).toMatch(/padding:\s*2rem/)
       |                                     ^
     50|       expect(css).not.toContain('@compose')
     51|     } finally {

⎯⎯⎯⎯⎯⎯⎯⎯⎯⎯⎯⎯⎯⎯⎯⎯⎯⎯⎯⎯⎯⎯⎯⎯[2/8]⎯


 Test Files  1 failed (1)
      Tests  8 failed | 8 passed (16)
   Start at  02:49:09
   Duration  8.25s (tests 95%, transform 3%, import 2%)

[ELIFECYCLE] Test failed. See above for more details.
Error: ERR_PNPM_RECURSIVE_RUN_FIRST_FAIL

  × "pnpm recursive run" failed in /Users/aron/master/css/packages/vite

