(!) Your Vite config uses features that are unsupported by `configLoader: 'native'`, which is planned to become the default in a future major version of Vite:
  - import "../../shared/vitest.config" without a file extension (vitest.config.ts:3:20). Add the file extension
  - import "./vitest-ci-config" without a file extension (../../shared/vitest.config.ts:2:58). Add the file extension
Set `VITE_CONFIG_NATIVE_IGNORE_WARNING=true` to suppress this warning.

 RUN  v5.0.0 /Users/aron/master/css/packages/compiler

 ❯ tests/bug-hunt-local-transform-delivery.test.ts (4 tests | 2 failed) 531ms
   × BH-0004 local graph keeps reference globals and deduplicates published globals=false 5ms
   × BH-0004 local graph keeps reference globals and deduplicates published globals=true 2ms

⎯⎯⎯⎯⎯⎯⎯ Failed Tests 2 ⎯⎯⎯⎯⎯⎯⎯

 FAIL  tests/bug-hunt-local-transform-delivery.test.ts > BH-0004 local graph keeps reference globals and deduplicates published globals=false
Error: ENOENT: no such file or directory, lstat '/private/var/folders/_b/768dhtz56ns54x1r867j67280000gn/T/local-reference-2OSDZ0/entry.css'
 ❯ compileGraph src/stylesheet/delivery.ts:80:47

 ❯ compileDeliveredSource src/stylesheet/delivery.ts:157:18
 ❯ transformLocalStylesheet src/stylesheet/index.ts:502:28
 ❯ transformStylesheet src/stylesheet/public.ts:337:18
 ❯ tests/bug-hunt-local-transform-delivery.test.ts:39:20

⎯⎯⎯⎯⎯⎯⎯⎯⎯⎯⎯⎯⎯⎯⎯⎯⎯⎯⎯⎯⎯⎯⎯⎯[1/2]⎯

 FAIL  tests/bug-hunt-local-transform-delivery.test.ts > BH-0004 local graph keeps reference globals and deduplicates published globals=true
Error: ENOENT: no such file or directory, lstat '/private/var/folders/_b/768dhtz56ns54x1r867j67280000gn/T/local-reference-WfSLvk/entry.css'
 ❯ compileGraph src/stylesheet/delivery.ts:80:47

 ❯ compileDeliveredSource src/stylesheet/delivery.ts:157:18
 ❯ transformLocalStylesheet src/stylesheet/index.ts:502:28
 ❯ transformStylesheet src/stylesheet/public.ts:337:18
 ❯ tests/bug-hunt-local-transform-delivery.test.ts:39:20

⎯⎯⎯⎯⎯⎯⎯⎯⎯⎯⎯⎯⎯⎯⎯⎯⎯⎯⎯⎯⎯⎯⎯⎯[2/2]⎯


 Test Files  1 failed (1)
      Tests  2 failed | 2 passed (4)
   Start at  02:51:42
   Duration  821ms (tests 69%, transform 21%, import 9%)

Error: ERR_PNPM_RECURSIVE_EXEC_FIRST_FAIL

  × "pnpm recursive exec" failed in /Users/aron/master/css/packages/compiler

