{"command":"build","kind":"css","inline":false,"multiple":true,"mode":"static","browser":"chromium","phase":"initial","errors":[],"error":"TimeoutError: page.waitForFunction: Timeout 15000ms exceeded.","result":"FAIL"}
{"command":"build","kind":"css","inline":false,"multiple":true,"mode":"static","browser":"firefox","phase":"initial","errors":[],"error":"TimeoutError: page.waitForFunction: Timeout 15000ms exceeded.","result":"FAIL"}
{"command":"build","kind":"css","inline":false,"multiple":true,"mode":"static","browser":"webkit","phase":"initial","errors":[],"error":"TimeoutError: page.waitForFunction: Timeout 15000ms exceeded.","result":"FAIL"}
{"command":"build","kind":"css","inline":false,"multiple":true,"mode":"runtime","browser":"chromium","phase":"initial","errors":[],"error":"TimeoutError: page.waitForFunction: Timeout 15000ms exceeded.","result":"FAIL"}
{"command":"build","kind":"css","inline":false,"multiple":true,"mode":"runtime","browser":"firefox","phase":"initial","errors":[],"error":"TimeoutError: page.waitForFunction: Timeout 15000ms exceeded.","result":"FAIL"}
{"command":"build","kind":"css","inline":false,"multiple":true,"mode":"runtime","browser":"webkit","phase":"initial","errors":[],"error":"TimeoutError: page.waitForFunction: Timeout 15000ms exceeded.","result":"FAIL"}
{"command":"build","kind":"css","inline":false,"multiple":true,"mode":"pre-render","browser":"chromium","phase":"initial","errors":[],"error":"TimeoutError: page.waitForFunction: Timeout 15000ms exceeded.","result":"FAIL"}
{"command":"build","kind":"css","inline":false,"multiple":true,"mode":"pre-render","browser":"firefox","phase":"initial","errors":[],"error":"TimeoutError: page.waitForFunction: Timeout 15000ms exceeded.","result":"FAIL"}
{"command":"build","kind":"css","inline":false,"multiple":true,"mode":"pre-render","browser":"webkit","phase":"initial","errors":[],"error":"TimeoutError: page.waitForFunction: Timeout 15000ms exceeded.","result":"FAIL"}
{"command":"build","kind":"css","inline":false,"multiple":true,"mode":"progressive","browser":"chromium","phase":"initial","errors":[],"error":"TimeoutError: page.waitForFunction: Timeout 15000ms exceeded.","result":"FAIL"}
{"command":"build","kind":"css","inline":false,"multiple":true,"mode":"progressive","browser":"firefox","phase":"initial","errors":[],"error":"TimeoutError: page.waitForFunction: Timeout 15000ms exceeded.","result":"FAIL"}
{"command":"build","kind":"css","inline":false,"multiple":true,"mode":"progressive","browser":"webkit","phase":"initial","errors":[],"error":"TimeoutError: page.waitForFunction: Timeout 15000ms exceeded.","result":"FAIL"}
{"observations":12,"failures":12}
node:internal/modules/run_main:107
    triggerUncaughtException(
    ^

AssertionError [ERR_ASSERTION]: Expected values to be strictly equal:

12 !== 0

    at file:///Users/aron/master/css/.ai/audits/bug-hunt/repros/vite-local-graph-resources.mjs:106:44
    at process.processTicksAndRejections (node:internal/process/task_queues:104:5) {
  generatedMessage: true,
  code: 'ERR_ASSERTION',
  actual: 12,
  expected: 0,
  operator: 'strictEqual',
  diff: 'simple'
}

Node.js v24.20.0
