$ vitest --run tests/plugins/bug-hunt-local-compose-graphs.test.ts
(!) Your Vite config uses features that are unsupported by `configLoader: 'native'`, which is planned to become the default in a future major version of Vite:
  - import "../../shared/vitest.config" without a file extension (vitest.config.ts:2:20). Add the file extension
  - import "./vitest-ci-config" without a file extension (../../shared/vitest.config.ts:2:58). Add the file extension
Set `VITE_CONFIG_NATIVE_IGNORE_WARNING=true` to suppress this warning.

 RUN  v5.0.0 /Users/aron/master/css/packages/vite

 ❯ tests/plugins/bug-hunt-local-compose-graphs.test.ts (32 tests | 8 failed) 14160ms
   × BH-0004 local compose retains qualified child imports in serve/root-compose=false/child-compose=true/static 222ms
   × BH-0004 local compose retains qualified child imports in serve/root-compose=false/child-compose=true/runtime 216ms
   × BH-0004 local compose retains qualified child imports in serve/root-compose=false/child-compose=true/pre-render 348ms
   × BH-0004 local compose retains qualified child imports in serve/root-compose=false/child-compose=true/progressive 332ms
   × BH-0004 local compose retains qualified child imports in build/root-compose=false/child-compose=true/static 245ms
   × BH-0004 local compose retains qualified child imports in build/root-compose=false/child-compose=true/runtime 386ms
   × BH-0004 local compose retains qualified child imports in build/root-compose=false/child-compose=true/pre-render 371ms
   × BH-0004 local compose retains qualified child imports in build/root-compose=false/child-compose=true/progressive 479ms

⎯⎯⎯⎯⎯⎯⎯ Failed Tests 8 ⎯⎯⎯⎯⎯⎯⎯

 FAIL  tests/plugins/bug-hunt-local-compose-graphs.test.ts > BH-0004 local compose retains qualified child imports in serve/root-compose=false/child-compose=true/static
 FAIL  tests/plugins/bug-hunt-local-compose-graphs.test.ts > BH-0004 local compose retains qualified child imports in serve/root-compose=false/child-compose=true/runtime
 FAIL  tests/plugins/bug-hunt-local-compose-graphs.test.ts > BH-0004 local compose retains qualified child imports in serve/root-compose=false/child-compose=true/pre-render
 FAIL  tests/plugins/bug-hunt-local-compose-graphs.test.ts > BH-0004 local compose retains qualified child imports in serve/root-compose=false/child-compose=true/progressive
AssertionError: expected '@import "https://example.invalid/exte…' to match /padding:\s*2rem/

- Expected:
/padding:\s*2rem/

+ Received:
"@import \"https://example.invalid/external.css\" layer(guard) supports(display:grid) screen and (min-width:700px);
@media screen and (min-width:700px){
@supports (display:grid){
@layer guard{
.child{@compose p:2rem;color:red}}}}
.local{display:block}"

 ❯ tests/plugins/bug-hunt-local-compose-graphs.test.ts:50:39
     48|         expect(css).toMatch(/display:\s*block/)
     49|         expect(css).toMatch(/color:\s*red/)
     50|         if (composeChild) expect(css).toMatch(/padding:\s*2rem/)
       |                                       ^
     51|         expect(css).not.toContain('@compose')
     52|       } finally {

⎯⎯⎯⎯⎯⎯⎯⎯⎯⎯⎯⎯⎯⎯⎯⎯⎯⎯⎯⎯⎯⎯⎯⎯[1/8]⎯

 FAIL  tests/plugins/bug-hunt-local-compose-graphs.test.ts > BH-0004 local compose retains qualified child imports in build/root-compose=false/child-compose=true/static
 FAIL  tests/plugins/bug-hunt-local-compose-graphs.test.ts > BH-0004 local compose retains qualified child imports in build/root-compose=false/child-compose=true/runtime
 FAIL  tests/plugins/bug-hunt-local-compose-graphs.test.ts > BH-0004 local compose retains qualified child imports in build/root-compose=false/child-compose=true/pre-render
 FAIL  tests/plugins/bug-hunt-local-compose-graphs.test.ts > BH-0004 local compose retains qualified child imports in build/root-compose=false/child-compose=true/progressive
AssertionError: expected '@import "https://example.invalid/exte…' to match /padding:\s*2rem/

- Expected:
/padding:\s*2rem/

+ Received:
"@import \"https://example.invalid/external.css\" layer(guard) supports(display:grid) screen and (min-width:700px);
@media screen and (min-width:700px){
@supports (display:grid){
@layer guard{
.child{@compose p:2rem;color:red}}}}
.local{display:block}"

 ❯ tests/plugins/bug-hunt-local-compose-graphs.test.ts:50:39
     48|         expect(css).toMatch(/display:\s*block/)
     49|         expect(css).toMatch(/color:\s*red/)
     50|         if (composeChild) expect(css).toMatch(/padding:\s*2rem/)
       |                                       ^
     51|         expect(css).not.toContain('@compose')
     52|       } finally {

⎯⎯⎯⎯⎯⎯⎯⎯⎯⎯⎯⎯⎯⎯⎯⎯⎯⎯⎯⎯⎯⎯⎯⎯[2/8]⎯


 Test Files  1 failed (1)
      Tests  8 failed | 24 passed (32)
   Start at  03:25:44
   Duration  14.69s (tests 97%, transform 2%, import 1%)

[ELIFECYCLE] Test failed. See above for more details.
Error: ERR_PNPM_RECURSIVE_RUN_FIRST_FAIL

  × "pnpm recursive run" failed in /Users/aron/master/css/packages/vite

