(!) Your Vite config uses features that are unsupported by `configLoader: 'native'`, which is planned to become the default in a future major version of Vite:
  - import "../../shared/vitest.config" without a file extension (vitest.config.ts:2:20). Add the file extension
  - import "./vitest-ci-config" without a file extension (../../shared/vitest.config.ts:2:58). Add the file extension
Set `VITE_CONFIG_NATIVE_IGNORE_WARNING=true` to suppress this warning.

 RUN  v5.0.0 /Users/aron/master/css/packages/vite

stdout | tests/plugins/bug-hunt-local-sass-url-hmr.test.ts > local Sass URL reloads retained child and resource under //static
{"file":"/private/var/folders/_b/768dhtz56ns54x1r867j67280000gn/T/master-local-sass-url-QfOnXh/child.css","modules":[{"id":null,"importers":["/private/var/folders/_b/768dhtz56ns54x1r867j67280000gn/T/master-local-sass-url-QfOnXh/style.scss.master-css-sass.css?direct"]}],"graph":[{"id":"/private/var/folders/_b/768dhtz56ns54x1r867j67280000gn/T/master-local-sass-url-QfOnXh/style.scss.master-css-sass.css?direct","file":"/private/var/folders/_b/768dhtz56ns54x1r867j67280000gn/T/master-local-sass-url-QfOnXh/style.scss.master-css-sass.css","importers":[]}]}

stdout | tests/plugins/bug-hunt-local-sass-url-hmr.test.ts > local Sass URL reloads retained child and resource under //static
{"file":"/private/var/folders/_b/768dhtz56ns54x1r867j67280000gn/T/master-local-sass-url-QfOnXh/child.css","modules":[],"graph":[]}

 ❯ tests/plugins/bug-hunt-local-sass-url-hmr.test.ts (8 tests | 1 failed | 7 skipped) 5008ms
   × local Sass URL reloads retained child and resource under //static 5007ms

⎯⎯⎯⎯⎯⎯⎯ Failed Tests 1 ⎯⎯⎯⎯⎯⎯⎯

 FAIL  tests/plugins/bug-hunt-local-sass-url-hmr.test.ts > local Sass URL reloads retained child and resource under //static
AssertionError: expected "send" to be called with arguments: [ { type: 'update', …(1) } ]

Received:

  1st send call:

  [
    {
      "type": "update",
-     "updates": ArrayContaining [
+     "updates": [
        {
-         "acceptedPath": "/style.scss",
-         "path": "/style.scss",
-         "timestamp": Any<Number>,
+         "acceptedPath": "/style.scss.css?direct",
+         "explicitImportRequired": false,
+         "firstInvalidatedBy": undefined,
+         "isWithinCircularImport": false,
+         "path": "/style.scss.css?direct",
+         "timestamp": 1788983528833,
          "type": "css-update",
        },
      ],
    },
  ]


Number of calls: 1

 ❯ vi.waitFor.timeout tests/plugins/bug-hunt-local-sass-url-hmr.test.ts:39:45
     37|         send.mockClear()
     38|         writeFileSync(join(root, file), source)
     39|         await vi.waitFor(() => expect(send).toHaveBeenCalledWith({ typ…
       |                                             ^
     40|           { type: 'css-update', path: '/style.scss', acceptedPath: '/s…
     41|         ]) }), { timeout: 3000 })

⎯⎯⎯⎯⎯⎯⎯⎯⎯⎯⎯⎯⎯⎯⎯⎯⎯⎯⎯⎯⎯⎯⎯⎯[1/1]⎯


 Test Files  1 failed (1)
      Tests  1 failed | 7 skipped (8)
   Start at  03:52:05
   Duration  6.73s (tests 76%, transform 16%, import 8%)

Error: ERR_PNPM_RECURSIVE_EXEC_FIRST_FAIL

  × "pnpm recursive exec" failed in /Users/aron/master/css/packages/vite

