node:internal/modules/run_main:107
    triggerUncaughtException(
    ^

Build failed with 1 error:

[plugin vite:css-post]
Error: css content for "/Users/aron/master/css/packages/vite/tmp/local-query-resources-Uy8WmV/style.scss?transform-only" was not found
    at PluginContextImpl.renderChunk (file:///Users/aron/master/css/node_modules/.pnpm/vite@8.2.2_@types+node@24.13.3_esbuild@0.28.2_jiti@2.7.0_less@4.9.0_supports-color@5.5._5aef4224fb2d1e795047ce58ecc7070b/node_modules/vite/dist/node/chunks/node.js:22790:34)
    at PluginContextImpl.handler (file:///Users/aron/master/css/node_modules/.pnpm/vite@8.2.2_@types+node@24.13.3_esbuild@0.28.2_jiti@2.7.0_less@4.9.0_supports-color@5.5._5aef4224fb2d1e795047ce58ecc7070b/node_modules/vite/dist/node/chunks/node.js:34080:13)
    at plugin (file:///Users/aron/master/css/node_modules/.pnpm/rolldown@1.2.7/node_modules/rolldown/dist/shared/bindingify-input-options-DrImMHKQ.mjs:1626:30)
    at file:///Users/aron/master/css/node_modules/.pnpm/rolldown@1.2.7/node_modules/rolldown/dist/shared/bindingify-input-options-DrImMHKQ.mjs:1930:21
    at plugin.<computed> (file:///Users/aron/master/css/node_modules/.pnpm/rolldown@1.2.7/node_modules/rolldown/dist/shared/bindingify-input-options-DrImMHKQ.mjs:2127:18)
    at aggregateBindingErrorsIntoJsError (file:///Users/aron/master/css/node_modules/.pnpm/rolldown@1.2.7/node_modules/rolldown/dist/shared/error-BP8lJHle.mjs:48:18)
    at unwrapBindingResult (file:///Users/aron/master/css/node_modules/.pnpm/rolldown@1.2.7/node_modules/rolldown/dist/shared/error-BP8lJHle.mjs:18:128)
    at #build (file:///Users/aron/master/css/node_modules/.pnpm/rolldown@1.2.7/node_modules/rolldown/dist/shared/rolldown-DfXO5K1m.mjs:133:34)
    at async buildEnvironment (file:///Users/aron/master/css/node_modules/.pnpm/vite@8.2.2_@types+node@24.13.3_esbuild@0.28.2_jiti@2.7.0_less@4.9.0_supports-color@5.5._5aef4224fb2d1e795047ce58ecc7070b/node_modules/vite/dist/node/chunks/node.js:33821:66)
    at async Object.build (file:///Users/aron/master/css/node_modules/.pnpm/vite@8.2.2_@types+node@24.13.3_esbuild@0.28.2_jiti@2.7.0_less@4.9.0_supports-color@5.5._5aef4224fb2d1e795047ce58ecc7070b/node_modules/vite/dist/node/chunks/node.js:34242:19)
    at async file:///Users/aron/master/css/.ai/audits/bug-hunt/repros/vite-local-query-resources.mjs:42:12 {
  errors: [Getter/Setter]
}

Node.js v24.20.0
