(!) Your Vite config uses features that are unsupported by `configLoader: 'native'`, which is planned to become the default in a future major version of Vite:
  - import "../../shared/vitest.config" without a file extension (vitest.config.ts:2:20). Add the file extension
  - import "./vitest-ci-config" without a file extension (../../shared/vitest.config.ts:2:58). Add the file extension
Set `VITE_CONFIG_NATIVE_IGNORE_WARNING=true` to suppress this warning.

 RUN  v5.0.0 /Users/aron/master/css/packages/vite

 ❯ tests/plugins/bug-hunt-module-duplicate-inputs.test.ts (4 tests | 4 failed) 3335ms
   × identical imported files retain module scope and distinct resource owners in static 795ms
   × identical imported files retain module scope and distinct resource owners in runtime 759ms
   × identical imported files retain module scope and distinct resource owners in pre-render 934ms
   × identical imported files retain module scope and distinct resource owners in progressive 846ms

⎯⎯⎯⎯⎯⎯⎯ Failed Tests 4 ⎯⎯⎯⎯⎯⎯⎯

 FAIL  tests/plugins/bug-hunt-module-duplicate-inputs.test.ts > identical imported files retain module scope and distinct resource owners in static
 FAIL  tests/plugins/bug-hunt-module-duplicate-inputs.test.ts > identical imported files retain module scope and distinct resource owners in runtime
 FAIL  tests/plugins/bug-hunt-module-duplicate-inputs.test.ts > identical imported files retain module scope and distinct resource owners in pre-render
 FAIL  tests/plugins/bug-hunt-module-duplicate-inputs.test.ts > identical imported files retain module scope and distinct resource owners in progressive
AssertionError: expected { same: 'scope_same', …(1) } to match object { same: 'scope_same', …(2) }

- Expected
+ Received

  {
    "local": "scope_local",
    "same": "scope_same",
-   "token": "shared",
  }

 ❯ tests/plugins/bug-hunt-module-duplicate-inputs.test.ts:22:26
     20|     await server.listen()
     21|     const result = await server.ssrLoadModule('/entry.js')
     22|     expect(result.names).toMatchObject({ same: 'scope_same', local: 's…
       |                          ^
     23|     const sources = [result.css as string], seen = new Set<string>()
     24|     for (const css of sources) for (const match of css.matchAll(/@impo…

⎯⎯⎯⎯⎯⎯⎯⎯⎯⎯⎯⎯⎯⎯⎯⎯⎯⎯⎯⎯⎯⎯⎯⎯[1/4]⎯


 Test Files  1 failed (1)
      Tests  4 failed (4)
   Start at  04:51:32
   Duration  3.83s (tests 89%, transform 7%, import 4%)

Error: ERR_PNPM_RECURSIVE_EXEC_FIRST_FAIL

  × "pnpm recursive exec" failed in /Users/aron/master/css/packages/vite

