(!) Your Vite config uses features that are unsupported by `configLoader: 'native'`, which is planned to become the default in a future major version of Vite:
  - import "../../shared/vitest.config" without a file extension (vitest.config.ts:2:20). Add the file extension
  - import "./vitest-ci-config" without a file extension (../../shared/vitest.config.ts:2:58). Add the file extension
Set `VITE_CONFIG_NATIVE_IGNORE_WARNING=true` to suppress this warning.

 RUN  v5.0.0 /Users/aron/master/css/packages/vite

stdout | tests/plugins/bug-hunt-imported-module-exports.test.ts > local Modules import exports match pure Vite with childModule=false
{"relation":"import","childModule":false,"results":[{"names":{"child":"style_module_css_child","local":"style_module_css_local"},"css":"@layer guard{\n.style_module_css?inline_child{padding:2rem}}\n.style_module_css?inline_local{display:inline-flex}"},{"names":{"local":"style_module_css_local"},"css":"@layer guard{\n.child{padding:2rem}}\n.style_module_css_local{display:inline-flex}"}]}

stdout | tests/plugins/bug-hunt-imported-module-exports.test.ts > local Modules import exports match pure Vite with childModule=true
{"relation":"import","childModule":true,"results":[{"names":{"child":"style_module_css_child","local":"style_module_css_local"},"css":"@layer guard{\n.style_module_css?inline_child{padding:2rem}}\n.style_module_css?inline_local{display:inline-flex}"},{"names":{"local":"style_module_css_local"},"css":"@layer guard{\n.child{padding:2rem}}\n.style_module_css_local{display:inline-flex}"}]}

 ❯ tests/plugins/bug-hunt-imported-module-exports.test.ts (4 tests | 2 failed) 1176ms
   × local Modules import exports match pure Vite with childModule=false 343ms
   × local Modules import exports match pure Vite with childModule=true 282ms

⎯⎯⎯⎯⎯⎯⎯ Failed Tests 2 ⎯⎯⎯⎯⎯⎯⎯

 FAIL  tests/plugins/bug-hunt-imported-module-exports.test.ts > local Modules import exports match pure Vite with childModule=false
 FAIL  tests/plugins/bug-hunt-imported-module-exports.test.ts > local Modules import exports match pure Vite with childModule=true
AssertionError: expected { local: 'style_module_css_local' } to deeply equal { …(2) }

- Expected
+ Received

  {
-   "child": "style_module_css_child",
    "local": "style_module_css_local",
  }

 ❯ tests/plugins/bug-hunt-imported-module-exports.test.ts:30:34
     28|         }
     29|         console.log(JSON.stringify({ relation, childModule, results }))
     30|         expect(results[1].names).toEqual(results[0].names)
       |                                  ^
     31|       } finally { rmSync(root, { recursive: true, force: true }) }
     32|     })

⎯⎯⎯⎯⎯⎯⎯⎯⎯⎯⎯⎯⎯⎯⎯⎯⎯⎯⎯⎯⎯⎯⎯⎯[1/2]⎯


 Test Files  1 failed (1)
      Tests  2 failed | 2 passed (4)
   Start at  04:10:01
   Duration  1.66s (tests 73%, transform 17%, import 9%)

Error: ERR_PNPM_RECURSIVE_EXEC_FIRST_FAIL

  × "pnpm recursive exec" failed in /Users/aron/master/css/packages/vite

