(!) Your Vite config uses features that are unsupported by `configLoader: 'native'`, which is planned to become the default in a future major version of Vite:
  - import "../../shared/vitest.config" without a file extension (vitest.config.ts:2:20). Add the file extension
  - import "./vitest-ci-config" without a file extension (../../shared/vitest.config.ts:2:58). Add the file extension
Set `VITE_CONFIG_NATIVE_IGNORE_WARNING=true` to suppress this warning.

 RUN  v5.0.0 /Users/aron/master/css/packages/vite

 ❯ tests/plugins/bug-hunt-module-sass-import-contexts.test.ts (8 tests | 8 failed) 6949ms
   × equal Sass outputs retain root scope and resource owners in static / css 1033ms
   × equal Sass outputs retain root scope and resource owners in static / scss 791ms
   × equal Sass outputs retain root scope and resource owners in runtime / css 756ms
   × equal Sass outputs retain root scope and resource owners in runtime / scss 782ms
   × equal Sass outputs retain root scope and resource owners in pre-render / css 927ms
   × equal Sass outputs retain root scope and resource owners in pre-render / scss 874ms
   × equal Sass outputs retain root scope and resource owners in progressive / css 890ms
   × equal Sass outputs retain root scope and resource owners in progressive / scss 895ms

⎯⎯⎯⎯⎯⎯⎯ Failed Tests 8 ⎯⎯⎯⎯⎯⎯⎯

 FAIL  tests/plugins/bug-hunt-module-sass-import-contexts.test.ts > equal Sass outputs retain root scope and resource owners in static / css
 FAIL  tests/plugins/bug-hunt-module-sass-import-contexts.test.ts > equal Sass outputs retain root scope and resource owners in static / scss
 FAIL  tests/plugins/bug-hunt-module-sass-import-contexts.test.ts > equal Sass outputs retain root scope and resource owners in runtime / css
 FAIL  tests/plugins/bug-hunt-module-sass-import-contexts.test.ts > equal Sass outputs retain root scope and resource owners in runtime / scss
 FAIL  tests/plugins/bug-hunt-module-sass-import-contexts.test.ts > equal Sass outputs retain root scope and resource owners in pre-render / css
 FAIL  tests/plugins/bug-hunt-module-sass-import-contexts.test.ts > equal Sass outputs retain root scope and resource owners in pre-render / scss
 FAIL  tests/plugins/bug-hunt-module-sass-import-contexts.test.ts > equal Sass outputs retain root scope and resource owners in progressive / css
 FAIL  tests/plugins/bug-hunt-module-sass-import-contexts.test.ts > equal Sass outputs retain root scope and resource owners in progressive / scss
AssertionError: expected [ …(2) ] to have a length of 1 but got 2

- Expected
+ Received

- 1
+ 2

 ❯ tests/plugins/bug-hunt-module-sass-import-contexts.test.ts:37:111
     35|     }
     36|     const css = sources.join('\n')
     37|     for (const name of ['a', 'b']) expect.soft(calls.filter(file => fi…
       |                                                                                                               ^
     38|     expect.soft(css).not.toMatch(/\.same\s*\{/)
     39|     expect.soft(css.match(/\.scope_same\s*\{/g)).toHaveLength(2)

⎯⎯⎯⎯⎯⎯⎯⎯⎯⎯⎯⎯⎯⎯⎯⎯⎯⎯⎯⎯⎯⎯⎯[1/24]⎯

 FAIL  tests/plugins/bug-hunt-module-sass-import-contexts.test.ts > equal Sass outputs retain root scope and resource owners in static / css
AssertionError: expected '@layer guard{.scope_same{padding:2rem…' not to match /\.same\s*\{/

- Expected:
/\.same\s*\{/

+ Received:
"@layer guard{.scope_same{padding:2rem;background:url(\"/_master-css/dev/9e8a7441-660c-4dfe-a35b-2092096bee95/resource/326defaab5ec5898ee07/pixel.svg\")}}
@layer guard{.same{padding:2rem;background:url(\"/_master-css/dev/9e8a7441-660c-4dfe-a35b-2092096bee95/resource/0c2c108ed5ca7a80b743/pixel.svg\")}}

.scope_local {
  display: block;
}"

 ❯ tests/plugins/bug-hunt-module-sass-import-contexts.test.ts:38:26
     36|     const css = sources.join('\n')
     37|     for (const name of ['a', 'b']) expect.soft(calls.filter(file => fi…
     38|     expect.soft(css).not.toMatch(/\.same\s*\{/)
       |                          ^
     39|     expect.soft(css.match(/\.scope_same\s*\{/g)).toHaveLength(2)
     40|     expect(css).not.toContain(':export')

⎯⎯⎯⎯⎯⎯⎯⎯⎯⎯⎯⎯⎯⎯⎯⎯⎯⎯⎯⎯⎯⎯⎯[2/24]⎯

 FAIL  tests/plugins/bug-hunt-module-sass-import-contexts.test.ts > equal Sass outputs retain root scope and resource owners in static / css
 FAIL  tests/plugins/bug-hunt-module-sass-import-contexts.test.ts > equal Sass outputs retain root scope and resource owners in static / scss
 FAIL  tests/plugins/bug-hunt-module-sass-import-contexts.test.ts > equal Sass outputs retain root scope and resource owners in runtime / css
 FAIL  tests/plugins/bug-hunt-module-sass-import-contexts.test.ts > equal Sass outputs retain root scope and resource owners in runtime / scss
 FAIL  tests/plugins/bug-hunt-module-sass-import-contexts.test.ts > equal Sass outputs retain root scope and resource owners in pre-render / css
 FAIL  tests/plugins/bug-hunt-module-sass-import-contexts.test.ts > equal Sass outputs retain root scope and resource owners in pre-render / scss
 FAIL  tests/plugins/bug-hunt-module-sass-import-contexts.test.ts > equal Sass outputs retain root scope and resource owners in progressive / css
 FAIL  tests/plugins/bug-hunt-module-sass-import-contexts.test.ts > equal Sass outputs retain root scope and resource owners in progressive / scss
AssertionError: expected [ '.scope_same{' ] to have a length of 2 but got 1

- Expected
+ Received

- 2
+ 1

 ❯ tests/plugins/bug-hunt-module-sass-import-contexts.test.ts:39:50
     37|     for (const name of ['a', 'b']) expect.soft(calls.filter(file => fi…
     38|     expect.soft(css).not.toMatch(/\.same\s*\{/)
     39|     expect.soft(css.match(/\.scope_same\s*\{/g)).toHaveLength(2)
       |                                                  ^
     40|     expect(css).not.toContain(':export')
     41|     const assets = new Set<string>()

⎯⎯⎯⎯⎯⎯⎯⎯⎯⎯⎯⎯⎯⎯⎯⎯⎯⎯⎯⎯⎯⎯⎯[3/24]⎯

 FAIL  tests/plugins/bug-hunt-module-sass-import-contexts.test.ts > equal Sass outputs retain root scope and resource owners in static / scss
AssertionError: expected '@layer guard{.scope_same{padding:2rem…' not to match /\.same\s*\{/

- Expected:
/\.same\s*\{/

+ Received:
"@layer guard{.scope_same{padding:2rem;background:url(\"/_master-css/dev/d078ba5f-c0da-41fe-9780-e45616a2f8cd/resource/d0e2146dd4a4791828d0/pixel.svg\")}}
@layer guard{.same{padding:2rem;background:url(\"/_master-css/dev/d078ba5f-c0da-41fe-9780-e45616a2f8cd/resource/849927933ea2730d4278/pixel.svg\")}}

.scope_local {
  display: block;
}"

 ❯ tests/plugins/bug-hunt-module-sass-import-contexts.test.ts:38:26
     36|     const css = sources.join('\n')
     37|     for (const name of ['a', 'b']) expect.soft(calls.filter(file => fi…
     38|     expect.soft(css).not.toMatch(/\.same\s*\{/)
       |                          ^
     39|     expect.soft(css.match(/\.scope_same\s*\{/g)).toHaveLength(2)
     40|     expect(css).not.toContain(':export')

⎯⎯⎯⎯⎯⎯⎯⎯⎯⎯⎯⎯⎯⎯⎯⎯⎯⎯⎯⎯⎯⎯⎯[4/24]⎯

 FAIL  tests/plugins/bug-hunt-module-sass-import-contexts.test.ts > equal Sass outputs retain root scope and resource owners in runtime / css
AssertionError: expected '@layer guard{.scope_same{padding:2rem…' not to match /\.same\s*\{/

- Expected:
/\.same\s*\{/

+ Received:
"@layer guard{.scope_same{padding:2rem;background:url(\"/_master-css/dev/e9d2b962-b326-40bc-a238-f461e3bf05e8/resource/115a13772a5419eb0194/pixel.svg\")}}
@layer guard{.same{padding:2rem;background:url(\"/_master-css/dev/e9d2b962-b326-40bc-a238-f461e3bf05e8/resource/9895754ba2d77af00034/pixel.svg\")}}

.scope_local {
  display: block;
}"

 ❯ tests/plugins/bug-hunt-module-sass-import-contexts.test.ts:38:26
     36|     const css = sources.join('\n')
     37|     for (const name of ['a', 'b']) expect.soft(calls.filter(file => fi…
     38|     expect.soft(css).not.toMatch(/\.same\s*\{/)
       |                          ^
     39|     expect.soft(css.match(/\.scope_same\s*\{/g)).toHaveLength(2)
     40|     expect(css).not.toContain(':export')

⎯⎯⎯⎯⎯⎯⎯⎯⎯⎯⎯⎯⎯⎯⎯⎯⎯⎯⎯⎯⎯⎯⎯[5/24]⎯

 FAIL  tests/plugins/bug-hunt-module-sass-import-contexts.test.ts > equal Sass outputs retain root scope and resource owners in runtime / scss
AssertionError: expected '@layer guard{.scope_same{padding:2rem…' not to match /\.same\s*\{/

- Expected:
/\.same\s*\{/

+ Received:
"@layer guard{.scope_same{padding:2rem;background:url(\"/_master-css/dev/5b5a2154-4b4f-456d-b3d8-30a92ead4d41/resource/6ed3c1a529de75315252/pixel.svg\")}}
@layer guard{.same{padding:2rem;background:url(\"/_master-css/dev/5b5a2154-4b4f-456d-b3d8-30a92ead4d41/resource/bbf453ebd1adb0d854c4/pixel.svg\")}}

.scope_local {
  display: block;
}"

 ❯ tests/plugins/bug-hunt-module-sass-import-contexts.test.ts:38:26
     36|     const css = sources.join('\n')
     37|     for (const name of ['a', 'b']) expect.soft(calls.filter(file => fi…
     38|     expect.soft(css).not.toMatch(/\.same\s*\{/)
       |                          ^
     39|     expect.soft(css.match(/\.scope_same\s*\{/g)).toHaveLength(2)
     40|     expect(css).not.toContain(':export')

⎯⎯⎯⎯⎯⎯⎯⎯⎯⎯⎯⎯⎯⎯⎯⎯⎯⎯⎯⎯⎯⎯⎯[6/24]⎯

 FAIL  tests/plugins/bug-hunt-module-sass-import-contexts.test.ts > equal Sass outputs retain root scope and resource owners in pre-render / css
AssertionError: expected '@layer guard{.scope_same{padding:2rem…' not to match /\.same\s*\{/

- Expected:
/\.same\s*\{/

+ Received:
"@layer guard{.scope_same{padding:2rem;background:url(\"/_master-css/dev/5a53d9e4-288e-481b-9a1a-86d4fbc3da5a/resource/54c25b9ea77e4a0d407c/pixel.svg\")}}
@layer guard{.same{padding:2rem;background:url(\"/_master-css/dev/5a53d9e4-288e-481b-9a1a-86d4fbc3da5a/resource/e2579462c9ebee102e5a/pixel.svg\")}}

.scope_local {
  display: block;
}"

 ❯ tests/plugins/bug-hunt-module-sass-import-contexts.test.ts:38:26
     36|     const css = sources.join('\n')
     37|     for (const name of ['a', 'b']) expect.soft(calls.filter(file => fi…
     38|     expect.soft(css).not.toMatch(/\.same\s*\{/)
       |                          ^
     39|     expect.soft(css.match(/\.scope_same\s*\{/g)).toHaveLength(2)
     40|     expect(css).not.toContain(':export')

⎯⎯⎯⎯⎯⎯⎯⎯⎯⎯⎯⎯⎯⎯⎯⎯⎯⎯⎯⎯⎯⎯⎯[7/24]⎯

 FAIL  tests/plugins/bug-hunt-module-sass-import-contexts.test.ts > equal Sass outputs retain root scope and resource owners in pre-render / scss
AssertionError: expected '@layer guard{.scope_same{padding:2rem…' not to match /\.same\s*\{/

- Expected:
/\.same\s*\{/

+ Received:
"@layer guard{.scope_same{padding:2rem;background:url(\"/_master-css/dev/d5e4c3f9-024c-4b72-83e3-b247991ab13b/resource/f0020d1147aa10b90b10/pixel.svg\")}}
@layer guard{.same{padding:2rem;background:url(\"/_master-css/dev/d5e4c3f9-024c-4b72-83e3-b247991ab13b/resource/f05fb1e41ac31d855dbf/pixel.svg\")}}

.scope_local {
  display: block;
}"

 ❯ tests/plugins/bug-hunt-module-sass-import-contexts.test.ts:38:26
     36|     const css = sources.join('\n')
     37|     for (const name of ['a', 'b']) expect.soft(calls.filter(file => fi…
     38|     expect.soft(css).not.toMatch(/\.same\s*\{/)
       |                          ^
     39|     expect.soft(css.match(/\.scope_same\s*\{/g)).toHaveLength(2)
     40|     expect(css).not.toContain(':export')

⎯⎯⎯⎯⎯⎯⎯⎯⎯⎯⎯⎯⎯⎯⎯⎯⎯⎯⎯⎯⎯⎯⎯[8/24]⎯

 FAIL  tests/plugins/bug-hunt-module-sass-import-contexts.test.ts > equal Sass outputs retain root scope and resource owners in progressive / css
AssertionError: expected '@layer guard{.scope_same{padding:2rem…' not to match /\.same\s*\{/

- Expected:
/\.same\s*\{/

+ Received:
"@layer guard{.scope_same{padding:2rem;background:url(\"/_master-css/dev/0fcc1d70-c53e-4dbf-885e-c4088577c78f/resource/35620d898c9211a52adb/pixel.svg\")}}
@layer guard{.same{padding:2rem;background:url(\"/_master-css/dev/0fcc1d70-c53e-4dbf-885e-c4088577c78f/resource/969c80dc116c179144d4/pixel.svg\")}}

.scope_local {
  display: block;
}"

 ❯ tests/plugins/bug-hunt-module-sass-import-contexts.test.ts:38:26
     36|     const css = sources.join('\n')
     37|     for (const name of ['a', 'b']) expect.soft(calls.filter(file => fi…
     38|     expect.soft(css).not.toMatch(/\.same\s*\{/)
       |                          ^
     39|     expect.soft(css.match(/\.scope_same\s*\{/g)).toHaveLength(2)
     40|     expect(css).not.toContain(':export')

⎯⎯⎯⎯⎯⎯⎯⎯⎯⎯⎯⎯⎯⎯⎯⎯⎯⎯⎯⎯⎯⎯⎯[9/24]⎯

 FAIL  tests/plugins/bug-hunt-module-sass-import-contexts.test.ts > equal Sass outputs retain root scope and resource owners in progressive / scss
AssertionError: expected '@layer guard{.scope_same{padding:2rem…' not to match /\.same\s*\{/

- Expected:
/\.same\s*\{/

+ Received:
"@layer guard{.scope_same{padding:2rem;background:url(\"/_master-css/dev/eb7d2841-f849-4f7f-b3b9-d60c04107ff7/resource/cdb3112fc813ef0bbfcf/pixel.svg\")}}
@layer guard{.same{padding:2rem;background:url(\"/_master-css/dev/eb7d2841-f849-4f7f-b3b9-d60c04107ff7/resource/24f30e4600b8bafab382/pixel.svg\")}}

.scope_local {
  display: block;
}"

 ❯ tests/plugins/bug-hunt-module-sass-import-contexts.test.ts:38:26
     36|     const css = sources.join('\n')
     37|     for (const name of ['a', 'b']) expect.soft(calls.filter(file => fi…
     38|     expect.soft(css).not.toMatch(/\.same\s*\{/)
       |                          ^
     39|     expect.soft(css.match(/\.scope_same\s*\{/g)).toHaveLength(2)
     40|     expect(css).not.toContain(':export')

⎯⎯⎯⎯⎯⎯⎯⎯⎯⎯⎯⎯⎯⎯⎯⎯⎯⎯⎯⎯⎯⎯[10/24]⎯


 Test Files  1 failed (1)
      Tests  8 failed (8)
   Start at  05:04:40
   Duration  7.55s (tests 93%, transform 4%, import 3%)

Error: ERR_PNPM_RECURSIVE_EXEC_FIRST_FAIL

  × "pnpm recursive exec" failed in /Users/aron/master/css/packages/vite

