{"cwd": "/Users/aron/master/css/tmp/master-css-bh-isolated-cn7br6cl/benchmarks", "command": ["node", "/Users/aron/master/css/scripts/with-typescript-tooling-compat.mjs", "node", "--import", "tsx", "/Users/aron/master/css/.ai/audits/bug-hunt/repros/benchmark-wasm-report.mjs", "runtime-style-invalidation-diagnostics"]}
$ vitest bench runtime-style-invalidation-diagnostics --run

 RUN  v5.0.0 /Users/aron/master/css/tmp/master-css-bh-isolated-cn7br6cl/benchmarks

 ❯ |bench| runtime-style-invalidation-diagnostics/runtime-style-invalidation-diagnostics.bench.ts (1 test | 1 failed) 33494ms
   ❯ runtime style invalidation diagnostics (1)
     × write runtime style invalidation diagnostics report 33493ms

⎯⎯⎯⎯⎯⎯⎯ Failed Tests 1 ⎯⎯⎯⎯⎯⎯⎯

 FAIL  |bench| runtime-style-invalidation-diagnostics/runtime-style-invalidation-diagnostics.bench.ts > runtime style invalidation diagnostics > write runtime style invalidation diagnostics report
Error: Command failed: /Users/aron/.nvm/versions/node/v24.20.0/bin/node --import tsx /Users/aron/master/css/tmp/master-css-bh-isolated-cn7br6cl/benchmarks/runtime-style-invalidation-diagnostics/run-report.ts

Command failed: /Users/aron/.nvm/versions/node/v24.20.0/bin/node --import tsx /Users/aron/master/css/tmp/master-css-bh-isolated-cn7br6cl/benchmarks/runtime-style-invalidation-diagnostics/run-report.ts
/Users/aron/master/css/tmp/master-css-bh-isolated-cn7br6cl/benchmarks/shared/runner.ts:80
    throw new Error([
          ^

Error: Command failed: /Users/aron/.nvm/versions/node/v24.20.0/bin/node --import tsx /Users/aron/master/css/tmp/master-css-bh-isolated-cn7br6cl/benchmarks/runtime-style-invalidation-diagnostics/run-report.ts

Command failed: /Users/aron/.nvm/versions/node/v24.20.0/bin/node --import tsx /Users/aron/master/css/tmp/master-css-bh-isolated-cn7br6cl/benchmarks/runtime-style-invalidation-diagnostics/run-report.ts
/Users/aron/master/css/tmp/master-css-bh-isolated-cn7br6cl/benchmarks/shared/runtime-style-invalidation-diagnostics.ts:768
    throw new Error('Master progressive diagnostic page fell back before measurement.')
          ^

Error: Master progressive diagnostic page fell back before measurement.
    at assertDiagnosticPageReady (/Users/aron/master/css/tmp/master-css-bh-isolated-cn7br6cl/benchmarks/shared/runtime-style-invalidation-diagnostics.ts:768:11)
    at async measureRuntimeStyleInvalidationDiagnostic (/Users/aron/master/css/tmp/master-css-bh-isolated-cn7br6cl/benchmarks/shared/runtime-style-invalidation-diagnostics.ts:286:7)
    at async createRuntimeStyleInvalidationDiagnosticsReport (/Users/aron/master/css/tmp/master-css-bh-isolated-cn7br6cl/benchmarks/shared/runtime-style-invalidation-diagnostics.ts:194:9)
    at async writeRuntimeStyleInvalidationDiagnosticsReport (/Users/aron/master/css/tmp/master-css-bh-isolated-cn7br6cl/benchmarks/shared/runtime-style-invalidation-diagnostics.ts:129:18)
    at async <anonymous> (/Users/aron/master/css/tmp/master-css-bh-isolated-cn7br6cl/benchmarks/runtime-style-invalidation-diagnostics/run-report.ts:17:5)

Node.js v24.20.0


stdout:
Launching Chromium per measurement for runtime style invalidation diagnostics
Preparing runtime style invalidation diagnostic page for dynamic-master-progressive-style-invalidation-runtime-baseline
Warming runtime style invalidation diagnostics for dynamic-master-progressive-style-invalidation-runtime-baseline, round 1/1


stderr:
/Users/aron/master/css/tmp/master-css-bh-isolated-cn7br6cl/benchmarks/shared/runtime-style-invalidation-diagnostics.ts:768
    throw new Error('Master progressive diagnostic page fell back before measurement.')
          ^

Error: Master progressive diagnostic page fell back before measurement.
    at assertDiagnosticPageReady (/Users/aron/master/css/tmp/master-css-bh-isolated-cn7br6cl/benchmarks/shared/runtime-style-invalidation-diagnostics.ts:768:11)
    at async measureRuntimeStyleInvalidationDiagnostic (/Users/aron/master/css/tmp/master-css-bh-isolated-cn7br6cl/benchmarks/shared/runtime-style-invalidation-diagnostics.ts:286:7)
    at async createRuntimeStyleInvalidationDiagnosticsReport (/Users/aron/master/css/tmp/master-css-bh-isolated-cn7br6cl/benchmarks/shared/runtime-style-invalidation-diagnostics.ts:194:9)
    at async writeRuntimeStyleInvalidationDiagnosticsReport (/Users/aron/master/css/tmp/master-css-bh-isolated-cn7br6cl/benchmarks/shared/runtime-style-invalidation-diagnostics.ts:129:18)
    at async <anonymous> (/Users/aron/master/css/tmp/master-css-bh-isolated-cn7br6cl/benchmarks/runtime-style-invalidation-diagnostics/run-report.ts:17:5)

Node.js v24.20.0

    at runCommand (/Users/aron/master/css/tmp/master-css-bh-isolated-cn7br6cl/benchmarks/shared/runner.ts:80:11)
    at process.processTicksAndRejections (node:internal/process/task_queues:104:5)
    at async writeMergedReportFromVariantChildren (/Users/aron/master/css/tmp/master-css-bh-isolated-cn7br6cl/benchmarks/runtime-style-invalidation-diagnostics/run-report.ts:26:20)
    at async <anonymous> (/Users/aron/master/css/tmp/master-css-bh-isolated-cn7br6cl/benchmarks/runtime-style-invalidation-diagnostics/run-report.ts:16:5)

Node.js v24.20.0


stdout:
Running runtime style invalidation diagnostics child for dynamic-master-static-style-invalidation-static-baseline
Finished runtime style invalidation diagnostics child for dynamic-master-static-style-invalidation-static-baseline in 2474ms
Running runtime style invalidation diagnostics child for dynamic-tailwind-static-style-invalidation-static-baseline
Finished runtime style invalidation diagnostics child for dynamic-tailwind-static-style-invalidation-static-baseline in 2494ms
Running runtime style invalidation diagnostics child for dynamic-master-runtime-style-invalidation-runtime-baseline
Finished runtime style invalidation diagnostics child for dynamic-master-runtime-style-invalidation-runtime-baseline in 3895ms
Running runtime style invalidation diagnostics child for dynamic-master-runtime-style-invalidation-observer-paused
Finished runtime style invalidation diagnostics child for dynamic-master-runtime-style-invalidation-observer-paused in 3894ms
Running runtime style invalidation diagnostics child for dynamic-master-runtime-style-invalidation-runtime-style-idle
Finished runtime style invalidation diagnostics child for dynamic-master-runtime-style-invalidation-runtime-style-idle in 2585ms
Running runtime style invalidation diagnostics child for dynamic-master-runtime-style-invalidation-retained-0
Finished runtime style invalidation diagnostics child for dynamic-master-runtime-style-invalidation-retained-0 in 3920ms
Running runtime style invalidation diagnostics child for dynamic-master-runtime-style-invalidation-retained-2
Finished runtime style invalidation diagnostics child for dynamic-master-runtime-style-invalidation-retained-2 in 3936ms
Running runtime style invalidation diagnostics child for dynamic-master-runtime-style-invalidation-retained-128
Finished runtime style invalidation diagnostics child for dynamic-master-runtime-style-invalidation-retained-128 in 3941ms
Running runtime style invalidation diagnostics child for dynamic-master-runtime-style-invalidation-retained-512
Finished runtime style invalidation diagnostics child for dynamic-master-runtime-style-invalidation-retained-512 in 3908ms
Running runtime style invalidation diagnostics child for dynamic-master-progressive-style-invalidation-runtime-baseline


stderr:
/Users/aron/master/css/tmp/master-css-bh-isolated-cn7br6cl/benchmarks/shared/runner.ts:80
    throw new Error([
          ^

Error: Command failed: /Users/aron/.nvm/versions/node/v24.20.0/bin/node --import tsx /Users/aron/master/css/tmp/master-css-bh-isolated-cn7br6cl/benchmarks/runtime-style-invalidation-diagnostics/run-report.ts

Command failed: /Users/aron/.nvm/versions/node/v24.20.0/bin/node --import tsx /Users/aron/master/css/tmp/master-css-bh-isolated-cn7br6cl/benchmarks/runtime-style-invalidation-diagnostics/run-report.ts
/Users/aron/master/css/tmp/master-css-bh-isolated-cn7br6cl/benchmarks/shared/runtime-style-invalidation-diagnostics.ts:768
    throw new Error('Master progressive diagnostic page fell back before measurement.')
          ^

Error: Master progressive diagnostic page fell back before measurement.
    at assertDiagnosticPageReady (/Users/aron/master/css/tmp/master-css-bh-isolated-cn7br6cl/benchmarks/shared/runtime-style-invalidation-diagnostics.ts:768:11)
    at async measureRuntimeStyleInvalidationDiagnostic (/Users/aron/master/css/tmp/master-css-bh-isolated-cn7br6cl/benchmarks/shared/runtime-style-invalidation-diagnostics.ts:286:7)
    at async createRuntimeStyleInvalidationDiagnosticsReport (/Users/aron/master/css/tmp/master-css-bh-isolated-cn7br6cl/benchmarks/shared/runtime-style-invalidation-diagnostics.ts:194:9)
    at async writeRuntimeStyleInvalidationDiagnosticsReport (/Users/aron/master/css/tmp/master-css-bh-isolated-cn7br6cl/benchmarks/shared/runtime-style-invalidation-diagnostics.ts:129:18)
    at async <anonymous> (/Users/aron/master/css/tmp/master-css-bh-isolated-cn7br6cl/benchmarks/runtime-style-invalidation-diagnostics/run-report.ts:17:5)

Node.js v24.20.0


stdout:
Launching Chromium per measurement for runtime style invalidation diagnostics
Preparing runtime style invalidation diagnostic page for dynamic-master-progressive-style-invalidation-runtime-baseline
Warming runtime style invalidation diagnostics for dynamic-master-progressive-style-invalidation-runtime-baseline, round 1/1


stderr:
/Users/aron/master/css/tmp/master-css-bh-isolated-cn7br6cl/benchmarks/shared/runtime-style-invalidation-diagnostics.ts:768
    throw new Error('Master progressive diagnostic page fell back before measurement.')
          ^

Error: Master progressive diagnostic page fell back before measurement.
    at assertDiagnosticPageReady (/Users/aron/master/css/tmp/master-css-bh-isolated-cn7br6cl/benchmarks/shared/runtime-style-invalidation-diagnostics.ts:768:11)
    at async measureRuntimeStyleInvalidationDiagnostic (/Users/aron/master/css/tmp/master-css-bh-isolated-cn7br6cl/benchmarks/shared/runtime-style-invalidation-diagnostics.ts:286:7)
    at async createRuntimeStyleInvalidationDiagnosticsReport (/Users/aron/master/css/tmp/master-css-bh-isolated-cn7br6cl/benchmarks/shared/runtime-style-invalidation-diagnostics.ts:194:9)
    at async writeRuntimeStyleInvalidationDiagnosticsReport (/Users/aron/master/css/tmp/master-css-bh-isolated-cn7br6cl/benchmarks/shared/runtime-style-invalidation-diagnostics.ts:129:18)
    at async <anonymous> (/Users/aron/master/css/tmp/master-css-bh-isolated-cn7br6cl/benchmarks/runtime-style-invalidation-diagnostics/run-report.ts:17:5)

Node.js v24.20.0

    at runCommand (/Users/aron/master/css/tmp/master-css-bh-isolated-cn7br6cl/benchmarks/shared/runner.ts:80:11)
    at process.processTicksAndRejections (node:internal/process/task_queues:104:5)
    at async writeMergedReportFromVariantChildren (/Users/aron/master/css/tmp/master-css-bh-isolated-cn7br6cl/benchmarks/runtime-style-invalidation-diagnostics/run-report.ts:26:20)
    at async <anonymous> (/Users/aron/master/css/tmp/master-css-bh-isolated-cn7br6cl/benchmarks/runtime-style-invalidation-diagnostics/run-report.ts:16:5)

Node.js v24.20.0

 ❯ assertDiagnosticPageReady shared/runtime-style-invalidation-diagnostics.ts:768:11
 ❯ measureRuntimeStyleInvalidationDiagnostic shared/runtime-style-invalidation-diagnostics.ts:286:7
 ❯ createRuntimeStyleInvalidationDiagnosticsReport shared/runtime-style-invalidation-diagnostics.ts:194:9
 ❯ writeRuntimeStyleInvalidationDiagnosticsReport shared/runtime-style-invalidation-diagnostics.ts:129:18
 ❯ <anonymous> runtime-style-invalidation-diagnostics/run-report.ts:17:5
 ❯ assertDiagnosticPageReady shared/runtime-style-invalidation-diagnostics.ts:768:11
 ❯ measureRuntimeStyleInvalidationDiagnostic shared/runtime-style-invalidation-diagnostics.ts:286:7
 ❯ createRuntimeStyleInvalidationDiagnosticsReport shared/runtime-style-invalidation-diagnostics.ts:194:9
 ❯ writeRuntimeStyleInvalidationDiagnosticsReport shared/runtime-style-invalidation-diagnostics.ts:129:18
 ❯ <anonymous> runtime-style-invalidation-diagnostics/run-report.ts:17:5
 ❯ runCommand shared/runner.ts:80:11
     78|     const stdout = bufferToString(commandError.stdout)
     79|     const stderr = bufferToString(commandError.stderr)
     80|     throw new Error([
       |           ^
     81|       `Command failed: ${command} ${args.join(' ')}`,
     82|       commandError.message,
 ❯ writeMergedReportFromVariantChildren runtime-style-invalidation-diagnostics/run-report.ts:26:20
 ❯ <anonymous> runtime-style-invalidation-diagnostics/run-report.ts:16:5
 ❯ assertDiagnosticPageReady shared/runtime-style-invalidation-diagnostics.ts:768:11
 ❯ measureRuntimeStyleInvalidationDiagnostic shared/runtime-style-invalidation-diagnostics.ts:286:7
 ❯ createRuntimeStyleInvalidationDiagnosticsReport shared/runtime-style-invalidation-diagnostics.ts:194:9
 ❯ writeRuntimeStyleInvalidationDiagnosticsReport shared/runtime-style-invalidation-diagnostics.ts:129:18
 ❯ <anonymous> runtime-style-invalidation-diagnostics/run-report.ts:17:5
 ❯ assertDiagnosticPageReady shared/runtime-style-invalidation-diagnostics.ts:768:11
 ❯ measureRuntimeStyleInvalidationDiagnostic shared/runtime-style-invalidation-diagnostics.ts:286:7
 ❯ createRuntimeStyleInvalidationDiagnosticsReport shared/runtime-style-invalidation-diagnostics.ts:194:9
 ❯ writeRuntimeStyleInvalidationDiagnosticsReport shared/runtime-style-invalidation-diagnostics.ts:129:18
 ❯ <anonymous> runtime-style-invalidation-diagnostics/run-report.ts:17:5
 ❯ runCommand shared/runner.ts:80:11
 ❯ writeMergedReportFromVariantChildren runtime-style-invalidation-diagnostics/run-report.ts:26:20
 ❯ <anonymous> runtime-style-invalidation-diagnostics/run-report.ts:16:5
 ❯ runCommand shared/runner.ts:80:11
 ❯ runtime-style-invalidation-diagnostics/runtime-style-invalidation-diagnostics.bench.ts:20:22
 ❯ X.<anonymous> runtime-style-invalidation-diagnostics/runtime-style-invalidation-diagnostics.bench.ts:46:7
 ❯ X.#g ../../../node_modules/.pnpm/tinybench@6.1.4/node_modules/tinybench/dist/index.js:1431:26
 ❯ o ../../../node_modules/.pnpm/tinybench@6.1.4/node_modules/tinybench/dist/index.js:1373:53
 ❯ X.#m ../../../node_modules/.pnpm/tinybench@6.1.4/node_modules/tinybench/dist/index.js:1387:54
 ❯ X.run ../../../node_modules/.pnpm/tinybench@6.1.4/node_modules/tinybench/dist/index.js:1334:56
 ❯ $.run ../../../node_modules/.pnpm/tinybench@6.1.4/node_modules/tinybench/dist/index.js:1573:49

⎯⎯⎯⎯⎯⎯⎯⎯⎯⎯⎯⎯⎯⎯⎯⎯⎯⎯⎯⎯⎯⎯⎯⎯[1/1]⎯


 Test Files  1 failed (1)
      Tests  1 failed (1)
   Start at  05:37:21
   Duration  33.60s (tests 100%)

[ELIFECYCLE] Command failed with exit code 1.
{"suite":"runtime-style-invalidation-diagnostics","commandExit":1}
{"exit_code": 1, "cleanup": "/Users/aron/master/css/tmp/master-css-bh-isolated-cn7br6cl"}
