{"cwd": "/Users/aron/master/css/tmp/master-css-bh-isolated-9cqaimkb/benchmarks", "command": ["node", "/Users/aron/master/css/scripts/with-typescript-tooling-compat.mjs", "node", "--import", "tsx", "/Users/aron/master/css/.ai/audits/bug-hunt/repros/benchmark-wasm-delivery.mjs"]}
{"engine":"chromium","browser":"153.0.8010.12","page":"delivery-master-runtime","expected":"delivered","actual":{"ready":true,"rules":46,"cssBytes":1940,"probe":"center","hidden":false},"responses":[{"status":200,"mime":"application/wasm"}],"errors":[],"pass":true}
{"engine":"chromium","browser":"153.0.8010.12","page":"interaction-master-runtime","expected":"delivered","actual":{"ready":true,"rules":43,"cssBytes":1687,"probe":null,"hidden":false},"responses":[{"status":200,"mime":"application/wasm"}],"errors":[],"pass":true}
{"engine":"chromium","browser":"153.0.8010.12","page":"delivery-master-progressive","expected":"delivered","actual":{"ready":true,"rules":46,"cssBytes":1940,"probe":"center","hidden":false},"responses":[{"status":200,"mime":"application/wasm"}],"errors":[],"pass":true}
{"engine":"chromium","browser":"153.0.8010.12","page":"interaction-master-progressive","expected":"delivered","actual":{"ready":true,"rules":43,"cssBytes":1687,"probe":null,"hidden":false},"responses":[{"status":200,"mime":"application/wasm"}],"errors":[],"pass":true}
{"engine":"chromium","browser":"153.0.8010.12","page":"delivery-master-static","expected":"delivered","actual":{"ready":true,"rules":0,"cssBytes":0,"probe":"center","hidden":false},"responses":[],"errors":[],"pass":true}
{"engine":"chromium","browser":"153.0.8010.12","page":"interaction-master-static","expected":"delivered","actual":{"ready":true,"rules":0,"cssBytes":0,"probe":null,"hidden":false},"responses":[],"errors":[],"pass":true}
{"engine":"chromium","browser":"153.0.8010.12","page":"delivery-tailwind-static","expected":"delivered","actual":{"ready":true,"rules":0,"cssBytes":0,"probe":"center","hidden":false},"responses":[],"errors":[],"pass":true}
{"engine":"chromium","browser":"153.0.8010.12","page":"interaction-tailwind-static","expected":"delivered","actual":{"ready":true,"rules":0,"cssBytes":0,"probe":null,"hidden":false},"responses":[],"errors":[],"pass":true}
{"engine":"firefox","browser":"155.0","page":"delivery-master-runtime","expected":"delivered","actual":{"ready":true,"rules":46,"cssBytes":1940,"probe":"center","hidden":false},"responses":[{"status":200,"mime":"application/wasm"}],"errors":[],"pass":true}
{"engine":"firefox","browser":"155.0","page":"interaction-master-runtime","expected":"delivered","actual":{"ready":true,"rules":43,"cssBytes":1687,"probe":null,"hidden":false},"responses":[{"status":200,"mime":"application/wasm"}],"errors":[],"pass":true}
{"engine":"firefox","browser":"155.0","page":"delivery-master-progressive","expected":"delivered","actual":{"ready":true,"rules":46,"cssBytes":1940,"probe":"center","hidden":false},"responses":[{"status":200,"mime":"application/wasm"}],"errors":[],"pass":true}
{"engine":"firefox","browser":"155.0","page":"interaction-master-progressive","expected":"delivered","actual":{"ready":true,"rules":43,"cssBytes":1687,"probe":null,"hidden":false},"responses":[{"status":200,"mime":"application/wasm"}],"errors":[],"pass":true}
{"engine":"firefox","browser":"155.0","page":"delivery-master-static","expected":"delivered","actual":{"ready":true,"rules":0,"cssBytes":0,"probe":"center","hidden":false},"responses":[],"errors":[],"pass":true}
{"engine":"firefox","browser":"155.0","page":"interaction-master-static","expected":"delivered","actual":{"ready":true,"rules":0,"cssBytes":0,"probe":null,"hidden":false},"responses":[],"errors":[],"pass":true}
{"engine":"firefox","browser":"155.0","page":"delivery-tailwind-static","expected":"delivered","actual":{"ready":true,"rules":0,"cssBytes":0,"probe":"center","hidden":false},"responses":[],"errors":[],"pass":true}
{"engine":"firefox","browser":"155.0","page":"interaction-tailwind-static","expected":"delivered","actual":{"ready":true,"rules":0,"cssBytes":0,"probe":null,"hidden":false},"responses":[],"errors":[],"pass":true}
{"engine":"webkit","browser":"26.6","page":"delivery-master-runtime","expected":"delivered","actual":{"ready":true,"rules":46,"cssBytes":1940,"probe":"center","hidden":false},"responses":[{"status":200,"mime":"application/wasm"}],"errors":[],"pass":true}
{"engine":"webkit","browser":"26.6","page":"interaction-master-runtime","expected":"delivered","actual":{"ready":true,"rules":43,"cssBytes":1687,"probe":null,"hidden":false},"responses":[{"status":200,"mime":"application/wasm"}],"errors":[],"pass":true}
{"engine":"webkit","browser":"26.6","page":"delivery-master-progressive","expected":"delivered","actual":{"ready":true,"rules":46,"cssBytes":1940,"probe":"center","hidden":false},"responses":[{"status":200,"mime":"application/wasm"}],"errors":[],"pass":true}
{"engine":"webkit","browser":"26.6","page":"interaction-master-progressive","expected":"delivered","actual":{"ready":true,"rules":43,"cssBytes":1687,"probe":null,"hidden":false},"responses":[{"status":200,"mime":"application/wasm"}],"errors":[],"pass":true}
{"engine":"webkit","browser":"26.6","page":"delivery-master-static","expected":"delivered","actual":{"ready":true,"rules":0,"cssBytes":0,"probe":"center","hidden":false},"responses":[],"errors":[],"pass":true}
{"engine":"webkit","browser":"26.6","page":"interaction-master-static","expected":"delivered","actual":{"ready":true,"rules":0,"cssBytes":0,"probe":null,"hidden":false},"responses":[],"errors":[],"pass":true}
{"engine":"webkit","browser":"26.6","page":"delivery-tailwind-static","expected":"delivered","actual":{"ready":true,"rules":0,"cssBytes":0,"probe":"center","hidden":false},"responses":[],"errors":[],"pass":true}
{"engine":"webkit","browser":"26.6","page":"interaction-tailwind-static","expected":"delivered","actual":{"ready":true,"rules":0,"cssBytes":0,"probe":null,"hidden":false},"responses":[],"errors":[],"pass":true}
{"sizes":{"raw":929757,"gzip":286205,"brotli":218273},"sha256":"4b8ea61c6e5e34fe620efa1435278a34adb3620ec800c097d1f7b8a5abbe3318","pass":true}
{"exit_code": 0, "cleanup": "/Users/aron/master/css/tmp/master-css-bh-isolated-9cqaimkb"}
