{"cwd": "/Users/aron/master/css/tmp/master-css-bh-isolated-kp79suhz/benchmarks", "command": ["node", "/Users/aron/master/css/scripts/with-typescript-tooling-compat.mjs", "node", "--import", "tsx", "/Users/aron/master/css/.ai/audits/bug-hunt/repros/benchmark-wasm-report.mjs", "interaction-cost"]}
$ vitest bench interaction-cost --run

 RUN  v5.0.0 /Users/aron/master/css/tmp/master-css-bh-isolated-kp79suhz/benchmarks

 ❯ |bench| interaction-cost/interaction-cost.bench.ts (1 test | 1 failed) 17911ms
   ❯ interaction cost (1)
     × write interaction cost report 17911ms

⎯⎯⎯⎯⎯⎯⎯ Failed Tests 1 ⎯⎯⎯⎯⎯⎯⎯

 FAIL  |bench| interaction-cost/interaction-cost.bench.ts > interaction cost > write interaction cost report
Error: Command failed: /Users/aron/.nvm/versions/node/v24.20.0/bin/node --import tsx /Users/aron/master/css/tmp/master-css-bh-isolated-kp79suhz/benchmarks/interaction-cost/run-report.ts

Command failed: /Users/aron/.nvm/versions/node/v24.20.0/bin/node --import tsx /Users/aron/master/css/tmp/master-css-bh-isolated-kp79suhz/benchmarks/interaction-cost/run-report.ts
/Users/aron/master/css/tmp/master-css-bh-isolated-kp79suhz/benchmarks/shared/interaction-cost.ts:712
    throw new Error('Master progressive interaction page fell back to runtime rendering before measurement.')
          ^

Error: Master progressive interaction page fell back to runtime rendering before measurement.
    at assertInteractionPageReady (/Users/aron/master/css/tmp/master-css-bh-isolated-kp79suhz/benchmarks/shared/interaction-cost.ts:712:11)
    at async measureInteractionCost (/Users/aron/master/css/tmp/master-css-bh-isolated-kp79suhz/benchmarks/shared/interaction-cost.ts:349:7)
    at async collectInteractionSamples (/Users/aron/master/css/tmp/master-css-bh-isolated-kp79suhz/benchmarks/shared/interaction-cost.ts:230:20)
    at async createInteractionCostReport (/Users/aron/master/css/tmp/master-css-bh-isolated-kp79suhz/benchmarks/shared/interaction-cost.ts:146:11)
    at async writeInteractionCostReport (/Users/aron/master/css/tmp/master-css-bh-isolated-kp79suhz/benchmarks/shared/interaction-cost.ts:90:18)
    at async <anonymous> (/Users/aron/master/css/tmp/master-css-bh-isolated-kp79suhz/benchmarks/interaction-cost/run-report.ts:3:16)

Node.js v24.20.0


stdout:
Launching Chromium for interaction cost benchmark
Preparing interaction page for dynamic-master-static-existing-class-toggle
Measuring interaction cost for dynamic-master-static-existing-class-toggle, round 1/1
Preparing interaction page for dynamic-master-static-dom-append-remove
Measuring interaction cost for dynamic-master-static-dom-append-remove, round 1/1
Preparing interaction page for dynamic-master-static-theme-switch
Measuring interaction cost for dynamic-master-static-theme-switch, round 1/1
Preparing interaction page for dynamic-master-static-viewport-resize
Measuring interaction cost for dynamic-master-static-viewport-resize, round 1/1
Preparing interaction page for dynamic-master-static-mutation-cleanup-cycle
Measuring interaction cost for dynamic-master-static-mutation-cleanup-cycle, round 1/1
Preparing interaction page for dynamic-master-runtime-existing-class-toggle
Measuring interaction cost for dynamic-master-runtime-existing-class-toggle, round 1/1
Preparing interaction page for dynamic-master-runtime-new-class-toggle
Measuring interaction cost for dynamic-master-runtime-new-class-toggle, round 1/1
Preparing interaction page for dynamic-master-runtime-dom-append-remove
Measuring interaction cost for dynamic-master-runtime-dom-append-remove, round 1/1
Preparing interaction page for dynamic-master-runtime-theme-switch
Measuring interaction cost for dynamic-master-runtime-theme-switch, round 1/1
Preparing interaction page for dynamic-master-runtime-viewport-resize
Measuring interaction cost for dynamic-master-runtime-viewport-resize, round 1/1
Preparing interaction page for dynamic-master-runtime-mutation-cleanup-cycle
Measuring interaction cost for dynamic-master-runtime-mutation-cleanup-cycle, round 1/1
Preparing interaction page for dynamic-master-progressive-existing-class-toggle
Measuring interaction cost for dynamic-master-progressive-existing-class-toggle, round 1/1


stderr:
/Users/aron/master/css/tmp/master-css-bh-isolated-kp79suhz/benchmarks/shared/interaction-cost.ts:712
    throw new Error('Master progressive interaction page fell back to runtime rendering before measurement.')
          ^

Error: Master progressive interaction page fell back to runtime rendering before measurement.
    at assertInteractionPageReady (/Users/aron/master/css/tmp/master-css-bh-isolated-kp79suhz/benchmarks/shared/interaction-cost.ts:712:11)
    at async measureInteractionCost (/Users/aron/master/css/tmp/master-css-bh-isolated-kp79suhz/benchmarks/shared/interaction-cost.ts:349:7)
    at async collectInteractionSamples (/Users/aron/master/css/tmp/master-css-bh-isolated-kp79suhz/benchmarks/shared/interaction-cost.ts:230:20)
    at async createInteractionCostReport (/Users/aron/master/css/tmp/master-css-bh-isolated-kp79suhz/benchmarks/shared/interaction-cost.ts:146:11)
    at async writeInteractionCostReport (/Users/aron/master/css/tmp/master-css-bh-isolated-kp79suhz/benchmarks/shared/interaction-cost.ts:90:18)
    at async <anonymous> (/Users/aron/master/css/tmp/master-css-bh-isolated-kp79suhz/benchmarks/interaction-cost/run-report.ts:3:16)

Node.js v24.20.0

 ❯ assertInteractionPageReady shared/interaction-cost.ts:712:11
 ❯ measureInteractionCost shared/interaction-cost.ts:349:7
 ❯ collectInteractionSamples shared/interaction-cost.ts:230:20
 ❯ createInteractionCostReport shared/interaction-cost.ts:146:11
 ❯ writeInteractionCostReport shared/interaction-cost.ts:90:18
 ❯ <anonymous> interaction-cost/run-report.ts:3:16
 ❯ assertInteractionPageReady shared/interaction-cost.ts:712:11
 ❯ measureInteractionCost shared/interaction-cost.ts:349:7
 ❯ collectInteractionSamples shared/interaction-cost.ts:230:20
 ❯ createInteractionCostReport shared/interaction-cost.ts:146:11
 ❯ writeInteractionCostReport shared/interaction-cost.ts:90:18
 ❯ <anonymous> interaction-cost/run-report.ts:3:16
 ❯ runCommand shared/runner.ts:80:11
     78|     const stdout = bufferToString(commandError.stdout)
     79|     const stderr = bufferToString(commandError.stderr)
     80|     throw new Error([
       |           ^
     81|       `Command failed: ${command} ${args.join(' ')}`,
     82|       commandError.message,
 ❯ interaction-cost/interaction-cost.bench.ts:20:22
 ❯ X.<anonymous> interaction-cost/interaction-cost.bench.ts:43:7
 ❯ X.#g ../../../node_modules/.pnpm/tinybench@6.1.4/node_modules/tinybench/dist/index.js:1431:26
 ❯ o ../../../node_modules/.pnpm/tinybench@6.1.4/node_modules/tinybench/dist/index.js:1373:53
 ❯ X.#m ../../../node_modules/.pnpm/tinybench@6.1.4/node_modules/tinybench/dist/index.js:1387:54
 ❯ X.run ../../../node_modules/.pnpm/tinybench@6.1.4/node_modules/tinybench/dist/index.js:1334:56
 ❯ $.run ../../../node_modules/.pnpm/tinybench@6.1.4/node_modules/tinybench/dist/index.js:1573:49

⎯⎯⎯⎯⎯⎯⎯⎯⎯⎯⎯⎯⎯⎯⎯⎯⎯⎯⎯⎯⎯⎯⎯⎯[1/1]⎯


 Test Files  1 failed (1)
      Tests  1 failed (1)
   Start at  05:36:31
   Duration  18.01s (tests 100%)

[ELIFECYCLE] Command failed with exit code 1.
{"suite":"interaction-cost","commandExit":1}
{"exit_code": 1, "cleanup": "/Users/aron/master/css/tmp/master-css-bh-isolated-kp79suhz"}
