{"cwd": "/Users/aron/master/css/tmp/master-css-bh-isolated-uc_0clu6/benchmarks", "command": ["node", "/Users/aron/master/css/scripts/with-typescript-tooling-compat.mjs", "env", "MASTER_DELIVERY_MODE_ROUNDS=1", "node", "--import", "tsx", "master-delivery-modes/run-report.ts"]}
Launching Chromium for Master delivery mode benchmark
Preparing Master delivery mode page for minimal-master-static
Measuring Master delivery mode for minimal-master-static, round 1/1
Preparing Master delivery mode page for minimal-master-runtime
Measuring Master delivery mode for minimal-master-runtime, round 1/1
node:internal/modules/run_main:107
    triggerUncaughtException(
    ^

page.waitForFunction: Timeout 15000ms exceeded.
    at waitForBenchmarkReady (/Users/aron/master/css/tmp/master-css-bh-isolated-uc_0clu6/benchmarks/shared/delivery-modes.ts:706:14)
    at traceNavigation (/Users/aron/master/css/tmp/master-css-bh-isolated-uc_0clu6/benchmarks/shared/delivery-modes.ts:689:9)
    at async measureMasterDeliveryMode (/Users/aron/master/css/tmp/master-css-bh-isolated-uc_0clu6/benchmarks/shared/delivery-modes.ts:204:27)
    at async collectDeliveryModeSamples (/Users/aron/master/css/tmp/master-css-bh-isolated-uc_0clu6/benchmarks/shared/delivery-mode-report.ts:115:20)
    at async createMasterDeliveryModeReport (/Users/aron/master/css/tmp/master-css-bh-isolated-uc_0clu6/benchmarks/shared/delivery-mode-report.ts:49:9)
    at async writeMasterDeliveryModeReport (/Users/aron/master/css/tmp/master-css-bh-isolated-uc_0clu6/benchmarks/shared/delivery-mode-report.ts:21:18)
    at async <anonymous> (/Users/aron/master/css/tmp/master-css-bh-isolated-uc_0clu6/benchmarks/master-delivery-modes/run-report.ts:3:16) {
  log: [],
  name: 'TimeoutError'
}

Node.js v24.20.0
{"exit_code": 1, "cleanup": "/Users/aron/master/css/tmp/master-css-bh-isolated-uc_0clu6"}
