{"cwd": "/Users/aron/master/css/tmp/master-css-bh-isolated-bgbdhltw/benchmarks", "command": ["node", "/Users/aron/master/css/scripts/with-typescript-tooling-compat.mjs", "node", "--import", "tsx", "/Users/aron/master/css/.ai/audits/bug-hunt/repros/benchmark-runtime-report.mjs", "browser-lifecycle"]}
$ vitest bench browser-lifecycle --run

 RUN  v5.0.0 /Users/aron/master/css/tmp/master-css-bh-isolated-bgbdhltw/benchmarks

Browser lifecycle selection: scenarios=initial-load modes=master-static,master-runtime,master-progressive,tailwind-static variants=4 rounds=1 warmupRounds=0 longSessionMs=1000 traceArtifactMode=off
Launching Chromium for browser lifecycle benchmark
Preparing browser lifecycle page 1/4: initial-load-master-static-docs
Prepared browser lifecycle page 1/4: initial-load-master-static-docs in 3.4s
Measuring browser lifecycle 1/4: initial-load-master-static-docs, round 1/1
Measured browser lifecycle 1/4: initial-load-master-static-docs, round 1/1 in 296.2ms
Finished browser lifecycle variant 1/4: initial-load-master-static-docs in 3.7s
Preparing browser lifecycle page 2/4: initial-load-master-runtime-docs
Prepared browser lifecycle page 2/4: initial-load-master-runtime-docs in 2.92s
Measuring browser lifecycle 2/4: initial-load-master-runtime-docs, round 1/1
Measured browser lifecycle 2/4: initial-load-master-runtime-docs, round 1/1 in 237ms
Finished browser lifecycle variant 2/4: initial-load-master-runtime-docs in 3.15s
Preparing browser lifecycle page 3/4: initial-load-master-progressive-docs
Prepared browser lifecycle page 3/4: initial-load-master-progressive-docs in 3.01s
Measuring browser lifecycle 3/4: initial-load-master-progressive-docs, round 1/1
Measured browser lifecycle 3/4: initial-load-master-progressive-docs, round 1/1 in 232.3ms
Finished browser lifecycle variant 3/4: initial-load-master-progressive-docs in 3.24s
Preparing browser lifecycle page 4/4: initial-load-tailwind-static-docs
Prepared browser lifecycle page 4/4: initial-load-tailwind-static-docs in 315.5ms
Measuring browser lifecycle 4/4: initial-load-tailwind-static-docs, round 1/1
Measured browser lifecycle 4/4: initial-load-tailwind-static-docs, round 1/1 in 219.3ms
Finished browser lifecycle variant 4/4: initial-load-tailwind-static-docs in 534.9ms
Wrote browser lifecycle report JSON to /Users/aron/master/css/tmp/master-css-bh-isolated-bgbdhltw/benchmarks/.results/browser-lifecycle/report.json
Wrote browser lifecycle report Markdown to /Users/aron/master/css/tmp/master-css-bh-isolated-bgbdhltw/benchmarks/.results/browser-lifecycle/report.md

 Test Files  1 passed (1)
      Tests  1 passed (1)
   Start at  06:11:37
   Duration  11.30s (tests 100%)

{"suite":"browser-lifecycle","commandExit":0}
{"suite":"browser-lifecycle","variants":[{"id":"initial-load-master-static-docs","samples":54,"legacyRuntimeCounts":[{"metricId":"cssom-rule-count","value":2},{"metricId":"runtime-generated-rule-count","value":0},{"metricId":"runtime-style-raw-bytes","value":0},{"metricId":"computed-style-valid","value":1}]},{"id":"initial-load-master-runtime-docs","samples":54,"legacyRuntimeCounts":[{"metricId":"cssom-rule-count","value":0},{"metricId":"runtime-generated-rule-count","value":54},{"metricId":"runtime-style-raw-bytes","value":1904},{"metricId":"computed-style-valid","value":1}]},{"id":"initial-load-master-progressive-docs","samples":54,"legacyRuntimeCounts":[{"metricId":"cssom-rule-count","value":0},{"metricId":"runtime-generated-rule-count","value":54},{"metricId":"runtime-style-raw-bytes","value":1904},{"metricId":"computed-style-valid","value":1}]},{"id":"initial-load-tailwind-static-docs","samples":54,"legacyRuntimeCounts":[{"metricId":"cssom-rule-count","value":22},{"metricId":"runtime-generated-rule-count","value":0},{"metricId":"runtime-style-raw-bytes","value":0},{"metricId":"computed-style-valid","value":1}]}],"artifactCount":33,"wasmArtifacts":2,"wasm":{"raw":929757,"gzip":286205,"brotli":218273,"hash":"4b8ea61c6e5e34fe620efa1435278a34adb3620ec800c097d1f7b8a5abbe3318"},"pass":true}
{"lifecyclePage":"initial-load-master-progressive-docs","engine":"chromium","responses":[{"status":200,"mime":"application/wasm"}],"pass":true}
{"lifecyclePage":"initial-load-master-runtime-docs","engine":"chromium","responses":[{"status":200,"mime":"application/wasm"}],"pass":true}
{"lifecyclePage":"initial-load-master-static-docs","engine":"chromium","responses":[],"pass":true}
{"lifecyclePage":"initial-load-tailwind-static-docs","engine":"chromium","responses":[],"pass":true}
{"lifecyclePage":"initial-load-master-progressive-docs","engine":"firefox","responses":[{"status":200,"mime":"application/wasm"}],"pass":true}
{"lifecyclePage":"initial-load-master-runtime-docs","engine":"firefox","responses":[{"status":200,"mime":"application/wasm"}],"pass":true}
{"lifecyclePage":"initial-load-master-static-docs","engine":"firefox","responses":[],"pass":true}
{"lifecyclePage":"initial-load-tailwind-static-docs","engine":"firefox","responses":[],"pass":true}
{"lifecyclePage":"initial-load-master-progressive-docs","engine":"webkit","responses":[{"status":200,"mime":"application/wasm"}],"pass":true}
{"lifecyclePage":"initial-load-master-runtime-docs","engine":"webkit","responses":[{"status":200,"mime":"application/wasm"}],"pass":true}
{"lifecyclePage":"initial-load-master-static-docs","engine":"webkit","responses":[],"pass":true}
{"lifecyclePage":"initial-load-tailwind-static-docs","engine":"webkit","responses":[],"pass":true}
{"exit_code": 0, "cleanup": "/Users/aron/master/css/tmp/master-css-bh-isolated-bgbdhltw"}
