{"cwd": "/Users/aron/master/css/tmp/master-css-bh-isolated-p77yxvr9/benchmarks", "command": ["node", "/Users/aron/master/css/scripts/with-typescript-tooling-compat.mjs", "node", "--import", "tsx", "/Users/aron/master/css/.ai/audits/bug-hunt/repros/benchmark-runtime-preparation.mjs"]}
{"engine":"chromium","modeId":"master-runtime","phase":"preseed","rules":3,"classes":["fg:green-60","w:1px"],"repeatDelta":0,"pass":true}
{"engine":"chromium","modeId":"master-runtime","phase":"volume","volume":0,"seed":{"classCount":0,"ruleCount":0,"rawBytes":0},"operationCounts":{"adds":0,"deletes":0},"cleaned":{"beforeRetainedClassCount":0,"removedClassCount":0,"durationMs":0,"afterRetainedClassCount":0},"pass":true}
{"engine":"chromium","modeId":"master-runtime","phase":"volume","volume":2,"seed":{"classCount":2,"ruleCount":2,"rawBytes":48},"operationCounts":{"adds":2,"deletes":2},"cleaned":{"beforeRetainedClassCount":2,"removedClassCount":2,"durationMs":0.5,"afterRetainedClassCount":0},"pass":true}
{"engine":"chromium","modeId":"master-runtime","phase":"volume","volume":128,"seed":{"classCount":128,"ruleCount":128,"rawBytes":3072},"operationCounts":{"adds":128,"deletes":128},"cleaned":{"beforeRetainedClassCount":128,"removedClassCount":128,"durationMs":1.9000000953674316,"afterRetainedClassCount":0},"pass":true}
{"engine":"chromium","modeId":"master-runtime","phase":"volume","volume":512,"seed":{"classCount":512,"ruleCount":512,"rawBytes":12288},"operationCounts":{"adds":512,"deletes":512},"cleaned":{"beforeRetainedClassCount":512,"removedClassCount":512,"durationMs":8,"afterRetainedClassCount":0},"pass":true}
{"engine":"chromium","modeId":"master-runtime","phase":"observer","count":0,"zIndex":"29991","independentObserverCount":1,"clears":1,"pass":true}
{"engine":"chromium","modeId":"master-progressive","phase":"preseed","rules":3,"classes":["fg:green-60","w:1px"],"repeatDelta":0,"pass":true}
{"engine":"chromium","modeId":"master-progressive","phase":"volume","volume":0,"seed":{"classCount":0,"ruleCount":0,"rawBytes":0},"operationCounts":{"adds":0,"deletes":0},"cleaned":{"beforeRetainedClassCount":0,"removedClassCount":0,"durationMs":0,"afterRetainedClassCount":0},"pass":true}
{"engine":"chromium","modeId":"master-progressive","phase":"volume","volume":2,"seed":{"classCount":2,"ruleCount":2,"rawBytes":48},"operationCounts":{"adds":2,"deletes":2},"cleaned":{"beforeRetainedClassCount":2,"removedClassCount":2,"durationMs":0.7000000476837158,"afterRetainedClassCount":0},"pass":true}
{"engine":"chromium","modeId":"master-progressive","phase":"volume","volume":128,"seed":{"classCount":128,"ruleCount":128,"rawBytes":3072},"operationCounts":{"adds":128,"deletes":128},"cleaned":{"beforeRetainedClassCount":128,"removedClassCount":128,"durationMs":1.8000001907348633,"afterRetainedClassCount":0},"pass":true}
{"engine":"chromium","modeId":"master-progressive","phase":"volume","volume":512,"seed":{"classCount":512,"ruleCount":512,"rawBytes":12288},"operationCounts":{"adds":512,"deletes":512},"cleaned":{"beforeRetainedClassCount":512,"removedClassCount":512,"durationMs":8.100000143051147,"afterRetainedClassCount":0},"pass":true}
{"engine":"chromium","modeId":"master-progressive","phase":"observer","count":0,"zIndex":"29991","independentObserverCount":1,"clears":1,"pass":true}
{"engine":"firefox","modeId":"master-runtime","phase":"preseed","rules":3,"classes":["fg:green-60","w:1px"],"repeatDelta":0,"pass":true}
{"engine":"firefox","modeId":"master-runtime","phase":"volume","volume":0,"seed":{"classCount":0,"ruleCount":0,"rawBytes":0},"operationCounts":{"adds":0,"deletes":0},"cleaned":{"beforeRetainedClassCount":0,"removedClassCount":0,"durationMs":0,"afterRetainedClassCount":0},"pass":true}
{"engine":"firefox","modeId":"master-runtime","phase":"volume","volume":2,"seed":{"classCount":2,"ruleCount":2,"rawBytes":48},"operationCounts":{"adds":2,"deletes":2},"cleaned":{"beforeRetainedClassCount":2,"removedClassCount":2,"durationMs":0,"afterRetainedClassCount":0},"pass":true}
{"engine":"firefox","modeId":"master-runtime","phase":"volume","volume":128,"seed":{"classCount":128,"ruleCount":128,"rawBytes":3072},"operationCounts":{"adds":128,"deletes":128},"cleaned":{"beforeRetainedClassCount":128,"removedClassCount":128,"durationMs":2,"afterRetainedClassCount":0},"pass":true}
{"engine":"firefox","modeId":"master-runtime","phase":"volume","volume":512,"seed":{"classCount":512,"ruleCount":512,"rawBytes":12288},"operationCounts":{"adds":512,"deletes":512},"cleaned":{"beforeRetainedClassCount":512,"removedClassCount":512,"durationMs":12,"afterRetainedClassCount":0},"pass":true}
{"engine":"firefox","modeId":"master-runtime","phase":"observer","count":0,"zIndex":"29991","independentObserverCount":1,"clears":1,"pass":true}
{"engine":"firefox","modeId":"master-progressive","phase":"preseed","rules":3,"classes":["fg:green-60","w:1px"],"repeatDelta":0,"pass":true}
{"engine":"firefox","modeId":"master-progressive","phase":"volume","volume":0,"seed":{"classCount":0,"ruleCount":0,"rawBytes":0},"operationCounts":{"adds":0,"deletes":0},"cleaned":{"beforeRetainedClassCount":0,"removedClassCount":0,"durationMs":0,"afterRetainedClassCount":0},"pass":true}
{"engine":"firefox","modeId":"master-progressive","phase":"volume","volume":2,"seed":{"classCount":2,"ruleCount":2,"rawBytes":48},"operationCounts":{"adds":2,"deletes":2},"cleaned":{"beforeRetainedClassCount":2,"removedClassCount":2,"durationMs":0,"afterRetainedClassCount":0},"pass":true}
{"engine":"firefox","modeId":"master-progressive","phase":"volume","volume":128,"seed":{"classCount":128,"ruleCount":128,"rawBytes":3072},"operationCounts":{"adds":128,"deletes":128},"cleaned":{"beforeRetainedClassCount":128,"removedClassCount":128,"durationMs":3,"afterRetainedClassCount":0},"pass":true}
{"engine":"firefox","modeId":"master-progressive","phase":"volume","volume":512,"seed":{"classCount":512,"ruleCount":512,"rawBytes":12288},"operationCounts":{"adds":512,"deletes":512},"cleaned":{"beforeRetainedClassCount":512,"removedClassCount":512,"durationMs":13,"afterRetainedClassCount":0},"pass":true}
{"engine":"firefox","modeId":"master-progressive","phase":"observer","count":0,"zIndex":"29991","independentObserverCount":1,"clears":1,"pass":true}
{"engine":"webkit","modeId":"master-runtime","phase":"preseed","rules":3,"classes":["fg:green-60","w:1px"],"repeatDelta":0,"pass":true}
{"engine":"webkit","modeId":"master-runtime","phase":"volume","volume":0,"seed":{"classCount":0,"ruleCount":0,"rawBytes":0},"operationCounts":{"adds":0,"deletes":0},"cleaned":{"beforeRetainedClassCount":0,"removedClassCount":0,"durationMs":0,"afterRetainedClassCount":0},"pass":true}
{"engine":"webkit","modeId":"master-runtime","phase":"volume","volume":2,"seed":{"classCount":2,"ruleCount":2,"rawBytes":48},"operationCounts":{"adds":2,"deletes":2},"cleaned":{"beforeRetainedClassCount":2,"removedClassCount":2,"durationMs":1,"afterRetainedClassCount":0},"pass":true}
{"engine":"webkit","modeId":"master-runtime","phase":"volume","volume":128,"seed":{"classCount":128,"ruleCount":128,"rawBytes":3072},"operationCounts":{"adds":128,"deletes":128},"cleaned":{"beforeRetainedClassCount":128,"removedClassCount":128,"durationMs":2,"afterRetainedClassCount":0},"pass":true}
{"engine":"webkit","modeId":"master-runtime","phase":"volume","volume":512,"seed":{"classCount":512,"ruleCount":512,"rawBytes":12288},"operationCounts":{"adds":512,"deletes":512},"cleaned":{"beforeRetainedClassCount":512,"removedClassCount":512,"durationMs":10,"afterRetainedClassCount":0},"pass":true}
{"engine":"webkit","modeId":"master-runtime","phase":"observer","count":0,"zIndex":"29991","independentObserverCount":1,"clears":1,"pass":true}
{"engine":"webkit","modeId":"master-progressive","phase":"preseed","rules":3,"classes":["fg:green-60","w:1px"],"repeatDelta":0,"pass":true}
{"engine":"webkit","modeId":"master-progressive","phase":"volume","volume":0,"seed":{"classCount":0,"ruleCount":0,"rawBytes":0},"operationCounts":{"adds":0,"deletes":0},"cleaned":{"beforeRetainedClassCount":0,"removedClassCount":0,"durationMs":0,"afterRetainedClassCount":0},"pass":true}
{"engine":"webkit","modeId":"master-progressive","phase":"volume","volume":2,"seed":{"classCount":2,"ruleCount":2,"rawBytes":48},"operationCounts":{"adds":2,"deletes":2},"cleaned":{"beforeRetainedClassCount":2,"removedClassCount":2,"durationMs":0,"afterRetainedClassCount":0},"pass":true}
{"engine":"webkit","modeId":"master-progressive","phase":"volume","volume":128,"seed":{"classCount":128,"ruleCount":128,"rawBytes":3072},"operationCounts":{"adds":128,"deletes":128},"cleaned":{"beforeRetainedClassCount":128,"removedClassCount":128,"durationMs":3,"afterRetainedClassCount":0},"pass":true}
{"engine":"webkit","modeId":"master-progressive","phase":"volume","volume":512,"seed":{"classCount":512,"ruleCount":512,"rawBytes":12288},"operationCounts":{"adds":512,"deletes":512},"cleaned":{"beforeRetainedClassCount":512,"removedClassCount":512,"durationMs":8,"afterRetainedClassCount":0},"pass":true}
{"engine":"webkit","modeId":"master-progressive","phase":"observer","count":0,"zIndex":"29991","independentObserverCount":1,"clears":1,"pass":true}
{"exit_code": 0, "cleanup": "/Users/aron/master/css/tmp/master-css-bh-isolated-p77yxvr9"}
