{"cwd": "/Users/aron/master/css/tmp/master-css-bh-isolated-kszea8yn/benchmarks", "command": ["node", "/Users/aron/master/css/scripts/with-typescript-tooling-compat.mjs", "node", "--import", "tsx", "/Users/aron/master/css/.ai/audits/bug-hunt/repros/benchmark-runtime-preparation-report.mjs", "runtime-style-invalidation-diagnostics"]}
$ vitest bench runtime-style-invalidation-diagnostics --run

 RUN  v5.0.0 /Users/aron/master/css/tmp/master-css-bh-isolated-kszea8yn/benchmarks


 Test Files  1 passed (1)
      Tests  1 passed (1)
   Start at  06:34:58
   Duration  127.85s (tests 100%)

{"suite":"runtime-style-invalidation-diagnostics","commandExit":0}
{"suite":"runtime-style-invalidation-diagnostics","variants":[{"id":"dynamic-master-static-style-invalidation-static-baseline","samples":36,"legacyRuntimeCounts":[{"metricId":"computed-style-valid","value":1}]},{"id":"dynamic-tailwind-static-style-invalidation-static-baseline","samples":36,"legacyRuntimeCounts":[{"metricId":"computed-style-valid","value":1}]},{"id":"dynamic-master-runtime-style-invalidation-runtime-baseline","samples":36,"legacyRuntimeCounts":[{"metricId":"computed-style-valid","value":1}]},{"id":"dynamic-master-runtime-style-invalidation-observer-paused","samples":36,"legacyRuntimeCounts":[{"metricId":"computed-style-valid","value":1}]},{"id":"dynamic-master-runtime-style-invalidation-runtime-style-idle","samples":36,"legacyRuntimeCounts":[{"metricId":"computed-style-valid","value":1}]},{"id":"dynamic-master-runtime-style-invalidation-retained-0","samples":36,"legacyRuntimeCounts":[{"metricId":"computed-style-valid","value":1}]},{"id":"dynamic-master-runtime-style-invalidation-retained-2","samples":36,"legacyRuntimeCounts":[{"metricId":"computed-style-valid","value":1}]},{"id":"dynamic-master-runtime-style-invalidation-retained-128","samples":36,"legacyRuntimeCounts":[{"metricId":"computed-style-valid","value":1}]},{"id":"dynamic-master-runtime-style-invalidation-retained-512","samples":36,"legacyRuntimeCounts":[{"metricId":"computed-style-valid","value":1}]},{"id":"dynamic-master-progressive-style-invalidation-runtime-baseline","samples":36,"legacyRuntimeCounts":[{"metricId":"computed-style-valid","value":1}]},{"id":"dynamic-master-progressive-style-invalidation-observer-paused","samples":36,"legacyRuntimeCounts":[{"metricId":"computed-style-valid","value":1}]},{"id":"dynamic-master-progressive-style-invalidation-runtime-style-idle","samples":36,"legacyRuntimeCounts":[{"metricId":"computed-style-valid","value":1}]},{"id":"dynamic-master-progressive-style-invalidation-retained-0","samples":36,"legacyRuntimeCounts":[{"metricId":"computed-style-valid","value":1}]},{"id":"dynamic-master-progressive-style-invalidation-retained-2","samples":36,"legacyRuntimeCounts":[{"metricId":"computed-style-valid","value":1}]},{"id":"dynamic-master-progressive-style-invalidation-retained-128","samples":36,"legacyRuntimeCounts":[{"metricId":"computed-style-valid","value":1}]},{"id":"dynamic-master-progressive-style-invalidation-retained-512","samples":36,"legacyRuntimeCounts":[{"metricId":"computed-style-valid","value":1}]},{"id":"stress-dom-master-static-style-invalidation-static-baseline","samples":36,"legacyRuntimeCounts":[{"metricId":"computed-style-valid","value":1}]},{"id":"stress-dom-tailwind-static-style-invalidation-static-baseline","samples":36,"legacyRuntimeCounts":[{"metricId":"computed-style-valid","value":1}]},{"id":"stress-dom-master-runtime-style-invalidation-runtime-baseline","samples":36,"legacyRuntimeCounts":[{"metricId":"computed-style-valid","value":1}]},{"id":"stress-dom-master-runtime-style-invalidation-observer-paused","samples":36,"legacyRuntimeCounts":[{"metricId":"computed-style-valid","value":1}]},{"id":"stress-dom-master-runtime-style-invalidation-runtime-style-idle","samples":36,"legacyRuntimeCounts":[{"metricId":"computed-style-valid","value":1}]},{"id":"stress-dom-master-runtime-style-invalidation-retained-0","samples":36,"legacyRuntimeCounts":[{"metricId":"computed-style-valid","value":1}]},{"id":"stress-dom-master-runtime-style-invalidation-retained-2","samples":36,"legacyRuntimeCounts":[{"metricId":"computed-style-valid","value":1}]},{"id":"stress-dom-master-runtime-style-invalidation-retained-128","samples":36,"legacyRuntimeCounts":[{"metricId":"computed-style-valid","value":1}]},{"id":"stress-dom-master-runtime-style-invalidation-retained-512","samples":36,"legacyRuntimeCounts":[{"metricId":"computed-style-valid","value":1}]},{"id":"stress-dom-master-progressive-style-invalidation-runtime-baseline","samples":36,"legacyRuntimeCounts":[{"metricId":"computed-style-valid","value":1}]},{"id":"stress-dom-master-progressive-style-invalidation-observer-paused","samples":36,"legacyRuntimeCounts":[{"metricId":"computed-style-valid","value":1}]},{"id":"stress-dom-master-progressive-style-invalidation-runtime-style-idle","samples":36,"legacyRuntimeCounts":[{"metricId":"computed-style-valid","value":1}]},{"id":"stress-dom-master-progressive-style-invalidation-retained-0","samples":36,"legacyRuntimeCounts":[{"metricId":"computed-style-valid","value":1}]},{"id":"stress-dom-master-progressive-style-invalidation-retained-2","samples":36,"legacyRuntimeCounts":[{"metricId":"computed-style-valid","value":1}]},{"id":"stress-dom-master-progressive-style-invalidation-retained-128","samples":36,"legacyRuntimeCounts":[{"metricId":"computed-style-valid","value":1}]},{"id":"stress-dom-master-progressive-style-invalidation-retained-512","samples":36,"legacyRuntimeCounts":[{"metricId":"computed-style-valid","value":1}]}],"artifactCount":240,"wasmArtifacts":28,"wasm":{"raw":929757,"gzip":286205,"brotli":218273,"hash":"4b8ea61c6e5e34fe620efa1435278a34adb3620ec800c097d1f7b8a5abbe3318"},"pass":true}
{"preparationArtifact":"dynamic-master-static-style-invalidation-static-baseline","preseed":0,"preparation":{"preseededRuntimeRuleCount":0,"seededRetainedClassCount":0,"seededRetainedRuleCount":0,"seededRetainedRawBytes":0,"observerPaused":0},"retainedBefore":0,"retainedAfterProductSettle":0,"retainedSetAdds":0,"cleanup":{"beforeRetainedClassCount":0,"removedClassCount":0,"durationMs":0,"afterRetainedClassCount":0},"pass":true}
{"preparationArtifact":"dynamic-tailwind-static-style-invalidation-static-baseline","preseed":0,"preparation":{"preseededRuntimeRuleCount":0,"seededRetainedClassCount":0,"seededRetainedRuleCount":0,"seededRetainedRawBytes":0,"observerPaused":0},"retainedBefore":0,"retainedAfterProductSettle":0,"retainedSetAdds":0,"cleanup":{"beforeRetainedClassCount":0,"removedClassCount":0,"durationMs":0,"afterRetainedClassCount":0},"pass":true}
{"preparationArtifact":"dynamic-master-runtime-style-invalidation-runtime-baseline","preseed":0,"preparation":{"preseededRuntimeRuleCount":0,"seededRetainedClassCount":0,"seededRetainedRuleCount":0,"seededRetainedRawBytes":0,"observerPaused":0},"retainedBefore":0,"retainedAfterProductSettle":2,"retainedSetAdds":2,"cleanup":{"beforeRetainedClassCount":2,"removedClassCount":2,"durationMs":0.6000001430511475,"afterRetainedClassCount":0},"pass":true}
node:internal/modules/run_main:107
    triggerUncaughtException(
    ^

AssertionError [ERR_ASSERTION]: dynamic-master-runtime-style-invalidation-observer-paused
    at <anonymous> (/Users/aron/master/css/.ai/audits/bug-hunt/repros/benchmark-runtime-preparation-report.mjs:28:5) {
  generatedMessage: false,
  code: 'ERR_ASSERTION',
  actual: false,
  expected: true,
  operator: '==',
  diff: 'simple'
}

Node.js v24.20.0
{"exit_code": 1, "cleanup": "/Users/aron/master/css/tmp/master-css-bh-isolated-kszea8yn"}
