{"cwd": "/Users/aron/master/css/tmp/master-css-bh-isolated-rbuapikj/benchmarks", "command": ["node", "/Users/aron/master/css/scripts/with-typescript-tooling-compat.mjs", "node", "--import", "tsx", "/Users/aron/master/css/.ai/audits/bug-hunt/repros/benchmark-cssom-report.mjs", "master-delivery-modes"]}
$ vitest bench master-delivery-modes --run

 RUN  v5.0.0 /Users/aron/master/css/tmp/master-css-bh-isolated-rbuapikj/benchmarks


 Test Files  1 passed (1)
      Tests  1 passed (1)
   Start at  06:50:58
   Duration  50.90s (tests 100%)

{"suite":"master-delivery-modes","commandExit":0}
{"suite":"master-delivery-modes","variants":[{"id":"minimal-master-static","samples":38,"legacyRuntimeCounts":[{"metricId":"runtime-generated-rule-count","value":0},{"metricId":"runtime-style-raw-bytes","value":0}]},{"id":"minimal-master-runtime","samples":38,"legacyRuntimeCounts":[{"metricId":"runtime-generated-rule-count","value":54},{"metricId":"runtime-style-raw-bytes","value":1940}]},{"id":"minimal-master-progressive","samples":38,"legacyRuntimeCounts":[{"metricId":"runtime-generated-rule-count","value":54},{"metricId":"runtime-style-raw-bytes","value":1940}]},{"id":"minimal-tailwind-static","samples":38,"legacyRuntimeCounts":[{"metricId":"runtime-generated-rule-count","value":0},{"metricId":"runtime-style-raw-bytes","value":0}]},{"id":"docs-master-static","samples":38,"legacyRuntimeCounts":[{"metricId":"runtime-generated-rule-count","value":0},{"metricId":"runtime-style-raw-bytes","value":0}]},{"id":"docs-master-runtime","samples":38,"legacyRuntimeCounts":[{"metricId":"runtime-generated-rule-count","value":71},{"metricId":"runtime-style-raw-bytes","value":2671}]},{"id":"docs-master-progressive","samples":38,"legacyRuntimeCounts":[{"metricId":"runtime-generated-rule-count","value":71},{"metricId":"runtime-style-raw-bytes","value":2671}]},{"id":"docs-tailwind-static","samples":38,"legacyRuntimeCounts":[{"metricId":"runtime-generated-rule-count","value":0},{"metricId":"runtime-style-raw-bytes","value":0}]},{"id":"dashboard-master-static","samples":38,"legacyRuntimeCounts":[{"metricId":"runtime-generated-rule-count","value":0},{"metricId":"runtime-style-raw-bytes","value":0}]},{"id":"dashboard-master-runtime","samples":38,"legacyRuntimeCounts":[{"metricId":"runtime-generated-rule-count","value":78},{"metricId":"runtime-style-raw-bytes","value":2892}]},{"id":"dashboard-master-progressive","samples":38,"legacyRuntimeCounts":[{"metricId":"runtime-generated-rule-count","value":78},{"metricId":"runtime-style-raw-bytes","value":2892}]},{"id":"dashboard-tailwind-static","samples":38,"legacyRuntimeCounts":[{"metricId":"runtime-generated-rule-count","value":0},{"metricId":"runtime-style-raw-bytes","value":0}]},{"id":"stress-css-master-static","samples":38,"legacyRuntimeCounts":[{"metricId":"runtime-generated-rule-count","value":0},{"metricId":"runtime-style-raw-bytes","value":0}]},{"id":"stress-css-master-runtime","samples":38,"legacyRuntimeCounts":[{"metricId":"runtime-generated-rule-count","value":296},{"metricId":"runtime-style-raw-bytes","value":8570}]},{"id":"stress-css-master-progressive","samples":38,"legacyRuntimeCounts":[{"metricId":"runtime-generated-rule-count","value":296},{"metricId":"runtime-style-raw-bytes","value":8570}]},{"id":"stress-css-tailwind-static","samples":38,"legacyRuntimeCounts":[{"metricId":"runtime-generated-rule-count","value":0},{"metricId":"runtime-style-raw-bytes","value":0}]}],"artifactCount":148,"wasmArtifacts":8,"wasm":{"raw":929757,"gzip":286205,"brotli":218273,"hash":"4b8ea61c6e5e34fe620efa1435278a34adb3620ec800c097d1f7b8a5abbe3318"},"pass":true}
{"cssomReport":"master-delivery-modes","engine":"chromium","variantId":"minimal-master-static","expected":{"total":0,"top":0,"layers":{},"layerTotal":0},"documentCount":89,"nativeKinds":[],"pass":true}
{"cssomReport":"master-delivery-modes","engine":"chromium","variantId":"minimal-master-runtime","expected":{"total":46,"top":2,"layers":{"theme":1,"utilities":45},"layerTotal":46},"documentCount":46,"nativeKinds":["CSSLayerBlockRule","CSSStyleRule"],"hydration":"runtime","pass":true}
{"cssomReport":"master-delivery-modes","engine":"chromium","variantId":"minimal-master-progressive","expected":{"total":46,"top":2,"layers":{"theme":1,"utilities":45},"layerTotal":46},"documentCount":46,"nativeKinds":["CSSLayerBlockRule","CSSStyleRule"],"hydration":"progressive","pass":true}
{"cssomReport":"master-delivery-modes","engine":"chromium","variantId":"minimal-tailwind-static","expected":{"total":0,"top":0,"layers":{},"layerTotal":0},"documentCount":91,"nativeKinds":[],"pass":true}
{"cssomReport":"master-delivery-modes","engine":"chromium","variantId":"docs-master-static","expected":{"total":0,"top":0,"layers":{},"layerTotal":0},"documentCount":103,"nativeKinds":[],"pass":true}
{"cssomReport":"master-delivery-modes","engine":"chromium","variantId":"docs-master-runtime","expected":{"total":60,"top":2,"layers":{"theme":1,"utilities":59},"layerTotal":60},"documentCount":60,"nativeKinds":["CSSLayerBlockRule","CSSStyleRule","CSSMediaRule"],"hydration":"runtime","pass":true}
{"cssomReport":"master-delivery-modes","engine":"chromium","variantId":"docs-master-progressive","expected":{"total":60,"top":2,"layers":{"theme":1,"utilities":59},"layerTotal":60},"documentCount":60,"nativeKinds":["CSSLayerBlockRule","CSSStyleRule","CSSMediaRule"],"hydration":"progressive","pass":true}
{"cssomReport":"master-delivery-modes","engine":"chromium","variantId":"docs-tailwind-static","expected":{"total":0,"top":0,"layers":{},"layerTotal":0},"documentCount":117,"nativeKinds":[],"pass":true}
{"cssomReport":"master-delivery-modes","engine":"chromium","variantId":"dashboard-master-static","expected":{"total":0,"top":0,"layers":{},"layerTotal":0},"documentCount":108,"nativeKinds":[],"pass":true}
{"cssomReport":"master-delivery-modes","engine":"chromium","variantId":"dashboard-master-runtime","expected":{"total":66,"top":2,"layers":{"theme":1,"utilities":65},"layerTotal":66},"documentCount":66,"nativeKinds":["CSSLayerBlockRule","CSSStyleRule"],"hydration":"runtime","pass":true}
{"cssomReport":"master-delivery-modes","engine":"chromium","variantId":"dashboard-master-progressive","expected":{"total":66,"top":2,"layers":{"theme":1,"utilities":65},"layerTotal":66},"documentCount":66,"nativeKinds":["CSSLayerBlockRule","CSSStyleRule"],"hydration":"progressive","pass":true}
{"cssomReport":"master-delivery-modes","engine":"chromium","variantId":"dashboard-tailwind-static","expected":{"total":0,"top":0,"layers":{},"layerTotal":0},"documentCount":109,"nativeKinds":[],"pass":true}
{"cssomReport":"master-delivery-modes","engine":"chromium","variantId":"stress-css-master-static","expected":{"total":0,"top":0,"layers":{},"layerTotal":0},"documentCount":321,"nativeKinds":[],"pass":true}
{"cssomReport":"master-delivery-modes","engine":"chromium","variantId":"stress-css-master-runtime","expected":{"total":279,"top":2,"layers":{"theme":1,"utilities":278},"layerTotal":279},"documentCount":279,"nativeKinds":["CSSLayerBlockRule","CSSStyleRule"],"hydration":"runtime","pass":true}
{"cssomReport":"master-delivery-modes","engine":"chromium","variantId":"stress-css-master-progressive","expected":{"total":279,"top":2,"layers":{"theme":1,"utilities":278},"layerTotal":279},"documentCount":279,"nativeKinds":["CSSLayerBlockRule","CSSStyleRule"],"hydration":"progressive","pass":true}
{"cssomReport":"master-delivery-modes","engine":"chromium","variantId":"stress-css-tailwind-static","expected":{"total":0,"top":0,"layers":{},"layerTotal":0},"documentCount":303,"nativeKinds":[],"pass":true}
{"cssomReport":"master-delivery-modes","engine":"firefox","variantId":"minimal-master-static","expected":{"total":0,"top":0,"layers":{},"layerTotal":0},"documentCount":90,"nativeKinds":[],"pass":true}
{"cssomReport":"master-delivery-modes","engine":"firefox","variantId":"minimal-master-runtime","expected":{"total":46,"top":2,"layers":{"theme":1,"utilities":45},"layerTotal":46},"documentCount":46,"nativeKinds":["CSSLayerBlockRule","CSSStyleRule"],"hydration":"runtime","pass":true}
{"cssomReport":"master-delivery-modes","engine":"firefox","variantId":"minimal-master-progressive","expected":{"total":46,"top":2,"layers":{"theme":1,"utilities":45},"layerTotal":46},"documentCount":46,"nativeKinds":["CSSLayerBlockRule","CSSStyleRule"],"hydration":"progressive","pass":true}
{"cssomReport":"master-delivery-modes","engine":"firefox","variantId":"minimal-tailwind-static","expected":{"total":0,"top":0,"layers":{},"layerTotal":0},"documentCount":93,"nativeKinds":[],"pass":true}
{"cssomReport":"master-delivery-modes","engine":"firefox","variantId":"docs-master-static","expected":{"total":0,"top":0,"layers":{},"layerTotal":0},"documentCount":104,"nativeKinds":[],"pass":true}
{"cssomReport":"master-delivery-modes","engine":"firefox","variantId":"docs-master-runtime","expected":{"total":60,"top":2,"layers":{"theme":1,"utilities":59},"layerTotal":60},"documentCount":60,"nativeKinds":["CSSLayerBlockRule","CSSStyleRule","CSSMediaRule"],"hydration":"runtime","pass":true}
{"cssomReport":"master-delivery-modes","engine":"firefox","variantId":"docs-master-progressive","expected":{"total":60,"top":2,"layers":{"theme":1,"utilities":59},"layerTotal":60},"documentCount":60,"nativeKinds":["CSSLayerBlockRule","CSSStyleRule","CSSMediaRule"],"hydration":"progressive","pass":true}
{"cssomReport":"master-delivery-modes","engine":"firefox","variantId":"docs-tailwind-static","expected":{"total":0,"top":0,"layers":{},"layerTotal":0},"documentCount":119,"nativeKinds":[],"pass":true}
{"cssomReport":"master-delivery-modes","engine":"firefox","variantId":"dashboard-master-static","expected":{"total":0,"top":0,"layers":{},"layerTotal":0},"documentCount":109,"nativeKinds":[],"pass":true}
{"cssomReport":"master-delivery-modes","engine":"firefox","variantId":"dashboard-master-runtime","expected":{"total":66,"top":2,"layers":{"theme":1,"utilities":65},"layerTotal":66},"documentCount":66,"nativeKinds":["CSSLayerBlockRule","CSSStyleRule"],"hydration":"runtime","pass":true}
{"cssomReport":"master-delivery-modes","engine":"firefox","variantId":"dashboard-master-progressive","expected":{"total":66,"top":2,"layers":{"theme":1,"utilities":65},"layerTotal":66},"documentCount":66,"nativeKinds":["CSSLayerBlockRule","CSSStyleRule"],"hydration":"progressive","pass":true}
{"cssomReport":"master-delivery-modes","engine":"firefox","variantId":"dashboard-tailwind-static","expected":{"total":0,"top":0,"layers":{},"layerTotal":0},"documentCount":111,"nativeKinds":[],"pass":true}
{"cssomReport":"master-delivery-modes","engine":"firefox","variantId":"stress-css-master-static","expected":{"total":0,"top":0,"layers":{},"layerTotal":0},"documentCount":322,"nativeKinds":[],"pass":true}
{"cssomReport":"master-delivery-modes","engine":"firefox","variantId":"stress-css-master-runtime","expected":{"total":279,"top":2,"layers":{"theme":1,"utilities":278},"layerTotal":279},"documentCount":279,"nativeKinds":["CSSLayerBlockRule","CSSStyleRule"],"hydration":"runtime","pass":true}
{"cssomReport":"master-delivery-modes","engine":"firefox","variantId":"stress-css-master-progressive","expected":{"total":279,"top":2,"layers":{"theme":1,"utilities":278},"layerTotal":279},"documentCount":279,"nativeKinds":["CSSLayerBlockRule","CSSStyleRule"],"hydration":"progressive","pass":true}
{"cssomReport":"master-delivery-modes","engine":"firefox","variantId":"stress-css-tailwind-static","expected":{"total":0,"top":0,"layers":{},"layerTotal":0},"documentCount":305,"nativeKinds":[],"pass":true}
{"cssomReport":"master-delivery-modes","engine":"webkit","variantId":"minimal-master-static","expected":{"total":0,"top":0,"layers":{},"layerTotal":0},"documentCount":89,"nativeKinds":[],"pass":true}
{"cssomReport":"master-delivery-modes","engine":"webkit","variantId":"minimal-master-runtime","expected":{"total":46,"top":2,"layers":{"theme":1,"utilities":45},"layerTotal":46},"documentCount":46,"nativeKinds":["CSSLayerBlockRule","CSSStyleRule"],"hydration":"runtime","pass":true}
{"cssomReport":"master-delivery-modes","engine":"webkit","variantId":"minimal-master-progressive","expected":{"total":46,"top":2,"layers":{"theme":1,"utilities":45},"layerTotal":46},"documentCount":46,"nativeKinds":["CSSLayerBlockRule","CSSStyleRule"],"hydration":"progressive","pass":true}
{"cssomReport":"master-delivery-modes","engine":"webkit","variantId":"minimal-tailwind-static","expected":{"total":0,"top":0,"layers":{},"layerTotal":0},"documentCount":91,"nativeKinds":[],"pass":true}
{"cssomReport":"master-delivery-modes","engine":"webkit","variantId":"docs-master-static","expected":{"total":0,"top":0,"layers":{},"layerTotal":0},"documentCount":103,"nativeKinds":[],"pass":true}
{"cssomReport":"master-delivery-modes","engine":"webkit","variantId":"docs-master-runtime","expected":{"total":60,"top":2,"layers":{"theme":1,"utilities":59},"layerTotal":60},"documentCount":60,"nativeKinds":["CSSLayerBlockRule","CSSStyleRule","CSSMediaRule"],"hydration":"runtime","pass":true}
{"cssomReport":"master-delivery-modes","engine":"webkit","variantId":"docs-master-progressive","expected":{"total":60,"top":2,"layers":{"theme":1,"utilities":59},"layerTotal":60},"documentCount":60,"nativeKinds":["CSSLayerBlockRule","CSSStyleRule","CSSMediaRule"],"hydration":"progressive","pass":true}
{"cssomReport":"master-delivery-modes","engine":"webkit","variantId":"docs-tailwind-static","expected":{"total":0,"top":0,"layers":{},"layerTotal":0},"documentCount":117,"nativeKinds":[],"pass":true}
{"cssomReport":"master-delivery-modes","engine":"webkit","variantId":"dashboard-master-static","expected":{"total":0,"top":0,"layers":{},"layerTotal":0},"documentCount":108,"nativeKinds":[],"pass":true}
{"cssomReport":"master-delivery-modes","engine":"webkit","variantId":"dashboard-master-runtime","expected":{"total":66,"top":2,"layers":{"theme":1,"utilities":65},"layerTotal":66},"documentCount":66,"nativeKinds":["CSSLayerBlockRule","CSSStyleRule"],"hydration":"runtime","pass":true}
{"cssomReport":"master-delivery-modes","engine":"webkit","variantId":"dashboard-master-progressive","expected":{"total":66,"top":2,"layers":{"theme":1,"utilities":65},"layerTotal":66},"documentCount":66,"nativeKinds":["CSSLayerBlockRule","CSSStyleRule"],"hydration":"progressive","pass":true}
{"cssomReport":"master-delivery-modes","engine":"webkit","variantId":"dashboard-tailwind-static","expected":{"total":0,"top":0,"layers":{},"layerTotal":0},"documentCount":109,"nativeKinds":[],"pass":true}
{"cssomReport":"master-delivery-modes","engine":"webkit","variantId":"stress-css-master-static","expected":{"total":0,"top":0,"layers":{},"layerTotal":0},"documentCount":321,"nativeKinds":[],"pass":true}
{"cssomReport":"master-delivery-modes","engine":"webkit","variantId":"stress-css-master-runtime","expected":{"total":279,"top":2,"layers":{"theme":1,"utilities":278},"layerTotal":279},"documentCount":279,"nativeKinds":["CSSLayerBlockRule","CSSStyleRule"],"hydration":"runtime","pass":true}
{"cssomReport":"master-delivery-modes","engine":"webkit","variantId":"stress-css-master-progressive","expected":{"total":279,"top":2,"layers":{"theme":1,"utilities":278},"layerTotal":279},"documentCount":279,"nativeKinds":["CSSLayerBlockRule","CSSStyleRule"],"hydration":"progressive","pass":true}
{"cssomReport":"master-delivery-modes","engine":"webkit","variantId":"stress-css-tailwind-static","expected":{"total":0,"top":0,"layers":{},"layerTotal":0},"documentCount":303,"nativeKinds":[],"pass":true}
{"exit_code": 0, "cleanup": "/Users/aron/master/css/tmp/master-css-bh-isolated-rbuapikj"}
