{"cwd": "/Users/aron/master/css/tmp/master-css-bh-isolated-sq8eb6i3/benchmarks", "command": ["node", "/Users/aron/master/css/scripts/with-typescript-tooling-compat.mjs", "node", "--import", "tsx", "/Users/aron/master/css/.ai/audits/bug-hunt/repros/benchmark-cssom-report.mjs", "progressive-hydration-diagnostics"]}
$ vitest bench progressive-hydration-diagnostics --run

 RUN  v5.0.0 /Users/aron/master/css/tmp/master-css-bh-isolated-sq8eb6i3/benchmarks


 Test Files  1 passed (1)
      Tests  1 passed (1)
   Start at  06:50:58
   Duration  13.34s (tests 100%)

{"suite":"progressive-hydration-diagnostics","commandExit":0}
{"suite":"progressive-hydration-diagnostics","variants":[{"id":"minimal-master-progressive","samples":8,"legacyRuntimeCounts":[{"metricId":"runtime-generated-rule-count","value":54},{"metricId":"runtime-style-raw-bytes","value":1940}]},{"id":"docs-master-progressive","samples":8,"legacyRuntimeCounts":[{"metricId":"runtime-generated-rule-count","value":71},{"metricId":"runtime-style-raw-bytes","value":2671}]},{"id":"dashboard-master-progressive","samples":8,"legacyRuntimeCounts":[{"metricId":"runtime-generated-rule-count","value":78},{"metricId":"runtime-style-raw-bytes","value":2892}]},{"id":"stress-css-master-progressive","samples":8,"legacyRuntimeCounts":[{"metricId":"runtime-generated-rule-count","value":296},{"metricId":"runtime-style-raw-bytes","value":8570}]}],"artifactCount":36,"wasmArtifacts":4,"wasm":{"raw":929757,"gzip":286205,"brotli":218273,"hash":"4b8ea61c6e5e34fe620efa1435278a34adb3620ec800c097d1f7b8a5abbe3318"},"pass":true}
{"cssomReport":"progressive-hydration-diagnostics","engine":"chromium","variantId":"minimal-master-progressive","expected":{"total":46,"top":2,"layers":{"theme":1,"utilities":45},"layerTotal":46},"documentCount":46,"nativeKinds":["CSSLayerBlockRule","CSSStyleRule"],"hydration":"progressive","pass":true}
{"cssomReport":"progressive-hydration-diagnostics","engine":"chromium","variantId":"docs-master-progressive","expected":{"total":60,"top":2,"layers":{"theme":1,"utilities":59},"layerTotal":60},"documentCount":60,"nativeKinds":["CSSLayerBlockRule","CSSStyleRule","CSSMediaRule"],"hydration":"progressive","pass":true}
{"cssomReport":"progressive-hydration-diagnostics","engine":"chromium","variantId":"dashboard-master-progressive","expected":{"total":66,"top":2,"layers":{"theme":1,"utilities":65},"layerTotal":66},"documentCount":66,"nativeKinds":["CSSLayerBlockRule","CSSStyleRule"],"hydration":"progressive","pass":true}
{"cssomReport":"progressive-hydration-diagnostics","engine":"chromium","variantId":"stress-css-master-progressive","expected":{"total":279,"top":2,"layers":{"theme":1,"utilities":278},"layerTotal":279},"documentCount":279,"nativeKinds":["CSSLayerBlockRule","CSSStyleRule"],"hydration":"progressive","pass":true}
{"cssomReport":"progressive-hydration-diagnostics","engine":"firefox","variantId":"minimal-master-progressive","expected":{"total":46,"top":2,"layers":{"theme":1,"utilities":45},"layerTotal":46},"documentCount":46,"nativeKinds":["CSSLayerBlockRule","CSSStyleRule"],"hydration":"progressive","pass":true}
{"cssomReport":"progressive-hydration-diagnostics","engine":"firefox","variantId":"docs-master-progressive","expected":{"total":60,"top":2,"layers":{"theme":1,"utilities":59},"layerTotal":60},"documentCount":60,"nativeKinds":["CSSLayerBlockRule","CSSStyleRule","CSSMediaRule"],"hydration":"progressive","pass":true}
{"cssomReport":"progressive-hydration-diagnostics","engine":"firefox","variantId":"dashboard-master-progressive","expected":{"total":66,"top":2,"layers":{"theme":1,"utilities":65},"layerTotal":66},"documentCount":66,"nativeKinds":["CSSLayerBlockRule","CSSStyleRule"],"hydration":"progressive","pass":true}
{"cssomReport":"progressive-hydration-diagnostics","engine":"firefox","variantId":"stress-css-master-progressive","expected":{"total":279,"top":2,"layers":{"theme":1,"utilities":278},"layerTotal":279},"documentCount":279,"nativeKinds":["CSSLayerBlockRule","CSSStyleRule"],"hydration":"progressive","pass":true}
{"cssomReport":"progressive-hydration-diagnostics","engine":"webkit","variantId":"minimal-master-progressive","expected":{"total":46,"top":2,"layers":{"theme":1,"utilities":45},"layerTotal":46},"documentCount":46,"nativeKinds":["CSSLayerBlockRule","CSSStyleRule"],"hydration":"progressive","pass":true}
{"cssomReport":"progressive-hydration-diagnostics","engine":"webkit","variantId":"docs-master-progressive","expected":{"total":60,"top":2,"layers":{"theme":1,"utilities":59},"layerTotal":60},"documentCount":60,"nativeKinds":["CSSLayerBlockRule","CSSStyleRule","CSSMediaRule"],"hydration":"progressive","pass":true}
{"cssomReport":"progressive-hydration-diagnostics","engine":"webkit","variantId":"dashboard-master-progressive","expected":{"total":66,"top":2,"layers":{"theme":1,"utilities":65},"layerTotal":66},"documentCount":66,"nativeKinds":["CSSLayerBlockRule","CSSStyleRule"],"hydration":"progressive","pass":true}
{"cssomReport":"progressive-hydration-diagnostics","engine":"webkit","variantId":"stress-css-master-progressive","expected":{"total":279,"top":2,"layers":{"theme":1,"utilities":278},"layerTotal":279},"documentCount":279,"nativeKinds":["CSSLayerBlockRule","CSSStyleRule"],"hydration":"progressive","pass":true}
{"exit_code": 0, "cleanup": "/Users/aron/master/css/tmp/master-css-bh-isolated-sq8eb6i3"}
