{"cwd": "/Users/aron/master/css/tmp/master-css-bh-isolated-20u85mwy/benchmarks", "command": ["node", "/Users/aron/master/css/scripts/with-typescript-tooling-compat.mjs", "node", "--import", "tsx", "/Users/aron/master/css/.ai/audits/bug-hunt/repros/benchmark-cssom-traversal.mjs"]}
{"engine":"chromium","family":"delivery","id":"leaf","native":[{"kind":"CSSStyleRule","selector":".bh-leaf","children":[]}],"actual":{"count":0,"layers":{"CSSStyleRule":0},"layerCount":0,"missingSelectors":[]},"expected":{"count":1,"layers":{},"layerCount":0,"missingSelectors":[]},"pass":false}
{"engine":"chromium","family":"delivery","id":"empty-style","native":[{"kind":"CSSStyleRule","selector":".bh-empty","children":[]}],"actual":{"count":0,"layers":{"CSSStyleRule":0},"layerCount":0,"missingSelectors":[]},"expected":{"count":1,"layers":{},"layerCount":0,"missingSelectors":[]},"pass":false}
{"engine":"chromium","family":"delivery","id":"nested-style","native":[{"kind":"CSSLayerBlockRule","children":[{"kind":"CSSStyleRule","selector":".bh-parent","children":[{"kind":"CSSStyleRule","selector":"& .bh-child","children":[]}]}]}],"actual":{"count":0,"layers":{"utilities":1},"layerCount":1,"missingSelectors":[{"className":"","layer":"utilities","selectorText":"& .bh-child","text":""}]},"expected":{"count":2,"layers":{"utilities":1},"layerCount":1,"missingSelectors":[]},"pass":false}
{"engine":"chromium","family":"delivery","id":"nested-declarations","native":[{"kind":"CSSStyleRule","selector":".bh-parent","children":[{"kind":"CSSStyleRule","selector":"& .bh-child","children":[]},{"kind":"CSSNestedDeclarations"}]}],"actual":{"count":1,"layers":{"CSSStyleRule":2},"layerCount":2,"missingSelectors":[]},"expected":{"count":3,"layers":{},"layerCount":0,"missingSelectors":[]},"pass":false}
{"engine":"chromium","family":"delivery","id":"empty-groups","native":[{"kind":"CSSMediaRule","children":[]},{"kind":"CSSSupportsRule","children":[]},{"kind":"CSSLayerBlockRule","children":[]}],"actual":{"count":0,"layers":{"CSSMediaRule":0,"CSSSupportsRule":0,"utilities":0},"layerCount":0,"missingSelectors":[]},"expected":{"count":0,"layers":{"utilities":0},"layerCount":0,"missingSelectors":[]},"pass":false}
{"engine":"chromium","family":"delivery","id":"repeated-layers","native":[{"kind":"CSSLayerBlockRule","children":[{"kind":"CSSStyleRule","selector":".bh-a","children":[]},{"kind":"CSSMediaRule","children":[{"kind":"CSSStyleRule","selector":".bh-b","children":[]}]}]},{"kind":"CSSLayerBlockRule","children":[{"kind":"CSSStyleRule","selector":".bh-c","children":[]}]},{"kind":"CSSSupportsRule","children":[{"kind":"CSSStyleRule","selector":".bh-d","children":[]}]}],"actual":{"count":0,"layers":{"utilities":1,"CSSSupportsRule":1},"layerCount":4,"missingSelectors":[{"className":"","layer":"utilities","selectorText":".bh-a","text":""},{"className":"","layer":"utilities","selectorText":".bh-b","text":""}]},"expected":{"count":4,"layers":{"utilities":3},"layerCount":3,"missingSelectors":[]},"pass":false}
{"engine":"chromium","family":"delivery","id":"keyframes","native":[{"kind":"CSSKeyframesRule","children":[{"kind":"CSSKeyframeRule"},{"kind":"CSSKeyframeRule"}]}],"actual":{"count":2,"layers":{"utilities":2},"layerCount":2,"missingSelectors":[]},"expected":{"count":2,"layers":{},"layerCount":0,"missingSelectors":[]},"pass":false}
{"engine":"chromium","family":"delivery","id":"conditional-layer","native":[{"kind":"CSSMediaRule","children":[{"kind":"CSSLayerBlockRule","children":[{"kind":"CSSStyleRule","selector":".bh-inner","children":[]}]}]}],"actual":{"count":0,"layers":{"CSSMediaRule":1},"layerCount":1,"missingSelectors":[]},"expected":{"count":1,"layers":{},"layerCount":0,"missingSelectors":[]},"pass":false}
{"engine":"chromium","family":"delivery","id":"statement-and-font","native":[{"kind":"CSSLayerStatementRule"},{"kind":"CSSFontFaceRule"}],"actual":{"count":2,"layers":{},"layerCount":0,"missingSelectors":[]},"expected":{"count":2,"layers":{},"layerCount":0,"missingSelectors":[]},"pass":true}
{"engine":"chromium","family":"lifecycle","id":"leaf","native":[{"kind":"CSSStyleRule","selector":".bh-leaf","children":[]}],"actual":{"count":0},"expected":{"count":1},"pass":false}
{"engine":"chromium","family":"lifecycle","id":"empty-style","native":[{"kind":"CSSStyleRule","selector":".bh-empty","children":[]}],"actual":{"count":0},"expected":{"count":1},"pass":false}
{"engine":"chromium","family":"lifecycle","id":"nested-style","native":[{"kind":"CSSLayerBlockRule","children":[{"kind":"CSSStyleRule","selector":".bh-parent","children":[{"kind":"CSSStyleRule","selector":"& .bh-child","children":[]}]}]}],"actual":{"count":0},"expected":{"count":2},"pass":false}
{"engine":"chromium","family":"lifecycle","id":"nested-declarations","native":[{"kind":"CSSStyleRule","selector":".bh-parent","children":[{"kind":"CSSStyleRule","selector":"& .bh-child","children":[]},{"kind":"CSSNestedDeclarations"}]}],"actual":{"count":1},"expected":{"count":3},"pass":false}
{"engine":"chromium","family":"lifecycle","id":"empty-groups","native":[{"kind":"CSSMediaRule","children":[]},{"kind":"CSSSupportsRule","children":[]},{"kind":"CSSLayerBlockRule","children":[]}],"actual":{"count":0},"expected":{"count":0},"pass":true}
{"engine":"chromium","family":"lifecycle","id":"repeated-layers","native":[{"kind":"CSSLayerBlockRule","children":[{"kind":"CSSStyleRule","selector":".bh-a","children":[]},{"kind":"CSSMediaRule","children":[{"kind":"CSSStyleRule","selector":".bh-b","children":[]}]}]},{"kind":"CSSLayerBlockRule","children":[{"kind":"CSSStyleRule","selector":".bh-c","children":[]}]},{"kind":"CSSSupportsRule","children":[{"kind":"CSSStyleRule","selector":".bh-d","children":[]}]}],"actual":{"count":0},"expected":{"count":4},"pass":false}
{"engine":"chromium","family":"lifecycle","id":"keyframes","native":[{"kind":"CSSKeyframesRule","children":[{"kind":"CSSKeyframeRule"},{"kind":"CSSKeyframeRule"}]}],"actual":{"count":2},"expected":{"count":2},"pass":true}
{"engine":"chromium","family":"lifecycle","id":"conditional-layer","native":[{"kind":"CSSMediaRule","children":[{"kind":"CSSLayerBlockRule","children":[{"kind":"CSSStyleRule","selector":".bh-inner","children":[]}]}]}],"actual":{"count":0},"expected":{"count":1},"pass":false}
{"engine":"chromium","family":"lifecycle","id":"statement-and-font","native":[{"kind":"CSSLayerStatementRule"},{"kind":"CSSFontFaceRule"}],"actual":{"count":2},"expected":{"count":2},"pass":true}
{"engine":"firefox","family":"delivery","id":"leaf","native":[{"kind":"CSSStyleRule","selector":".bh-leaf","children":[]}],"actual":{"count":0,"layers":{"CSSStyleRule":0},"layerCount":0,"missingSelectors":[]},"expected":{"count":1,"layers":{},"layerCount":0,"missingSelectors":[]},"pass":false}
{"engine":"firefox","family":"delivery","id":"empty-style","native":[{"kind":"CSSStyleRule","selector":".bh-empty","children":[]}],"actual":{"count":0,"layers":{"CSSStyleRule":0},"layerCount":0,"missingSelectors":[]},"expected":{"count":1,"layers":{},"layerCount":0,"missingSelectors":[]},"pass":false}
{"engine":"firefox","family":"delivery","id":"nested-style","native":[{"kind":"CSSLayerBlockRule","children":[{"kind":"CSSStyleRule","selector":".bh-parent","children":[{"kind":"CSSStyleRule","selector":"& .bh-child","children":[]}]}]}],"actual":{"count":0,"layers":{"utilities":1},"layerCount":1,"missingSelectors":[{"className":"","layer":"utilities","selectorText":"& .bh-child","text":""}]},"expected":{"count":2,"layers":{"utilities":1},"layerCount":1,"missingSelectors":[]},"pass":false}
{"engine":"firefox","family":"delivery","id":"nested-declarations","native":[{"kind":"CSSStyleRule","selector":".bh-parent","children":[{"kind":"CSSStyleRule","selector":"& .bh-child","children":[]},{"kind":"CSSNestedDeclarations"}]}],"actual":{"count":1,"layers":{"CSSStyleRule":2},"layerCount":2,"missingSelectors":[]},"expected":{"count":3,"layers":{},"layerCount":0,"missingSelectors":[]},"pass":false}
{"engine":"firefox","family":"delivery","id":"empty-groups","native":[{"kind":"CSSMediaRule","children":[]},{"kind":"CSSSupportsRule","children":[]},{"kind":"CSSLayerBlockRule","children":[]}],"actual":{"count":0,"layers":{"CSSMediaRule":0,"CSSSupportsRule":0,"utilities":0},"layerCount":0,"missingSelectors":[]},"expected":{"count":0,"layers":{"utilities":0},"layerCount":0,"missingSelectors":[]},"pass":false}
{"engine":"firefox","family":"delivery","id":"repeated-layers","native":[{"kind":"CSSLayerBlockRule","children":[{"kind":"CSSStyleRule","selector":".bh-a","children":[]},{"kind":"CSSMediaRule","children":[{"kind":"CSSStyleRule","selector":".bh-b","children":[]}]}]},{"kind":"CSSLayerBlockRule","children":[{"kind":"CSSStyleRule","selector":".bh-c","children":[]}]},{"kind":"CSSSupportsRule","children":[{"kind":"CSSStyleRule","selector":".bh-d","children":[]}]}],"actual":{"count":0,"layers":{"utilities":1,"CSSSupportsRule":1},"layerCount":4,"missingSelectors":[{"className":"","layer":"utilities","selectorText":".bh-a","text":""},{"className":"","layer":"utilities","selectorText":".bh-b","text":""}]},"expected":{"count":4,"layers":{"utilities":3},"layerCount":3,"missingSelectors":[]},"pass":false}
{"engine":"firefox","family":"delivery","id":"keyframes","native":[{"kind":"CSSKeyframesRule","children":[{"kind":"CSSKeyframeRule"},{"kind":"CSSKeyframeRule"}]}],"actual":{"count":2,"layers":{"utilities":2},"layerCount":2,"missingSelectors":[]},"expected":{"count":2,"layers":{},"layerCount":0,"missingSelectors":[]},"pass":false}
{"engine":"firefox","family":"delivery","id":"conditional-layer","native":[{"kind":"CSSMediaRule","children":[{"kind":"CSSLayerBlockRule","children":[{"kind":"CSSStyleRule","selector":".bh-inner","children":[]}]}]}],"actual":{"count":0,"layers":{"CSSMediaRule":1},"layerCount":1,"missingSelectors":[]},"expected":{"count":1,"layers":{},"layerCount":0,"missingSelectors":[]},"pass":false}
{"engine":"firefox","family":"delivery","id":"statement-and-font","native":[{"kind":"CSSLayerStatementRule"},{"kind":"CSSFontFaceRule"}],"actual":{"count":2,"layers":{},"layerCount":0,"missingSelectors":[]},"expected":{"count":2,"layers":{},"layerCount":0,"missingSelectors":[]},"pass":true}
{"engine":"firefox","family":"lifecycle","id":"leaf","native":[{"kind":"CSSStyleRule","selector":".bh-leaf","children":[]}],"actual":{"count":0},"expected":{"count":1},"pass":false}
{"engine":"firefox","family":"lifecycle","id":"empty-style","native":[{"kind":"CSSStyleRule","selector":".bh-empty","children":[]}],"actual":{"count":0},"expected":{"count":1},"pass":false}
{"engine":"firefox","family":"lifecycle","id":"nested-style","native":[{"kind":"CSSLayerBlockRule","children":[{"kind":"CSSStyleRule","selector":".bh-parent","children":[{"kind":"CSSStyleRule","selector":"& .bh-child","children":[]}]}]}],"actual":{"count":0},"expected":{"count":2},"pass":false}
{"engine":"firefox","family":"lifecycle","id":"nested-declarations","native":[{"kind":"CSSStyleRule","selector":".bh-parent","children":[{"kind":"CSSStyleRule","selector":"& .bh-child","children":[]},{"kind":"CSSNestedDeclarations"}]}],"actual":{"count":1},"expected":{"count":3},"pass":false}
{"engine":"firefox","family":"lifecycle","id":"empty-groups","native":[{"kind":"CSSMediaRule","children":[]},{"kind":"CSSSupportsRule","children":[]},{"kind":"CSSLayerBlockRule","children":[]}],"actual":{"count":0},"expected":{"count":0},"pass":true}
{"engine":"firefox","family":"lifecycle","id":"repeated-layers","native":[{"kind":"CSSLayerBlockRule","children":[{"kind":"CSSStyleRule","selector":".bh-a","children":[]},{"kind":"CSSMediaRule","children":[{"kind":"CSSStyleRule","selector":".bh-b","children":[]}]}]},{"kind":"CSSLayerBlockRule","children":[{"kind":"CSSStyleRule","selector":".bh-c","children":[]}]},{"kind":"CSSSupportsRule","children":[{"kind":"CSSStyleRule","selector":".bh-d","children":[]}]}],"actual":{"count":0},"expected":{"count":4},"pass":false}
{"engine":"firefox","family":"lifecycle","id":"keyframes","native":[{"kind":"CSSKeyframesRule","children":[{"kind":"CSSKeyframeRule"},{"kind":"CSSKeyframeRule"}]}],"actual":{"count":2},"expected":{"count":2},"pass":true}
{"engine":"firefox","family":"lifecycle","id":"conditional-layer","native":[{"kind":"CSSMediaRule","children":[{"kind":"CSSLayerBlockRule","children":[{"kind":"CSSStyleRule","selector":".bh-inner","children":[]}]}]}],"actual":{"count":0},"expected":{"count":1},"pass":false}
{"engine":"firefox","family":"lifecycle","id":"statement-and-font","native":[{"kind":"CSSLayerStatementRule"},{"kind":"CSSFontFaceRule"}],"actual":{"count":2},"expected":{"count":2},"pass":true}
{"engine":"webkit","family":"delivery","id":"leaf","native":[{"kind":"CSSStyleRule","selector":".bh-leaf","children":[]}],"actual":{"count":0,"layers":{"CSSStyleRule":0},"layerCount":0,"missingSelectors":[]},"expected":{"count":1,"layers":{},"layerCount":0,"missingSelectors":[]},"pass":false}
{"engine":"webkit","family":"delivery","id":"empty-style","native":[{"kind":"CSSStyleRule","selector":".bh-empty","children":[]}],"actual":{"count":0,"layers":{"CSSStyleRule":0},"layerCount":0,"missingSelectors":[]},"expected":{"count":1,"layers":{},"layerCount":0,"missingSelectors":[]},"pass":false}
{"engine":"webkit","family":"delivery","id":"nested-style","native":[{"kind":"CSSLayerBlockRule","children":[{"kind":"CSSStyleRule","selector":".bh-parent","children":[{"kind":"CSSStyleRule","selector":"& .bh-child","children":[]}]}]}],"actual":{"count":0,"layers":{"utilities":1},"layerCount":1,"missingSelectors":[{"className":"","layer":"utilities","selectorText":"& .bh-child","text":""}]},"expected":{"count":2,"layers":{"utilities":1},"layerCount":1,"missingSelectors":[]},"pass":false}
{"engine":"webkit","family":"delivery","id":"nested-declarations","native":[{"kind":"CSSStyleRule","selector":".bh-parent","children":[{"kind":"CSSStyleRule","selector":"& .bh-child","children":[]},{"kind":"CSSNestedDeclarations"}]}],"actual":{"count":1,"layers":{"CSSStyleRule":2},"layerCount":2,"missingSelectors":[]},"expected":{"count":3,"layers":{},"layerCount":0,"missingSelectors":[]},"pass":false}
{"engine":"webkit","family":"delivery","id":"empty-groups","native":[{"kind":"CSSMediaRule","children":[]},{"kind":"CSSSupportsRule","children":[]},{"kind":"CSSLayerBlockRule","children":[]}],"actual":{"count":0,"layers":{"CSSMediaRule":0,"CSSSupportsRule":0,"utilities":0},"layerCount":0,"missingSelectors":[]},"expected":{"count":0,"layers":{"utilities":0},"layerCount":0,"missingSelectors":[]},"pass":false}
{"engine":"webkit","family":"delivery","id":"repeated-layers","native":[{"kind":"CSSLayerBlockRule","children":[{"kind":"CSSStyleRule","selector":".bh-a","children":[]},{"kind":"CSSMediaRule","children":[{"kind":"CSSStyleRule","selector":".bh-b","children":[]}]}]},{"kind":"CSSLayerBlockRule","children":[{"kind":"CSSStyleRule","selector":".bh-c","children":[]}]},{"kind":"CSSSupportsRule","children":[{"kind":"CSSStyleRule","selector":".bh-d","children":[]}]}],"actual":{"count":0,"layers":{"utilities":1,"CSSSupportsRule":1},"layerCount":4,"missingSelectors":[{"className":"","layer":"utilities","selectorText":".bh-a","text":""},{"className":"","layer":"utilities","selectorText":".bh-b","text":""}]},"expected":{"count":4,"layers":{"utilities":3},"layerCount":3,"missingSelectors":[]},"pass":false}
{"engine":"webkit","family":"delivery","id":"keyframes","native":[{"kind":"CSSKeyframesRule","children":[{"kind":"CSSKeyframeRule"},{"kind":"CSSKeyframeRule"}]}],"actual":{"count":2,"layers":{"utilities":2},"layerCount":2,"missingSelectors":[]},"expected":{"count":2,"layers":{},"layerCount":0,"missingSelectors":[]},"pass":false}
{"engine":"webkit","family":"delivery","id":"conditional-layer","native":[{"kind":"CSSMediaRule","children":[{"kind":"CSSLayerBlockRule","children":[{"kind":"CSSStyleRule","selector":".bh-inner","children":[]}]}]}],"actual":{"count":0,"layers":{"CSSMediaRule":1},"layerCount":1,"missingSelectors":[]},"expected":{"count":1,"layers":{},"layerCount":0,"missingSelectors":[]},"pass":false}
{"engine":"webkit","family":"delivery","id":"statement-and-font","native":[{"kind":"CSSLayerStatementRule"},{"kind":"CSSFontFaceRule"}],"actual":{"count":2,"layers":{},"layerCount":0,"missingSelectors":[]},"expected":{"count":2,"layers":{},"layerCount":0,"missingSelectors":[]},"pass":true}
{"engine":"webkit","family":"lifecycle","id":"leaf","native":[{"kind":"CSSStyleRule","selector":".bh-leaf","children":[]}],"actual":{"count":0},"expected":{"count":1},"pass":false}
{"engine":"webkit","family":"lifecycle","id":"empty-style","native":[{"kind":"CSSStyleRule","selector":".bh-empty","children":[]}],"actual":{"count":0},"expected":{"count":1},"pass":false}
{"engine":"webkit","family":"lifecycle","id":"nested-style","native":[{"kind":"CSSLayerBlockRule","children":[{"kind":"CSSStyleRule","selector":".bh-parent","children":[{"kind":"CSSStyleRule","selector":"& .bh-child","children":[]}]}]}],"actual":{"count":0},"expected":{"count":2},"pass":false}
{"engine":"webkit","family":"lifecycle","id":"nested-declarations","native":[{"kind":"CSSStyleRule","selector":".bh-parent","children":[{"kind":"CSSStyleRule","selector":"& .bh-child","children":[]},{"kind":"CSSNestedDeclarations"}]}],"actual":{"count":1},"expected":{"count":3},"pass":false}
{"engine":"webkit","family":"lifecycle","id":"empty-groups","native":[{"kind":"CSSMediaRule","children":[]},{"kind":"CSSSupportsRule","children":[]},{"kind":"CSSLayerBlockRule","children":[]}],"actual":{"count":0},"expected":{"count":0},"pass":true}
{"engine":"webkit","family":"lifecycle","id":"repeated-layers","native":[{"kind":"CSSLayerBlockRule","children":[{"kind":"CSSStyleRule","selector":".bh-a","children":[]},{"kind":"CSSMediaRule","children":[{"kind":"CSSStyleRule","selector":".bh-b","children":[]}]}]},{"kind":"CSSLayerBlockRule","children":[{"kind":"CSSStyleRule","selector":".bh-c","children":[]}]},{"kind":"CSSSupportsRule","children":[{"kind":"CSSStyleRule","selector":".bh-d","children":[]}]}],"actual":{"count":0},"expected":{"count":4},"pass":false}
{"engine":"webkit","family":"lifecycle","id":"keyframes","native":[{"kind":"CSSKeyframesRule","children":[{"kind":"CSSKeyframeRule"},{"kind":"CSSKeyframeRule"}]}],"actual":{"count":2},"expected":{"count":2},"pass":true}
{"engine":"webkit","family":"lifecycle","id":"conditional-layer","native":[{"kind":"CSSMediaRule","children":[{"kind":"CSSLayerBlockRule","children":[{"kind":"CSSStyleRule","selector":".bh-inner","children":[]}]}]}],"actual":{"count":0},"expected":{"count":1},"pass":false}
{"engine":"webkit","family":"lifecycle","id":"statement-and-font","native":[{"kind":"CSSLayerStatementRule"},{"kind":"CSSFontFaceRule"}],"actual":{"count":2},"expected":{"count":2},"pass":true}
node:internal/modules/run_main:107
    triggerUncaughtException(
    ^

AssertionError [ERR_ASSERTION]: Expected values to be strictly deep-equal:
+ actual - expected

+ [
+   {
+     actual: {
+       count: 0,
+       layerCount: 0,
+       layers: {
+         CSSStyleRule: 0
+       },
+       missingSelectors: []
+     },
+     engine: 'chromium',
+     expected: {
+       count: 1,
+       layerCount: 0,
+       layers: {},
+       missingSelectors: []
+     },
+     family: 'delivery',
+     id: 'leaf'
+   },
+   {
+     actual: {
+       count: 0,
+       layerCount: 0,
+       layers: {
+         CSSStyleRule: 0
+       },
+       missingSelectors: []
+     },
+     engine: 'chromium',
+     expected: {
+       count: 1,
+       layerCount: 0,
+       layers: {},
+       missingSelectors: []
+     },
+     family: 'delivery',
+     id: 'empty-style'
+   },
+   {
+     actual: {
+       count: 0,
+       layerCount: 1,
+       layers: {
+         utilities: 1
+       },
+       missingSelectors: [
+         {
+           className: '',
+           layer: 'utilities',
+           selectorText: '& .bh-child',
+           text: ''
+         }
+       ]
+     },
+     engine: 'chromium',
+     expected: {
+       count: 2,
+       layerCount: 1,
+       layers: {
+         utilities: 1
+       },
+       missingSelectors: []
+     },
+     family: 'delivery',
+     id: 'nested-style'
+   },
+   {
+     actual: {
+       count: 1,
+       layerCount: 2,
+       layers: {
+         CSSStyleRule: 2
+       },
+       missingSelectors: []
+     },
+     engine: 'chromium',
+     expected: {
+       count: 3,
+       layerCount: 0,
+       layers: {},
+       missingSelectors: []
+     },
+     family: 'delivery',
+     id: 'nested-declarations'
+   },
+   {
+     actual: {
+       count: 0,
+       layerCount: 0,
+       layers: {
+         CSSMediaRule: 0,
+         CSSSupportsRule: 0,
+         utilities: 0
+       },
+       missingSelectors: []
+     },
+     engine: 'chromium',
+     expected: {
+       count: 0,
+       layerCount: 0,
+       layers: {
+         utilities: 0
+       },
+       missingSelectors: []
+     },
+     family: 'delivery',
+     id: 'empty-groups'
+   },
+   {
+     actual: {
+       count: 0,
+       layerCount: 4,
+       layers: {
+         CSSSupportsRule: 1,
+         utilities: 1
+       },
+       missingSelectors: [
+         {
+           className: '',
+           layer: 'utilities',
+           selectorText: '.bh-a',
+           text: ''
+         },
+         {
+           className: '',
+           layer: 'utilities',
+           selectorText: '.bh-b',
+           text: ''
+         }
+       ]
+     },
+     engine: 'chromium',
+     expected: {
+       count: 4,
+       layerCount: 3,
+       layers: {
+         utilities: 3
+       },
+       missingSelectors: []
+     },
+     family: 'delivery',
+     id: 'repeated-layers'
+   },
+   {
+     actual: {
+       count: 2,
+       layerCount: 2,
+       layers: {
+         utilities: 2
+       },
+       missingSelectors: []
+     },
+     engine: 'chromium',
+     expected: {
+       count: 2,
+       layerCount: 0,
+       layers: {},
+       missingSelectors: []
+     },
+     family: 'delivery',
+     id: 'keyframes'
+   },
+   {
+     actual: {
+       count: 0,
+       layerCount: 1,
+       layers: {
+         CSSMediaRule: 1
+       },
+       missingSelectors: []
+     },
+     engine: 'chromium',
+     expected: {
+       count: 1,
+       layerCount: 0,
+       layers: {},
+       missingSelectors: []
+     },
+     family: 'delivery',
+     id: 'conditional-layer'
+   },
+   {
+     actual: {
+       count: 0
+     },
+     engine: 'chromium',
+     expected: {
+       count: 1
+     },
+     family: 'lifecycle',
+     id: 'leaf'
+   },
+   {
+     actual: {
+       count: 0
+     },
+     engine: 'chromium',
+     expected: {
+       count: 1
+     },
+     family: 'lifecycle',
+     id: 'empty-style'
+   },
+   {
+     actual: {
+       count: 0
+     },
+     engine: 'chromium',
+     expected: {
+       count: 2
+     },
+     family: 'lifecycle',
+     id: 'nested-style'
+   },
+   {
+     actual: {
+       count: 1
+     },
+     engine: 'chromium',
+     expected: {
+       count: 3
+     },
+     family: 'lifecycle',
+     id: 'nested-declarations'
+   },
+   {
+     actual: {
+       count: 0
+     },
+     engine: 'chromium',
+     expected: {
+       count: 4
+     },
+     family: 'lifecycle',
+     id: 'repeated-layers'
+   },
+   {
+     actual: {
+       count: 0
+     },
+     engine: 'chromium',
+     expected: {
+       count: 1
+     },
+     family: 'lifecycle',
+     id: 'conditional-layer'
+   },
+   {
+     actual: {
+       count: 0,
+       layerCount: 0,
+       layers: {
+         CSSStyleRule: 0
+       },
+       missingSelectors: []
+     },
+     engine: 'firefox',
+     expected: {
+       count: 1,
+       layerCount: 0,
+       layers: {},
+       missingSelectors: []
+     },
+     family: 'delivery',
+     id: 'leaf'
+   },
+   {
+     actual: {
+       count: 0,
+       layerCount: 0,
+       layers: {
+         CSSStyleRule: 0
+       },
+       missingSelectors: []
+     },
+     engine: 'firefox',
+     expected: {
+       count: 1,
+       layerCount: 0,
+       layers: {},
+       missingSelectors: []
+     },
+     family: 'delivery',
+     id: 'empty-style'
+   },
+   {
+     actual: {
+       count: 0,
+       layerCount: 1,
+       layers: {
+         utilities: 1
+       },
+       missingSelectors: [
+         {
+           className: '',
+           layer: 'utilities',
+           selectorText: '& .bh-child',
+           text: ''
+         }
+       ]
+     },
+     engine: 'firefox',
+     expected: {
+       count: 2,
+       layerCount: 1,
+       layers: {
+         utilities: 1
+       },
+       missingSelectors: []
+     },
+     family: 'delivery',
+     id: 'nested-style'
+   },
+   {
+     actual: {
+       count: 1,
+       layerCount: 2,
+       layers: {
+         CSSStyleRule: 2
+       },
+       missingSelectors: []
+     },
+     engine: 'firefox',
+     expected: {
+       count: 3,
+       layerCount: 0,
+       layers: {},
+       missingSelectors: []
+     },
+     family: 'delivery',
+     id: 'nested-declarations'
+   },
+   {
+     actual: {
+       count: 0,
+       layerCount: 0,
+       layers: {
+         CSSMediaRule: 0,
+         CSSSupportsRule: 0,
+         utilities: 0
+       },
+       missingSelectors: []
+     },
+     engine: 'firefox',
+     expected: {
+       count: 0,
+       layerCount: 0,
+       layers: {
+         utilities: 0
+       },
+       missingSelectors: []
+     },
+     family: 'delivery',
+     id: 'empty-groups'
+   },
+   {
+     actual: {
+       count: 0,
+       layerCount: 4,
+       layers: {
+         CSSSupportsRule: 1,
+         utilities: 1
+       },
+       missingSelectors: [
+         {
+           className: '',
+           layer: 'utilities',
+           selectorText: '.bh-a',
+           text: ''
+         },
+         {
+           className: '',
+           layer: 'utilities',
+           selectorText: '.bh-b',
+           text: ''
+         }
+       ]
+     },
+     engine: 'firefox',
+     expected: {
+       count: 4,
+       layerCount: 3,
+       layers: {
+         utilities: 3
+       },
+       missingSelectors: []
+     },
+     family: 'delivery',
+     id: 'repeated-layers'
+   },
+   {
+     actual: {
+       count: 2,
+       layerCount: 2,
+       layers: {
+         utilities: 2
+       },
+       missingSelectors: []
+     },
+     engine: 'firefox',
+     expected: {
+       count: 2,
+       layerCount: 0,
+       layers: {},
+       missingSelectors: []
+     },
+     family: 'delivery',
+     id: 'keyframes'
+   },
+   {
+     actual: {
+       count: 0,
+       layerCount: 1,
+       layers: {
+         CSSMediaRule: 1
+       },
+       missingSelectors: []
+     },
+     engine: 'firefox',
+     expected: {
+       count: 1,
+       layerCount: 0,
+       layers: {},
+       missingSelectors: []
+     },
+     family: 'delivery',
+     id: 'conditional-layer'
+   },
+   {
+     actual: {
+       count: 0
+     },
+     engine: 'firefox',
+     expected: {
+       count: 1
+     },
+     family: 'lifecycle',
+     id: 'leaf'
+   },
+   {
+     actual: {
+       count: 0
+     },
+     engine: 'firefox',
+     expected: {
+       count: 1
+     },
+     family: 'lifecycle',
+     id: 'empty-style'
+   },
+   {
+     actual: {
+       count: 0
+     },
+     engine: 'firefox',
+     expected: {
+       count: 2
+     },
+     family: 'lifecycle',
+     id: 'nested-style'
+   },
+   {
+     actual: {
+       count: 1
+     },
+     engine: 'firefox',
+     expected: {
+       count: 3
+     },
+     family: 'lifecycle',
+     id: 'nested-declarations'
+   },
+   {
+     actual: {
+       count: 0
+     },
+     engine: 'firefox',
+     expected: {
+       count: 4
+     },
+     family: 'lifecycle',
+     id: 'repeated-layers'
+   },
+   {
+     actual: {
+       count: 0
+     },
+     engine: 'firefox',
+     expected: {
+       count: 1
+     },
+     family: 'lifecycle',
+     id: 'conditional-layer'
+   },
+   {
+     actual: {
+       count: 0,
+       layerCount: 0,
+       layers: {
+         CSSStyleRule: 0
+       },
+       missingSelectors: []
+     },
+     engine: 'webkit',
+     expected: {
+       count: 1,
+       layerCount: 0,
+       layers: {},
+       missingSelectors: []
+     },
+     family: 'delivery',
+     id: 'leaf'
+   },
+   {
+     actual: {
+       count: 0,
+       layerCount: 0,
+       layers: {
+         CSSStyleRule: 0
+       },
+       missingSelectors: []
+     },
+     engine: 'webkit',
+     expected: {
+       count: 1,
+       layerCount: 0,
+       layers: {},
+       missingSelectors: []
+     },
+     family: 'delivery',
+     id: 'empty-style'
+   },
+   {
+     actual: {
+       count: 0,
+       layerCount: 1,
+       layers: {
+         utilities: 1
+       },
+       missingSelectors: [
+         {
+           className: '',
+           layer: 'utilities',
+           selectorText: '& .bh-child',
+           text: ''
+         }
+       ]
+     },
+     engine: 'webkit',
+     expected: {
+       count: 2,
+       layerCount: 1,
+       layers: {
+         utilities: 1
+       },
+       missingSelectors: []
+     },
+     family: 'delivery',
+     id: 'nested-style'
+   },
+   {
+     actual: {
+       count: 1,
+       layerCount: 2,
+       layers: {
+         CSSStyleRule: 2
+       },
+       missingSelectors: []
+     },
+     engine: 'webkit',
+     expected: {
+       count: 3,
+       layerCount: 0,
+       layers: {},
+       missingSelectors: []
+     },
+     family: 'delivery',
+     id: 'nested-declarations'
+   },
+   {
+     actual: {
+       count: 0,
+       layerCount: 0,
+       layers: {
+         CSSMediaRule: 0,
+         CSSSupportsRule: 0,
+         utilities: 0
+       },
+       missingSelectors: []
+     },
+     engine: 'webkit',
+     expected: {
+       count: 0,
+       layerCount: 0,
+       layers: {
+         utilities: 0
+       },
+       missingSelectors: []
+     },
+     family: 'delivery',
+     id: 'empty-groups'
+   },
+   {
+     actual: {
+       count: 0,
+       layerCount: 4,
+       layers: {
+         CSSSupportsRule: 1,
+         utilities: 1
+       },
+       missingSelectors: [
+         {
+           className: '',
+           layer: 'utilities',
+           selectorText: '.bh-a',
+           text: ''
+         },
+         {
+           className: '',
+           layer: 'utilities',
+           selectorText: '.bh-b',
+           text: ''
+         }
+       ]
+     },
+     engine: 'webkit',
+     expected: {
+       count: 4,
+       layerCount: 3,
+       layers: {
+         utilities: 3
+       },
+       missingSelectors: []
+     },
+     family: 'delivery',
+     id: 'repeated-layers'
+   },
+   {
+     actual: {
+       count: 2,
+       layerCount: 2,
+       layers: {
+         utilities: 2
+       },
+       missingSelectors: []
+     },
+     engine: 'webkit',
+     expected: {
+       count: 2,
+       layerCount: 0,
+       layers: {},
+       missingSelectors: []
+     },
+     family: 'delivery',
+     id: 'keyframes'
+   },
+   {
+     actual: {
+       count: 0,
+       layerCount: 1,
+       layers: {
+         CSSMediaRule: 1
+       },
+       missingSelectors: []
+     },
+     engine: 'webkit',
+     expected: {
+       count: 1,
+       layerCount: 0,
+       layers: {},
+       missingSelectors: []
+     },
+     family: 'delivery',
+     id: 'conditional-layer'
+   },
+   {
+     actual: {
+       count: 0
+     },
+     engine: 'webkit',
+     expected: {
+       count: 1
+     },
+     family: 'lifecycle',
+     id: 'leaf'
+   },
+   {
+     actual: {
+       count: 0
+     },
+     engine: 'webkit',
+     expected: {
+       count: 1
+     },
+     family: 'lifecycle',
+     id: 'empty-style'
+   },
+   {
+     actual: {
+       count: 0
+     },
+     engine: 'webkit',
+     expected: {
+       count: 2
+     },
+     family: 'lifecycle',
+     id: 'nested-style'
+   },
+   {
+     actual: {
+       count: 1
+     },
+     engine: 'webkit',
+     expected: {
+       count: 3
+     },
+     family: 'lifecycle',
+     id: 'nested-declarations'
+   },
+   {
+     actual: {
+       count: 0
+     },
+     engine: 'webkit',
+     expected: {
+       count: 4
+     },
+     family: 'lifecycle',
+     id: 'repeated-layers'
+   },
+   {
+     actual: {
+       count: 0
+     },
+     engine: 'webkit',
+     expected: {
+       count: 1
+     },
+     family: 'lifecycle',
+     id: 'conditional-layer'
+   }
+ ]
- []

    at <anonymous> (/Users/aron/master/css/.ai/audits/bug-hunt/repros/benchmark-cssom-traversal.mjs:68:10) {
  generatedMessage: true,
  code: 'ERR_ASSERTION',
  actual: [
    {
      engine: 'chromium',
      family: 'delivery',
      id: 'leaf',
      actual: {
        count: 0,
        layers: { CSSStyleRule: 0 },
        layerCount: 0,
        missingSelectors: []
      },
      expected: { count: 1, layers: {}, layerCount: 0, missingSelectors: [] }
    },
    {
      engine: 'chromium',
      family: 'delivery',
      id: 'empty-style',
      actual: {
        count: 0,
        layers: { CSSStyleRule: 0 },
        layerCount: 0,
        missingSelectors: []
      },
      expected: { count: 1, layers: {}, layerCount: 0, missingSelectors: [] }
    },
    {
      engine: 'chromium',
      family: 'delivery',
      id: 'nested-style',
      actual: {
        count: 0,
        layers: { utilities: 1 },
        layerCount: 1,
        missingSelectors: [
          {
            className: '',
            layer: 'utilities',
            selectorText: '& .bh-child',
            text: ''
          }
        ]
      },
      expected: {
        count: 2,
        layers: { utilities: 1 },
        layerCount: 1,
        missingSelectors: []
      }
    },
    {
      engine: 'chromium',
      family: 'delivery',
      id: 'nested-declarations',
      actual: {
        count: 1,
        layers: { CSSStyleRule: 2 },
        layerCount: 2,
        missingSelectors: []
      },
      expected: { count: 3, layers: {}, layerCount: 0, missingSelectors: [] }
    },
    {
      engine: 'chromium',
      family: 'delivery',
      id: 'empty-groups',
      actual: {
        count: 0,
        layers: { CSSMediaRule: 0, CSSSupportsRule: 0, utilities: 0 },
        layerCount: 0,
        missingSelectors: []
      },
      expected: {
        count: 0,
        layers: { utilities: 0 },
        layerCount: 0,
        missingSelectors: []
      }
    },
    {
      engine: 'chromium',
      family: 'delivery',
      id: 'repeated-layers',
      actual: {
        count: 0,
        layers: { utilities: 1, CSSSupportsRule: 1 },
        layerCount: 4,
        missingSelectors: [
          {
            className: '',
            layer: 'utilities',
            selectorText: '.bh-a',
            text: ''
          },
          {
            className: '',
            layer: 'utilities',
            selectorText: '.bh-b',
            text: ''
          }
        ]
      },
      expected: {
        count: 4,
        layers: { utilities: 3 },
        layerCount: 3,
        missingSelectors: []
      }
    },
    {
      engine: 'chromium',
      family: 'delivery',
      id: 'keyframes',
      actual: {
        count: 2,
        layers: { utilities: 2 },
        layerCount: 2,
        missingSelectors: []
      },
      expected: { count: 2, layers: {}, layerCount: 0, missingSelectors: [] }
    },
    {
      engine: 'chromium',
      family: 'delivery',
      id: 'conditional-layer',
      actual: {
        count: 0,
        layers: { CSSMediaRule: 1 },
        layerCount: 1,
        missingSelectors: []
      },
      expected: { count: 1, layers: {}, layerCount: 0, missingSelectors: [] }
    },
    {
      engine: 'chromium',
      family: 'lifecycle',
      id: 'leaf',
      actual: { count: 0 },
      expected: { count: 1 }
    },
    {
      engine: 'chromium',
      family: 'lifecycle',
      id: 'empty-style',
      actual: { count: 0 },
      expected: { count: 1 }
    },
    {
      engine: 'chromium',
      family: 'lifecycle',
      id: 'nested-style',
      actual: { count: 0 },
      expected: { count: 2 }
    },
    {
      engine: 'chromium',
      family: 'lifecycle',
      id: 'nested-declarations',
      actual: { count: 1 },
      expected: { count: 3 }
    },
    {
      engine: 'chromium',
      family: 'lifecycle',
      id: 'repeated-layers',
      actual: { count: 0 },
      expected: { count: 4 }
    },
    {
      engine: 'chromium',
      family: 'lifecycle',
      id: 'conditional-layer',
      actual: { count: 0 },
      expected: { count: 1 }
    },
    {
      engine: 'firefox',
      family: 'delivery',
      id: 'leaf',
      actual: {
        count: 0,
        layers: { CSSStyleRule: 0 },
        layerCount: 0,
        missingSelectors: []
      },
      expected: { count: 1, layers: {}, layerCount: 0, missingSelectors: [] }
    },
    {
      engine: 'firefox',
      family: 'delivery',
      id: 'empty-style',
      actual: {
        count: 0,
        layers: { CSSStyleRule: 0 },
        layerCount: 0,
        missingSelectors: []
      },
      expected: { count: 1, layers: {}, layerCount: 0, missingSelectors: [] }
    },
    {
      engine: 'firefox',
      family: 'delivery',
      id: 'nested-style',
      actual: {
        count: 0,
        layers: { utilities: 1 },
        layerCount: 1,
        missingSelectors: [
          {
            className: '',
            layer: 'utilities',
            selectorText: '& .bh-child',
            text: ''
          }
        ]
      },
      expected: {
        count: 2,
        layers: { utilities: 1 },
        layerCount: 1,
        missingSelectors: []
      }
    },
    {
      engine: 'firefox',
      family: 'delivery',
      id: 'nested-declarations',
      actual: {
        count: 1,
        layers: { CSSStyleRule: 2 },
        layerCount: 2,
        missingSelectors: []
      },
      expected: { count: 3, layers: {}, layerCount: 0, missingSelectors: [] }
    },
    {
      engine: 'firefox',
      family: 'delivery',
      id: 'empty-groups',
      actual: {
        count: 0,
        layers: { CSSMediaRule: 0, CSSSupportsRule: 0, utilities: 0 },
        layerCount: 0,
        missingSelectors: []
      },
      expected: {
        count: 0,
        layers: { utilities: 0 },
        layerCount: 0,
        missingSelectors: []
      }
    },
    {
      engine: 'firefox',
      family: 'delivery',
      id: 'repeated-layers',
      actual: {
        count: 0,
        layers: { utilities: 1, CSSSupportsRule: 1 },
        layerCount: 4,
        missingSelectors: [
          {
            className: '',
            layer: 'utilities',
            selectorText: '.bh-a',
            text: ''
          },
          {
            className: '',
            layer: 'utilities',
            selectorText: '.bh-b',
            text: ''
          }
        ]
      },
      expected: {
        count: 4,
        layers: { utilities: 3 },
        layerCount: 3,
        missingSelectors: []
      }
    },
    {
      engine: 'firefox',
      family: 'delivery',
      id: 'keyframes',
      actual: {
        count: 2,
        layers: { utilities: 2 },
        layerCount: 2,
        missingSelectors: []
      },
      expected: { count: 2, layers: {}, layerCount: 0, missingSelectors: [] }
    },
    {
      engine: 'firefox',
      family: 'delivery',
      id: 'conditional-layer',
      actual: {
        count: 0,
        layers: { CSSMediaRule: 1 },
        layerCount: 1,
        missingSelectors: []
      },
      expected: { count: 1, layers: {}, layerCount: 0, missingSelectors: [] }
    },
    {
      engine: 'firefox',
      family: 'lifecycle',
      id: 'leaf',
      actual: { count: 0 },
      expected: { count: 1 }
    },
    {
      engine: 'firefox',
      family: 'lifecycle',
      id: 'empty-style',
      actual: { count: 0 },
      expected: { count: 1 }
    },
    {
      engine: 'firefox',
      family: 'lifecycle',
      id: 'nested-style',
      actual: { count: 0 },
      expected: { count: 2 }
    },
    {
      engine: 'firefox',
      family: 'lifecycle',
      id: 'nested-declarations',
      actual: { count: 1 },
      expected: { count: 3 }
    },
    {
      engine: 'firefox',
      family: 'lifecycle',
      id: 'repeated-layers',
      actual: { count: 0 },
      expected: { count: 4 }
    },
    {
      engine: 'firefox',
      family: 'lifecycle',
      id: 'conditional-layer',
      actual: { count: 0 },
      expected: { count: 1 }
    },
    {
      engine: 'webkit',
      family: 'delivery',
      id: 'leaf',
      actual: {
        count: 0,
        layers: { CSSStyleRule: 0 },
        layerCount: 0,
        missingSelectors: []
      },
      expected: { count: 1, layers: {}, layerCount: 0, missingSelectors: [] }
    },
    {
      engine: 'webkit',
      family: 'delivery',
      id: 'empty-style',
      actual: {
        count: 0,
        layers: { CSSStyleRule: 0 },
        layerCount: 0,
        missingSelectors: []
      },
      expected: { count: 1, layers: {}, layerCount: 0, missingSelectors: [] }
    },
    {
      engine: 'webkit',
      family: 'delivery',
      id: 'nested-style',
      actual: {
        count: 0,
        layers: { utilities: 1 },
        layerCount: 1,
        missingSelectors: [
          {
            className: '',
            layer: 'utilities',
            selectorText: '& .bh-child',
            text: ''
          }
        ]
      },
      expected: {
        count: 2,
        layers: { utilities: 1 },
        layerCount: 1,
        missingSelectors: []
      }
    },
    {
      engine: 'webkit',
      family: 'delivery',
      id: 'nested-declarations',
      actual: {
        count: 1,
        layers: { CSSStyleRule: 2 },
        layerCount: 2,
        missingSelectors: []
      },
      expected: { count: 3, layers: {}, layerCount: 0, missingSelectors: [] }
    },
    {
      engine: 'webkit',
      family: 'delivery',
      id: 'empty-groups',
      actual: {
        count: 0,
        layers: { CSSMediaRule: 0, CSSSupportsRule: 0, utilities: 0 },
        layerCount: 0,
        missingSelectors: []
      },
      expected: {
        count: 0,
        layers: { utilities: 0 },
        layerCount: 0,
        missingSelectors: []
      }
    },
    {
      engine: 'webkit',
      family: 'delivery',
      id: 'repeated-layers',
      actual: {
        count: 0,
        layers: { utilities: 1, CSSSupportsRule: 1 },
        layerCount: 4,
        missingSelectors: [
          {
            className: '',
            layer: 'utilities',
            selectorText: '.bh-a',
            text: ''
          },
          {
            className: '',
            layer: 'utilities',
            selectorText: '.bh-b',
            text: ''
          }
        ]
      },
      expected: {
        count: 4,
        layers: { utilities: 3 },
        layerCount: 3,
        missingSelectors: []
      }
    },
    {
      engine: 'webkit',
      family: 'delivery',
      id: 'keyframes',
      actual: {
        count: 2,
        layers: { utilities: 2 },
        layerCount: 2,
        missingSelectors: []
      },
      expected: { count: 2, layers: {}, layerCount: 0, missingSelectors: [] }
    },
    {
      engine: 'webkit',
      family: 'delivery',
      id: 'conditional-layer',
      actual: {
        count: 0,
        layers: { CSSMediaRule: 1 },
        layerCount: 1,
        missingSelectors: []
      },
      expected: { count: 1, layers: {}, layerCount: 0, missingSelectors: [] }
    },
    {
      engine: 'webkit',
      family: 'lifecycle',
      id: 'leaf',
      actual: { count: 0 },
      expected: { count: 1 }
    },
    {
      engine: 'webkit',
      family: 'lifecycle',
      id: 'empty-style',
      actual: { count: 0 },
      expected: { count: 1 }
    },
    {
      engine: 'webkit',
      family: 'lifecycle',
      id: 'nested-style',
      actual: { count: 0 },
      expected: { count: 2 }
    },
    {
      engine: 'webkit',
      family: 'lifecycle',
      id: 'nested-declarations',
      actual: { count: 1 },
      expected: { count: 3 }
    },
    {
      engine: 'webkit',
      family: 'lifecycle',
      id: 'repeated-layers',
      actual: { count: 0 },
      expected: { count: 4 }
    },
    {
      engine: 'webkit',
      family: 'lifecycle',
      id: 'conditional-layer',
      actual: { count: 0 },
      expected: { count: 1 }
    }
  ],
  expected: [],
  operator: 'deepStrictEqual',
  diff: 'simple'
}

Node.js v24.20.0
{"exit_code": 1, "cleanup": "/Users/aron/master/css/tmp/master-css-bh-isolated-20u85mwy"}
