{"cwd": "/Users/aron/master/css/tmp/master-css-bh-isolated-0qylvmgr/benchmarks", "command": ["node", "/Users/aron/master/css/scripts/with-typescript-tooling-compat.mjs", "node", "--import", "tsx", "/Users/aron/master/css/.ai/audits/bug-hunt/repros/benchmark-style-other-scenarios.mjs"]}
{"engine":"chromium","modeId":"master-static","scenarioId":"dom-append-remove","disabled":false,"before":{"initialAlignment":"center","alignment":"center"},"after":{"alignment":"center","scratchChildren":0},"computedStyleValid":1,"cleanupValid":1,"details":{"affectedElementCount":48,"computedStyleValid":true,"cleanupValid":true,"appendedCount":48},"pass":true}
{"engine":"chromium","modeId":"master-static","scenarioId":"dom-append-remove","disabled":true,"before":{"initialAlignment":"center","alignment":"start"},"after":{"alignment":"start","scratchChildren":0},"computedStyleValid":1,"cleanupValid":1,"details":{"affectedElementCount":48,"computedStyleValid":true,"cleanupValid":true,"appendedCount":48},"pass":false}
{"engine":"chromium","modeId":"master-static","scenarioId":"viewport-resize","disabled":false,"before":{"initialAlignment":"center","alignment":"center"},"after":{"alignment":"center","scratchChildren":0},"computedStyleValid":1,"cleanupValid":1,"details":{"affectedElementCount":64,"computedStyleValid":true,"cleanupValid":true,"beforeWidth":1180,"resizedWidth":872},"pass":true}
{"engine":"chromium","modeId":"master-static","scenarioId":"viewport-resize","disabled":true,"before":{"initialAlignment":"center","alignment":"start"},"after":{"alignment":"start","scratchChildren":0},"computedStyleValid":1,"cleanupValid":1,"details":{"affectedElementCount":64,"computedStyleValid":true,"cleanupValid":true,"beforeWidth":1264,"resizedWidth":904},"pass":false}
{"engine":"chromium","modeId":"tailwind-static","scenarioId":"dom-append-remove","disabled":false,"before":{"initialAlignment":"center","alignment":"center"},"after":{"alignment":"center","scratchChildren":0},"computedStyleValid":1,"cleanupValid":1,"details":{"affectedElementCount":48,"computedStyleValid":true,"cleanupValid":true,"appendedCount":48},"pass":true}
{"engine":"chromium","modeId":"tailwind-static","scenarioId":"dom-append-remove","disabled":true,"before":{"initialAlignment":"center","alignment":"start"},"after":{"alignment":"start","scratchChildren":0},"computedStyleValid":1,"cleanupValid":1,"details":{"affectedElementCount":48,"computedStyleValid":true,"cleanupValid":true,"appendedCount":48},"pass":false}
{"engine":"chromium","modeId":"tailwind-static","scenarioId":"viewport-resize","disabled":false,"before":{"initialAlignment":"center","alignment":"center"},"after":{"alignment":"center","scratchChildren":0},"computedStyleValid":1,"cleanupValid":1,"details":{"affectedElementCount":64,"computedStyleValid":true,"cleanupValid":true,"beforeWidth":1232,"resizedWidth":872},"pass":true}
{"engine":"chromium","modeId":"tailwind-static","scenarioId":"viewport-resize","disabled":true,"before":{"initialAlignment":"center","alignment":"start"},"after":{"alignment":"start","scratchChildren":0},"computedStyleValid":1,"cleanupValid":1,"details":{"affectedElementCount":64,"computedStyleValid":true,"cleanupValid":true,"beforeWidth":1264,"resizedWidth":904},"pass":false}
{"engine":"chromium","modeId":"master-runtime","scenarioId":"dom-append-remove","disabled":false,"before":{"initialAlignment":"center","alignment":"center"},"after":{"alignment":"center","scratchChildren":0},"computedStyleValid":1,"cleanupValid":1,"details":{"affectedElementCount":48,"computedStyleValid":true,"cleanupValid":true,"appendedCount":48},"pass":true}
{"engine":"chromium","modeId":"master-runtime","scenarioId":"dom-append-remove","disabled":true,"before":{"initialAlignment":"center","alignment":"start"},"after":{"alignment":"start","scratchChildren":0},"computedStyleValid":1,"cleanupValid":1,"details":{"affectedElementCount":48,"computedStyleValid":true,"cleanupValid":true,"appendedCount":48},"pass":false}
{"engine":"chromium","modeId":"master-runtime","scenarioId":"viewport-resize","disabled":false,"before":{"initialAlignment":"center","alignment":"center"},"after":{"alignment":"center","scratchChildren":0},"computedStyleValid":1,"cleanupValid":1,"details":{"affectedElementCount":64,"computedStyleValid":true,"cleanupValid":true,"beforeWidth":1180,"resizedWidth":872},"pass":true}
{"engine":"chromium","modeId":"master-runtime","scenarioId":"viewport-resize","disabled":true,"before":{"initialAlignment":"center","alignment":"start"},"after":{"alignment":"start","scratchChildren":0},"computedStyleValid":1,"cleanupValid":1,"details":{"affectedElementCount":64,"computedStyleValid":true,"cleanupValid":true,"beforeWidth":1264,"resizedWidth":904},"pass":false}
{"engine":"chromium","modeId":"master-progressive","scenarioId":"dom-append-remove","disabled":false,"before":{"initialAlignment":"center","alignment":"center"},"after":{"alignment":"center","scratchChildren":0},"computedStyleValid":1,"cleanupValid":1,"details":{"affectedElementCount":48,"computedStyleValid":true,"cleanupValid":true,"appendedCount":48},"pass":true}
{"engine":"chromium","modeId":"master-progressive","scenarioId":"dom-append-remove","disabled":true,"before":{"initialAlignment":"center","alignment":"start"},"after":{"alignment":"start","scratchChildren":0},"computedStyleValid":1,"cleanupValid":1,"details":{"affectedElementCount":48,"computedStyleValid":true,"cleanupValid":true,"appendedCount":48},"pass":false}
{"engine":"chromium","modeId":"master-progressive","scenarioId":"viewport-resize","disabled":false,"before":{"initialAlignment":"center","alignment":"center"},"after":{"alignment":"center","scratchChildren":0},"computedStyleValid":1,"cleanupValid":1,"details":{"affectedElementCount":64,"computedStyleValid":true,"cleanupValid":true,"beforeWidth":1180,"resizedWidth":872},"pass":true}
{"engine":"chromium","modeId":"master-progressive","scenarioId":"viewport-resize","disabled":true,"before":{"initialAlignment":"center","alignment":"start"},"after":{"alignment":"start","scratchChildren":0},"computedStyleValid":1,"cleanupValid":1,"details":{"affectedElementCount":64,"computedStyleValid":true,"cleanupValid":true,"beforeWidth":1264,"resizedWidth":904},"pass":false}
{"engine":"firefox","modeId":"master-static","scenarioId":"dom-append-remove","disabled":false,"before":{"initialAlignment":"center","alignment":"center"},"after":{"alignment":"center","scratchChildren":0},"computedStyleValid":1,"cleanupValid":1,"details":{"affectedElementCount":48,"computedStyleValid":true,"cleanupValid":true,"appendedCount":48},"pass":true}
{"engine":"firefox","modeId":"master-static","scenarioId":"dom-append-remove","disabled":true,"before":{"initialAlignment":"center","alignment":"start"},"after":{"alignment":"start","scratchChildren":0},"computedStyleValid":1,"cleanupValid":1,"details":{"affectedElementCount":48,"computedStyleValid":true,"cleanupValid":true,"appendedCount":48},"pass":false}
{"engine":"firefox","modeId":"master-static","scenarioId":"viewport-resize","disabled":false,"before":{"initialAlignment":"center","alignment":"center"},"after":{"alignment":"center","scratchChildren":0},"computedStyleValid":1,"cleanupValid":1,"details":{"affectedElementCount":64,"computedStyleValid":true,"cleanupValid":true,"beforeWidth":1180,"resizedWidth":872},"pass":true}
{"engine":"firefox","modeId":"master-static","scenarioId":"viewport-resize","disabled":true,"before":{"initialAlignment":"center","alignment":"start"},"after":{"alignment":"start","scratchChildren":0},"computedStyleValid":1,"cleanupValid":1,"details":{"affectedElementCount":64,"computedStyleValid":true,"cleanupValid":true,"beforeWidth":1264,"resizedWidth":904},"pass":false}
{"engine":"firefox","modeId":"tailwind-static","scenarioId":"dom-append-remove","disabled":false,"before":{"initialAlignment":"center","alignment":"center"},"after":{"alignment":"center","scratchChildren":0},"computedStyleValid":1,"cleanupValid":1,"details":{"affectedElementCount":48,"computedStyleValid":true,"cleanupValid":true,"appendedCount":48},"pass":true}
{"engine":"firefox","modeId":"tailwind-static","scenarioId":"dom-append-remove","disabled":true,"before":{"initialAlignment":"center","alignment":"start"},"after":{"alignment":"start","scratchChildren":0},"computedStyleValid":1,"cleanupValid":1,"details":{"affectedElementCount":48,"computedStyleValid":true,"cleanupValid":true,"appendedCount":48},"pass":false}
{"engine":"firefox","modeId":"tailwind-static","scenarioId":"viewport-resize","disabled":false,"before":{"initialAlignment":"center","alignment":"center"},"after":{"alignment":"center","scratchChildren":0},"computedStyleValid":1,"cleanupValid":1,"details":{"affectedElementCount":64,"computedStyleValid":true,"cleanupValid":true,"beforeWidth":1232,"resizedWidth":872},"pass":true}
{"engine":"firefox","modeId":"tailwind-static","scenarioId":"viewport-resize","disabled":true,"before":{"initialAlignment":"center","alignment":"start"},"after":{"alignment":"start","scratchChildren":0},"computedStyleValid":1,"cleanupValid":1,"details":{"affectedElementCount":64,"computedStyleValid":true,"cleanupValid":true,"beforeWidth":1264,"resizedWidth":904},"pass":false}
{"engine":"firefox","modeId":"master-runtime","scenarioId":"dom-append-remove","disabled":false,"before":{"initialAlignment":"center","alignment":"center"},"after":{"alignment":"center","scratchChildren":0},"computedStyleValid":1,"cleanupValid":1,"details":{"affectedElementCount":48,"computedStyleValid":true,"cleanupValid":true,"appendedCount":48},"pass":true}
{"engine":"firefox","modeId":"master-runtime","scenarioId":"dom-append-remove","disabled":true,"before":{"initialAlignment":"center","alignment":"start"},"after":{"alignment":"start","scratchChildren":0},"computedStyleValid":1,"cleanupValid":1,"details":{"affectedElementCount":48,"computedStyleValid":true,"cleanupValid":true,"appendedCount":48},"pass":false}
{"engine":"firefox","modeId":"master-runtime","scenarioId":"viewport-resize","disabled":false,"before":{"initialAlignment":"center","alignment":"center"},"after":{"alignment":"center","scratchChildren":0},"computedStyleValid":1,"cleanupValid":1,"details":{"affectedElementCount":64,"computedStyleValid":true,"cleanupValid":true,"beforeWidth":1180,"resizedWidth":872},"pass":true}
{"engine":"firefox","modeId":"master-runtime","scenarioId":"viewport-resize","disabled":true,"before":{"initialAlignment":"center","alignment":"start"},"after":{"alignment":"start","scratchChildren":0},"computedStyleValid":1,"cleanupValid":1,"details":{"affectedElementCount":64,"computedStyleValid":true,"cleanupValid":true,"beforeWidth":1264,"resizedWidth":904},"pass":false}
{"engine":"firefox","modeId":"master-progressive","scenarioId":"dom-append-remove","disabled":false,"before":{"initialAlignment":"center","alignment":"center"},"after":{"alignment":"center","scratchChildren":0},"computedStyleValid":1,"cleanupValid":1,"details":{"affectedElementCount":48,"computedStyleValid":true,"cleanupValid":true,"appendedCount":48},"pass":true}
{"engine":"firefox","modeId":"master-progressive","scenarioId":"dom-append-remove","disabled":true,"before":{"initialAlignment":"center","alignment":"start"},"after":{"alignment":"start","scratchChildren":0},"computedStyleValid":1,"cleanupValid":1,"details":{"affectedElementCount":48,"computedStyleValid":true,"cleanupValid":true,"appendedCount":48},"pass":false}
{"engine":"firefox","modeId":"master-progressive","scenarioId":"viewport-resize","disabled":false,"before":{"initialAlignment":"center","alignment":"center"},"after":{"alignment":"center","scratchChildren":0},"computedStyleValid":1,"cleanupValid":1,"details":{"affectedElementCount":64,"computedStyleValid":true,"cleanupValid":true,"beforeWidth":1180,"resizedWidth":872},"pass":true}
{"engine":"firefox","modeId":"master-progressive","scenarioId":"viewport-resize","disabled":true,"before":{"initialAlignment":"center","alignment":"start"},"after":{"alignment":"start","scratchChildren":0},"computedStyleValid":1,"cleanupValid":1,"details":{"affectedElementCount":64,"computedStyleValid":true,"cleanupValid":true,"beforeWidth":1264,"resizedWidth":904},"pass":false}
{"engine":"webkit","modeId":"master-static","scenarioId":"dom-append-remove","disabled":false,"before":{"initialAlignment":"center","alignment":"center"},"after":{"alignment":"center","scratchChildren":0},"computedStyleValid":1,"cleanupValid":1,"details":{"affectedElementCount":48,"computedStyleValid":true,"cleanupValid":true,"appendedCount":48},"pass":true}
{"engine":"webkit","modeId":"master-static","scenarioId":"dom-append-remove","disabled":true,"before":{"initialAlignment":"center","alignment":"start"},"after":{"alignment":"start","scratchChildren":0},"computedStyleValid":1,"cleanupValid":1,"details":{"affectedElementCount":48,"computedStyleValid":true,"cleanupValid":true,"appendedCount":48},"pass":false}
{"engine":"webkit","modeId":"master-static","scenarioId":"viewport-resize","disabled":false,"before":{"initialAlignment":"center","alignment":"center"},"after":{"alignment":"center","scratchChildren":0},"computedStyleValid":1,"cleanupValid":1,"details":{"affectedElementCount":64,"computedStyleValid":true,"cleanupValid":true,"beforeWidth":1180,"resizedWidth":872},"pass":true}
{"engine":"webkit","modeId":"master-static","scenarioId":"viewport-resize","disabled":true,"before":{"initialAlignment":"center","alignment":"start"},"after":{"alignment":"start","scratchChildren":0},"computedStyleValid":1,"cleanupValid":1,"details":{"affectedElementCount":64,"computedStyleValid":true,"cleanupValid":true,"beforeWidth":1264,"resizedWidth":904},"pass":false}
{"engine":"webkit","modeId":"tailwind-static","scenarioId":"dom-append-remove","disabled":false,"before":{"initialAlignment":"center","alignment":"center"},"after":{"alignment":"center","scratchChildren":0},"computedStyleValid":1,"cleanupValid":1,"details":{"affectedElementCount":48,"computedStyleValid":true,"cleanupValid":true,"appendedCount":48},"pass":true}
{"engine":"webkit","modeId":"tailwind-static","scenarioId":"dom-append-remove","disabled":true,"before":{"initialAlignment":"center","alignment":"start"},"after":{"alignment":"start","scratchChildren":0},"computedStyleValid":1,"cleanupValid":1,"details":{"affectedElementCount":48,"computedStyleValid":true,"cleanupValid":true,"appendedCount":48},"pass":false}
{"engine":"webkit","modeId":"tailwind-static","scenarioId":"viewport-resize","disabled":false,"before":{"initialAlignment":"center","alignment":"center"},"after":{"alignment":"center","scratchChildren":0},"computedStyleValid":1,"cleanupValid":1,"details":{"affectedElementCount":64,"computedStyleValid":true,"cleanupValid":true,"beforeWidth":1232,"resizedWidth":872},"pass":true}
{"engine":"webkit","modeId":"tailwind-static","scenarioId":"viewport-resize","disabled":true,"before":{"initialAlignment":"center","alignment":"start"},"after":{"alignment":"start","scratchChildren":0},"computedStyleValid":1,"cleanupValid":1,"details":{"affectedElementCount":64,"computedStyleValid":true,"cleanupValid":true,"beforeWidth":1264,"resizedWidth":904},"pass":false}
{"engine":"webkit","modeId":"master-runtime","scenarioId":"dom-append-remove","disabled":false,"before":{"initialAlignment":"center","alignment":"center"},"after":{"alignment":"center","scratchChildren":0},"computedStyleValid":1,"cleanupValid":1,"details":{"affectedElementCount":48,"computedStyleValid":true,"cleanupValid":true,"appendedCount":48},"pass":true}
{"engine":"webkit","modeId":"master-runtime","scenarioId":"dom-append-remove","disabled":true,"before":{"initialAlignment":"center","alignment":"start"},"after":{"alignment":"start","scratchChildren":0},"computedStyleValid":1,"cleanupValid":1,"details":{"affectedElementCount":48,"computedStyleValid":true,"cleanupValid":true,"appendedCount":48},"pass":false}
{"engine":"webkit","modeId":"master-runtime","scenarioId":"viewport-resize","disabled":false,"before":{"initialAlignment":"center","alignment":"center"},"after":{"alignment":"center","scratchChildren":0},"computedStyleValid":1,"cleanupValid":1,"details":{"affectedElementCount":64,"computedStyleValid":true,"cleanupValid":true,"beforeWidth":1180,"resizedWidth":872},"pass":true}
{"engine":"webkit","modeId":"master-runtime","scenarioId":"viewport-resize","disabled":true,"before":{"initialAlignment":"center","alignment":"start"},"after":{"alignment":"start","scratchChildren":0},"computedStyleValid":1,"cleanupValid":1,"details":{"affectedElementCount":64,"computedStyleValid":true,"cleanupValid":true,"beforeWidth":1264,"resizedWidth":904},"pass":false}
{"engine":"webkit","modeId":"master-progressive","scenarioId":"dom-append-remove","disabled":false,"before":{"initialAlignment":"center","alignment":"center"},"after":{"alignment":"center","scratchChildren":0},"computedStyleValid":1,"cleanupValid":1,"details":{"affectedElementCount":48,"computedStyleValid":true,"cleanupValid":true,"appendedCount":48},"pass":true}
{"engine":"webkit","modeId":"master-progressive","scenarioId":"dom-append-remove","disabled":true,"before":{"initialAlignment":"center","alignment":"start"},"after":{"alignment":"start","scratchChildren":0},"computedStyleValid":1,"cleanupValid":1,"details":{"affectedElementCount":48,"computedStyleValid":true,"cleanupValid":true,"appendedCount":48},"pass":false}
{"engine":"webkit","modeId":"master-progressive","scenarioId":"viewport-resize","disabled":false,"before":{"initialAlignment":"center","alignment":"center"},"after":{"alignment":"center","scratchChildren":0},"computedStyleValid":1,"cleanupValid":1,"details":{"affectedElementCount":64,"computedStyleValid":true,"cleanupValid":true,"beforeWidth":1180,"resizedWidth":872},"pass":true}
{"engine":"webkit","modeId":"master-progressive","scenarioId":"viewport-resize","disabled":true,"before":{"initialAlignment":"center","alignment":"start"},"after":{"alignment":"start","scratchChildren":0},"computedStyleValid":1,"cleanupValid":1,"details":{"affectedElementCount":64,"computedStyleValid":true,"cleanupValid":true,"beforeWidth":1264,"resizedWidth":904},"pass":false}
node:internal/modules/run_main:107
    triggerUncaughtException(
    ^

AssertionError [ERR_ASSERTION]: Expected values to be strictly deep-equal:
+ actual - expected

+ [
+   {
+     disabled: true,
+     engine: 'chromium',
+     error: 'Expected values to be strictly equal:\n\n1 !== 0\n',
+     modeId: 'master-static',
+     scenarioId: 'dom-append-remove'
+   },
+   {
+     disabled: true,
+     engine: 'chromium',
+     error: 'Expected values to be strictly equal:\n\n1 !== 0\n',
+     modeId: 'master-static',
+     scenarioId: 'viewport-resize'
+   },
+   {
+     disabled: true,
+     engine: 'chromium',
+     error: 'Expected values to be strictly equal:\n\n1 !== 0\n',
+     modeId: 'tailwind-static',
+     scenarioId: 'dom-append-remove'
+   },
+   {
+     disabled: true,
+     engine: 'chromium',
+     error: 'Expected values to be strictly equal:\n\n1 !== 0\n',
+     modeId: 'tailwind-static',
+     scenarioId: 'viewport-resize'
+   },
+   {
+     disabled: true,
+     engine: 'chromium',
+     error: 'Expected values to be strictly equal:\n\n1 !== 0\n',
+     modeId: 'master-runtime',
+     scenarioId: 'dom-append-remove'
+   },
+   {
+     disabled: true,
+     engine: 'chromium',
+     error: 'Expected values to be strictly equal:\n\n1 !== 0\n',
+     modeId: 'master-runtime',
+     scenarioId: 'viewport-resize'
+   },
+   {
+     disabled: true,
+     engine: 'chromium',
+     error: 'Expected values to be strictly equal:\n\n1 !== 0\n',
+     modeId: 'master-progressive',
+     scenarioId: 'dom-append-remove'
+   },
+   {
+     disabled: true,
+     engine: 'chromium',
+     error: 'Expected values to be strictly equal:\n\n1 !== 0\n',
+     modeId: 'master-progressive',
+     scenarioId: 'viewport-resize'
+   },
+   {
+     disabled: true,
+     engine: 'firefox',
+     error: 'Expected values to be strictly equal:\n\n1 !== 0\n',
+     modeId: 'master-static',
+     scenarioId: 'dom-append-remove'
+   },
+   {
+     disabled: true,
+     engine: 'firefox',
+     error: 'Expected values to be strictly equal:\n\n1 !== 0\n',
+     modeId: 'master-static',
+     scenarioId: 'viewport-resize'
+   },
+   {
+     disabled: true,
+     engine: 'firefox',
+     error: 'Expected values to be strictly equal:\n\n1 !== 0\n',
+     modeId: 'tailwind-static',
+     scenarioId: 'dom-append-remove'
+   },
+   {
+     disabled: true,
+     engine: 'firefox',
+     error: 'Expected values to be strictly equal:\n\n1 !== 0\n',
+     modeId: 'tailwind-static',
+     scenarioId: 'viewport-resize'
+   },
+   {
+     disabled: true,
+     engine: 'firefox',
+     error: 'Expected values to be strictly equal:\n\n1 !== 0\n',
+     modeId: 'master-runtime',
+     scenarioId: 'dom-append-remove'
+   },
+   {
+     disabled: true,
+     engine: 'firefox',
+     error: 'Expected values to be strictly equal:\n\n1 !== 0\n',
+     modeId: 'master-runtime',
+     scenarioId: 'viewport-resize'
+   },
+   {
+     disabled: true,
+     engine: 'firefox',
+     error: 'Expected values to be strictly equal:\n\n1 !== 0\n',
+     modeId: 'master-progressive',
+     scenarioId: 'dom-append-remove'
+   },
+   {
+     disabled: true,
+     engine: 'firefox',
+     error: 'Expected values to be strictly equal:\n\n1 !== 0\n',
+     modeId: 'master-progressive',
+     scenarioId: 'viewport-resize'
+   },
+   {
+     disabled: true,
+     engine: 'webkit',
+     error: 'Expected values to be strictly equal:\n\n1 !== 0\n',
+     modeId: 'master-static',
+     scenarioId: 'dom-append-remove'
+   },
+   {
+     disabled: true,
+     engine: 'webkit',
+     error: 'Expected values to be strictly equal:\n\n1 !== 0\n',
+     modeId: 'master-static',
+     scenarioId: 'viewport-resize'
+   },
+   {
+     disabled: true,
+     engine: 'webkit',
+     error: 'Expected values to be strictly equal:\n\n1 !== 0\n',
+     modeId: 'tailwind-static',
+     scenarioId: 'dom-append-remove'
+   },
+   {
+     disabled: true,
+     engine: 'webkit',
+     error: 'Expected values to be strictly equal:\n\n1 !== 0\n',
+     modeId: 'tailwind-static',
+     scenarioId: 'viewport-resize'
+   },
+   {
+     disabled: true,
+     engine: 'webkit',
+     error: 'Expected values to be strictly equal:\n\n1 !== 0\n',
+     modeId: 'master-runtime',
+     scenarioId: 'dom-append-remove'
+   },
+   {
+     disabled: true,
+     engine: 'webkit',
+     error: 'Expected values to be strictly equal:\n\n1 !== 0\n',
+     modeId: 'master-runtime',
+     scenarioId: 'viewport-resize'
+   },
+   {
+     disabled: true,
+     engine: 'webkit',
+     error: 'Expected values to be strictly equal:\n\n1 !== 0\n',
+     modeId: 'master-progressive',
+     scenarioId: 'dom-append-remove'
+   },
+   {
+     disabled: true,
+     engine: 'webkit',
+     error: 'Expected values to be strictly equal:\n\n1 !== 0\n',
+     modeId: 'master-progressive',
+     scenarioId: 'viewport-resize'
+   }
+ ]
- []

    at <anonymous> (/Users/aron/master/css/.ai/audits/bug-hunt/repros/benchmark-style-other-scenarios.mjs:47:10) {
  generatedMessage: true,
  code: 'ERR_ASSERTION',
  actual: [
    {
      engine: 'chromium',
      modeId: 'master-static',
      scenarioId: 'dom-append-remove',
      disabled: true,
      error: 'Expected values to be strictly equal:\n\n1 !== 0\n'
    },
    {
      engine: 'chromium',
      modeId: 'master-static',
      scenarioId: 'viewport-resize',
      disabled: true,
      error: 'Expected values to be strictly equal:\n\n1 !== 0\n'
    },
    {
      engine: 'chromium',
      modeId: 'tailwind-static',
      scenarioId: 'dom-append-remove',
      disabled: true,
      error: 'Expected values to be strictly equal:\n\n1 !== 0\n'
    },
    {
      engine: 'chromium',
      modeId: 'tailwind-static',
      scenarioId: 'viewport-resize',
      disabled: true,
      error: 'Expected values to be strictly equal:\n\n1 !== 0\n'
    },
    {
      engine: 'chromium',
      modeId: 'master-runtime',
      scenarioId: 'dom-append-remove',
      disabled: true,
      error: 'Expected values to be strictly equal:\n\n1 !== 0\n'
    },
    {
      engine: 'chromium',
      modeId: 'master-runtime',
      scenarioId: 'viewport-resize',
      disabled: true,
      error: 'Expected values to be strictly equal:\n\n1 !== 0\n'
    },
    {
      engine: 'chromium',
      modeId: 'master-progressive',
      scenarioId: 'dom-append-remove',
      disabled: true,
      error: 'Expected values to be strictly equal:\n\n1 !== 0\n'
    },
    {
      engine: 'chromium',
      modeId: 'master-progressive',
      scenarioId: 'viewport-resize',
      disabled: true,
      error: 'Expected values to be strictly equal:\n\n1 !== 0\n'
    },
    {
      engine: 'firefox',
      modeId: 'master-static',
      scenarioId: 'dom-append-remove',
      disabled: true,
      error: 'Expected values to be strictly equal:\n\n1 !== 0\n'
    },
    {
      engine: 'firefox',
      modeId: 'master-static',
      scenarioId: 'viewport-resize',
      disabled: true,
      error: 'Expected values to be strictly equal:\n\n1 !== 0\n'
    },
    {
      engine: 'firefox',
      modeId: 'tailwind-static',
      scenarioId: 'dom-append-remove',
      disabled: true,
      error: 'Expected values to be strictly equal:\n\n1 !== 0\n'
    },
    {
      engine: 'firefox',
      modeId: 'tailwind-static',
      scenarioId: 'viewport-resize',
      disabled: true,
      error: 'Expected values to be strictly equal:\n\n1 !== 0\n'
    },
    {
      engine: 'firefox',
      modeId: 'master-runtime',
      scenarioId: 'dom-append-remove',
      disabled: true,
      error: 'Expected values to be strictly equal:\n\n1 !== 0\n'
    },
    {
      engine: 'firefox',
      modeId: 'master-runtime',
      scenarioId: 'viewport-resize',
      disabled: true,
      error: 'Expected values to be strictly equal:\n\n1 !== 0\n'
    },
    {
      engine: 'firefox',
      modeId: 'master-progressive',
      scenarioId: 'dom-append-remove',
      disabled: true,
      error: 'Expected values to be strictly equal:\n\n1 !== 0\n'
    },
    {
      engine: 'firefox',
      modeId: 'master-progressive',
      scenarioId: 'viewport-resize',
      disabled: true,
      error: 'Expected values to be strictly equal:\n\n1 !== 0\n'
    },
    {
      engine: 'webkit',
      modeId: 'master-static',
      scenarioId: 'dom-append-remove',
      disabled: true,
      error: 'Expected values to be strictly equal:\n\n1 !== 0\n'
    },
    {
      engine: 'webkit',
      modeId: 'master-static',
      scenarioId: 'viewport-resize',
      disabled: true,
      error: 'Expected values to be strictly equal:\n\n1 !== 0\n'
    },
    {
      engine: 'webkit',
      modeId: 'tailwind-static',
      scenarioId: 'dom-append-remove',
      disabled: true,
      error: 'Expected values to be strictly equal:\n\n1 !== 0\n'
    },
    {
      engine: 'webkit',
      modeId: 'tailwind-static',
      scenarioId: 'viewport-resize',
      disabled: true,
      error: 'Expected values to be strictly equal:\n\n1 !== 0\n'
    },
    {
      engine: 'webkit',
      modeId: 'master-runtime',
      scenarioId: 'dom-append-remove',
      disabled: true,
      error: 'Expected values to be strictly equal:\n\n1 !== 0\n'
    },
    {
      engine: 'webkit',
      modeId: 'master-runtime',
      scenarioId: 'viewport-resize',
      disabled: true,
      error: 'Expected values to be strictly equal:\n\n1 !== 0\n'
    },
    {
      engine: 'webkit',
      modeId: 'master-progressive',
      scenarioId: 'dom-append-remove',
      disabled: true,
      error: 'Expected values to be strictly equal:\n\n1 !== 0\n'
    },
    {
      engine: 'webkit',
      modeId: 'master-progressive',
      scenarioId: 'viewport-resize',
      disabled: true,
      error: 'Expected values to be strictly equal:\n\n1 !== 0\n'
    }
  ],
  expected: [],
  operator: 'deepStrictEqual',
  diff: 'simple'
}

Node.js v24.20.0
{"exit_code": 1, "cleanup": "/Users/aron/master/css/tmp/master-css-bh-isolated-0qylvmgr"}
