{"cwd": "/Users/aron/master/css/tmp/master-css-bh-isolated-d8a5uu0a/benchmarks", "command": ["node", "/Users/aron/master/css/scripts/with-typescript-tooling-compat.mjs", "node", "--import", "tsx", "/Users/aron/master/css/.ai/audits/bug-hunt/repros/benchmark-vite-source-controls.mjs"]}
{"source":"index.html","changed":true,"completedNonempty":true,"shouldScan":true,"uniqueSources":1,"pass":true}
{"source":"index.html","changed":false,"completedNonempty":true,"shouldScan":true,"uniqueSources":1,"pass":true}
{"source":"/Users/aron/master/css/tmp/master-css-bh-isolated-d8a5uu0a/benchmarks/.results/scanner-controls/index.html?repeat","changed":false,"completedNonempty":true,"shouldScan":true,"uniqueSources":1,"pass":true}
{"source":"src/main.js","changed":true,"completedNonempty":true,"shouldScan":true,"uniqueSources":2,"pass":true}
{"source":"src/main.js?mode=one","changed":false,"completedNonempty":true,"shouldScan":true,"uniqueSources":2,"pass":true}
{"source":"empty.js","changed":false,"completedNonempty":false,"shouldScan":false,"uniqueSources":2,"pass":true}
{"source":"excluded/skip.js","changed":false,"completedNonempty":false,"shouldScan":false,"uniqueSources":2,"pass":true}
{"source":"/Users/aron/master/css/tmp/master-css-bh-isolated-d8a5uu0a/benchmarks/.results/scanner-controls/excluded/skip.js?mode=one","changed":false,"completedNonempty":false,"shouldScan":false,"uniqueSources":2,"pass":true}
{"source":"style.css","changed":false,"completedNonempty":false,"shouldScan":false,"uniqueSources":2,"pass":true}
{"source":"picture.png","changed":false,"completedNonempty":false,"shouldScan":false,"uniqueSources":2,"pass":true}
{"source":"component.vue?type=style","changed":false,"completedNonempty":false,"shouldScan":false,"uniqueSources":2,"pass":true}
{"source":"\u0000virtual.js","changed":false,"completedNonempty":false,"shouldScan":false,"uniqueSources":2,"pass":true}
/Users/aron/master/css/.ai/audits/bug-hunt/repros/benchmark-vite-source-controls.mjs:54
  scanner.destroy()
          ^

TypeError: scanner.destroy is not a function
    at <anonymous> (/Users/aron/master/css/.ai/audits/bug-hunt/repros/benchmark-vite-source-controls.mjs:54:11)

Node.js v24.20.0
{"exit_code": 1, "cleanup": "/Users/aron/master/css/tmp/master-css-bh-isolated-d8a5uu0a"}
