{"cwd": "/Users/aron/master/css/tmp/master-css-bh-isolated-el3417qx/benchmarks", "command": ["node", "/Users/aron/master/css/scripts/with-typescript-tooling-compat.mjs", "node", "--import", "tsx", "/Users/aron/master/css/.ai/audits/bug-hunt/repros/benchmark-vite-observation.mjs"]}
{"fixtureId":"minimal","values":{"vite-baseline-build-ms":39.64720799999998,"vite-master-scanner-init-ms":111.41537499999998,"vite-master-html-scan-ms":5.811207999999965,"vite-total-build-ms":1914.7875000000001,"total-diagnostic-ms":1915.7952089999999,"css-entry-count":1,"vite-html-scan-count":1,"source-file-count":1,"generated-css-raw-bytes":5681,"generated-css-gzip-bytes":1997,"generated-css-brotli-bytes":1711},"scans":[{"source":"/Users/aron/master/css/tmp/master-css-bh-isolated-el3417qx/benchmarks/.results/observation-minimal/index.html","bytes":1738,"changed":true},{"source":"/Users/aron/master/css/tmp/master-css-bh-isolated-el3417qx/benchmarks/.results/observation-minimal/index.html","bytes":1738,"changed":false},{"source":"/Users/aron/master/css/tmp/master-css-bh-isolated-el3417qx/benchmarks/.results/observation-minimal/src/main.js","bytes":22,"changed":false}],"expectedUniqueSources":["index.html","src/main.js"],"missingTimings":["vite-master-module-scan-ms","vite-master-style-entry-ms","vite-master-generate-bundle-ms"],"cssBytes":5681,"cssHash":"b8de5a04ae439bf78d38441e61ad3d6362d2c5c19c9cd73e8b5b9ec0f83afeed","matchesUninstrumented":true,"pass":false}
{"fixtureId":"docs","values":{"vite-baseline-build-ms":52.046291999999994,"vite-master-scanner-init-ms":109.52554099999998,"vite-master-html-scan-ms":8.704334000000017,"vite-total-build-ms":1915.0209169999998,"total-diagnostic-ms":1915.4823749999996,"css-entry-count":1,"vite-html-scan-count":1,"source-file-count":1,"generated-css-raw-bytes":6406,"generated-css-gzip-bytes":2261,"generated-css-brotli-bytes":1932},"scans":[{"source":"/Users/aron/master/css/tmp/master-css-bh-isolated-el3417qx/benchmarks/.results/observation-docs/index.html","bytes":4147,"changed":true},{"source":"/Users/aron/master/css/tmp/master-css-bh-isolated-el3417qx/benchmarks/.results/observation-docs/index.html","bytes":4147,"changed":false},{"source":"/Users/aron/master/css/tmp/master-css-bh-isolated-el3417qx/benchmarks/.results/observation-docs/src/main.js","bytes":22,"changed":false}],"expectedUniqueSources":["index.html","src/main.js"],"missingTimings":["vite-master-module-scan-ms","vite-master-style-entry-ms","vite-master-generate-bundle-ms"],"cssBytes":6406,"cssHash":"600f3c942d8e748ba5d81e89099a1a0777a7f84ee8e2fbd2dfd475a9232c14a7","matchesUninstrumented":true,"pass":false}
{"fixtureId":"dashboard","values":{"vite-baseline-build-ms":12.875541999999768,"vite-master-scanner-init-ms":104.69087499999932,"vite-master-html-scan-ms":9.850624999999127,"vite-total-build-ms":1929.3738330000006,"total-diagnostic-ms":1929.682999999999,"css-entry-count":1,"vite-html-scan-count":1,"source-file-count":1,"generated-css-raw-bytes":6604,"generated-css-gzip-bytes":2228,"generated-css-brotli-bytes":1874},"scans":[{"source":"/Users/aron/master/css/tmp/master-css-bh-isolated-el3417qx/benchmarks/.results/observation-dashboard/index.html","bytes":8502,"changed":true},{"source":"/Users/aron/master/css/tmp/master-css-bh-isolated-el3417qx/benchmarks/.results/observation-dashboard/index.html","bytes":8502,"changed":false},{"source":"/Users/aron/master/css/tmp/master-css-bh-isolated-el3417qx/benchmarks/.results/observation-dashboard/src/main.js","bytes":22,"changed":false}],"expectedUniqueSources":["index.html","src/main.js"],"missingTimings":["vite-master-module-scan-ms","vite-master-style-entry-ms","vite-master-generate-bundle-ms"],"cssBytes":6604,"cssHash":"02313bb4bc2d8dcdeee8371b7cd657c2d81c829e63c08e2b7f7943a463c12b07","matchesUninstrumented":true,"pass":false}
{"fixtureId":"stress-css","values":{"vite-baseline-build-ms":10.926457999999911,"vite-master-scanner-init-ms":104.9052499999998,"vite-master-html-scan-ms":32.117707999999766,"vite-total-build-ms":2029.617875,"total-diagnostic-ms":2029.9124589999992,"css-entry-count":1,"vite-html-scan-count":1,"source-file-count":1,"generated-css-raw-bytes":12282,"generated-css-gzip-bytes":3191,"generated-css-brotli-bytes":2168},"scans":[{"source":"/Users/aron/master/css/tmp/master-css-bh-isolated-el3417qx/benchmarks/.results/observation-stress-css/index.html","bytes":16659,"changed":true},{"source":"/Users/aron/master/css/tmp/master-css-bh-isolated-el3417qx/benchmarks/.results/observation-stress-css/index.html","bytes":16659,"changed":false},{"source":"/Users/aron/master/css/tmp/master-css-bh-isolated-el3417qx/benchmarks/.results/observation-stress-css/src/main.js","bytes":22,"changed":false}],"expectedUniqueSources":["index.html","src/main.js"],"missingTimings":["vite-master-module-scan-ms","vite-master-style-entry-ms","vite-master-generate-bundle-ms"],"cssBytes":12282,"cssHash":"6de40b5e068f0fbb522409acdc19e0d943dea980dfb6390918d456c579e04d22","matchesUninstrumented":true,"pass":false}
node:internal/modules/run_main:107
    triggerUncaughtException(
    ^

AssertionError [ERR_ASSERTION]: Expected values to be strictly deep-equal:
+ actual - expected

+ [
+   {
+     error: 'Expected values to be strictly equal:\n\n1 !== 2\n',
+     fixtureId: 'minimal'
+   },
+   {
+     error: 'Expected values to be strictly equal:\n\n1 !== 2\n',
+     fixtureId: 'docs'
+   },
+   {
+     error: 'Expected values to be strictly equal:\n\n1 !== 2\n',
+     fixtureId: 'dashboard'
+   },
+   {
+     error: 'Expected values to be strictly equal:\n\n1 !== 2\n',
+     fixtureId: 'stress-css'
+   }
+ ]
- []

    at <anonymous> (/Users/aron/master/css/.ai/audits/bug-hunt/repros/benchmark-vite-observation.mjs:48:8) {
  generatedMessage: true,
  code: 'ERR_ASSERTION',
  actual: [
    {
      fixtureId: 'minimal',
      error: 'Expected values to be strictly equal:\n\n1 !== 2\n'
    },
    {
      fixtureId: 'docs',
      error: 'Expected values to be strictly equal:\n\n1 !== 2\n'
    },
    {
      fixtureId: 'dashboard',
      error: 'Expected values to be strictly equal:\n\n1 !== 2\n'
    },
    {
      fixtureId: 'stress-css',
      error: 'Expected values to be strictly equal:\n\n1 !== 2\n'
    }
  ],
  expected: [],
  operator: 'deepStrictEqual',
  diff: 'simple'
}

Node.js v24.20.0
{"exit_code": 1, "cleanup": "/Users/aron/master/css/tmp/master-css-bh-isolated-el3417qx"}
