
 RUN  v5.0.0 /Users/aron/master/css/benchmarks

 ❯ tests/bug-hunt-docs-css-resources.test.ts (15 tests | 11 failed) 91ms
   × rejects incomplete or failed stylesheet HTTP 404 18ms
   × rejects incomplete or failed stylesheet HTTP 206 6ms
   × rejects non-CSS response MIME text/html 5ms
   × rejects non-CSS response MIME application/json 5ms
   × rejects non-CSS response MIME missing 6ms
   × rejects non-CSS response MIME text/plain 5ms
   × rejects failed HTML document HTTP 404 4ms
   × rejects non-HTML document MIME 4ms
   × valid CSS metadata and exact body bytes survive collection 5ms
   × body-read rejection includes the failing URL 3ms
   × one failed stylesheet rejects the complete report rather than publishing a partial total 19ms

⎯⎯⎯⎯⎯⎯ Failed Tests 11 ⎯⎯⎯⎯⎯⎯⎯

 FAIL  tests/bug-hunt-docs-css-resources.test.ts > rejects incomplete or failed stylesheet HTTP 404
AssertionError: promise resolved "{ schemaVersion: 1, …(3) }" instead of rejecting

- Expected
+ Received

- Error {
-   "message": "rejected promise",
+ {
+   "generatedAt": "2026-09-10T00:19:47.767Z",
+   "pages": [
+     {
+       "assets": [
+         {
+           "brotliBytes": 18,
+           "kind": "external",
+           "rawBytes": 14,
+           "resolvedUrl": "https://assets.example/style.css",
+           "url": "https://assets.example/style.css",
+         },
+         {
+           "brotliBytes": 18,
+           "kind": "inline",
+           "rawBytes": 14,
+           "tag": "<style>",
+         },
+       ],
+       "css": {
+         "external": {
+           "brotliBytes": 18,
+           "rawBytes": 14,
+         },
+         "inline": {
+           "brotliBytes": 18,
+           "rawBytes": 14,
+         },
+         "total": {
+           "brotliBytes": 36,
+           "rawBytes": 28,
+         },
+       },
+       "name": "Material UI",
+       "resolvedUrl": "https://mui.com/material-ui/getting-started",
+       "url": "https://mui.com/material-ui/getting-started",
+     },
+     {
+       "assets": [
+         {
+           "brotliBytes": 18,
+           "kind": "external",
+           "rawBytes": 14,
+           "resolvedUrl": "https://assets.example/style.css",
+           "url": "https://assets.example/style.css",
+         },
+         {
+           "brotliBytes": 18,
+           "kind": "inline",
+           "rawBytes": 14,
+           "tag": "<style>",
+         },
+       ],
+       "css": {
+         "external": {
+           "brotliBytes": 18,
+           "rawBytes": 14,
+         },
+         "inline": {
+           "brotliBytes": 18,
+           "rawBytes": 14,
+         },
+         "total": {
+           "brotliBytes": 36,
+           "rawBytes": 28,
+         },
+       },
+       "name": "Next.js",
+       "resolvedUrl": "https://nextjs.org/docs",
+       "url": "https://nextjs.org/docs",
+     },
+     {
+       "assets": [
+         {
+           "brotliBytes": 18,
+           "kind": "external",
+           "rawBytes": 14,
+           "resolvedUrl": "https://assets.example/style.css",
+           "url": "https://assets.example/style.css",
+         },
+         {
+           "brotliBytes": 18,
+           "kind": "inline",
+           "rawBytes": 14,
+           "tag": "<style>",
+         },
+       ],
+       "css": {
+         "external": {
+           "brotliBytes": 18,
+           "rawBytes": 14,
+         },
+         "inline": {
+           "brotliBytes": 18,
+           "rawBytes": 14,
+         },
+         "total": {
+           "brotliBytes": 36,
+           "rawBytes": 28,
+         },
+       },
+       "name": "React",
+       "resolvedUrl": "https://react.dev/learn",
+       "url": "https://react.dev/learn",
+     },
+     {
+       "assets": [
+         {
+           "brotliBytes": 18,
+           "kind": "external",
+           "rawBytes": 14,
+           "resolvedUrl": "https://assets.example/style.css",
+           "url": "https://assets.example/style.css",
+         },
+         {
+           "brotliBytes": 18,
+           "kind": "inline",
+           "rawBytes": 14,
+           "tag": "<style>",
+         },
+       ],
+       "css": {
+         "external": {
+           "brotliBytes": 18,
+           "rawBytes": 14,
+         },
+         "inline": {
+           "brotliBytes": 18,
+           "rawBytes": 14,
+         },
+         "total": {
+           "brotliBytes": 36,
+           "rawBytes": 28,
+         },
+       },
+       "name": "Vue.js",
+       "resolvedUrl": "https://vuejs.org/guide/introduction",
+       "url": "https://vuejs.org/guide/introduction",
+     },
+     {
+       "assets": [
+         {
+           "brotliBytes": 18,
+           "kind": "external",
+           "rawBytes": 14,
+           "resolvedUrl": "https://assets.example/style.css",
+           "url": "https://assets.example/style.css",
+         },
+         {
+           "brotliBytes": 18,
+           "kind": "inline",
+           "rawBytes": 14,
+           "tag": "<style>",
+         },
+       ],
+       "css": {
+         "external": {
+           "brotliBytes": 18,
+           "rawBytes": 14,
+         },
+         "inline": {
+           "brotliBytes": 18,
+           "rawBytes": 14,
+         },
+         "total": {
+           "brotliBytes": 36,
+           "rawBytes": 28,
+         },
+       },
+       "name": "Angular",
+       "resolvedUrl": "https://angular.dev/overview",
+       "url": "https://angular.dev/overview",
+     },
+     {
+       "assets": [
+         {
+           "brotliBytes": 18,
+           "kind": "external",
+           "rawBytes": 14,
+           "resolvedUrl": "https://assets.example/style.css",
+           "url": "https://assets.example/style.css",
+         },
+         {
+           "brotliBytes": 18,
+           "kind": "inline",
+           "rawBytes": 14,
+           "tag": "<style>",
+         },
+       ],
+       "css": {
+         "external": {
+           "brotliBytes": 18,
+           "rawBytes": 14,
+         },
+         "inline": {
+           "brotliBytes": 18,
+           "rawBytes": 14,
+         },
+         "total": {
+           "brotliBytes": 36,
+           "rawBytes": 28,
+         },
+       },
+       "name": "Bootstrap",
+       "resolvedUrl": "https://getbootstrap.com/docs/5.3/getting-started/introduction",
+       "url": "https://getbootstrap.com/docs/5.3/getting-started/introduction",
+     },
+     {
+       "assets": [
+         {
+           "brotliBytes": 18,
+           "kind": "external",
+           "rawBytes": 14,
+           "resolvedUrl": "https://assets.example/style.css",
+           "url": "https://assets.example/style.css",
+         },
+         {
+           "brotliBytes": 18,
+           "kind": "inline",
+           "rawBytes": 14,
+           "tag": "<style>",
+         },
+       ],
+       "css": {
+         "external": {
+           "brotliBytes": 18,
+           "rawBytes": 14,
+         },
+         "inline": {
+           "brotliBytes": 18,
+           "rawBytes": 14,
+         },
+         "total": {
+           "brotliBytes": 36,
+           "rawBytes": 28,
+         },
+       },
+       "name": "Tailwind CSS",
+       "resolvedUrl": "https://tailwindcss.com/docs",
+       "url": "https://tailwindcss.com/docs",
+     },
+     {
+       "assets": [
+         {
+           "brotliBytes": 18,
+           "kind": "external",
+           "rawBytes": 14,
+           "resolvedUrl": "https://assets.example/style.css",
+           "url": "https://assets.example/style.css",
+         },
+         {
+           "brotliBytes": 18,
+           "kind": "inline",
+           "rawBytes": 14,
+           "tag": "<style>",
+         },
+       ],
+       "css": {
+         "external": {
+           "brotliBytes": 18,
+           "rawBytes": 14,
+         },
+         "inline": {
+           "brotliBytes": 18,
+           "rawBytes": 14,
+         },
+         "total": {
+           "brotliBytes": 36,
+           "rawBytes": 28,
+         },
+       },
+       "name": "Master CSS",
+       "resolvedUrl": "https://rc.css.master.co/en/guide",
+       "url": "https://rc.css.master.co/en/guide",
+     },
+   ],
+   "schemaVersion": 1,
+   "suite": "docs-page-css-size",
  }

 ❯ tests/bug-hunt-docs-css-resources.test.ts:16:51
     14|   test(`rejects incomplete or failed stylesheet HTTP ${status}`, async…
     15|     stub(() => new Response('<h1>Error</h1>', { status, headers: { 'co…
     16|     await expect(collectDocsPageCSSSizeSnapshot()).rejects.toThrow(Str…
       |                                                   ^
     17|   })
     18| }

⎯⎯⎯⎯⎯⎯⎯⎯⎯⎯⎯⎯⎯⎯⎯⎯⎯⎯⎯⎯⎯⎯⎯[1/11]⎯

 FAIL  tests/bug-hunt-docs-css-resources.test.ts > rejects incomplete or failed stylesheet HTTP 206
AssertionError: promise resolved "{ schemaVersion: 1, …(3) }" instead of rejecting

- Expected
+ Received

- Error {
-   "message": "rejected promise",
+ {
+   "generatedAt": "2026-09-10T00:19:47.784Z",
+   "pages": [
+     {
+       "assets": [
+         {
+           "brotliBytes": 18,
+           "kind": "external",
+           "rawBytes": 14,
+           "resolvedUrl": "https://assets.example/style.css",
+           "url": "https://assets.example/style.css",
+         },
+         {
+           "brotliBytes": 18,
+           "kind": "inline",
+           "rawBytes": 14,
+           "tag": "<style>",
+         },
+       ],
+       "css": {
+         "external": {
+           "brotliBytes": 18,
+           "rawBytes": 14,
+         },
+         "inline": {
+           "brotliBytes": 18,
+           "rawBytes": 14,
+         },
+         "total": {
+           "brotliBytes": 36,
+           "rawBytes": 28,
+         },
+       },
+       "name": "Material UI",
+       "resolvedUrl": "https://mui.com/material-ui/getting-started",
+       "url": "https://mui.com/material-ui/getting-started",
+     },
+     {
+       "assets": [
+         {
+           "brotliBytes": 18,
+           "kind": "external",
+           "rawBytes": 14,
+           "resolvedUrl": "https://assets.example/style.css",
+           "url": "https://assets.example/style.css",
+         },
+         {
+           "brotliBytes": 18,
+           "kind": "inline",
+           "rawBytes": 14,
+           "tag": "<style>",
+         },
+       ],
+       "css": {
+         "external": {
+           "brotliBytes": 18,
+           "rawBytes": 14,
+         },
+         "inline": {
+           "brotliBytes": 18,
+           "rawBytes": 14,
+         },
+         "total": {
+           "brotliBytes": 36,
+           "rawBytes": 28,
+         },
+       },
+       "name": "Next.js",
+       "resolvedUrl": "https://nextjs.org/docs",
+       "url": "https://nextjs.org/docs",
+     },
+     {
+       "assets": [
+         {
+           "brotliBytes": 18,
+           "kind": "external",
+           "rawBytes": 14,
+           "resolvedUrl": "https://assets.example/style.css",
+           "url": "https://assets.example/style.css",
+         },
+         {
+           "brotliBytes": 18,
+           "kind": "inline",
+           "rawBytes": 14,
+           "tag": "<style>",
+         },
+       ],
+       "css": {
+         "external": {
+           "brotliBytes": 18,
+           "rawBytes": 14,
+         },
+         "inline": {
+           "brotliBytes": 18,
+           "rawBytes": 14,
+         },
+         "total": {
+           "brotliBytes": 36,
+           "rawBytes": 28,
+         },
+       },
+       "name": "React",
+       "resolvedUrl": "https://react.dev/learn",
+       "url": "https://react.dev/learn",
+     },
+     {
+       "assets": [
+         {
+           "brotliBytes": 18,
+           "kind": "external",
+           "rawBytes": 14,
+           "resolvedUrl": "https://assets.example/style.css",
+           "url": "https://assets.example/style.css",
+         },
+         {
+           "brotliBytes": 18,
+           "kind": "inline",
+           "rawBytes": 14,
+           "tag": "<style>",
+         },
+       ],
+       "css": {
+         "external": {
+           "brotliBytes": 18,
+           "rawBytes": 14,
+         },
+         "inline": {
+           "brotliBytes": 18,
+           "rawBytes": 14,
+         },
+         "total": {
+           "brotliBytes": 36,
+           "rawBytes": 28,
+         },
+       },
+       "name": "Vue.js",
+       "resolvedUrl": "https://vuejs.org/guide/introduction",
+       "url": "https://vuejs.org/guide/introduction",
+     },
+     {
+       "assets": [
+         {
+           "brotliBytes": 18,
+           "kind": "external",
+           "rawBytes": 14,
+           "resolvedUrl": "https://assets.example/style.css",
+           "url": "https://assets.example/style.css",
+         },
+         {
+           "brotliBytes": 18,
+           "kind": "inline",
+           "rawBytes": 14,
+           "tag": "<style>",
+         },
+       ],
+       "css": {
+         "external": {
+           "brotliBytes": 18,
+           "rawBytes": 14,
+         },
+         "inline": {
+           "brotliBytes": 18,
+           "rawBytes": 14,
+         },
+         "total": {
+           "brotliBytes": 36,
+           "rawBytes": 28,
+         },
+       },
+       "name": "Angular",
+       "resolvedUrl": "https://angular.dev/overview",
+       "url": "https://angular.dev/overview",
+     },
+     {
+       "assets": [
+         {
+           "brotliBytes": 18,
+           "kind": "external",
+           "rawBytes": 14,
+           "resolvedUrl": "https://assets.example/style.css",
+           "url": "https://assets.example/style.css",
+         },
+         {
+           "brotliBytes": 18,
+           "kind": "inline",
+           "rawBytes": 14,
+           "tag": "<style>",
+         },
+       ],
+       "css": {
+         "external": {
+           "brotliBytes": 18,
+           "rawBytes": 14,
+         },
+         "inline": {
+           "brotliBytes": 18,
+           "rawBytes": 14,
+         },
+         "total": {
+           "brotliBytes": 36,
+           "rawBytes": 28,
+         },
+       },
+       "name": "Bootstrap",
+       "resolvedUrl": "https://getbootstrap.com/docs/5.3/getting-started/introduction",
+       "url": "https://getbootstrap.com/docs/5.3/getting-started/introduction",
+     },
+     {
+       "assets": [
+         {
+           "brotliBytes": 18,
+           "kind": "external",
+           "rawBytes": 14,
+           "resolvedUrl": "https://assets.example/style.css",
+           "url": "https://assets.example/style.css",
+         },
+         {
+           "brotliBytes": 18,
+           "kind": "inline",
+           "rawBytes": 14,
+           "tag": "<style>",
+         },
+       ],
+       "css": {
+         "external": {
+           "brotliBytes": 18,
+           "rawBytes": 14,
+         },
+         "inline": {
+           "brotliBytes": 18,
+           "rawBytes": 14,
+         },
+         "total": {
+           "brotliBytes": 36,
+           "rawBytes": 28,
+         },
+       },
+       "name": "Tailwind CSS",
+       "resolvedUrl": "https://tailwindcss.com/docs",
+       "url": "https://tailwindcss.com/docs",
+     },
+     {
+       "assets": [
+         {
+           "brotliBytes": 18,
+           "kind": "external",
+           "rawBytes": 14,
+           "resolvedUrl": "https://assets.example/style.css",
+           "url": "https://assets.example/style.css",
+         },
+         {
+           "brotliBytes": 18,
+           "kind": "inline",
+           "rawBytes": 14,
+           "tag": "<style>",
+         },
+       ],
+       "css": {
+         "external": {
+           "brotliBytes": 18,
+           "rawBytes": 14,
+         },
+         "inline": {
+           "brotliBytes": 18,
+           "rawBytes": 14,
+         },
+         "total": {
+           "brotliBytes": 36,
+           "rawBytes": 28,
+         },
+       },
+       "name": "Master CSS",
+       "resolvedUrl": "https://rc.css.master.co/en/guide",
+       "url": "https://rc.css.master.co/en/guide",
+     },
+   ],
+   "schemaVersion": 1,
+   "suite": "docs-page-css-size",
  }

 ❯ tests/bug-hunt-docs-css-resources.test.ts:16:51
     14|   test(`rejects incomplete or failed stylesheet HTTP ${status}`, async…
     15|     stub(() => new Response('<h1>Error</h1>', { status, headers: { 'co…
     16|     await expect(collectDocsPageCSSSizeSnapshot()).rejects.toThrow(Str…
       |                                                   ^
     17|   })
     18| }

⎯⎯⎯⎯⎯⎯⎯⎯⎯⎯⎯⎯⎯⎯⎯⎯⎯⎯⎯⎯⎯⎯⎯[2/11]⎯

 FAIL  tests/bug-hunt-docs-css-resources.test.ts > rejects non-CSS response MIME text/html
AssertionError: promise resolved "{ schemaVersion: 1, …(3) }" instead of rejecting

- Expected
+ Received

- Error {
-   "message": "rejected promise",
+ {
+   "generatedAt": "2026-09-10T00:19:47.789Z",
+   "pages": [
+     {
+       "assets": [
+         {
+           "brotliBytes": 18,
+           "kind": "external",
+           "rawBytes": 14,
+           "resolvedUrl": "https://assets.example/style.css",
+           "url": "https://assets.example/style.css",
+         },
+         {
+           "brotliBytes": 18,
+           "kind": "inline",
+           "rawBytes": 14,
+           "tag": "<style>",
+         },
+       ],
+       "css": {
+         "external": {
+           "brotliBytes": 18,
+           "rawBytes": 14,
+         },
+         "inline": {
+           "brotliBytes": 18,
+           "rawBytes": 14,
+         },
+         "total": {
+           "brotliBytes": 36,
+           "rawBytes": 28,
+         },
+       },
+       "name": "Material UI",
+       "resolvedUrl": "https://mui.com/material-ui/getting-started",
+       "url": "https://mui.com/material-ui/getting-started",
+     },
+     {
+       "assets": [
+         {
+           "brotliBytes": 18,
+           "kind": "external",
+           "rawBytes": 14,
+           "resolvedUrl": "https://assets.example/style.css",
+           "url": "https://assets.example/style.css",
+         },
+         {
+           "brotliBytes": 18,
+           "kind": "inline",
+           "rawBytes": 14,
+           "tag": "<style>",
+         },
+       ],
+       "css": {
+         "external": {
+           "brotliBytes": 18,
+           "rawBytes": 14,
+         },
+         "inline": {
+           "brotliBytes": 18,
+           "rawBytes": 14,
+         },
+         "total": {
+           "brotliBytes": 36,
+           "rawBytes": 28,
+         },
+       },
+       "name": "Next.js",
+       "resolvedUrl": "https://nextjs.org/docs",
+       "url": "https://nextjs.org/docs",
+     },
+     {
+       "assets": [
+         {
+           "brotliBytes": 18,
+           "kind": "external",
+           "rawBytes": 14,
+           "resolvedUrl": "https://assets.example/style.css",
+           "url": "https://assets.example/style.css",
+         },
+         {
+           "brotliBytes": 18,
+           "kind": "inline",
+           "rawBytes": 14,
+           "tag": "<style>",
+         },
+       ],
+       "css": {
+         "external": {
+           "brotliBytes": 18,
+           "rawBytes": 14,
+         },
+         "inline": {
+           "brotliBytes": 18,
+           "rawBytes": 14,
+         },
+         "total": {
+           "brotliBytes": 36,
+           "rawBytes": 28,
+         },
+       },
+       "name": "React",
+       "resolvedUrl": "https://react.dev/learn",
+       "url": "https://react.dev/learn",
+     },
+     {
+       "assets": [
+         {
+           "brotliBytes": 18,
+           "kind": "external",
+           "rawBytes": 14,
+           "resolvedUrl": "https://assets.example/style.css",
+           "url": "https://assets.example/style.css",
+         },
+         {
+           "brotliBytes": 18,
+           "kind": "inline",
+           "rawBytes": 14,
+           "tag": "<style>",
+         },
+       ],
+       "css": {
+         "external": {
+           "brotliBytes": 18,
+           "rawBytes": 14,
+         },
+         "inline": {
+           "brotliBytes": 18,
+           "rawBytes": 14,
+         },
+         "total": {
+           "brotliBytes": 36,
+           "rawBytes": 28,
+         },
+       },
+       "name": "Vue.js",
+       "resolvedUrl": "https://vuejs.org/guide/introduction",
+       "url": "https://vuejs.org/guide/introduction",
+     },
+     {
+       "assets": [
+         {
+           "brotliBytes": 18,
+           "kind": "external",
+           "rawBytes": 14,
+           "resolvedUrl": "https://assets.example/style.css",
+           "url": "https://assets.example/style.css",
+         },
+         {
+           "brotliBytes": 18,
+           "kind": "inline",
+           "rawBytes": 14,
+           "tag": "<style>",
+         },
+       ],
+       "css": {
+         "external": {
+           "brotliBytes": 18,
+           "rawBytes": 14,
+         },
+         "inline": {
+           "brotliBytes": 18,
+           "rawBytes": 14,
+         },
+         "total": {
+           "brotliBytes": 36,
+           "rawBytes": 28,
+         },
+       },
+       "name": "Angular",
+       "resolvedUrl": "https://angular.dev/overview",
+       "url": "https://angular.dev/overview",
+     },
+     {
+       "assets": [
+         {
+           "brotliBytes": 18,
+           "kind": "external",
+           "rawBytes": 14,
+           "resolvedUrl": "https://assets.example/style.css",
+           "url": "https://assets.example/style.css",
+         },
+         {
+           "brotliBytes": 18,
+           "kind": "inline",
+           "rawBytes": 14,
+           "tag": "<style>",
+         },
+       ],
+       "css": {
+         "external": {
+           "brotliBytes": 18,
+           "rawBytes": 14,
+         },
+         "inline": {
+           "brotliBytes": 18,
+           "rawBytes": 14,
+         },
+         "total": {
+           "brotliBytes": 36,
+           "rawBytes": 28,
+         },
+       },
+       "name": "Bootstrap",
+       "resolvedUrl": "https://getbootstrap.com/docs/5.3/getting-started/introduction",
+       "url": "https://getbootstrap.com/docs/5.3/getting-started/introduction",
+     },
+     {
+       "assets": [
+         {
+           "brotliBytes": 18,
+           "kind": "external",
+           "rawBytes": 14,
+           "resolvedUrl": "https://assets.example/style.css",
+           "url": "https://assets.example/style.css",
+         },
+         {
+           "brotliBytes": 18,
+           "kind": "inline",
+           "rawBytes": 14,
+           "tag": "<style>",
+         },
+       ],
+       "css": {
+         "external": {
+           "brotliBytes": 18,
+           "rawBytes": 14,
+         },
+         "inline": {
+           "brotliBytes": 18,
+           "rawBytes": 14,
+         },
+         "total": {
+           "brotliBytes": 36,
+           "rawBytes": 28,
+         },
+       },
+       "name": "Tailwind CSS",
+       "resolvedUrl": "https://tailwindcss.com/docs",
+       "url": "https://tailwindcss.com/docs",
+     },
+     {
+       "assets": [
+         {
+           "brotliBytes": 18,
+           "kind": "external",
+           "rawBytes": 14,
+           "resolvedUrl": "https://assets.example/style.css",
+           "url": "https://assets.example/style.css",
+         },
+         {
+           "brotliBytes": 18,
+           "kind": "inline",
+           "rawBytes": 14,
+           "tag": "<style>",
+         },
+       ],
+       "css": {
+         "external": {
+           "brotliBytes": 18,
+           "rawBytes": 14,
+         },
+         "inline": {
+           "brotliBytes": 18,
+           "rawBytes": 14,
+         },
+         "total": {
+           "brotliBytes": 36,
+           "rawBytes": 28,
+         },
+       },
+       "name": "Master CSS",
+       "resolvedUrl": "https://rc.css.master.co/en/guide",
+       "url": "https://rc.css.master.co/en/guide",
+     },
+   ],
+   "schemaVersion": 1,
+   "suite": "docs-page-css-size",
  }

 ❯ tests/bug-hunt-docs-css-resources.test.ts:22:51
     20|   test(`rejects non-CSS response MIME ${contentType || 'missing'}`, as…
     21|     stub(() => new Response('<h1>Error</h1>', { headers: contentType ?…
     22|     await expect(collectDocsPageCSSSizeSnapshot()).rejects.toThrow(/te…
       |                                                   ^
     23|   })
     24| }

⎯⎯⎯⎯⎯⎯⎯⎯⎯⎯⎯⎯⎯⎯⎯⎯⎯⎯⎯⎯⎯⎯⎯[3/11]⎯

 FAIL  tests/bug-hunt-docs-css-resources.test.ts > rejects non-CSS response MIME application/json
AssertionError: promise resolved "{ schemaVersion: 1, …(3) }" instead of rejecting

- Expected
+ Received

- Error {
-   "message": "rejected promise",
+ {
+   "generatedAt": "2026-09-10T00:19:47.794Z",
+   "pages": [
+     {
+       "assets": [
+         {
+           "brotliBytes": 18,
+           "kind": "external",
+           "rawBytes": 14,
+           "resolvedUrl": "https://assets.example/style.css",
+           "url": "https://assets.example/style.css",
+         },
+         {
+           "brotliBytes": 18,
+           "kind": "inline",
+           "rawBytes": 14,
+           "tag": "<style>",
+         },
+       ],
+       "css": {
+         "external": {
+           "brotliBytes": 18,
+           "rawBytes": 14,
+         },
+         "inline": {
+           "brotliBytes": 18,
+           "rawBytes": 14,
+         },
+         "total": {
+           "brotliBytes": 36,
+           "rawBytes": 28,
+         },
+       },
+       "name": "Material UI",
+       "resolvedUrl": "https://mui.com/material-ui/getting-started",
+       "url": "https://mui.com/material-ui/getting-started",
+     },
+     {
+       "assets": [
+         {
+           "brotliBytes": 18,
+           "kind": "external",
+           "rawBytes": 14,
+           "resolvedUrl": "https://assets.example/style.css",
+           "url": "https://assets.example/style.css",
+         },
+         {
+           "brotliBytes": 18,
+           "kind": "inline",
+           "rawBytes": 14,
+           "tag": "<style>",
+         },
+       ],
+       "css": {
+         "external": {
+           "brotliBytes": 18,
+           "rawBytes": 14,
+         },
+         "inline": {
+           "brotliBytes": 18,
+           "rawBytes": 14,
+         },
+         "total": {
+           "brotliBytes": 36,
+           "rawBytes": 28,
+         },
+       },
+       "name": "Next.js",
+       "resolvedUrl": "https://nextjs.org/docs",
+       "url": "https://nextjs.org/docs",
+     },
+     {
+       "assets": [
+         {
+           "brotliBytes": 18,
+           "kind": "external",
+           "rawBytes": 14,
+           "resolvedUrl": "https://assets.example/style.css",
+           "url": "https://assets.example/style.css",
+         },
+         {
+           "brotliBytes": 18,
+           "kind": "inline",
+           "rawBytes": 14,
+           "tag": "<style>",
+         },
+       ],
+       "css": {
+         "external": {
+           "brotliBytes": 18,
+           "rawBytes": 14,
+         },
+         "inline": {
+           "brotliBytes": 18,
+           "rawBytes": 14,
+         },
+         "total": {
+           "brotliBytes": 36,
+           "rawBytes": 28,
+         },
+       },
+       "name": "React",
+       "resolvedUrl": "https://react.dev/learn",
+       "url": "https://react.dev/learn",
+     },
+     {
+       "assets": [
+         {
+           "brotliBytes": 18,
+           "kind": "external",
+           "rawBytes": 14,
+           "resolvedUrl": "https://assets.example/style.css",
+           "url": "https://assets.example/style.css",
+         },
+         {
+           "brotliBytes": 18,
+           "kind": "inline",
+           "rawBytes": 14,
+           "tag": "<style>",
+         },
+       ],
+       "css": {
+         "external": {
+           "brotliBytes": 18,
+           "rawBytes": 14,
+         },
+         "inline": {
+           "brotliBytes": 18,
+           "rawBytes": 14,
+         },
+         "total": {
+           "brotliBytes": 36,
+           "rawBytes": 28,
+         },
+       },
+       "name": "Vue.js",
+       "resolvedUrl": "https://vuejs.org/guide/introduction",
+       "url": "https://vuejs.org/guide/introduction",
+     },
+     {
+       "assets": [
+         {
+           "brotliBytes": 18,
+           "kind": "external",
+           "rawBytes": 14,
+           "resolvedUrl": "https://assets.example/style.css",
+           "url": "https://assets.example/style.css",
+         },
+         {
+           "brotliBytes": 18,
+           "kind": "inline",
+           "rawBytes": 14,
+           "tag": "<style>",
+         },
+       ],
+       "css": {
+         "external": {
+           "brotliBytes": 18,
+           "rawBytes": 14,
+         },
+         "inline": {
+           "brotliBytes": 18,
+           "rawBytes": 14,
+         },
+         "total": {
+           "brotliBytes": 36,
+           "rawBytes": 28,
+         },
+       },
+       "name": "Angular",
+       "resolvedUrl": "https://angular.dev/overview",
+       "url": "https://angular.dev/overview",
+     },
+     {
+       "assets": [
+         {
+           "brotliBytes": 18,
+           "kind": "external",
+           "rawBytes": 14,
+           "resolvedUrl": "https://assets.example/style.css",
+           "url": "https://assets.example/style.css",
+         },
+         {
+           "brotliBytes": 18,
+           "kind": "inline",
+           "rawBytes": 14,
+           "tag": "<style>",
+         },
+       ],
+       "css": {
+         "external": {
+           "brotliBytes": 18,
+           "rawBytes": 14,
+         },
+         "inline": {
+           "brotliBytes": 18,
+           "rawBytes": 14,
+         },
+         "total": {
+           "brotliBytes": 36,
+           "rawBytes": 28,
+         },
+       },
+       "name": "Bootstrap",
+       "resolvedUrl": "https://getbootstrap.com/docs/5.3/getting-started/introduction",
+       "url": "https://getbootstrap.com/docs/5.3/getting-started/introduction",
+     },
+     {
+       "assets": [
+         {
+           "brotliBytes": 18,
+           "kind": "external",
+           "rawBytes": 14,
+           "resolvedUrl": "https://assets.example/style.css",
+           "url": "https://assets.example/style.css",
+         },
+         {
+           "brotliBytes": 18,
+           "kind": "inline",
+           "rawBytes": 14,
+           "tag": "<style>",
+         },
+       ],
+       "css": {
+         "external": {
+           "brotliBytes": 18,
+           "rawBytes": 14,
+         },
+         "inline": {
+           "brotliBytes": 18,
+           "rawBytes": 14,
+         },
+         "total": {
+           "brotliBytes": 36,
+           "rawBytes": 28,
+         },
+       },
+       "name": "Tailwind CSS",
+       "resolvedUrl": "https://tailwindcss.com/docs",
+       "url": "https://tailwindcss.com/docs",
+     },
+     {
+       "assets": [
+         {
+           "brotliBytes": 18,
+           "kind": "external",
+           "rawBytes": 14,
+           "resolvedUrl": "https://assets.example/style.css",
+           "url": "https://assets.example/style.css",
+         },
+         {
+           "brotliBytes": 18,
+           "kind": "inline",
+           "rawBytes": 14,
+           "tag": "<style>",
+         },
+       ],
+       "css": {
+         "external": {
+           "brotliBytes": 18,
+           "rawBytes": 14,
+         },
+         "inline": {
+           "brotliBytes": 18,
+           "rawBytes": 14,
+         },
+         "total": {
+           "brotliBytes": 36,
+           "rawBytes": 28,
+         },
+       },
+       "name": "Master CSS",
+       "resolvedUrl": "https://rc.css.master.co/en/guide",
+       "url": "https://rc.css.master.co/en/guide",
+     },
+   ],
+   "schemaVersion": 1,
+   "suite": "docs-page-css-size",
  }

 ❯ tests/bug-hunt-docs-css-resources.test.ts:22:51
     20|   test(`rejects non-CSS response MIME ${contentType || 'missing'}`, as…
     21|     stub(() => new Response('<h1>Error</h1>', { headers: contentType ?…
     22|     await expect(collectDocsPageCSSSizeSnapshot()).rejects.toThrow(/te…
       |                                                   ^
     23|   })
     24| }

⎯⎯⎯⎯⎯⎯⎯⎯⎯⎯⎯⎯⎯⎯⎯⎯⎯⎯⎯⎯⎯⎯⎯[4/11]⎯

 FAIL  tests/bug-hunt-docs-css-resources.test.ts > rejects non-CSS response MIME missing
AssertionError: promise resolved "{ schemaVersion: 1, …(3) }" instead of rejecting

- Expected
+ Received

- Error {
-   "message": "rejected promise",
+ {
+   "generatedAt": "2026-09-10T00:19:47.800Z",
+   "pages": [
+     {
+       "assets": [
+         {
+           "brotliBytes": 18,
+           "kind": "external",
+           "rawBytes": 14,
+           "resolvedUrl": "https://assets.example/style.css",
+           "url": "https://assets.example/style.css",
+         },
+         {
+           "brotliBytes": 18,
+           "kind": "inline",
+           "rawBytes": 14,
+           "tag": "<style>",
+         },
+       ],
+       "css": {
+         "external": {
+           "brotliBytes": 18,
+           "rawBytes": 14,
+         },
+         "inline": {
+           "brotliBytes": 18,
+           "rawBytes": 14,
+         },
+         "total": {
+           "brotliBytes": 36,
+           "rawBytes": 28,
+         },
+       },
+       "name": "Material UI",
+       "resolvedUrl": "https://mui.com/material-ui/getting-started",
+       "url": "https://mui.com/material-ui/getting-started",
+     },
+     {
+       "assets": [
+         {
+           "brotliBytes": 18,
+           "kind": "external",
+           "rawBytes": 14,
+           "resolvedUrl": "https://assets.example/style.css",
+           "url": "https://assets.example/style.css",
+         },
+         {
+           "brotliBytes": 18,
+           "kind": "inline",
+           "rawBytes": 14,
+           "tag": "<style>",
+         },
+       ],
+       "css": {
+         "external": {
+           "brotliBytes": 18,
+           "rawBytes": 14,
+         },
+         "inline": {
+           "brotliBytes": 18,
+           "rawBytes": 14,
+         },
+         "total": {
+           "brotliBytes": 36,
+           "rawBytes": 28,
+         },
+       },
+       "name": "Next.js",
+       "resolvedUrl": "https://nextjs.org/docs",
+       "url": "https://nextjs.org/docs",
+     },
+     {
+       "assets": [
+         {
+           "brotliBytes": 18,
+           "kind": "external",
+           "rawBytes": 14,
+           "resolvedUrl": "https://assets.example/style.css",
+           "url": "https://assets.example/style.css",
+         },
+         {
+           "brotliBytes": 18,
+           "kind": "inline",
+           "rawBytes": 14,
+           "tag": "<style>",
+         },
+       ],
+       "css": {
+         "external": {
+           "brotliBytes": 18,
+           "rawBytes": 14,
+         },
+         "inline": {
+           "brotliBytes": 18,
+           "rawBytes": 14,
+         },
+         "total": {
+           "brotliBytes": 36,
+           "rawBytes": 28,
+         },
+       },
+       "name": "React",
+       "resolvedUrl": "https://react.dev/learn",
+       "url": "https://react.dev/learn",
+     },
+     {
+       "assets": [
+         {
+           "brotliBytes": 18,
+           "kind": "external",
+           "rawBytes": 14,
+           "resolvedUrl": "https://assets.example/style.css",
+           "url": "https://assets.example/style.css",
+         },
+         {
+           "brotliBytes": 18,
+           "kind": "inline",
+           "rawBytes": 14,
+           "tag": "<style>",
+         },
+       ],
+       "css": {
+         "external": {
+           "brotliBytes": 18,
+           "rawBytes": 14,
+         },
+         "inline": {
+           "brotliBytes": 18,
+           "rawBytes": 14,
+         },
+         "total": {
+           "brotliBytes": 36,
+           "rawBytes": 28,
+         },
+       },
+       "name": "Vue.js",
+       "resolvedUrl": "https://vuejs.org/guide/introduction",
+       "url": "https://vuejs.org/guide/introduction",
+     },
+     {
+       "assets": [
+         {
+           "brotliBytes": 18,
+           "kind": "external",
+           "rawBytes": 14,
+           "resolvedUrl": "https://assets.example/style.css",
+           "url": "https://assets.example/style.css",
+         },
+         {
+           "brotliBytes": 18,
+           "kind": "inline",
+           "rawBytes": 14,
+           "tag": "<style>",
+         },
+       ],
+       "css": {
+         "external": {
+           "brotliBytes": 18,
+           "rawBytes": 14,
+         },
+         "inline": {
+           "brotliBytes": 18,
+           "rawBytes": 14,
+         },
+         "total": {
+           "brotliBytes": 36,
+           "rawBytes": 28,
+         },
+       },
+       "name": "Angular",
+       "resolvedUrl": "https://angular.dev/overview",
+       "url": "https://angular.dev/overview",
+     },
+     {
+       "assets": [
+         {
+           "brotliBytes": 18,
+           "kind": "external",
+           "rawBytes": 14,
+           "resolvedUrl": "https://assets.example/style.css",
+           "url": "https://assets.example/style.css",
+         },
+         {
+           "brotliBytes": 18,
+           "kind": "inline",
+           "rawBytes": 14,
+           "tag": "<style>",
+         },
+       ],
+       "css": {
+         "external": {
+           "brotliBytes": 18,
+           "rawBytes": 14,
+         },
+         "inline": {
+           "brotliBytes": 18,
+           "rawBytes": 14,
+         },
+         "total": {
+           "brotliBytes": 36,
+           "rawBytes": 28,
+         },
+       },
+       "name": "Bootstrap",
+       "resolvedUrl": "https://getbootstrap.com/docs/5.3/getting-started/introduction",
+       "url": "https://getbootstrap.com/docs/5.3/getting-started/introduction",
+     },
+     {
+       "assets": [
+         {
+           "brotliBytes": 18,
+           "kind": "external",
+           "rawBytes": 14,
+           "resolvedUrl": "https://assets.example/style.css",
+           "url": "https://assets.example/style.css",
+         },
+         {
+           "brotliBytes": 18,
+           "kind": "inline",
+           "rawBytes": 14,
+           "tag": "<style>",
+         },
+       ],
+       "css": {
+         "external": {
+           "brotliBytes": 18,
+           "rawBytes": 14,
+         },
+         "inline": {
+           "brotliBytes": 18,
+           "rawBytes": 14,
+         },
+         "total": {
+           "brotliBytes": 36,
+           "rawBytes": 28,
+         },
+       },
+       "name": "Tailwind CSS",
+       "resolvedUrl": "https://tailwindcss.com/docs",
+       "url": "https://tailwindcss.com/docs",
+     },
+     {
+       "assets": [
+         {
+           "brotliBytes": 18,
+           "kind": "external",
+           "rawBytes": 14,
+           "resolvedUrl": "https://assets.example/style.css",
+           "url": "https://assets.example/style.css",
+         },
+         {
+           "brotliBytes": 18,
+           "kind": "inline",
+           "rawBytes": 14,
+           "tag": "<style>",
+         },
+       ],
+       "css": {
+         "external": {
+           "brotliBytes": 18,
+           "rawBytes": 14,
+         },
+         "inline": {
+           "brotliBytes": 18,
+           "rawBytes": 14,
+         },
+         "total": {
+           "brotliBytes": 36,
+           "rawBytes": 28,
+         },
+       },
+       "name": "Master CSS",
+       "resolvedUrl": "https://rc.css.master.co/en/guide",
+       "url": "https://rc.css.master.co/en/guide",
+     },
+   ],
+   "schemaVersion": 1,
+   "suite": "docs-page-css-size",
  }

 ❯ tests/bug-hunt-docs-css-resources.test.ts:22:51
     20|   test(`rejects non-CSS response MIME ${contentType || 'missing'}`, as…
     21|     stub(() => new Response('<h1>Error</h1>', { headers: contentType ?…
     22|     await expect(collectDocsPageCSSSizeSnapshot()).rejects.toThrow(/te…
       |                                                   ^
     23|   })
     24| }

⎯⎯⎯⎯⎯⎯⎯⎯⎯⎯⎯⎯⎯⎯⎯⎯⎯⎯⎯⎯⎯⎯⎯[5/11]⎯

 FAIL  tests/bug-hunt-docs-css-resources.test.ts > rejects non-CSS response MIME text/plain
AssertionError: promise resolved "{ schemaVersion: 1, …(3) }" instead of rejecting

- Expected
+ Received

- Error {
-   "message": "rejected promise",
+ {
+   "generatedAt": "2026-09-10T00:19:47.805Z",
+   "pages": [
+     {
+       "assets": [
+         {
+           "brotliBytes": 18,
+           "kind": "external",
+           "rawBytes": 14,
+           "resolvedUrl": "https://assets.example/style.css",
+           "url": "https://assets.example/style.css",
+         },
+         {
+           "brotliBytes": 18,
+           "kind": "inline",
+           "rawBytes": 14,
+           "tag": "<style>",
+         },
+       ],
+       "css": {
+         "external": {
+           "brotliBytes": 18,
+           "rawBytes": 14,
+         },
+         "inline": {
+           "brotliBytes": 18,
+           "rawBytes": 14,
+         },
+         "total": {
+           "brotliBytes": 36,
+           "rawBytes": 28,
+         },
+       },
+       "name": "Material UI",
+       "resolvedUrl": "https://mui.com/material-ui/getting-started",
+       "url": "https://mui.com/material-ui/getting-started",
+     },
+     {
+       "assets": [
+         {
+           "brotliBytes": 18,
+           "kind": "external",
+           "rawBytes": 14,
+           "resolvedUrl": "https://assets.example/style.css",
+           "url": "https://assets.example/style.css",
+         },
+         {
+           "brotliBytes": 18,
+           "kind": "inline",
+           "rawBytes": 14,
+           "tag": "<style>",
+         },
+       ],
+       "css": {
+         "external": {
+           "brotliBytes": 18,
+           "rawBytes": 14,
+         },
+         "inline": {
+           "brotliBytes": 18,
+           "rawBytes": 14,
+         },
+         "total": {
+           "brotliBytes": 36,
+           "rawBytes": 28,
+         },
+       },
+       "name": "Next.js",
+       "resolvedUrl": "https://nextjs.org/docs",
+       "url": "https://nextjs.org/docs",
+     },
+     {
+       "assets": [
+         {
+           "brotliBytes": 18,
+           "kind": "external",
+           "rawBytes": 14,
+           "resolvedUrl": "https://assets.example/style.css",
+           "url": "https://assets.example/style.css",
+         },
+         {
+           "brotliBytes": 18,
+           "kind": "inline",
+           "rawBytes": 14,
+           "tag": "<style>",
+         },
+       ],
+       "css": {
+         "external": {
+           "brotliBytes": 18,
+           "rawBytes": 14,
+         },
+         "inline": {
+           "brotliBytes": 18,
+           "rawBytes": 14,
+         },
+         "total": {
+           "brotliBytes": 36,
+           "rawBytes": 28,
+         },
+       },
+       "name": "React",
+       "resolvedUrl": "https://react.dev/learn",
+       "url": "https://react.dev/learn",
+     },
+     {
+       "assets": [
+         {
+           "brotliBytes": 18,
+           "kind": "external",
+           "rawBytes": 14,
+           "resolvedUrl": "https://assets.example/style.css",
+           "url": "https://assets.example/style.css",
+         },
+         {
+           "brotliBytes": 18,
+           "kind": "inline",
+           "rawBytes": 14,
+           "tag": "<style>",
+         },
+       ],
+       "css": {
+         "external": {
+           "brotliBytes": 18,
+           "rawBytes": 14,
+         },
+         "inline": {
+           "brotliBytes": 18,
+           "rawBytes": 14,
+         },
+         "total": {
+           "brotliBytes": 36,
+           "rawBytes": 28,
+         },
+       },
+       "name": "Vue.js",
+       "resolvedUrl": "https://vuejs.org/guide/introduction",
+       "url": "https://vuejs.org/guide/introduction",
+     },
+     {
+       "assets": [
+         {
+           "brotliBytes": 18,
+           "kind": "external",
+           "rawBytes": 14,
+           "resolvedUrl": "https://assets.example/style.css",
+           "url": "https://assets.example/style.css",
+         },
+         {
+           "brotliBytes": 18,
+           "kind": "inline",
+           "rawBytes": 14,
+           "tag": "<style>",
+         },
+       ],
+       "css": {
+         "external": {
+           "brotliBytes": 18,
+           "rawBytes": 14,
+         },
+         "inline": {
+           "brotliBytes": 18,
+           "rawBytes": 14,
+         },
+         "total": {
+           "brotliBytes": 36,
+           "rawBytes": 28,
+         },
+       },
+       "name": "Angular",
+       "resolvedUrl": "https://angular.dev/overview",
+       "url": "https://angular.dev/overview",
+     },
+     {
+       "assets": [
+         {
+           "brotliBytes": 18,
+           "kind": "external",
+           "rawBytes": 14,
+           "resolvedUrl": "https://assets.example/style.css",
+           "url": "https://assets.example/style.css",
+         },
+         {
+           "brotliBytes": 18,
+           "kind": "inline",
+           "rawBytes": 14,
+           "tag": "<style>",
+         },
+       ],
+       "css": {
+         "external": {
+           "brotliBytes": 18,
+           "rawBytes": 14,
+         },
+         "inline": {
+           "brotliBytes": 18,
+           "rawBytes": 14,
+         },
+         "total": {
+           "brotliBytes": 36,
+           "rawBytes": 28,
+         },
+       },
+       "name": "Bootstrap",
+       "resolvedUrl": "https://getbootstrap.com/docs/5.3/getting-started/introduction",
+       "url": "https://getbootstrap.com/docs/5.3/getting-started/introduction",
+     },
+     {
+       "assets": [
+         {
+           "brotliBytes": 18,
+           "kind": "external",
+           "rawBytes": 14,
+           "resolvedUrl": "https://assets.example/style.css",
+           "url": "https://assets.example/style.css",
+         },
+         {
+           "brotliBytes": 18,
+           "kind": "inline",
+           "rawBytes": 14,
+           "tag": "<style>",
+         },
+       ],
+       "css": {
+         "external": {
+           "brotliBytes": 18,
+           "rawBytes": 14,
+         },
+         "inline": {
+           "brotliBytes": 18,
+           "rawBytes": 14,
+         },
+         "total": {
+           "brotliBytes": 36,
+           "rawBytes": 28,
+         },
+       },
+       "name": "Tailwind CSS",
+       "resolvedUrl": "https://tailwindcss.com/docs",
+       "url": "https://tailwindcss.com/docs",
+     },
+     {
+       "assets": [
+         {
+           "brotliBytes": 18,
+           "kind": "external",
+           "rawBytes": 14,
+           "resolvedUrl": "https://assets.example/style.css",
+           "url": "https://assets.example/style.css",
+         },
+         {
+           "brotliBytes": 18,
+           "kind": "inline",
+           "rawBytes": 14,
+           "tag": "<style>",
+         },
+       ],
+       "css": {
+         "external": {
+           "brotliBytes": 18,
+           "rawBytes": 14,
+         },
+         "inline": {
+           "brotliBytes": 18,
+           "rawBytes": 14,
+         },
+         "total": {
+           "brotliBytes": 36,
+           "rawBytes": 28,
+         },
+       },
+       "name": "Master CSS",
+       "resolvedUrl": "https://rc.css.master.co/en/guide",
+       "url": "https://rc.css.master.co/en/guide",
+     },
+   ],
+   "schemaVersion": 1,
+   "suite": "docs-page-css-size",
  }

 ❯ tests/bug-hunt-docs-css-resources.test.ts:22:51
     20|   test(`rejects non-CSS response MIME ${contentType || 'missing'}`, as…
     21|     stub(() => new Response('<h1>Error</h1>', { headers: contentType ?…
     22|     await expect(collectDocsPageCSSSizeSnapshot()).rejects.toThrow(/te…
       |                                                   ^
     23|   })
     24| }

⎯⎯⎯⎯⎯⎯⎯⎯⎯⎯⎯⎯⎯⎯⎯⎯⎯⎯⎯⎯⎯⎯⎯[6/11]⎯

 FAIL  tests/bug-hunt-docs-css-resources.test.ts > rejects failed HTML document HTTP 404
AssertionError: promise resolved "{ schemaVersion: 1, …(3) }" instead of rejecting

- Expected
+ Received

- Error {
-   "message": "rejected promise",
+ {
+   "generatedAt": "2026-09-10T00:19:47.809Z",
+   "pages": [
+     {
+       "assets": [
+         {
+           "brotliBytes": 17,
+           "kind": "external",
+           "rawBytes": 13,
+           "resolvedUrl": "https://assets.example/style.css",
+           "url": "https://assets.example/style.css",
+         },
+         {
+           "brotliBytes": 18,
+           "kind": "inline",
+           "rawBytes": 14,
+           "tag": "<style>",
+         },
+       ],
+       "css": {
+         "external": {
+           "brotliBytes": 17,
+           "rawBytes": 13,
+         },
+         "inline": {
+           "brotliBytes": 18,
+           "rawBytes": 14,
+         },
+         "total": {
+           "brotliBytes": 35,
+           "rawBytes": 27,
+         },
+       },
+       "name": "Material UI",
+       "resolvedUrl": "https://mui.com/material-ui/getting-started",
+       "url": "https://mui.com/material-ui/getting-started",
+     },
+     {
+       "assets": [
+         {
+           "brotliBytes": 17,
+           "kind": "external",
+           "rawBytes": 13,
+           "resolvedUrl": "https://assets.example/style.css",
+           "url": "https://assets.example/style.css",
+         },
+         {
+           "brotliBytes": 18,
+           "kind": "inline",
+           "rawBytes": 14,
+           "tag": "<style>",
+         },
+       ],
+       "css": {
+         "external": {
+           "brotliBytes": 17,
+           "rawBytes": 13,
+         },
+         "inline": {
+           "brotliBytes": 18,
+           "rawBytes": 14,
+         },
+         "total": {
+           "brotliBytes": 35,
+           "rawBytes": 27,
+         },
+       },
+       "name": "Next.js",
+       "resolvedUrl": "https://nextjs.org/docs",
+       "url": "https://nextjs.org/docs",
+     },
+     {
+       "assets": [
+         {
+           "brotliBytes": 17,
+           "kind": "external",
+           "rawBytes": 13,
+           "resolvedUrl": "https://assets.example/style.css",
+           "url": "https://assets.example/style.css",
+         },
+         {
+           "brotliBytes": 18,
+           "kind": "inline",
+           "rawBytes": 14,
+           "tag": "<style>",
+         },
+       ],
+       "css": {
+         "external": {
+           "brotliBytes": 17,
+           "rawBytes": 13,
+         },
+         "inline": {
+           "brotliBytes": 18,
+           "rawBytes": 14,
+         },
+         "total": {
+           "brotliBytes": 35,
+           "rawBytes": 27,
+         },
+       },
+       "name": "React",
+       "resolvedUrl": "https://react.dev/learn",
+       "url": "https://react.dev/learn",
+     },
+     {
+       "assets": [
+         {
+           "brotliBytes": 17,
+           "kind": "external",
+           "rawBytes": 13,
+           "resolvedUrl": "https://assets.example/style.css",
+           "url": "https://assets.example/style.css",
+         },
+         {
+           "brotliBytes": 18,
+           "kind": "inline",
+           "rawBytes": 14,
+           "tag": "<style>",
+         },
+       ],
+       "css": {
+         "external": {
+           "brotliBytes": 17,
+           "rawBytes": 13,
+         },
+         "inline": {
+           "brotliBytes": 18,
+           "rawBytes": 14,
+         },
+         "total": {
+           "brotliBytes": 35,
+           "rawBytes": 27,
+         },
+       },
+       "name": "Vue.js",
+       "resolvedUrl": "https://vuejs.org/guide/introduction",
+       "url": "https://vuejs.org/guide/introduction",
+     },
+     {
+       "assets": [
+         {
+           "brotliBytes": 17,
+           "kind": "external",
+           "rawBytes": 13,
+           "resolvedUrl": "https://assets.example/style.css",
+           "url": "https://assets.example/style.css",
+         },
+         {
+           "brotliBytes": 18,
+           "kind": "inline",
+           "rawBytes": 14,
+           "tag": "<style>",
+         },
+       ],
+       "css": {
+         "external": {
+           "brotliBytes": 17,
+           "rawBytes": 13,
+         },
+         "inline": {
+           "brotliBytes": 18,
+           "rawBytes": 14,
+         },
+         "total": {
+           "brotliBytes": 35,
+           "rawBytes": 27,
+         },
+       },
+       "name": "Angular",
+       "resolvedUrl": "https://angular.dev/overview",
+       "url": "https://angular.dev/overview",
+     },
+     {
+       "assets": [
+         {
+           "brotliBytes": 17,
+           "kind": "external",
+           "rawBytes": 13,
+           "resolvedUrl": "https://assets.example/style.css",
+           "url": "https://assets.example/style.css",
+         },
+         {
+           "brotliBytes": 18,
+           "kind": "inline",
+           "rawBytes": 14,
+           "tag": "<style>",
+         },
+       ],
+       "css": {
+         "external": {
+           "brotliBytes": 17,
+           "rawBytes": 13,
+         },
+         "inline": {
+           "brotliBytes": 18,
+           "rawBytes": 14,
+         },
+         "total": {
+           "brotliBytes": 35,
+           "rawBytes": 27,
+         },
+       },
+       "name": "Bootstrap",
+       "resolvedUrl": "https://getbootstrap.com/docs/5.3/getting-started/introduction",
+       "url": "https://getbootstrap.com/docs/5.3/getting-started/introduction",
+     },
+     {
+       "assets": [
+         {
+           "brotliBytes": 17,
+           "kind": "external",
+           "rawBytes": 13,
+           "resolvedUrl": "https://assets.example/style.css",
+           "url": "https://assets.example/style.css",
+         },
+         {
+           "brotliBytes": 18,
+           "kind": "inline",
+           "rawBytes": 14,
+           "tag": "<style>",
+         },
+       ],
+       "css": {
+         "external": {
+           "brotliBytes": 17,
+           "rawBytes": 13,
+         },
+         "inline": {
+           "brotliBytes": 18,
+           "rawBytes": 14,
+         },
+         "total": {
+           "brotliBytes": 35,
+           "rawBytes": 27,
+         },
+       },
+       "name": "Tailwind CSS",
+       "resolvedUrl": "https://tailwindcss.com/docs",
+       "url": "https://tailwindcss.com/docs",
+     },
+     {
+       "assets": [
+         {
+           "brotliBytes": 17,
+           "kind": "external",
+           "rawBytes": 13,
+           "resolvedUrl": "https://assets.example/style.css",
+           "url": "https://assets.example/style.css",
+         },
+         {
+           "brotliBytes": 18,
+           "kind": "inline",
+           "rawBytes": 14,
+           "tag": "<style>",
+         },
+       ],
+       "css": {
+         "external": {
+           "brotliBytes": 17,
+           "rawBytes": 13,
+         },
+         "inline": {
+           "brotliBytes": 18,
+           "rawBytes": 14,
+         },
+         "total": {
+           "brotliBytes": 35,
+           "rawBytes": 27,
+         },
+       },
+       "name": "Master CSS",
+       "resolvedUrl": "https://rc.css.master.co/en/guide",
+       "url": "https://rc.css.master.co/en/guide",
+     },
+   ],
+   "schemaVersion": 1,
+   "suite": "docs-page-css-size",
  }

 ❯ tests/bug-hunt-docs-css-resources.test.ts:28:51
     26|   test(`rejects failed HTML document HTTP ${status}`, async () => {
     27|     stub(() => new Response(css), page, { status, headers: { 'content-…
     28|     await expect(collectDocsPageCSSSizeSnapshot()).rejects.toThrow(Str…
       |                                                   ^
     29|   })
     30| }

⎯⎯⎯⎯⎯⎯⎯⎯⎯⎯⎯⎯⎯⎯⎯⎯⎯⎯⎯⎯⎯⎯⎯[7/11]⎯

 FAIL  tests/bug-hunt-docs-css-resources.test.ts > rejects non-HTML document MIME
AssertionError: promise resolved "{ schemaVersion: 1, …(3) }" instead of rejecting

- Expected
+ Received

- Error {
-   "message": "rejected promise",
+ {
+   "generatedAt": "2026-09-10T00:19:47.814Z",
+   "pages": [
+     {
+       "assets": [
+         {
+           "brotliBytes": 17,
+           "kind": "external",
+           "rawBytes": 13,
+           "resolvedUrl": "https://assets.example/style.css",
+           "url": "https://assets.example/style.css",
+         },
+         {
+           "brotliBytes": 18,
+           "kind": "inline",
+           "rawBytes": 14,
+           "tag": "<style>",
+         },
+       ],
+       "css": {
+         "external": {
+           "brotliBytes": 17,
+           "rawBytes": 13,
+         },
+         "inline": {
+           "brotliBytes": 18,
+           "rawBytes": 14,
+         },
+         "total": {
+           "brotliBytes": 35,
+           "rawBytes": 27,
+         },
+       },
+       "name": "Material UI",
+       "resolvedUrl": "https://mui.com/material-ui/getting-started",
+       "url": "https://mui.com/material-ui/getting-started",
+     },
+     {
+       "assets": [
+         {
+           "brotliBytes": 17,
+           "kind": "external",
+           "rawBytes": 13,
+           "resolvedUrl": "https://assets.example/style.css",
+           "url": "https://assets.example/style.css",
+         },
+         {
+           "brotliBytes": 18,
+           "kind": "inline",
+           "rawBytes": 14,
+           "tag": "<style>",
+         },
+       ],
+       "css": {
+         "external": {
+           "brotliBytes": 17,
+           "rawBytes": 13,
+         },
+         "inline": {
+           "brotliBytes": 18,
+           "rawBytes": 14,
+         },
+         "total": {
+           "brotliBytes": 35,
+           "rawBytes": 27,
+         },
+       },
+       "name": "Next.js",
+       "resolvedUrl": "https://nextjs.org/docs",
+       "url": "https://nextjs.org/docs",
+     },
+     {
+       "assets": [
+         {
+           "brotliBytes": 17,
+           "kind": "external",
+           "rawBytes": 13,
+           "resolvedUrl": "https://assets.example/style.css",
+           "url": "https://assets.example/style.css",
+         },
+         {
+           "brotliBytes": 18,
+           "kind": "inline",
+           "rawBytes": 14,
+           "tag": "<style>",
+         },
+       ],
+       "css": {
+         "external": {
+           "brotliBytes": 17,
+           "rawBytes": 13,
+         },
+         "inline": {
+           "brotliBytes": 18,
+           "rawBytes": 14,
+         },
+         "total": {
+           "brotliBytes": 35,
+           "rawBytes": 27,
+         },
+       },
+       "name": "React",
+       "resolvedUrl": "https://react.dev/learn",
+       "url": "https://react.dev/learn",
+     },
+     {
+       "assets": [
+         {
+           "brotliBytes": 17,
+           "kind": "external",
+           "rawBytes": 13,
+           "resolvedUrl": "https://assets.example/style.css",
+           "url": "https://assets.example/style.css",
+         },
+         {
+           "brotliBytes": 18,
+           "kind": "inline",
+           "rawBytes": 14,
+           "tag": "<style>",
+         },
+       ],
+       "css": {
+         "external": {
+           "brotliBytes": 17,
+           "rawBytes": 13,
+         },
+         "inline": {
+           "brotliBytes": 18,
+           "rawBytes": 14,
+         },
+         "total": {
+           "brotliBytes": 35,
+           "rawBytes": 27,
+         },
+       },
+       "name": "Vue.js",
+       "resolvedUrl": "https://vuejs.org/guide/introduction",
+       "url": "https://vuejs.org/guide/introduction",
+     },
+     {
+       "assets": [
+         {
+           "brotliBytes": 17,
+           "kind": "external",
+           "rawBytes": 13,
+           "resolvedUrl": "https://assets.example/style.css",
+           "url": "https://assets.example/style.css",
+         },
+         {
+           "brotliBytes": 18,
+           "kind": "inline",
+           "rawBytes": 14,
+           "tag": "<style>",
+         },
+       ],
+       "css": {
+         "external": {
+           "brotliBytes": 17,
+           "rawBytes": 13,
+         },
+         "inline": {
+           "brotliBytes": 18,
+           "rawBytes": 14,
+         },
+         "total": {
+           "brotliBytes": 35,
+           "rawBytes": 27,
+         },
+       },
+       "name": "Angular",
+       "resolvedUrl": "https://angular.dev/overview",
+       "url": "https://angular.dev/overview",
+     },
+     {
+       "assets": [
+         {
+           "brotliBytes": 17,
+           "kind": "external",
+           "rawBytes": 13,
+           "resolvedUrl": "https://assets.example/style.css",
+           "url": "https://assets.example/style.css",
+         },
+         {
+           "brotliBytes": 18,
+           "kind": "inline",
+           "rawBytes": 14,
+           "tag": "<style>",
+         },
+       ],
+       "css": {
+         "external": {
+           "brotliBytes": 17,
+           "rawBytes": 13,
+         },
+         "inline": {
+           "brotliBytes": 18,
+           "rawBytes": 14,
+         },
+         "total": {
+           "brotliBytes": 35,
+           "rawBytes": 27,
+         },
+       },
+       "name": "Bootstrap",
+       "resolvedUrl": "https://getbootstrap.com/docs/5.3/getting-started/introduction",
+       "url": "https://getbootstrap.com/docs/5.3/getting-started/introduction",
+     },
+     {
+       "assets": [
+         {
+           "brotliBytes": 17,
+           "kind": "external",
+           "rawBytes": 13,
+           "resolvedUrl": "https://assets.example/style.css",
+           "url": "https://assets.example/style.css",
+         },
+         {
+           "brotliBytes": 18,
+           "kind": "inline",
+           "rawBytes": 14,
+           "tag": "<style>",
+         },
+       ],
+       "css": {
+         "external": {
+           "brotliBytes": 17,
+           "rawBytes": 13,
+         },
+         "inline": {
+           "brotliBytes": 18,
+           "rawBytes": 14,
+         },
+         "total": {
+           "brotliBytes": 35,
+           "rawBytes": 27,
+         },
+       },
+       "name": "Tailwind CSS",
+       "resolvedUrl": "https://tailwindcss.com/docs",
+       "url": "https://tailwindcss.com/docs",
+     },
+     {
+       "assets": [
+         {
+           "brotliBytes": 17,
+           "kind": "external",
+           "rawBytes": 13,
+           "resolvedUrl": "https://assets.example/style.css",
+           "url": "https://assets.example/style.css",
+         },
+         {
+           "brotliBytes": 18,
+           "kind": "inline",
+           "rawBytes": 14,
+           "tag": "<style>",
+         },
+       ],
+       "css": {
+         "external": {
+           "brotliBytes": 17,
+           "rawBytes": 13,
+         },
+         "inline": {
+           "brotliBytes": 18,
+           "rawBytes": 14,
+         },
+         "total": {
+           "brotliBytes": 35,
+           "rawBytes": 27,
+         },
+       },
+       "name": "Master CSS",
+       "resolvedUrl": "https://rc.css.master.co/en/guide",
+       "url": "https://rc.css.master.co/en/guide",
+     },
+   ],
+   "schemaVersion": 1,
+   "suite": "docs-page-css-size",
  }

 ❯ tests/bug-hunt-docs-css-resources.test.ts:33:49
     31| test('rejects non-HTML document MIME', async () => {
     32|   stub(() => new Response(css), page, { headers: { 'content-type': 'ap…
     33|   await expect(collectDocsPageCSSSizeSnapshot()).rejects.toThrow(/HTML…
       |                                                 ^
     34| })
     35| test('valid CSS metadata and exact body bytes survive collection', asy…

⎯⎯⎯⎯⎯⎯⎯⎯⎯⎯⎯⎯⎯⎯⎯⎯⎯⎯⎯⎯⎯⎯⎯[8/11]⎯

 FAIL  tests/bug-hunt-docs-css-resources.test.ts > valid CSS metadata and exact body bytes survive collection
AssertionError: expected { kind: 'external', …(4) } to match object { kind: 'external', status: 200, …(1) }
(4 matching properties omitted from actual)

- Expected
+ Received

  {
-   "contentType": "Text/CSS; charset=utf-8",
    "kind": "external",
-   "status": 200,
  }

 ❯ tests/bug-hunt-docs-css-resources.test.ts:41:30
     39|   for (const result of snapshot.pages) {
     40|     expect(result.css.external.rawBytes).toBe(Buffer.byteLength(css))
     41|     expect(result.assets[0]).toMatchObject({ kind: 'external', status:…
       |                              ^
     42|   }
     43| })

⎯⎯⎯⎯⎯⎯⎯⎯⎯⎯⎯⎯⎯⎯⎯⎯⎯⎯⎯⎯⎯⎯⎯[9/11]⎯

 FAIL  tests/bug-hunt-docs-css-resources.test.ts > body-read rejection includes the failing URL
AssertionError: expected [Function] to throw error matching /https:\/\/assets.example\/style.css.…/\ but got 'truncated body'

- Expected:
/https:\/\/assets.example\/style.css.*truncated body/

+ Received:
"truncated body"

 ❯ tests/bug-hunt-docs-css-resources.test.ts:50:49
     48| test('body-read rejection includes the failing URL', async () => {
     49|   stub(() => new Response(new ReadableStream({ start(controller) { con…
     50|   await expect(collectDocsPageCSSSizeSnapshot()).rejects.toThrow(/http…
       |                                                 ^
     51| })
     52| test('one failed stylesheet rejects the complete report rather than pu…

⎯⎯⎯⎯⎯⎯⎯⎯⎯⎯⎯⎯⎯⎯⎯⎯⎯⎯⎯⎯⎯⎯[10/11]⎯

 FAIL  tests/bug-hunt-docs-css-resources.test.ts > one failed stylesheet rejects the complete report rather than publishing a partial total
AssertionError: promise resolved "{ schemaVersion: 1, …(3) }" instead of rejecting

- Expected
+ Received

- Error {
-   "message": "rejected promise",
+ {
+   "generatedAt": "2026-09-10T00:19:47.844Z",
+   "pages": [
+     {
+       "assets": [
+         {
+           "brotliBytes": 17,
+           "kind": "external",
+           "rawBytes": 13,
+           "resolvedUrl": "https://assets.example/good.css",
+           "url": "https://assets.example/good.css",
+         },
+         {
+           "brotliBytes": 11,
+           "kind": "external",
+           "rawBytes": 7,
+           "resolvedUrl": "https://assets.example/bad.css",
+           "url": "https://assets.example/bad.css",
+         },
+       ],
+       "css": {
+         "external": {
+           "brotliBytes": 28,
+           "rawBytes": 20,
+         },
+         "inline": {
+           "brotliBytes": 0,
+           "rawBytes": 0,
+         },
+         "total": {
+           "brotliBytes": 28,
+           "rawBytes": 20,
+         },
+       },
+       "name": "Material UI",
+       "resolvedUrl": "https://mui.com/material-ui/getting-started",
+       "url": "https://mui.com/material-ui/getting-started",
+     },
+     {
+       "assets": [
+         {
+           "brotliBytes": 17,
+           "kind": "external",
+           "rawBytes": 13,
+           "resolvedUrl": "https://assets.example/good.css",
+           "url": "https://assets.example/good.css",
+         },
+         {
+           "brotliBytes": 11,
+           "kind": "external",
+           "rawBytes": 7,
+           "resolvedUrl": "https://assets.example/bad.css",
+           "url": "https://assets.example/bad.css",
+         },
+       ],
+       "css": {
+         "external": {
+           "brotliBytes": 28,
+           "rawBytes": 20,
+         },
+         "inline": {
+           "brotliBytes": 0,
+           "rawBytes": 0,
+         },
+         "total": {
+           "brotliBytes": 28,
+           "rawBytes": 20,
+         },
+       },
+       "name": "Next.js",
+       "resolvedUrl": "https://nextjs.org/docs",
+       "url": "https://nextjs.org/docs",
+     },
+     {
+       "assets": [
+         {
+           "brotliBytes": 17,
+           "kind": "external",
+           "rawBytes": 13,
+           "resolvedUrl": "https://assets.example/good.css",
+           "url": "https://assets.example/good.css",
+         },
+         {
+           "brotliBytes": 11,
+           "kind": "external",
+           "rawBytes": 7,
+           "resolvedUrl": "https://assets.example/bad.css",
+           "url": "https://assets.example/bad.css",
+         },
+       ],
+       "css": {
+         "external": {
+           "brotliBytes": 28,
+           "rawBytes": 20,
+         },
+         "inline": {
+           "brotliBytes": 0,
+           "rawBytes": 0,
+         },
+         "total": {
+           "brotliBytes": 28,
+           "rawBytes": 20,
+         },
+       },
+       "name": "React",
+       "resolvedUrl": "https://react.dev/learn",
+       "url": "https://react.dev/learn",
+     },
+     {
+       "assets": [
+         {
+           "brotliBytes": 17,
+           "kind": "external",
+           "rawBytes": 13,
+           "resolvedUrl": "https://assets.example/good.css",
+           "url": "https://assets.example/good.css",
+         },
+         {
+           "brotliBytes": 11,
+           "kind": "external",
+           "rawBytes": 7,
+           "resolvedUrl": "https://assets.example/bad.css",
+           "url": "https://assets.example/bad.css",
+         },
+       ],
+       "css": {
+         "external": {
+           "brotliBytes": 28,
+           "rawBytes": 20,
+         },
+         "inline": {
+           "brotliBytes": 0,
+           "rawBytes": 0,
+         },
+         "total": {
+           "brotliBytes": 28,
+           "rawBytes": 20,
+         },
+       },
+       "name": "Vue.js",
+       "resolvedUrl": "https://vuejs.org/guide/introduction",
+       "url": "https://vuejs.org/guide/introduction",
+     },
+     {
+       "assets": [
+         {
+           "brotliBytes": 17,
+           "kind": "external",
+           "rawBytes": 13,
+           "resolvedUrl": "https://assets.example/good.css",
+           "url": "https://assets.example/good.css",
+         },
+         {
+           "brotliBytes": 11,
+           "kind": "external",
+           "rawBytes": 7,
+           "resolvedUrl": "https://assets.example/bad.css",
+           "url": "https://assets.example/bad.css",
+         },
+       ],
+       "css": {
+         "external": {
+           "brotliBytes": 28,
+           "rawBytes": 20,
+         },
+         "inline": {
+           "brotliBytes": 0,
+           "rawBytes": 0,
+         },
+         "total": {
+           "brotliBytes": 28,
+           "rawBytes": 20,
+         },
+       },
+       "name": "Angular",
+       "resolvedUrl": "https://angular.dev/overview",
+       "url": "https://angular.dev/overview",
+     },
+     {
+       "assets": [
+         {
+           "brotliBytes": 17,
+           "kind": "external",
+           "rawBytes": 13,
+           "resolvedUrl": "https://assets.example/good.css",
+           "url": "https://assets.example/good.css",
+         },
+         {
+           "brotliBytes": 11,
+           "kind": "external",
+           "rawBytes": 7,
+           "resolvedUrl": "https://assets.example/bad.css",
+           "url": "https://assets.example/bad.css",
+         },
+       ],
+       "css": {
+         "external": {
+           "brotliBytes": 28,
+           "rawBytes": 20,
+         },
+         "inline": {
+           "brotliBytes": 0,
+           "rawBytes": 0,
+         },
+         "total": {
+           "brotliBytes": 28,
+           "rawBytes": 20,
+         },
+       },
+       "name": "Bootstrap",
+       "resolvedUrl": "https://getbootstrap.com/docs/5.3/getting-started/introduction",
+       "url": "https://getbootstrap.com/docs/5.3/getting-started/introduction",
+     },
+     {
+       "assets": [
+         {
+           "brotliBytes": 17,
+           "kind": "external",
+           "rawBytes": 13,
+           "resolvedUrl": "https://assets.example/good.css",
+           "url": "https://assets.example/good.css",
+         },
+         {
+           "brotliBytes": 11,
+           "kind": "external",
+           "rawBytes": 7,
+           "resolvedUrl": "https://assets.example/bad.css",
+           "url": "https://assets.example/bad.css",
+         },
+       ],
+       "css": {
+         "external": {
+           "brotliBytes": 28,
+           "rawBytes": 20,
+         },
+         "inline": {
+           "brotliBytes": 0,
+           "rawBytes": 0,
+         },
+         "total": {
+           "brotliBytes": 28,
+           "rawBytes": 20,
+         },
+       },
+       "name": "Tailwind CSS",
+       "resolvedUrl": "https://tailwindcss.com/docs",
+       "url": "https://tailwindcss.com/docs",
+     },
+     {
+       "assets": [
+         {
+           "brotliBytes": 17,
+           "kind": "external",
+           "rawBytes": 13,
+           "resolvedUrl": "https://assets.example/good.css",
+           "url": "https://assets.example/good.css",
+         },
+         {
+           "brotliBytes": 11,
+           "kind": "external",
+           "rawBytes": 7,
+           "resolvedUrl": "https://assets.example/bad.css",
+           "url": "https://assets.example/bad.css",
+         },
+       ],
+       "css": {
+         "external": {
+           "brotliBytes": 28,
+           "rawBytes": 20,
+         },
+         "inline": {
+           "brotliBytes": 0,
+           "rawBytes": 0,
+         },
+         "total": {
+           "brotliBytes": 28,
+           "rawBytes": 20,
+         },
+       },
+       "name": "Master CSS",
+       "resolvedUrl": "https://rc.css.master.co/en/guide",
+       "url": "https://rc.css.master.co/en/guide",
+     },
+   ],
+   "schemaVersion": 1,
+   "suite": "docs-page-css-size",
  }

 ❯ tests/bug-hunt-docs-css-resources.test.ts:62:49
     60|     return new Response('<link rel="stylesheet" href="https://assets.e…
     61|   })
     62|   await expect(collectDocsPageCSSSizeSnapshot()).rejects.toThrow(/bad.…
       |                                                 ^
     63|   expect(finished).toBe(8)
     64| })

⎯⎯⎯⎯⎯⎯⎯⎯⎯⎯⎯⎯⎯⎯⎯⎯⎯⎯⎯⎯⎯⎯[11/11]⎯


 Test Files  1 failed (1)
      Tests  11 failed | 4 passed (15)
   Start at  08:19:47
   Duration  357ms (import 56%, tests 35%, transform 8%, worker 1%)

Error: ERR_PNPM_RECURSIVE_EXEC_FIRST_FAIL

  × "pnpm recursive exec" failed in /Users/aron/master/css/benchmarks

