(!) Your Vite config uses features that are unsupported by `configLoader: 'native'`, which is planned to become the default in a future major version of Vite:
  - import "../../shared/vitest.config" without a file extension (vitest.config.ts:2:20). Add the file extension
  - import "./vitest-ci-config" without a file extension (../../shared/vitest.config.ts:2:58). Add the file extension
Set `VITE_CONFIG_NATIVE_IGNORE_WARNING=true` to suppress this warning.

 RUN  v5.0.0 /Users/aron/master/css/packages/vite

stdout | tests/plugins/bug-hunt-imported-sass-original-maps.test.ts > imported Sass maps original file and token: css / scss / partial=false
{"rootExtension":"css","syntax":"scss","partial":false,"diagnostic":{"version":2,"code":"invalid-compose-class","domain":"compiler","severity":"error","message":"Invalid @compose class: unknown-utility","source":"/var/folders/_b/768dhtz56ns54x1r867j67280000gn/T/master-css-sass-import-QIWXdj/child.scss","range":{"start":{"line":3,"character":11},"end":{"line":3,"character":26}}},"additionalDataCalls":["/private/var/folders/_b/768dhtz56ns54x1r867j67280000gn/T/master-css-original-import-map-3cs1gN/nested/child.scss"]}

stdout | tests/plugins/bug-hunt-imported-sass-original-maps.test.ts > imported Sass maps original file and token: css / sass / partial=false
{"rootExtension":"css","syntax":"sass","partial":false,"diagnostic":{"version":2,"code":"invalid-compose-class","domain":"compiler","severity":"error","message":"Invalid @compose class: unknown-utility","source":"/var/folders/_b/768dhtz56ns54x1r867j67280000gn/T/master-css-sass-import-SM5OCE/child.sass","range":{"start":{"line":3,"character":11},"end":{"line":3,"character":26}}},"additionalDataCalls":["/private/var/folders/_b/768dhtz56ns54x1r867j67280000gn/T/master-css-original-import-map-awC5Hc/nested/child.sass"]}

stdout | tests/plugins/bug-hunt-imported-sass-original-maps.test.ts > imported Sass maps original file and token: scss / scss / partial=false
{"rootExtension":"scss","syntax":"scss","partial":false,"diagnostic":{"version":2,"code":"invalid-compose-class","domain":"compiler","severity":"error","message":"Invalid @compose class: unknown-utility","source":"/var/folders/_b/768dhtz56ns54x1r867j67280000gn/T/master-css-sass-import-O7Mi6f/child.scss","range":{"start":{"line":3,"character":11},"end":{"line":3,"character":26}}},"additionalDataCalls":["/private/var/folders/_b/768dhtz56ns54x1r867j67280000gn/T/master-css-original-import-map-6cexGW/style.module.scss","/private/var/folders/_b/768dhtz56ns54x1r867j67280000gn/T/master-css-original-import-map-6cexGW/nested/child.scss"]}

stdout | tests/plugins/bug-hunt-imported-sass-original-maps.test.ts > imported Sass maps original file and token: scss / sass / partial=false
{"rootExtension":"scss","syntax":"sass","partial":false,"diagnostic":{"version":2,"code":"invalid-compose-class","domain":"compiler","severity":"error","message":"Invalid @compose class: unknown-utility","source":"/var/folders/_b/768dhtz56ns54x1r867j67280000gn/T/master-css-sass-import-nnTbu5/child.sass","range":{"start":{"line":3,"character":11},"end":{"line":3,"character":26}}},"additionalDataCalls":["/private/var/folders/_b/768dhtz56ns54x1r867j67280000gn/T/master-css-original-import-map-Bf3t2S/style.module.scss","/private/var/folders/_b/768dhtz56ns54x1r867j67280000gn/T/master-css-original-import-map-Bf3t2S/nested/child.sass"]}

 ❯ tests/plugins/bug-hunt-imported-sass-original-maps.test.ts (10 tests | 4 failed) 2345ms
   × imported Sass maps original file and token: css / scss / partial=false 424ms
   × imported Sass maps original file and token: css / sass / partial=false 264ms
   × imported Sass maps original file and token: scss / scss / partial=false 273ms
   × imported Sass maps original file and token: scss / sass / partial=false 269ms

⎯⎯⎯⎯⎯⎯⎯ Failed Tests 4 ⎯⎯⎯⎯⎯⎯⎯

 FAIL  tests/plugins/bug-hunt-imported-sass-original-maps.test.ts > imported Sass maps original file and token: css / scss / partial=false
AssertionError: expected '/var/folders/_b/768dhtz56ns54x1r867j6…' to be '/private/var/folders/_b/768dhtz56ns54…' // Object.is equality

Expected: "/private/var/folders/_b/768dhtz56ns54x1r867j67280000gn/T/master-css-original-import-map-3cs1gN/nested/child.scss"
Received: "/var/folders/_b/768dhtz56ns54x1r867j67280000gn/T/master-css-sass-import-QIWXdj/child.scss"

 ❯ tests/plugins/bug-hunt-imported-sass-original-maps.test.ts:39:31
     37|     const diagnostic = failure!.diagnostics[0]
     38|     console.log(JSON.stringify({ rootExtension, syntax, partial, diagn…
     39|     expect(diagnostic.source).toBe(original)
       |                               ^
     40|     expect(diagnostic.range).toEqual({ start: { line: 3, character: 11…
     41|     expect(diagnostic.notes).toBeUndefined()

⎯⎯⎯⎯⎯⎯⎯⎯⎯⎯⎯⎯⎯⎯⎯⎯⎯⎯⎯⎯⎯⎯⎯⎯[1/4]⎯

 FAIL  tests/plugins/bug-hunt-imported-sass-original-maps.test.ts > imported Sass maps original file and token: css / sass / partial=false
AssertionError: expected '/var/folders/_b/768dhtz56ns54x1r867j6…' to be '/private/var/folders/_b/768dhtz56ns54…' // Object.is equality

Expected: "/private/var/folders/_b/768dhtz56ns54x1r867j67280000gn/T/master-css-original-import-map-awC5Hc/nested/child.sass"
Received: "/var/folders/_b/768dhtz56ns54x1r867j67280000gn/T/master-css-sass-import-SM5OCE/child.sass"

 ❯ tests/plugins/bug-hunt-imported-sass-original-maps.test.ts:39:31
     37|     const diagnostic = failure!.diagnostics[0]
     38|     console.log(JSON.stringify({ rootExtension, syntax, partial, diagn…
     39|     expect(diagnostic.source).toBe(original)
       |                               ^
     40|     expect(diagnostic.range).toEqual({ start: { line: 3, character: 11…
     41|     expect(diagnostic.notes).toBeUndefined()

⎯⎯⎯⎯⎯⎯⎯⎯⎯⎯⎯⎯⎯⎯⎯⎯⎯⎯⎯⎯⎯⎯⎯⎯[2/4]⎯

 FAIL  tests/plugins/bug-hunt-imported-sass-original-maps.test.ts > imported Sass maps original file and token: scss / scss / partial=false
AssertionError: expected '/var/folders/_b/768dhtz56ns54x1r867j6…' to be '/private/var/folders/_b/768dhtz56ns54…' // Object.is equality

Expected: "/private/var/folders/_b/768dhtz56ns54x1r867j67280000gn/T/master-css-original-import-map-6cexGW/nested/child.scss"
Received: "/var/folders/_b/768dhtz56ns54x1r867j67280000gn/T/master-css-sass-import-O7Mi6f/child.scss"

 ❯ tests/plugins/bug-hunt-imported-sass-original-maps.test.ts:39:31
     37|     const diagnostic = failure!.diagnostics[0]
     38|     console.log(JSON.stringify({ rootExtension, syntax, partial, diagn…
     39|     expect(diagnostic.source).toBe(original)
       |                               ^
     40|     expect(diagnostic.range).toEqual({ start: { line: 3, character: 11…
     41|     expect(diagnostic.notes).toBeUndefined()

⎯⎯⎯⎯⎯⎯⎯⎯⎯⎯⎯⎯⎯⎯⎯⎯⎯⎯⎯⎯⎯⎯⎯⎯[3/4]⎯

 FAIL  tests/plugins/bug-hunt-imported-sass-original-maps.test.ts > imported Sass maps original file and token: scss / sass / partial=false
AssertionError: expected '/var/folders/_b/768dhtz56ns54x1r867j6…' to be '/private/var/folders/_b/768dhtz56ns54…' // Object.is equality

Expected: "/private/var/folders/_b/768dhtz56ns54x1r867j67280000gn/T/master-css-original-import-map-Bf3t2S/nested/child.sass"
Received: "/var/folders/_b/768dhtz56ns54x1r867j67280000gn/T/master-css-sass-import-nnTbu5/child.sass"

 ❯ tests/plugins/bug-hunt-imported-sass-original-maps.test.ts:39:31
     37|     const diagnostic = failure!.diagnostics[0]
     38|     console.log(JSON.stringify({ rootExtension, syntax, partial, diagn…
     39|     expect(diagnostic.source).toBe(original)
       |                               ^
     40|     expect(diagnostic.range).toEqual({ start: { line: 3, character: 11…
     41|     expect(diagnostic.notes).toBeUndefined()

⎯⎯⎯⎯⎯⎯⎯⎯⎯⎯⎯⎯⎯⎯⎯⎯⎯⎯⎯⎯⎯⎯⎯⎯[4/4]⎯


 Test Files  1 failed (1)
      Tests  4 failed | 6 passed (10)
   Start at  08:55:55
   Duration  2.92s (tests 82%, transform 12%, import 6%)

Error: ERR_PNPM_RECURSIVE_EXEC_FIRST_FAIL

  × "pnpm recursive exec" failed in /Users/aron/master/css/packages/vite

