(!) Your Vite config uses features that are unsupported by `configLoader: 'native'`, which is planned to become the default in a future major version of Vite:
  - import "../../shared/vitest.config" without a file extension (vitest.config.ts:2:20). Add the file extension
  - import "./vitest-ci-config" without a file extension (../../shared/vitest.config.ts:2:58). Add the file extension
Set `VITE_CONFIG_NATIVE_IGNORE_WARNING=true` to suppress this warning.

 RUN  v5.0.0 /Users/aron/master/css/packages/vite

 ❯ tests/utils/bug-hunt-sass-import-preparation.test.ts (1 test | 1 failed) 70ms
   × imported Sass is prepared once, retains real dependencies and removes scratch files after success or failure 69ms

⎯⎯⎯⎯⎯⎯⎯ Failed Tests 1 ⎯⎯⎯⎯⎯⎯⎯

 FAIL  tests/utils/bug-hunt-sass-import-preparation.test.ts > imported Sass is prepared once, retains real dependencies and removes scratch files after success or failure
AssertionError: expected '{"version":3,"sources":["file:///priv…' not to contain 'master-css-sass-import-'

Expected: "master-css-sass-import-"
Received: "{"version":3,"sources":["file:///private/var/folders/_b/768dhtz56ns54x1r867j67280000gn/T/master-css-import-preparation-tns1nd/_shared.scss",".vite/master-css-sass-import-J8Df2X/703938c0c48cc2e5133f23d2eb12ccbf2ef134b6ba18ef007552f6779cd104ac.css","file:///private/var/folders/_b/768dhtz56ns54x1r867j67280000gn/T/master-css-import-preparation-tns1nd/a.scss"],"names":[],"mappings":";;AAAA;EAAW,UAAA;ACEX;;ACFgB;EAAM,WAAA;EAAc,eAAA;ADOpC","file":"a.scss","sourcesContent":[".partial { color: red }",".partial {\n  color: red;\n}\n\n.item {\n  width: 42px;\n  @compose p:1rem;\n}\n\n/*!master-css:module-input-703938c0c48cc2e5133f23d2eb12ccbf2ef134b6ba18ef007552f6779cd104ac*/\n/*# sourceMappingURL=data:application/json;base64,eyJ2ZXJzaW9uIjozLCJmaWxlIjoiL3ByaXZhdGUvdmFyL2ZvbGRlcnMvX2IvNzY4ZGh0ejU2bnM1NHgxcjg2N2o2NzI4MDAwMGduL1QvbWFzdGVyLWNzcy1pbXBvcnQtcHJlcGFyYXRpb24tdG5zMW5kL2Euc2NzcyIsIm1hcHBpbmdzIjoiQUFBQTtFQUFXOzs7QUNBSztFQUFNO0VBQWMiLCJuYW1lcyI6W10sImlnbm9yZUxpc3QiOltdLCJzb3VyY2VSb290IjoiIiwic291cmNlcyI6WyJmaWxlOi8vL3ByaXZhdGUvdmFyL2ZvbGRlcnMvX2IvNzY4ZGh0ejU2bnM1NHgxcjg2N2o2NzI4MDAwMGduL1QvbWFzdGVyLWNzcy1pbXBvcnQtcHJlcGFyYXRpb24tdG5zMW5kL19zaGFyZWQuc2NzcyIsImZpbGU6Ly8vcHJpdmF0ZS92YXIvZm9sZGVycy9fYi83NjhkaHR6NTZuczU0eDFyODY3ajY3MjgwMDAwZ24vVC9tYXN0ZXItY3NzLWltcG9ydC1wcmVwYXJhdGlvbi10bnMxbmQvYS5zY3NzIl0sInNvdXJjZXNDb250ZW50IjpbIi5wYXJ0aWFsIHsgY29sb3I6IHJlZCB9IiwiQHVzZSBcIi4vc2hhcmVkXCI7Lml0ZW17d2lkdGg6cHJvYmUoKTtAY29tcG9zZSBwOjFyZW07fSJdfQ== */","@use \"./shared\";.item{width:probe();@compose p:1rem;}"]}"

 ❯ tests/utils/bug-hunt-sass-import-preparation.test.ts:44:88
     42|       expect(css).not.toContain('master-css:module-input-')
     43|     }
     44|     for (const value of first.moduleDiagnostics?.values() ?? []) expec…
       |                                                                                        ^
     45|     expect(readdirSync(cacheDir).filter(name => name.startsWith('maste…
     46|     expect(await prepareBuildSassSource(context, entry)).toBe(first)

⎯⎯⎯⎯⎯⎯⎯⎯⎯⎯⎯⎯⎯⎯⎯⎯⎯⎯⎯⎯⎯⎯⎯⎯[1/1]⎯


 Test Files  1 failed | 1 passed (2)
      Tests  1 failed | 26 passed (27)
   Start at  08:59:49
   Duration  7.18s (tests 91%, transform 5%, import 4%)

Error: ERR_PNPM_RECURSIVE_EXEC_FIRST_FAIL

  × "pnpm recursive exec" failed in /Users/aron/master/css/packages/vite

