(!) Your Vite config uses features that are unsupported by `configLoader: 'native'`, which is planned to become the default in a future major version of Vite:
  - import "../../shared/vitest.config" without a file extension (vitest.config.ts:2:20). Add the file extension
  - import "./vitest-ci-config" without a file extension (../../shared/vitest.config.ts:2:58). Add the file extension
Set `VITE_CONFIG_NATIVE_IGNORE_WARNING=true` to suppress this warning.

 RUN  v5.0.0 /Users/aron/master/css/packages/vite

stdout | tests/plugins/bug-hunt-imported-sass-original-maps.test.ts > imported Sass maps original file and token: css / scss / partial=false
{"rootExtension":"css","syntax":"scss","partial":false,"diagnostic":{"version":2,"code":"invalid-compose-class","domain":"compiler","severity":"error","message":"Invalid @compose class: unknown-utility","source":"/private/var/folders/_b/768dhtz56ns54x1r867j67280000gn/T/master-css-original-import-map-ZSXaol/nested/child.scss.master-css-sass.css","range":{"start":{"line":3,"character":11},"end":{"line":3,"character":26}},"notes":["Original Sass location is unavailable; this range refers to preprocessed CSS."]},"additionalDataCalls":["/private/var/folders/_b/768dhtz56ns54x1r867j67280000gn/T/master-css-original-import-map-ZSXaol/nested/child.scss"]}

stdout | tests/plugins/bug-hunt-imported-sass-original-maps.test.ts > imported Sass maps original file and token: css / scss / partial=true
{"rootExtension":"css","syntax":"scss","partial":true,"diagnostic":{"version":2,"code":"invalid-compose-class","domain":"compiler","severity":"error","message":"Invalid @compose class: unknown-utility","source":"/private/var/folders/_b/768dhtz56ns54x1r867j67280000gn/T/master-css-original-import-map-z8ENXv/nested/child.scss.master-css-sass.css","range":{"start":{"line":3,"character":11},"end":{"line":3,"character":26}},"notes":["Original Sass location is unavailable; this range refers to preprocessed CSS."]},"additionalDataCalls":["/private/var/folders/_b/768dhtz56ns54x1r867j67280000gn/T/master-css-original-import-map-z8ENXv/nested/child.scss"]}

stdout | tests/plugins/bug-hunt-imported-sass-original-maps.test.ts > imported Sass maps original file and token: css / sass / partial=false
{"rootExtension":"css","syntax":"sass","partial":false,"diagnostic":{"version":2,"code":"invalid-compose-class","domain":"compiler","severity":"error","message":"Invalid @compose class: unknown-utility","source":"/private/var/folders/_b/768dhtz56ns54x1r867j67280000gn/T/master-css-original-import-map-N2U0ok/nested/child.sass.master-css-sass.css","range":{"start":{"line":3,"character":11},"end":{"line":3,"character":26}},"notes":["Original Sass location is unavailable; this range refers to preprocessed CSS."]},"additionalDataCalls":["/private/var/folders/_b/768dhtz56ns54x1r867j67280000gn/T/master-css-original-import-map-N2U0ok/nested/child.sass"]}

stdout | tests/plugins/bug-hunt-imported-sass-original-maps.test.ts > imported Sass maps original file and token: css / sass / partial=true
{"rootExtension":"css","syntax":"sass","partial":true,"diagnostic":{"version":2,"code":"invalid-compose-class","domain":"compiler","severity":"error","message":"Invalid @compose class: unknown-utility","source":"/private/var/folders/_b/768dhtz56ns54x1r867j67280000gn/T/master-css-original-import-map-7v0YZz/nested/child.sass.master-css-sass.css","range":{"start":{"line":3,"character":11},"end":{"line":3,"character":26}},"notes":["Original Sass location is unavailable; this range refers to preprocessed CSS."]},"additionalDataCalls":["/private/var/folders/_b/768dhtz56ns54x1r867j67280000gn/T/master-css-original-import-map-7v0YZz/nested/child.sass"]}

stdout | tests/plugins/bug-hunt-imported-sass-original-maps.test.ts > imported Sass maps original file and token: scss / scss / partial=false
{"rootExtension":"scss","syntax":"scss","partial":false,"diagnostic":{"version":2,"code":"invalid-compose-class","domain":"compiler","severity":"error","message":"Invalid @compose class: unknown-utility","source":"/private/var/folders/_b/768dhtz56ns54x1r867j67280000gn/T/master-css-original-import-map-amTOHc/nested/child.scss.master-css-sass.css","range":{"start":{"line":3,"character":11},"end":{"line":3,"character":26}},"notes":["Original Sass location is unavailable; this range refers to preprocessed CSS."]},"additionalDataCalls":["/private/var/folders/_b/768dhtz56ns54x1r867j67280000gn/T/master-css-original-import-map-amTOHc/style.module.scss","/private/var/folders/_b/768dhtz56ns54x1r867j67280000gn/T/master-css-original-import-map-amTOHc/nested/child.scss"]}

stdout | tests/plugins/bug-hunt-imported-sass-original-maps.test.ts > imported Sass maps original file and token: scss / scss / partial=true
{"rootExtension":"scss","syntax":"scss","partial":true,"diagnostic":{"version":2,"code":"invalid-compose-class","domain":"compiler","severity":"error","message":"Invalid @compose class: unknown-utility","source":"/private/var/folders/_b/768dhtz56ns54x1r867j67280000gn/T/master-css-original-import-map-KdAto7/nested/child.scss.master-css-sass.css","range":{"start":{"line":3,"character":11},"end":{"line":3,"character":26}},"notes":["Original Sass location is unavailable; this range refers to preprocessed CSS."]},"additionalDataCalls":["/private/var/folders/_b/768dhtz56ns54x1r867j67280000gn/T/master-css-original-import-map-KdAto7/style.module.scss","/private/var/folders/_b/768dhtz56ns54x1r867j67280000gn/T/master-css-original-import-map-KdAto7/nested/child.scss"]}

stdout | tests/plugins/bug-hunt-imported-sass-original-maps.test.ts > imported Sass maps original file and token: scss / sass / partial=false
{"rootExtension":"scss","syntax":"sass","partial":false,"diagnostic":{"version":2,"code":"invalid-compose-class","domain":"compiler","severity":"error","message":"Invalid @compose class: unknown-utility","source":"/private/var/folders/_b/768dhtz56ns54x1r867j67280000gn/T/master-css-original-import-map-yTeyTg/nested/child.sass.master-css-sass.css","range":{"start":{"line":3,"character":11},"end":{"line":3,"character":26}},"notes":["Original Sass location is unavailable; this range refers to preprocessed CSS."]},"additionalDataCalls":["/private/var/folders/_b/768dhtz56ns54x1r867j67280000gn/T/master-css-original-import-map-yTeyTg/style.module.scss","/private/var/folders/_b/768dhtz56ns54x1r867j67280000gn/T/master-css-original-import-map-yTeyTg/nested/child.sass"]}

stdout | tests/plugins/bug-hunt-imported-sass-original-maps.test.ts > imported Sass maps original file and token: scss / sass / partial=true
{"rootExtension":"scss","syntax":"sass","partial":true,"diagnostic":{"version":2,"code":"invalid-compose-class","domain":"compiler","severity":"error","message":"Invalid @compose class: unknown-utility","source":"/private/var/folders/_b/768dhtz56ns54x1r867j67280000gn/T/master-css-original-import-map-U8xb8T/nested/child.sass.master-css-sass.css","range":{"start":{"line":3,"character":11},"end":{"line":3,"character":26}},"notes":["Original Sass location is unavailable; this range refers to preprocessed CSS."]},"additionalDataCalls":["/private/var/folders/_b/768dhtz56ns54x1r867j67280000gn/T/master-css-original-import-map-U8xb8T/style.module.scss","/private/var/folders/_b/768dhtz56ns54x1r867j67280000gn/T/master-css-original-import-map-U8xb8T/nested/child.sass"]}

 ❯ tests/plugins/bug-hunt-imported-sass-original-maps.test.ts (10 tests | 8 failed) 2194ms
   × imported Sass maps original file and token: css / scss / partial=false 407ms
   × imported Sass maps original file and token: css / scss / partial=true 259ms
   × imported Sass maps original file and token: css / sass / partial=false 247ms
   × imported Sass maps original file and token: css / sass / partial=true 247ms
   × imported Sass maps original file and token: scss / scss / partial=false 262ms
   × imported Sass maps original file and token: scss / scss / partial=true 247ms
   × imported Sass maps original file and token: scss / sass / partial=false 245ms
   × imported Sass maps original file and token: scss / sass / partial=true 269ms

⎯⎯⎯⎯⎯⎯⎯ Failed Tests 8 ⎯⎯⎯⎯⎯⎯⎯

 FAIL  tests/plugins/bug-hunt-imported-sass-original-maps.test.ts > imported Sass maps original file and token: css / scss / partial=false
AssertionError: expected '/private/var/folders/_b/768dhtz56ns54…' to be '/private/var/folders/_b/768dhtz56ns54…' // Object.is equality

Expected: "/private/var/folders/_b/768dhtz56ns54x1r867j67280000gn/T/master-css-original-import-map-ZSXaol/nested/child.scss"
Received: "/private/var/folders/_b/768dhtz56ns54x1r867j67280000gn/T/master-css-original-import-map-ZSXaol/nested/child.scss.master-css-sass.css"

 ❯ tests/plugins/bug-hunt-imported-sass-original-maps.test.ts:39:31
     37|     const diagnostic = failure!.diagnostics[0]
     38|     console.log(JSON.stringify({ rootExtension, syntax, partial, diagn…
     39|     expect(diagnostic.source).toBe(original)
       |                               ^
     40|     expect(diagnostic.range).toEqual({ start: { line: 3, character: 11…
     41|     expect(diagnostic.notes).toBeUndefined()

⎯⎯⎯⎯⎯⎯⎯⎯⎯⎯⎯⎯⎯⎯⎯⎯⎯⎯⎯⎯⎯⎯⎯⎯[1/8]⎯

 FAIL  tests/plugins/bug-hunt-imported-sass-original-maps.test.ts > imported Sass maps original file and token: css / scss / partial=true
AssertionError: expected '/private/var/folders/_b/768dhtz56ns54…' to be '/private/var/folders/_b/768dhtz56ns54…' // Object.is equality

Expected: "/private/var/folders/_b/768dhtz56ns54x1r867j67280000gn/T/master-css-original-import-map-z8ENXv/nested/_bad.scss"
Received: "/private/var/folders/_b/768dhtz56ns54x1r867j67280000gn/T/master-css-original-import-map-z8ENXv/nested/child.scss.master-css-sass.css"

 ❯ tests/plugins/bug-hunt-imported-sass-original-maps.test.ts:39:31
     37|     const diagnostic = failure!.diagnostics[0]
     38|     console.log(JSON.stringify({ rootExtension, syntax, partial, diagn…
     39|     expect(diagnostic.source).toBe(original)
       |                               ^
     40|     expect(diagnostic.range).toEqual({ start: { line: 3, character: 11…
     41|     expect(diagnostic.notes).toBeUndefined()

⎯⎯⎯⎯⎯⎯⎯⎯⎯⎯⎯⎯⎯⎯⎯⎯⎯⎯⎯⎯⎯⎯⎯⎯[2/8]⎯

 FAIL  tests/plugins/bug-hunt-imported-sass-original-maps.test.ts > imported Sass maps original file and token: css / sass / partial=false
AssertionError: expected '/private/var/folders/_b/768dhtz56ns54…' to be '/private/var/folders/_b/768dhtz56ns54…' // Object.is equality

Expected: "/private/var/folders/_b/768dhtz56ns54x1r867j67280000gn/T/master-css-original-import-map-N2U0ok/nested/child.sass"
Received: "/private/var/folders/_b/768dhtz56ns54x1r867j67280000gn/T/master-css-original-import-map-N2U0ok/nested/child.sass.master-css-sass.css"

 ❯ tests/plugins/bug-hunt-imported-sass-original-maps.test.ts:39:31
     37|     const diagnostic = failure!.diagnostics[0]
     38|     console.log(JSON.stringify({ rootExtension, syntax, partial, diagn…
     39|     expect(diagnostic.source).toBe(original)
       |                               ^
     40|     expect(diagnostic.range).toEqual({ start: { line: 3, character: 11…
     41|     expect(diagnostic.notes).toBeUndefined()

⎯⎯⎯⎯⎯⎯⎯⎯⎯⎯⎯⎯⎯⎯⎯⎯⎯⎯⎯⎯⎯⎯⎯⎯[3/8]⎯

 FAIL  tests/plugins/bug-hunt-imported-sass-original-maps.test.ts > imported Sass maps original file and token: css / sass / partial=true
AssertionError: expected '/private/var/folders/_b/768dhtz56ns54…' to be '/private/var/folders/_b/768dhtz56ns54…' // Object.is equality

Expected: "/private/var/folders/_b/768dhtz56ns54x1r867j67280000gn/T/master-css-original-import-map-7v0YZz/nested/_bad.sass"
Received: "/private/var/folders/_b/768dhtz56ns54x1r867j67280000gn/T/master-css-original-import-map-7v0YZz/nested/child.sass.master-css-sass.css"

 ❯ tests/plugins/bug-hunt-imported-sass-original-maps.test.ts:39:31
     37|     const diagnostic = failure!.diagnostics[0]
     38|     console.log(JSON.stringify({ rootExtension, syntax, partial, diagn…
     39|     expect(diagnostic.source).toBe(original)
       |                               ^
     40|     expect(diagnostic.range).toEqual({ start: { line: 3, character: 11…
     41|     expect(diagnostic.notes).toBeUndefined()

⎯⎯⎯⎯⎯⎯⎯⎯⎯⎯⎯⎯⎯⎯⎯⎯⎯⎯⎯⎯⎯⎯⎯⎯[4/8]⎯

 FAIL  tests/plugins/bug-hunt-imported-sass-original-maps.test.ts > imported Sass maps original file and token: scss / scss / partial=false
AssertionError: expected '/private/var/folders/_b/768dhtz56ns54…' to be '/private/var/folders/_b/768dhtz56ns54…' // Object.is equality

Expected: "/private/var/folders/_b/768dhtz56ns54x1r867j67280000gn/T/master-css-original-import-map-amTOHc/nested/child.scss"
Received: "/private/var/folders/_b/768dhtz56ns54x1r867j67280000gn/T/master-css-original-import-map-amTOHc/nested/child.scss.master-css-sass.css"

 ❯ tests/plugins/bug-hunt-imported-sass-original-maps.test.ts:39:31
     37|     const diagnostic = failure!.diagnostics[0]
     38|     console.log(JSON.stringify({ rootExtension, syntax, partial, diagn…
     39|     expect(diagnostic.source).toBe(original)
       |                               ^
     40|     expect(diagnostic.range).toEqual({ start: { line: 3, character: 11…
     41|     expect(diagnostic.notes).toBeUndefined()

⎯⎯⎯⎯⎯⎯⎯⎯⎯⎯⎯⎯⎯⎯⎯⎯⎯⎯⎯⎯⎯⎯⎯⎯[5/8]⎯

 FAIL  tests/plugins/bug-hunt-imported-sass-original-maps.test.ts > imported Sass maps original file and token: scss / scss / partial=true
AssertionError: expected '/private/var/folders/_b/768dhtz56ns54…' to be '/private/var/folders/_b/768dhtz56ns54…' // Object.is equality

Expected: "/private/var/folders/_b/768dhtz56ns54x1r867j67280000gn/T/master-css-original-import-map-KdAto7/nested/_bad.scss"
Received: "/private/var/folders/_b/768dhtz56ns54x1r867j67280000gn/T/master-css-original-import-map-KdAto7/nested/child.scss.master-css-sass.css"

 ❯ tests/plugins/bug-hunt-imported-sass-original-maps.test.ts:39:31
     37|     const diagnostic = failure!.diagnostics[0]
     38|     console.log(JSON.stringify({ rootExtension, syntax, partial, diagn…
     39|     expect(diagnostic.source).toBe(original)
       |                               ^
     40|     expect(diagnostic.range).toEqual({ start: { line: 3, character: 11…
     41|     expect(diagnostic.notes).toBeUndefined()

⎯⎯⎯⎯⎯⎯⎯⎯⎯⎯⎯⎯⎯⎯⎯⎯⎯⎯⎯⎯⎯⎯⎯⎯[6/8]⎯

 FAIL  tests/plugins/bug-hunt-imported-sass-original-maps.test.ts > imported Sass maps original file and token: scss / sass / partial=false
AssertionError: expected '/private/var/folders/_b/768dhtz56ns54…' to be '/private/var/folders/_b/768dhtz56ns54…' // Object.is equality

Expected: "/private/var/folders/_b/768dhtz56ns54x1r867j67280000gn/T/master-css-original-import-map-yTeyTg/nested/child.sass"
Received: "/private/var/folders/_b/768dhtz56ns54x1r867j67280000gn/T/master-css-original-import-map-yTeyTg/nested/child.sass.master-css-sass.css"

 ❯ tests/plugins/bug-hunt-imported-sass-original-maps.test.ts:39:31
     37|     const diagnostic = failure!.diagnostics[0]
     38|     console.log(JSON.stringify({ rootExtension, syntax, partial, diagn…
     39|     expect(diagnostic.source).toBe(original)
       |                               ^
     40|     expect(diagnostic.range).toEqual({ start: { line: 3, character: 11…
     41|     expect(diagnostic.notes).toBeUndefined()

⎯⎯⎯⎯⎯⎯⎯⎯⎯⎯⎯⎯⎯⎯⎯⎯⎯⎯⎯⎯⎯⎯⎯⎯[7/8]⎯

 FAIL  tests/plugins/bug-hunt-imported-sass-original-maps.test.ts > imported Sass maps original file and token: scss / sass / partial=true
AssertionError: expected '/private/var/folders/_b/768dhtz56ns54…' to be '/private/var/folders/_b/768dhtz56ns54…' // Object.is equality

Expected: "/private/var/folders/_b/768dhtz56ns54x1r867j67280000gn/T/master-css-original-import-map-U8xb8T/nested/_bad.sass"
Received: "/private/var/folders/_b/768dhtz56ns54x1r867j67280000gn/T/master-css-original-import-map-U8xb8T/nested/child.sass.master-css-sass.css"

 ❯ tests/plugins/bug-hunt-imported-sass-original-maps.test.ts:39:31
     37|     const diagnostic = failure!.diagnostics[0]
     38|     console.log(JSON.stringify({ rootExtension, syntax, partial, diagn…
     39|     expect(diagnostic.source).toBe(original)
       |                               ^
     40|     expect(diagnostic.range).toEqual({ start: { line: 3, character: 11…
     41|     expect(diagnostic.notes).toBeUndefined()

⎯⎯⎯⎯⎯⎯⎯⎯⎯⎯⎯⎯⎯⎯⎯⎯⎯⎯⎯⎯⎯⎯⎯⎯[8/8]⎯


 Test Files  1 failed (1)
      Tests  8 failed | 2 passed (10)
   Start at  08:53:13
   Duration  2.66s (tests 84%, transform 10%, import 6%)

Error: ERR_PNPM_RECURSIVE_EXEC_FIRST_FAIL

  × "pnpm recursive exec" failed in /Users/aron/master/css/packages/vite

