(!) Your Vite config uses features that are unsupported by `configLoader: 'native'`, which is planned to become the default in a future major version of Vite:
  - import "../../shared/vitest.config" without a file extension (vitest.config.ts:3:20). Add the file extension
  - import "./vitest-ci-config" without a file extension (../../shared/vitest.config.ts:2:58). Add the file extension
Set `VITE_CONFIG_NATIVE_IGNORE_WARNING=true` to suppress this warning.

 RUN  v5.0.0 /Users/aron/master/css/packages/compiler

 ❯ tests/bug-hunt-stylesheet-preparation.test.ts (7 tests | 7 failed) 7ms
   × CSS preparation preserves source without loading Sass or requiring a manifest 3ms
   × prepare scss before classification, retain loaded dependencies and original map 1ms
   × prepare sass before classification, retain loaded dependencies and original map 1ms
   × host Sass callback receives preparation options and keeps host importers 1ms
   × a virtual style uses its explicit physical base file for Sass and dependencies 1ms
   × Sass errors retain original spans and register the root before failure 1ms
   × preparation checks cancellation before loading and after an async compiler returns 0ms

⎯⎯⎯⎯⎯⎯⎯ Failed Tests 7 ⎯⎯⎯⎯⎯⎯⎯

 FAIL  tests/bug-hunt-stylesheet-preparation.test.ts > CSS preparation preserves source without loading Sass or requiring a manifest
TypeError: prepareStylesheet is not a function
 ❯ tests/bug-hunt-stylesheet-preparation.test.ts:25:40
     23|   await fixture(async root => {
     24|     const id = join(root, 'entry.css'), source = '@reference "./master…
     25|     const prepared = await stylesheets.prepareStylesheet(id + '?direct…
       |                                        ^
     26|     expect(prepared).toEqual({ id, baseFile: id, source, dependencies:…
     27|     expect(Object.isFrozen(prepared)).toBe(true)
 ❯ fixture tests/bug-hunt-stylesheet-preparation.test.ts:18:11
 ❯ tests/bug-hunt-stylesheet-preparation.test.ts:23:9

⎯⎯⎯⎯⎯⎯⎯⎯⎯⎯⎯⎯⎯⎯⎯⎯⎯⎯⎯⎯⎯⎯⎯⎯[1/7]⎯

 FAIL  tests/bug-hunt-stylesheet-preparation.test.ts > prepare scss before classification, retain loaded dependencies and original map
 FAIL  tests/bug-hunt-stylesheet-preparation.test.ts > prepare sass before classification, retain loaded dependencies and original map
TypeError: prepareStylesheet is not a function
 ❯ tests/bug-hunt-stylesheet-preparation.test.ts:42:40
     40|     writeFileSync(id, source)
     41|     const observed: string[] = []
     42|     const prepared = await stylesheets.prepareStylesheet(id, source, {…
       |                                        ^
     43|     expect(prepared.source).toContain('@compose p:2rem;')
     44|     expect(prepared.source).toContain('margin: 2rem')
 ❯ fixture tests/bug-hunt-stylesheet-preparation.test.ts:18:11
 ❯ tests/bug-hunt-stylesheet-preparation.test.ts:33:9

⎯⎯⎯⎯⎯⎯⎯⎯⎯⎯⎯⎯⎯⎯⎯⎯⎯⎯⎯⎯⎯⎯⎯⎯[2/7]⎯

 FAIL  tests/bug-hunt-stylesheet-preparation.test.ts > host Sass callback receives preparation options and keeps host importers
TypeError: prepareStylesheet is not a function
 ❯ tests/bug-hunt-stylesheet-preparation.test.ts:63:40
     61|   await fixture(async root => {
     62|     const file = join(root, 'component.vue'), id = file + '?type=style…
     63|     const prepared = await stylesheets.prepareStylesheet(id, '@use "ho…
       |                                        ^
     64|       projectDir: root,
     65|       loadSass(projectDir) {
 ❯ fixture tests/bug-hunt-stylesheet-preparation.test.ts:18:11
 ❯ tests/bug-hunt-stylesheet-preparation.test.ts:61:9

⎯⎯⎯⎯⎯⎯⎯⎯⎯⎯⎯⎯⎯⎯⎯⎯⎯⎯⎯⎯⎯⎯⎯⎯[3/7]⎯

 FAIL  tests/bug-hunt-stylesheet-preparation.test.ts > a virtual style uses its explicit physical base file for Sass and dependencies
TypeError: prepareStylesheet is not a function
 ❯ tests/bug-hunt-stylesheet-preparation.test.ts:83:40
     81|   await fixture(async root => {
     82|     const file = join(root, 'card.scss'), id = '\0host:card.scss?opaqu…
     83|     const prepared = await stylesheets.prepareStylesheet(id, '$space:2…
       |                                        ^
     84|     expect(prepared.id).toBe(id)
     85|     expect(prepared.baseFile).toBe(file)
 ❯ fixture tests/bug-hunt-stylesheet-preparation.test.ts:18:11
 ❯ tests/bug-hunt-stylesheet-preparation.test.ts:81:9

⎯⎯⎯⎯⎯⎯⎯⎯⎯⎯⎯⎯⎯⎯⎯⎯⎯⎯⎯⎯⎯⎯⎯⎯[4/7]⎯

 FAIL  tests/bug-hunt-stylesheet-preparation.test.ts > Sass errors retain original spans and register the root before failure
TypeError: prepareStylesheet is not a function
 ❯ tests/bug-hunt-stylesheet-preparation.test.ts:95:30
     93|   await fixture(async root => {
     94|     const file = join(root, 'bad.scss'), observed: string[] = []
     95|     await expect(stylesheets.prepareStylesheet(file, '@use "missing";'…
       |                              ^
     96|       span: { url: pathToFileURL(file) }
     97|     })
 ❯ fixture tests/bug-hunt-stylesheet-preparation.test.ts:18:11
 ❯ tests/bug-hunt-stylesheet-preparation.test.ts:93:9

⎯⎯⎯⎯⎯⎯⎯⎯⎯⎯⎯⎯⎯⎯⎯⎯⎯⎯⎯⎯⎯⎯⎯⎯[5/7]⎯

 FAIL  tests/bug-hunt-stylesheet-preparation.test.ts > preparation checks cancellation before loading and after an async compiler returns
TypeError: prepareStylesheet is not a function
 ❯ tests/bug-hunt-stylesheet-preparation.test.ts:106:28


⎯⎯⎯⎯⎯⎯⎯⎯⎯⎯⎯⎯⎯⎯⎯⎯⎯⎯⎯⎯⎯⎯⎯⎯[6/7]⎯


 Test Files  1 failed (1)
      Tests  7 failed (7)
   Start at  14:36:37
   Duration  363ms (transform 51%, import 46%, tests 3%, worker 1%)

