{"mode":"static","runtime":false,"browser":"chromium","phase":"initial-error","pass":true}
{"mode":"static","runtime":false,"browser":"firefox","phase":"initial-error","pass":true}
{"mode":"static","runtime":false,"browser":"webkit","phase":"initial-error","pass":true}
{"mode":"static","runtime":false,"browser":"chromium","phase":"updated-error","pass":true}
{"mode":"static","runtime":false,"browser":"firefox","phase":"updated-error","pass":true}
{"mode":"static","runtime":false,"browser":"webkit","phase":"updated-error","pass":true}
{"mode":"static","runtime":false,"browser":"chromium","phase":"recovered","pass":true}
{"mode":"static","runtime":false,"browser":"firefox","phase":"recovered","pass":true}
{"mode":"static","runtime":false,"browser":"webkit","phase":"recovered","pass":true}
{"mode":"runtime","runtime":false,"browser":"chromium","phase":"initial-error","pass":true}
{"mode":"runtime","runtime":false,"browser":"firefox","phase":"initial-error","pass":true}
{"mode":"runtime","runtime":false,"browser":"webkit","phase":"initial-error","pass":true}
{"mode":"runtime","runtime":false,"browser":"chromium","phase":"updated-error","pass":true}
{"mode":"runtime","runtime":false,"browser":"firefox","phase":"updated-error","pass":true}
{"mode":"runtime","runtime":false,"browser":"webkit","phase":"updated-error","pass":true}
{"mode":"runtime","runtime":false,"browser":"chromium","phase":"recovered","pass":true}
{"mode":"runtime","runtime":false,"browser":"firefox","phase":"recovered","pass":true}
{"mode":"runtime","runtime":false,"browser":"webkit","phase":"recovered","pass":true}
{"mode":"pre-render","runtime":false,"browser":"chromium","phase":"initial-error","pass":true}
{"mode":"pre-render","runtime":false,"browser":"firefox","phase":"initial-error","pass":true}
{"mode":"pre-render","runtime":false,"browser":"webkit","phase":"initial-error","pass":true}
{"mode":"pre-render","runtime":false,"browser":"chromium","phase":"updated-error","pass":true}
{"mode":"pre-render","runtime":false,"browser":"firefox","phase":"updated-error","pass":true}
{"mode":"pre-render","runtime":false,"browser":"webkit","phase":"updated-error","pass":true}
{"mode":"pre-render","runtime":false,"browser":"chromium","phase":"recovered","pass":true}
{"mode":"pre-render","runtime":false,"browser":"firefox","phase":"recovered","pass":true}
{"mode":"pre-render","runtime":false,"browser":"webkit","phase":"recovered","pass":true}
{"mode":"progressive","runtime":false,"browser":"chromium","phase":"initial-error","pass":true}
{"mode":"progressive","runtime":false,"browser":"firefox","phase":"initial-error","pass":true}
{"mode":"progressive","runtime":false,"browser":"webkit","phase":"initial-error","pass":true}
{"mode":"progressive","runtime":false,"browser":"chromium","phase":"updated-error","pass":true}
{"mode":"progressive","runtime":false,"browser":"firefox","phase":"updated-error","pass":true}
{"mode":"progressive","runtime":false,"browser":"webkit","phase":"updated-error","pass":true}
{"mode":"progressive","runtime":false,"browser":"chromium","phase":"recovered","pass":true}
{"mode":"progressive","runtime":false,"browser":"firefox","phase":"recovered","pass":true}
{"mode":"progressive","runtime":false,"browser":"webkit","phase":"recovered","pass":true}
{"mode":"static","runtime":true,"browser":"chromium","phase":"initial-error","pass":true}
{"mode":"static","runtime":true,"browser":"firefox","phase":"initial-error","pass":true}
{"mode":"static","runtime":true,"browser":"webkit","phase":"initial-error","pass":true}
{"mode":"static","runtime":true,"browser":"chromium","phase":"updated-error","pass":true}
{"mode":"static","runtime":true,"browser":"firefox","phase":"updated-error","pass":true}
{"mode":"static","runtime":true,"browser":"webkit","phase":"updated-error","pass":true}
{"mode":"static","runtime":true,"browser":"chromium","phase":"recovered","pass":true}
{"mode":"static","runtime":true,"browser":"firefox","phase":"recovered","pass":true}
{"mode":"static","runtime":true,"browser":"webkit","phase":"recovered","pass":true}
{"mode":"runtime","runtime":true,"browser":"chromium","phase":"initial-error","pass":true}
{"mode":"runtime","runtime":true,"browser":"firefox","phase":"initial-error","pass":true}
{"mode":"runtime","runtime":true,"browser":"webkit","phase":"initial-error","pass":true}
{"mode":"runtime","runtime":true,"browser":"chromium","phase":"updated-error","pass":true}
{"mode":"runtime","runtime":true,"browser":"firefox","phase":"updated-error","pass":true}
{"mode":"runtime","runtime":true,"browser":"webkit","phase":"updated-error","pass":true}
node:internal/modules/run_main:107
    triggerUncaughtException(
    ^

page.waitForFunction: Timeout 30000ms exceeded.
    at /Users/aron/master/css/.ai/audits/bug-hunt/repros/vite-manifest-startup-browser.mjs:39:25 {
  log: [],
  name: 'TimeoutError'
}

Node.js v24.20.0
