(!) Your Vite config uses features that are unsupported by `configLoader: 'native'`, which is planned to become the default in a future major version of Vite:
  - import "../../shared/vitest.config" without a file extension (vitest.config.ts:2:20). Add the file extension
  - import "./vitest-ci-config" without a file extension (../../shared/vitest.config.ts:2:58). Add the file extension
Set `VITE_CONFIG_NATIVE_IGNORE_WARNING=true` to suppress this warning.

 RUN  v5.0.0 /Users/aron/master/css/packages/vite

 ❯ tests/plugins/bug-hunt-missing-directory-watch.test.ts (12 tests | 8 failed) 21158ms
   × BH-0004 registered missing directory recovers reference-one in static 1217ms
   × BH-0004 registered missing directory recovers reference-three in static 1167ms
   × BH-0004 registered missing directory recovers reference-one in runtime 1158ms
   × BH-0004 registered missing directory recovers reference-three in runtime 1168ms
   × BH-0004 registered missing directory recovers reference-one in pre-render 1319ms
   × BH-0004 registered missing directory recovers reference-three in pre-render 1358ms
   × BH-0004 registered missing directory recovers reference-one in progressive 1280ms
   × BH-0004 registered missing directory recovers reference-three in progressive 1280ms

⎯⎯⎯⎯⎯⎯⎯ Failed Tests 8 ⎯⎯⎯⎯⎯⎯⎯

 FAIL  tests/plugins/bug-hunt-missing-directory-watch.test.ts > BH-0004 registered missing directory recovers reference-one in static
 FAIL  tests/plugins/bug-hunt-missing-directory-watch.test.ts > BH-0004 registered missing directory recovers reference-three in static
 FAIL  tests/plugins/bug-hunt-missing-directory-watch.test.ts > BH-0004 registered missing directory recovers reference-one in runtime
 FAIL  tests/plugins/bug-hunt-missing-directory-watch.test.ts > BH-0004 registered missing directory recovers reference-three in runtime
 FAIL  tests/plugins/bug-hunt-missing-directory-watch.test.ts > BH-0004 registered missing directory recovers reference-one in pre-render
 FAIL  tests/plugins/bug-hunt-missing-directory-watch.test.ts > BH-0004 registered missing directory recovers reference-three in pre-render
 FAIL  tests/plugins/bug-hunt-missing-directory-watch.test.ts > BH-0004 registered missing directory recovers reference-one in progressive
 FAIL  tests/plugins/bug-hunt-missing-directory-watch.test.ts > BH-0004 registered missing directory recovers reference-three in progressive
AssertionError: expected false to be true // Object.is equality

- Expected
+ Received

- true
+ false

 ❯ tests/plugins/bug-hunt-missing-directory-watch.test.ts:30:84
     28|     const response = await fetch(new URL('style.css', origin));expect(…
     29|     // Wait for the public inventory to expose the existing ancestor: …
     30|     await expect.poll(() => Object.hasOwn(server!.watcher.getWatched()…
       |                                                                                    ^
     31|     const observed: string[] = []
     32|     server.watcher.on('all', (event, file) => { if (file === dependenc…

Caused by: Error: Matcher did not succeed in time.
 ❯ tests/plugins/bug-hunt-missing-directory-watch.test.ts:30:5

⎯⎯⎯⎯⎯⎯⎯⎯⎯⎯⎯⎯⎯⎯⎯⎯⎯⎯⎯⎯⎯⎯⎯⎯[1/8]⎯


 Test Files  1 failed (1)
      Tests  8 failed | 4 passed (12)
   Start at  10:56:47
   Duration  21.72s (tests 98%, transform 1%, import 1%)

Error: ERR_PNPM_RECURSIVE_EXEC_FIRST_FAIL

  × "pnpm recursive exec" failed in /Users/aron/master/css/packages/vite

