(!) Your Vite config uses features that are unsupported by `configLoader: 'native'`, which is planned to become the default in a future major version of Vite:
  - import "../../shared/vitest.config" without a file extension (vitest.config.ts:2:20). Add the file extension
  - import "./vitest-ci-config" without a file extension (../../shared/vitest.config.ts:2:58). Add the file extension
Set `VITE_CONFIG_NATIVE_IGNORE_WARNING=true` to suppress this warning.

 RUN  v5.0.0 /Users/aron/master/css/packages/next

 ❯ tests/bug-hunt-sass-source-offsets.test.ts (3 tests | 2 failed) 109ms
   × Next scss additionalData keeps root diagnostic line 94ms
   × Next sass additionalData keeps root diagnostic line 7ms

⎯⎯⎯⎯⎯⎯⎯ Failed Tests 2 ⎯⎯⎯⎯⎯⎯⎯

 FAIL  tests/bug-hunt-sass-source-offsets.test.ts > Next scss additionalData keeps root diagnostic line
AssertionError: expected MasterCSSError: @compose only accepts unq… { …(4) } to match object { Object (diagnostics) }
(17 matching properties omitted from actual)

- Expected
+ Received

- {
+ MasterCSSError {
    "diagnostics": [
      {
+       "code": "compose-quoted-syntax",
+       "domain": "compiler",
+       "message": "@compose only accepts unquoted class lists",
        "range": {
          "end": {
-           "line": 1,
+           "character": 24,
+           "line": 3,
          },
          "start": {
-           "line": 1,
+           "character": 17,
+           "line": 3,
          },
        },
+       "severity": "error",
        "source": "/var/folders/_b/768dhtz56ns54x1r867j67280000gn/T/next-raw-sass-0fF4bJ/card.module.scss",
+       "version": 2,
      },
    ],
  }

 ❯ tests/bug-hunt-sass-source-offsets.test.ts:30:96

 ❯ fixture tests/bug-hunt-sass-source-offsets.test.ts:16:11
 ❯ tests/bug-hunt-sass-source-offsets.test.ts:26:9

⎯⎯⎯⎯⎯⎯⎯⎯⎯⎯⎯⎯⎯⎯⎯⎯⎯⎯⎯⎯⎯⎯⎯⎯[1/2]⎯

 FAIL  tests/bug-hunt-sass-source-offsets.test.ts > Next sass additionalData keeps root diagnostic line
AssertionError: expected MasterCSSError: @compose only accepts unq… { …(4) } to match object { Object (diagnostics) }
(17 matching properties omitted from actual)

- Expected
+ Received

- {
+ MasterCSSError {
    "diagnostics": [
      {
+       "code": "compose-quoted-syntax",
+       "domain": "compiler",
+       "message": "@compose only accepts unquoted class lists",
        "range": {
          "end": {
-           "line": 2,
+           "character": 18,
+           "line": 4,
          },
          "start": {
-           "line": 2,
+           "character": 11,
+           "line": 4,
          },
        },
+       "severity": "error",
        "source": "/var/folders/_b/768dhtz56ns54x1r867j67280000gn/T/next-raw-sass-XnzFLM/card.module.sass",
+       "version": 2,
      },
    ],
  }

 ❯ tests/bug-hunt-sass-source-offsets.test.ts:30:96

 ❯ fixture tests/bug-hunt-sass-source-offsets.test.ts:16:11
 ❯ tests/bug-hunt-sass-source-offsets.test.ts:26:9

⎯⎯⎯⎯⎯⎯⎯⎯⎯⎯⎯⎯⎯⎯⎯⎯⎯⎯⎯⎯⎯⎯⎯⎯[2/2]⎯


 Test Files  1 failed (1)
      Tests  2 failed | 1 passed (3)
   Start at  15:26:22
   Duration  445ms (transform 52%, tests 28%, import 19%)

Error: ERR_PNPM_RECURSIVE_EXEC_FIRST_FAIL

  × "pnpm recursive exec" failed in /Users/aron/master/css/packages/next

