(!) Your Vite config uses features that are unsupported by `configLoader: 'native'`, which is planned to become the default in a future major version of Vite:
  - import "../../shared/vitest.config" without a file extension (vitest.config.ts:3:20). Add the file extension
  - import "./vitest-ci-config" without a file extension (../../shared/vitest.config.ts:2:58). Add the file extension
Set `VITE_CONFIG_NATIVE_IGNORE_WARNING=true` to suppress this warning.

 RUN  v5.0.0 /Users/aron/master/css/packages/compiler

 ❯ tests/bug-hunt-stylesheet-preparation.test.ts (7 tests | 2 failed) 52ms
   × host Sass callback receives preparation options and keeps host importers 5ms
   × a virtual style uses its explicit physical base file for Sass and dependencies 2ms

⎯⎯⎯⎯⎯⎯⎯ Failed Tests 2 ⎯⎯⎯⎯⎯⎯⎯

 FAIL  tests/bug-hunt-stylesheet-preparation.test.ts > host Sass callback receives preparation options and keeps host importers
AssertionError: expected [ Array(1) ] to include 'host:tokens'
 ❯ tests/bug-hunt-stylesheet-preparation.test.ts:76:53
     74|     expect(prepared.source).toContain('@compose p:3rem;')
     75|     expect(prepared.dependencies).toEqual([file])
     76|     expect(JSON.parse(prepared.sourceMap!).sources).toContain('host:to…
       |                                                     ^
     77|   })
     78| })
 ❯ fixture tests/bug-hunt-stylesheet-preparation.test.ts:18:5
 ❯ tests/bug-hunt-stylesheet-preparation.test.ts:61:3

⎯⎯⎯⎯⎯⎯⎯⎯⎯⎯⎯⎯⎯⎯⎯⎯⎯⎯⎯⎯⎯⎯⎯⎯[1/2]⎯

 FAIL  tests/bug-hunt-stylesheet-preparation.test.ts > a virtual style uses its explicit physical base file for Sass and dependencies
AssertionError: expected '$space:2rem;.card{@compose p:#{$space…' to contain '@compose p:2rem;'

Expected: "@compose p:2rem;"
Received: "$space:2rem;.card{@compose p:#{$space};}"

 ❯ tests/bug-hunt-stylesheet-preparation.test.ts:87:29
     85|     expect(prepared.baseFile).toBe(file)
     86|     expect(prepared.dependencies).toEqual([file])
     87|     expect(prepared.source).toContain('@compose p:2rem;')
       |                             ^
     88|     expect(JSON.parse(prepared.sourceMap!).sources).toContain(pathToFi…
     89|   })
 ❯ fixture tests/bug-hunt-stylesheet-preparation.test.ts:18:5
 ❯ tests/bug-hunt-stylesheet-preparation.test.ts:81:3

⎯⎯⎯⎯⎯⎯⎯⎯⎯⎯⎯⎯⎯⎯⎯⎯⎯⎯⎯⎯⎯⎯⎯⎯[2/2]⎯


 Test Files  1 failed (1)
      Tests  2 failed | 5 passed (7)
   Start at  14:37:31
   Duration  404ms (transform 45%, import 39%, tests 15%)

