   Compiling mastercss-schema v0.0.0 (/Users/aron/master/css/crates/mastercss-schema)
   Compiling mastercss-compiler v0.0.0 (/Users/aron/master/css/crates/mastercss-compiler)
    Finished `test` profile [unoptimized + debuginfo] target(s) in 2.20s
     Running unittests src/lib.rs (target/debug/deps/mastercss_compiler-1ddd0671dbdc1944)

running 26 tests
test tests::can_skip_native_css_printing ... ok
test manifest::tests::compiles_variant_nodes ... ok
test manifest::tests::compiles_variables_conditions_and_utilities ... ok
test manifest::tests::ignores_placeholders_and_dependencies_inside_quoted_values ... ok
test lower::tests::orders_unconditioned_native_styles_before_matching_responsive_styles ... ok
test lower::tests::orders_matching_managed_utility_rules_without_moving_layers ... ok
test tests::owns_compose_syntax_diagnostic_codes_and_utf16_ranges ... ok
test lower::tests::keeps_source_order_for_non_numeric_conditions_and_distinct_targets ... ok
test tests::recognizes_only_explicit_project_entry_markers ... ok
test tests::rejects_invalid_theme_modifier_combinations ... ok
test lower::tests::normalizes_root_size_when_ordering_numeric_conditions ... ok
test tests::rejects_provider_import_cycles_deterministically ... ok
test tests::resolves_import_graphs_through_a_provider_without_filesystem_ownership ... ok
test lower::tests::orders_unconditioned_compositions_before_matching_responsive_compositions ... ok
test tests::lowers_numeric_leading_variant_names ... ok
test tests::lowers_theme_modifiers_and_replaces_duplicate_mode_tokens_in_order ... ok
test tests::lowers_settings_into_the_canonical_manifest_input ... ok
test tests::normalizes_theme_alpha_aliases_and_unquoted_pipes ... ok
test lower::tests::rejects_invalid_native_declarations_in_compose ... ok
test tests::lowers_static_managed_definitions_with_utf16_source_ranges ... ok
test tests::lowers_static_theme_keyframes_outside_layers ... ok
test tests::lowers_native_compose_and_variant_styles ... ok
test tests::compiles_native_css_and_removes_entry_directive ... ok
test tests::filters_native_selectors_without_losing_discovered_classes ... ok
test lower::tests::accepts_valid_unparsed_native_declarations_in_compose ... ok
test tests::lowers_theme_tokens_and_preserves_native_css ... ok

test result: ok. 26 passed; 0 failed; 0 ignored; 0 measured; 0 filtered out; finished in 0.01s

     Running tests/bug_hunt_bundle_context.rs (target/debug/deps/bug_hunt_bundle_context-221cf42218b98d88)

running 4 tests
test imports_stay_before_namespace_and_redeclared_defaults_keep_order ... ok
test namespaces_follow_ordinary_fragments_without_leaking_into_managed_graph ... ok
test missing_or_relative_mapping_does_not_partially_mutate_input ... ok
test relocation_preserves_original_positions_and_namespace_identifiers ... ok

test result: ok. 4 passed; 0 failed; 0 ignored; 0 measured; 0 filtered out; finished in 0.00s

     Running tests/bug_hunt_bundle_graph.rs (target/debug/deps/bug_hunt_bundle_graph-032ffe8b8ccbbb87)

running 6 tests
test separates_complete_rules_and_preserves_original_utf16_sources ... ok
test complete_slot_matching_ignores_trivia_but_not_strings_or_larger_rules ... ok
test leaves_absent_slots_untouched_and_reports_unimplemented_contexts ... ok
test retains_every_occurrence_and_avoids_managed_id_collisions ... ok
test keeps_nested_conditions_and_one_shared_anonymous_layer ... ok
test deep_wrappers_are_iterative_and_repeated_plans_are_stable ... ok

test result: ok. 6 passed; 0 failed; 0 ignored; 0 measured; 0 filtered out; finished in 0.04s

     Running tests/bug_hunt_compiled_stylesheet_graph.rs (target/debug/deps/bug_hunt_compiled_stylesheet_graph-792003b7d407ad9b)

running 8 tests
test native_filtering_does_not_remove_import_topology_or_manifest_definitions ... ok
test generated_child_css_keeps_import_conditions_when_native_preservation_is_disabled ... ok
test native_compose_keeps_its_position_before_later_native_rules ... ok
test repeated_imports_use_occurrence_order_for_manifest_overrides ... ok
test child_native_compose_resolves_managed_definitions_declared_by_parent ... ok
test authored_unknown_at_rules_cannot_collide_with_private_compose_slots ... ok
test manifest_and_managed_dependencies_match_concatenated_authoring_order ... ok
test compiled_browser_corpus_assets ... ok

test result: ok. 8 passed; 0 failed; 0 ignored; 0 measured; 0 filtered out; finished in 0.02s

     Running tests/bug_hunt_directive_positions.rs (target/debug/deps/bug_hunt_directive_positions-6f5e59e70049f7aa)

running 1 test
test diagnostics_after_removed_directives_retain_original_utf16_offsets ... ok

test result: ok. 1 passed; 0 failed; 0 ignored; 0 measured; 0 filtered out; finished in 0.01s

     Running tests/bug_hunt_graph_diagnostics.rs (target/debug/deps/bug_hunt_graph_diagnostics-dfc343f9f970ddbe)

running 2 tests
test relocated_style_definition_metadata_uses_original_ranges_and_locations ... ok
test graph_diagnostics_retain_original_utf16_ranges_after_resource_edits ... ok

test result: ok. 2 passed; 0 failed; 0 ignored; 0 measured; 0 filtered out; finished in 0.01s

     Running tests/bug_hunt_import_qualifiers.rs (target/debug/deps/bug_hunt_import_qualifiers-21c5d6902041d113)

running 8 tests
test bh_0004_external_import_keeps_its_authored_qualifiers ... ok
test bh_0004_unresolved_nested_import_is_an_explicit_limit_not_invalid_nested_css ... ok
test bh_0004_import_media_is_preserved_when_expanding ... ok
test bh_0004_import_layer_is_preserved_when_expanding ... ok
test bh_0004_combined_conditions_wrap_layer_instead_of_declaring_it_unconditionally ... ok
test bh_0004_import_supports_is_preserved_when_expanding ... ok
test bh_0004_nested_local_imports_preserve_each_condition_and_layer_scope ... ok
test bh_0004_anonymous_layers_remain_distinct_and_unqualified_css_stays_bare ... ok

test result: ok. 8 passed; 0 failed; 0 ignored; 0 measured; 0 filtered out; finished in 0.00s

     Running tests/bug_hunt_inline_delivery.rs (target/debug/deps/bug_hunt_inline_delivery-7b9742620c2c172e)

running 8 tests
test invalid_late_import_is_not_activated_by_inlining ... ok
test a_bare_wrapper_can_promote_a_namespace_stylesheet_without_changing_its_scope ... ok
test retained_later_import_prevents_earlier_rules_from_invalidating_it ... ok
test leaf_graph_becomes_a_real_css_string_and_default_delivery_stays_split ... ok
test earlier_external_import_can_precede_an_inlined_suffix ... ok
test qualified_and_repeated_anonymous_layers_keep_distinct_wrappers ... ok
test parent_and_child_namespaces_are_not_merged ... ok
test conditional_external_children_remain_stylesheet_assets ... ok

test result: ok. 8 passed; 0 failed; 0 ignored; 0 measured; 0 filtered out; finished in 0.00s

     Running tests/bug_hunt_native_output_selection.rs (target/debug/deps/bug_hunt_native_output_selection-00f816af4cf1c326)

running 2 tests
test selected_native_output_keeps_local_reachability_and_only_selected_external_imports ... ok
test suppressed_native_imports_do_not_declare_unused_layers ... ok

test result: ok. 2 passed; 0 failed; 0 ignored; 0 measured; 0 filtered out; finished in 0.02s

     Running tests/bug_hunt_output_mappings.rs (target/debug/deps/bug_hunt_output_mappings-1d77ff1be5b0a9d0)

running 7 tests
test native_output_retains_original_rule_locations_after_consumed_directives ... ok
test native_output_maps_nested_rules_to_their_own_origins ... ok
test expanded_import_graph_retains_copied_spans_through_references_wrappers_and_hoisting ... ok
test native_rule_anchors_survive_crlf_unicode_masks_variants_and_minification ... ok
test wrapped_lowered_selectors_map_after_generated_condition_prefixes ... FAILED
test lower_output_retains_compose_and_native_declaration_origins ... ok
test composed_declaration_mapping_follows_the_winner_of_important_cascade ... ok

failures:

---- wrapped_lowered_selectors_map_after_generated_condition_prefixes stdout ----

thread 'wrapped_lowered_selectors_map_after_generated_condition_prefixes' (42398354) panicked at crates/mastercss-compiler/tests/bug_hunt_output_mappings.rs:255:10:
wrapped selector
note: run with `RUST_BACKTRACE=1` environment variable to display a backtrace


failures:
    wrapped_lowered_selectors_map_after_generated_condition_prefixes

test result: FAILED. 6 passed; 1 failed; 0 ignored; 0 measured; 0 filtered out; finished in 0.00s

error: test failed, to rerun pass `-p mastercss-compiler --test bug_hunt_output_mappings`
