(!) Your Vite config uses features that are unsupported by `configLoader: 'native'`, which is planned to become the default in a future major version of Vite:
  - import "../../shared/vitest.config" without a file extension (vitest.config.ts:2:20). Add the file extension
  - import "./vitest-ci-config" without a file extension (../../shared/vitest.config.ts:2:58). Add the file extension
Set `VITE_CONFIG_NATIVE_IGNORE_WARNING=true` to suppress this warning.

 RUN  v5.0.0 /Users/aron/master/css/packages/next

 ❯ tests/bug-hunt-runtime-start-hmr.test.ts (10 tests | 8 failed) 2965ms
   × BH-0048 Next turbopackHot pending runtime start: pending 108ms
   × BH-0048 Next turbopackHot pending runtime start: burst 104ms
   × BH-0048 Next turbopackHot pending runtime start: replacement 105ms
   × BH-0048 Next turbopackHot pending runtime start: failure 1060ms
   × BH-0048 Next webpackHot pending runtime start: pending 106ms
   × BH-0048 Next webpackHot pending runtime start: burst 105ms
   × BH-0048 Next webpackHot pending runtime start: replacement 105ms
   × BH-0048 Next webpackHot pending runtime start: failure 1055ms

⎯⎯⎯⎯⎯⎯⎯ Failed Tests 8 ⎯⎯⎯⎯⎯⎯⎯

 FAIL  tests/bug-hunt-runtime-start-hmr.test.ts > BH-0048 Next turbopackHot pending runtime start: pending
 FAIL  tests/bug-hunt-runtime-start-hmr.test.ts > BH-0048 Next turbopackHot pending runtime start: replacement
 FAIL  tests/bug-hunt-runtime-start-hmr.test.ts > BH-0048 Next webpackHot pending runtime start: pending
 FAIL  tests/bug-hunt-runtime-start-hmr.test.ts > BH-0048 Next webpackHot pending runtime start: replacement
AssertionError: expected 1 to be 2 // Object.is equality

- Expected
+ Received

- 2
+ 1

 ❯ tests/bug-hunt-runtime-start-hmr.test.ts:53:46
     51|   }
     52|   await vi.waitFor(() => expect(instances.at(-1)?.observe).toHaveBeenC…
     53|   expect(instances.at(-1)?.manifest.version).toBe(scenario === 'burst'…
       |                                              ^
     54|   expect(instances.at(-1)?.disposed).toBe(false)
     55|   expect(initial.observe).not.toHaveBeenCalled()

⎯⎯⎯⎯⎯⎯⎯⎯⎯⎯⎯⎯⎯⎯⎯⎯⎯⎯⎯⎯⎯⎯⎯⎯[1/8]⎯

 FAIL  tests/bug-hunt-runtime-start-hmr.test.ts > BH-0048 Next turbopackHot pending runtime start: burst
 FAIL  tests/bug-hunt-runtime-start-hmr.test.ts > BH-0048 Next webpackHot pending runtime start: burst
AssertionError: expected 1 to be 3 // Object.is equality

- Expected
+ Received

- 3
+ 1

 ❯ tests/bug-hunt-runtime-start-hmr.test.ts:53:46
     51|   }
     52|   await vi.waitFor(() => expect(instances.at(-1)?.observe).toHaveBeenC…
     53|   expect(instances.at(-1)?.manifest.version).toBe(scenario === 'burst'…
       |                                              ^
     54|   expect(instances.at(-1)?.disposed).toBe(false)
     55|   expect(initial.observe).not.toHaveBeenCalled()

⎯⎯⎯⎯⎯⎯⎯⎯⎯⎯⎯⎯⎯⎯⎯⎯⎯⎯⎯⎯⎯⎯⎯⎯[2/8]⎯

 FAIL  tests/bug-hunt-runtime-start-hmr.test.ts > BH-0048 Next turbopackHot pending runtime start: failure
 FAIL  tests/bug-hunt-runtime-start-hmr.test.ts > BH-0048 Next webpackHot pending runtime start: failure
AssertionError: expected "vi.fn()" to be called once, but got 0 times
 ❯ tests/bug-hunt-runtime-start-hmr.test.ts:52:60
     50|     return
     51|   }
     52|   await vi.waitFor(() => expect(instances.at(-1)?.observe).toHaveBeenC…
       |                                                            ^
     53|   expect(instances.at(-1)?.manifest.version).toBe(scenario === 'burst'…
     54|   expect(instances.at(-1)?.disposed).toBe(false)

⎯⎯⎯⎯⎯⎯⎯⎯⎯⎯⎯⎯⎯⎯⎯⎯⎯⎯⎯⎯⎯⎯⎯⎯[3/8]⎯


 Test Files  1 failed (1)
      Tests  8 failed | 2 passed (10)
   Start at  12:56:10
   Duration  3.36s (tests 90%, transform 7%, import 3%)

Error: ERR_PNPM_RECURSIVE_EXEC_FIRST_FAIL

  × "pnpm recursive exec" failed in /Users/aron/master/css/packages/next

