(!) Your Vite config uses features that are unsupported by `configLoader: 'native'`, which is planned to become the default in a future major version of Vite:
  - import "../../shared/vitest.config" without a file extension (vitest.config.ts:2:20). Add the file extension
  - import "./vitest-ci-config" without a file extension (../../shared/vitest.config.ts:2:58). Add the file extension
Set `VITE_CONFIG_NATIVE_IGNORE_WARNING=true` to suppress this warning.

 RUN  v5.0.0 /Users/aron/master/css/packages/vite

 ❯ tests/plugins/bug-hunt-failed-dependency-reconciliation.test.ts (19 tests | 1 failed) 23297ms
   × BH-0004 a successful edit drops obsolete failed dependency reconciliation 733ms
 ❯ tests/plugins/bug-hunt-startup-dependencies.test.ts (28 tests | 6 failed) 42282ms
   × BH-0004 startup reference-directory recovers entry in static 209ms
   × BH-0004 startup reference-directory recovers entry in runtime 171ms
   × BH-0004 startup reference-directory recovers entry in pre-render 145ms
   × BH-0004 startup reference-directory recovers entry in progressive 142ms
   × BH-0004 failed servers recover independently with shared plugins=false 368ms
   × BH-0004 failed servers recover independently with shared plugins=true 364ms
 ❯ tests/plugins/bug-hunt-reference-host-recovery.test.ts (26 tests | 6 failed) 59399ms
   × BH-0004 build-watch reference recovery scss/plain-root/startup=true 5249ms
   × BH-0004 build-watch reference recovery scss/module-root/startup=true 5248ms
   × BH-0004 build-watch reference recovery scss/retained-module/startup=true 5309ms
   × BH-0004 build-watch reference recovery sass/plain-root/startup=true 5180ms
   × BH-0004 build-watch reference recovery sass/module-root/startup=true 5173ms
   × BH-0004 build-watch reference recovery sass/retained-module/startup=true 5172ms

⎯⎯⎯⎯⎯⎯ Failed Tests 13 ⎯⎯⎯⎯⎯⎯⎯

 FAIL  tests/plugins/bug-hunt-failed-dependency-reconciliation.test.ts > BH-0004 a successful edit drops obsolete failed dependency reconciliation
AssertionError: expected true to be false // Object.is equality

- Expected
+ Received

- false
+ true

 ❯ tests/plugins/bug-hunt-failed-dependency-reconciliation.test.ts:115:46
    113|     result.send.mockClear();result.transform.mockClear();f.restore()
    114|     await delay(350)
    115|     expect(notified(result.send.mock.calls)).toBe(false);expect(result…
       |                                              ^
    116|   } finally { await stop(f, result) }
    117| })

⎯⎯⎯⎯⎯⎯⎯⎯⎯⎯⎯⎯⎯⎯⎯⎯⎯⎯⎯⎯⎯⎯⎯[1/13]⎯

 FAIL  tests/plugins/bug-hunt-reference-host-recovery.test.ts > BH-0004 build-watch reference recovery scss/plain-root/startup=true
 FAIL  tests/plugins/bug-hunt-reference-host-recovery.test.ts > BH-0004 build-watch reference recovery scss/module-root/startup=true
 FAIL  tests/plugins/bug-hunt-reference-host-recovery.test.ts > BH-0004 build-watch reference recovery scss/retained-module/startup=true
 FAIL  tests/plugins/bug-hunt-reference-host-recovery.test.ts > BH-0004 build-watch reference recovery sass/plain-root/startup=true
 FAIL  tests/plugins/bug-hunt-reference-host-recovery.test.ts > BH-0004 build-watch reference recovery sass/module-root/startup=true
 FAIL  tests/plugins/bug-hunt-reference-host-recovery.test.ts > BH-0004 build-watch reference recovery sass/retained-module/startup=true
AssertionError: restored: expected 0 to be greater than 0
 ❯ vi.waitFor.timeout tests/plugins/bug-hunt-reference-host-recovery.test.ts:104:102
    102|       if (event.code === 'END' && terminal) { events.push(terminal); t…
    103|     })
    104|     const nextEvent = async (phase: string) => { await vi.waitFor(() =…
       |                                                                                                      ^
    105|     const initial = await nextEvent('initial')
    106|     expect(initial.code).toBe(startupMissing ? 'ERROR' : 'BUNDLE_END')

⎯⎯⎯⎯⎯⎯⎯⎯⎯⎯⎯⎯⎯⎯⎯⎯⎯⎯⎯⎯⎯⎯⎯[2/13]⎯

 FAIL  tests/plugins/bug-hunt-startup-dependencies.test.ts > BH-0004 startup reference-directory recovers entry in static
Error: CSS file not found: /private/var/folders/_b/768dhtz56ns54x1r867j67280000gn/T/master-css-startup-dependencies-tJOcOP/external/deep/tokens.css
 ❯ loadMasterCSSVirtualManifest ../internal/src/manifest-loader.ts:61:37
     59|     }
     60|   }
     61|   const result = await options.host.loadProjectManifest({
       |                                     ^
     62|     root: options.root,
     63|     entries,
 ❯ loadDefaultManifest ../internal/src/manifest-virtual-module.ts:111:20

⎯⎯⎯⎯⎯⎯⎯⎯⎯⎯⎯⎯⎯⎯⎯⎯⎯⎯⎯⎯⎯⎯⎯[3/13]⎯

 FAIL  tests/plugins/bug-hunt-startup-dependencies.test.ts > BH-0004 startup reference-directory recovers entry in runtime
Error: CSS file not found: /private/var/folders/_b/768dhtz56ns54x1r867j67280000gn/T/master-css-startup-dependencies-EHxDI8/external/deep/tokens.css
 ❯ loadMasterCSSVirtualManifest ../internal/src/manifest-loader.ts:61:37
     59|     }
     60|   }
     61|   const result = await options.host.loadProjectManifest({
       |                                     ^
     62|     root: options.root,
     63|     entries,
 ❯ loadDefaultManifest ../internal/src/manifest-virtual-module.ts:111:20

⎯⎯⎯⎯⎯⎯⎯⎯⎯⎯⎯⎯⎯⎯⎯⎯⎯⎯⎯⎯⎯⎯⎯[4/13]⎯

 FAIL  tests/plugins/bug-hunt-startup-dependencies.test.ts > BH-0004 startup reference-directory recovers entry in pre-render
Error: CSS file not found: /private/var/folders/_b/768dhtz56ns54x1r867j67280000gn/T/master-css-startup-dependencies-T5uwVb/external/deep/tokens.css
 ❯ loadCSSManifest src/plugins/pre-render.ts:52:26
     50|       pluginContext?.addWatchFile?.(dependency)
     51|     }
     52|     const result = await loadProjectManifest({
       |                          ^
     53|       root,
     54|       entries,
 ❯ BasicMinimalPluginContext.configResolved src/plugins/pre-render.ts:115:7

⎯⎯⎯⎯⎯⎯⎯⎯⎯⎯⎯⎯⎯⎯⎯⎯⎯⎯⎯⎯⎯⎯⎯[5/13]⎯

 FAIL  tests/plugins/bug-hunt-startup-dependencies.test.ts > BH-0004 startup reference-directory recovers entry in progressive
Error: CSS file not found: /private/var/folders/_b/768dhtz56ns54x1r867j67280000gn/T/master-css-startup-dependencies-6oNycS/external/deep/tokens.css
 ❯ loadCSSManifest src/plugins/pre-render.ts:52:26
     50|       pluginContext?.addWatchFile?.(dependency)
     51|     }
     52|     const result = await loadProjectManifest({
       |                          ^
     53|       root,
     54|       entries,
 ❯ BasicMinimalPluginContext.configResolved src/plugins/pre-render.ts:115:7

⎯⎯⎯⎯⎯⎯⎯⎯⎯⎯⎯⎯⎯⎯⎯⎯⎯⎯⎯⎯⎯⎯⎯[6/13]⎯

 FAIL  tests/plugins/bug-hunt-startup-dependencies.test.ts > BH-0004 failed servers recover independently with shared plugins=false
Error: CSS file not found: /private/var/folders/_b/768dhtz56ns54x1r867j67280000gn/T/master-css-startup-dependencies-PH8yeJ/external/deep/tokens.css
 ❯ loadMasterCSSVirtualManifest ../internal/src/manifest-loader.ts:61:37
     59|     }
     60|   }
     61|   const result = await options.host.loadProjectManifest({
       |                                     ^
     62|     root: options.root,
     63|     entries,
 ❯ loadDefaultManifest ../internal/src/manifest-virtual-module.ts:111:20

⎯⎯⎯⎯⎯⎯⎯⎯⎯⎯⎯⎯⎯⎯⎯⎯⎯⎯⎯⎯⎯⎯⎯[7/13]⎯

 FAIL  tests/plugins/bug-hunt-startup-dependencies.test.ts > BH-0004 failed servers recover independently with shared plugins=true
Error: CSS file not found: /private/var/folders/_b/768dhtz56ns54x1r867j67280000gn/T/master-css-startup-dependencies-eCYa2p/external/deep/tokens.css
 ❯ loadMasterCSSVirtualManifest ../internal/src/manifest-loader.ts:61:37
     59|     }
     60|   }
     61|   const result = await options.host.loadProjectManifest({
       |                                     ^
     62|     root: options.root,
     63|     entries,
 ❯ loadDefaultManifest ../internal/src/manifest-virtual-module.ts:111:20

⎯⎯⎯⎯⎯⎯⎯⎯⎯⎯⎯⎯⎯⎯⎯⎯⎯⎯⎯⎯⎯⎯⎯[8/13]⎯


 Test Files  3 failed | 62 passed (65)
      Tests  13 failed | 563 passed (576)
   Start at  11:23:24
   Duration  60.12s (tests 97%, import 2%, transform 1%)

Error: ERR_PNPM_RECURSIVE_EXEC_FIRST_FAIL

  × "pnpm recursive exec" failed in /Users/aron/master/css/packages/vite

