(!) Your Vite config uses features that are unsupported by `configLoader: 'native'`, which is planned to become the default in a future major version of Vite:
  - import "../../shared/vitest.config" without a file extension (vitest.config.ts:2:20). Add the file extension
  - import "./vitest-ci-config" without a file extension (../../shared/vitest.config.ts:2:58). Add the file extension
Set `VITE_CONFIG_NATIVE_IGNORE_WARNING=true` to suppress this warning.

 RUN  v5.0.0 /Users/aron/master/css/packages/vite

 ❯ tests/plugins/bug-hunt-reference-host-recovery.test.ts (26 tests | 6 failed) 63539ms
   × BH-0004 build-watch reference recovery scss/plain-root/startup=true 5258ms
   × BH-0004 build-watch reference recovery scss/module-root/startup=true 5311ms
   × BH-0004 build-watch reference recovery scss/retained-module/startup=true 5214ms
   × BH-0004 build-watch reference recovery sass/plain-root/startup=true 5163ms
   × BH-0004 build-watch reference recovery sass/module-root/startup=true 5163ms
   × BH-0004 build-watch reference recovery sass/retained-module/startup=true 5161ms
 ❯ tests/plugins/bug-hunt-startup-dependencies.test.ts (26 tests | 8 failed) 64008ms
   × BH-0004 startup reference-directory recovers local in static 5361ms
   × BH-0004 startup reference-directory recovers entry in static 210ms
   × BH-0004 startup reference-directory recovers local in runtime 5234ms
   × BH-0004 startup reference-directory recovers entry in runtime 234ms
   × BH-0004 startup reference-directory recovers entry in pre-render 111ms
   × BH-0004 startup reference-directory recovers entry in progressive 111ms
   × BH-0004 failed servers recover independently with shared plugins=false 397ms
   × BH-0004 failed servers recover independently with shared plugins=true 370ms

⎯⎯⎯⎯⎯⎯ Failed Tests 14 ⎯⎯⎯⎯⎯⎯⎯

 FAIL  tests/plugins/bug-hunt-reference-host-recovery.test.ts > BH-0004 build-watch reference recovery scss/plain-root/startup=true
 FAIL  tests/plugins/bug-hunt-reference-host-recovery.test.ts > BH-0004 build-watch reference recovery scss/module-root/startup=true
 FAIL  tests/plugins/bug-hunt-reference-host-recovery.test.ts > BH-0004 build-watch reference recovery scss/retained-module/startup=true
 FAIL  tests/plugins/bug-hunt-reference-host-recovery.test.ts > BH-0004 build-watch reference recovery sass/plain-root/startup=true
 FAIL  tests/plugins/bug-hunt-reference-host-recovery.test.ts > BH-0004 build-watch reference recovery sass/module-root/startup=true
 FAIL  tests/plugins/bug-hunt-reference-host-recovery.test.ts > BH-0004 build-watch reference recovery sass/retained-module/startup=true
AssertionError: restored: expected 0 to be greater than 0
 ❯ vi.waitFor.timeout tests/plugins/bug-hunt-reference-host-recovery.test.ts:104:102
    102|       if (event.code === 'END' && terminal) { events.push(terminal); t…
    103|     })
    104|     const nextEvent = async (phase: string) => { await vi.waitFor(() =…
       |                                                                                                      ^
    105|     const initial = await nextEvent('initial')
    106|     expect(initial.code).toBe(startupMissing ? 'ERROR' : 'BUNDLE_END')

⎯⎯⎯⎯⎯⎯⎯⎯⎯⎯⎯⎯⎯⎯⎯⎯⎯⎯⎯⎯⎯⎯⎯[1/14]⎯

 FAIL  tests/plugins/bug-hunt-startup-dependencies.test.ts > BH-0004 startup reference-directory recovers local in static
 FAIL  tests/plugins/bug-hunt-startup-dependencies.test.ts > BH-0004 startup reference-directory recovers local in runtime
AssertionError: expected false to be true // Object.is equality

- Expected
+ Received

- true
+ false

 ❯ vi.waitFor.timeout tests/plugins/bug-hunt-startup-dependencies.test.ts:40:62
     38|     const send = vi.spyOn(server.ws, 'send')
     39|     f.restore()
     40|     await vi.waitFor(() => expect(notified(send.mock.calls)).toBe(true…
       |                                                              ^
     41|     let restored = ''
     42|     await expect.poll(async () => {

⎯⎯⎯⎯⎯⎯⎯⎯⎯⎯⎯⎯⎯⎯⎯⎯⎯⎯⎯⎯⎯⎯⎯[2/14]⎯

 FAIL  tests/plugins/bug-hunt-startup-dependencies.test.ts > BH-0004 startup reference-directory recovers entry in static
Error: CSS file not found: /private/var/folders/_b/768dhtz56ns54x1r867j67280000gn/T/master-css-startup-dependencies-6O5m1r/external/deep/tokens.css
 ❯ loadMasterCSSVirtualManifest ../internal/src/manifest-loader.ts:61:37
     59|     }
     60|   }
     61|   const result = await options.host.loadProjectManifest({
       |                                     ^
     62|     root: options.root,
     63|     entries,
 ❯ loadDefaultManifest ../internal/src/manifest-virtual-module.ts:111:20

⎯⎯⎯⎯⎯⎯⎯⎯⎯⎯⎯⎯⎯⎯⎯⎯⎯⎯⎯⎯⎯⎯⎯[3/14]⎯

 FAIL  tests/plugins/bug-hunt-startup-dependencies.test.ts > BH-0004 startup reference-directory recovers entry in runtime
Error: CSS file not found: /private/var/folders/_b/768dhtz56ns54x1r867j67280000gn/T/master-css-startup-dependencies-4yNdRU/external/deep/tokens.css
 ❯ loadMasterCSSVirtualManifest ../internal/src/manifest-loader.ts:61:37
     59|     }
     60|   }
     61|   const result = await options.host.loadProjectManifest({
       |                                     ^
     62|     root: options.root,
     63|     entries,
 ❯ loadDefaultManifest ../internal/src/manifest-virtual-module.ts:111:20

⎯⎯⎯⎯⎯⎯⎯⎯⎯⎯⎯⎯⎯⎯⎯⎯⎯⎯⎯⎯⎯⎯⎯[4/14]⎯

 FAIL  tests/plugins/bug-hunt-startup-dependencies.test.ts > BH-0004 startup reference-directory recovers entry in pre-render
Error: CSS file not found: /private/var/folders/_b/768dhtz56ns54x1r867j67280000gn/T/master-css-startup-dependencies-e91doH/external/deep/tokens.css
 ❯ loadCSSManifest src/plugins/pre-render.ts:52:26
     50|       pluginContext?.addWatchFile?.(dependency)
     51|     }
     52|     const result = await loadProjectManifest({
       |                          ^
     53|       root,
     54|       entries,
 ❯ BasicMinimalPluginContext.configResolved src/plugins/pre-render.ts:115:7

⎯⎯⎯⎯⎯⎯⎯⎯⎯⎯⎯⎯⎯⎯⎯⎯⎯⎯⎯⎯⎯⎯⎯[5/14]⎯

 FAIL  tests/plugins/bug-hunt-startup-dependencies.test.ts > BH-0004 startup reference-directory recovers entry in progressive
Error: CSS file not found: /private/var/folders/_b/768dhtz56ns54x1r867j67280000gn/T/master-css-startup-dependencies-dxbzZ5/external/deep/tokens.css
 ❯ loadCSSManifest src/plugins/pre-render.ts:52:26
     50|       pluginContext?.addWatchFile?.(dependency)
     51|     }
     52|     const result = await loadProjectManifest({
       |                          ^
     53|       root,
     54|       entries,
 ❯ BasicMinimalPluginContext.configResolved src/plugins/pre-render.ts:115:7

⎯⎯⎯⎯⎯⎯⎯⎯⎯⎯⎯⎯⎯⎯⎯⎯⎯⎯⎯⎯⎯⎯⎯[6/14]⎯

 FAIL  tests/plugins/bug-hunt-startup-dependencies.test.ts > BH-0004 failed servers recover independently with shared plugins=false
Error: CSS file not found: /private/var/folders/_b/768dhtz56ns54x1r867j67280000gn/T/master-css-startup-dependencies-JFLCWZ/external/deep/tokens.css
 ❯ loadMasterCSSVirtualManifest ../internal/src/manifest-loader.ts:61:37
     59|     }
     60|   }
     61|   const result = await options.host.loadProjectManifest({
       |                                     ^
     62|     root: options.root,
     63|     entries,
 ❯ loadDefaultManifest ../internal/src/manifest-virtual-module.ts:111:20

⎯⎯⎯⎯⎯⎯⎯⎯⎯⎯⎯⎯⎯⎯⎯⎯⎯⎯⎯⎯⎯⎯⎯[7/14]⎯

 FAIL  tests/plugins/bug-hunt-startup-dependencies.test.ts > BH-0004 failed servers recover independently with shared plugins=true
Error: CSS file not found: /private/var/folders/_b/768dhtz56ns54x1r867j67280000gn/T/master-css-startup-dependencies-GrX0Ur/external/deep/tokens.css
 ❯ loadMasterCSSVirtualManifest ../internal/src/manifest-loader.ts:61:37
     59|     }
     60|   }
     61|   const result = await options.host.loadProjectManifest({
       |                                     ^
     62|     root: options.root,
     63|     entries,
 ❯ loadDefaultManifest ../internal/src/manifest-virtual-module.ts:111:20

⎯⎯⎯⎯⎯⎯⎯⎯⎯⎯⎯⎯⎯⎯⎯⎯⎯⎯⎯⎯⎯⎯⎯[8/14]⎯


 Test Files  2 failed | 61 passed (63)
      Tests  14 failed | 517 passed (531)
   Start at  10:40:52
   Duration  64.81s (tests 97%, import 2%, transform 1%)

Error: ERR_PNPM_RECURSIVE_EXEC_FIRST_FAIL

  × "pnpm recursive exec" failed in /Users/aron/master/css/packages/vite

