(!) Your Vite config uses features that are unsupported by `configLoader: 'native'`, which is planned to become the default in a future major version of Vite:
  - import "../../shared/vitest.config" without a file extension (vitest.config.ts:2:20). Add the file extension
  - import "./vitest-ci-config" without a file extension (../../shared/vitest.config.ts:2:58). Add the file extension
Set `VITE_CONFIG_NATIVE_IGNORE_WARNING=true` to suppress this warning.

 RUN  v5.0.0 /Users/aron/master/css/packages/next

 ❯ tests/bug-hunt-sass-source-offsets.test.ts (7 tests | 3 failed) 136ms
   × Next scss reports Sass errors against authored root after injection 14ms
   × Next sass reports Sass errors against authored root after injection 4ms
   × Next labels Sass errors in injected content without negative locations 4ms

⎯⎯⎯⎯⎯⎯⎯ Failed Tests 3 ⎯⎯⎯⎯⎯⎯⎯

 FAIL  tests/bug-hunt-sass-source-offsets.test.ts > Next scss reports Sass errors against authored root after injection
AssertionError: expected Error: Undefined variable.
/var/folders/_… { …(2) } to match object { …(2) }
(14 matching properties omitted from actual)

- Expected
+ Received

- {
-   "message": StringContaining "/var/folders/_b/768dhtz56ns54x1r867j67280000gn/T/next-raw-sass-moY6eQ/card.module.scss:2:",
+ Error {
    "span": {
      "start": {
        "line": 1,
      },
-     "text": "$missing",
    },
  }

 ❯ tests/bug-hunt-sass-source-offsets.test.ts:49:96
     47|     const source = syntax === 'sass' ? '/* authored */\n.card\n  paddi…
     48|     const additionalData = syntax === 'sass' ? '$a: 1\r\n$b: 2' : '$a:…
     49|     await expect(compile(root, file, source, [], { implementation: sas…
       |                                                                                                ^
     50|       span: { start: { line: syntax === 'sass' ? 2 : 1 }, text: '$miss…
     51|     })
 ❯ fixture tests/bug-hunt-sass-source-offsets.test.ts:16:11
 ❯ tests/bug-hunt-sass-source-offsets.test.ts:45:9

⎯⎯⎯⎯⎯⎯⎯⎯⎯⎯⎯⎯⎯⎯⎯⎯⎯⎯⎯⎯⎯⎯⎯⎯[1/3]⎯

 FAIL  tests/bug-hunt-sass-source-offsets.test.ts > Next sass reports Sass errors against authored root after injection
AssertionError: expected Error: Undefined variable.
/var/folders/_… { …(2) } to match object { …(2) }
(14 matching properties omitted from actual)

- Expected
+ Received

- {
-   "message": StringContaining "/var/folders/_b/768dhtz56ns54x1r867j67280000gn/T/next-raw-sass-vgllaG/card.module.sass:3:",
+ Error {
    "span": {
      "start": {
        "line": 2,
      },
-     "text": "$missing",
    },
  }

 ❯ tests/bug-hunt-sass-source-offsets.test.ts:49:96
     47|     const source = syntax === 'sass' ? '/* authored */\n.card\n  paddi…
     48|     const additionalData = syntax === 'sass' ? '$a: 1\r\n$b: 2' : '$a:…
     49|     await expect(compile(root, file, source, [], { implementation: sas…
       |                                                                                                ^
     50|       span: { start: { line: syntax === 'sass' ? 2 : 1 }, text: '$miss…
     51|     })
 ❯ fixture tests/bug-hunt-sass-source-offsets.test.ts:16:11
 ❯ tests/bug-hunt-sass-source-offsets.test.ts:45:9

⎯⎯⎯⎯⎯⎯⎯⎯⎯⎯⎯⎯⎯⎯⎯⎯⎯⎯⎯⎯⎯⎯⎯⎯[2/3]⎯

 FAIL  tests/bug-hunt-sass-source-offsets.test.ts > Next labels Sass errors in injected content without negative locations
AssertionError: expected Error: Undefined variable.
file:///var/fo… { …(2) } to match object { span: { …(2) }, …(1) }
(14 matching properties omitted from actual)

- Expected
+ Received

- {
-   "message": StringContaining "?master-css-additional-data:1:",
+ Error {
    "span": {
      "start": {
        "line": 0,
      },
-     "text": "$missing",
    },
  }

 ❯ tests/bug-hunt-sass-source-offsets.test.ts:64:168
     62| test('Next labels Sass errors in injected content without negative loc…
     63|   await fixture(async root => {
     64|     await expect(compile(root, join(root, 'card.module.scss'), '.card{…
       |                                                                                                                                                                        ^
     65|       span: { start: { line: 0 }, text: '$missing' }, message: expect.…
     66|     })
 ❯ fixture tests/bug-hunt-sass-source-offsets.test.ts:16:11
 ❯ tests/bug-hunt-sass-source-offsets.test.ts:63:9

⎯⎯⎯⎯⎯⎯⎯⎯⎯⎯⎯⎯⎯⎯⎯⎯⎯⎯⎯⎯⎯⎯⎯⎯[3/3]⎯


 Test Files  1 failed | 1 passed (2)
      Tests  3 failed | 10 passed (13)
   Start at  15:28:43
   Duration  2.79s (tests 81%, transform 13%, import 5%)

Error: ERR_PNPM_RECURSIVE_EXEC_FIRST_FAIL

  × "pnpm recursive exec" failed in /Users/aron/master/css/packages/next

