$ tsdown --config ../../shared/tsdown-package.config.ts
ℹ tsdown v0.23.0 powered by rolldown v1.2.7
ℹ config file: /Users/aron/master/css/shared/tsdown-package.config.ts 
ℹ entry: src/core.ts, src/external-hydration-manifest.ts, src/index.ts, src/middleware.ts, src/options.ts, src/runtime-preload.ts, src/server.ts
ℹ target: node24.0.0
ℹ tsconfig: tsconfig.prod.json
ℹ Build start
ℹ Cleaning 27 files
TypeScript 7.0 does not yet have a stable API and is experimental. Some options will be unavailable.
ℹ dist/core.js                                    5.41 kB │ gzip:  1.65 kB
ℹ dist/runtime-preload.js                         5.35 kB │ gzip:  1.73 kB
ℹ dist/external-hydration-manifest.js             3.52 kB │ gzip:  1.25 kB
ℹ dist/server.js                                  1.32 kB │ gzip:  0.56 kB
ℹ dist/options.js                                 0.41 kB │ gzip:  0.23 kB
ℹ dist/middleware.js                              0.31 kB │ gzip:  0.18 kB
ℹ dist/index.js                                   0.15 kB │ gzip:  0.10 kB
ℹ dist/preset/src/default-manifest.js           117.06 kB │ gzip: 12.81 kB
ℹ dist/internal/src/manifest-facade.js            4.05 kB │ gzip:  1.16 kB
ℹ dist/internal/src/manifest-virtual-module.js    2.94 kB │ gzip:  1.04 kB
ℹ dist/internal/src/runtime-bootstrap.js          2.43 kB │ gzip:  0.76 kB
ℹ dist/internal/src/manifest-loader.js            1.21 kB │ gzip:  0.49 kB
ℹ dist/internal/src/emitted-globals-module.js     0.53 kB │ gzip:  0.28 kB
ℹ dist/internal/src/manifest-module.js            0.42 kB │ gzip:  0.24 kB
ℹ dist/internal/src/node.js                       0.37 kB │ gzip:  0.26 kB
ℹ dist/internal/src/project.js                    0.23 kB │ gzip:  0.16 kB
ℹ dist/options.d.ts                               0.80 kB │ gzip:  0.29 kB
ℹ dist/server.d.ts                                0.69 kB │ gzip:  0.29 kB
ℹ dist/core.d.ts                                  0.63 kB │ gzip:  0.31 kB
ℹ dist/index.d.ts                                 0.28 kB │ gzip:  0.14 kB
ℹ dist/external-hydration-manifest.d.ts           0.21 kB │ gzip:  0.16 kB
ℹ dist/runtime-preload.d.ts                       0.18 kB │ gzip:  0.15 kB
ℹ dist/middleware.d.ts                            0.12 kB │ gzip:  0.12 kB
ℹ 23 files, total: 148.64 kB
✔ Build complete in 125ms
