(!) Your Vite config uses features that are unsupported by `configLoader: 'native'`, which is planned to become the default in a future major version of Vite:
  - import "../../shared/vitest.config" without a file extension (vitest.config.ts:2:20). Add the file extension
  - import "./vitest-ci-config" without a file extension (../../shared/vitest.config.ts:2:58). Add the file extension
Set `VITE_CONFIG_NATIVE_IGNORE_WARNING=true` to suppress this warning.

 RUN  v5.0.0 /Users/aron/master/css/packages/next

 ❯ tests/bug-hunt-output-source-maps.test.ts (6 tests | 1 failed) 3145ms
   × Next injected package entry retains pure CSS authoring lines in its callback map 1003ms

⎯⎯⎯⎯⎯⎯⎯ Failed Tests 1 ⎯⎯⎯⎯⎯⎯⎯

 FAIL  tests/bug-hunt-output-source-maps.test.ts > Next injected package entry retains pure CSS authoring lines in its callback map
AssertionError: expected { generatedLine: 179, …(5) } to match object { …(3) }
(3 matching properties omitted from actual)

- Expected
+ Received

  {
    "originalColumn": 0,
-   "originalLine": 1,
+   "originalLine": 2,
    "originalSource": "file:///var/folders/_b/768dhtz56ns54x1r867j67280000gn/T/next-output-map-22Svn1/entry.css",
  }

 ❯ tests/bug-hunt-output-source-maps.test.ts:33:37
     31|     const file = join(root, 'entry.css'), source = '@master entry;@uti…
     32|     const result = await compile(root, file, source)
     33|     expect(origin(result, '.card')).toMatchObject({ originalSource: pa…
       |                                     ^
     34|     expect(result.sourceMap.sourcesContent).toContain(source)
     35|   })
 ❯ fixture tests/bug-hunt-output-source-maps.test.ts:13:99
 ❯ tests/bug-hunt-output-source-maps.test.ts:30:3

⎯⎯⎯⎯⎯⎯⎯⎯⎯⎯⎯⎯⎯⎯⎯⎯⎯⎯⎯⎯⎯⎯⎯⎯[1/1]⎯


 Test Files  1 failed (1)
      Tests  1 failed | 5 passed (6)
   Start at  16:31:59
   Duration  3.49s (tests 92%, transform 6%, import 2%)

