(!) Your Vite config uses features that are unsupported by `configLoader: 'native'`, which is planned to become the default in a future major version of Vite:
  - import "../../shared/vitest.config" without a file extension (vitest.config.ts:2:20). Add the file extension
  - import "./vitest-ci-config" without a file extension (../../shared/vitest.config.ts:2:58). Add the file extension
Set `VITE_CONFIG_NATIVE_IGNORE_WARNING=true` to suppress this warning.

 RUN  v5.0.0 /Users/aron/master/css/packages/vite

 ❯ tests/plugins/bug-hunt-startup-dependencies.test.ts (28 tests | 6 failed) 52826ms
   × BH-0004 startup reference-directory recovers entry in static 237ms
   × BH-0004 startup reference-directory recovers entry in runtime 219ms
   × BH-0004 startup reference-directory recovers entry in pre-render 208ms
   × BH-0004 startup reference-directory recovers entry in progressive 280ms
   × BH-0004 failed servers recover independently with shared plugins=false 377ms
   × BH-0004 failed servers recover independently with shared plugins=true 379ms
 ❯ tests/plugins/bug-hunt-reference-host-recovery.test.ts (26 tests | 6 failed) 64666ms
   × BH-0004 build-watch reference recovery scss/plain-root/startup=true 5322ms
   × BH-0004 build-watch reference recovery scss/module-root/startup=true 5299ms
   × BH-0004 build-watch reference recovery scss/retained-module/startup=true 5307ms
   × BH-0004 build-watch reference recovery sass/plain-root/startup=true 5277ms
   × BH-0004 build-watch reference recovery sass/module-root/startup=true 5223ms
   × BH-0004 build-watch reference recovery sass/retained-module/startup=true 5167ms

⎯⎯⎯⎯⎯⎯ Failed Tests 12 ⎯⎯⎯⎯⎯⎯⎯

 FAIL  tests/plugins/bug-hunt-reference-host-recovery.test.ts > BH-0004 build-watch reference recovery scss/plain-root/startup=true
 FAIL  tests/plugins/bug-hunt-reference-host-recovery.test.ts > BH-0004 build-watch reference recovery scss/module-root/startup=true
 FAIL  tests/plugins/bug-hunt-reference-host-recovery.test.ts > BH-0004 build-watch reference recovery scss/retained-module/startup=true
 FAIL  tests/plugins/bug-hunt-reference-host-recovery.test.ts > BH-0004 build-watch reference recovery sass/plain-root/startup=true
 FAIL  tests/plugins/bug-hunt-reference-host-recovery.test.ts > BH-0004 build-watch reference recovery sass/module-root/startup=true
 FAIL  tests/plugins/bug-hunt-reference-host-recovery.test.ts > BH-0004 build-watch reference recovery sass/retained-module/startup=true
AssertionError: restored: expected 0 to be greater than 0
 ❯ vi.waitFor.timeout tests/plugins/bug-hunt-reference-host-recovery.test.ts:104:102
    102|       if (event.code === 'END' && terminal) { events.push(terminal); t…
    103|     })
    104|     const nextEvent = async (phase: string) => { await vi.waitFor(() =…
       |                                                                                                      ^
    105|     const initial = await nextEvent('initial')
    106|     expect(initial.code).toBe(startupMissing ? 'ERROR' : 'BUNDLE_END')

⎯⎯⎯⎯⎯⎯⎯⎯⎯⎯⎯⎯⎯⎯⎯⎯⎯⎯⎯⎯⎯⎯⎯[1/12]⎯

 FAIL  tests/plugins/bug-hunt-startup-dependencies.test.ts > BH-0004 startup reference-directory recovers entry in static
Error: CSS file not found: /private/var/folders/_b/768dhtz56ns54x1r867j67280000gn/T/master-css-startup-dependencies-uozEXl/external/deep/tokens.css
 ❯ loadMasterCSSVirtualManifest ../internal/src/manifest-loader.ts:61:37
     59|     }
     60|   }
     61|   const result = await options.host.loadProjectManifest({
       |                                     ^
     62|     root: options.root,
     63|     entries,
 ❯ loadDefaultManifest ../internal/src/manifest-virtual-module.ts:111:20

⎯⎯⎯⎯⎯⎯⎯⎯⎯⎯⎯⎯⎯⎯⎯⎯⎯⎯⎯⎯⎯⎯⎯[2/12]⎯

 FAIL  tests/plugins/bug-hunt-startup-dependencies.test.ts > BH-0004 startup reference-directory recovers entry in runtime
Error: CSS file not found: /private/var/folders/_b/768dhtz56ns54x1r867j67280000gn/T/master-css-startup-dependencies-dO9yu3/external/deep/tokens.css
 ❯ loadMasterCSSVirtualManifest ../internal/src/manifest-loader.ts:61:37
     59|     }
     60|   }
     61|   const result = await options.host.loadProjectManifest({
       |                                     ^
     62|     root: options.root,
     63|     entries,
 ❯ loadDefaultManifest ../internal/src/manifest-virtual-module.ts:111:20

⎯⎯⎯⎯⎯⎯⎯⎯⎯⎯⎯⎯⎯⎯⎯⎯⎯⎯⎯⎯⎯⎯⎯[3/12]⎯

 FAIL  tests/plugins/bug-hunt-startup-dependencies.test.ts > BH-0004 startup reference-directory recovers entry in pre-render
Error: CSS file not found: /private/var/folders/_b/768dhtz56ns54x1r867j67280000gn/T/master-css-startup-dependencies-XeObOE/external/deep/tokens.css
 ❯ loadCSSManifest src/plugins/pre-render.ts:52:26
     50|       pluginContext?.addWatchFile?.(dependency)
     51|     }
     52|     const result = await loadProjectManifest({
       |                          ^
     53|       root,
     54|       entries,
 ❯ BasicMinimalPluginContext.configResolved src/plugins/pre-render.ts:115:7

⎯⎯⎯⎯⎯⎯⎯⎯⎯⎯⎯⎯⎯⎯⎯⎯⎯⎯⎯⎯⎯⎯⎯[4/12]⎯

 FAIL  tests/plugins/bug-hunt-startup-dependencies.test.ts > BH-0004 startup reference-directory recovers entry in progressive
Error: CSS file not found: /private/var/folders/_b/768dhtz56ns54x1r867j67280000gn/T/master-css-startup-dependencies-lc4uOv/external/deep/tokens.css
 ❯ loadCSSManifest src/plugins/pre-render.ts:52:26
     50|       pluginContext?.addWatchFile?.(dependency)
     51|     }
     52|     const result = await loadProjectManifest({
       |                          ^
     53|       root,
     54|       entries,
 ❯ BasicMinimalPluginContext.configResolved src/plugins/pre-render.ts:115:7

⎯⎯⎯⎯⎯⎯⎯⎯⎯⎯⎯⎯⎯⎯⎯⎯⎯⎯⎯⎯⎯⎯⎯[5/12]⎯

 FAIL  tests/plugins/bug-hunt-startup-dependencies.test.ts > BH-0004 failed servers recover independently with shared plugins=false
Error: CSS file not found: /private/var/folders/_b/768dhtz56ns54x1r867j67280000gn/T/master-css-startup-dependencies-kaXKl2/external/deep/tokens.css
 ❯ loadMasterCSSVirtualManifest ../internal/src/manifest-loader.ts:61:37
     59|     }
     60|   }
     61|   const result = await options.host.loadProjectManifest({
       |                                     ^
     62|     root: options.root,
     63|     entries,
 ❯ loadDefaultManifest ../internal/src/manifest-virtual-module.ts:111:20

⎯⎯⎯⎯⎯⎯⎯⎯⎯⎯⎯⎯⎯⎯⎯⎯⎯⎯⎯⎯⎯⎯⎯[6/12]⎯

 FAIL  tests/plugins/bug-hunt-startup-dependencies.test.ts > BH-0004 failed servers recover independently with shared plugins=true
Error: CSS file not found: /private/var/folders/_b/768dhtz56ns54x1r867j67280000gn/T/master-css-startup-dependencies-6pi0FW/external/deep/tokens.css
 ❯ loadMasterCSSVirtualManifest ../internal/src/manifest-loader.ts:61:37
     59|     }
     60|   }
     61|   const result = await options.host.loadProjectManifest({
       |                                     ^
     62|     root: options.root,
     63|     entries,
 ❯ loadDefaultManifest ../internal/src/manifest-virtual-module.ts:111:20

⎯⎯⎯⎯⎯⎯⎯⎯⎯⎯⎯⎯⎯⎯⎯⎯⎯⎯⎯⎯⎯⎯⎯[7/12]⎯


 Test Files  2 failed | 63 passed (65)
      Tests  12 failed | 567 passed (579)
   Start at  11:26:39
   Duration  67.29s (tests 97%, import 2%, transform 1%)

Error: ERR_PNPM_RECURSIVE_EXEC_FIRST_FAIL

  × "pnpm recursive exec" failed in /Users/aron/master/css/packages/vite

