$ webpack --config webpack.config.js --mode production

assets by status 1 MiB [cached] 4 assets
assets by path . 60.7 KiB
  asset master-css-runtime.js 44.2 KiB [emitted] [minimized] (name: master-css-runtime)
  asset 283.js 10.9 KiB [compared for emit] [minimized]
  asset main.js 4.68 KiB [compared for emit] [minimized] (name: main)
  asset index.html 977 bytes [compared for emit] [minimized]
orphan modules 36.1 KiB [orphan] 27 modules
runtime modules 10.5 KiB 15 modules
built modules 110 KiB (javascript) 908 KiB (asset) [built]
  modules by path ../../ 100 KiB (javascript) 908 KiB (asset)
    modules by path ../../packages/ 98 KiB (javascript) 908 KiB (asset) 7 modules
    modules by path ../../node_modules/.pnpm/ 2.31 KiB
      ../../node_modules/.pnpm/css-loader@7.1.5_@rspack+core@2.2.2_webpack@5.110.3/nod...(truncated) 64 bytes [built] [code generated]
      ../../node_modules/.pnpm/css-loader@7.1.5_@rspack+core@2.2.2_webpack@5.110.3/nod...(truncated) 2.25 KiB [built] [code generated]
  modules by path ./ 9.95 KiB
    modules by path ./node_modules/.master-css/ 1.5 KiB
      ./node_modules/.master-css/master-css-manifest.js 897 bytes [built] [code generated]
      + 2 modules
    modules by path ./src/ 8.46 KiB
      ./src/index.js + 7 modules 7.62 KiB [built] [code generated]
      ../../node_modules/.pnpm/css-loader@7.1.5_@rspack+core@2.2.2_webpack@5.110.3/node_modules/css-loader/dist/cjs.js!../../packages/webpack/dist/stylesheet-loader.js??ruleSet[1].rules[2].use[0]!./src/style.css 858 bytes [built] [code generated]

WARNING in ../../packages/runtime/dist/index.js 354:23-358:1
Critical dependency: the request of a dependency is an expression
 @ ../../packages/webpack/dist/runtime.js

WARNING in asset size limit: The following asset(s) exceed the recommended size limit (244 KiB).
This can impact web performance.
Assets: 
  f0405df191af0b210cc3.wasm (908 KiB)

1 warning has detailed information that is not shown.
Use 'stats.errorDetails: true' resp. '--stats-error-details' to show it.

webpack 5.110.3 compiled with 2 warnings in 2675 ms
