(!) Your Vite config uses features that are unsupported by `configLoader: 'native'`, which is planned to become the default in a future major version of Vite:
  - import "../../shared/vitest.config" without a file extension (vitest.config.ts:2:20). Add the file extension
  - import "./vitest-ci-config" without a file extension (../../shared/vitest.config.ts:2:58). Add the file extension
Set `VITE_CONFIG_NATIVE_IGNORE_WARNING=true` to suppress this warning.

 RUN  v5.0.0 /Users/aron/master/css/packages/vite

 ❯ tests/plugins/bug-hunt-missing-directory-watch.test.ts (24 tests | 6 failed) 70987ms
   × BH-0004 registered missing directory recovers reference-one in static via default 3293ms
   × BH-0004 registered missing directory recovers reference-three in static via default 3284ms
   × BH-0004 registered missing directory recovers entry-resource-three in static via node 3747ms
   × BH-0004 registered missing directory recovers entry-resource-three in runtime via node 4165ms
   × BH-0004 registered missing directory recovers reference-one in pre-render via default 3568ms
   × BH-0004 registered missing directory recovers entry-resource-three in pre-render via default 8172ms
 ❯ tests/plugins/bug-hunt-reference-host-recovery.test.ts (26 tests | 6 failed) 72818ms
   × BH-0004 build-watch reference recovery scss/plain-root/startup=true 5334ms
   × BH-0004 build-watch reference recovery scss/module-root/startup=true 5308ms
   × BH-0004 build-watch reference recovery scss/retained-module/startup=true 5387ms
   × BH-0004 build-watch reference recovery sass/plain-root/startup=true 5540ms
   × BH-0004 build-watch reference recovery sass/module-root/startup=true 5243ms
   × BH-0004 build-watch reference recovery sass/retained-module/startup=true 5269ms
 ❯ tests/plugins/bug-hunt-startup-dependencies.test.ts (28 tests | 9 failed) 90478ms
   × BH-0004 startup reference-directory recovers local in static 5316ms
   × BH-0004 startup reference-directory recovers entry in static 290ms
   × BH-0004 startup reference-directory recovers entry in runtime 403ms
   × BH-0004 startup resource-directory recovers local in pre-render 5895ms
   × BH-0004 startup reference-directory recovers entry in pre-render 181ms
   × BH-0004 startup resource-file recovers local in progressive 5313ms
   × BH-0004 startup reference-directory recovers entry in progressive 113ms
   × BH-0004 failed servers recover independently with shared plugins=false 372ms
   × BH-0004 failed servers recover independently with shared plugins=true 370ms

⎯⎯⎯⎯⎯⎯ Failed Tests 21 ⎯⎯⎯⎯⎯⎯⎯

 FAIL  tests/plugins/bug-hunt-missing-directory-watch.test.ts > BH-0004 registered missing directory recovers reference-one in static via default
 FAIL  tests/plugins/bug-hunt-missing-directory-watch.test.ts > BH-0004 registered missing directory recovers reference-three in static via default
 FAIL  tests/plugins/bug-hunt-missing-directory-watch.test.ts > BH-0004 registered missing directory recovers entry-resource-three in static via node
 FAIL  tests/plugins/bug-hunt-missing-directory-watch.test.ts > BH-0004 registered missing directory recovers entry-resource-three in runtime via node
 FAIL  tests/plugins/bug-hunt-missing-directory-watch.test.ts > BH-0004 registered missing directory recovers reference-one in pre-render via default
 FAIL  tests/plugins/bug-hunt-missing-directory-watch.test.ts > BH-0004 registered missing directory recovers entry-resource-three in pre-render via default
AssertionError: expected false to be true // Object.is equality

- Expected
+ Received

- true
+ false

 ❯ vi.waitFor.timeout tests/plugins/bug-hunt-missing-directory-watch.test.ts:40:98
     38|     mkdirSync(dirname(dependency), { recursive: true })
     39|     writeFileSync(dependency, resource ? '<svg xmlns="http://www.w3.or…
     40|     await vi.waitFor(() => expect(observed.some(event => event === 'ad…
       |                                                                                                  ^
     41|     await vi.waitFor(() => expect(notified(send.mock.calls)).toBe(true…
     42|     const result = await fetch(new URL('style.css', origin));expect(re…

⎯⎯⎯⎯⎯⎯⎯⎯⎯⎯⎯⎯⎯⎯⎯⎯⎯⎯⎯⎯⎯⎯⎯[1/21]⎯

 FAIL  tests/plugins/bug-hunt-reference-host-recovery.test.ts > BH-0004 build-watch reference recovery scss/plain-root/startup=true
 FAIL  tests/plugins/bug-hunt-reference-host-recovery.test.ts > BH-0004 build-watch reference recovery scss/module-root/startup=true
 FAIL  tests/plugins/bug-hunt-reference-host-recovery.test.ts > BH-0004 build-watch reference recovery scss/retained-module/startup=true
 FAIL  tests/plugins/bug-hunt-reference-host-recovery.test.ts > BH-0004 build-watch reference recovery sass/plain-root/startup=true
 FAIL  tests/plugins/bug-hunt-reference-host-recovery.test.ts > BH-0004 build-watch reference recovery sass/module-root/startup=true
 FAIL  tests/plugins/bug-hunt-reference-host-recovery.test.ts > BH-0004 build-watch reference recovery sass/retained-module/startup=true
AssertionError: restored: expected 0 to be greater than 0
 ❯ vi.waitFor.timeout tests/plugins/bug-hunt-reference-host-recovery.test.ts:104:102
    102|       if (event.code === 'END' && terminal) { events.push(terminal); t…
    103|     })
    104|     const nextEvent = async (phase: string) => { await vi.waitFor(() =…
       |                                                                                                      ^
    105|     const initial = await nextEvent('initial')
    106|     expect(initial.code).toBe(startupMissing ? 'ERROR' : 'BUNDLE_END')

⎯⎯⎯⎯⎯⎯⎯⎯⎯⎯⎯⎯⎯⎯⎯⎯⎯⎯⎯⎯⎯⎯⎯[2/21]⎯

 FAIL  tests/plugins/bug-hunt-startup-dependencies.test.ts > BH-0004 startup reference-directory recovers local in static
 FAIL  tests/plugins/bug-hunt-startup-dependencies.test.ts > BH-0004 startup resource-directory recovers local in pre-render
 FAIL  tests/plugins/bug-hunt-startup-dependencies.test.ts > BH-0004 startup resource-file recovers local in progressive
AssertionError: {"observed":[],"messages":[]}: expected false to be true // Object.is equality

- Expected
+ Received

- true
+ false

 ❯ vi.waitFor.timeout tests/plugins/bug-hunt-startup-dependencies.test.ts:43:119
     41|     if (process.env.BH_TRACE) console.log('startup-initial-watch', JSO…
     42|     f.restore()
     43|     await vi.waitFor(() => expect(notified(send.mock.calls), JSON.stri…
       |                                                                                                                       ^
     44|     let restored = ''
     45|     await expect.poll(async () => {

⎯⎯⎯⎯⎯⎯⎯⎯⎯⎯⎯⎯⎯⎯⎯⎯⎯⎯⎯⎯⎯⎯⎯[3/21]⎯

 FAIL  tests/plugins/bug-hunt-startup-dependencies.test.ts > BH-0004 startup reference-directory recovers entry in static
Error: CSS file not found: /private/var/folders/_b/768dhtz56ns54x1r867j67280000gn/T/master-css-startup-dependencies-ROxxYE/external/deep/tokens.css
 ❯ loadMasterCSSVirtualManifest ../internal/src/manifest-loader.ts:61:37
     59|     }
     60|   }
     61|   const result = await options.host.loadProjectManifest({
       |                                     ^
     62|     root: options.root,
     63|     entries,
 ❯ loadDefaultManifest ../internal/src/manifest-virtual-module.ts:111:20

⎯⎯⎯⎯⎯⎯⎯⎯⎯⎯⎯⎯⎯⎯⎯⎯⎯⎯⎯⎯⎯⎯⎯[4/21]⎯

 FAIL  tests/plugins/bug-hunt-startup-dependencies.test.ts > BH-0004 startup reference-directory recovers entry in runtime
Error: CSS file not found: /private/var/folders/_b/768dhtz56ns54x1r867j67280000gn/T/master-css-startup-dependencies-Nqf51y/external/deep/tokens.css
 ❯ loadMasterCSSVirtualManifest ../internal/src/manifest-loader.ts:61:37
     59|     }
     60|   }
     61|   const result = await options.host.loadProjectManifest({
       |                                     ^
     62|     root: options.root,
     63|     entries,
 ❯ loadDefaultManifest ../internal/src/manifest-virtual-module.ts:111:20

⎯⎯⎯⎯⎯⎯⎯⎯⎯⎯⎯⎯⎯⎯⎯⎯⎯⎯⎯⎯⎯⎯⎯[5/21]⎯

 FAIL  tests/plugins/bug-hunt-startup-dependencies.test.ts > BH-0004 startup reference-directory recovers entry in pre-render
Error: CSS file not found: /private/var/folders/_b/768dhtz56ns54x1r867j67280000gn/T/master-css-startup-dependencies-BAWY1V/external/deep/tokens.css
 ❯ loadCSSManifest src/plugins/pre-render.ts:52:26
     50|       pluginContext?.addWatchFile?.(dependency)
     51|     }
     52|     const result = await loadProjectManifest({
       |                          ^
     53|       root,
     54|       entries,
 ❯ BasicMinimalPluginContext.configResolved src/plugins/pre-render.ts:115:7

⎯⎯⎯⎯⎯⎯⎯⎯⎯⎯⎯⎯⎯⎯⎯⎯⎯⎯⎯⎯⎯⎯⎯[6/21]⎯

 FAIL  tests/plugins/bug-hunt-startup-dependencies.test.ts > BH-0004 startup reference-directory recovers entry in progressive
Error: CSS file not found: /private/var/folders/_b/768dhtz56ns54x1r867j67280000gn/T/master-css-startup-dependencies-KbfYJp/external/deep/tokens.css
 ❯ loadCSSManifest src/plugins/pre-render.ts:52:26
     50|       pluginContext?.addWatchFile?.(dependency)
     51|     }
     52|     const result = await loadProjectManifest({
       |                          ^
     53|       root,
     54|       entries,
 ❯ BasicMinimalPluginContext.configResolved src/plugins/pre-render.ts:115:7

⎯⎯⎯⎯⎯⎯⎯⎯⎯⎯⎯⎯⎯⎯⎯⎯⎯⎯⎯⎯⎯⎯⎯[7/21]⎯

 FAIL  tests/plugins/bug-hunt-startup-dependencies.test.ts > BH-0004 failed servers recover independently with shared plugins=false
Error: CSS file not found: /private/var/folders/_b/768dhtz56ns54x1r867j67280000gn/T/master-css-startup-dependencies-sOlsuD/external/deep/tokens.css
 ❯ loadMasterCSSVirtualManifest ../internal/src/manifest-loader.ts:61:37
     59|     }
     60|   }
     61|   const result = await options.host.loadProjectManifest({
       |                                     ^
     62|     root: options.root,
     63|     entries,
 ❯ loadDefaultManifest ../internal/src/manifest-virtual-module.ts:111:20

⎯⎯⎯⎯⎯⎯⎯⎯⎯⎯⎯⎯⎯⎯⎯⎯⎯⎯⎯⎯⎯⎯⎯[8/21]⎯

 FAIL  tests/plugins/bug-hunt-startup-dependencies.test.ts > BH-0004 failed servers recover independently with shared plugins=true
Error: CSS file not found: /private/var/folders/_b/768dhtz56ns54x1r867j67280000gn/T/master-css-startup-dependencies-TjxHY3/external/deep/tokens.css
 ❯ loadMasterCSSVirtualManifest ../internal/src/manifest-loader.ts:61:37
     59|     }
     60|   }
     61|   const result = await options.host.loadProjectManifest({
       |                                     ^
     62|     root: options.root,
     63|     entries,
 ❯ loadDefaultManifest ../internal/src/manifest-virtual-module.ts:111:20

⎯⎯⎯⎯⎯⎯⎯⎯⎯⎯⎯⎯⎯⎯⎯⎯⎯⎯⎯⎯⎯⎯⎯[9/21]⎯


 Test Files  3 failed | 61 passed (64)
      Tests  21 failed | 536 passed (557)
   Start at  11:02:27
   Duration  91.20s (tests 97%, import 2%, transform 1%)

Error: ERR_PNPM_RECURSIVE_EXEC_FIRST_FAIL

  × "pnpm recursive exec" failed in /Users/aron/master/css/packages/vite

