(!) Your Vite config uses features that are unsupported by `configLoader: 'native'`, which is planned to become the default in a future major version of Vite:
  - import "../../shared/vitest-ci-config" without a file extension (vitest.config.ts:2:58). Add the file extension
Set `VITE_CONFIG_NATIVE_IGNORE_WARNING=true` to suppress this warning.

 RUN  v5.0.0 /Users/aron/master/css/packages/internal

 ❯ tests/bug-hunt-runtime-start-hmr.test.ts (4 tests | 3 failed) 210ms
   × pending startup followed by manifest HMR publishes latest manifest 2 56ms
   × pending startup followed by manifest HMR publishes latest manifest 3 51ms
   × bootstrap module replacement waits for the disposed module pending start 50ms

⎯⎯⎯⎯⎯⎯⎯ Failed Tests 3 ⎯⎯⎯⎯⎯⎯⎯

 FAIL  tests/bug-hunt-runtime-start-hmr.test.ts > pending startup followed by manifest HMR publishes latest manifest 2
AssertionError: expected 1 to be 2 // Object.is equality

- Expected
+ Received

- 2
+ 1

 ❯ tests/bug-hunt-runtime-start-hmr.test.ts:42:48
     40|   h.gate.resolve()
     41|   await vi.waitFor(() => expect(h.instances.at(-1)?.observe).toHaveBee…
     42|   expect(h.instances.at(-1)?.manifest.version).toBe(updates.at(-1))
       |                                                ^
     43|   expect(h.instances.at(-1)?.disposed).toBe(false)
     44|   expect(h.instances[0].observe).not.toHaveBeenCalled()

⎯⎯⎯⎯⎯⎯⎯⎯⎯⎯⎯⎯⎯⎯⎯⎯⎯⎯⎯⎯⎯⎯⎯⎯[1/3]⎯

 FAIL  tests/bug-hunt-runtime-start-hmr.test.ts > pending startup followed by manifest HMR publishes latest manifest 3
AssertionError: expected 1 to be 3 // Object.is equality

- Expected
+ Received

- 3
+ 1

 ❯ tests/bug-hunt-runtime-start-hmr.test.ts:42:48
     40|   h.gate.resolve()
     41|   await vi.waitFor(() => expect(h.instances.at(-1)?.observe).toHaveBee…
     42|   expect(h.instances.at(-1)?.manifest.version).toBe(updates.at(-1))
       |                                                ^
     43|   expect(h.instances.at(-1)?.disposed).toBe(false)
     44|   expect(h.instances[0].observe).not.toHaveBeenCalled()

⎯⎯⎯⎯⎯⎯⎯⎯⎯⎯⎯⎯⎯⎯⎯⎯⎯⎯⎯⎯⎯⎯⎯⎯[2/3]⎯

 FAIL  tests/bug-hunt-runtime-start-hmr.test.ts > bootstrap module replacement waits for the disposed module pending start
AssertionError: expected 1 to be 3 // Object.is equality

- Expected
+ Received

- 3
+ 1

 ❯ tests/bug-hunt-runtime-start-hmr.test.ts:65:48
     63|   replacement.update(3);h.gate.resolve()
     64|   await vi.waitFor(() => expect(h.instances.at(-1)?.observe).toHaveBee…
     65|   expect(h.instances.at(-1)?.manifest.version).toBe(3)
       |                                                ^
     66|   expect(h.instances.at(-1)?.disposed).toBe(false)
     67|   expect(h.instances[0].observe).not.toHaveBeenCalled()

⎯⎯⎯⎯⎯⎯⎯⎯⎯⎯⎯⎯⎯⎯⎯⎯⎯⎯⎯⎯⎯⎯⎯⎯[3/3]⎯


 Test Files  1 failed (1)
      Tests  3 failed | 1 passed (4)
   Start at  12:45:53
   Duration  287ms (tests 92%, transform 6%, import 2%, worker 1%)

Error: ERR_PNPM_RECURSIVE_EXEC_FIRST_FAIL

  × "pnpm recursive exec" failed in /Users/aron/master/css/packages/internal

