{"baseline":false,"sourceSha256":"d82d78edd7647f57d5fba7da10306458d7a55114f272dd8018e949db93b2109b"}
<i> [webpack-dev-server] Project is running at:
<i> [webpack-dev-server] Loopback: http://127.0.0.1:59790/
<i> [webpack-dev-server] Content not from webpack is served from '/Users/aron/master/css/public' directory
<i> [webpack-dev-middleware] wait until bundle finished
{"browser":"chromium","pass":false,"harnessOrHostFailure":"TimeoutError: page.waitForFunction: Timeout 2000ms exceeded."}
<i> [webpack-dev-server] Project is running at:
<i> [webpack-dev-server] Loopback: http://127.0.0.1:59807/
<i> [webpack-dev-server] Content not from webpack is served from '/Users/aron/master/css/public' directory
<i> [webpack-dev-middleware] wait until bundle finished
<i> [webpack-dev-middleware] wait until bundle finished: /runtime.4917b7213fd9087d8dcd.hot-update.json
{"browser":"firefox","pass":false,"harnessOrHostFailure":"TimeoutError: page.waitForFunction: Timeout 2000ms exceeded."}
<i> [webpack-dev-server] Project is running at:
<i> [webpack-dev-server] Loopback: http://127.0.0.1:59823/
<i> [webpack-dev-server] Content not from webpack is served from '/Users/aron/master/css/public' directory
<i> [webpack-dev-middleware] wait until bundle finished
{"browser":"webkit","pass":false,"harnessOrHostFailure":"TimeoutError: page.waitForFunction: Timeout 2000ms exceeded."}
<e> [webpack-dev-middleware] Stream error: Error [ERR_STREAM_PREMATURE_CLOSE]: Premature close
<e>     at getEosOnCloseError (node:internal/streams/end-of-stream:100:14)
<e>     at ServerResponse.onclose (node:internal/streams/end-of-stream:260:19)
<e>     at ServerResponse.emit (node:events:526:24)
<e>     at emitCloseNT (node:_http_server:1156:10)
<e>     at Socket.onServerResponseClose (node:_http_server:292:5)
<e>     at Socket.emit (node:events:526:24)
<e>     at TCP.<anonymous> (node:net:362:12) {
<e>   code: 'ERR_STREAM_PREMATURE_CLOSE'
<e> }
{"summary":true,"observations":3,"failures":3}
