(!) Your Vite config uses features that are unsupported by `configLoader: 'native'`, which is planned to become the default in a future major version of Vite:
  - import "../../shared/vitest.config" without a file extension (vitest.config.ts:2:20). Add the file extension
  - import "./vitest-ci-config" without a file extension (../../shared/vitest.config.ts:2:58). Add the file extension
Set `VITE_CONFIG_NATIVE_IGNORE_WARNING=true` to suppress this warning.

 RUN  v5.0.0 /Users/aron/master/css/packages/vite

 ❯ tests/plugins/bug-hunt-failed-dependency-reconciliation.test.ts (22 tests | 1 failed | 21 skipped) 3851ms
   × BH-0004 unchanged failures are not retried continuously and corrected contents recover 3851ms

⎯⎯⎯⎯⎯⎯⎯ Failed Tests 1 ⎯⎯⎯⎯⎯⎯⎯

 FAIL  tests/plugins/bug-hunt-failed-dependency-reconciliation.test.ts > BH-0004 unchanged failures are not retried continuously and corrected contents recover
AssertionError: expected '[]' to contain 'definitely-missing-class'

Expected: "definitely-missing-class"
Received: "[]"

 ❯ vi.waitFor.timeout tests/plugins/bug-hunt-failed-dependency-reconciliation.test.ts:97:76
     95|     mkdirSync(dirname(f.dependency), { recursive: true });writeFileSyn…
     96|     await vi.waitFor(() => expect(result!.transform).toHaveBeenCalled(…
     97|     await vi.waitFor(() => expect(JSON.stringify(result!.send.mock.cal…
       |                                                                            ^
     98|     await result.server.environments.client.waitForRequestsIdle()
     99|     const attempts = result.transform.mock.calls.length

⎯⎯⎯⎯⎯⎯⎯⎯⎯⎯⎯⎯⎯⎯⎯⎯⎯⎯⎯⎯⎯⎯⎯⎯[1/1]⎯


 Test Files  1 failed (1)
      Tests  1 failed | 21 skipped (22)
   Start at  11:31:44
   Duration  4.34s (tests 90%, transform 6%, import 3%)

Error: ERR_PNPM_RECURSIVE_EXEC_FIRST_FAIL

  × "pnpm recursive exec" failed in /Users/aron/master/css/packages/vite

