{"mode":"static","browser":"chromium","phase":"healthy-owner","pass":true}
{"mode":"static","browser":"chromium","phase":"failed-owner","pass":true}
{"mode":"static","browser":"firefox","phase":"healthy-owner","pass":true}
{"mode":"static","browser":"firefox","phase":"failed-owner","pass":true}
{"mode":"static","browser":"webkit","phase":"healthy-owner","pass":true}
{"mode":"static","browser":"webkit","phase":"failed-owner","pass":true}
{"mode":"static","browser":"chromium","phase":"restarted-owner","pass":true}
{"mode":"static","browser":"firefox","phase":"restarted-owner","pass":true}
{"mode":"static","browser":"webkit","phase":"restarted-owner","pass":true}
{"mode":"static","browser":"chromium","phase":"new-diagnostic-after-other-closes","pass":true}
{"mode":"static","browser":"firefox","phase":"new-diagnostic-after-other-closes","pass":true}
{"mode":"static","browser":"webkit","phase":"new-diagnostic-after-other-closes","pass":true}
{"mode":"static","browser":"chromium","phase":"recovered-owner","pass":true}
{"mode":"static","browser":"firefox","phase":"recovered-owner","pass":true}
{"mode":"static","browser":"webkit","phase":"recovered-owner","pass":true}
{"mode":"runtime","browser":"chromium","phase":"healthy-owner","pass":true}
{"mode":"runtime","browser":"chromium","phase":"failed-owner","pass":true}
{"mode":"runtime","browser":"firefox","phase":"healthy-owner","pass":true}
{"mode":"runtime","browser":"firefox","phase":"failed-owner","pass":true}
{"mode":"runtime","browser":"webkit","phase":"healthy-owner","pass":true}
{"mode":"runtime","browser":"webkit","phase":"failed-owner","pass":true}
{"mode":"runtime","browser":"chromium","phase":"restarted-owner","pass":true}
{"mode":"runtime","browser":"firefox","phase":"restarted-owner","pass":true}
{"mode":"runtime","browser":"webkit","phase":"restarted-owner","pass":true}
{"mode":"runtime","browser":"chromium","phase":"new-diagnostic-after-other-closes","pass":true}
{"mode":"runtime","browser":"firefox","phase":"new-diagnostic-after-other-closes","pass":true}
{"mode":"runtime","browser":"webkit","phase":"new-diagnostic-after-other-closes","pass":true}
{"mode":"runtime","browser":"chromium","phase":"recovered-owner","pass":true}
{"mode":"runtime","browser":"firefox","phase":"recovered-owner","pass":true}
{"mode":"runtime","browser":"webkit","phase":"recovered-owner","pass":true}
{"mode":"runtime","browser":"chromium","phase":"loaded-manifest-valid-hmr","pass":true}
{"mode":"runtime","browser":"firefox","phase":"loaded-manifest-valid-hmr","pass":true}
{"mode":"runtime","browser":"webkit","phase":"loaded-manifest-valid-hmr","pass":true}
{"mode":"runtime","browser":"chromium","phase":"loaded-manifest-hmr-state-preserved","pass":true}
{"mode":"runtime","browser":"firefox","phase":"loaded-manifest-hmr-state-preserved","pass":true}
{"mode":"runtime","browser":"webkit","phase":"loaded-manifest-hmr-state-preserved","pass":true}
{"mode":"pre-render","browser":"chromium","phase":"healthy-owner","pass":true}
{"mode":"pre-render","browser":"chromium","phase":"failed-owner","pass":true}
{"mode":"pre-render","browser":"firefox","phase":"healthy-owner","pass":true}
{"mode":"pre-render","browser":"firefox","phase":"failed-owner","pass":true}
{"mode":"pre-render","browser":"webkit","phase":"healthy-owner","pass":true}
{"mode":"pre-render","browser":"webkit","phase":"failed-owner","pass":true}
{"mode":"pre-render","browser":"chromium","phase":"restarted-owner","pass":true}
{"mode":"pre-render","browser":"firefox","phase":"restarted-owner","pass":true}
{"mode":"pre-render","browser":"webkit","phase":"restarted-owner","pass":true}
{"mode":"pre-render","browser":"chromium","phase":"new-diagnostic-after-other-closes","pass":true}
{"mode":"pre-render","browser":"firefox","phase":"new-diagnostic-after-other-closes","pass":true}
{"mode":"pre-render","browser":"webkit","phase":"new-diagnostic-after-other-closes","pass":true}
{"mode":"pre-render","browser":"chromium","phase":"recovered-owner","pass":true}
{"mode":"pre-render","browser":"firefox","phase":"recovered-owner","pass":true}
{"mode":"pre-render","browser":"webkit","phase":"recovered-owner","pass":true}
{"mode":"progressive","browser":"chromium","phase":"healthy-owner","pass":true}
{"mode":"progressive","browser":"chromium","phase":"failed-owner","pass":true}
{"mode":"progressive","browser":"firefox","phase":"healthy-owner","pass":true}
{"mode":"progressive","browser":"firefox","phase":"failed-owner","pass":true}
{"mode":"progressive","browser":"webkit","phase":"healthy-owner","pass":true}
{"mode":"progressive","browser":"webkit","phase":"failed-owner","pass":true}
{"mode":"progressive","browser":"chromium","phase":"restarted-owner","pass":true}
{"mode":"progressive","browser":"firefox","phase":"restarted-owner","pass":true}
{"mode":"progressive","browser":"webkit","phase":"restarted-owner","pass":true}
{"mode":"progressive","browser":"chromium","phase":"new-diagnostic-after-other-closes","pass":true}
{"mode":"progressive","browser":"firefox","phase":"new-diagnostic-after-other-closes","pass":true}
{"mode":"progressive","browser":"webkit","phase":"new-diagnostic-after-other-closes","pass":true}
{"mode":"progressive","browser":"chromium","phase":"recovered-owner","pass":true}
{"mode":"progressive","browser":"firefox","phase":"recovered-owner","pass":true}
{"mode":"progressive","browser":"webkit","phase":"recovered-owner","pass":true}
{"summary":true,"observations":66,"failures":0}
