   Compiling mastercss-compiler v0.0.0 (/Users/aron/master/css/crates/mastercss-compiler)
error[E0308]: mismatched types
   --> crates/mastercss-compiler/src/stylesheet_graph.rs:171:42
    |
171 |         let mut imports = source_imports(&source, &id)?;
    |                           -------------- ^^^^^^^ expected `&str`, found `&MappedSource`
    |                           |
    |                           arguments to this function are incorrect
    |
    = note: expected reference `&str`
               found reference `&MappedSource`
note: function defined here
   --> crates/mastercss-compiler/src/stylesheet_graph.rs:85:15
    |
 85 | pub(crate) fn source_imports(
    |               ^^^^^^^^^^^^^^
 86 |     source: &str,
    |     ------------

error[E0308]: mismatched types
   --> crates/mastercss-compiler/src/stylesheet_graph.rs:195:13
    |
195 |             source,
    |             ^^^^^^ expected `String`, found `MappedSource`

For more information about this error, try `rustc --explain E0308`.
error: could not compile `mastercss-compiler` (lib) due to 2 previous errors
