(!) Your Vite config uses features that are unsupported by `configLoader: 'native'`, which is planned to become the default in a future major version of Vite:
  - import "../../shared/vitest.config" without a file extension (vitest.config.ts:2:20). Add the file extension
  - import "./vitest-ci-config" without a file extension (../../shared/vitest.config.ts:2:58). Add the file extension
Set `VITE_CONFIG_NATIVE_IGNORE_WARNING=true` to suppress this warning.

 RUN  v5.0.0 /Users/aron/master/css/packages/vite

stdout | tests/plugins/bug-hunt-startup-dependencies.test.ts > BH-0004 startup reference-directory recovers local in pre-render
startup-initial-watch {"kind":"local","missing":"reference-directory","mode":"pre-render","watched":{"/private/var/folders/_b/768dhtz56ns54x1r867j67280000gn/T/master-css-startup-dependencies-viOVp6":["app"],"/private/var/folders/_b/768dhtz56ns54x1r867j67280000gn/T/master-css-startup-dependencies-viOVp6/app":["entry.js","index.html","style.css"]}}

 ❯ tests/plugins/bug-hunt-startup-dependencies.test.ts (28 tests | 1 failed | 24 skipped) 9436ms
   × BH-0004 startup reference-directory recovers local in pre-render 5327ms

⎯⎯⎯⎯⎯⎯⎯ Failed Tests 1 ⎯⎯⎯⎯⎯⎯⎯

 FAIL  tests/plugins/bug-hunt-startup-dependencies.test.ts > BH-0004 startup reference-directory recovers local in pre-render
AssertionError: {"observed":[],"messages":[]}: expected false to be true // Object.is equality

- Expected
+ Received

- true
+ false

 ❯ vi.waitFor.timeout tests/plugins/bug-hunt-startup-dependencies.test.ts:43:119
     41|     if (process.env.BH_TRACE) console.log('startup-initial-watch', JSO…
     42|     f.restore()
     43|     await vi.waitFor(() => expect(notified(send.mock.calls), JSON.stri…
       |                                                                                                                       ^
     44|     let restored = ''
     45|     await expect.poll(async () => {

⎯⎯⎯⎯⎯⎯⎯⎯⎯⎯⎯⎯⎯⎯⎯⎯⎯⎯⎯⎯⎯⎯⎯⎯[1/1]⎯


 Test Files  1 failed (1)
      Tests  1 failed | 3 passed | 24 skipped (28)
   Start at  10:44:45
   Duration  10.01s (tests 95%, transform 3%, import 2%)

Error: ERR_PNPM_RECURSIVE_EXEC_FIRST_FAIL

  × "pnpm recursive exec" failed in /Users/aron/master/css/packages/vite

