(!) Your Vite config uses features that are unsupported by `configLoader: 'native'`, which is planned to become the default in a future major version of Vite:
  - import "../../shared/vitest.config" without a file extension (vitest.config.ts:2:20). Add the file extension
  - import "./vitest-ci-config" without a file extension (../../shared/vitest.config.ts:2:58). Add the file extension
Set `VITE_CONFIG_NATIVE_IGNORE_WARNING=true` to suppress this warning.

 RUN  v5.0.0 /Users/aron/master/css/packages/next

 ❯ tests/bug-hunt-preprocessed-stylesheet.test.ts (2 tests | 2 failed) 218ms
   × Next preserves the host Sass preprocessing boundary, preprocessed=false 8ms
   × Next preserves the host Sass preprocessing boundary, preprocessed=true 209ms

⎯⎯⎯⎯⎯⎯⎯ Failed Tests 2 ⎯⎯⎯⎯⎯⎯⎯

 FAIL  tests/bug-hunt-preprocessed-stylesheet.test.ts > Next preserves the host Sass preprocessing boundary, preprocessed=false
AssertionError: expected '@reference "./master.css"\n.card\n  @…' to contain 'padding:2rem'

- Expected
+ Received

- padding:2rem
+ @reference "./master.css"
+ .card
+   @compose p:2rem
+

 ❯ tests/bug-hunt-preprocessed-stylesheet.test.ts:25:17
     23|       async: () => (error, result) => error ? reject(error) : resolve(…
     24|     } as Parameters<typeof loader.call>[0], source))
     25|     expect(css).toContain('padding:2rem')
       |                 ^
     26|     expect(css).not.toContain('@compose')
     27|   } finally { rmSync(root, { recursive: true, force: true }) }

⎯⎯⎯⎯⎯⎯⎯⎯⎯⎯⎯⎯⎯⎯⎯⎯⎯⎯⎯⎯⎯⎯⎯⎯[1/2]⎯

 FAIL  tests/bug-hunt-preprocessed-stylesheet.test.ts > Next preserves the host Sass preprocessing boundary, preprocessed=true
Error: Expected newline.
  ╷
2 │ .card { @compose p:2rem; }
  │       ^
  ╵
  /var/folders/_b/768dhtz56ns54x1r867j67280000gn/T/next-preprocessed-sass-VASuJ5/card.module.sass 2:7  root stylesheet
 ❯ Object.wrapException ../../node_modules/.pnpm/sass@1.104.0/node_modules/sass/sass.dart.js:2311:47
 ❯ SpanScanner.error$3$length$position ../../node_modules/.pnpm/sass@1.104.0/node_modules/sass/sass.dart.js:87537:15
 ❯ SpanScanner.error$2$position ../../node_modules/.pnpm/sass@1.104.0/node_modules/sass/sass.dart.js:87543:19
 ❯ SassParser0._sass0$_peekIndentation$0 ../../node_modules/.pnpm/sass@1.104.0/node_modules/sass/sass.dart.js:119499:12
 ❯ SassParser0._sass0$_whileIndentedLower$1 ../../node_modules/.pnpm/sass@1.104.0/node_modules/sass/sass.dart.js:119460:84
 ❯ SassParser0.children$1 ../../node_modules/.pnpm/sass@1.104.0/node_modules/sass/sass.dart.js:119195:12
 ❯ SassParser0._stylesheet0$_withChildren$1$3 ../../node_modules/.pnpm/sass@1.104.0/node_modules/sass/sass.dart.js:128206:39
 ❯ SassParser0._stylesheet0$_withChildren$3 ../../node_modules/.pnpm/sass@1.104.0/node_modules/sass/sass.dart.js:128211:19
 ❯ SassParser0._stylesheet0$_withStyleRuleChildren$1$3 ../../node_modules/.pnpm/sass@1.104.0/node_modules/sass/sass.dart.js:124523:20
 ❯ SassParser0._stylesheet0$_styleRule$2 ../../node_modules/.pnpm/sass@1.104.0/node_modules/sass/sass.dart.js:124513:22

⎯⎯⎯⎯⎯⎯⎯⎯⎯⎯⎯⎯⎯⎯⎯⎯⎯⎯⎯⎯⎯⎯⎯⎯[2/2]⎯


 Test Files  1 failed (1)
      Tests  2 failed (2)
   Start at  14:00:14
   Duration  748ms (tests 44%, transform 40%, import 15%)

Error: ERR_PNPM_RECURSIVE_EXEC_FIRST_FAIL

  × "pnpm recursive exec" failed in /Users/aron/master/css/packages/next

