(!) Your Vite config uses features that are unsupported by `configLoader: 'native'`, which is planned to become the default in a future major version of Vite:
  - import "../../shared/vitest.config" without a file extension (vitest.config.ts:3:20). Add the file extension
  - import "./vitest-ci-config" without a file extension (../../shared/vitest.config.ts:2:58). Add the file extension
Set `VITE_CONFIG_NATIVE_IGNORE_WARNING=true` to suppress this warning.

 RUN  v5.0.0 /Users/aron/master/css/packages/compiler

 ❯ tests/bug-hunt-prepared-source-context.test.ts (4 tests | 4 failed) 41ms
   × single-source scss lowering retains an imported partial reference owner 25ms
   × single-source sass lowering retains an imported partial reference owner 5ms
   × prepared source registers a missing mapped reference before failure and recovers 5ms
   × prepared source reports invalid compose at the original partial diagnostic location 5ms

⎯⎯⎯⎯⎯⎯⎯ Failed Tests 4 ⎯⎯⎯⎯⎯⎯⎯

 FAIL  tests/bug-hunt-prepared-source-context.test.ts > single-source scss lowering retains an imported partial reference owner
 FAIL  tests/bug-hunt-prepared-source-context.test.ts > single-source sass lowering retains an imported partial reference owner
AssertionError: expected '.card{padding:99rem}' to contain 'padding:2rem'

Expected: "padding:2rem"
Received: ".card{padding:99rem}"

 ❯ tests/bug-hunt-prepared-source-context.test.ts:32:25
     30|       onDependency: file => observed.push(file)
     31|     })
     32|     expect(result.code).toContain('padding:2rem')
       |                         ^
     33|     expect(result.code).not.toContain('99rem')
     34|     expect(result.dependencies).toContain(token)
 ❯ fixture tests/bug-hunt-prepared-source-context.test.ts:14:40
 ❯ tests/bug-hunt-prepared-source-context.test.ts:21:3

⎯⎯⎯⎯⎯⎯⎯⎯⎯⎯⎯⎯⎯⎯⎯⎯⎯⎯⎯⎯⎯⎯⎯⎯[1/4]⎯

 FAIL  tests/bug-hunt-prepared-source-context.test.ts > prepared source registers a missing mapped reference before failure and recovers
AssertionError: expected [ Array(1) ] to include '/var/folders/_b/768dhtz56ns54x1r867j6…'
 ❯ tests/bug-hunt-prepared-source-context.test.ts:46:22
     44|     const observed: string[] = [], options = { baseManifest, projectDi…
     45|     await expect(transformStylesheet(file, prepared.source, options)).…
     46|     expect(observed).toContain(token)
       |                      ^
     47|     writeFileSync(token, '@utilities{paint{padding:4rem}}')
     48|     expect((await transformStylesheet(file, prepared.source, options))…
 ❯ fixture tests/bug-hunt-prepared-source-context.test.ts:14:40
 ❯ tests/bug-hunt-prepared-source-context.test.ts:40:3

⎯⎯⎯⎯⎯⎯⎯⎯⎯⎯⎯⎯⎯⎯⎯⎯⎯⎯⎯⎯⎯⎯⎯⎯[2/4]⎯

 FAIL  tests/bug-hunt-prepared-source-context.test.ts > prepared source reports invalid compose at the original partial diagnostic location
AssertionError: expected MasterCSSError: @compose only accepts unq… { …(4) } to match object { Object (diagnostics) }
(17 matching properties omitted from actual)

- Expected
+ Received

- {
+ MasterCSSError {
    "diagnostics": [
      {
+       "code": "compose-quoted-syntax",
+       "domain": "compiler",
+       "message": "@compose only accepts unquoted class lists",
        "range": {
          "end": {
-           "line": 1,
+           "character": 18,
+           "line": 3,
          },
          "start": {
-           "line": 1,
+           "character": 11,
+           "line": 3,
          },
        },
-       "source": "/var/folders/_b/768dhtz56ns54x1r867j67280000gn/T/prepared-source-context-EUAybn/parts/_rules.scss",
+       "severity": "error",
+       "source": "master.css",
+       "version": 2,
      },
    ],
  }

 ❯ tests/bug-hunt-prepared-source-context.test.ts:59:8
     57|     await expect(transformStylesheet(file, prepared.source, {
     58|       baseManifest, projectDir: root, loadSass: identitySass, sourceMa…
     59|     })).rejects.toMatchObject({ diagnostics: [expect.objectContaining(…
       |        ^
     60|   })
     61| })
 ❯ fixture tests/bug-hunt-prepared-source-context.test.ts:14:40
 ❯ tests/bug-hunt-prepared-source-context.test.ts:53:3

⎯⎯⎯⎯⎯⎯⎯⎯⎯⎯⎯⎯⎯⎯⎯⎯⎯⎯⎯⎯⎯⎯⎯⎯[3/4]⎯


 Test Files  1 failed (1)
      Tests  4 failed (4)
   Start at  14:50:02
   Duration  389ms (transform 46%, import 41%, tests 12%)

