{"mode":"runtime","browser":"chromium","phase":"healthy-owner","pass":true}
{"mode":"runtime","browser":"chromium","phase":"failed-owner","pass":true}
{"mode":"runtime","browser":"firefox","phase":"healthy-owner","pass":true}
{"mode":"runtime","browser":"firefox","phase":"failed-owner","pass":true}
{"mode":"runtime","browser":"webkit","phase":"healthy-owner","pass":true}
{"mode":"runtime","browser":"webkit","phase":"failed-owner","pass":true}
{"mode":"runtime","browser":"chromium","phase":"restarted-owner","pass":true}
{"mode":"runtime","browser":"firefox","phase":"restarted-owner","pass":true}
{"mode":"runtime","browser":"webkit","phase":"restarted-owner","pass":true}
{"mode":"runtime","browser":"chromium","phase":"new-diagnostic-after-other-closes","pass":true}
{"mode":"runtime","browser":"firefox","phase":"new-diagnostic-after-other-closes","pass":true}
{"mode":"runtime","browser":"webkit","phase":"new-diagnostic-after-other-closes","pass":true}
{"mode":"runtime","browser":"chromium","phase":"recovered-owner","pass":true}
{"mode":"runtime","browser":"firefox","phase":"recovered-owner","pass":true}
{"mode":"runtime","browser":"webkit","phase":"recovered-owner","pass":true}
{"mode":"runtime","browser":"chromium","reloads":[],"messages":[{"type":"error","err":{"message":"Invalid @compose class: lifecycle-invalid-class","stack":"    at normalizeBindingError (file:///Users/aron/master/css/packages/binding/dist/normalize-error.js:42:9)\n    at callBinding (file:///Users/aron/master/css/packages/binding/dist/normalize-error.js:53:9)\n    at invoke (file:///Users/aron/master/css/packages/binding/dist/compiler-binding-adapter.js:19:10)\n    at Object.loadPreparedProjectManifest (file:///Users/aron/master/css/packages/binding/dist/compiler-binding-adapter.js:30:70)\n    at loadBindingProjectManifest (file:///Users/aron/master/css/packages/compiler/dist/project/binding-project.js:60:26)\n    at Object.loadProjectManifest (file:///Users/aron/master/css/packages/compiler/dist/project/manifest.js:40:17)\n    at loadMasterCSSVirtualManifest (file:///Users/aron/master/css/packages/vite/dist/internal/src/manifest-loader.js:19:36)\n    at async loadDefaultManifest (file:///Users/aron/master/css/packages/vite/dist/internal/src/manifest-virtual-module.js:39:18)\n    at async Object.load (file:///Users/aron/master/css/packages/vite/dist/internal/src/manifest-virtual-module.js:66:20)\n    at async withStylesheetDependencies (file:///Users/aron/master/css/packages/vite/dist/utils/failed-stylesheet-dependencies.js:42:18)","frame":""}},{"type":"update","updates":[{"type":"js-update","timestamp":1789014536261,"path":"/entry.js","acceptedPath":"/@id/__x00__virtual:master-css-manifest","explicitImportRequired":false,"isWithinCircularImport":false},{"type":"js-update","timestamp":1789014536261,"path":"/@id/__x00__virtual:master-css-runtime","acceptedPath":"/@id/__x00__virtual:master-css-manifest","explicitImportRequired":false,"isWithinCircularImport":false}]},{"type":"connected"}],"graph":[{"id":"/private/var/folders/_b/768dhtz56ns54x1r867j67280000gn/T/vite-manifest-lifecycle-browser-jNLO2A/app/entry.js","selfAccepting":false,"accepts":["\u0000virtual:master-css-manifest"]},{"id":"\u0000virtual:master-css-runtime","selfAccepting":true,"accepts":["\u0000virtual:master-css-manifest","\u0000virtual:master-css-emitted-globals"]}]}
node:internal/modules/run_main:107
    triggerUncaughtException(
    ^

AssertionError [ERR_ASSERTION]: Expected values to be strictly equal:
+ actual - expected

+ undefined
- 'preserve'

    at file:///Users/aron/master/css/.ai/audits/bug-hunt/repros/vite-manifest-lifecycle-browser.mjs:73:16 {
  generatedMessage: true,
  code: 'ERR_ASSERTION',
  actual: undefined,
  expected: 'preserve',
  operator: 'strictEqual',
  diff: 'simple'
}

Node.js v24.20.0
