(!) Your Vite config uses features that are unsupported by `configLoader: 'native'`, which is planned to become the default in a future major version of Vite:
  - import "../../shared/vitest.config" without a file extension (vitest.config.ts:2:20). Add the file extension
  - import "./vitest-ci-config" without a file extension (../../shared/vitest.config.ts:2:58). Add the file extension
Set `VITE_CONFIG_NATIVE_IGNORE_WARNING=true` to suppress this warning.

 RUN  v5.0.0 /Users/aron/master/css/packages/vite

stdout | tests/plugins/bug-hunt-missing-directory-watch.test.ts > BH-0004 registered missing directory recovers reference-one in static
directory-initial {"kind":"reference-one","body":"\n        <!DOCTYPE html>\n        <html lang=\"en\">\n          <head>\n            <meta charset=\"UTF-8\" />\n            <title>Error</title>\n            <script type=\"module\">\n              const error = {\"message\":\"ENOENT: no such file or directory, lstat '/private/var/folders/_b/768dhtz56ns54x1r867j67280000gn/T/master-css-missing-directory-Jcg0Vg/external/one'\",\"stack\":\"    at realpathSync (node:fs:2848:29)\\n    at compileGraph (/Users/aron/master/css/packages/compiler/src/stylesheet/delivery.ts:91:24)\\n    at compileDeliveredSource (/Users/aron/master/css/packages/compiler/src/stylesheet/delivery.ts:168:18)\\n    at transformLocalStylesheet (/Users/aron/master/css/packages/compiler/src/stylesheet/index.ts:499:22)\\n    at transformStylesheet (/Users/aron/master/css/packages/compiler/src/stylesheet/public.ts:345:18)\\n    at /Users/aron/master/css/packages/vite/src/plugins/local-compose.ts:134:24\\n    at withSassDiagnostics (/Users/aron/master/css/packages/vite/src/utils/sass-diagnostics.ts:51:16)\\n    at withStylesheetDependencies (/Users/aron/master/css/packages/vite/src/utils/failed-stylesheet-dependencies.ts:38:20)\\n    at EnvironmentPluginContainer.transform (file:///Users/aron/master/css/node_modules/.pnpm/vite@8.2.2_@types+node@24.13.3_esbuild@0.28.2_jiti@2.7.0_less@4.9.0_supports-color@5.5._5aef4224fb2d1e795047ce58ecc7070b/node_modules/vite/dist/node/chunks/node.js:30932:14)\\n    at loadAndTransform (file:///Users/aron/master/css/node_modules/.pnpm/vite@8.2.2_@types+node@24.13.3_esbuild@0.28.2_jiti@2.7.0_less@4.9.0_supports-color@5.5._5aef4224fb2d1e795047ce58ecc7070b/node_modules/vite/dist/node/chunks/node.js:20671:26)\",\"id\":\"/private/var/folders/_b/768dhtz56ns54x1r867j67280000gn/T/master-css-missing-directory-Jcg0Vg/app/style.css\",\"frame\":\"\",\"plugin\":\"master-css:local-compose\",\"pluginCode\":\"@reference \\\"../external/one/tokens.css\\\";.target{@compose paint;}\"}\n              try {\n                const { ErrorOverlay } = await import(\"/@vite/client\")\n                document.body.appendChild(new ErrorOverlay(error))\n              } catch {\n                const h = (tag, text) => {\n                  const el = document.createElement(tag)\n                  el.textContent = text\n                  return el\n                }\n                document.body.appendChild(h('h1', 'Internal Server Error'))\n                document.body.appendChild(h('h2', error.message))\n                document.body.appendChild(h('pre', error.stack))\n                document.body.appendChild(h('p', '(Error overlay failed to load)'))\n              }\n            </script>\n          </head>\n          <body>\n          </body>\n        </html>\n      ","adds":[["/private/var/folders/_b/768dhtz56ns54x1r867j67280000gn/T/master-css-missing-directory-Jcg0Vg/app/style.css"],["/private/var/folders/_b/768dhtz56ns54x1r867j67280000gn/T/master-css-missing-directory-Jcg0Vg/app/style.css"],["/private/var/folders/_b/768dhtz56ns54x1r867j67280000gn/T/master-css-missing-directory-Jcg0Vg/app/style.css"],["/private/var/folders/_b/768dhtz56ns54x1r867j67280000gn/T/master-css-missing-directory-Jcg0Vg/app/style.css"],["/private/var/folders/_b/768dhtz56ns54x1r867j67280000gn/T/master-css-missing-directory-Jcg0Vg/external/one"],["/private/var/folders/_b/768dhtz56ns54x1r867j67280000gn/T/master-css-missing-directory-Jcg0Vg/app/style.css"],["/private/var/folders/_b/768dhtz56ns54x1r867j67280000gn/T/master-css-missing-directory-Jcg0Vg/external/one"]],"options":{"ignored":["**/.git/**","**/node_modules/**","**/test-results/**","/private/var/folders/_b/768dhtz56ns54x1r867j67280000gn/T/master-css-missing-directory-Jcg0Vg/app/.vite/**","/private/var/folders/_b/768dhtz56ns54x1r867j67280000gn/T/master-css-missing-directory-Jcg0Vg/app/dist/**"],"ignoreInitial":true,"ignorePermissionErrors":true,"disableGlobbing":true,"persistent":true,"interval":100,"binaryInterval":300,"enableBinaryInterval":true,"useFsEvents":true,"atomic":false,"followSymlinks":true,"awaitWriteFinish":false},"watched":{"/private/var/folders/_b/768dhtz56ns54x1r867j67280000gn/T/master-css-missing-directory-Jcg0Vg":["app"],"/private/var/folders/_b/768dhtz56ns54x1r867j67280000gn/T/master-css-missing-directory-Jcg0Vg/app":["entry.js","index.html","style.css"]}}

 ❯ tests/plugins/bug-hunt-missing-directory-watch.test.ts (12 tests | 1 failed | 11 skipped) 1216ms
   × BH-0004 registered missing directory recovers reference-one in static 1215ms

⎯⎯⎯⎯⎯⎯⎯ Failed Tests 1 ⎯⎯⎯⎯⎯⎯⎯

 FAIL  tests/plugins/bug-hunt-missing-directory-watch.test.ts > BH-0004 registered missing directory recovers reference-one in static
AssertionError: expected false to be true // Object.is equality

- Expected
+ Received

- true
+ false

 ❯ tests/plugins/bug-hunt-missing-directory-watch.test.ts:31:84


Caused by: Error: Matcher did not succeed in time.
 ❯ tests/plugins/bug-hunt-missing-directory-watch.test.ts:31:5

⎯⎯⎯⎯⎯⎯⎯⎯⎯⎯⎯⎯⎯⎯⎯⎯⎯⎯⎯⎯⎯⎯⎯⎯[1/1]⎯


 Test Files  1 failed (1)
      Tests  1 failed | 11 skipped (12)
   Start at  10:58:13
   Duration  1.78s (tests 72%, transform 19%, import 10%)

Error: ERR_PNPM_RECURSIVE_EXEC_FIRST_FAIL

  × "pnpm recursive exec" failed in /Users/aron/master/css/packages/vite

