(!) Your Vite config uses features that are unsupported by `configLoader: 'native'`, which is planned to become the default in a future major version of Vite:
  - import "../../shared/vitest.config" without a file extension (vitest.config.ts:2:20). Add the file extension
  - import "./vitest-ci-config" without a file extension (../../shared/vitest.config.ts:2:58). Add the file extension
Set `VITE_CONFIG_NATIVE_IGNORE_WARNING=true` to suppress this warning.

 RUN  v5.0.0 /Users/aron/master/css/packages/next

 ❯ tests/bug-hunt-webpack-virtual-modules.test.ts (8 tests | 3 failed) 9ms
   × Next resolves virtual:master-css-manifest before Webpack URI dispatch 4ms
   × Next resolves virtual:master-css-emitted-globals before Webpack URI dispatch 1ms
   × Next resolves virtual:master-utilities.css before Webpack URI dispatch 1ms

⎯⎯⎯⎯⎯⎯⎯ Failed Tests 3 ⎯⎯⎯⎯⎯⎯⎯

 FAIL  tests/bug-hunt-webpack-virtual-modules.test.ts > Next resolves virtual:master-css-manifest before Webpack URI dispatch
AssertionError: expected 'virtual:master-css-manifest' to be '/Users/aron/master/css/packages/next/…' // Object.is equality

Expected: "/Users/aron/master/css/packages/next/node_modules/.master-css/master-css-manifest.js"
Received: "virtual:master-css-manifest"

 ❯ tests/bug-hunt-webpack-virtual-modules.test.ts:25:32
     23| for (const id of ids) test(`Next resolves ${id} before Webpack URI dis…
     24|   const resolver = configuredResolver()
     25|   expect(resolver.resolve(id)).toBe(resolver.aliases[id])
       |                                ^
     26| })
     27|

⎯⎯⎯⎯⎯⎯⎯⎯⎯⎯⎯⎯⎯⎯⎯⎯⎯⎯⎯⎯⎯⎯⎯⎯[1/3]⎯

 FAIL  tests/bug-hunt-webpack-virtual-modules.test.ts > Next resolves virtual:master-css-emitted-globals before Webpack URI dispatch
AssertionError: expected 'virtual:master-css-emitted-globals' to be '/Users/aron/master/css/packages/next/…' // Object.is equality

Expected: "/Users/aron/master/css/packages/next/node_modules/.master-css/master-css-emitted-globals.js"
Received: "virtual:master-css-emitted-globals"

 ❯ tests/bug-hunt-webpack-virtual-modules.test.ts:25:32
     23| for (const id of ids) test(`Next resolves ${id} before Webpack URI dis…
     24|   const resolver = configuredResolver()
     25|   expect(resolver.resolve(id)).toBe(resolver.aliases[id])
       |                                ^
     26| })
     27|

⎯⎯⎯⎯⎯⎯⎯⎯⎯⎯⎯⎯⎯⎯⎯⎯⎯⎯⎯⎯⎯⎯⎯⎯[2/3]⎯

 FAIL  tests/bug-hunt-webpack-virtual-modules.test.ts > Next resolves virtual:master-utilities.css before Webpack URI dispatch
AssertionError: expected 'virtual:master-utilities.css' to be '/Users/aron/master/css/packages/next/…' // Object.is equality

Expected: "/Users/aron/master/css/packages/next/empty.css"
Received: "virtual:master-utilities.css"

 ❯ tests/bug-hunt-webpack-virtual-modules.test.ts:25:32
     23| for (const id of ids) test(`Next resolves ${id} before Webpack URI dis…
     24|   const resolver = configuredResolver()
     25|   expect(resolver.resolve(id)).toBe(resolver.aliases[id])
       |                                ^
     26| })
     27|

⎯⎯⎯⎯⎯⎯⎯⎯⎯⎯⎯⎯⎯⎯⎯⎯⎯⎯⎯⎯⎯⎯⎯⎯[3/3]⎯


 Test Files  1 failed (1)
      Tests  3 failed | 5 passed (8)
   Start at  13:51:36
   Duration  392ms (transform 69%, import 28%, tests 3%)

Error: ERR_PNPM_RECURSIVE_EXEC_FIRST_FAIL

  × "pnpm recursive exec" failed in /Users/aron/master/css/packages/next

