$ tsc && vite build
vite v8.2.2 building client environment for production...
transforming...
✓ 6 modules transformed.
rendering chunks...
computing gzip size...
dist/index.html                                    1.32 kB │ gzip: 0.65 kB
dist/assets/master-css-5a4120d45c6a607b66d1-7.css  0.00 kB │ gzip: 0.02 kB
dist/assets/master-css-5a4120d45c6a607b66d1-8.css  0.00 kB │ gzip: 0.02 kB
dist/assets/master-css-5a4120d45c6a607b66d1-9.css  0.00 kB │ gzip: 0.02 kB
dist/assets/master-css-5a4120d45c6a607b66d1-0.css  0.00 kB │ gzip: 0.02 kB
dist/assets/index-TN3jYDR0.css                     0.05 kB │ gzip: 0.07 kB
dist/assets/master-css-5a4120d45c6a607b66d1-4.css  0.05 kB │ gzip: 0.07 kB
dist/assets/master-css-5a4120d45c6a607b66d1-1.css  0.10 kB │ gzip: 0.07 kB
dist/assets/master-css-5a4120d45c6a607b66d1-5.css  0.20 kB │ gzip: 0.08 kB
dist/assets/master-css-5a4120d45c6a607b66d1-3.css  1.61 kB │ gzip: 0.74 kB
dist/assets/master-css-5a4120d45c6a607b66d1-2.css  1.65 kB │ gzip: 0.81 kB
dist/assets/master-css-5a4120d45c6a607b66d1-6.css  2.77 kB │ gzip: 0.99 kB
dist/assets/index-CFRGV0GY.js                      0.88 kB │ gzip: 0.51 kB

✓ built in 3.03s
[33m[PLUGIN_TIMINGS] [0mPlugin hooks ran for 3.0s of this 3.0s build (98%).
The slowest hooks, timed inside each callback (the wait before a callback starts is excluded, the time it awaits is included):
  - master-css:style-entry transform (50%, 1.5s, 6 calls)
  - master-css:style-entry:build renderStart (44%, 1.3s, 1 call)
Additional hook time came from hooks under 1s.
See https://rolldown.rs/reference/InputOptions.checks#plugintimings for more details.

