(!) Your Vite config uses features that are unsupported by `configLoader: 'native'`, which is planned to become the default in a future major version of Vite:
  - import "../../shared/vitest.config" without a file extension (vitest.config.ts:2:20). Add the file extension
  - import "./vitest-ci-config" without a file extension (../../shared/vitest.config.ts:2:58). Add the file extension
Set `VITE_CONFIG_NATIVE_IGNORE_WARNING=true` to suppress this warning.

 RUN  v5.0.0 /Users/aron/master/css/packages/vite

 ❯ tests/plugins/bug-hunt-manifest-startup-recovery.test.ts (13 tests | 2 failed) 19833ms
   × BH-0004 manifest bootstrap reports HTTP errors and recovers without module requests or watcher events in static 4173ms
   × BH-0004 manifest bootstrap reports HTTP errors and recovers without module requests or watcher events in runtime 4144ms

⎯⎯⎯⎯⎯⎯⎯ Failed Tests 2 ⎯⎯⎯⎯⎯⎯⎯

 FAIL  tests/plugins/bug-hunt-manifest-startup-recovery.test.ts > BH-0004 manifest bootstrap reports HTTP errors and recovers without module requests or watcher events in static
 FAIL  tests/plugins/bug-hunt-manifest-startup-recovery.test.ts > BH-0004 manifest bootstrap reports HTTP errors and recovers without module requests or watcher events in runtime
AssertionError: expected '[]' to contain 'definitely-missing-class'

Expected: "definitely-missing-class"
Received: "[]"

 ❯ vi.waitFor.timeout tests/plugins/bug-hunt-manifest-startup-recovery.test.ts:43:68
     41|     const send = vi.spyOn(server.ws, 'send')
     42|     f.write('@utilities{paint{@compose definitely-missing-class;}}')
     43|     await vi.waitFor(() => expect(JSON.stringify(send.mock.calls)).toC…
       |                                                                    ^
     44|     expect(hasReload(send.mock.calls)).toBe(false)
     45|     const invalid = await response(server)

⎯⎯⎯⎯⎯⎯⎯⎯⎯⎯⎯⎯⎯⎯⎯⎯⎯⎯⎯⎯⎯⎯⎯⎯[1/2]⎯


 Test Files  1 failed (1)
      Tests  2 failed | 11 passed (13)
   Start at  11:57:12
   Duration  20.32s (tests 98%, transform 1%, import 1%)

Error: ERR_PNPM_RECURSIVE_EXEC_FIRST_FAIL

  × "pnpm recursive exec" failed in /Users/aron/master/css/packages/vite

