$ tsdown --config ../../shared/tsdown-package.config.ts
ℹ tsdown v0.23.0 powered by rolldown v1.2.7
ℹ config file: /Users/aron/master/css/shared/tsdown-package.config.ts 
ℹ entry: src/adapter.ts, src/build-state.ts, src/css-manifest-import-loader.ts, src/css-manifest-loader.ts, src/empty.ts, src/index.ts, src/options.ts, src/prepare-stylesheet.ts, src/static-css-loader.ts, src/static-loader.ts, src/static.ts, src/stylesheet-loader.ts, src/webpack-stylesheets.ts, src/webpack-virtual-modules.ts
ℹ target: node24.0.0
ℹ tsconfig: tsconfig.prod.json
ℹ Build start
ℹ Cleaning 40 files
TypeScript 7.0 does not yet have a stable API and is experimental. Some options will be unavailable.
ℹ dist/index.js                                 20.75 kB │ gzip:  4.17 kB
ℹ dist/adapter.js                                8.95 kB │ gzip:  2.83 kB
ℹ dist/static.js                                 7.99 kB │ gzip:  2.20 kB
ℹ dist/stylesheet-loader.js                      5.70 kB │ gzip:  1.63 kB
ℹ dist/css-manifest-loader.js                    4.63 kB │ gzip:  1.33 kB
ℹ dist/css-manifest-import-loader.js             4.38 kB │ gzip:  1.50 kB
ℹ dist/build-state.js                            2.66 kB │ gzip:  0.88 kB
ℹ dist/webpack-stylesheets.js                    2.65 kB │ gzip:  1.00 kB
ℹ dist/prepare-stylesheet.js                     1.16 kB │ gzip:  0.54 kB
ℹ dist/static-css-loader.js                      0.81 kB │ gzip:  0.42 kB
ℹ dist/options.js                                0.73 kB │ gzip:  0.34 kB
ℹ dist/static-loader.js                          0.67 kB │ gzip:  0.37 kB
ℹ dist/webpack-virtual-modules.js                0.53 kB │ gzip:  0.30 kB
ℹ dist/empty.js                                  0.01 kB │ gzip:  0.03 kB
ℹ dist/preset/src/default-manifest.js          117.06 kB │ gzip: 12.81 kB
ℹ dist/internal/src/node.js                      3.77 kB │ gzip:  1.05 kB
ℹ dist/internal/src/manifest-facade.js           2.27 kB │ gzip:  0.82 kB
ℹ dist/internal/src/manifest-loader.js           1.21 kB │ gzip:  0.49 kB
ℹ dist/internal/src/emitted-globals-module.js    0.75 kB │ gzip:  0.33 kB
ℹ dist/internal/src/manifest-module.js           0.73 kB │ gzip:  0.35 kB
ℹ dist/internal/src/project.js                   0.64 kB │ gzip:  0.33 kB
ℹ dist/internal/src/style-module.js              0.14 kB │ gzip:  0.14 kB
ℹ dist/static.d.ts                               2.24 kB │ gzip:  0.68 kB
ℹ dist/options.d.ts                              1.67 kB │ gzip:  0.60 kB
ℹ dist/adapter.d.ts                              1.48 kB │ gzip:  0.58 kB
ℹ dist/build-state.d.ts                          0.85 kB │ gzip:  0.33 kB
ℹ dist/index.d.ts                                0.75 kB │ gzip:  0.30 kB
ℹ dist/stylesheet-loader.d.ts                    0.57 kB │ gzip:  0.30 kB
ℹ dist/css-manifest-import-loader.d.ts           0.55 kB │ gzip:  0.30 kB
ℹ dist/css-manifest-loader.d.ts                  0.54 kB │ gzip:  0.29 kB
ℹ dist/prepare-stylesheet.d.ts                   0.48 kB │ gzip:  0.28 kB
ℹ dist/static-css-loader.d.ts                    0.44 kB │ gzip:  0.27 kB
ℹ dist/static-loader.d.ts                        0.39 kB │ gzip:  0.25 kB
ℹ dist/webpack-virtual-modules.d.ts              0.30 kB │ gzip:  0.20 kB
ℹ dist/webpack-stylesheets.d.ts                  0.21 kB │ gzip:  0.16 kB
ℹ dist/empty.d.ts                                0.01 kB │ gzip:  0.03 kB
ℹ 36 files, total: 198.65 kB
✔ Build complete in 108ms
