(!) Your Vite config uses features that are unsupported by `configLoader: 'native'`, which is planned to become the default in a future major version of Vite:
  - import "../../shared/vitest.config" without a file extension (vitest.config.ts:2:20). Add the file extension
  - import "./vitest-ci-config" without a file extension (../../shared/vitest.config.ts:2:58). Add the file extension
Set `VITE_CONFIG_NATIVE_IGNORE_WARNING=true` to suppress this warning.

 RUN  v5.0.0 /Users/aron/master/css/packages/next

 ❯ tests/bug-hunt-sass-source-offsets.test.ts (9 tests | 2 failed) 1529ms
   × Next scss entry preserves imported partial reference ownership 706ms
   × Next sass entry preserves imported partial reference ownership 698ms

⎯⎯⎯⎯⎯⎯⎯ Failed Tests 2 ⎯⎯⎯⎯⎯⎯⎯

 FAIL  tests/bug-hunt-sass-source-offsets.test.ts > Next scss entry preserves imported partial reference ownership
Unknown Error: Invalid @compose class: paint
⎯⎯⎯⎯⎯⎯⎯⎯⎯⎯⎯⎯⎯⎯⎯⎯⎯⎯⎯⎯⎯⎯⎯⎯[1/2]⎯

 FAIL  tests/bug-hunt-sass-source-offsets.test.ts > Next sass entry preserves imported partial reference ownership
Unknown Error: Invalid @compose class: paint
⎯⎯⎯⎯⎯⎯⎯⎯⎯⎯⎯⎯⎯⎯⎯⎯⎯⎯⎯⎯⎯⎯⎯⎯[2/2]⎯


 Test Files  1 failed (1)
      Tests  2 failed | 7 passed (9)
   Start at  15:29:28
   Duration  1.86s (tests 85%, transform 11%, import 4%)

Error: ERR_PNPM_RECURSIVE_EXEC_FIRST_FAIL

  × "pnpm recursive exec" failed in /Users/aron/master/css/packages/next

