{"mode":"static","runtime":false,"browser":"chromium","phase":"initial-error","pass":true}
{"mode":"static","runtime":false,"browser":"firefox","phase":"initial-error","pass":true}
{"mode":"static","runtime":false,"browser":"webkit","phase":"initial-error","pass":true}
{"mode":"static","runtime":false,"browser":"chromium","phase":"updated-error","pass":true}
{"mode":"static","runtime":false,"browser":"firefox","phase":"updated-error","pass":true}
{"mode":"static","runtime":false,"browser":"webkit","phase":"updated-error","pass":true}
{"mode":"static","runtime":false,"browser":"chromium","phase":"recovered","pass":true}
{"mode":"static","runtime":false,"browser":"firefox","phase":"recovered","pass":true}
{"mode":"static","runtime":false,"browser":"webkit","phase":"recovered","pass":true}
{"mode":"runtime","runtime":false,"browser":"chromium","phase":"initial-error","pass":true}
{"mode":"runtime","runtime":false,"browser":"firefox","phase":"initial-error","pass":true}
{"mode":"runtime","runtime":false,"browser":"webkit","phase":"initial-error","pass":true}
{"mode":"runtime","runtime":false,"browser":"chromium","phase":"updated-error","pass":true}
{"mode":"runtime","runtime":false,"browser":"firefox","phase":"updated-error","pass":true}
{"mode":"runtime","runtime":false,"browser":"webkit","phase":"updated-error","pass":true}
{"mode":"runtime","runtime":false,"browser":"chromium","phase":"recovered","pass":true}
{"mode":"runtime","runtime":false,"browser":"firefox","phase":"recovered","pass":true}
{"mode":"runtime","runtime":false,"browser":"webkit","phase":"recovered","pass":true}
{"mode":"pre-render","runtime":false,"browser":"chromium","phase":"initial-error","pass":true}
{"mode":"pre-render","runtime":false,"browser":"firefox","phase":"initial-error","pass":true}
{"mode":"pre-render","runtime":false,"browser":"webkit","phase":"initial-error","pass":true}
{"mode":"pre-render","runtime":false,"browser":"chromium","phase":"updated-error","pass":true}
{"mode":"pre-render","runtime":false,"browser":"firefox","phase":"updated-error","pass":true}
{"mode":"pre-render","runtime":false,"browser":"webkit","phase":"updated-error","pass":true}
{"mode":"pre-render","runtime":false,"browser":"chromium","phase":"recovered","pass":true}
{"mode":"pre-render","runtime":false,"browser":"firefox","phase":"recovered","pass":true}
{"mode":"pre-render","runtime":false,"browser":"webkit","phase":"recovered","pass":true}
{"mode":"progressive","runtime":false,"browser":"chromium","phase":"initial-error","pass":true}
{"mode":"progressive","runtime":false,"browser":"firefox","phase":"initial-error","pass":true}
{"mode":"progressive","runtime":false,"browser":"webkit","phase":"initial-error","pass":true}
{"mode":"progressive","runtime":false,"browser":"chromium","phase":"updated-error","pass":true}
{"mode":"progressive","runtime":false,"browser":"firefox","phase":"updated-error","pass":true}
{"mode":"progressive","runtime":false,"browser":"webkit","phase":"updated-error","pass":true}
{"mode":"progressive","runtime":false,"browser":"chromium","phase":"recovered","pass":true}
{"mode":"progressive","runtime":false,"browser":"firefox","phase":"recovered","pass":true}
{"mode":"progressive","runtime":false,"browser":"webkit","phase":"recovered","pass":true}
{"mode":"static","runtime":true,"browser":"chromium","phase":"initial-error","pass":true}
{"mode":"static","runtime":true,"browser":"firefox","phase":"initial-error","pass":true}
{"mode":"static","runtime":true,"browser":"webkit","phase":"initial-error","pass":true}
{"mode":"static","runtime":true,"browser":"chromium","phase":"updated-error","pass":true}
{"mode":"static","runtime":true,"browser":"firefox","phase":"updated-error","pass":true}
{"mode":"static","runtime":true,"browser":"webkit","phase":"updated-error","pass":true}
{"mode":"static","runtime":true,"browser":"chromium","phase":"recovered","pass":true}
{"mode":"static","runtime":true,"browser":"firefox","phase":"recovered","pass":true}
{"mode":"static","runtime":true,"browser":"webkit","phase":"recovered","pass":true}
{"mode":"runtime","runtime":true,"browser":"chromium","phase":"initial-error","pass":true}
{"mode":"runtime","runtime":true,"browser":"firefox","phase":"initial-error","pass":true}
{"mode":"runtime","runtime":true,"browser":"webkit","phase":"initial-error","pass":true}
{"mode":"runtime","runtime":true,"browser":"chromium","phase":"updated-error","pass":true}
{"mode":"runtime","runtime":true,"browser":"firefox","phase":"updated-error","pass":true}
{"mode":"runtime","runtime":true,"browser":"webkit","phase":"updated-error","pass":true}
{"mode":"runtime","runtime":true,"browser":"chromium","phase":"recovered","pass":true}
{"mode":"runtime","runtime":true,"browser":"firefox","phase":"recovered","pass":true}
{"mode":"runtime","runtime":true,"browser":"webkit","phase":"recovered","pass":true}
{"mode":"pre-render","runtime":true,"browser":"chromium","phase":"initial-error","pass":true}
{"mode":"pre-render","runtime":true,"browser":"firefox","phase":"initial-error","pass":true}
{"mode":"pre-render","runtime":true,"browser":"webkit","phase":"initial-error","pass":true}
{"mode":"pre-render","runtime":true,"browser":"chromium","phase":"updated-error","pass":true}
{"mode":"pre-render","runtime":true,"browser":"firefox","phase":"updated-error","pass":true}
{"mode":"pre-render","runtime":true,"browser":"webkit","phase":"updated-error","pass":true}
{"mode":"pre-render","runtime":true,"browser":"chromium","phase":"recovered","pass":true}
{"mode":"pre-render","runtime":true,"browser":"firefox","phase":"recovered","pass":true}
{"mode":"pre-render","runtime":true,"browser":"webkit","phase":"recovered","pass":true}
{"mode":"progressive","runtime":true,"browser":"chromium","phase":"initial-error","pass":true}
{"mode":"progressive","runtime":true,"browser":"firefox","phase":"initial-error","pass":true}
{"mode":"progressive","runtime":true,"browser":"webkit","phase":"initial-error","pass":true}
{"mode":"progressive","runtime":true,"browser":"chromium","phase":"updated-error","pass":true}
{"mode":"progressive","runtime":true,"browser":"firefox","phase":"updated-error","pass":true}
{"mode":"progressive","runtime":true,"browser":"webkit","phase":"updated-error","pass":true}
{"mode":"progressive","runtime":true,"browser":"chromium","phase":"recovered","pass":true}
{"mode":"progressive","runtime":true,"browser":"firefox","phase":"recovered","pass":true}
{"mode":"progressive","runtime":true,"browser":"webkit","phase":"recovered","pass":true}
{"summary":true,"observations":72,"failures":0}
