(!) Your Vite config uses features that are unsupported by `configLoader: 'native'`, which is planned to become the default in a future major version of Vite:
  - import "../../shared/vitest.config" without a file extension (vitest.config.ts:2:20). Add the file extension
  - import "./vitest-ci-config" without a file extension (../../shared/vitest.config.ts:2:58). Add the file extension
Set `VITE_CONFIG_NATIVE_IGNORE_WARNING=true` to suppress this warning.

 RUN  v5.0.0 /Users/aron/master/css/packages/webpack

[log]
[log]
[log]
[log]
[success] page.tsx 1 classes inserted in 0.2ms 
[log]
[log]
[log]
[log]
[log]
[log]

 Test Files  7 passed (7)
      Tests  74 passed (74)
   Start at  15:48:18
   Duration  9.09s (tests 85%, transform 12%, import 3%)

