(!) Your Vite config uses features that are unsupported by `configLoader: 'native'`, which is planned to become the default in a future major version of Vite:
  - import "../../shared/vitest.config" without a file extension (vitest.config.ts:2:20). Add the file extension
  - import "./vitest-ci-config" without a file extension (../../shared/vitest.config.ts:2:58). Add the file extension
Set `VITE_CONFIG_NATIVE_IGNORE_WARNING=true` to suppress this warning.

 RUN  v5.0.0 /Users/aron/master/css/packages/vite

 ❯ tests/plugins/bug-hunt-reference-host-recovery.test.ts (24 tests | 12 failed) 77054ms
   × BH-0004 dev reference recovery scss/plain-root/startup=true 5181ms
   × BH-0004 dev reference recovery scss/module-root/startup=true 5201ms
   × BH-0004 dev reference recovery scss/retained-module/startup=true 5195ms
   × BH-0004 dev reference recovery sass/plain-root/startup=true 5177ms
   × BH-0004 dev reference recovery sass/module-root/startup=true 5201ms
   × BH-0004 dev reference recovery sass/retained-module/startup=true 5184ms
   × BH-0004 build-watch reference recovery scss/plain-root/startup=true 5162ms
   × BH-0004 build-watch reference recovery scss/module-root/startup=true 5173ms
   × BH-0004 build-watch reference recovery scss/retained-module/startup=true 5167ms
   × BH-0004 build-watch reference recovery sass/plain-root/startup=true 5161ms
   × BH-0004 build-watch reference recovery sass/module-root/startup=true 5162ms
   × BH-0004 build-watch reference recovery sass/retained-module/startup=true 5161ms

⎯⎯⎯⎯⎯⎯ Failed Tests 12 ⎯⎯⎯⎯⎯⎯⎯

 FAIL  tests/plugins/bug-hunt-reference-host-recovery.test.ts > BH-0004 dev reference recovery scss/plain-root/startup=true
 FAIL  tests/plugins/bug-hunt-reference-host-recovery.test.ts > BH-0004 dev reference recovery scss/module-root/startup=true
 FAIL  tests/plugins/bug-hunt-reference-host-recovery.test.ts > BH-0004 dev reference recovery scss/retained-module/startup=true
 FAIL  tests/plugins/bug-hunt-reference-host-recovery.test.ts > BH-0004 dev reference recovery sass/plain-root/startup=true
 FAIL  tests/plugins/bug-hunt-reference-host-recovery.test.ts > BH-0004 dev reference recovery sass/module-root/startup=true
 FAIL  tests/plugins/bug-hunt-reference-host-recovery.test.ts > BH-0004 dev reference recovery sass/retained-module/startup=true
AssertionError: expected false to be true // Object.is equality

- Expected
+ Received

- true
+ false

 ❯ vi.waitFor.timeout tests/plugins/bug-hunt-reference-host-recovery.test.ts:58:187


⎯⎯⎯⎯⎯⎯⎯⎯⎯⎯⎯⎯⎯⎯⎯⎯⎯⎯⎯⎯⎯⎯⎯[1/12]⎯

 FAIL  tests/plugins/bug-hunt-reference-host-recovery.test.ts > BH-0004 build-watch reference recovery scss/plain-root/startup=true
 FAIL  tests/plugins/bug-hunt-reference-host-recovery.test.ts > BH-0004 build-watch reference recovery scss/module-root/startup=true
 FAIL  tests/plugins/bug-hunt-reference-host-recovery.test.ts > BH-0004 build-watch reference recovery scss/retained-module/startup=true
 FAIL  tests/plugins/bug-hunt-reference-host-recovery.test.ts > BH-0004 build-watch reference recovery sass/plain-root/startup=true
 FAIL  tests/plugins/bug-hunt-reference-host-recovery.test.ts > BH-0004 build-watch reference recovery sass/module-root/startup=true
 FAIL  tests/plugins/bug-hunt-reference-host-recovery.test.ts > BH-0004 build-watch reference recovery sass/retained-module/startup=true
AssertionError: expected 0 to be greater than 0
 ❯ vi.waitFor.timeout tests/plugins/bug-hunt-reference-host-recovery.test.ts:95:82
     93|       if (event.code === 'BUNDLE_END' || event.code === 'ERROR') event…
     94|     })
     95|     const nextEvent = async () => { await vi.waitFor(() => expect(even…
       |                                                                                  ^
     96|     const initial = await nextEvent()
     97|     expect(initial.code).toBe(startupMissing ? 'ERROR' : 'BUNDLE_END')

⎯⎯⎯⎯⎯⎯⎯⎯⎯⎯⎯⎯⎯⎯⎯⎯⎯⎯⎯⎯⎯⎯⎯[2/12]⎯


 Test Files  1 failed (1)
      Tests  12 failed | 12 passed (24)
   Start at  09:59:47
   Duration  77.55s (tests 99%)

Error: ERR_PNPM_RECURSIVE_EXEC_FIRST_FAIL

  × "pnpm recursive exec" failed in /Users/aron/master/css/packages/vite

