(!) Your Vite config uses features that are unsupported by `configLoader: 'native'`, which is planned to become the default in a future major version of Vite:
  - import "../../shared/vitest.config" without a file extension (vitest.config.ts:3:20). Add the file extension
  - import "./vitest-ci-config" without a file extension (../../shared/vitest.config.ts:2:58). Add the file extension
Set `VITE_CONFIG_NATIVE_IGNORE_WARNING=true` to suppress this warning.

 RUN  v5.0.0 /Users/aron/master/css/packages/compiler

[success] app/page.tsx 4 classes inserted in 0.5ms 
[success] index.html 6 classes inserted in 1.3ms 
[success] index.html 6 classes inserted in 0.4ms 
[success] index.html 6 classes inserted in 0.4ms 
[success] app/page.html 1 classes inserted in 0.1ms 
[success] index.html 6 classes inserted in 1ms 
[success] index.html 6 classes inserted in 0.4ms 
[success] index.html 6 classes inserted in 0.4ms 
[success] index.html 6 classes inserted in 0.4ms 
[success] app/page.html 2 classes inserted in 0.1ms 
[success] index.html 6 classes inserted in 0.4ms 
[success] index.html 6 classes inserted in 0.4ms 
[success] app/page.html 2 classes inserted in 0.1ms 
[success] app/page.html 1 classes inserted in 0.1ms 
[success] app/page.html 1 classes inserted in 0.1ms 
[success] index.html 6 classes inserted in 0.4ms  (repeated 7 times)

 Test Files  37 passed (37)
      Tests  283 passed (283)
   Start at  14:45:07
   Duration  10.74s (tests 93%, transform 3%, import 3%)

