{"outputs":[{"name":"simple-0","wrapper":"@media(min-width:1px)","body":".card{@compose paint;}","expected":"32px","css":{"authored":"@media(min-width:1px){.card{padding:2rem;}}","direct":"@media (width>=1px){.card{padding:2rem}}","native":"@media (width >= 1px) {\n  .card{padding:2rem}\n}","wasm":"@media (width >= 1px) {\n  .card{padding:2rem}\n}"}},{"name":"simple-1","wrapper":"@supports(display:grid)","body":".card{@compose paint;}","expected":"32px","css":{"authored":"@supports(display:grid){.card{padding:2rem;}}","direct":"@supports (display:grid){.card{padding:2rem}}","native":"@supports (display: grid) {\n  .card{padding:2rem}\n}","wasm":"@supports (display: grid) {\n  .card{padding:2rem}\n}"}},{"name":"simple-2","wrapper":"@container card (min-width:1px)","body":".card{@compose paint;}","expected":"32px","css":{"authored":"@container card (min-width:1px){.card{padding:2rem;}}","direct":"@container card (width>=1px){.card{padding:2rem}}","native":"@container card (width >= 1px) {\n  .card{padding:2rem}\n}","wasm":"@container card (width >= 1px) {\n  .card{padding:2rem}\n}"}},{"name":"simple-3","wrapper":"@layer cards","body":".card{@compose paint;}","expected":"32px","css":{"authored":"@layer cards{.card{padding:2rem;}}","direct":"@layer cards{.card{padding:2rem}}","native":"@layer cards {\n  .card{padding:2rem}\n}","wasm":"@layer cards {\n  .card{padding:2rem}\n}"}},{"name":"simple-4","wrapper":"@layer","body":".card{@compose paint;}","expected":"32px","css":{"authored":"@layer{.card{padding:2rem;}}","direct":"@layer{.card{padding:2rem}}","native":"@layer {\n  .card{padding:2rem}\n}","wasm":"@layer {\n  .card{padding:2rem}\n}"}},{"name":"order-media","wrapper":"@media(min-width:1px)","body":".card{@compose paint;}.card{padding:3rem}","expected":"48px","css":{"authored":"@media(min-width:1px){.card{padding:2rem;}.card{padding:3rem}}","direct":"@media (width >= 1px) {\n  .card {\n    padding: 3rem;\n  }\n}\n@media (width>=1px){.card{padding:2rem}}","native":"@media (width >= 1px) {\n  .card{padding:2rem}\n\n  .card {\n    padding: 3rem;\n  }\n}","wasm":"@media (width >= 1px) {\n  .card{padding:2rem}\n\n  .card {\n    padding: 3rem;\n  }\n}"}},{"name":"order-named-layer","wrapper":"@layer cards","body":".card{@compose paint;}.card{padding:3rem}","expected":"48px","css":{"authored":"@layer cards{.card{padding:2rem;}.card{padding:3rem}}","direct":"@layer cards {\n  .card {\n    padding: 3rem;\n  }\n}\n@layer cards{.card{padding:2rem}}","native":"@layer cards {\n  .card{padding:2rem}\n\n  .card {\n    padding: 3rem;\n  }\n}","wasm":"@layer cards {\n  .card{padding:2rem}\n\n  .card {\n    padding: 3rem;\n  }\n}"}},{"name":"order-anonymous-layer","wrapper":"@layer","body":".card{@compose paint;}.card{padding:3rem}","expected":"48px","css":{"authored":"@layer{.card{padding:2rem;}.card{padding:3rem}}","direct":"@layer {\n  .card {\n    padding: 3rem;\n  }\n}\n@layer{.card{padding:2rem}}","native":"@layer {\n  .card{padding:2rem}\n\n  .card {\n    padding: 3rem;\n  }\n}","wasm":"@layer {\n  .card{padding:2rem}\n\n  .card {\n    padding: 3rem;\n  }\n}"}}]}
{"browser":"chromium","case":"simple-0","path":"authored","actual":"32px","expected":"32px","pass":true}
{"browser":"chromium","case":"simple-0","path":"direct","actual":"32px","expected":"32px","pass":true}
{"browser":"chromium","case":"simple-0","path":"native","actual":"32px","expected":"32px","pass":true}
{"browser":"chromium","case":"simple-0","path":"wasm","actual":"32px","expected":"32px","pass":true}
{"browser":"chromium","case":"simple-1","path":"authored","actual":"32px","expected":"32px","pass":true}
{"browser":"chromium","case":"simple-1","path":"direct","actual":"32px","expected":"32px","pass":true}
{"browser":"chromium","case":"simple-1","path":"native","actual":"32px","expected":"32px","pass":true}
{"browser":"chromium","case":"simple-1","path":"wasm","actual":"32px","expected":"32px","pass":true}
{"browser":"chromium","case":"simple-2","path":"authored","actual":"32px","expected":"32px","pass":true}
{"browser":"chromium","case":"simple-2","path":"direct","actual":"32px","expected":"32px","pass":true}
{"browser":"chromium","case":"simple-2","path":"native","actual":"32px","expected":"32px","pass":true}
{"browser":"chromium","case":"simple-2","path":"wasm","actual":"32px","expected":"32px","pass":true}
{"browser":"chromium","case":"simple-3","path":"authored","actual":"32px","expected":"32px","pass":true}
{"browser":"chromium","case":"simple-3","path":"direct","actual":"32px","expected":"32px","pass":true}
{"browser":"chromium","case":"simple-3","path":"native","actual":"32px","expected":"32px","pass":true}
{"browser":"chromium","case":"simple-3","path":"wasm","actual":"32px","expected":"32px","pass":true}
{"browser":"chromium","case":"simple-4","path":"authored","actual":"32px","expected":"32px","pass":true}
{"browser":"chromium","case":"simple-4","path":"direct","actual":"32px","expected":"32px","pass":true}
{"browser":"chromium","case":"simple-4","path":"native","actual":"32px","expected":"32px","pass":true}
{"browser":"chromium","case":"simple-4","path":"wasm","actual":"32px","expected":"32px","pass":true}
{"browser":"chromium","case":"order-media","path":"authored","actual":"48px","expected":"48px","pass":true}
{"browser":"chromium","case":"order-media","path":"direct","actual":"32px","expected":"48px","pass":false}
{"browser":"chromium","case":"order-media","path":"native","actual":"48px","expected":"48px","pass":true}
{"browser":"chromium","case":"order-media","path":"wasm","actual":"48px","expected":"48px","pass":true}
{"browser":"chromium","case":"order-named-layer","path":"authored","actual":"48px","expected":"48px","pass":true}
{"browser":"chromium","case":"order-named-layer","path":"direct","actual":"32px","expected":"48px","pass":false}
{"browser":"chromium","case":"order-named-layer","path":"native","actual":"48px","expected":"48px","pass":true}
{"browser":"chromium","case":"order-named-layer","path":"wasm","actual":"48px","expected":"48px","pass":true}
{"browser":"chromium","case":"order-anonymous-layer","path":"authored","actual":"48px","expected":"48px","pass":true}
{"browser":"chromium","case":"order-anonymous-layer","path":"direct","actual":"32px","expected":"48px","pass":false}
{"browser":"chromium","case":"order-anonymous-layer","path":"native","actual":"48px","expected":"48px","pass":true}
{"browser":"chromium","case":"order-anonymous-layer","path":"wasm","actual":"48px","expected":"48px","pass":true}
{"browser":"chromium","pageErrors":[]}
{"browser":"firefox","case":"simple-0","path":"authored","actual":"32px","expected":"32px","pass":true}
{"browser":"firefox","case":"simple-0","path":"direct","actual":"32px","expected":"32px","pass":true}
{"browser":"firefox","case":"simple-0","path":"native","actual":"32px","expected":"32px","pass":true}
{"browser":"firefox","case":"simple-0","path":"wasm","actual":"32px","expected":"32px","pass":true}
{"browser":"firefox","case":"simple-1","path":"authored","actual":"32px","expected":"32px","pass":true}
{"browser":"firefox","case":"simple-1","path":"direct","actual":"32px","expected":"32px","pass":true}
{"browser":"firefox","case":"simple-1","path":"native","actual":"32px","expected":"32px","pass":true}
{"browser":"firefox","case":"simple-1","path":"wasm","actual":"32px","expected":"32px","pass":true}
{"browser":"firefox","case":"simple-2","path":"authored","actual":"32px","expected":"32px","pass":true}
{"browser":"firefox","case":"simple-2","path":"direct","actual":"32px","expected":"32px","pass":true}
{"browser":"firefox","case":"simple-2","path":"native","actual":"32px","expected":"32px","pass":true}
{"browser":"firefox","case":"simple-2","path":"wasm","actual":"32px","expected":"32px","pass":true}
{"browser":"firefox","case":"simple-3","path":"authored","actual":"32px","expected":"32px","pass":true}
{"browser":"firefox","case":"simple-3","path":"direct","actual":"32px","expected":"32px","pass":true}
{"browser":"firefox","case":"simple-3","path":"native","actual":"32px","expected":"32px","pass":true}
{"browser":"firefox","case":"simple-3","path":"wasm","actual":"32px","expected":"32px","pass":true}
{"browser":"firefox","case":"simple-4","path":"authored","actual":"32px","expected":"32px","pass":true}
{"browser":"firefox","case":"simple-4","path":"direct","actual":"32px","expected":"32px","pass":true}
{"browser":"firefox","case":"simple-4","path":"native","actual":"32px","expected":"32px","pass":true}
{"browser":"firefox","case":"simple-4","path":"wasm","actual":"32px","expected":"32px","pass":true}
{"browser":"firefox","case":"order-media","path":"authored","actual":"48px","expected":"48px","pass":true}
{"browser":"firefox","case":"order-media","path":"direct","actual":"32px","expected":"48px","pass":false}
{"browser":"firefox","case":"order-media","path":"native","actual":"48px","expected":"48px","pass":true}
{"browser":"firefox","case":"order-media","path":"wasm","actual":"48px","expected":"48px","pass":true}
{"browser":"firefox","case":"order-named-layer","path":"authored","actual":"48px","expected":"48px","pass":true}
{"browser":"firefox","case":"order-named-layer","path":"direct","actual":"32px","expected":"48px","pass":false}
{"browser":"firefox","case":"order-named-layer","path":"native","actual":"48px","expected":"48px","pass":true}
{"browser":"firefox","case":"order-named-layer","path":"wasm","actual":"48px","expected":"48px","pass":true}
{"browser":"firefox","case":"order-anonymous-layer","path":"authored","actual":"48px","expected":"48px","pass":true}
{"browser":"firefox","case":"order-anonymous-layer","path":"direct","actual":"32px","expected":"48px","pass":false}
{"browser":"firefox","case":"order-anonymous-layer","path":"native","actual":"48px","expected":"48px","pass":true}
{"browser":"firefox","case":"order-anonymous-layer","path":"wasm","actual":"48px","expected":"48px","pass":true}
{"browser":"firefox","pageErrors":[]}
{"browser":"webkit","case":"simple-0","path":"authored","actual":"32px","expected":"32px","pass":true}
{"browser":"webkit","case":"simple-0","path":"direct","actual":"32px","expected":"32px","pass":true}
{"browser":"webkit","case":"simple-0","path":"native","actual":"32px","expected":"32px","pass":true}
{"browser":"webkit","case":"simple-0","path":"wasm","actual":"32px","expected":"32px","pass":true}
{"browser":"webkit","case":"simple-1","path":"authored","actual":"32px","expected":"32px","pass":true}
{"browser":"webkit","case":"simple-1","path":"direct","actual":"32px","expected":"32px","pass":true}
{"browser":"webkit","case":"simple-1","path":"native","actual":"32px","expected":"32px","pass":true}
{"browser":"webkit","case":"simple-1","path":"wasm","actual":"32px","expected":"32px","pass":true}
{"browser":"webkit","case":"simple-2","path":"authored","actual":"32px","expected":"32px","pass":true}
{"browser":"webkit","case":"simple-2","path":"direct","actual":"32px","expected":"32px","pass":true}
{"browser":"webkit","case":"simple-2","path":"native","actual":"32px","expected":"32px","pass":true}
{"browser":"webkit","case":"simple-2","path":"wasm","actual":"32px","expected":"32px","pass":true}
{"browser":"webkit","case":"simple-3","path":"authored","actual":"32px","expected":"32px","pass":true}
{"browser":"webkit","case":"simple-3","path":"direct","actual":"32px","expected":"32px","pass":true}
{"browser":"webkit","case":"simple-3","path":"native","actual":"32px","expected":"32px","pass":true}
{"browser":"webkit","case":"simple-3","path":"wasm","actual":"32px","expected":"32px","pass":true}
{"browser":"webkit","case":"simple-4","path":"authored","actual":"32px","expected":"32px","pass":true}
{"browser":"webkit","case":"simple-4","path":"direct","actual":"32px","expected":"32px","pass":true}
{"browser":"webkit","case":"simple-4","path":"native","actual":"32px","expected":"32px","pass":true}
{"browser":"webkit","case":"simple-4","path":"wasm","actual":"32px","expected":"32px","pass":true}
{"browser":"webkit","case":"order-media","path":"authored","actual":"48px","expected":"48px","pass":true}
{"browser":"webkit","case":"order-media","path":"direct","actual":"32px","expected":"48px","pass":false}
{"browser":"webkit","case":"order-media","path":"native","actual":"48px","expected":"48px","pass":true}
{"browser":"webkit","case":"order-media","path":"wasm","actual":"48px","expected":"48px","pass":true}
{"browser":"webkit","case":"order-named-layer","path":"authored","actual":"48px","expected":"48px","pass":true}
{"browser":"webkit","case":"order-named-layer","path":"direct","actual":"32px","expected":"48px","pass":false}
{"browser":"webkit","case":"order-named-layer","path":"native","actual":"48px","expected":"48px","pass":true}
{"browser":"webkit","case":"order-named-layer","path":"wasm","actual":"48px","expected":"48px","pass":true}
{"browser":"webkit","case":"order-anonymous-layer","path":"authored","actual":"48px","expected":"48px","pass":true}
{"browser":"webkit","case":"order-anonymous-layer","path":"direct","actual":"32px","expected":"48px","pass":false}
{"browser":"webkit","case":"order-anonymous-layer","path":"native","actual":"48px","expected":"48px","pass":true}
{"browser":"webkit","case":"order-anonymous-layer","path":"wasm","actual":"48px","expected":"48px","pass":true}
{"browser":"webkit","pageErrors":[]}
{"observations":96,"failures":9}
