   Compiling mastercss-compiler v0.0.0 (/Users/aron/master/css/crates/mastercss-compiler)
    Finished `test` profile [unoptimized + debuginfo] target(s) in 0.39s
     Running tests/bug_hunt_native_conditionals.rs (target/debug/deps/bug_hunt_native_conditionals-eb5b6ad9b0674dd3)

running 5 tests
test direct_native_conditionals_expand_compose ... FAILED
test graph_native_conditionals_expand_compose ... FAILED
test graph_preserves_one_anonymous_layer_and_nested_wrapper_structure ... FAILED
test graph_preserves_unrelated_native_children_and_composed_style_order ... FAILED
test native_wrappers_without_directives_are_unchanged ... ok

failures:

---- direct_native_conditionals_expand_compose stdout ----

thread 'direct_native_conditionals_expand_compose' (42408579) panicked at crates/mastercss-compiler/tests/bug_hunt_native_conditionals.rs:45:9:
@media (min-width:1px): @media (width >= 1px) {
  .card {
    @compose paint;
  }
}
note: run with `RUST_BACKTRACE=1` environment variable to display a backtrace

---- graph_native_conditionals_expand_compose stdout ----

thread 'graph_native_conditionals_expand_compose' (42408580) panicked at crates/mastercss-compiler/tests/bug_hunt_native_conditionals.rs:55:9:
@media (min-width:1px): @media (width >= 1px) {
  .card {
    @compose paint;
  }
}

---- graph_preserves_one_anonymous_layer_and_nested_wrapper_structure stdout ----

thread 'graph_preserves_one_anonymous_layer_and_nested_wrapper_structure' (42408581) panicked at crates/mastercss-compiler/tests/bug_hunt_native_conditionals.rs:74:5:
@layer {
  .before {
    color: red;
  }

  @supports (display: grid) {
    .card {
      @compose paint;
    }

    .after {
      padding: 3rem;
    }
  }
}

---- graph_preserves_unrelated_native_children_and_composed_style_order stdout ----

thread 'graph_preserves_unrelated_native_children_and_composed_style_order' (42408582) panicked at crates/mastercss-compiler/tests/bug_hunt_native_conditionals.rs:65:74:
padding:2rem: @media (width >= 1px) {
  @font-face {
    font-family: probe;
    src: url("probe.woff2");
  }

  .before {
    color: red;
  }

  .card {
    @compose paint;
  }

  .after {
    color: #00f;
  }

  @keyframes spin {
    to {
      opacity: 0;
    }
  }
}


failures:
    direct_native_conditionals_expand_compose
    graph_native_conditionals_expand_compose
    graph_preserves_one_anonymous_layer_and_nested_wrapper_structure
    graph_preserves_unrelated_native_children_and_composed_style_order

test result: FAILED. 1 passed; 4 failed; 0 ignored; 0 measured; 0 filtered out; finished in 0.01s

error: test failed, to rerun pass `-p mastercss-compiler --test bug_hunt_native_conditionals`
