   Compiling mastercss-compiler v0.0.0 (/Users/aron/master/css/crates/mastercss-compiler)
    Finished `test` profile [unoptimized + debuginfo] target(s) in 0.32s
     Running tests/bug_hunt_native_conditionals.rs (target/debug/deps/bug_hunt_native_conditionals-eb5b6ad9b0674dd3)

running 8 tests
test direct_native_conditional_order_is_preserved ... FAILED
test direct_anonymous_layer_remains_one_layer ... FAILED
test graph_preserves_one_anonymous_layer_and_nested_wrapper_structure ... ok
test graph_preserves_unrelated_native_children_and_composed_style_order ... ok
test native_wrappers_without_directives_are_unchanged ... ok
test direct_native_conditionals_expand_compose ... ok
test conditional_selector_and_compose_origins_stay_at_authored_positions ... ok
test graph_native_conditionals_expand_compose ... ok

failures:

---- direct_native_conditional_order_is_preserved stdout ----

thread 'direct_native_conditional_order_is_preserved' (42410773) panicked at crates/mastercss-compiler/tests/bug_hunt_native_conditionals.rs:95:5:
@media (width >= 1px) {
  .card {
    padding: 3rem;
  }
}@media (width>=1px){.card{padding:2rem}}
note: run with `RUST_BACKTRACE=1` environment variable to display a backtrace

---- direct_anonymous_layer_remains_one_layer stdout ----

thread 'direct_anonymous_layer_remains_one_layer' (42410772) panicked at crates/mastercss-compiler/tests/bug_hunt_native_conditionals.rs:102:5:
assertion `left == right` failed: @layer {
  .after {
    padding: 3rem;
  }
}@layer{.card{padding:2rem}}
  left: 2
 right: 1


failures:
    direct_anonymous_layer_remains_one_layer
    direct_native_conditional_order_is_preserved

test result: FAILED. 6 passed; 2 failed; 0 ignored; 0 measured; 0 filtered out; finished in 0.02s

error: test failed, to rerun pass `-p mastercss-compiler --test bug_hunt_native_conditionals`
     Running tests/bug_hunt_output_mappings.rs (target/debug/deps/bug_hunt_output_mappings-1d77ff1be5b0a9d0)

running 7 tests
test expanded_import_graph_retains_copied_spans_through_references_wrappers_and_hoisting ... ok
test native_output_retains_original_rule_locations_after_consumed_directives ... ok
test native_output_maps_nested_rules_to_their_own_origins ... ok
test native_rule_anchors_survive_crlf_unicode_masks_variants_and_minification ... ok
test wrapped_lowered_selectors_map_after_generated_condition_prefixes ... ok
test composed_declaration_mapping_follows_the_winner_of_important_cascade ... ok
test lower_output_retains_compose_and_native_declaration_origins ... ok

test result: ok. 7 passed; 0 failed; 0 ignored; 0 measured; 0 filtered out; finished in 0.01s

error: 1 target failed:
    `-p mastercss-compiler --test bug_hunt_native_conditionals`
