$ NODE_OPTIONS=--conditions=react-server tsx --test reference/reference.test.ts utils/legacy-syntax.test.ts
✔ Reference and shared search styles use defined site theme variables (4927.378834ms)
✔ every existing utility has a document and no component silently loses its text (7.907167ms)
✔ 30 acceptance queries find the intended document in the first three results (969.241458ms)
✔ padding and opacity syntax rows have the same identifiers and declarations in the page renderer and Markdown (159.804333ms)
✔ pilot examples reproduce full CSS and the prose states the correct breakpoint and dependencies (7.320459ms)
✔ explicit anchors survive renamed headings and are exported as portable Markdown anchors (2.979375ms)
✔ all pre-migration utility and Guide anchors remain available (102.59325ms)
✔ Reference links and preserved Guide anchors resolve to real documents and sections (14.401792ms)
✔ all 120 retired Guide anchors target an existing Reference section (0.588667ms)
✔ Syntax Tutorial exports its complete configured button, CSS, headings and searchable output (190.555791ms)
✔ machine index and localized Markdown identify the same content and source revision (2.067667ms)
✔ changing a configured token updates class output, extracted Markdown and search together (416.656167ms)
✔ old syntax entrypoints and all fragments resolve deterministically in every locale (1.168958ms)
ℹ tests 13
ℹ suites 0
ℹ pass 13
ℹ fail 0
ℹ cancelled 0
ℹ skipped 0
ℹ todo 0
ℹ duration_ms 7894.7795
