(!) Your Vite config uses features that are unsupported by `configLoader: 'native'`, which is planned to become the default in a future major version of Vite:
  - import "../../shared/vitest.config" without a file extension (vitest.config.ts:3:20). Add the file extension
  - import "./vitest-ci-config" without a file extension (../../shared/vitest.config.ts:2:58). Add the file extension
Set `VITE_CONFIG_NATIVE_IGNORE_WARNING=true` to suppress this warning.

 RUN  v5.0.0 /Users/aron/master/css/packages/compiler

[success] app/page.tsx 4 classes inserted in 0.6ms 
[success] index.html 6 classes inserted in 0.4ms 
 ❯ tests/bug-hunt-ordered-direct-output.test.ts (5 tests | 1 failed) 1935ms
   × direct output preserves imported anonymous layers and maps both child and later native selector 17ms
[success] index.html 6 classes inserted in 0.6ms 
[success] index.html 6 classes inserted in 0.4ms 
[success] app/page.html 1 classes inserted in 0.3ms 
[success] index.html 6 classes inserted in 0.4ms 
[success] index.html 6 classes inserted in 0.4ms 
[success] index.html 6 classes inserted in 0.4ms 
[success] index.html 6 classes inserted in 0.4ms 
[success] app/page.html 2 classes inserted in 0.1ms 
[success] index.html 6 classes inserted in 0.4ms 
[success] app/page.html 2 classes inserted in 0.1ms 
[success] app/page.html 1 classes inserted in 0.1ms 
[success] app/page.html 1 classes inserted in 0.1ms 
[success] index.html 6 classes inserted in 0.4ms  (repeated 8 times)

⎯⎯⎯⎯⎯⎯⎯ Failed Tests 1 ⎯⎯⎯⎯⎯⎯⎯

 FAIL  tests/bug-hunt-ordered-direct-output.test.ts > direct output preserves imported anonymous layers and maps both child and later native selector
Unknown Error: Printer error
⎯⎯⎯⎯⎯⎯⎯⎯⎯⎯⎯⎯⎯⎯⎯⎯⎯⎯⎯⎯⎯⎯⎯⎯[1/1]⎯


 Test Files  1 failed | 42 passed (43)
      Tests  1 failed | 310 passed (311)
   Start at  17:31:26
   Duration  14.99s (tests 94%, import 3%, transform 3%)

Error: ERR_PNPM_RECURSIVE_EXEC_FIRST_FAIL

  × "pnpm recursive exec" failed in /Users/aron/master/css/packages/compiler

