(!) Your Vite config uses features that are unsupported by `configLoader: 'native'`, which is planned to become the default in a future major version of Vite:
  - import "../../shared/vitest.config" without a file extension (vitest.config.ts:3:20). Add the file extension
  - import "./vitest-ci-config" without a file extension (../../shared/vitest.config.ts:2:58). Add the file extension
Set `VITE_CONFIG_NATIVE_IGNORE_WARNING=true` to suppress this warning.

 RUN  v5.0.0 /Users/aron/master/css/packages/compiler

 ❯ tests/bug-hunt-ordered-direct-output.test.ts (6 tests | 2 failed) 654ms
   × BH-0004 qualified imports with child managed definitions preserve output and source maps 8ms
   × ordered native-only imported layers retain child and later root mappings 1ms

⎯⎯⎯⎯⎯⎯⎯ Failed Tests 2 ⎯⎯⎯⎯⎯⎯⎯

 FAIL  tests/bug-hunt-ordered-direct-output.test.ts > BH-0004 qualified imports with child managed definitions preserve output and source maps
Unknown Error: Printer error
⎯⎯⎯⎯⎯⎯⎯⎯⎯⎯⎯⎯⎯⎯⎯⎯⎯⎯⎯⎯⎯⎯⎯⎯[1/2]⎯

 FAIL  tests/bug-hunt-ordered-direct-output.test.ts > ordered native-only imported layers retain child and later root mappings
Unknown Error: @import rules must precede all rules aside from @charset and @layer statements at /var/folders/_b/768dhtz56ns54x1r867j67280000gn/T/master-ordered-map-lgqBE9/entry.css:0:39
⎯⎯⎯⎯⎯⎯⎯⎯⎯⎯⎯⎯⎯⎯⎯⎯⎯⎯⎯⎯⎯⎯⎯⎯[2/2]⎯


 Test Files  1 failed (1)
      Tests  2 failed | 4 passed (6)
   Start at  17:34:00
   Duration  948ms (tests 73%, transform 19%, import 8%)

Error: ERR_PNPM_RECURSIVE_EXEC_FIRST_FAIL

  × "pnpm recursive exec" failed in /Users/aron/master/css/packages/compiler

