   Compiling mastercss-cli v0.0.0 (/Users/aron/master/css/crates/mastercss-cli)
   Compiling mastercss-project v0.0.0 (/Users/aron/master/css/crates/mastercss-project)
    Finished `test` profile [unoptimized + debuginfo] target(s) in 1.40s
     Running unittests src/main.rs (target/debug/deps/mcss-1a1a148485dbcbf4)

running 2 tests
test tests::matches_cross_platform_glob_patterns ... ok
test tests::self_test_engine_contract_is_stable ... ok

test result: ok. 2 passed; 0 failed; 0 ignored; 0 measured; 0 filtered out; finished in 0.00s

     Running tests/bug_hunt_mjs.rs (target/debug/deps/bug_hunt_mjs-a9210e6140b46f1f)

running 1 test
test bh_0018_native_cli_discovers_mjs_by_default_glob_and_explicit_path ... ok

test result: ok. 1 passed; 0 failed; 0 ignored; 0 measured; 0 filtered out; finished in 1.22s

     Running tests/bug_hunt_ordered_output.rs (target/debug/deps/bug_hunt_ordered_output-d87bb02cf72c702c)

running 1 test
test native_cli_keeps_composed_styles_in_one_anonymous_layer ... ok

test result: ok. 1 passed; 0 failed; 0 ignored; 0 measured; 0 filtered out; finished in 0.31s

     Running unittests src/lib.rs (target/debug/deps/mastercss_project-e681271e098e08d7)

running 5 tests
test tests::matches_source_globs_with_fast_glob_compatible_primitives ... ok
test tests::resolves_bare_source_patterns_from_the_project_root ... ok
test tests::resolves_entry_owned_source_plans_and_arbitrary_extensions ... ok
test tests::discovers_entries_and_compiles_local_imports ... ok
test tests::lowers_compose_definitions_against_the_base_manifest ... ok

test result: ok. 5 passed; 0 failed; 0 ignored; 0 measured; 0 filtered out; finished in 0.17s

     Running tests/bug_hunt_manifest_graphs.rs (target/debug/deps/bug_hunt_manifest_graphs-6870090f202102ba)

running 4 tests
test prepared_reference_cycles_and_missing_edges_remain_errors ... ok
test references_resolve_managed_definitions_without_importing_their_sources_or_classes ... ok
test qualified_external_imports_do_not_block_manifest_or_source_plan_compilation ... ok
test structured_project_entries_merge_in_order ... ok

test result: ok. 4 passed; 0 failed; 0 ignored; 0 measured; 0 filtered out; finished in 0.02s

     Running tests/bug_hunt_ordered_output.rs (target/debug/deps/bug_hunt_ordered_output-dfa81897beff2a41)

running 1 test
test flat_project_css_uses_ordered_output_while_preserving_metadata_views ... ok

test result: ok. 1 passed; 0 failed; 0 ignored; 0 measured; 0 filtered out; finished in 0.01s

   Doc-tests mastercss_project

running 0 tests

test result: ok. 0 passed; 0 failed; 0 ignored; 0 measured; 0 filtered out; finished in 0.00s

