$ tsdown --config ../../shared/tsdown-package.config.ts
ℹ tsdown v0.23.0 powered by rolldown v1.2.7
ℹ config file: /Users/aron/master/css/shared/tsdown-package.config.ts 
ℹ entry: src/css-common.ts, src/css-directives.ts, src/css-syntax.ts, src/diagnostics.ts, src/emitted-globals.ts, src/hydration-manifest.ts, src/index.ts, src/integration.ts, src/manifest-json.ts, src/manifest.ts, src/native-css-shorthand.ts, src/runtime-style.ts, src/utility-type.ts
ℹ target: node24.0.0
ℹ tsconfig: tsconfig.prod.json
ℹ Build start
ℹ Cleaning 26 files
TypeScript 7.0 does not yet have a stable API and is experimental. Some options will be unavailable.
ℹ dist/manifest-json.js           2.19 kB │ gzip: 0.70 kB
ℹ dist/native-css-shorthand.js    1.60 kB │ gzip: 0.56 kB
ℹ dist/manifest.js                1.33 kB │ gzip: 0.50 kB
ℹ dist/diagnostics.js             1.06 kB │ gzip: 0.46 kB
ℹ dist/hydration-manifest.js      0.98 kB │ gzip: 0.34 kB
ℹ dist/css-directives.js          0.85 kB │ gzip: 0.41 kB
ℹ dist/index.js                   0.67 kB │ gzip: 0.24 kB
ℹ dist/integration.js             0.30 kB │ gzip: 0.20 kB
ℹ dist/utility-type.js            0.30 kB │ gzip: 0.20 kB
ℹ dist/runtime-style.js           0.13 kB │ gzip: 0.12 kB
ℹ dist/css-common.js              0.01 kB │ gzip: 0.03 kB
ℹ dist/css-syntax.js              0.01 kB │ gzip: 0.03 kB
ℹ dist/emitted-globals.js         0.01 kB │ gzip: 0.03 kB
ℹ dist/manifest.d.ts              9.72 kB │ gzip: 2.01 kB
ℹ dist/css-directives.d.ts        6.43 kB │ gzip: 1.53 kB
ℹ dist/css-syntax.d.ts            2.52 kB │ gzip: 0.71 kB
ℹ dist/hydration-manifest.d.ts    1.91 kB │ gzip: 0.55 kB
ℹ dist/diagnostics.d.ts           1.74 kB │ gzip: 0.53 kB
ℹ dist/index.d.ts                 1.26 kB │ gzip: 0.33 kB
ℹ dist/integration.d.ts           0.71 kB │ gzip: 0.31 kB
ℹ dist/utility-type.d.ts          0.42 kB │ gzip: 0.24 kB
ℹ dist/manifest-json.d.ts         0.34 kB │ gzip: 0.16 kB
ℹ dist/emitted-globals.d.ts       0.28 kB │ gzip: 0.19 kB
ℹ dist/native-css-shorthand.d.ts  0.17 kB │ gzip: 0.14 kB
ℹ dist/runtime-style.d.ts         0.14 kB │ gzip: 0.13 kB
ℹ dist/css-common.d.ts            0.11 kB │ gzip: 0.11 kB
ℹ 26 files, total: 35.19 kB
✔ Build complete in 90ms
