    Blocking waiting for file lock on build directory
   Compiling mastercss-compiler v0.0.0 (/Users/aron/master/css/crates/mastercss-compiler)
warning: unused import: `byte_to_utf16_offset`
 --> crates/mastercss-compiler/src/native_output.rs:3:18
  |
3 |     ThemeAtRule, byte_to_utf16_offset, directives::compile_css_directives_with_slots,
  |                  ^^^^^^^^^^^^^^^^^^^^
  |
  = note: `#[warn(unused_imports)]` (part of `#[warn(unused)]`) on by default

warning: `mastercss-compiler` (lib) generated 1 warning (run `cargo fix --lib -p mastercss-compiler` to apply 1 suggestion)
   Compiling xtask v0.0.0 (/Users/aron/master/css/crates/xtask)
    Finished `dev` profile [unoptimized + debuginfo] target(s) in 3.18s
     Running `target/debug/xtask build-native`
   Compiling mastercss-compiler v0.0.0 (/Users/aron/master/css/crates/mastercss-compiler)
warning: unused import: `byte_to_utf16_offset`
 --> crates/mastercss-compiler/src/native_output.rs:3:18
  |
3 |     ThemeAtRule, byte_to_utf16_offset, directives::compile_css_directives_with_slots,
  |                  ^^^^^^^^^^^^^^^^^^^^
  |
  = note: `#[warn(unused_imports)]` (part of `#[warn(unused)]`) on by default

   Compiling mastercss-project v0.0.0 (/Users/aron/master/css/crates/mastercss-project)
warning: `mastercss-compiler` (lib) generated 1 warning (run `cargo fix --lib -p mastercss-compiler` to apply 1 suggestion)
   Compiling mastercss-binding-native v0.0.0 (/Users/aron/master/css/crates/mastercss-binding-native)
   Compiling mastercss-cli v0.0.0 (/Users/aron/master/css/crates/mastercss-cli)
    Finished `dev` profile [unoptimized + debuginfo] target(s) in 3.19s
Built /Users/aron/master/css/packages/binding/artifacts/mastercss.node
Built /Users/aron/master/css/packages/binding/artifacts/mcss
