   Compiling mastercss-compiler v0.0.0 (/Users/aron/master/css/crates/mastercss-compiler)
    Finished `test` profile [unoptimized + debuginfo] target(s) in 2.06s
     Running tests/bug_hunt_native_conditionals.rs (target/debug/deps/bug_hunt_native_conditionals-eb5b6ad9b0674dd3)

running 9 tests
test graph_preserves_one_anonymous_layer_and_nested_wrapper_structure ... ok
test direct_native_conditional_order_is_preserved ... ok
test native_wrappers_without_directives_are_unchanged ... ok
test direct_anonymous_layer_remains_one_layer ... ok
test graph_preserves_unrelated_native_children_and_composed_style_order ... ok
test conditional_selector_and_compose_origins_stay_at_authored_positions ... ok
test graph_native_conditionals_expand_compose ... ok
test direct_native_conditionals_expand_compose ... ok
test native_conditions_nested_inside_styles_expand_compose ... ok

test result: ok. 9 passed; 0 failed; 0 ignored; 0 measured; 0 filtered out; finished in 0.03s

     Running tests/bug_hunt_output_mappings.rs (target/debug/deps/bug_hunt_output_mappings-1d77ff1be5b0a9d0)

running 7 tests
test expanded_import_graph_retains_copied_spans_through_references_wrappers_and_hoisting ... ok
test native_output_retains_original_rule_locations_after_consumed_directives ... ok
test native_output_maps_nested_rules_to_their_own_origins ... ok
test native_rule_anchors_survive_crlf_unicode_masks_variants_and_minification ... ok
test wrapped_lowered_selectors_map_after_generated_condition_prefixes ... ok
test composed_declaration_mapping_follows_the_winner_of_important_cascade ... ok
test lower_output_retains_compose_and_native_declaration_origins ... ok

test result: ok. 7 passed; 0 failed; 0 ignored; 0 measured; 0 filtered out; finished in 0.01s

