(!) Your Vite config uses features that are unsupported by `configLoader: 'native'`, which is planned to become the default in a future major version of Vite:
  - import "../../shared/vitest.config" without a file extension (vitest.config.ts:3:20). Add the file extension
  - import "./vitest-ci-config" without a file extension (../../shared/vitest.config.ts:2:58). Add the file extension
Set `VITE_CONFIG_NATIVE_IGNORE_WARNING=true` to suppress this warning.

 RUN  v5.0.0 /Users/aron/master/css/packages/compiler

 ❯ tests/bug-hunt-output-source-maps.test.ts (6 tests | 1 failed) 1240ms
   × native and Wasm transports retain identical rule, compose and copied graph mappings 54ms

⎯⎯⎯⎯⎯⎯⎯ Failed Tests 1 ⎯⎯⎯⎯⎯⎯⎯

 FAIL  tests/bug-hunt-output-source-maps.test.ts > native and Wasm transports retain identical rule, compose and copied graph mappings
AssertionError: expected { nativeMappings: [ { …(2) } ], …(10) } to deeply equal { nativeOutput: { …(3) }, …(11) }

- Expected
+ Received

@@ -42,105 +42,10 @@
            "start": 55,
          },
        },
      },
    ],
-   "nativeOutput": {
-     "css": "@--master-css-compose-slot-0;
-
- .plain {
-   color: red;
- }",
-     "mappings": [
-       {
-         "generatedStart": 31,
-         "source": {
-           "file": "/entry.css",
-           "loc": {
-             "end": {
-               "column": 1,
-               "line": 3,
-             },
-             "start": {
-               "column": 1,
-               "line": 3,
-             },
-           },
-           "range": {
-             "end": 55,
-             "start": 55,
-           },
-         },
-       },
-     ],
-     "slots": [
-       {
-         "definitions": [
-           {
-             "className": "paint",
-             "directiveSource": {
-               "file": "/entry.css",
-               "loc": {
-                 "end": {
-                   "column": 22,
-                   "line": 2,
-                 },
-                 "start": {
-                   "column": 7,
-                   "line": 2,
-                 },
-               },
-               "range": {
-                 "end": 53,
-                 "start": 38,
-               },
-             },
-             "order": 2,
-             "selector": ".card",
-             "selectorSource": {
-               "file": "/entry.css",
-               "loc": {
-                 "end": {
-                   "column": 6,
-                   "line": 2,
-                 },
-                 "start": {
-                   "column": 1,
-                   "line": 2,
-                 },
-               },
-               "range": {
-                 "end": 37,
-                 "start": 32,
-               },
-             },
-             "source": {
-               "file": "/entry.css",
-               "loc": {
-                 "end": {
-                   "column": 21,
-                   "line": 2,
-                 },
-                 "start": {
-                   "column": 16,
-                   "line": 2,
-                 },
-               },
-               "range": {
-                 "end": 52,
-                 "start": 47,
-               },
-             },
-             "type": "compose",
-           },
-         ],
-         "end": 29,
-         "marker": "@--master-css-compose-slot-0;",
-         "start": 0,
-       },
-     ],
-   },
    "styleDefinitions": [
      {
        "declarations": {
          "padding": "2rem",
        },

 ❯ tests/bug-hunt-output-source-maps.test.ts:74:61
     72|     const source = '@utilities{paint{padding:2rem}}\n.card{@compose pa…
     73|     const parsed = native.compileCSS(source, { from: '/entry.css' })
     74|     expect(wasm.compileCSS(source, { from: '/entry.css' })).toEqual(pa…
       |                                                             ^
     75|     expect(parsed.nativeMappings?.length).toBeGreaterThan(0)
     76|     const request = { manifestInput: parsed.manifestInput, styleDefini…

⎯⎯⎯⎯⎯⎯⎯⎯⎯⎯⎯⎯⎯⎯⎯⎯⎯⎯⎯⎯⎯⎯⎯⎯[1/1]⎯


 Test Files  1 failed | 1 passed (2)
      Tests  1 failed | 8 passed (9)
   Start at  17:23:25
   Duration  1.67s (tests 77%, transform 18%, import 5%)

Error: ERR_PNPM_RECURSIVE_EXEC_FIRST_FAIL

  × "pnpm recursive exec" failed in /Users/aron/master/css/packages/compiler

