   Compiling mastercss-compiler v0.0.0 (/Users/aron/master/css/crates/mastercss-compiler)
    Finished `test` profile [unoptimized + debuginfo] target(s) in 1.83s
     Running tests/bug_hunt_graph_output_mappings.rs (target/debug/deps/bug_hunt_graph_output_mappings-ad2c11f0f8cd9994)

running 4 tests
test graph_native_anchor_survives_import_url_length_change ... FAILED
test graph_compose_slot_does_not_replace_a_quoted_marker ... FAILED
test graph_compose_and_native_siblings_keep_original_child_anchors ... FAILED
test graph_resource_relocation_preserves_later_authored_ranges ... FAILED

failures:

---- graph_native_anchor_survives_import_url_length_change stdout ----

thread 'graph_native_anchor_survives_import_url_length_change' (42509548) panicked at crates/mastercss-compiler/tests/bug_hunt_graph_output_mappings.rs:10:40:
graph output mappings
note: run with `RUST_BACKTRACE=1` environment variable to display a backtrace

---- graph_compose_slot_does_not_replace_a_quoted_marker stdout ----

thread 'graph_compose_slot_does_not_replace_a_quoted_marker' (42509547) panicked at crates/mastercss-compiler/tests/bug_hunt_graph_output_mappings.rs:58:5:
.label {
  content: ".card{padding:2rem}";
}

@--master-css-compose-slot-0;

---- graph_compose_and_native_siblings_keep_original_child_anchors stdout ----

thread 'graph_compose_and_native_siblings_keep_original_child_anchors' (42509546) panicked at crates/mastercss-compiler/tests/bug_hunt_graph_output_mappings.rs:10:40:
graph output mappings

---- graph_resource_relocation_preserves_later_authored_ranges stdout ----

thread 'graph_resource_relocation_preserves_later_authored_ranges' (42509549) panicked at crates/mastercss-compiler/tests/bug_hunt_graph_output_mappings.rs:10:40:
graph output mappings


failures:
    graph_compose_and_native_siblings_keep_original_child_anchors
    graph_compose_slot_does_not_replace_a_quoted_marker
    graph_native_anchor_survives_import_url_length_change
    graph_resource_relocation_preserves_later_authored_ranges

test result: FAILED. 0 passed; 4 failed; 0 ignored; 0 measured; 0 filtered out; finished in 0.01s

error: test failed, to rerun pass `-p mastercss-compiler --test bug_hunt_graph_output_mappings`
