$ NODE_OPTIONS=--conditions=react-server tsx --test reference/reference.test.ts utils/legacy-syntax.test.ts
✔ Reference and shared search styles use defined site theme variables (7672.838833ms)
✔ every existing utility has a document and no component silently loses its text (9.020875ms)
✔ 30 acceptance queries find the intended document in the first three results (953.642625ms)
✔ padding and opacity syntax rows have the same identifiers and declarations in the page renderer and Markdown (161.064833ms)
✔ pilot examples reproduce full CSS and the prose states the correct breakpoint and dependencies (6.911167ms)
✔ explicit anchors survive renamed headings and are exported as portable Markdown anchors (2.840125ms)
✔ all pre-migration utility and Guide anchors remain available (102.571459ms)
✔ Reference links and preserved Guide anchors resolve to real documents and sections (14.5065ms)
✔ all 120 retired Guide anchors target an existing Reference section (0.604083ms)
✔ Syntax Tutorial exports its complete configured button, CSS, headings and searchable output (188.241541ms)
✔ machine index and localized Markdown identify the same content and source revision (2.115041ms)
✔ changing a configured token updates class output, extracted Markdown and search together (423.10825ms)
✔ old syntax entrypoints and all fragments resolve deterministically in every locale (2.487708ms)
ℹ tests 13
ℹ suites 0
ℹ pass 13
ℹ fail 0
ℹ cancelled 0
ℹ skipped 0
ℹ todo 0
ℹ duration_ms 11696.393125
