{"browser":"chromium","media":"screen","qualifier":"","preserveNativeCSS":true,"values":{"authored":{"padding":"48px","margin":"1px"},"rendered":{"padding":"48px","margin":"1px"}},"pass":true}
{"browser":"chromium","media":"print","qualifier":"","preserveNativeCSS":true,"values":{"authored":{"padding":"48px","margin":"1px"},"rendered":{"padding":"48px","margin":"1px"}},"pass":true}
{"browser":"chromium","media":"screen","qualifier":"","preserveNativeCSS":false,"values":{"authored":{"padding":"32px","margin":"0px"},"rendered":{"padding":"32px","margin":"0px"}},"pass":true}
{"browser":"chromium","media":"print","qualifier":"","preserveNativeCSS":false,"values":{"authored":{"padding":"32px","margin":"0px"},"rendered":{"padding":"32px","margin":"0px"}},"pass":true}
{"browser":"chromium","media":"screen","qualifier":" layer","preserveNativeCSS":true,"values":{"authored":{"padding":"48px","margin":"1px"},"rendered":{"padding":"48px","margin":"1px"}},"pass":true}
{"browser":"chromium","media":"print","qualifier":" layer","preserveNativeCSS":true,"values":{"authored":{"padding":"48px","margin":"1px"},"rendered":{"padding":"48px","margin":"1px"}},"pass":true}
{"browser":"chromium","media":"screen","qualifier":" layer","preserveNativeCSS":false,"values":{"authored":{"padding":"32px","margin":"0px"},"rendered":{"padding":"32px","margin":"0px"}},"pass":true}
{"browser":"chromium","media":"print","qualifier":" layer","preserveNativeCSS":false,"values":{"authored":{"padding":"32px","margin":"0px"},"rendered":{"padding":"32px","margin":"0px"}},"pass":true}
{"browser":"chromium","media":"screen","qualifier":" layer(cards)","preserveNativeCSS":true,"values":{"authored":{"padding":"48px","margin":"1px"},"rendered":{"padding":"48px","margin":"1px"}},"pass":true}
{"browser":"chromium","media":"print","qualifier":" layer(cards)","preserveNativeCSS":true,"values":{"authored":{"padding":"48px","margin":"1px"},"rendered":{"padding":"48px","margin":"1px"}},"pass":true}
{"browser":"chromium","media":"screen","qualifier":" layer(cards)","preserveNativeCSS":false,"values":{"authored":{"padding":"32px","margin":"0px"},"rendered":{"padding":"32px","margin":"0px"}},"pass":true}
{"browser":"chromium","media":"print","qualifier":" layer(cards)","preserveNativeCSS":false,"values":{"authored":{"padding":"32px","margin":"0px"},"rendered":{"padding":"32px","margin":"0px"}},"pass":true}
{"browser":"chromium","media":"screen","qualifier":" supports(display:grid)","preserveNativeCSS":true,"values":{"authored":{"padding":"48px","margin":"1px"},"rendered":{"padding":"48px","margin":"1px"}},"pass":true}
{"browser":"chromium","media":"print","qualifier":" supports(display:grid)","preserveNativeCSS":true,"values":{"authored":{"padding":"48px","margin":"1px"},"rendered":{"padding":"48px","margin":"1px"}},"pass":true}
{"browser":"chromium","media":"screen","qualifier":" supports(display:grid)","preserveNativeCSS":false,"values":{"authored":{"padding":"32px","margin":"0px"},"rendered":{"padding":"32px","margin":"0px"}},"pass":true}
{"browser":"chromium","media":"print","qualifier":" supports(display:grid)","preserveNativeCSS":false,"values":{"authored":{"padding":"32px","margin":"0px"},"rendered":{"padding":"32px","margin":"0px"}},"pass":true}
{"browser":"chromium","media":"screen","qualifier":" print","preserveNativeCSS":true,"values":{"authored":{"padding":"0px","margin":"1px"},"rendered":{"padding":"0px","margin":"1px"}},"pass":true}
{"browser":"chromium","media":"print","qualifier":" print","preserveNativeCSS":true,"values":{"authored":{"padding":"48px","margin":"1px"},"rendered":{"padding":"48px","margin":"1px"}},"pass":true}
{"browser":"chromium","media":"screen","qualifier":" print","preserveNativeCSS":false,"values":{"authored":{"padding":"0px","margin":"0px"},"rendered":{"padding":"0px","margin":"0px"}},"pass":true}
{"browser":"chromium","media":"print","qualifier":" print","preserveNativeCSS":false,"values":{"authored":{"padding":"32px","margin":"0px"},"rendered":{"padding":"32px","margin":"0px"}},"pass":true}
{"browser":"chromium","media":"screen","qualifier":" layer(cards) supports(display:grid) screen","preserveNativeCSS":true,"values":{"authored":{"padding":"48px","margin":"1px"},"rendered":{"padding":"48px","margin":"1px"}},"pass":true}
{"browser":"chromium","media":"print","qualifier":" layer(cards) supports(display:grid) screen","preserveNativeCSS":true,"values":{"authored":{"padding":"0px","margin":"1px"},"rendered":{"padding":"0px","margin":"1px"}},"pass":true}
{"browser":"chromium","media":"screen","qualifier":" layer(cards) supports(display:grid) screen","preserveNativeCSS":false,"values":{"authored":{"padding":"32px","margin":"0px"},"rendered":{"padding":"32px","margin":"0px"}},"pass":true}
{"browser":"chromium","media":"print","qualifier":" layer(cards) supports(display:grid) screen","preserveNativeCSS":false,"values":{"authored":{"padding":"0px","margin":"0px"},"rendered":{"padding":"0px","margin":"0px"}},"pass":true}
{"browser":"firefox","media":"screen","qualifier":"","preserveNativeCSS":true,"values":{"authored":{"padding":"48px","margin":"1px"},"rendered":{"padding":"48px","margin":"1px"}},"pass":true}
{"browser":"firefox","media":"print","qualifier":"","preserveNativeCSS":true,"values":{"authored":{"padding":"48px","margin":"1px"},"rendered":{"padding":"48px","margin":"1px"}},"pass":true}
{"browser":"firefox","media":"screen","qualifier":"","preserveNativeCSS":false,"values":{"authored":{"padding":"32px","margin":"0px"},"rendered":{"padding":"32px","margin":"0px"}},"pass":true}
{"browser":"firefox","media":"print","qualifier":"","preserveNativeCSS":false,"values":{"authored":{"padding":"32px","margin":"0px"},"rendered":{"padding":"32px","margin":"0px"}},"pass":true}
{"browser":"firefox","media":"screen","qualifier":" layer","preserveNativeCSS":true,"values":{"authored":{"padding":"48px","margin":"1px"},"rendered":{"padding":"48px","margin":"1px"}},"pass":true}
{"browser":"firefox","media":"print","qualifier":" layer","preserveNativeCSS":true,"values":{"authored":{"padding":"48px","margin":"1px"},"rendered":{"padding":"48px","margin":"1px"}},"pass":true}
{"browser":"firefox","media":"screen","qualifier":" layer","preserveNativeCSS":false,"values":{"authored":{"padding":"32px","margin":"0px"},"rendered":{"padding":"32px","margin":"0px"}},"pass":true}
{"browser":"firefox","media":"print","qualifier":" layer","preserveNativeCSS":false,"values":{"authored":{"padding":"32px","margin":"0px"},"rendered":{"padding":"32px","margin":"0px"}},"pass":true}
{"browser":"firefox","media":"screen","qualifier":" layer(cards)","preserveNativeCSS":true,"values":{"authored":{"padding":"48px","margin":"1px"},"rendered":{"padding":"48px","margin":"1px"}},"pass":true}
{"browser":"firefox","media":"print","qualifier":" layer(cards)","preserveNativeCSS":true,"values":{"authored":{"padding":"48px","margin":"1px"},"rendered":{"padding":"48px","margin":"1px"}},"pass":true}
{"browser":"firefox","media":"screen","qualifier":" layer(cards)","preserveNativeCSS":false,"values":{"authored":{"padding":"32px","margin":"0px"},"rendered":{"padding":"32px","margin":"0px"}},"pass":true}
{"browser":"firefox","media":"print","qualifier":" layer(cards)","preserveNativeCSS":false,"values":{"authored":{"padding":"32px","margin":"0px"},"rendered":{"padding":"32px","margin":"0px"}},"pass":true}
{"browser":"firefox","media":"screen","qualifier":" supports(display:grid)","preserveNativeCSS":true,"values":{"authored":{"padding":"48px","margin":"1px"},"rendered":{"padding":"48px","margin":"1px"}},"pass":true}
{"browser":"firefox","media":"print","qualifier":" supports(display:grid)","preserveNativeCSS":true,"values":{"authored":{"padding":"48px","margin":"1px"},"rendered":{"padding":"48px","margin":"1px"}},"pass":true}
{"browser":"firefox","media":"screen","qualifier":" supports(display:grid)","preserveNativeCSS":false,"values":{"authored":{"padding":"32px","margin":"0px"},"rendered":{"padding":"32px","margin":"0px"}},"pass":true}
{"browser":"firefox","media":"print","qualifier":" supports(display:grid)","preserveNativeCSS":false,"values":{"authored":{"padding":"32px","margin":"0px"},"rendered":{"padding":"32px","margin":"0px"}},"pass":true}
{"browser":"firefox","media":"screen","qualifier":" print","preserveNativeCSS":true,"values":{"authored":{"padding":"0px","margin":"1px"},"rendered":{"padding":"0px","margin":"1px"}},"pass":true}
{"browser":"firefox","media":"print","qualifier":" print","preserveNativeCSS":true,"values":{"authored":{"padding":"48px","margin":"1px"},"rendered":{"padding":"48px","margin":"1px"}},"pass":true}
{"browser":"firefox","media":"screen","qualifier":" print","preserveNativeCSS":false,"values":{"authored":{"padding":"0px","margin":"0px"},"rendered":{"padding":"0px","margin":"0px"}},"pass":true}
{"browser":"firefox","media":"print","qualifier":" print","preserveNativeCSS":false,"values":{"authored":{"padding":"32px","margin":"0px"},"rendered":{"padding":"32px","margin":"0px"}},"pass":true}
{"browser":"firefox","media":"screen","qualifier":" layer(cards) supports(display:grid) screen","preserveNativeCSS":true,"values":{"authored":{"padding":"48px","margin":"1px"},"rendered":{"padding":"48px","margin":"1px"}},"pass":true}
{"browser":"firefox","media":"print","qualifier":" layer(cards) supports(display:grid) screen","preserveNativeCSS":true,"values":{"authored":{"padding":"0px","margin":"1px"},"rendered":{"padding":"0px","margin":"1px"}},"pass":true}
{"browser":"firefox","media":"screen","qualifier":" layer(cards) supports(display:grid) screen","preserveNativeCSS":false,"values":{"authored":{"padding":"32px","margin":"0px"},"rendered":{"padding":"32px","margin":"0px"}},"pass":true}
{"browser":"firefox","media":"print","qualifier":" layer(cards) supports(display:grid) screen","preserveNativeCSS":false,"values":{"authored":{"padding":"0px","margin":"0px"},"rendered":{"padding":"0px","margin":"0px"}},"pass":true}
{"browser":"webkit","media":"screen","qualifier":"","preserveNativeCSS":true,"values":{"authored":{"padding":"48px","margin":"1px"},"rendered":{"padding":"48px","margin":"1px"}},"pass":true}
{"browser":"webkit","media":"print","qualifier":"","preserveNativeCSS":true,"values":{"authored":{"padding":"48px","margin":"1px"},"rendered":{"padding":"48px","margin":"1px"}},"pass":true}
{"browser":"webkit","media":"screen","qualifier":"","preserveNativeCSS":false,"values":{"authored":{"padding":"32px","margin":"0px"},"rendered":{"padding":"32px","margin":"0px"}},"pass":true}
{"browser":"webkit","media":"print","qualifier":"","preserveNativeCSS":false,"values":{"authored":{"padding":"32px","margin":"0px"},"rendered":{"padding":"32px","margin":"0px"}},"pass":true}
{"browser":"webkit","media":"screen","qualifier":" layer","preserveNativeCSS":true,"values":{"authored":{"padding":"48px","margin":"1px"},"rendered":{"padding":"48px","margin":"1px"}},"pass":true}
{"browser":"webkit","media":"print","qualifier":" layer","preserveNativeCSS":true,"values":{"authored":{"padding":"48px","margin":"1px"},"rendered":{"padding":"48px","margin":"1px"}},"pass":true}
{"browser":"webkit","media":"screen","qualifier":" layer","preserveNativeCSS":false,"values":{"authored":{"padding":"32px","margin":"0px"},"rendered":{"padding":"32px","margin":"0px"}},"pass":true}
{"browser":"webkit","media":"print","qualifier":" layer","preserveNativeCSS":false,"values":{"authored":{"padding":"32px","margin":"0px"},"rendered":{"padding":"32px","margin":"0px"}},"pass":true}
{"browser":"webkit","media":"screen","qualifier":" layer(cards)","preserveNativeCSS":true,"values":{"authored":{"padding":"48px","margin":"1px"},"rendered":{"padding":"48px","margin":"1px"}},"pass":true}
{"browser":"webkit","media":"print","qualifier":" layer(cards)","preserveNativeCSS":true,"values":{"authored":{"padding":"48px","margin":"1px"},"rendered":{"padding":"48px","margin":"1px"}},"pass":true}
{"browser":"webkit","media":"screen","qualifier":" layer(cards)","preserveNativeCSS":false,"values":{"authored":{"padding":"32px","margin":"0px"},"rendered":{"padding":"32px","margin":"0px"}},"pass":true}
{"browser":"webkit","media":"print","qualifier":" layer(cards)","preserveNativeCSS":false,"values":{"authored":{"padding":"32px","margin":"0px"},"rendered":{"padding":"32px","margin":"0px"}},"pass":true}
{"browser":"webkit","media":"screen","qualifier":" supports(display:grid)","preserveNativeCSS":true,"values":{"authored":{"padding":"48px","margin":"1px"},"rendered":{"padding":"48px","margin":"1px"}},"pass":true}
{"browser":"webkit","media":"print","qualifier":" supports(display:grid)","preserveNativeCSS":true,"values":{"authored":{"padding":"48px","margin":"1px"},"rendered":{"padding":"48px","margin":"1px"}},"pass":true}
{"browser":"webkit","media":"screen","qualifier":" supports(display:grid)","preserveNativeCSS":false,"values":{"authored":{"padding":"32px","margin":"0px"},"rendered":{"padding":"32px","margin":"0px"}},"pass":true}
{"browser":"webkit","media":"print","qualifier":" supports(display:grid)","preserveNativeCSS":false,"values":{"authored":{"padding":"32px","margin":"0px"},"rendered":{"padding":"32px","margin":"0px"}},"pass":true}
{"browser":"webkit","media":"screen","qualifier":" print","preserveNativeCSS":true,"values":{"authored":{"padding":"0px","margin":"1px"},"rendered":{"padding":"0px","margin":"1px"}},"pass":true}
{"browser":"webkit","media":"print","qualifier":" print","preserveNativeCSS":true,"values":{"authored":{"padding":"48px","margin":"1px"},"rendered":{"padding":"48px","margin":"1px"}},"pass":true}
{"browser":"webkit","media":"screen","qualifier":" print","preserveNativeCSS":false,"values":{"authored":{"padding":"0px","margin":"0px"},"rendered":{"padding":"0px","margin":"0px"}},"pass":true}
{"browser":"webkit","media":"print","qualifier":" print","preserveNativeCSS":false,"values":{"authored":{"padding":"32px","margin":"0px"},"rendered":{"padding":"32px","margin":"0px"}},"pass":true}
{"browser":"webkit","media":"screen","qualifier":" layer(cards) supports(display:grid) screen","preserveNativeCSS":true,"values":{"authored":{"padding":"48px","margin":"1px"},"rendered":{"padding":"48px","margin":"1px"}},"pass":true}
{"browser":"webkit","media":"print","qualifier":" layer(cards) supports(display:grid) screen","preserveNativeCSS":true,"values":{"authored":{"padding":"0px","margin":"1px"},"rendered":{"padding":"0px","margin":"1px"}},"pass":true}
{"browser":"webkit","media":"screen","qualifier":" layer(cards) supports(display:grid) screen","preserveNativeCSS":false,"values":{"authored":{"padding":"32px","margin":"0px"},"rendered":{"padding":"32px","margin":"0px"}},"pass":true}
{"browser":"webkit","media":"print","qualifier":" layer(cards) supports(display:grid) screen","preserveNativeCSS":false,"values":{"authored":{"padding":"0px","margin":"0px"},"rendered":{"padding":"0px","margin":"0px"}},"pass":true}
{"cases":12,"comparisons":72,"failures":0,"scope":"Built Node rendered input; qualified child definitions, native suppression and authored cascade"}
