/Users/aron/master/css/packages/binding-wasm-compiler/src/index.ts:105
    throw new MasterCSSError({
          ^

MasterCSSError: fetch failed
    at initCompilerWasm (/Users/aron/master/css/packages/binding-wasm-compiler/src/index.ts:105:11)
    at async createMasterCSSCompilerWasmProvider (/Users/aron/master/css/packages/binding-wasm-compiler/src/provider.ts:60:18)
    at async loadDefaultWasmProvider (/Users/aron/master/css/packages/binding/src/compiler-binding-wasm.ts:53:10)
    at async provider (/Users/aron/master/css/packages/binding/src/compiler-binding-wasm.ts:60:16)
    at async createCompilerWasmBindingSession (/Users/aron/master/css/packages/binding/src/compiler-binding-wasm.ts:72:16)
    at async createCompilerBindingSession (/Users/aron/master/css/packages/binding/src/compiler-binding.ts:78:12)
    at async createCompilerBindingSession (file:///Users/aron/master/css/packages/compiler/dist/session.js:44:29)
    at async createCompiler (file:///Users/aron/master/css/packages/compiler/dist/index.js:5:37)
    at async file:///Users/aron/master/css/.ai/audits/bug-hunt/repros/qualified-managed-matrix.mjs:14:26 {
  code: 'WASM_LOAD_FAILED',
  domain: 'binding',
  diagnostics: [],
  payload: {
    code: 'WASM_LOAD_FAILED',
    domain: 'binding',
    message: 'fetch failed'
  },
  [cause]: [TypeError: fetch failed] {
    [cause]: Error: not implemented... yet...
        at makeNetworkError (node:internal/deps/undici/undici:11806:35)
        at schemeFetch (node:internal/deps/undici/undici:13359:34)
        at mainFetch (node:internal/deps/undici/undici:13207:30)
        at fetching (node:internal/deps/undici/undici:13176:7)
        at fetch (node:internal/deps/undici/undici:13040:20)
        at fetch (node:internal/deps/undici/undici:17708:10)
        at fetch (node:internal/bootstrap/web/exposed-window-or-worker:83:12)
        at Module.__wbg_init (file:///Users/aron/master/css/packages/binding-wasm-compiler/artifacts/mastercss_binding_wasm_compiler.js:854:26)
        at initializeModule (/Users/aron/master/css/packages/binding-wasm-compiler/src/index.ts:76:16)
        at <anonymous> (/Users/aron/master/css/packages/binding-wasm-compiler/src/index.ts:96:9)
  }
}

Node.js v24.20.0
