(!) Your Vite config uses features that are unsupported by `configLoader: 'native'`, which is planned to become the default in a future major version of Vite:
  - import "../../shared/vitest.config" without a file extension (vitest.config.ts:3:20). Add the file extension
  - import "./vitest-ci-config" without a file extension (../../shared/vitest.config.ts:2:58). Add the file extension
Set `VITE_CONFIG_NATIVE_IGNORE_WARNING=true` to suppress this warning.

 RUN  v5.0.0 /Users/aron/master/css/packages/compiler

 ❯ tests/bug-hunt-inline-graph-mappings.test.ts (2 tests | 2 failed) 78ms
   × native inline graph preserves qualified child definitions and original output maps 14ms
   × wasm inline graph preserves qualified child definitions and original output maps 63ms

⎯⎯⎯⎯⎯⎯⎯ Failed Tests 2 ⎯⎯⎯⎯⎯⎯⎯

 FAIL  tests/bug-hunt-inline-graph-mappings.test.ts > native inline graph preserves qualified child definitions and original output maps
AssertionError: expected '@import "/child.css";\n\n.after {\n  …' not to contain '@import'

- Expected
+ Received

- @import
+ @import "/child.css";
+
+ .after {
+   margin: 1px;
+ }

 ❯ tests/bug-hunt-inline-graph-mappings.test.ts:12:30


⎯⎯⎯⎯⎯⎯⎯⎯⎯⎯⎯⎯⎯⎯⎯⎯⎯⎯⎯⎯⎯⎯⎯⎯[1/2]⎯

 FAIL  tests/bug-hunt-inline-graph-mappings.test.ts > wasm inline graph preserves qualified child definitions and original output maps
AssertionError: expected '@import "/child.css";\n\n.after {\n  …' not to contain '@import'

- Expected
+ Received

- @import
+ @import "/child.css";
+
+ .after {
+   margin: 1px;
+ }

 ❯ tests/bug-hunt-inline-graph-mappings.test.ts:12:30


⎯⎯⎯⎯⎯⎯⎯⎯⎯⎯⎯⎯⎯⎯⎯⎯⎯⎯⎯⎯⎯⎯⎯⎯[2/2]⎯


 Test Files  1 failed (1)
      Tests  2 failed (2)
   Start at  18:33:56
   Duration  184ms (tests 60%, transform 31%, import 7%, worker 1%)

Error: ERR_PNPM_RECURSIVE_EXEC_FIRST_FAIL

  × "pnpm recursive exec" failed in /Users/aron/master/css/packages/compiler

