$ NODE_OPTIONS=--conditions=react-server tsx --test reference/reference.test.ts utils/legacy-syntax.test.ts
✔ Reference and shared search styles use defined site theme variables (4647.674709ms)
✔ every existing utility has a document and no component silently loses its text (7.987041ms)
✔ 30 acceptance queries find the intended document in the first three results (945.965792ms)
✔ padding and opacity syntax rows have the same identifiers and declarations in the page renderer and Markdown (159.6155ms)
✔ pilot examples reproduce full CSS and the prose states the correct breakpoint and dependencies (6.990083ms)
✔ explicit anchors survive renamed headings and are exported as portable Markdown anchors (2.953542ms)
✔ all pre-migration utility and Guide anchors remain available (101.776375ms)
✔ Reference links and preserved Guide anchors resolve to real documents and sections (14.239875ms)
✔ all 120 retired Guide anchors target an existing Reference section (0.57825ms)
✔ Syntax Tutorial exports its complete configured button, CSS, headings and searchable output (187.895292ms)
✔ machine index and localized Markdown identify the same content and source revision (1.962125ms)
✔ changing a configured token updates class output, extracted Markdown and search together (415.13475ms)
✔ old syntax entrypoints and all fragments resolve deterministically in every locale (0.954209ms)
ℹ tests 13
ℹ suites 0
ℹ pass 13
ℹ fail 0
ℹ cancelled 0
ℹ skipped 0
ℹ todo 0
ℹ duration_ms 7491.288458
