{"id":"external-first","assets":2,"sourceMaps":true}
{"id":"external-last","assets":2,"sourceMaps":true}
{"id":"same-layer","assets":2,"sourceMaps":true}
{"id":"different-layers","assets":2,"sourceMaps":true}
{"id":"predeclared-layers","assets":2,"sourceMaps":true}
{"id":"conditional-local","assets":2,"sourceMaps":true}
{"id":"nested-plain","assets":2,"sourceMaps":true}
{"id":"nested-named","assets":2,"sourceMaps":true}
{"id":"nested-anonymous","assets":2,"sourceMaps":true}
{"id":"nested-supports-media","assets":2,"sourceMaps":true}
{"id":"external-last-important","assets":2,"sourceMaps":true}
{"id":"different-layers-important","assets":2,"sourceMaps":true}
{"id":"nested-shared-anonymous-important","assets":2,"sourceMaps":true}
{"id":"repeated-anonymous","assets":2,"sourceMaps":true}
{"id":"nested-negated-media","assets":2,"sourceMaps":true}
{"id":"nested-media-lists","assets":2,"sourceMaps":true}
{"id":"false-supports-layer","assets":2,"sourceMaps":true}
{"id":"anonymous-before-named","assets":2,"sourceMaps":true}
{"id":"compose-before-native","assets":2,"sourceMaps":true}
{"id":"compose-in-conditional-layer","assets":2,"sourceMaps":true}
{"id":"compose-cross-file-override","assets":2,"sourceMaps":true}
{"browser":"chromium","id":"external-first","media":"screen","original":"rgb(255, 0, 0)","compiled":"rgb(255, 0, 0)","result":"PASS"}
{"browser":"chromium","id":"external-first","media":"print","original":"rgb(255, 0, 0)","compiled":"rgb(255, 0, 0)","result":"PASS"}
{"browser":"chromium","id":"external-last","media":"screen","original":"rgb(0, 0, 255)","compiled":"rgb(0, 0, 255)","result":"PASS"}
{"browser":"chromium","id":"external-last","media":"print","original":"rgb(0, 0, 255)","compiled":"rgb(0, 0, 255)","result":"PASS"}
{"browser":"chromium","id":"same-layer","media":"screen","original":"rgb(0, 0, 255)","compiled":"rgb(0, 0, 255)","result":"PASS"}
{"browser":"chromium","id":"same-layer","media":"print","original":"rgb(0, 0, 255)","compiled":"rgb(0, 0, 255)","result":"PASS"}
{"browser":"chromium","id":"different-layers","media":"screen","original":"rgb(0, 0, 255)","compiled":"rgb(0, 0, 255)","result":"PASS"}
{"browser":"chromium","id":"different-layers","media":"print","original":"rgb(0, 0, 255)","compiled":"rgb(0, 0, 255)","result":"PASS"}
{"browser":"chromium","id":"predeclared-layers","media":"screen","original":"rgb(0, 0, 255)","compiled":"rgb(0, 0, 255)","result":"PASS"}
{"browser":"chromium","id":"predeclared-layers","media":"print","original":"rgb(0, 0, 255)","compiled":"rgb(0, 0, 255)","result":"PASS"}
{"browser":"chromium","id":"conditional-local","media":"screen","original":"rgb(0, 0, 255)","compiled":"rgb(0, 0, 255)","result":"PASS"}
{"browser":"chromium","id":"conditional-local","media":"print","original":"rgb(0, 0, 255)","compiled":"rgb(0, 0, 255)","result":"PASS"}
{"browser":"chromium","id":"nested-plain","media":"screen","original":"rgb(255, 0, 0)","compiled":"rgb(255, 0, 0)","result":"PASS"}
{"browser":"chromium","id":"nested-plain","media":"print","original":"rgb(255, 0, 0)","compiled":"rgb(255, 0, 0)","result":"PASS"}
{"browser":"chromium","id":"nested-named","media":"screen","original":"rgb(255, 0, 0)","compiled":"rgb(255, 0, 0)","result":"PASS"}
{"browser":"chromium","id":"nested-named","media":"print","original":"rgb(255, 0, 0)","compiled":"rgb(255, 0, 0)","result":"PASS"}
{"browser":"chromium","id":"nested-anonymous","media":"screen","original":"rgb(255, 0, 0)","compiled":"rgb(255, 0, 0)","result":"PASS"}
{"browser":"chromium","id":"nested-anonymous","media":"print","original":"rgb(255, 0, 0)","compiled":"rgb(255, 0, 0)","result":"PASS"}
{"browser":"chromium","id":"nested-supports-media","media":"screen","original":"rgb(255, 0, 0)","compiled":"rgb(255, 0, 0)","result":"PASS"}
{"browser":"chromium","id":"nested-supports-media","media":"print","original":"rgb(0, 0, 0)","compiled":"rgb(0, 0, 0)","result":"PASS"}
{"browser":"chromium","id":"external-last-important","media":"screen","original":"rgb(0, 0, 255)","compiled":"rgb(0, 0, 255)","result":"PASS"}
{"browser":"chromium","id":"external-last-important","media":"print","original":"rgb(0, 0, 255)","compiled":"rgb(0, 0, 255)","result":"PASS"}
{"browser":"chromium","id":"different-layers-important","media":"screen","original":"rgb(255, 0, 0)","compiled":"rgb(255, 0, 0)","result":"PASS"}
{"browser":"chromium","id":"different-layers-important","media":"print","original":"rgb(255, 0, 0)","compiled":"rgb(255, 0, 0)","result":"PASS"}
{"browser":"chromium","id":"nested-shared-anonymous-important","media":"screen","original":"rgb(255, 0, 0)","compiled":"rgb(255, 0, 0)","result":"PASS"}
{"browser":"chromium","id":"nested-shared-anonymous-important","media":"print","original":"rgb(255, 0, 0)","compiled":"rgb(255, 0, 0)","result":"PASS"}
{"browser":"chromium","id":"repeated-anonymous","media":"screen","original":"rgb(255, 0, 0)","compiled":"rgb(255, 0, 0)","result":"PASS"}
{"browser":"chromium","id":"repeated-anonymous","media":"print","original":"rgb(255, 0, 0)","compiled":"rgb(255, 0, 0)","result":"PASS"}
{"browser":"chromium","id":"nested-negated-media","media":"screen","original":"rgb(0, 0, 0)","compiled":"rgb(0, 0, 0)","result":"PASS"}
{"browser":"chromium","id":"nested-negated-media","media":"print","original":"rgb(0, 0, 0)","compiled":"rgb(0, 0, 0)","result":"PASS"}
{"browser":"chromium","id":"nested-media-lists","media":"screen","original":"rgb(0, 0, 255)","compiled":"rgb(0, 0, 255)","result":"PASS"}
{"browser":"chromium","id":"nested-media-lists","media":"print","original":"rgb(0, 0, 255)","compiled":"rgb(0, 0, 255)","result":"PASS"}
{"browser":"chromium","id":"false-supports-layer","media":"screen","original":"rgb(0, 0, 255)","compiled":"rgb(0, 0, 255)","result":"PASS"}
{"browser":"chromium","id":"false-supports-layer","media":"print","original":"rgb(0, 0, 255)","compiled":"rgb(0, 0, 255)","result":"PASS"}
{"browser":"chromium","id":"anonymous-before-named","media":"screen","original":"rgb(0, 0, 255)","compiled":"rgb(0, 0, 255)","result":"PASS"}
{"browser":"chromium","id":"anonymous-before-named","media":"print","original":"rgb(0, 0, 255)","compiled":"rgb(0, 0, 255)","result":"PASS"}
{"browser":"chromium","id":"compose-before-native","media":"screen","original":"rgb(0, 0, 255)","compiled":"rgb(0, 0, 255)","result":"PASS"}
{"browser":"chromium","id":"compose-before-native","media":"print","original":"rgb(0, 0, 255)","compiled":"rgb(0, 0, 255)","result":"PASS"}
{"browser":"chromium","id":"compose-in-conditional-layer","media":"screen","original":"rgb(255, 0, 0)","compiled":"rgb(255, 0, 0)","result":"PASS"}
{"browser":"chromium","id":"compose-in-conditional-layer","media":"print","original":"rgb(0, 0, 0)","compiled":"rgb(0, 0, 0)","result":"PASS"}
{"browser":"chromium","id":"compose-cross-file-override","media":"screen","original":"rgb(0, 0, 255)","compiled":"rgb(0, 0, 255)","result":"PASS"}
{"browser":"chromium","id":"compose-cross-file-override","media":"print","original":"rgb(0, 0, 255)","compiled":"rgb(0, 0, 255)","result":"PASS"}
{"browser":"firefox","id":"external-first","media":"screen","original":"rgb(255, 0, 0)","compiled":"rgb(255, 0, 0)","result":"PASS"}
{"browser":"firefox","id":"external-first","media":"print","original":"rgb(255, 0, 0)","compiled":"rgb(255, 0, 0)","result":"PASS"}
{"browser":"firefox","id":"external-last","media":"screen","original":"rgb(0, 0, 255)","compiled":"rgb(0, 0, 255)","result":"PASS"}
{"browser":"firefox","id":"external-last","media":"print","original":"rgb(0, 0, 255)","compiled":"rgb(0, 0, 255)","result":"PASS"}
{"browser":"firefox","id":"same-layer","media":"screen","original":"rgb(0, 0, 255)","compiled":"rgb(0, 0, 255)","result":"PASS"}
{"browser":"firefox","id":"same-layer","media":"print","original":"rgb(0, 0, 255)","compiled":"rgb(0, 0, 255)","result":"PASS"}
{"browser":"firefox","id":"different-layers","media":"screen","original":"rgb(0, 0, 255)","compiled":"rgb(0, 0, 255)","result":"PASS"}
{"browser":"firefox","id":"different-layers","media":"print","original":"rgb(0, 0, 255)","compiled":"rgb(0, 0, 255)","result":"PASS"}
{"browser":"firefox","id":"predeclared-layers","media":"screen","original":"rgb(0, 0, 255)","compiled":"rgb(0, 0, 255)","result":"PASS"}
{"browser":"firefox","id":"predeclared-layers","media":"print","original":"rgb(0, 0, 255)","compiled":"rgb(0, 0, 255)","result":"PASS"}
{"browser":"firefox","id":"conditional-local","media":"screen","original":"rgb(0, 0, 255)","compiled":"rgb(0, 0, 255)","result":"PASS"}
{"browser":"firefox","id":"conditional-local","media":"print","original":"rgb(0, 0, 255)","compiled":"rgb(0, 0, 255)","result":"PASS"}
{"browser":"firefox","id":"nested-plain","media":"screen","original":"rgb(255, 0, 0)","compiled":"rgb(255, 0, 0)","result":"PASS"}
{"browser":"firefox","id":"nested-plain","media":"print","original":"rgb(255, 0, 0)","compiled":"rgb(255, 0, 0)","result":"PASS"}
{"browser":"firefox","id":"nested-named","media":"screen","original":"rgb(255, 0, 0)","compiled":"rgb(255, 0, 0)","result":"PASS"}
{"browser":"firefox","id":"nested-named","media":"print","original":"rgb(255, 0, 0)","compiled":"rgb(255, 0, 0)","result":"PASS"}
{"browser":"firefox","id":"nested-anonymous","media":"screen","original":"rgb(255, 0, 0)","compiled":"rgb(255, 0, 0)","result":"PASS"}
{"browser":"firefox","id":"nested-anonymous","media":"print","original":"rgb(255, 0, 0)","compiled":"rgb(255, 0, 0)","result":"PASS"}
{"browser":"firefox","id":"nested-supports-media","media":"screen","original":"rgb(255, 0, 0)","compiled":"rgb(255, 0, 0)","result":"PASS"}
{"browser":"firefox","id":"nested-supports-media","media":"print","original":"rgb(0, 0, 0)","compiled":"rgb(0, 0, 0)","result":"PASS"}
{"browser":"firefox","id":"external-last-important","media":"screen","original":"rgb(0, 0, 255)","compiled":"rgb(0, 0, 255)","result":"PASS"}
{"browser":"firefox","id":"external-last-important","media":"print","original":"rgb(0, 0, 255)","compiled":"rgb(0, 0, 255)","result":"PASS"}
{"browser":"firefox","id":"different-layers-important","media":"screen","original":"rgb(255, 0, 0)","compiled":"rgb(255, 0, 0)","result":"PASS"}
{"browser":"firefox","id":"different-layers-important","media":"print","original":"rgb(255, 0, 0)","compiled":"rgb(255, 0, 0)","result":"PASS"}
{"browser":"firefox","id":"nested-shared-anonymous-important","media":"screen","original":"rgb(255, 0, 0)","compiled":"rgb(255, 0, 0)","result":"PASS"}
{"browser":"firefox","id":"nested-shared-anonymous-important","media":"print","original":"rgb(255, 0, 0)","compiled":"rgb(255, 0, 0)","result":"PASS"}
{"browser":"firefox","id":"repeated-anonymous","media":"screen","original":"rgb(255, 0, 0)","compiled":"rgb(255, 0, 0)","result":"PASS"}
{"browser":"firefox","id":"repeated-anonymous","media":"print","original":"rgb(255, 0, 0)","compiled":"rgb(255, 0, 0)","result":"PASS"}
{"browser":"firefox","id":"nested-negated-media","media":"screen","original":"rgb(0, 0, 0)","compiled":"rgb(0, 0, 0)","result":"PASS"}
{"browser":"firefox","id":"nested-negated-media","media":"print","original":"rgb(0, 0, 0)","compiled":"rgb(0, 0, 0)","result":"PASS"}
{"browser":"firefox","id":"nested-media-lists","media":"screen","original":"rgb(0, 0, 255)","compiled":"rgb(0, 0, 255)","result":"PASS"}
{"browser":"firefox","id":"nested-media-lists","media":"print","original":"rgb(0, 0, 255)","compiled":"rgb(0, 0, 255)","result":"PASS"}
{"browser":"firefox","id":"false-supports-layer","media":"screen","original":"rgb(0, 0, 255)","compiled":"rgb(0, 0, 255)","result":"PASS"}
{"browser":"firefox","id":"false-supports-layer","media":"print","original":"rgb(0, 0, 255)","compiled":"rgb(0, 0, 255)","result":"PASS"}
{"browser":"firefox","id":"anonymous-before-named","media":"screen","original":"rgb(0, 0, 255)","compiled":"rgb(0, 0, 255)","result":"PASS"}
{"browser":"firefox","id":"anonymous-before-named","media":"print","original":"rgb(0, 0, 255)","compiled":"rgb(0, 0, 255)","result":"PASS"}
{"browser":"firefox","id":"compose-before-native","media":"screen","original":"rgb(0, 0, 255)","compiled":"rgb(0, 0, 255)","result":"PASS"}
{"browser":"firefox","id":"compose-before-native","media":"print","original":"rgb(0, 0, 255)","compiled":"rgb(0, 0, 255)","result":"PASS"}
{"browser":"firefox","id":"compose-in-conditional-layer","media":"screen","original":"rgb(255, 0, 0)","compiled":"rgb(255, 0, 0)","result":"PASS"}
{"browser":"firefox","id":"compose-in-conditional-layer","media":"print","original":"rgb(0, 0, 0)","compiled":"rgb(0, 0, 0)","result":"PASS"}
{"browser":"firefox","id":"compose-cross-file-override","media":"screen","original":"rgb(0, 0, 255)","compiled":"rgb(0, 0, 255)","result":"PASS"}
{"browser":"firefox","id":"compose-cross-file-override","media":"print","original":"rgb(0, 0, 255)","compiled":"rgb(0, 0, 255)","result":"PASS"}
{"browser":"webkit","id":"external-first","media":"screen","original":"rgb(255, 0, 0)","compiled":"rgb(255, 0, 0)","result":"PASS"}
{"browser":"webkit","id":"external-first","media":"print","original":"rgb(255, 0, 0)","compiled":"rgb(255, 0, 0)","result":"PASS"}
{"browser":"webkit","id":"external-last","media":"screen","original":"rgb(0, 0, 255)","compiled":"rgb(0, 0, 255)","result":"PASS"}
{"browser":"webkit","id":"external-last","media":"print","original":"rgb(0, 0, 255)","compiled":"rgb(0, 0, 255)","result":"PASS"}
{"browser":"webkit","id":"same-layer","media":"screen","original":"rgb(0, 0, 255)","compiled":"rgb(0, 0, 255)","result":"PASS"}
{"browser":"webkit","id":"same-layer","media":"print","original":"rgb(0, 0, 255)","compiled":"rgb(0, 0, 255)","result":"PASS"}
{"browser":"webkit","id":"different-layers","media":"screen","original":"rgb(0, 0, 255)","compiled":"rgb(0, 0, 255)","result":"PASS"}
{"browser":"webkit","id":"different-layers","media":"print","original":"rgb(0, 0, 255)","compiled":"rgb(0, 0, 255)","result":"PASS"}
{"browser":"webkit","id":"predeclared-layers","media":"screen","original":"rgb(0, 0, 255)","compiled":"rgb(0, 0, 255)","result":"PASS"}
{"browser":"webkit","id":"predeclared-layers","media":"print","original":"rgb(0, 0, 255)","compiled":"rgb(0, 0, 255)","result":"PASS"}
{"browser":"webkit","id":"conditional-local","media":"screen","original":"rgb(0, 0, 255)","compiled":"rgb(0, 0, 255)","result":"PASS"}
{"browser":"webkit","id":"conditional-local","media":"print","original":"rgb(0, 0, 255)","compiled":"rgb(0, 0, 255)","result":"PASS"}
{"browser":"webkit","id":"nested-plain","media":"screen","original":"rgb(255, 0, 0)","compiled":"rgb(255, 0, 0)","result":"PASS"}
{"browser":"webkit","id":"nested-plain","media":"print","original":"rgb(255, 0, 0)","compiled":"rgb(255, 0, 0)","result":"PASS"}
{"browser":"webkit","id":"nested-named","media":"screen","original":"rgb(255, 0, 0)","compiled":"rgb(255, 0, 0)","result":"PASS"}
{"browser":"webkit","id":"nested-named","media":"print","original":"rgb(255, 0, 0)","compiled":"rgb(255, 0, 0)","result":"PASS"}
{"browser":"webkit","id":"nested-anonymous","media":"screen","original":"rgb(255, 0, 0)","compiled":"rgb(255, 0, 0)","result":"PASS"}
{"browser":"webkit","id":"nested-anonymous","media":"print","original":"rgb(255, 0, 0)","compiled":"rgb(255, 0, 0)","result":"PASS"}
{"browser":"webkit","id":"nested-supports-media","media":"screen","original":"rgb(255, 0, 0)","compiled":"rgb(255, 0, 0)","result":"PASS"}
{"browser":"webkit","id":"nested-supports-media","media":"print","original":"rgb(0, 0, 0)","compiled":"rgb(0, 0, 0)","result":"PASS"}
{"browser":"webkit","id":"external-last-important","media":"screen","original":"rgb(0, 0, 255)","compiled":"rgb(0, 0, 255)","result":"PASS"}
{"browser":"webkit","id":"external-last-important","media":"print","original":"rgb(0, 0, 255)","compiled":"rgb(0, 0, 255)","result":"PASS"}
{"browser":"webkit","id":"different-layers-important","media":"screen","original":"rgb(255, 0, 0)","compiled":"rgb(255, 0, 0)","result":"PASS"}
{"browser":"webkit","id":"different-layers-important","media":"print","original":"rgb(255, 0, 0)","compiled":"rgb(255, 0, 0)","result":"PASS"}
{"browser":"webkit","id":"nested-shared-anonymous-important","media":"screen","original":"rgb(255, 0, 0)","compiled":"rgb(255, 0, 0)","result":"PASS"}
{"browser":"webkit","id":"nested-shared-anonymous-important","media":"print","original":"rgb(255, 0, 0)","compiled":"rgb(255, 0, 0)","result":"PASS"}
{"browser":"webkit","id":"repeated-anonymous","media":"screen","original":"rgb(255, 0, 0)","compiled":"rgb(255, 0, 0)","result":"PASS"}
{"browser":"webkit","id":"repeated-anonymous","media":"print","original":"rgb(255, 0, 0)","compiled":"rgb(255, 0, 0)","result":"PASS"}
{"browser":"webkit","id":"nested-negated-media","media":"screen","original":"rgb(0, 0, 0)","compiled":"rgb(0, 0, 0)","result":"PASS"}
{"browser":"webkit","id":"nested-negated-media","media":"print","original":"rgb(0, 0, 0)","compiled":"rgb(0, 0, 0)","result":"PASS"}
{"browser":"webkit","id":"nested-media-lists","media":"screen","original":"rgb(0, 0, 255)","compiled":"rgb(0, 0, 255)","result":"PASS"}
{"browser":"webkit","id":"nested-media-lists","media":"print","original":"rgb(0, 0, 255)","compiled":"rgb(0, 0, 255)","result":"PASS"}
{"browser":"webkit","id":"false-supports-layer","media":"screen","original":"rgb(0, 0, 255)","compiled":"rgb(0, 0, 255)","result":"PASS"}
{"browser":"webkit","id":"false-supports-layer","media":"print","original":"rgb(0, 0, 255)","compiled":"rgb(0, 0, 255)","result":"PASS"}
{"browser":"webkit","id":"anonymous-before-named","media":"screen","original":"rgb(0, 0, 255)","compiled":"rgb(0, 0, 255)","result":"PASS"}
{"browser":"webkit","id":"anonymous-before-named","media":"print","original":"rgb(0, 0, 255)","compiled":"rgb(0, 0, 255)","result":"PASS"}
{"browser":"webkit","id":"compose-before-native","media":"screen","original":"rgb(0, 0, 255)","compiled":"rgb(0, 0, 255)","result":"PASS"}
{"browser":"webkit","id":"compose-before-native","media":"print","original":"rgb(0, 0, 255)","compiled":"rgb(0, 0, 255)","result":"PASS"}
{"browser":"webkit","id":"compose-in-conditional-layer","media":"screen","original":"rgb(255, 0, 0)","compiled":"rgb(255, 0, 0)","result":"PASS"}
{"browser":"webkit","id":"compose-in-conditional-layer","media":"print","original":"rgb(0, 0, 0)","compiled":"rgb(0, 0, 0)","result":"PASS"}
{"browser":"webkit","id":"compose-cross-file-override","media":"screen","original":"rgb(0, 0, 255)","compiled":"rgb(0, 0, 255)","result":"PASS"}
{"browser":"webkit","id":"compose-cross-file-override","media":"print","original":"rgb(0, 0, 255)","compiled":"rgb(0, 0, 255)","result":"PASS"}
{"cases":21,"comparisons":126,"failures":0,"scope":"Built Node compileRenderedStylesheet with actual asset delivery; includes original10 external-import cases plus11 boundary/compose controls"}
