(!) Your Vite config uses features that are unsupported by `configLoader: 'native'`, which is planned to become the default in a future major version of Vite:
  - import "../../shared/vitest.config" without a file extension (vitest.config.ts:3:20). Add the file extension
  - import "./vitest-ci-config" without a file extension (../../shared/vitest.config.ts:2:58). Add the file extension
Set `VITE_CONFIG_NATIVE_IGNORE_WARNING=true` to suppress this warning.

 RUN  v5.0.0 /Users/aron/master/css/packages/compiler

 ❯ tests/bug-hunt-rendered-delivery.test.ts (7 tests | 1 failed) 125ms
   × rendered delivery emits generated classes once in the entry and leaves them unmapped 5ms

⎯⎯⎯⎯⎯⎯⎯ Failed Tests 1 ⎯⎯⎯⎯⎯⎯⎯

 FAIL  tests/bug-hunt-rendered-delivery.test.ts > rendered delivery emits generated classes once in the entry and leaves them unmapped
AssertionError: expected { generatedLine: +0, …(5) } to not have property "originalSource"

- Expected:
undefined

+ Received:
"file:///var/folders/_b/768dhtz56ns54x1r867j67280000gn/T/master-rendered-globals-5JWqCC/entry.css"

 ❯ tests/bug-hunt-rendered-delivery.test.ts:103:112
    101|     expect(result.stylesheets!.filter(asset => asset.css.includes('@la…
    102|     const lines = result.css.slice(0, result.css.indexOf('@layer utili…
    103|     expect(new SourceMap(JSON.parse(result.sourceMap!)).findEntry(line…
       |                                                                                                                ^
    104|     expect(Object.isFrozen(result) && Object.isFrozen(result.styleshee…
    105|   } finally { rmSync(root, { recursive: true, force: true }) }

⎯⎯⎯⎯⎯⎯⎯⎯⎯⎯⎯⎯⎯⎯⎯⎯⎯⎯⎯⎯⎯⎯⎯⎯[1/1]⎯


 Test Files  1 failed (1)
      Tests  1 failed | 6 passed (7)
   Start at  19:10:27
   Duration  415ms (transform 46%, tests 35%, import 19%)

Error: ERR_PNPM_RECURSIVE_EXEC_FIRST_FAIL

  × "pnpm recursive exec" failed in /Users/aron/master/css/packages/compiler

