(!) Your Vite config uses features that are unsupported by `configLoader: 'native'`, which is planned to become the default in a future major version of Vite:
  - import "../../shared/vitest.config" without a file extension (vitest.config.ts:3:20). Add the file extension
  - import "./vitest-ci-config" without a file extension (../../shared/vitest.config.ts:2:58). Add the file extension
Set `VITE_CONFIG_NATIVE_IGNORE_WARNING=true` to suppress this warning.

 RUN  v5.0.0 /Users/aron/master/css/packages/compiler

 ❯ tests/bug-hunt-rendered-delivery.test.ts (6 tests | 1 failed) 127ms
   × rendered delivery maps invalid composed tokens back to their Sass partial 9ms

⎯⎯⎯⎯⎯⎯⎯ Failed Tests 1 ⎯⎯⎯⎯⎯⎯⎯

 FAIL  tests/bug-hunt-rendered-delivery.test.ts > rendered delivery maps invalid composed tokens back to their Sass partial
AssertionError: expected MasterCSSError: @compose only accepts unq… { …(4) } to match object { Object (diagnostics) }
(17 matching properties omitted from actual)

- Expected
+ Received

- {
+ MasterCSSError {
    "diagnostics": [
      {
+       "code": "compose-quoted-syntax",
+       "domain": "compiler",
+       "message": "@compose only accepts unquoted class lists",
        "range": {
          "end": {
-           "line": 1,
+           "character": 18,
+           "line": 2,
          },
          "start": {
-           "line": 1,
+           "character": 11,
+           "line": 2,
          },
        },
-       "source": "/var/folders/_b/768dhtz56ns54x1r867j67280000gn/T/master-rendered-error-OIZxnA/_rules.scss",
+       "severity": "error",
+       "source": "/var/folders/_b/768dhtz56ns54x1r867j67280000gn/T/master-rendered-error-OIZxnA/entry.scss",
+       "version": 2,
      },
    ],
  }

 ❯ tests/bug-hunt-rendered-delivery.test.ts:87:8
     85|       baseManifest: { version: 1, utilities: [] },
     86|       delivery: { entryURL: '/entry.css', stylesheetURL: file => `/${b…
     87|     })).rejects.toMatchObject({ diagnostics: [expect.objectContaining(…
       |        ^
     88|   } finally { rmSync(root, { recursive: true, force: true }) }
     89| })

⎯⎯⎯⎯⎯⎯⎯⎯⎯⎯⎯⎯⎯⎯⎯⎯⎯⎯⎯⎯⎯⎯⎯⎯[1/1]⎯


 Test Files  1 failed (1)
      Tests  1 failed | 5 passed (6)
   Start at  19:06:56
   Duration  428ms (transform 46%, tests 35%, import 18%)

Error: ERR_PNPM_RECURSIVE_EXEC_FIRST_FAIL

  × "pnpm recursive exec" failed in /Users/aron/master/css/packages/compiler

