(!) Your Vite config uses features that are unsupported by `configLoader: 'native'`, which is planned to become the default in a future major version of Vite:
  - import "../../shared/vitest.config" without a file extension (vitest.config.ts:3:20). Add the file extension
  - import "./vitest-ci-config" without a file extension (../../shared/vitest.config.ts:2:58). Add the file extension
Set `VITE_CONFIG_NATIVE_IGNORE_WARNING=true` to suppress this warning.

 RUN  v5.0.0 /Users/aron/master/css/packages/compiler

[success] app/page.tsx 4 classes inserted in 1.5ms 
[success] index.html 6 classes inserted in 0.4ms 
[success] index.html 6 classes inserted in 0.4ms 
[success] index.html 6 classes inserted in 0.4ms 
[success] app/page.html 1 classes inserted in 0.1ms 
[success] index.html 6 classes inserted in 0.4ms 
[success] index.html 6 classes inserted in 0.4ms 
[success] index.html 6 classes inserted in 0.4ms 
[success] app/page.html 2 classes inserted in 0.1ms 
[success] app/page.html 2 classes inserted in 0.2ms 
[success] app/page.html 1 classes inserted in 0.1ms 
[success] app/page.html 1 classes inserted in 0.1ms 
[success] index.html 6 classes inserted in 0.4ms  (repeated 10 times)

 Test Files  46 passed (46)
      Tests  325 passed (325)
   Start at  19:05:42
   Duration  14.03s (tests 93%, import 4%, transform 3%)

