(!) Your Vite config uses features that are unsupported by `configLoader: 'native'`, which is planned to become the default in a future major version of Vite:
  - import "../../shared/vitest.config" without a file extension (vitest.config.ts:2:20). Add the file extension
  - import "./vitest-ci-config" without a file extension (../../shared/vitest.config.ts:2:58). Add the file extension
Set `VITE_CONFIG_NATIVE_IGNORE_WARNING=true` to suppress this warning.

 RUN  v5.0.0 /Users/aron/master/css/packages/vite

 ❯ tests/plugins/style-entry.test.ts (12 tests | 5 failed) 8267ms
   ❯ StyleEntryPlugin (12)
     × treats @master/css import stylesheets as managed native CSS pruning entries 2ms
     × build transform retains native imports in the source graph when @master/css comes first 0ms
     × treats @master stylesheets as managed native CSS pruning entries 0ms
     × ignores standalone @master stylesheets without @master/css imports 0ms
     × ignores non-CSS modules and unrelated CSS imports 0ms
 ❯ tests/plugins/pre-render.test.ts (5 tests | 3 failed) 1585ms
   ❯ PreRenderPlugin (5)
     × renders HTML classes with the managed CSS manifest entry 141ms
     × reloads CSS entry dependencies for pre-rendered HTML 146ms
     × does not duplicate globals already emitted by managed CSS entries 139ms
 ❯ tests/plugins/style-entry-build.test.ts (9 tests | 2 failed) 13ms
   ❯ StyleEntryBuildPlugin (D1 placeholder-leak warn) (9)
     × compiles managed CSS entry config rules and preserves used native CSS 3ms
     × uses the managed CSS entry for config and native CSS pruning 1ms

⎯⎯⎯⎯⎯⎯ Failed Tests 10 ⎯⎯⎯⎯⎯⎯⎯

 FAIL  tests/plugins/pre-render.test.ts > PreRenderPlugin > renders HTML classes with the managed CSS manifest entry
TypeError: Cannot read properties of undefined (reading 'watch')
 ❯ Object.configResolved src/plugins/build-stylesheet-recovery.ts:11:24
      9|     name: 'master-css:build-stylesheet-recovery', apply: 'build', enfo…
     10|     configResolved(config) {
     11|       if (config.build.watch) prepareBuildStylesheetRecovery(context, …
       |                        ^
     12|     },
     13|     buildStart() {
 ❯ Object.invoke src/utils/scoped-plugins.ts:50:79
 ❯ resolveConfigHooks tests/plugins/pre-render.test.ts:17:35
 ❯ tests/plugins/pre-render.test.ts:39:5

⎯⎯⎯⎯⎯⎯⎯⎯⎯⎯⎯⎯⎯⎯⎯⎯⎯⎯⎯⎯⎯⎯⎯[1/10]⎯

 FAIL  tests/plugins/pre-render.test.ts > PreRenderPlugin > reloads CSS entry dependencies for pre-rendered HTML
TypeError: Cannot read properties of undefined (reading 'watch')
 ❯ Object.configResolved src/plugins/build-stylesheet-recovery.ts:11:24
      9|     name: 'master-css:build-stylesheet-recovery', apply: 'build', enfo…
     10|     configResolved(config) {
     11|       if (config.build.watch) prepareBuildStylesheetRecovery(context, …
       |                        ^
     12|     },
     13|     buildStart() {
 ❯ Object.invoke src/utils/scoped-plugins.ts:50:79
 ❯ resolveConfigHooks tests/plugins/pre-render.test.ts:17:35
 ❯ tests/plugins/pre-render.test.ts:141:7

⎯⎯⎯⎯⎯⎯⎯⎯⎯⎯⎯⎯⎯⎯⎯⎯⎯⎯⎯⎯⎯⎯⎯[2/10]⎯

 FAIL  tests/plugins/pre-render.test.ts > PreRenderPlugin > does not duplicate globals already emitted by managed CSS entries
TypeError: Cannot read properties of undefined (reading 'watch')
 ❯ Object.configResolved src/plugins/build-stylesheet-recovery.ts:11:24
      9|     name: 'master-css:build-stylesheet-recovery', apply: 'build', enfo…
     10|     configResolved(config) {
     11|       if (config.build.watch) prepareBuildStylesheetRecovery(context, …
       |                        ^
     12|     },
     13|     buildStart() {
 ❯ Object.invoke src/utils/scoped-plugins.ts:50:79
 ❯ resolveConfigHooks tests/plugins/pre-render.test.ts:17:35
 ❯ tests/plugins/pre-render.test.ts:190:7

⎯⎯⎯⎯⎯⎯⎯⎯⎯⎯⎯⎯⎯⎯⎯⎯⎯⎯⎯⎯⎯⎯⎯[3/10]⎯

 FAIL  tests/plugins/style-entry-build.test.ts > StyleEntryBuildPlugin (D1 placeholder-leak warn) > compiles managed CSS entry config rules and preserves used native CSS
TypeError: Cannot read properties of undefined (reading 'watch')
 ❯ withStylesheetDependencies src/utils/failed-stylesheet-dependencies.ts:45:93
     43|   const modules = host.environment && context.config?.command === 'ser…
     44|   const versions = new Map<string, string>()
     45|   const buildRecovery = context.config?.command === 'build' && Boolean…
       |                                                                                             ^
     46|   const environment = host.environment ?? context
     47|   if (modules || buildRecovery) forgetFailedDependencyReconciliation(c…
 ❯ Object.transform src/plugins/style-entry.ts:44:14
 ❯ tests/plugins/style-entry-build.test.ts:220:49

⎯⎯⎯⎯⎯⎯⎯⎯⎯⎯⎯⎯⎯⎯⎯⎯⎯⎯⎯⎯⎯⎯⎯[4/10]⎯

 FAIL  tests/plugins/style-entry-build.test.ts > StyleEntryBuildPlugin (D1 placeholder-leak warn) > uses the managed CSS entry for config and native CSS pruning
TypeError: Cannot read properties of undefined (reading 'watch')
 ❯ withStylesheetDependencies src/utils/failed-stylesheet-dependencies.ts:45:93
     43|   const modules = host.environment && context.config?.command === 'ser…
     44|   const versions = new Map<string, string>()
     45|   const buildRecovery = context.config?.command === 'build' && Boolean…
       |                                                                                             ^
     46|   const environment = host.environment ?? context
     47|   if (modules || buildRecovery) forgetFailedDependencyReconciliation(c…
 ❯ Object.transform src/plugins/style-entry.ts:44:14
 ❯ tests/plugins/style-entry-build.test.ts:280:49

⎯⎯⎯⎯⎯⎯⎯⎯⎯⎯⎯⎯⎯⎯⎯⎯⎯⎯⎯⎯⎯⎯⎯[5/10]⎯

 FAIL  tests/plugins/style-entry.test.ts > StyleEntryPlugin > treats @master/css import stylesheets as managed native CSS pruning entries
TypeError: Cannot read properties of undefined (reading 'watch')
 ❯ withStylesheetDependencies src/utils/failed-stylesheet-dependencies.ts:45:93
     43|   const modules = host.environment && context.config?.command === 'ser…
     44|   const versions = new Map<string, string>()
     45|   const buildRecovery = context.config?.command === 'build' && Boolean…
       |                                                                                             ^
     46|   const environment = host.environment ?? context
     47|   if (modules || buildRecovery) forgetFailedDependencyReconciliation(c…
 ❯ Object.transform src/plugins/style-entry.ts:44:14
 ❯ tests/plugins/style-entry.test.ts:91:52

⎯⎯⎯⎯⎯⎯⎯⎯⎯⎯⎯⎯⎯⎯⎯⎯⎯⎯⎯⎯⎯⎯⎯[6/10]⎯

 FAIL  tests/plugins/style-entry.test.ts > StyleEntryPlugin > build transform retains native imports in the source graph when @master/css comes first
TypeError: Cannot read properties of undefined (reading 'watch')
 ❯ withStylesheetDependencies src/utils/failed-stylesheet-dependencies.ts:45:93
     43|   const modules = host.environment && context.config?.command === 'ser…
     44|   const versions = new Map<string, string>()
     45|   const buildRecovery = context.config?.command === 'build' && Boolean…
       |                                                                                             ^
     46|   const environment = host.environment ?? context
     47|   if (modules || buildRecovery) forgetFailedDependencyReconciliation(c…
 ❯ Object.transform src/plugins/style-entry.ts:44:14
 ❯ tests/plugins/style-entry.test.ts:111:52

⎯⎯⎯⎯⎯⎯⎯⎯⎯⎯⎯⎯⎯⎯⎯⎯⎯⎯⎯⎯⎯⎯⎯[7/10]⎯

 FAIL  tests/plugins/style-entry.test.ts > StyleEntryPlugin > treats @master stylesheets as managed native CSS pruning entries
TypeError: Cannot read properties of undefined (reading 'watch')
 ❯ withStylesheetDependencies src/utils/failed-stylesheet-dependencies.ts:45:93
     43|   const modules = host.environment && context.config?.command === 'ser…
     44|   const versions = new Map<string, string>()
     45|   const buildRecovery = context.config?.command === 'build' && Boolean…
       |                                                                                             ^
     46|   const environment = host.environment ?? context
     47|   if (modules || buildRecovery) forgetFailedDependencyReconciliation(c…
 ❯ Object.transform src/plugins/style-entry.ts:44:14
 ❯ tests/plugins/style-entry.test.ts:229:52

⎯⎯⎯⎯⎯⎯⎯⎯⎯⎯⎯⎯⎯⎯⎯⎯⎯⎯⎯⎯⎯⎯⎯[8/10]⎯

 FAIL  tests/plugins/style-entry.test.ts > StyleEntryPlugin > ignores standalone @master stylesheets without @master/css imports
TypeError: Cannot read properties of undefined (reading 'watch')
 ❯ withStylesheetDependencies src/utils/failed-stylesheet-dependencies.ts:45:93
     43|   const modules = host.environment && context.config?.command === 'ser…
     44|   const versions = new Map<string, string>()
     45|   const buildRecovery = context.config?.command === 'build' && Boolean…
       |                                                                                             ^
     46|   const environment = host.environment ?? context
     47|   if (modules || buildRecovery) forgetFailedDependencyReconciliation(c…
 ❯ Object.transform src/plugins/style-entry.ts:44:14
 ❯ tests/plugins/style-entry.test.ts:248:52

⎯⎯⎯⎯⎯⎯⎯⎯⎯⎯⎯⎯⎯⎯⎯⎯⎯⎯⎯⎯⎯⎯⎯[9/10]⎯

 FAIL  tests/plugins/style-entry.test.ts > StyleEntryPlugin > ignores non-CSS modules and unrelated CSS imports
TypeError: Cannot read properties of undefined (reading 'watch')
 ❯ withStylesheetDependencies src/utils/failed-stylesheet-dependencies.ts:45:93
     43|   const modules = host.environment && context.config?.command === 'ser…
     44|   const versions = new Map<string, string>()
     45|   const buildRecovery = context.config?.command === 'build' && Boolean…
       |                                                                                             ^
     46|   const environment = host.environment ?? context
     47|   if (modules || buildRecovery) forgetFailedDependencyReconciliation(c…
 ❯ Object.transform src/plugins/style-entry.ts:44:14
 ❯ tests/plugins/style-entry.test.ts:263:44

⎯⎯⎯⎯⎯⎯⎯⎯⎯⎯⎯⎯⎯⎯⎯⎯⎯⎯⎯⎯⎯⎯[10/10]⎯


 Test Files  3 failed | 65 passed (68)
      Tests  10 failed | 609 passed (619)
   Start at  19:33:49
   Duration  55.67s (tests 97%, import 2%, transform 1%)

Error: ERR_PNPM_RECURSIVE_EXEC_FIRST_FAIL

  × "pnpm recursive exec" failed in /Users/aron/master/css/packages/vite

