(!) Your Vite config uses features that are unsupported by `configLoader: 'native'`, which is planned to become the default in a future major version of Vite:
  - import "../../shared/vitest.config" without a file extension (vitest.config.ts:2:20). Add the file extension
  - import "./vitest-ci-config" without a file extension (../../shared/vitest.config.ts:2:58). Add the file extension
Set `VITE_CONFIG_NATIVE_IGNORE_WARNING=true` to suppress this warning.

 RUN  v5.0.0 /Users/aron/master/css/packages/vite

stdout | tests/plugins/bug-hunt-build-failure-lifecycle.test.ts > build recovery replaces failures and forgets successful dependencies in static
EVENT static 1789039777204 START

stdout | tests/plugins/bug-hunt-build-failure-lifecycle.test.ts > build recovery replaces failures and forgets successful dependencies in static
EVENT static 1789039777205 BUNDLE_START

stdout | tests/plugins/bug-hunt-build-failure-lifecycle.test.ts > build recovery replaces failures and forgets successful dependencies in static
EVENT static 1789039777256 ERROR

stdout | tests/plugins/bug-hunt-build-failure-lifecycle.test.ts > build recovery replaces failures and forgets successful dependencies in static
EVENT static 1789039777256 END

stdout | tests/plugins/bug-hunt-build-failure-lifecycle.test.ts > build recovery replaces failures and forgets successful dependencies in static
WATCH static 1789039777259 /private/var/folders/_b/768dhtz56ns54x1r867j67280000gn/T/master-build-recovery-TN9YXJ/.vite/master-css-watch-RpSKYk/0 { event: 'create' }

stdout | tests/plugins/bug-hunt-build-failure-lifecycle.test.ts > build recovery replaces failures and forgets successful dependencies in static
EVENT static 1789039777259 START

stdout | tests/plugins/bug-hunt-build-failure-lifecycle.test.ts > build recovery replaces failures and forgets successful dependencies in static
EVENT static 1789039777259 BUNDLE_START

stdout | tests/plugins/bug-hunt-build-failure-lifecycle.test.ts > build recovery replaces failures and forgets successful dependencies in static
EVENT static 1789039777476 ERROR

stdout | tests/plugins/bug-hunt-build-failure-lifecycle.test.ts > build recovery replaces failures and forgets successful dependencies in static
EVENT static 1789039777476 END

stdout | tests/plugins/bug-hunt-build-failure-lifecycle.test.ts > build recovery replaces failures and forgets successful dependencies in static
WATCH static 1789039777478 /private/var/folders/_b/768dhtz56ns54x1r867j67280000gn/T/master-build-recovery-TN9YXJ/.vite/master-css-watch-RpSKYk/0 { event: 'create' }

stdout | tests/plugins/bug-hunt-build-failure-lifecycle.test.ts > build recovery replaces failures and forgets successful dependencies in static
EVENT static 1789039777478 START

stdout | tests/plugins/bug-hunt-build-failure-lifecycle.test.ts > build recovery replaces failures and forgets successful dependencies in static
EVENT static 1789039777479 BUNDLE_START

stdout | tests/plugins/bug-hunt-build-failure-lifecycle.test.ts > build recovery replaces failures and forgets successful dependencies in static
EVENT static 1789039777699 ERROR

stdout | tests/plugins/bug-hunt-build-failure-lifecycle.test.ts > build recovery replaces failures and forgets successful dependencies in static
EVENT static 1789039777699 END

stdout | tests/plugins/bug-hunt-build-failure-lifecycle.test.ts > build recovery replaces failures and forgets successful dependencies in runtime
EVENT runtime 1789039779730 START

stdout | tests/plugins/bug-hunt-build-failure-lifecycle.test.ts > build recovery replaces failures and forgets successful dependencies in runtime
EVENT runtime 1789039779742 BUNDLE_START

stdout | tests/plugins/bug-hunt-build-failure-lifecycle.test.ts > build recovery replaces failures and forgets successful dependencies in runtime
EVENT runtime 1789039779777 ERROR

stdout | tests/plugins/bug-hunt-build-failure-lifecycle.test.ts > build recovery replaces failures and forgets successful dependencies in runtime
EVENT runtime 1789039779777 END

stdout | tests/plugins/bug-hunt-build-failure-lifecycle.test.ts > build recovery replaces failures and forgets successful dependencies in runtime
WATCH runtime 1789039779784 /private/var/folders/_b/768dhtz56ns54x1r867j67280000gn/T/master-build-recovery-s2wbv8/.vite/master-css-watch-mCOyCh/0 { event: 'create' }

stdout | tests/plugins/bug-hunt-build-failure-lifecycle.test.ts > build recovery replaces failures and forgets successful dependencies in runtime
EVENT runtime 1789039779784 START

stdout | tests/plugins/bug-hunt-build-failure-lifecycle.test.ts > build recovery replaces failures and forgets successful dependencies in runtime
EVENT runtime 1789039779784 BUNDLE_START

stdout | tests/plugins/bug-hunt-build-failure-lifecycle.test.ts > build recovery replaces failures and forgets successful dependencies in runtime
EVENT runtime 1789039779997 ERROR

stdout | tests/plugins/bug-hunt-build-failure-lifecycle.test.ts > build recovery replaces failures and forgets successful dependencies in runtime
EVENT runtime 1789039779997 END

stdout | tests/plugins/bug-hunt-build-failure-lifecycle.test.ts > build recovery replaces failures and forgets successful dependencies in runtime
WATCH runtime 1789039779999 /private/var/folders/_b/768dhtz56ns54x1r867j67280000gn/T/master-build-recovery-s2wbv8/.vite/master-css-watch-mCOyCh/0 { event: 'create' }

stdout | tests/plugins/bug-hunt-build-failure-lifecycle.test.ts > build recovery replaces failures and forgets successful dependencies in runtime
EVENT runtime 1789039779999 START

stdout | tests/plugins/bug-hunt-build-failure-lifecycle.test.ts > build recovery replaces failures and forgets successful dependencies in runtime
EVENT runtime 1789039779999 BUNDLE_START

stdout | tests/plugins/bug-hunt-build-failure-lifecycle.test.ts > build recovery replaces failures and forgets successful dependencies in runtime
EVENT runtime 1789039780211 ERROR

stdout | tests/plugins/bug-hunt-build-failure-lifecycle.test.ts > build recovery replaces failures and forgets successful dependencies in runtime
EVENT runtime 1789039780211 END

stdout | tests/plugins/bug-hunt-build-failure-lifecycle.test.ts > build recovery replaces failures and forgets successful dependencies in pre-render
EVENT pre-render 1789039782330 START

stdout | tests/plugins/bug-hunt-build-failure-lifecycle.test.ts > build recovery replaces failures and forgets successful dependencies in pre-render
EVENT pre-render 1789039782331 BUNDLE_START

stdout | tests/plugins/bug-hunt-build-failure-lifecycle.test.ts > build recovery replaces failures and forgets successful dependencies in pre-render
EVENT pre-render 1789039782427 ERROR

stdout | tests/plugins/bug-hunt-build-failure-lifecycle.test.ts > build recovery replaces failures and forgets successful dependencies in pre-render
EVENT pre-render 1789039782428 END

stdout | tests/plugins/bug-hunt-build-failure-lifecycle.test.ts > build recovery replaces failures and forgets successful dependencies in pre-render
WATCH pre-render 1789039782436 /private/var/folders/_b/768dhtz56ns54x1r867j67280000gn/T/master-build-recovery-yO637o/.vite/master-css-watch-jLYDzd/0 { event: 'create' }

stdout | tests/plugins/bug-hunt-build-failure-lifecycle.test.ts > build recovery replaces failures and forgets successful dependencies in pre-render
EVENT pre-render 1789039782436 START

stdout | tests/plugins/bug-hunt-build-failure-lifecycle.test.ts > build recovery replaces failures and forgets successful dependencies in pre-render
EVENT pre-render 1789039782437 BUNDLE_START

stdout | tests/plugins/bug-hunt-build-failure-lifecycle.test.ts > build recovery replaces failures and forgets successful dependencies in pre-render
EVENT pre-render 1789039782719 ERROR

stdout | tests/plugins/bug-hunt-build-failure-lifecycle.test.ts > build recovery replaces failures and forgets successful dependencies in pre-render
EVENT pre-render 1789039782719 END

stdout | tests/plugins/bug-hunt-build-failure-lifecycle.test.ts > build recovery replaces failures and forgets successful dependencies in pre-render
WATCH pre-render 1789039782721 /private/var/folders/_b/768dhtz56ns54x1r867j67280000gn/T/master-build-recovery-yO637o/.vite/master-css-watch-jLYDzd/0 { event: 'create' }

stdout | tests/plugins/bug-hunt-build-failure-lifecycle.test.ts > build recovery replaces failures and forgets successful dependencies in pre-render
EVENT pre-render 1789039782721 START

stdout | tests/plugins/bug-hunt-build-failure-lifecycle.test.ts > build recovery replaces failures and forgets successful dependencies in pre-render
EVENT pre-render 1789039782721 BUNDLE_START

stdout | tests/plugins/bug-hunt-build-failure-lifecycle.test.ts > build recovery replaces failures and forgets successful dependencies in pre-render
EVENT pre-render 1789039783021 ERROR

stdout | tests/plugins/bug-hunt-build-failure-lifecycle.test.ts > build recovery replaces failures and forgets successful dependencies in pre-render
EVENT pre-render 1789039783021 END

stdout | tests/plugins/bug-hunt-build-failure-lifecycle.test.ts > build recovery replaces failures and forgets successful dependencies in progressive
EVENT progressive 1789039785023 START

stdout | tests/plugins/bug-hunt-build-failure-lifecycle.test.ts > build recovery replaces failures and forgets successful dependencies in progressive
EVENT progressive 1789039785023 BUNDLE_START

stdout | tests/plugins/bug-hunt-build-failure-lifecycle.test.ts > build recovery replaces failures and forgets successful dependencies in progressive
EVENT progressive 1789039785119 ERROR

stdout | tests/plugins/bug-hunt-build-failure-lifecycle.test.ts > build recovery replaces failures and forgets successful dependencies in progressive
EVENT progressive 1789039785119 END

stdout | tests/plugins/bug-hunt-build-failure-lifecycle.test.ts > build recovery replaces failures and forgets successful dependencies in progressive
WATCH progressive 1789039785129 /private/var/folders/_b/768dhtz56ns54x1r867j67280000gn/T/master-build-recovery-IC2We4/.vite/master-css-watch-zBccc5/0 { event: 'create' }

stdout | tests/plugins/bug-hunt-build-failure-lifecycle.test.ts > build recovery replaces failures and forgets successful dependencies in progressive
EVENT progressive 1789039785129 START

stdout | tests/plugins/bug-hunt-build-failure-lifecycle.test.ts > build recovery replaces failures and forgets successful dependencies in progressive
EVENT progressive 1789039785129 BUNDLE_START

stdout | tests/plugins/bug-hunt-build-failure-lifecycle.test.ts > build recovery replaces failures and forgets successful dependencies in progressive
EVENT progressive 1789039785407 ERROR

stdout | tests/plugins/bug-hunt-build-failure-lifecycle.test.ts > build recovery replaces failures and forgets successful dependencies in progressive
EVENT progressive 1789039785408 END

stdout | tests/plugins/bug-hunt-build-failure-lifecycle.test.ts > build recovery replaces failures and forgets successful dependencies in progressive
WATCH progressive 1789039785409 /private/var/folders/_b/768dhtz56ns54x1r867j67280000gn/T/master-build-recovery-IC2We4/.vite/master-css-watch-zBccc5/0 { event: 'create' }

stdout | tests/plugins/bug-hunt-build-failure-lifecycle.test.ts > build recovery replaces failures and forgets successful dependencies in progressive
EVENT progressive 1789039785409 START

stdout | tests/plugins/bug-hunt-build-failure-lifecycle.test.ts > build recovery replaces failures and forgets successful dependencies in progressive
EVENT progressive 1789039785409 BUNDLE_START

stdout | tests/plugins/bug-hunt-build-failure-lifecycle.test.ts > build recovery replaces failures and forgets successful dependencies in progressive
EVENT progressive 1789039785689 ERROR

stdout | tests/plugins/bug-hunt-build-failure-lifecycle.test.ts > build recovery replaces failures and forgets successful dependencies in progressive
EVENT progressive 1789039785689 END

 ❯ tests/plugins/bug-hunt-build-failure-lifecycle.test.ts (6 tests | 4 failed) 11741ms
   × build recovery replaces failures and forgets successful dependencies in static 2519ms
   × build recovery replaces failures and forgets successful dependencies in runtime 2510ms
   × build recovery replaces failures and forgets successful dependencies in pre-render 2722ms
   × build recovery replaces failures and forgets successful dependencies in progressive 2689ms

⎯⎯⎯⎯⎯⎯⎯ Failed Tests 4 ⎯⎯⎯⎯⎯⎯⎯

 FAIL  tests/plugins/bug-hunt-build-failure-lifecycle.test.ts > build recovery replaces failures and forgets successful dependencies in static
AssertionError: expected [ { code: 'ERROR', …(2) } ] to deeply equal []

- Expected
+ Received

- []
+ [
+   {
+     "code": "ERROR",
+     "error": Error {
+       "message": "Build failed with 1 error:
+
+ [plugin master-css:local-compose] /private/var/folders/_b/768dhtz56ns54x1r867j67280000gn/T/master-build-recovery-TN9YXJ/style.css
+ MasterCSSError: Invalid @compose class: definitely-missing
+     at normalizeBindingError (/Users/aron/master/css/packages/binding/src/normalize-error.ts:95:10)
+     at callBinding (/Users/aron/master/css/packages/binding/src/normalize-error.ts:111:11)
+     at invoke (/Users/aron/master/css/packages/binding/src/compiler-binding-adapter.ts:56:12)
+     at Object.compileCSSStylesheetGraph (/Users/aron/master/css/packages/binding/src/compiler-binding-adapter.ts:103:7)
+     at compileGraph (/Users/aron/master/css/packages/compiler/src/stylesheet/delivery.ts:105:28)
+     at compileGraph (/Users/aron/master/css/packages/compiler/src/stylesheet/delivery.ts:97:22)
+     at compileDeliveredSource (/Users/aron/master/css/packages/compiler/src/stylesheet/delivery.ts:172:18)
+     at transformLocalStylesheet (/Users/aron/master/css/packages/compiler/src/stylesheet/index.ts:487:22)
+     at transformStylesheet (/Users/aron/master/css/packages/compiler/src/stylesheet/public.ts:354:18)
+     at /Users/aron/master/css/packages/vite/src/plugins/local-compose.ts:134:24
+ Caused by:
+   Error: {\"code\":\"invalid-compose-class\",\"message\":\"Invalid @compose class: definitely-missing\",\"source\":\"/private/var/folders/_b/768dhtz56ns54x1r867j67280000gn/T/master-build-recovery-TN9YXJ/missing/nested/tokens.css\",\"range\":{\"start\":26,\"end\":44}}
+       at Object.compileCSSStylesheetGraph (/Users/aron/master/css/packages/binding/src/compiler.ts:80:29)
+       at /Users/aron/master/css/packages/binding/src/compiler-binding-adapter.ts:103:43
+       at callBinding (/Users/aron/master/css/packages/binding/src/normalize-error.ts:109:12)
+       at invoke (/Users/aron/master/css/packages/binding/src/compiler-binding-adapter.ts:56:12)
+       at Object.compileCSSStylesheetGraph (/Users/aron/master/css/packages/binding/src/compiler-binding-adapter.ts:103:7)
+       at compileGraph (/Users/aron/master/css/packages/compiler/src/stylesheet/delivery.ts:105:28)
+       at compileGraph (/Users/aron/master/css/packages/compiler/src/stylesheet/delivery.ts:97:22)
+       at compileDeliveredSource (/Users/aron/master/css/packages/compiler/src/stylesheet/delivery.ts:172:18)
+       at transformLocalStylesheet (/Users/aron/master/css/packages/compiler/src/stylesheet/index.ts:487:22)
+       at transformStylesheet (/Users/aron/master/css/packages/compiler/src/stylesheet/public.ts:354:18)",
+       "errors": [
+         MasterCSSError {
+           "message": "Invalid @compose class: definitely-missing",
+           "cause": Error {
+             "message": "{\"code\":\"invalid-compose-class\",\"message\":\"Invalid @compose class: definitely-missing\",\"source\":\"/private/var/folders/_b/768dhtz56ns54x1r867j67280000gn/T/master-build-recovery-TN9YXJ/missing/nested/tokens.css\",\"range\":{\"start\":26,\"end\":44}}",
+             "code": "GenericFailure",
+           },
+           "code": "PLUGIN_ERROR",
+           "domain": "compiler",
+           "diagnostics": [
+             {
+               "code": "invalid-compose-class",
+               "domain": "compiler",
+               "message": "Invalid @compose class: definitely-missing",
+               "range": {
+                 "end": {
+                   "character": 44,
+                   "line": 0,
+                 },
+                 "start": {
+                   "character": 26,
+                   "line": 0,
+                 },
+               },
+               "severity": "error",
+               "source": "/private/var/folders/_b/768dhtz56ns54x1r867j67280000gn/T/master-build-recovery-TN9YXJ/missing/nested/tokens.css",
+               "version": 2,
+             },
+           ],
+           "payload": {
+             "code": "invalid-compose-class",
+             "diagnostics": [
+               {
+                 "code": "invalid-compose-class",
+                 "domain": "compiler",
+                 "message": "Invalid @compose class: definitely-missing",
+                 "range": {
+                   "end": {
+                     "character": 44,
+                     "line": 0,
+                   },
+                   "start": {
+                     "character": 26,
+                     "line": 0,
+                   },
+                 },
+                 "severity": "error",
+                 "source": "/private/var/folders/_b/768dhtz56ns54x1r867j67280000gn/T/master-build-recovery-TN9YXJ/missing/nested/tokens.css",
+                 "version": 2,
+               },
+             ],
+             "domain": "compiler",
+             "message": "Invalid @compose class: definitely-missing",
+           },
+           "name": "MasterCSSError",
+           "pluginCode": "invalid-compose-class",
+           "plugin": "master-css:local-compose",
+           "hook": "transform",
+           "id": "/private/var/folders/_b/768dhtz56ns54x1r867j67280000gn/T/master-build-recovery-TN9YXJ/style.css",
+         },
+       ],
+     },
+     "result": BindingWatcherBundler {},
+   },
+ ]

 ❯ tests/plugins/bug-hunt-build-failure-lifecycle.test.ts:43:81
     41|       state.write('@utilities{paint{@compose definitely-missing;}}')
     42|       const invalid = await state.next();expect(invalid.code).toBe('ER…
     43|       await delay(process.env.BH_WATCH_TRACE ? 2000 : 250);expect(stat…
       |                                                                                 ^
     44|       state.write('@utilities{paint{padding:3rem}}')
     45|       expect((await state.next()).code).toBe('BUNDLE_END');expect(stat…
 ❯ fixture tests/plugins/bug-hunt-build-failure-lifecycle.test.ts:11:9
 ❯ tests/plugins/bug-hunt-build-failure-lifecycle.test.ts:39:5

⎯⎯⎯⎯⎯⎯⎯⎯⎯⎯⎯⎯⎯⎯⎯⎯⎯⎯⎯⎯⎯⎯⎯⎯[1/4]⎯

 FAIL  tests/plugins/bug-hunt-build-failure-lifecycle.test.ts > build recovery replaces failures and forgets successful dependencies in runtime
AssertionError: expected [ { code: 'ERROR', …(2) } ] to deeply equal []

- Expected
+ Received

- []
+ [
+   {
+     "code": "ERROR",
+     "error": Error {
+       "message": "Build failed with 1 error:
+
+ [plugin master-css:local-compose] /private/var/folders/_b/768dhtz56ns54x1r867j67280000gn/T/master-build-recovery-s2wbv8/style.css
+ MasterCSSError: Invalid @compose class: definitely-missing
+     at normalizeBindingError (/Users/aron/master/css/packages/binding/src/normalize-error.ts:95:10)
+     at callBinding (/Users/aron/master/css/packages/binding/src/normalize-error.ts:111:11)
+     at invoke (/Users/aron/master/css/packages/binding/src/compiler-binding-adapter.ts:56:12)
+     at Object.compileCSSStylesheetGraph (/Users/aron/master/css/packages/binding/src/compiler-binding-adapter.ts:103:7)
+     at compileGraph (/Users/aron/master/css/packages/compiler/src/stylesheet/delivery.ts:105:28)
+     at compileGraph (/Users/aron/master/css/packages/compiler/src/stylesheet/delivery.ts:97:22)
+     at compileDeliveredSource (/Users/aron/master/css/packages/compiler/src/stylesheet/delivery.ts:172:18)
+     at transformLocalStylesheet (/Users/aron/master/css/packages/compiler/src/stylesheet/index.ts:487:22)
+     at transformStylesheet (/Users/aron/master/css/packages/compiler/src/stylesheet/public.ts:354:18)
+     at /Users/aron/master/css/packages/vite/src/plugins/local-compose.ts:134:24
+ Caused by:
+   Error: {\"code\":\"invalid-compose-class\",\"message\":\"Invalid @compose class: definitely-missing\",\"source\":\"/private/var/folders/_b/768dhtz56ns54x1r867j67280000gn/T/master-build-recovery-s2wbv8/missing/nested/tokens.css\",\"range\":{\"start\":26,\"end\":44}}
+       at Object.compileCSSStylesheetGraph (/Users/aron/master/css/packages/binding/src/compiler.ts:80:29)
+       at /Users/aron/master/css/packages/binding/src/compiler-binding-adapter.ts:103:43
+       at callBinding (/Users/aron/master/css/packages/binding/src/normalize-error.ts:109:12)
+       at invoke (/Users/aron/master/css/packages/binding/src/compiler-binding-adapter.ts:56:12)
+       at Object.compileCSSStylesheetGraph (/Users/aron/master/css/packages/binding/src/compiler-binding-adapter.ts:103:7)
+       at compileGraph (/Users/aron/master/css/packages/compiler/src/stylesheet/delivery.ts:105:28)
+       at compileGraph (/Users/aron/master/css/packages/compiler/src/stylesheet/delivery.ts:97:22)
+       at compileDeliveredSource (/Users/aron/master/css/packages/compiler/src/stylesheet/delivery.ts:172:18)
+       at transformLocalStylesheet (/Users/aron/master/css/packages/compiler/src/stylesheet/index.ts:487:22)
+       at transformStylesheet (/Users/aron/master/css/packages/compiler/src/stylesheet/public.ts:354:18)",
+       "errors": [
+         MasterCSSError {
+           "message": "Invalid @compose class: definitely-missing",
+           "cause": Error {
+             "message": "{\"code\":\"invalid-compose-class\",\"message\":\"Invalid @compose class: definitely-missing\",\"source\":\"/private/var/folders/_b/768dhtz56ns54x1r867j67280000gn/T/master-build-recovery-s2wbv8/missing/nested/tokens.css\",\"range\":{\"start\":26,\"end\":44}}",
+             "code": "GenericFailure",
+           },
+           "code": "PLUGIN_ERROR",
+           "domain": "compiler",
+           "diagnostics": [
+             {
+               "code": "invalid-compose-class",
+               "domain": "compiler",
+               "message": "Invalid @compose class: definitely-missing",
+               "range": {
+                 "end": {
+                   "character": 44,
+                   "line": 0,
+                 },
+                 "start": {
+                   "character": 26,
+                   "line": 0,
+                 },
+               },
+               "severity": "error",
+               "source": "/private/var/folders/_b/768dhtz56ns54x1r867j67280000gn/T/master-build-recovery-s2wbv8/missing/nested/tokens.css",
+               "version": 2,
+             },
+           ],
+           "payload": {
+             "code": "invalid-compose-class",
+             "diagnostics": [
+               {
+                 "code": "invalid-compose-class",
+                 "domain": "compiler",
+                 "message": "Invalid @compose class: definitely-missing",
+                 "range": {
+                   "end": {
+                     "character": 44,
+                     "line": 0,
+                   },
+                   "start": {
+                     "character": 26,
+                     "line": 0,
+                   },
+                 },
+                 "severity": "error",
+                 "source": "/private/var/folders/_b/768dhtz56ns54x1r867j67280000gn/T/master-build-recovery-s2wbv8/missing/nested/tokens.css",
+                 "version": 2,
+               },
+             ],
+             "domain": "compiler",
+             "message": "Invalid @compose class: definitely-missing",
+           },
+           "name": "MasterCSSError",
+           "pluginCode": "invalid-compose-class",
+           "plugin": "master-css:local-compose",
+           "hook": "transform",
+           "id": "/private/var/folders/_b/768dhtz56ns54x1r867j67280000gn/T/master-build-recovery-s2wbv8/style.css",
+         },
+       ],
+     },
+     "result": BindingWatcherBundler {},
+   },
+ ]

 ❯ tests/plugins/bug-hunt-build-failure-lifecycle.test.ts:43:81
     41|       state.write('@utilities{paint{@compose definitely-missing;}}')
     42|       const invalid = await state.next();expect(invalid.code).toBe('ER…
     43|       await delay(process.env.BH_WATCH_TRACE ? 2000 : 250);expect(stat…
       |                                                                                 ^
     44|       state.write('@utilities{paint{padding:3rem}}')
     45|       expect((await state.next()).code).toBe('BUNDLE_END');expect(stat…
 ❯ fixture tests/plugins/bug-hunt-build-failure-lifecycle.test.ts:11:9
 ❯ tests/plugins/bug-hunt-build-failure-lifecycle.test.ts:39:5

⎯⎯⎯⎯⎯⎯⎯⎯⎯⎯⎯⎯⎯⎯⎯⎯⎯⎯⎯⎯⎯⎯⎯⎯[2/4]⎯

 FAIL  tests/plugins/bug-hunt-build-failure-lifecycle.test.ts > build recovery replaces failures and forgets successful dependencies in pre-render
AssertionError: expected [ { code: 'ERROR', …(2) } ] to deeply equal []

- Expected
+ Received

- []
+ [
+   {
+     "code": "ERROR",
+     "error": Error {
+       "message": "Build failed with 1 error:
+
+ [plugin master-css:local-compose] /private/var/folders/_b/768dhtz56ns54x1r867j67280000gn/T/master-build-recovery-yO637o/style.css
+ MasterCSSError: Invalid @compose class: definitely-missing
+     at normalizeBindingError (/Users/aron/master/css/packages/binding/src/normalize-error.ts:95:10)
+     at callBinding (/Users/aron/master/css/packages/binding/src/normalize-error.ts:111:11)
+     at invoke (/Users/aron/master/css/packages/binding/src/compiler-binding-adapter.ts:56:12)
+     at Object.compileCSSStylesheetGraph (/Users/aron/master/css/packages/binding/src/compiler-binding-adapter.ts:103:7)
+     at compileGraph (/Users/aron/master/css/packages/compiler/src/stylesheet/delivery.ts:105:28)
+     at compileGraph (/Users/aron/master/css/packages/compiler/src/stylesheet/delivery.ts:97:22)
+     at compileDeliveredSource (/Users/aron/master/css/packages/compiler/src/stylesheet/delivery.ts:172:18)
+     at transformLocalStylesheet (/Users/aron/master/css/packages/compiler/src/stylesheet/index.ts:487:22)
+     at transformStylesheet (/Users/aron/master/css/packages/compiler/src/stylesheet/public.ts:354:18)
+     at /Users/aron/master/css/packages/vite/src/plugins/local-compose.ts:134:24
+ Caused by:
+   Error: {\"code\":\"invalid-compose-class\",\"message\":\"Invalid @compose class: definitely-missing\",\"source\":\"/private/var/folders/_b/768dhtz56ns54x1r867j67280000gn/T/master-build-recovery-yO637o/missing/nested/tokens.css\",\"range\":{\"start\":26,\"end\":44}}
+       at Object.compileCSSStylesheetGraph (/Users/aron/master/css/packages/binding/src/compiler.ts:80:29)
+       at /Users/aron/master/css/packages/binding/src/compiler-binding-adapter.ts:103:43
+       at callBinding (/Users/aron/master/css/packages/binding/src/normalize-error.ts:109:12)
+       at invoke (/Users/aron/master/css/packages/binding/src/compiler-binding-adapter.ts:56:12)
+       at Object.compileCSSStylesheetGraph (/Users/aron/master/css/packages/binding/src/compiler-binding-adapter.ts:103:7)
+       at compileGraph (/Users/aron/master/css/packages/compiler/src/stylesheet/delivery.ts:105:28)
+       at compileGraph (/Users/aron/master/css/packages/compiler/src/stylesheet/delivery.ts:97:22)
+       at compileDeliveredSource (/Users/aron/master/css/packages/compiler/src/stylesheet/delivery.ts:172:18)
+       at transformLocalStylesheet (/Users/aron/master/css/packages/compiler/src/stylesheet/index.ts:487:22)
+       at transformStylesheet (/Users/aron/master/css/packages/compiler/src/stylesheet/public.ts:354:18)",
+       "errors": [
+         MasterCSSError {
+           "message": "Invalid @compose class: definitely-missing",
+           "cause": Error {
+             "message": "{\"code\":\"invalid-compose-class\",\"message\":\"Invalid @compose class: definitely-missing\",\"source\":\"/private/var/folders/_b/768dhtz56ns54x1r867j67280000gn/T/master-build-recovery-yO637o/missing/nested/tokens.css\",\"range\":{\"start\":26,\"end\":44}}",
+             "code": "GenericFailure",
+           },
+           "code": "PLUGIN_ERROR",
+           "domain": "compiler",
+           "diagnostics": [
+             {
+               "code": "invalid-compose-class",
+               "domain": "compiler",
+               "message": "Invalid @compose class: definitely-missing",
+               "range": {
+                 "end": {
+                   "character": 44,
+                   "line": 0,
+                 },
+                 "start": {
+                   "character": 26,
+                   "line": 0,
+                 },
+               },
+               "severity": "error",
+               "source": "/private/var/folders/_b/768dhtz56ns54x1r867j67280000gn/T/master-build-recovery-yO637o/missing/nested/tokens.css",
+               "version": 2,
+             },
+           ],
+           "payload": {
+             "code": "invalid-compose-class",
+             "diagnostics": [
+               {
+                 "code": "invalid-compose-class",
+                 "domain": "compiler",
+                 "message": "Invalid @compose class: definitely-missing",
+                 "range": {
+                   "end": {
+                     "character": 44,
+                     "line": 0,
+                   },
+                   "start": {
+                     "character": 26,
+                     "line": 0,
+                   },
+                 },
+                 "severity": "error",
+                 "source": "/private/var/folders/_b/768dhtz56ns54x1r867j67280000gn/T/master-build-recovery-yO637o/missing/nested/tokens.css",
+                 "version": 2,
+               },
+             ],
+             "domain": "compiler",
+             "message": "Invalid @compose class: definitely-missing",
+           },
+           "name": "MasterCSSError",
+           "pluginCode": "invalid-compose-class",
+           "plugin": "master-css:local-compose",
+           "hook": "transform",
+           "id": "/private/var/folders/_b/768dhtz56ns54x1r867j67280000gn/T/master-build-recovery-yO637o/style.css",
+         },
+       ],
+     },
+     "result": BindingWatcherBundler {},
+   },
+ ]

 ❯ tests/plugins/bug-hunt-build-failure-lifecycle.test.ts:43:81
     41|       state.write('@utilities{paint{@compose definitely-missing;}}')
     42|       const invalid = await state.next();expect(invalid.code).toBe('ER…
     43|       await delay(process.env.BH_WATCH_TRACE ? 2000 : 250);expect(stat…
       |                                                                                 ^
     44|       state.write('@utilities{paint{padding:3rem}}')
     45|       expect((await state.next()).code).toBe('BUNDLE_END');expect(stat…
 ❯ fixture tests/plugins/bug-hunt-build-failure-lifecycle.test.ts:11:9
 ❯ tests/plugins/bug-hunt-build-failure-lifecycle.test.ts:39:5

⎯⎯⎯⎯⎯⎯⎯⎯⎯⎯⎯⎯⎯⎯⎯⎯⎯⎯⎯⎯⎯⎯⎯⎯[3/4]⎯

 FAIL  tests/plugins/bug-hunt-build-failure-lifecycle.test.ts > build recovery replaces failures and forgets successful dependencies in progressive
AssertionError: expected [ { code: 'ERROR', …(2) } ] to deeply equal []

- Expected
+ Received

- []
+ [
+   {
+     "code": "ERROR",
+     "error": Error {
+       "message": "Build failed with 1 error:
+
+ [plugin master-css:local-compose] /private/var/folders/_b/768dhtz56ns54x1r867j67280000gn/T/master-build-recovery-IC2We4/style.css
+ MasterCSSError: Invalid @compose class: definitely-missing
+     at normalizeBindingError (/Users/aron/master/css/packages/binding/src/normalize-error.ts:95:10)
+     at callBinding (/Users/aron/master/css/packages/binding/src/normalize-error.ts:111:11)
+     at invoke (/Users/aron/master/css/packages/binding/src/compiler-binding-adapter.ts:56:12)
+     at Object.compileCSSStylesheetGraph (/Users/aron/master/css/packages/binding/src/compiler-binding-adapter.ts:103:7)
+     at compileGraph (/Users/aron/master/css/packages/compiler/src/stylesheet/delivery.ts:105:28)
+     at compileGraph (/Users/aron/master/css/packages/compiler/src/stylesheet/delivery.ts:97:22)
+     at compileDeliveredSource (/Users/aron/master/css/packages/compiler/src/stylesheet/delivery.ts:172:18)
+     at transformLocalStylesheet (/Users/aron/master/css/packages/compiler/src/stylesheet/index.ts:487:22)
+     at transformStylesheet (/Users/aron/master/css/packages/compiler/src/stylesheet/public.ts:354:18)
+     at /Users/aron/master/css/packages/vite/src/plugins/local-compose.ts:134:24
+ Caused by:
+   Error: {\"code\":\"invalid-compose-class\",\"message\":\"Invalid @compose class: definitely-missing\",\"source\":\"/private/var/folders/_b/768dhtz56ns54x1r867j67280000gn/T/master-build-recovery-IC2We4/missing/nested/tokens.css\",\"range\":{\"start\":26,\"end\":44}}
+       at Object.compileCSSStylesheetGraph (/Users/aron/master/css/packages/binding/src/compiler.ts:80:29)
+       at /Users/aron/master/css/packages/binding/src/compiler-binding-adapter.ts:103:43
+       at callBinding (/Users/aron/master/css/packages/binding/src/normalize-error.ts:109:12)
+       at invoke (/Users/aron/master/css/packages/binding/src/compiler-binding-adapter.ts:56:12)
+       at Object.compileCSSStylesheetGraph (/Users/aron/master/css/packages/binding/src/compiler-binding-adapter.ts:103:7)
+       at compileGraph (/Users/aron/master/css/packages/compiler/src/stylesheet/delivery.ts:105:28)
+       at compileGraph (/Users/aron/master/css/packages/compiler/src/stylesheet/delivery.ts:97:22)
+       at compileDeliveredSource (/Users/aron/master/css/packages/compiler/src/stylesheet/delivery.ts:172:18)
+       at transformLocalStylesheet (/Users/aron/master/css/packages/compiler/src/stylesheet/index.ts:487:22)
+       at transformStylesheet (/Users/aron/master/css/packages/compiler/src/stylesheet/public.ts:354:18)",
+       "errors": [
+         MasterCSSError {
+           "message": "Invalid @compose class: definitely-missing",
+           "cause": Error {
+             "message": "{\"code\":\"invalid-compose-class\",\"message\":\"Invalid @compose class: definitely-missing\",\"source\":\"/private/var/folders/_b/768dhtz56ns54x1r867j67280000gn/T/master-build-recovery-IC2We4/missing/nested/tokens.css\",\"range\":{\"start\":26,\"end\":44}}",
+             "code": "GenericFailure",
+           },
+           "code": "PLUGIN_ERROR",
+           "domain": "compiler",
+           "diagnostics": [
+             {
+               "code": "invalid-compose-class",
+               "domain": "compiler",
+               "message": "Invalid @compose class: definitely-missing",
+               "range": {
+                 "end": {
+                   "character": 44,
+                   "line": 0,
+                 },
+                 "start": {
+                   "character": 26,
+                   "line": 0,
+                 },
+               },
+               "severity": "error",
+               "source": "/private/var/folders/_b/768dhtz56ns54x1r867j67280000gn/T/master-build-recovery-IC2We4/missing/nested/tokens.css",
+               "version": 2,
+             },
+           ],
+           "payload": {
+             "code": "invalid-compose-class",
+             "diagnostics": [
+               {
+                 "code": "invalid-compose-class",
+                 "domain": "compiler",
+                 "message": "Invalid @compose class: definitely-missing",
+                 "range": {
+                   "end": {
+                     "character": 44,
+                     "line": 0,
+                   },
+                   "start": {
+                     "character": 26,
+                     "line": 0,
+                   },
+                 },
+                 "severity": "error",
+                 "source": "/private/var/folders/_b/768dhtz56ns54x1r867j67280000gn/T/master-build-recovery-IC2We4/missing/nested/tokens.css",
+                 "version": 2,
+               },
+             ],
+             "domain": "compiler",
+             "message": "Invalid @compose class: definitely-missing",
+           },
+           "name": "MasterCSSError",
+           "pluginCode": "invalid-compose-class",
+           "plugin": "master-css:local-compose",
+           "hook": "transform",
+           "id": "/private/var/folders/_b/768dhtz56ns54x1r867j67280000gn/T/master-build-recovery-IC2We4/style.css",
+         },
+       ],
+     },
+     "result": BindingWatcherBundler {},
+   },
+ ]

 ❯ tests/plugins/bug-hunt-build-failure-lifecycle.test.ts:43:81
     41|       state.write('@utilities{paint{@compose definitely-missing;}}')
     42|       const invalid = await state.next();expect(invalid.code).toBe('ER…
     43|       await delay(process.env.BH_WATCH_TRACE ? 2000 : 250);expect(stat…
       |                                                                                 ^
     44|       state.write('@utilities{paint{padding:3rem}}')
     45|       expect((await state.next()).code).toBe('BUNDLE_END');expect(stat…
 ❯ fixture tests/plugins/bug-hunt-build-failure-lifecycle.test.ts:11:9
 ❯ tests/plugins/bug-hunt-build-failure-lifecycle.test.ts:39:5

⎯⎯⎯⎯⎯⎯⎯⎯⎯⎯⎯⎯⎯⎯⎯⎯⎯⎯⎯⎯⎯⎯⎯⎯[4/4]⎯


 Test Files  1 failed (1)
      Tests  4 failed | 2 passed (6)
   Start at  19:29:36
   Duration  12.23s (tests 96%, transform 2%, import 1%)

Error: ERR_PNPM_RECURSIVE_EXEC_FIRST_FAIL

  × "pnpm recursive exec" failed in /Users/aron/master/css/packages/vite

