(!) Your Vite config uses features that are unsupported by `configLoader: 'native'`, which is planned to become the default in a future major version of Vite:
  - import "../../shared/vitest.config" without a file extension (vitest.config.ts:2:20). Add the file extension
  - import "./vitest-ci-config" without a file extension (../../shared/vitest.config.ts:2:58). Add the file extension
Set `VITE_CONFIG_NATIVE_IGNORE_WARNING=true` to suppress this warning.

 RUN  v5.0.0 /Users/aron/master/css/packages/vite

stdout | tests/plugins/bug-hunt-reference-host-recovery.test.ts > BH-0004 build-watch reference recovery scss/plain-root/startup=true
build-event {"kind":"plain-root","syntax":"scss","startupMissing":true,"code":"START"}

stdout | tests/plugins/bug-hunt-reference-host-recovery.test.ts > BH-0004 build-watch reference recovery scss/plain-root/startup=true
build-event {"kind":"plain-root","syntax":"scss","startupMissing":true,"code":"BUNDLE_START"}

stdout | tests/plugins/bug-hunt-reference-host-recovery.test.ts > BH-0004 build-watch reference recovery scss/plain-root/startup=true
build-event {"kind":"plain-root","syntax":"scss","startupMissing":true,"code":"ERROR","error":"Error: Build failed with 1 error:\n\n[plugin master-css:local-compose] /private/var/folders/_b/768dhtz56ns54x1r867j67280000gn/T/master-css-reference-recovery-4BL4QJ/main/style.scss.master-css-sass.css\nError: ENOENT: no such file or directory, lstat '/private/var/folders/_b/768dhtz56ns54x1r867j67280000gn/T/master-css-reference-recovery-4BL4QJ/shared/tokens.css'\n    at realpathSync (node:fs:2848:29)\n    at compileGraph (/Users/aron/master/css/packages/compiler/src/stylesheet/delivery.ts:95:24)\n    at compileDeliveredSource (/Users/aron/master/css/packages/compiler/src/stylesheet/delivery.ts:172:18)\n    at transformLocalStylesheet (/Users/aron/master/css/packages/compiler/src/stylesheet/index.ts:487:22)\n    at transformStylesheet (/Users/aron/master/css/packages/compiler/src/stylesheet/public.ts:354:18)\n    at /Users/aron/master/css/packages/vite/src/plugins/local-compose.ts:134:24\n    at withSassDiagnostics (/Users/aron/master/css/packages/vite/src/utils/sass-diagnostics.ts:51:16)\n    at withStylesheetDependencies (/Users/aron/master/css/packages/vite/src/utils/failed-stylesheet-dependencies.ts:48:20)\n    at plugin (file:///Users/aron/master/css/node_modules/.pnpm/rolldown@1.2.7/node_modules/rolldown/dist/shared/bindingify-input-options-DrImMHKQ.mjs:1539:16)\n    at plugin.<computed> (file:///Users/aron/master/css/node_modules/.pnpm/rolldown@1.2.7/node_modules/rolldown/dist/shared/bindingify-input-options-DrImMHKQ.mjs:2127:12)","details":{"errors":[{"errno":-2,"code":"PLUGIN_ERROR","syscall":"lstat","path":"/private/var/folders/_b/768dhtz56ns54x1r867j67280000gn/T/master-css-reference-recovery-4BL4QJ/shared/tokens.css","pluginCode":"ENOENT","plugin":"master-css:local-compose","hook":"transform","id":"/private/var/folders/_b/768dhtz56ns54x1r867j67280000gn/T/master-css-reference-recovery-4BL4QJ/main/style.scss.master-css-sass.css"}]}}

stdout | tests/plugins/bug-hunt-reference-host-recovery.test.ts > BH-0004 build-watch reference recovery scss/plain-root/startup=true
build-event {"kind":"plain-root","syntax":"scss","startupMissing":true,"code":"END"}

stdout | tests/plugins/bug-hunt-reference-host-recovery.test.ts > BH-0004 build-watch reference recovery scss/module-root/startup=true
build-event {"kind":"module-root","syntax":"scss","startupMissing":true,"code":"START"}

stdout | tests/plugins/bug-hunt-reference-host-recovery.test.ts > BH-0004 build-watch reference recovery scss/module-root/startup=true
build-event {"kind":"module-root","syntax":"scss","startupMissing":true,"code":"BUNDLE_START"}

stdout | tests/plugins/bug-hunt-reference-host-recovery.test.ts > BH-0004 build-watch reference recovery scss/module-root/startup=true
build-event {"kind":"module-root","syntax":"scss","startupMissing":true,"code":"ERROR","error":"Error: Build failed with 1 error:\n\n[plugin master-css:local-compose] /private/var/folders/_b/768dhtz56ns54x1r867j67280000gn/T/master-css-reference-recovery-VF2Cw2/main/style.module.scss.master-css-sass.css\nError: ENOENT: no such file or directory, lstat '/private/var/folders/_b/768dhtz56ns54x1r867j67280000gn/T/master-css-reference-recovery-VF2Cw2/shared/tokens.css'\n    at realpathSync (node:fs:2848:29)\n    at compileGraph (/Users/aron/master/css/packages/compiler/src/stylesheet/delivery.ts:95:24)\n    at compileDeliveredSource (/Users/aron/master/css/packages/compiler/src/stylesheet/delivery.ts:172:18)\n    at transformLocalStylesheet (/Users/aron/master/css/packages/compiler/src/stylesheet/index.ts:487:22)\n    at transformStylesheet (/Users/aron/master/css/packages/compiler/src/stylesheet/public.ts:354:18)\n    at /Users/aron/master/css/packages/vite/src/plugins/local-compose.ts:134:24\n    at withSassDiagnostics (/Users/aron/master/css/packages/vite/src/utils/sass-diagnostics.ts:51:16)\n    at withStylesheetDependencies (/Users/aron/master/css/packages/vite/src/utils/failed-stylesheet-dependencies.ts:48:20)\n    at plugin (file:///Users/aron/master/css/node_modules/.pnpm/rolldown@1.2.7/node_modules/rolldown/dist/shared/bindingify-input-options-DrImMHKQ.mjs:1539:16)\n    at plugin.<computed> (file:///Users/aron/master/css/node_modules/.pnpm/rolldown@1.2.7/node_modules/rolldown/dist/shared/bindingify-input-options-DrImMHKQ.mjs:2127:12)","details":{"errors":[{"errno":-2,"code":"PLUGIN_ERROR","syscall":"lstat","path":"/private/var/folders/_b/768dhtz56ns54x1r867j67280000gn/T/master-css-reference-recovery-VF2Cw2/shared/tokens.css","pluginCode":"ENOENT","plugin":"master-css:local-compose","hook":"transform","id":"/private/var/folders/_b/768dhtz56ns54x1r867j67280000gn/T/master-css-reference-recovery-VF2Cw2/main/style.module.scss.master-css-sass.css"}]}}

stdout | tests/plugins/bug-hunt-reference-host-recovery.test.ts > BH-0004 build-watch reference recovery scss/module-root/startup=true
build-event {"kind":"module-root","syntax":"scss","startupMissing":true,"code":"END"}

stdout | tests/plugins/bug-hunt-reference-host-recovery.test.ts > BH-0004 build-watch reference recovery scss/retained-module/startup=true
build-event {"kind":"retained-module","syntax":"scss","startupMissing":true,"code":"START"}

stdout | tests/plugins/bug-hunt-reference-host-recovery.test.ts > BH-0004 build-watch reference recovery scss/retained-module/startup=true
build-event {"kind":"retained-module","syntax":"scss","startupMissing":true,"code":"BUNDLE_START"}

stdout | tests/plugins/bug-hunt-reference-host-recovery.test.ts > BH-0004 build-watch reference recovery scss/retained-module/startup=true
build-event {"kind":"retained-module","syntax":"scss","startupMissing":true,"code":"ERROR","error":"Error: Build failed with 1 error:\n\n[plugin master-css:local-compose] /private/var/folders/_b/768dhtz56ns54x1r867j67280000gn/T/master-css-reference-recovery-MUDgcy/style.module.css.master-css-sass.css\nError: ENOENT: no such file or directory, lstat '/private/var/folders/_b/768dhtz56ns54x1r867j67280000gn/T/master-css-reference-recovery-MUDgcy/shared/tokens.css'\n    at realpathSync (node:fs:2848:29)\n    at compileGraph (/Users/aron/master/css/packages/compiler/src/stylesheet/delivery.ts:95:24)\n    at compileDeliveredSource (/Users/aron/master/css/packages/compiler/src/stylesheet/delivery.ts:172:18)\n    at transformLocalStylesheet (/Users/aron/master/css/packages/compiler/src/stylesheet/index.ts:487:22)\n    at transformStylesheet (/Users/aron/master/css/packages/compiler/src/stylesheet/public.ts:354:18)\n    at /Users/aron/master/css/packages/vite/src/plugins/local-compose.ts:134:24\n    at withSassDiagnostics (/Users/aron/master/css/packages/vite/src/utils/sass-diagnostics.ts:51:16)\n    at withStylesheetDependencies (/Users/aron/master/css/packages/vite/src/utils/failed-stylesheet-dependencies.ts:48:20)\n    at plugin (file:///Users/aron/master/css/node_modules/.pnpm/rolldown@1.2.7/node_modules/rolldown/dist/shared/bindingify-input-options-DrImMHKQ.mjs:1539:16)\n    at plugin.<computed> (file:///Users/aron/master/css/node_modules/.pnpm/rolldown@1.2.7/node_modules/rolldown/dist/shared/bindingify-input-options-DrImMHKQ.mjs:2127:12)","details":{"errors":[{"errno":-2,"code":"PLUGIN_ERROR","syscall":"lstat","path":"/private/var/folders/_b/768dhtz56ns54x1r867j67280000gn/T/master-css-reference-recovery-MUDgcy/shared/tokens.css","pluginCode":"ENOENT","plugin":"master-css:local-compose","hook":"transform","id":"/private/var/folders/_b/768dhtz56ns54x1r867j67280000gn/T/master-css-reference-recovery-MUDgcy/style.module.css.master-css-sass.css"}]}}

stdout | tests/plugins/bug-hunt-reference-host-recovery.test.ts > BH-0004 build-watch reference recovery scss/retained-module/startup=true
build-event {"kind":"retained-module","syntax":"scss","startupMissing":true,"code":"END"}

stdout | tests/plugins/bug-hunt-reference-host-recovery.test.ts > BH-0004 build-watch reference recovery sass/plain-root/startup=true
build-event {"kind":"plain-root","syntax":"sass","startupMissing":true,"code":"START"}

stdout | tests/plugins/bug-hunt-reference-host-recovery.test.ts > BH-0004 build-watch reference recovery sass/plain-root/startup=true
build-event {"kind":"plain-root","syntax":"sass","startupMissing":true,"code":"BUNDLE_START"}

stdout | tests/plugins/bug-hunt-reference-host-recovery.test.ts > BH-0004 build-watch reference recovery sass/plain-root/startup=true
build-event {"kind":"plain-root","syntax":"sass","startupMissing":true,"code":"ERROR","error":"Error: Build failed with 1 error:\n\n[plugin master-css:local-compose] /private/var/folders/_b/768dhtz56ns54x1r867j67280000gn/T/master-css-reference-recovery-jXO20B/main/style.sass.master-css-sass.css\nError: ENOENT: no such file or directory, lstat '/private/var/folders/_b/768dhtz56ns54x1r867j67280000gn/T/master-css-reference-recovery-jXO20B/shared/tokens.css'\n    at realpathSync (node:fs:2848:29)\n    at compileGraph (/Users/aron/master/css/packages/compiler/src/stylesheet/delivery.ts:95:24)\n    at compileDeliveredSource (/Users/aron/master/css/packages/compiler/src/stylesheet/delivery.ts:172:18)\n    at transformLocalStylesheet (/Users/aron/master/css/packages/compiler/src/stylesheet/index.ts:487:22)\n    at transformStylesheet (/Users/aron/master/css/packages/compiler/src/stylesheet/public.ts:354:18)\n    at /Users/aron/master/css/packages/vite/src/plugins/local-compose.ts:134:24\n    at withSassDiagnostics (/Users/aron/master/css/packages/vite/src/utils/sass-diagnostics.ts:51:16)\n    at withStylesheetDependencies (/Users/aron/master/css/packages/vite/src/utils/failed-stylesheet-dependencies.ts:48:20)\n    at plugin (file:///Users/aron/master/css/node_modules/.pnpm/rolldown@1.2.7/node_modules/rolldown/dist/shared/bindingify-input-options-DrImMHKQ.mjs:1539:16)\n    at plugin.<computed> (file:///Users/aron/master/css/node_modules/.pnpm/rolldown@1.2.7/node_modules/rolldown/dist/shared/bindingify-input-options-DrImMHKQ.mjs:2127:12)","details":{"errors":[{"errno":-2,"code":"PLUGIN_ERROR","syscall":"lstat","path":"/private/var/folders/_b/768dhtz56ns54x1r867j67280000gn/T/master-css-reference-recovery-jXO20B/shared/tokens.css","pluginCode":"ENOENT","plugin":"master-css:local-compose","hook":"transform","id":"/private/var/folders/_b/768dhtz56ns54x1r867j67280000gn/T/master-css-reference-recovery-jXO20B/main/style.sass.master-css-sass.css"}]}}

stdout | tests/plugins/bug-hunt-reference-host-recovery.test.ts > BH-0004 build-watch reference recovery sass/plain-root/startup=true
build-event {"kind":"plain-root","syntax":"sass","startupMissing":true,"code":"END"}

stdout | tests/plugins/bug-hunt-reference-host-recovery.test.ts > BH-0004 build-watch reference recovery sass/module-root/startup=true
build-event {"kind":"module-root","syntax":"sass","startupMissing":true,"code":"START"}

stdout | tests/plugins/bug-hunt-reference-host-recovery.test.ts > BH-0004 build-watch reference recovery sass/module-root/startup=true
build-event {"kind":"module-root","syntax":"sass","startupMissing":true,"code":"BUNDLE_START"}

stdout | tests/plugins/bug-hunt-reference-host-recovery.test.ts > BH-0004 build-watch reference recovery sass/module-root/startup=true
build-event {"kind":"module-root","syntax":"sass","startupMissing":true,"code":"ERROR","error":"Error: Build failed with 1 error:\n\n[plugin master-css:local-compose] /private/var/folders/_b/768dhtz56ns54x1r867j67280000gn/T/master-css-reference-recovery-WiWbw9/main/style.module.sass.master-css-sass.css\nError: ENOENT: no such file or directory, lstat '/private/var/folders/_b/768dhtz56ns54x1r867j67280000gn/T/master-css-reference-recovery-WiWbw9/shared/tokens.css'\n    at realpathSync (node:fs:2848:29)\n    at compileGraph (/Users/aron/master/css/packages/compiler/src/stylesheet/delivery.ts:95:24)\n    at compileDeliveredSource (/Users/aron/master/css/packages/compiler/src/stylesheet/delivery.ts:172:18)\n    at transformLocalStylesheet (/Users/aron/master/css/packages/compiler/src/stylesheet/index.ts:487:22)\n    at transformStylesheet (/Users/aron/master/css/packages/compiler/src/stylesheet/public.ts:354:18)\n    at /Users/aron/master/css/packages/vite/src/plugins/local-compose.ts:134:24\n    at withSassDiagnostics (/Users/aron/master/css/packages/vite/src/utils/sass-diagnostics.ts:51:16)\n    at withStylesheetDependencies (/Users/aron/master/css/packages/vite/src/utils/failed-stylesheet-dependencies.ts:48:20)\n    at plugin (file:///Users/aron/master/css/node_modules/.pnpm/rolldown@1.2.7/node_modules/rolldown/dist/shared/bindingify-input-options-DrImMHKQ.mjs:1539:16)\n    at plugin.<computed> (file:///Users/aron/master/css/node_modules/.pnpm/rolldown@1.2.7/node_modules/rolldown/dist/shared/bindingify-input-options-DrImMHKQ.mjs:2127:12)","details":{"errors":[{"errno":-2,"code":"PLUGIN_ERROR","syscall":"lstat","path":"/private/var/folders/_b/768dhtz56ns54x1r867j67280000gn/T/master-css-reference-recovery-WiWbw9/shared/tokens.css","pluginCode":"ENOENT","plugin":"master-css:local-compose","hook":"transform","id":"/private/var/folders/_b/768dhtz56ns54x1r867j67280000gn/T/master-css-reference-recovery-WiWbw9/main/style.module.sass.master-css-sass.css"}]}}

stdout | tests/plugins/bug-hunt-reference-host-recovery.test.ts > BH-0004 build-watch reference recovery sass/module-root/startup=true
build-event {"kind":"module-root","syntax":"sass","startupMissing":true,"code":"END"}

stdout | tests/plugins/bug-hunt-reference-host-recovery.test.ts > BH-0004 build-watch reference recovery sass/retained-module/startup=true
build-event {"kind":"retained-module","syntax":"sass","startupMissing":true,"code":"START"}

stdout | tests/plugins/bug-hunt-reference-host-recovery.test.ts > BH-0004 build-watch reference recovery sass/retained-module/startup=true
build-event {"kind":"retained-module","syntax":"sass","startupMissing":true,"code":"BUNDLE_START"}

stdout | tests/plugins/bug-hunt-reference-host-recovery.test.ts > BH-0004 build-watch reference recovery sass/retained-module/startup=true
build-event {"kind":"retained-module","syntax":"sass","startupMissing":true,"code":"ERROR","error":"Error: Build failed with 1 error:\n\n[plugin master-css:local-compose] /private/var/folders/_b/768dhtz56ns54x1r867j67280000gn/T/master-css-reference-recovery-3THxFg/style.module.css.master-css-sass.css\nError: ENOENT: no such file or directory, lstat '/private/var/folders/_b/768dhtz56ns54x1r867j67280000gn/T/master-css-reference-recovery-3THxFg/shared/tokens.css'\n    at realpathSync (node:fs:2848:29)\n    at compileGraph (/Users/aron/master/css/packages/compiler/src/stylesheet/delivery.ts:95:24)\n    at compileDeliveredSource (/Users/aron/master/css/packages/compiler/src/stylesheet/delivery.ts:172:18)\n    at transformLocalStylesheet (/Users/aron/master/css/packages/compiler/src/stylesheet/index.ts:487:22)\n    at transformStylesheet (/Users/aron/master/css/packages/compiler/src/stylesheet/public.ts:354:18)\n    at /Users/aron/master/css/packages/vite/src/plugins/local-compose.ts:134:24\n    at withSassDiagnostics (/Users/aron/master/css/packages/vite/src/utils/sass-diagnostics.ts:51:16)\n    at withStylesheetDependencies (/Users/aron/master/css/packages/vite/src/utils/failed-stylesheet-dependencies.ts:48:20)\n    at plugin (file:///Users/aron/master/css/node_modules/.pnpm/rolldown@1.2.7/node_modules/rolldown/dist/shared/bindingify-input-options-DrImMHKQ.mjs:1539:16)\n    at plugin.<computed> (file:///Users/aron/master/css/node_modules/.pnpm/rolldown@1.2.7/node_modules/rolldown/dist/shared/bindingify-input-options-DrImMHKQ.mjs:2127:12)","details":{"errors":[{"errno":-2,"code":"PLUGIN_ERROR","syscall":"lstat","path":"/private/var/folders/_b/768dhtz56ns54x1r867j67280000gn/T/master-css-reference-recovery-3THxFg/shared/tokens.css","pluginCode":"ENOENT","plugin":"master-css:local-compose","hook":"transform","id":"/private/var/folders/_b/768dhtz56ns54x1r867j67280000gn/T/master-css-reference-recovery-3THxFg/style.module.css.master-css-sass.css"}]}}

stdout | tests/plugins/bug-hunt-reference-host-recovery.test.ts > BH-0004 build-watch reference recovery sass/retained-module/startup=true
build-event {"kind":"retained-module","syntax":"sass","startupMissing":true,"code":"END"}

 ❯ tests/plugins/bug-hunt-reference-host-recovery.test.ts (26 tests | 6 failed | 20 skipped) 31282ms
   × BH-0004 build-watch reference recovery scss/plain-root/startup=true 5331ms
   × BH-0004 build-watch reference recovery scss/module-root/startup=true 5186ms
   × BH-0004 build-watch reference recovery scss/retained-module/startup=true 5186ms
   × BH-0004 build-watch reference recovery sass/plain-root/startup=true 5197ms
   × BH-0004 build-watch reference recovery sass/module-root/startup=true 5191ms
   × BH-0004 build-watch reference recovery sass/retained-module/startup=true 5190ms

⎯⎯⎯⎯⎯⎯⎯ Failed Tests 6 ⎯⎯⎯⎯⎯⎯⎯

 FAIL  tests/plugins/bug-hunt-reference-host-recovery.test.ts > BH-0004 build-watch reference recovery scss/plain-root/startup=true
 FAIL  tests/plugins/bug-hunt-reference-host-recovery.test.ts > BH-0004 build-watch reference recovery scss/module-root/startup=true
 FAIL  tests/plugins/bug-hunt-reference-host-recovery.test.ts > BH-0004 build-watch reference recovery scss/retained-module/startup=true
 FAIL  tests/plugins/bug-hunt-reference-host-recovery.test.ts > BH-0004 build-watch reference recovery sass/plain-root/startup=true
 FAIL  tests/plugins/bug-hunt-reference-host-recovery.test.ts > BH-0004 build-watch reference recovery sass/module-root/startup=true
 FAIL  tests/plugins/bug-hunt-reference-host-recovery.test.ts > BH-0004 build-watch reference recovery sass/retained-module/startup=true
AssertionError: restored: expected 0 to be greater than 0
 ❯ vi.waitFor.timeout tests/plugins/bug-hunt-reference-host-recovery.test.ts:104:102
    102|       if (event.code === 'END' && terminal) { events.push(terminal); t…
    103|     })
    104|     const nextEvent = async (phase: string) => { await vi.waitFor(() =…
       |                                                                                                      ^
    105|     const initial = await nextEvent('initial')
    106|     expect(initial.code).toBe(startupMissing ? 'ERROR' : 'BUNDLE_END')

⎯⎯⎯⎯⎯⎯⎯⎯⎯⎯⎯⎯⎯⎯⎯⎯⎯⎯⎯⎯⎯⎯⎯⎯[1/6]⎯


 Test Files  1 failed (1)
      Tests  6 failed | 20 skipped (26)
   Start at  19:14:21
   Duration  31.78s (tests 99%, transform 1%)

Error: ERR_PNPM_RECURSIVE_EXEC_FIRST_FAIL

  × "pnpm recursive exec" failed in /Users/aron/master/css/packages/vite

