(!) Your Vite config uses features that are unsupported by `configLoader: 'native'`, which is planned to become the default in a future major version of Vite:
  - import "../../shared/vitest.config" without a file extension (vitest.config.ts:2:20). Add the file extension
  - import "./vitest-ci-config" without a file extension (../../shared/vitest.config.ts:2:58). Add the file extension
Set `VITE_CONFIG_NATIVE_IGNORE_WARNING=true` to suppress this warning.

 RUN  v5.0.0 /Users/aron/master/css/packages/vite

 ❯ tests/plugins/bug-hunt-build-failure-lifecycle.test.ts (12 tests | 2 failed | 10 skipped) 10399ms
   × watch filters allow reference recovery with authored-file include 5230ms
   × watch filters allow reference recovery with cache-directory exclude 5168ms

⎯⎯⎯⎯⎯⎯⎯ Failed Tests 2 ⎯⎯⎯⎯⎯⎯⎯

 FAIL  tests/plugins/bug-hunt-build-failure-lifecycle.test.ts > watch filters allow reference recovery with authored-file include
 FAIL  tests/plugins/bug-hunt-build-failure-lifecycle.test.ts > watch filters allow reference recovery with cache-directory exclude
AssertionError: expected 0 to be greater than 0
 ❯ vi.waitFor.timeout tests/plugins/bug-hunt-build-failure-lifecycle.test.ts:30:65


⎯⎯⎯⎯⎯⎯⎯⎯⎯⎯⎯⎯⎯⎯⎯⎯⎯⎯⎯⎯⎯⎯⎯⎯[1/2]⎯


 Test Files  1 failed (1)
      Tests  2 failed | 10 skipped (12)
   Start at  19:36:55
   Duration  10.98s (tests 95%, transform 3%, import 2%)

Error: ERR_PNPM_RECURSIVE_EXEC_FIRST_FAIL

  × "pnpm recursive exec" failed in /Users/aron/master/css/packages/vite

