(!) Your Vite config uses features that are unsupported by `configLoader: 'native'`, which is planned to become the default in a future major version of Vite:
  - import "../../shared/vitest.config" without a file extension (vitest.config.ts:2:20). Add the file extension
  - import "./vitest-ci-config" without a file extension (../../shared/vitest.config.ts:2:58). Add the file extension
Set `VITE_CONFIG_NATIVE_IGNORE_WARNING=true` to suppress this warning.

 RUN  v5.0.0 /Users/aron/master/css/packages/vite

 ❯ tests/plugins/bug-hunt-build-failure-lifecycle.test.ts (12 tests | 4 failed) 25841ms
   × build recovery replaces failures and forgets successful dependencies in pre-render (managed=true) 692ms
   × build recovery replaces failures and forgets successful dependencies in progressive (managed=true) 675ms
   × watch filters allow reference recovery with authored-file include 5164ms
   × watch filters allow reference recovery with cache-directory exclude 5225ms

⎯⎯⎯⎯⎯⎯⎯ Failed Tests 4 ⎯⎯⎯⎯⎯⎯⎯

 FAIL  tests/plugins/bug-hunt-build-failure-lifecycle.test.ts > build recovery replaces failures and forgets successful dependencies in pre-render (managed=true)
 FAIL  tests/plugins/bug-hunt-build-failure-lifecycle.test.ts > build recovery replaces failures and forgets successful dependencies in progressive (managed=true)
AssertionError: expected [ { code: 'ERROR', …(2) } ] to deeply equal []

- Expected
+ Received

- []
+ [
+   {
+     "code": "ERROR",
+     "error": Error {
+       "message": "Build failed with 1 error:
+
+ [plugin master-css:pre-render]
+ MasterCSSError: Invalid @compose class: definitely-missing
+     at normalizeBindingError (/Users/aron/master/css/packages/binding/dist/normalize-error.js:42:9)
+     at callBinding (/Users/aron/master/css/packages/binding/dist/normalize-error.js:53:9)
+     at invoke (/Users/aron/master/css/packages/binding/dist/compiler-binding-adapter.js:19:10)
+     at Object.loadPreparedProjectManifest (/Users/aron/master/css/packages/binding/dist/compiler-binding-adapter.js:30:70)
+     at loadBindingProjectManifest (/Users/aron/master/css/packages/compiler/dist/project/binding-project.js:60:26)
+     at loadProjectManifest (/Users/aron/master/css/packages/compiler/dist/project/manifest.js:40:17)
+     at /Users/aron/master/css/packages/vite/src/plugins/pre-render.ts:54:28
+     at withStylesheetDependencies (/Users/aron/master/css/packages/vite/src/utils/failed-stylesheet-dependencies.ts:49:20)
+     at /Users/aron/master/css/packages/vite/src/utils/manifest-recovery.ts:31:24
+ Caused by:
+   Error: Invalid @compose class: definitely-missing
+       at Object.loadPreparedProjectManifest (/Users/aron/master/css/packages/binding/dist/compiler.js:26:91)
+       at /Users/aron/master/css/packages/binding/dist/compiler-binding-adapter.js:30:134
+       at callBinding (/Users/aron/master/css/packages/binding/dist/normalize-error.js:51:10)
+       at invoke (/Users/aron/master/css/packages/binding/dist/compiler-binding-adapter.js:19:10)
+       at Object.loadPreparedProjectManifest (/Users/aron/master/css/packages/binding/dist/compiler-binding-adapter.js:30:70)
+       at loadBindingProjectManifest (/Users/aron/master/css/packages/compiler/dist/project/binding-project.js:60:26)
+       at loadProjectManifest (/Users/aron/master/css/packages/compiler/dist/project/manifest.js:40:17)
+       at /Users/aron/master/css/packages/vite/src/plugins/pre-render.ts:54:28
+       at withStylesheetDependencies (/Users/aron/master/css/packages/vite/src/utils/failed-stylesheet-dependencies.ts:49:20)
+       at /Users/aron/master/css/packages/vite/src/utils/manifest-recovery.ts:31:24",
+       "errors": [
+         MasterCSSError {
+           "message": "Invalid @compose class: definitely-missing",
+           "cause": Error {
+             "message": "Invalid @compose class: definitely-missing",
+             "code": "GenericFailure",
+           },
+           "code": "PLUGIN_ERROR",
+           "domain": "project",
+           "diagnostics": [],
+           "payload": {
+             "code": "GenericFailure",
+             "domain": "project",
+             "message": "Invalid @compose class: definitely-missing",
+           },
+           "name": "MasterCSSError",
+           "pluginCode": "GenericFailure",
+           "plugin": "master-css:pre-render",
+           "hook": "buildStart",
+         },
+       ],
+     },
+     "result": BindingWatcherBundler {},
+   },
+ ]

 ❯ tests/plugins/bug-hunt-build-failure-lifecycle.test.ts:43:81
     41|       state.write('@utilities{paint{@compose definitely-missing;}}')
     42|       const invalid = await state.next();expect(invalid.code).toBe('ER…
     43|       await delay(process.env.BH_WATCH_TRACE ? 2000 : 250);expect(stat…
       |                                                                                 ^
     44|       state.write('@utilities{paint{padding:3rem}}')
     45|       expect((await state.next()).code).toBe('BUNDLE_END');expect(stat…
 ❯ fixture tests/plugins/bug-hunt-build-failure-lifecycle.test.ts:11:9
 ❯ tests/plugins/bug-hunt-build-failure-lifecycle.test.ts:39:5

⎯⎯⎯⎯⎯⎯⎯⎯⎯⎯⎯⎯⎯⎯⎯⎯⎯⎯⎯⎯⎯⎯⎯⎯[1/4]⎯

 FAIL  tests/plugins/bug-hunt-build-failure-lifecycle.test.ts > watch filters allow reference recovery with authored-file include
 FAIL  tests/plugins/bug-hunt-build-failure-lifecycle.test.ts > watch filters allow reference recovery with cache-directory exclude
AssertionError: expected 0 to be greater than 0
 ❯ vi.waitFor.timeout tests/plugins/bug-hunt-build-failure-lifecycle.test.ts:30:65


⎯⎯⎯⎯⎯⎯⎯⎯⎯⎯⎯⎯⎯⎯⎯⎯⎯⎯⎯⎯⎯⎯⎯⎯[2/4]⎯


 Test Files  1 failed | 2 passed (3)
      Tests  4 failed | 37 passed (41)
   Start at  19:45:44
   Duration  29.09s (tests 97%, transform 2%, import 1%)

Error: ERR_PNPM_RECURSIVE_EXEC_FIRST_FAIL

  × "pnpm recursive exec" failed in /Users/aron/master/css/packages/vite

