{"managed":false,"mode":"static","browser":"chromium","phase":"startup-recovered","padding":"48px","pass":true}
{"managed":false,"mode":"static","browser":"firefox","phase":"startup-recovered","padding":"48px","pass":true}
{"managed":false,"mode":"static","browser":"webkit","phase":"startup-recovered","padding":"48px","pass":true}
{"managed":false,"mode":"static","browser":"chromium","phase":"updated","padding":"112px","pass":true}
{"managed":false,"mode":"static","browser":"firefox","phase":"updated","padding":"112px","pass":true}
{"managed":false,"mode":"static","browser":"webkit","phase":"updated","padding":"112px","pass":true}
{"managed":false,"mode":"runtime","browser":"chromium","phase":"startup-recovered","padding":"48px","pass":true}
{"managed":false,"mode":"runtime","browser":"firefox","phase":"startup-recovered","padding":"48px","pass":true}
{"managed":false,"mode":"runtime","browser":"webkit","phase":"startup-recovered","padding":"48px","pass":true}
{"managed":false,"mode":"runtime","browser":"chromium","phase":"updated","padding":"112px","pass":true}
{"managed":false,"mode":"runtime","browser":"firefox","phase":"updated","padding":"112px","pass":true}
{"managed":false,"mode":"runtime","browser":"webkit","phase":"updated","padding":"112px","pass":true}
{"managed":false,"mode":"pre-render","browser":"chromium","phase":"startup-recovered","padding":"48px","pass":true}
{"managed":false,"mode":"pre-render","browser":"firefox","phase":"startup-recovered","padding":"48px","pass":true}
{"managed":false,"mode":"pre-render","browser":"webkit","phase":"startup-recovered","padding":"48px","pass":true}
{"managed":false,"mode":"pre-render","browser":"chromium","phase":"updated","padding":"112px","pass":true}
{"managed":false,"mode":"pre-render","browser":"firefox","phase":"updated","padding":"112px","pass":true}
{"managed":false,"mode":"pre-render","browser":"webkit","phase":"updated","padding":"112px","pass":true}
{"managed":false,"mode":"progressive","browser":"chromium","phase":"startup-recovered","padding":"48px","pass":true}
{"managed":false,"mode":"progressive","browser":"firefox","phase":"startup-recovered","padding":"48px","pass":true}
{"managed":false,"mode":"progressive","browser":"webkit","phase":"startup-recovered","padding":"48px","pass":true}
{"managed":false,"mode":"progressive","browser":"chromium","phase":"updated","padding":"112px","pass":true}
{"managed":false,"mode":"progressive","browser":"firefox","phase":"updated","padding":"112px","pass":true}
{"managed":false,"mode":"progressive","browser":"webkit","phase":"updated","padding":"112px","pass":true}
{"managed":true,"mode":"static","browser":"chromium","phase":"startup-recovered","padding":"48px","pass":true}
{"managed":true,"mode":"static","browser":"firefox","phase":"startup-recovered","padding":"48px","pass":true}
{"managed":true,"mode":"static","browser":"webkit","phase":"startup-recovered","padding":"48px","pass":true}
{"managed":true,"mode":"static","browser":"chromium","phase":"updated","padding":"112px","pass":true}
{"managed":true,"mode":"static","browser":"firefox","phase":"updated","padding":"112px","pass":true}
{"managed":true,"mode":"static","browser":"webkit","phase":"updated","padding":"112px","pass":true}
{"managed":true,"mode":"runtime","browser":"chromium","phase":"startup-recovered","padding":"48px","pass":true}
{"managed":true,"mode":"runtime","browser":"firefox","phase":"startup-recovered","padding":"48px","pass":true}
{"managed":true,"mode":"runtime","browser":"webkit","phase":"startup-recovered","padding":"48px","pass":true}
{"managed":true,"mode":"runtime","browser":"chromium","phase":"updated","padding":"112px","pass":true}
{"managed":true,"mode":"runtime","browser":"firefox","phase":"updated","padding":"112px","pass":true}
{"managed":true,"mode":"runtime","browser":"webkit","phase":"updated","padding":"112px","pass":true}
{"managed":true,"mode":"pre-render","browser":"chromium","phase":"startup-recovered","padding":"48px","pass":true}
{"managed":true,"mode":"pre-render","browser":"firefox","phase":"startup-recovered","padding":"48px","pass":true}
{"managed":true,"mode":"pre-render","browser":"webkit","phase":"startup-recovered","padding":"48px","pass":true}
{"managed":true,"mode":"pre-render","browser":"chromium","phase":"updated","padding":"112px","pass":true}
{"managed":true,"mode":"pre-render","browser":"firefox","phase":"updated","padding":"112px","pass":true}
{"managed":true,"mode":"pre-render","browser":"webkit","phase":"updated","padding":"112px","pass":true}
{"managed":true,"mode":"progressive","browser":"chromium","phase":"startup-recovered","padding":"48px","pass":true}
{"managed":true,"mode":"progressive","browser":"firefox","phase":"startup-recovered","padding":"48px","pass":true}
{"managed":true,"mode":"progressive","browser":"webkit","phase":"startup-recovered","padding":"48px","pass":true}
{"managed":true,"mode":"progressive","browser":"chromium","phase":"updated","padding":"112px","pass":true}
{"managed":true,"mode":"progressive","browser":"firefox","phase":"updated","padding":"112px","pass":true}
{"managed":true,"mode":"progressive","browser":"webkit","phase":"updated","padding":"112px","pass":true}
{"observations":48,"failures":0,"scope":"Built Vite plugin; local/managed CSS startup missing reference and subsequent update; default watch filters"}
