{"provider":"/Users/aron/master/css/packages/binding-wasm-engine/src/provider.ts","cwd":"/Users/aron/master/css"}
/Users/aron/master/css/packages/binding-wasm-engine/src/index.ts:130
    throw new MasterCSSError({
          ^

MasterCSSError: fetch failed
    at loadWasmEngine (/Users/aron/master/css/packages/binding-wasm-engine/src/index.ts:130:11)
    at async createMasterCSSEngineWasmProvider (/Users/aron/master/css/packages/binding-wasm-engine/src/provider.ts:77:18)
    at async loadDefaultWasmProvider (/Users/aron/master/css/packages/binding/src/engine-binding-wasm.ts:53:10)
    at async createWasmProvider (/Users/aron/master/css/packages/binding/src/engine-binding-wasm.ts:60:20)
    at async createWasmEngineBindingSession (/Users/aron/master/css/packages/binding/src/engine-binding-wasm.ts:83:20)
    at async createEngineBindingSession (/Users/aron/master/css/packages/binding/src/engine-binding.ts:86:7)
    at async createEngine (file:///Users/aron/master/css/packages/css/dist/engine/create-engine.js:9:18)
    at async file:///Users/aron/master/css/.ai/audits/bug-hunt/repros/node-engine-wasm-default-loading.mjs:13:18 {
  code: 'WASM_LOAD_FAILED',
  domain: 'binding',
  diagnostics: [],
  payload: {
    code: 'WASM_LOAD_FAILED',
    domain: 'binding',
    message: 'fetch failed'
  },
  [cause]: [TypeError: fetch failed] {
    [cause]: Error: not implemented... yet...
        at makeNetworkError (node:internal/deps/undici/undici:11806:35)
        at schemeFetch (node:internal/deps/undici/undici:13359:34)
        at mainFetch (node:internal/deps/undici/undici:13207:30)
        at fetching (node:internal/deps/undici/undici:13176:7)
        at fetch (node:internal/deps/undici/undici:13040:20)
        at fetch (node:internal/deps/undici/undici:17708:10)
        at fetch (node:internal/bootstrap/web/exposed-window-or-worker:83:12)
        at Module.__wbg_init (file:///Users/aron/master/css/packages/binding-wasm-engine/artifacts/mastercss_binding_wasm_engine.js:750:26)
        at initializeModule (/Users/aron/master/css/packages/binding-wasm-engine/src/index.ts:103:16)
        at <anonymous> (/Users/aron/master/css/packages/binding-wasm-engine/src/index.ts:122:25)
  }
}

Node.js v24.20.0
