{"files":{"a.js":{"latent":["block","inline","text-decoration:bad()"],"valid":["block","inline"],"invalid":["text-decoration:bad()"],"usedNative":[]},"b.js":{"latent":["block","text-decoration:bad()"],"valid":["block"],"invalid":["text-decoration:bad()"],"usedNative":[]}},"diagnostics":[{"code":"invalid-scanner-class","severity":"warning","message":"Scanner candidate \"text-decoration:bad()\" did not generate Master CSS rules.","source":"Master CSS","sourceKind":"scanner","filePath":"/private/var/folders/_b/768dhtz56ns54x1r867j67280000gn/T/master-css-attribution-5OwUAo/a.js","data":{"className":"text-decoration:bad()"}}],"css":"@layer utilities{.block{display:block}.inline{display:inline}}"}
node:internal/modules/run_main:107
    triggerUncaughtException(
    ^

AssertionError [ERR_ASSERTION]: Expected values to be strictly deep-equal:
+ actual - expected

  [
+   'block',
    'inline'
  ]

    at file:///Users/aron/master/css/.ai/audits/bug-hunt/repros/inspection-source-attribution.mjs:16:10
    at process.processTicksAndRejections (node:internal/process/task_queues:104:5) {
  generatedMessage: true,
  code: 'ERR_ASSERTION',
  actual: [ 'block', 'inline' ],
  expected: [ 'inline' ],
  operator: 'deepStrictEqual',
  diff: 'simple'
}

Node.js v24.20.0
