(!) Your Vite config uses features that are unsupported by `configLoader: 'native'`, which is planned to become the default in a future major version of Vite:
  - import "../../shared/vitest.config" without a file extension (vitest.config.ts:3:20). Add the file extension
  - import "./vitest-ci-config" without a file extension (../../shared/vitest.config.ts:2:58). Add the file extension
Set `VITE_CONFIG_NATIVE_IGNORE_WARNING=true` to suppress this warning.

 RUN  v5.0.0 /Users/aron/master/css/packages/compiler

[success] app/page.tsx 4 classes inserted in 0.5ms 
[success] index.html 6 classes inserted in 1.6ms 
[success] index.html 6 classes inserted in 0.4ms 
[success] index.html 6 classes inserted in 0.4ms 
[success] app/page.html 1 classes inserted in 0.1ms 
[success] index.html 6 classes inserted in 0.4ms 
[success] index.html 6 classes inserted in 0.4ms 
[success] index.html 6 classes inserted in 0.4ms 
[success] index.html 6 classes inserted in 0.4ms 
[success] app/page.html 2 classes inserted in 0.1ms 
[success] index.html 6 classes inserted in 0.4ms 
[success] app/page.html 2 classes inserted in 0.1ms 
[success] app/page.html 1 classes inserted in 0.1ms 
[success] app/page.html 1 classes inserted in 0.1ms 
[success] index.html 6 classes inserted in 0.4ms  (repeated 8 times)

 Test Files  47 passed (47)
      Tests  330 passed (330)
   Start at  20:15:38
   Duration  15.78s (tests 91%, transform 6%, import 3%)

