(!) Your Vite config uses features that are unsupported by `configLoader: 'native'`, which is planned to become the default in a future major version of Vite:
  - import "../../shared/vitest.config" without a file extension (vitest.config.ts:2:20). Add the file extension
  - import "./vitest-ci-config" without a file extension (../../shared/vitest.config.ts:2:58). Add the file extension
Set `VITE_CONFIG_NATIVE_IGNORE_WARNING=true` to suppress this warning.

 RUN  v5.0.0 /Users/aron/master/css/packages/vite

 ❯ tests/plugins/bug-hunt-build-recovery-ownership.test.ts (3 tests | 1 failed) 873ms
   × a configuration error does not allocate build recovery files 199ms
 ❯ tests/plugins/bug-hunt-build-failure-lifecycle.test.ts (12 tests | 2 failed) 38559ms
   × watch filters allow reference recovery with authored-file include 5319ms
   × watch filters allow reference recovery with cache-directory exclude 5260ms

⎯⎯⎯⎯⎯⎯⎯ Failed Tests 3 ⎯⎯⎯⎯⎯⎯⎯

 FAIL  tests/plugins/bug-hunt-build-failure-lifecycle.test.ts > watch filters allow reference recovery with authored-file include
 FAIL  tests/plugins/bug-hunt-build-failure-lifecycle.test.ts > watch filters allow reference recovery with cache-directory exclude
AssertionError: expected 0 to be greater than 0
 ❯ vi.waitFor.timeout tests/plugins/bug-hunt-build-failure-lifecycle.test.ts:30:65


⎯⎯⎯⎯⎯⎯⎯⎯⎯⎯⎯⎯⎯⎯⎯⎯⎯⎯⎯⎯⎯⎯⎯⎯[1/3]⎯

 FAIL  tests/plugins/bug-hunt-build-recovery-ownership.test.ts > a configuration error does not allocate build recovery files
AssertionError: expected [ Array(1) ] to deeply equal []

- Expected
+ Received

- []
+ [
+   "master-css-watch-eYGZKM/invalidate",
+ ]

 ❯ tests/plugins/bug-hunt-build-recovery-ownership.test.ts:24:31
     22|       plugins: [masterCSS({ mode: 'static', runtime: false }), { name:…
     23|     })).rejects.toThrow('intentional config error')
     24|     expect(files(f.cacheDir)).toEqual([])
       |                               ^
     25|   } finally { f.close() }
     26| })

⎯⎯⎯⎯⎯⎯⎯⎯⎯⎯⎯⎯⎯⎯⎯⎯⎯⎯⎯⎯⎯⎯⎯⎯[2/3]⎯


 Test Files  2 failed | 68 passed (70)
      Tests  3 failed | 640 passed (643)
   Start at  20:32:33
   Duration  66.36s (tests 96%, import 2%, transform 2%)

Error: ERR_PNPM_RECURSIVE_EXEC_FIRST_FAIL

  × "pnpm recursive exec" failed in /Users/aron/master/css/packages/vite

