(!) Your Vite config uses features that are unsupported by `configLoader: 'native'`, which is planned to become the default in a future major version of Vite:
  - import "../../shared/vitest.config" without a file extension (vitest.config.ts:3:20). Add the file extension
  - import "./vitest-ci-config" without a file extension (../../shared/vitest.config.ts:2:58). Add the file extension
Set `VITE_CONFIG_NATIVE_IGNORE_WARNING=true` to suppress this warning.

 RUN  v5.0.0 /Users/aron/master/css/packages/tooling

 ❯ tests/scanner/bug-hunt-source-result.test.ts (8 tests | 2 failed) 941ms
   × existing boolean scan and module filters keep behavior (native) 114ms
   × existing boolean scan and module filters keep behavior (wasm) 27ms

⎯⎯⎯⎯⎯⎯⎯ Failed Tests 2 ⎯⎯⎯⎯⎯⎯⎯

 FAIL  tests/scanner/bug-hunt-source-result.test.ts > existing boolean scan and module filters keep behavior (native)
AssertionError: expected false to be true // Object.is equality

- Expected
+ Received

- true
+ false

 ❯ tests/scanner/bug-hunt-source-result.test.ts:36:61
     34|       expect(await scanner.scanModule('excluded/a.mjs', '"inline"')).t…
     35|       expect(await scanner.scanModule('style.css', '"inline"')).toBe(f…
     36|       expect(await scanner.scanModule('a.mjs', '"inline"')).toBe(true)
       |                                                             ^
     37|       expect(changes).toBe(2)
     38|     } finally { await scanner.dispose() }

⎯⎯⎯⎯⎯⎯⎯⎯⎯⎯⎯⎯⎯⎯⎯⎯⎯⎯⎯⎯⎯⎯⎯⎯[1/2]⎯

 FAIL  tests/scanner/bug-hunt-source-result.test.ts > existing boolean scan and module filters keep behavior (wasm)
AssertionError: expected false to be true // Object.is equality

- Expected
+ Received

- true
+ false

 ❯ tests/scanner/bug-hunt-source-result.test.ts:36:61
     34|       expect(await scanner.scanModule('excluded/a.mjs', '"inline"')).t…
     35|       expect(await scanner.scanModule('style.css', '"inline"')).toBe(f…
     36|       expect(await scanner.scanModule('a.mjs', '"inline"')).toBe(true)
       |                                                             ^
     37|       expect(changes).toBe(2)
     38|     } finally { await scanner.dispose() }

⎯⎯⎯⎯⎯⎯⎯⎯⎯⎯⎯⎯⎯⎯⎯⎯⎯⎯⎯⎯⎯⎯⎯⎯[2/2]⎯


 Test Files  1 failed (1)
      Tests  2 failed | 6 passed (8)
   Start at  20:29:03
   Duration  1.15s (tests 86%, transform 8%, import 5%)

Error: ERR_PNPM_RECURSIVE_EXEC_FIRST_FAIL

  × "pnpm recursive exec" failed in /Users/aron/master/css/packages/tooling

