(!) Your Vite config uses features that are unsupported by `configLoader: 'native'`, which is planned to become the default in a future major version of Vite:
  - import "../../shared/vitest.config" without a file extension (vitest.config.ts:3:20). Add the file extension
  - import "./vitest-ci-config" without a file extension (../../shared/vitest.config.ts:2:58). Add the file extension
Set `VITE_CONFIG_NATIVE_IGNORE_WARNING=true` to suppress this warning.

 RUN  v5.0.0 /Users/aron/master/css/packages/compiler

 ❯ tests/diagnostics/bug-hunt-source-attribution.test.ts (7 tests | 1 failed) 1275ms
   × inspection keeps source ownership: safelist is not source ownership 222ms

⎯⎯⎯⎯⎯⎯⎯ Failed Tests 1 ⎯⎯⎯⎯⎯⎯⎯

 FAIL  tests/diagnostics/bug-hunt-source-attribution.test.ts > inspection keeps source ownership: safelist is not source ownership
AssertionError: expected '@layer utilities{.block{display:block…' to contain 'display:inline'

Expected: "display:inline"
Received: "@layer utilities{.block{display:block}}"

 ❯ tests/diagnostics/bug-hunt-source-attribution.test.ts:45:33
     43|       }
     44|       if (entry.name === 'safelist is not source ownership') {
     45|         expect(report.css.text).toContain('display:inline')
       |                                 ^
     46|         expect(report.files.flatMap((file) => file.discovered.latent))…
     47|       }

⎯⎯⎯⎯⎯⎯⎯⎯⎯⎯⎯⎯⎯⎯⎯⎯⎯⎯⎯⎯⎯⎯⎯⎯[1/1]⎯


 Test Files  1 failed | 1 passed (2)
      Tests  1 failed | 9 passed (10)
   Start at  20:27:04
   Duration  1.67s (tests 73%, transform 19%, import 8%)

Error: ERR_PNPM_RECURSIVE_EXEC_FIRST_FAIL

  × "pnpm recursive exec" failed in /Users/aron/master/css/packages/compiler

