(!) Your Vite config uses features that are unsupported by `configLoader: 'native'`, which is planned to become the default in a future major version of Vite:
  - import "../../shared/vitest.config" without a file extension (vitest.config.ts:3:20). Add the file extension
  - import "./vitest-ci-config" without a file extension (../../shared/vitest.config.ts:2:58). Add the file extension
Set `VITE_CONFIG_NATIVE_IGNORE_WARNING=true` to suppress this warning.

 RUN  v5.0.0 /Users/aron/master/css/packages/compiler

 ❯ tests/diagnostics/bug-hunt-source-attribution.test.ts (7 tests | 7 failed) 1221ms
   × inspection keeps source ownership: separate classes and invalid warning 122ms
   × inspection keeps source ownership: reverse source patterns 110ms
   × inspection keeps source ownership: repeated valid and invalid classes 108ms
   × inspection keeps source ownership: asynchronous Vue and Svelte adapters 231ms
   × inspection keeps source ownership: native classes and repeated usage 219ms
   × inspection keeps source ownership: safelist is not source ownership 214ms
   × inspection keeps source ownership: blocklisted candidates stay local 216ms

⎯⎯⎯⎯⎯⎯⎯ Failed Tests 7 ⎯⎯⎯⎯⎯⎯⎯

 FAIL  tests/diagnostics/bug-hunt-source-attribution.test.ts > inspection keeps source ownership: separate classes and invalid warning
AssertionError: a.js valid: expected [ 'block', 'inline' ] to deeply equal [ 'inline' ]

- Expected
+ Received

  [
+   "block",
    "inline",
  ]

 ❯ tests/diagnostics/bug-hunt-source-attribution.test.ts:35:68
     33|       for (const file of report.files) {
     34|         const name = basename(file.filePath)
     35|         expect([...file.discovered.valid].sort(), `${name} valid`).toE…
       |                                                                    ^
     36|         expect([...file.discovered.usedNative].sort(), `${name} native…
     37|         if (!native) expect([...file.discovered.invalid].sort(), `${na…

⎯⎯⎯⎯⎯⎯⎯⎯⎯⎯⎯⎯⎯⎯⎯⎯⎯⎯⎯⎯⎯⎯⎯⎯[1/7]⎯

 FAIL  tests/diagnostics/bug-hunt-source-attribution.test.ts > inspection keeps source ownership: reverse source patterns
AssertionError: b.js valid: expected [ 'block', 'inline' ] to deeply equal [ 'block' ]

- Expected
+ Received

  [
    "block",
+   "inline",
  ]

 ❯ tests/diagnostics/bug-hunt-source-attribution.test.ts:35:68
     33|       for (const file of report.files) {
     34|         const name = basename(file.filePath)
     35|         expect([...file.discovered.valid].sort(), `${name} valid`).toE…
       |                                                                    ^
     36|         expect([...file.discovered.usedNative].sort(), `${name} native…
     37|         if (!native) expect([...file.discovered.invalid].sort(), `${na…

⎯⎯⎯⎯⎯⎯⎯⎯⎯⎯⎯⎯⎯⎯⎯⎯⎯⎯⎯⎯⎯⎯⎯⎯[2/7]⎯

 FAIL  tests/diagnostics/bug-hunt-source-attribution.test.ts > inspection keeps source ownership: repeated valid and invalid classes
AssertionError: a.js valid: expected [ 'block', 'inline' ] to deeply equal [ 'block' ]

- Expected
+ Received

  [
    "block",
+   "inline",
  ]

 ❯ tests/diagnostics/bug-hunt-source-attribution.test.ts:35:68
     33|       for (const file of report.files) {
     34|         const name = basename(file.filePath)
     35|         expect([...file.discovered.valid].sort(), `${name} valid`).toE…
       |                                                                    ^
     36|         expect([...file.discovered.usedNative].sort(), `${name} native…
     37|         if (!native) expect([...file.discovered.invalid].sort(), `${na…

⎯⎯⎯⎯⎯⎯⎯⎯⎯⎯⎯⎯⎯⎯⎯⎯⎯⎯⎯⎯⎯⎯⎯⎯[3/7]⎯

 FAIL  tests/diagnostics/bug-hunt-source-attribution.test.ts > inspection keeps source ownership: asynchronous Vue and Svelte adapters
AssertionError: a.vue valid: expected [ 'block', 'flex', 'inline' ] to deeply equal [ 'block', 'flex' ]

- Expected
+ Received

  [
    "block",
    "flex",
+   "inline",
  ]

 ❯ tests/diagnostics/bug-hunt-source-attribution.test.ts:35:68
     33|       for (const file of report.files) {
     34|         const name = basename(file.filePath)
     35|         expect([...file.discovered.valid].sort(), `${name} valid`).toE…
       |                                                                    ^
     36|         expect([...file.discovered.usedNative].sort(), `${name} native…
     37|         if (!native) expect([...file.discovered.invalid].sort(), `${na…

⎯⎯⎯⎯⎯⎯⎯⎯⎯⎯⎯⎯⎯⎯⎯⎯⎯⎯⎯⎯⎯⎯⎯⎯[4/7]⎯

 FAIL  tests/diagnostics/bug-hunt-source-attribution.test.ts > inspection keeps source ownership: native classes and repeated usage
AssertionError: a.html valid: expected [ 'block', 'inline' ] to deeply equal []

- Expected
+ Received

- []
+ [
+   "block",
+   "inline",
+ ]

 ❯ tests/diagnostics/bug-hunt-source-attribution.test.ts:35:68
     33|       for (const file of report.files) {
     34|         const name = basename(file.filePath)
     35|         expect([...file.discovered.valid].sort(), `${name} valid`).toE…
       |                                                                    ^
     36|         expect([...file.discovered.usedNative].sort(), `${name} native…
     37|         if (!native) expect([...file.discovered.invalid].sort(), `${na…

⎯⎯⎯⎯⎯⎯⎯⎯⎯⎯⎯⎯⎯⎯⎯⎯⎯⎯⎯⎯⎯⎯⎯⎯[5/7]⎯

 FAIL  tests/diagnostics/bug-hunt-source-attribution.test.ts > inspection keeps source ownership: safelist is not source ownership
AssertionError: b.html valid: expected [] to deeply equal [ 'block' ]

- Expected
+ Received

- [
-   "block",
- ]
+ []

 ❯ tests/diagnostics/bug-hunt-source-attribution.test.ts:35:68
     33|       for (const file of report.files) {
     34|         const name = basename(file.filePath)
     35|         expect([...file.discovered.valid].sort(), `${name} valid`).toE…
       |                                                                    ^
     36|         expect([...file.discovered.usedNative].sort(), `${name} native…
     37|         if (!native) expect([...file.discovered.invalid].sort(), `${na…

⎯⎯⎯⎯⎯⎯⎯⎯⎯⎯⎯⎯⎯⎯⎯⎯⎯⎯⎯⎯⎯⎯⎯⎯[6/7]⎯

 FAIL  tests/diagnostics/bug-hunt-source-attribution.test.ts > inspection keeps source ownership: blocklisted candidates stay local
AssertionError: a.html valid: expected [ 'block', 'flex', 'hidden', 'inline' ] to deeply equal [ 'block' ]

- Expected
+ Received

  [
    "block",
+   "flex",
+   "hidden",
+   "inline",
  ]

 ❯ tests/diagnostics/bug-hunt-source-attribution.test.ts:35:68
     33|       for (const file of report.files) {
     34|         const name = basename(file.filePath)
     35|         expect([...file.discovered.valid].sort(), `${name} valid`).toE…
       |                                                                    ^
     36|         expect([...file.discovered.usedNative].sort(), `${name} native…
     37|         if (!native) expect([...file.discovered.invalid].sort(), `${na…

⎯⎯⎯⎯⎯⎯⎯⎯⎯⎯⎯⎯⎯⎯⎯⎯⎯⎯⎯⎯⎯⎯⎯⎯[7/7]⎯


 Test Files  1 failed (1)
      Tests  7 failed (7)
   Start at  20:25:42
   Duration  1.56s (tests 82%, transform 13%, import 6%)

Error: ERR_PNPM_RECURSIVE_EXEC_FIRST_FAIL

  × "pnpm recursive exec" failed in /Users/aron/master/css/packages/compiler

