(!) Your Vite config uses features that are unsupported by `configLoader: 'native'`, which is planned to become the default in a future major version of Vite:
  - import "../../shared/vitest.config" without a file extension (vitest.config.ts:2:20). Add the file extension
  - import "./vitest-ci-config" without a file extension (../../shared/vitest.config.ts:2:58). Add the file extension
Set `VITE_CONFIG_NATIVE_IGNORE_WARNING=true` to suppress this warning.

 RUN  v5.0.0 /Users/aron/master/css/packages/vite

 ❯ tests/plugins/bug-hunt-build-recovery-ownership.test.ts (3 tests | 1 failed) 480ms
   × a configuration error does not allocate build recovery files 123ms
 ❯ tests/plugins/bug-hunt-build-config-recovery.test.ts (24 tests | 20 failed) 3767ms
   × failed config-sync releases unstarted recovery material (static) 123ms
   × failed config-async releases unstarted recovery material (static) 113ms
   × failed factory releases unstarted recovery material (static) 117ms
   × failed environment-init releases unstarted recovery material (static) 115ms
   × failed config-sync releases unstarted recovery material (runtime) 111ms
   × failed config-async releases unstarted recovery material (runtime) 112ms
   × failed factory releases unstarted recovery material (runtime) 113ms
   × failed environment-init releases unstarted recovery material (runtime) 112ms
   × failed config-sync releases unstarted recovery material (pre-render) 112ms
   × failed config-async releases unstarted recovery material (pre-render) 112ms
   × failed factory releases unstarted recovery material (pre-render) 153ms
   × failed environment-init releases unstarted recovery material (pre-render) 111ms
   × failed config-sync releases unstarted recovery material (progressive) 113ms
   × failed config-async releases unstarted recovery material (progressive) 111ms
   × failed factory releases unstarted recovery material (progressive) 112ms
   × failed environment-init releases unstarted recovery material (progressive) 111ms
   × configuration releases unstarted environments when a peer factory fails (shared=true) 112ms
   × configuration releases unstarted environments when a peer init fails (shared=true) 111ms
   × configuration releases unstarted environments when a peer factory fails (shared=false) 332ms
   × configuration releases unstarted environments when a peer init fails (shared=false) 329ms
 ❯ tests/plugins/bug-hunt-build-failure-lifecycle.test.ts (12 tests | 2 failed) 30260ms
   × watch filters allow reference recovery with authored-file include 5165ms
   × watch filters allow reference recovery with cache-directory exclude 5169ms

⎯⎯⎯⎯⎯⎯ Failed Tests 23 ⎯⎯⎯⎯⎯⎯⎯

 FAIL  tests/plugins/bug-hunt-build-config-recovery.test.ts > failed config-sync releases unstarted recovery material (static)
AssertionError: expected [ Array(1) ] to deeply equal []

- Expected
+ Received

- []
+ [
+   "master-css-watch-Ub61Dd/invalidate",
+ ]

 ❯ tests/plugins/bug-hunt-build-config-recovery.test.ts:28:33
     26|           }
     27|         })).rejects.toThrow(error.message)
     28|         expect(files(cacheDir)).toEqual([])
       |                                 ^
     29|       } finally { rmSync(root, { recursive: true, force: true }) }
     30|     })

⎯⎯⎯⎯⎯⎯⎯⎯⎯⎯⎯⎯⎯⎯⎯⎯⎯⎯⎯⎯⎯⎯⎯[1/23]⎯

 FAIL  tests/plugins/bug-hunt-build-config-recovery.test.ts > failed config-async releases unstarted recovery material (static)
AssertionError: expected [ Array(1) ] to deeply equal []

- Expected
+ Received

- []
+ [
+   "master-css-watch-NKNbIU/invalidate",
+ ]

 ❯ tests/plugins/bug-hunt-build-config-recovery.test.ts:28:33
     26|           }
     27|         })).rejects.toThrow(error.message)
     28|         expect(files(cacheDir)).toEqual([])
       |                                 ^
     29|       } finally { rmSync(root, { recursive: true, force: true }) }
     30|     })

⎯⎯⎯⎯⎯⎯⎯⎯⎯⎯⎯⎯⎯⎯⎯⎯⎯⎯⎯⎯⎯⎯⎯[2/23]⎯

 FAIL  tests/plugins/bug-hunt-build-config-recovery.test.ts > failed factory releases unstarted recovery material (static)
AssertionError: expected [ Array(1) ] to deeply equal []

- Expected
+ Received

- []
+ [
+   "master-css-watch-zxGMh2/invalidate",
+ ]

 ❯ tests/plugins/bug-hunt-build-config-recovery.test.ts:28:33
     26|           }
     27|         })).rejects.toThrow(error.message)
     28|         expect(files(cacheDir)).toEqual([])
       |                                 ^
     29|       } finally { rmSync(root, { recursive: true, force: true }) }
     30|     })

⎯⎯⎯⎯⎯⎯⎯⎯⎯⎯⎯⎯⎯⎯⎯⎯⎯⎯⎯⎯⎯⎯⎯[3/23]⎯

 FAIL  tests/plugins/bug-hunt-build-config-recovery.test.ts > failed environment-init releases unstarted recovery material (static)
AssertionError: expected [ Array(1) ] to deeply equal []

- Expected
+ Received

- []
+ [
+   "master-css-watch-wosI49/invalidate",
+ ]

 ❯ tests/plugins/bug-hunt-build-config-recovery.test.ts:28:33
     26|           }
     27|         })).rejects.toThrow(error.message)
     28|         expect(files(cacheDir)).toEqual([])
       |                                 ^
     29|       } finally { rmSync(root, { recursive: true, force: true }) }
     30|     })

⎯⎯⎯⎯⎯⎯⎯⎯⎯⎯⎯⎯⎯⎯⎯⎯⎯⎯⎯⎯⎯⎯⎯[4/23]⎯

 FAIL  tests/plugins/bug-hunt-build-config-recovery.test.ts > failed config-sync releases unstarted recovery material (runtime)
AssertionError: expected [ Array(1) ] to deeply equal []

- Expected
+ Received

- []
+ [
+   "master-css-watch-69vomq/invalidate",
+ ]

 ❯ tests/plugins/bug-hunt-build-config-recovery.test.ts:28:33
     26|           }
     27|         })).rejects.toThrow(error.message)
     28|         expect(files(cacheDir)).toEqual([])
       |                                 ^
     29|       } finally { rmSync(root, { recursive: true, force: true }) }
     30|     })

⎯⎯⎯⎯⎯⎯⎯⎯⎯⎯⎯⎯⎯⎯⎯⎯⎯⎯⎯⎯⎯⎯⎯[5/23]⎯

 FAIL  tests/plugins/bug-hunt-build-config-recovery.test.ts > failed config-async releases unstarted recovery material (runtime)
AssertionError: expected [ Array(1) ] to deeply equal []

- Expected
+ Received

- []
+ [
+   "master-css-watch-qkDaul/invalidate",
+ ]

 ❯ tests/plugins/bug-hunt-build-config-recovery.test.ts:28:33
     26|           }
     27|         })).rejects.toThrow(error.message)
     28|         expect(files(cacheDir)).toEqual([])
       |                                 ^
     29|       } finally { rmSync(root, { recursive: true, force: true }) }
     30|     })

⎯⎯⎯⎯⎯⎯⎯⎯⎯⎯⎯⎯⎯⎯⎯⎯⎯⎯⎯⎯⎯⎯⎯[6/23]⎯

 FAIL  tests/plugins/bug-hunt-build-config-recovery.test.ts > failed factory releases unstarted recovery material (runtime)
AssertionError: expected [ Array(1) ] to deeply equal []

- Expected
+ Received

- []
+ [
+   "master-css-watch-PyGPHR/invalidate",
+ ]

 ❯ tests/plugins/bug-hunt-build-config-recovery.test.ts:28:33
     26|           }
     27|         })).rejects.toThrow(error.message)
     28|         expect(files(cacheDir)).toEqual([])
       |                                 ^
     29|       } finally { rmSync(root, { recursive: true, force: true }) }
     30|     })

⎯⎯⎯⎯⎯⎯⎯⎯⎯⎯⎯⎯⎯⎯⎯⎯⎯⎯⎯⎯⎯⎯⎯[7/23]⎯

 FAIL  tests/plugins/bug-hunt-build-config-recovery.test.ts > failed environment-init releases unstarted recovery material (runtime)
AssertionError: expected [ Array(1) ] to deeply equal []

- Expected
+ Received

- []
+ [
+   "master-css-watch-wjcBrs/invalidate",
+ ]

 ❯ tests/plugins/bug-hunt-build-config-recovery.test.ts:28:33
     26|           }
     27|         })).rejects.toThrow(error.message)
     28|         expect(files(cacheDir)).toEqual([])
       |                                 ^
     29|       } finally { rmSync(root, { recursive: true, force: true }) }
     30|     })

⎯⎯⎯⎯⎯⎯⎯⎯⎯⎯⎯⎯⎯⎯⎯⎯⎯⎯⎯⎯⎯⎯⎯[8/23]⎯

 FAIL  tests/plugins/bug-hunt-build-config-recovery.test.ts > failed config-sync releases unstarted recovery material (pre-render)
AssertionError: expected [ Array(1) ] to deeply equal []

- Expected
+ Received

- []
+ [
+   "master-css-watch-FMcCoX/invalidate",
+ ]

 ❯ tests/plugins/bug-hunt-build-config-recovery.test.ts:28:33
     26|           }
     27|         })).rejects.toThrow(error.message)
     28|         expect(files(cacheDir)).toEqual([])
       |                                 ^
     29|       } finally { rmSync(root, { recursive: true, force: true }) }
     30|     })

⎯⎯⎯⎯⎯⎯⎯⎯⎯⎯⎯⎯⎯⎯⎯⎯⎯⎯⎯⎯⎯⎯⎯[9/23]⎯

 FAIL  tests/plugins/bug-hunt-build-config-recovery.test.ts > failed config-async releases unstarted recovery material (pre-render)
AssertionError: expected [ Array(1) ] to deeply equal []

- Expected
+ Received

- []
+ [
+   "master-css-watch-WwheIv/invalidate",
+ ]

 ❯ tests/plugins/bug-hunt-build-config-recovery.test.ts:28:33
     26|           }
     27|         })).rejects.toThrow(error.message)
     28|         expect(files(cacheDir)).toEqual([])
       |                                 ^
     29|       } finally { rmSync(root, { recursive: true, force: true }) }
     30|     })

⎯⎯⎯⎯⎯⎯⎯⎯⎯⎯⎯⎯⎯⎯⎯⎯⎯⎯⎯⎯⎯⎯[10/23]⎯

 FAIL  tests/plugins/bug-hunt-build-config-recovery.test.ts > failed factory releases unstarted recovery material (pre-render)
AssertionError: expected [ Array(1) ] to deeply equal []

- Expected
+ Received

- []
+ [
+   "master-css-watch-Yyop3q/invalidate",
+ ]

 ❯ tests/plugins/bug-hunt-build-config-recovery.test.ts:28:33
     26|           }
     27|         })).rejects.toThrow(error.message)
     28|         expect(files(cacheDir)).toEqual([])
       |                                 ^
     29|       } finally { rmSync(root, { recursive: true, force: true }) }
     30|     })

⎯⎯⎯⎯⎯⎯⎯⎯⎯⎯⎯⎯⎯⎯⎯⎯⎯⎯⎯⎯⎯⎯[11/23]⎯

 FAIL  tests/plugins/bug-hunt-build-config-recovery.test.ts > failed environment-init releases unstarted recovery material (pre-render)
AssertionError: expected [ Array(1) ] to deeply equal []

- Expected
+ Received

- []
+ [
+   "master-css-watch-gxzbNu/invalidate",
+ ]

 ❯ tests/plugins/bug-hunt-build-config-recovery.test.ts:28:33
     26|           }
     27|         })).rejects.toThrow(error.message)
     28|         expect(files(cacheDir)).toEqual([])
       |                                 ^
     29|       } finally { rmSync(root, { recursive: true, force: true }) }
     30|     })

⎯⎯⎯⎯⎯⎯⎯⎯⎯⎯⎯⎯⎯⎯⎯⎯⎯⎯⎯⎯⎯⎯[12/23]⎯

 FAIL  tests/plugins/bug-hunt-build-config-recovery.test.ts > failed config-sync releases unstarted recovery material (progressive)
AssertionError: expected [ Array(1) ] to deeply equal []

- Expected
+ Received

- []
+ [
+   "master-css-watch-MQYZsu/invalidate",
+ ]

 ❯ tests/plugins/bug-hunt-build-config-recovery.test.ts:28:33
     26|           }
     27|         })).rejects.toThrow(error.message)
     28|         expect(files(cacheDir)).toEqual([])
       |                                 ^
     29|       } finally { rmSync(root, { recursive: true, force: true }) }
     30|     })

⎯⎯⎯⎯⎯⎯⎯⎯⎯⎯⎯⎯⎯⎯⎯⎯⎯⎯⎯⎯⎯⎯[13/23]⎯

 FAIL  tests/plugins/bug-hunt-build-config-recovery.test.ts > failed config-async releases unstarted recovery material (progressive)
AssertionError: expected [ Array(1) ] to deeply equal []

- Expected
+ Received

- []
+ [
+   "master-css-watch-cxUfFm/invalidate",
+ ]

 ❯ tests/plugins/bug-hunt-build-config-recovery.test.ts:28:33
     26|           }
     27|         })).rejects.toThrow(error.message)
     28|         expect(files(cacheDir)).toEqual([])
       |                                 ^
     29|       } finally { rmSync(root, { recursive: true, force: true }) }
     30|     })

⎯⎯⎯⎯⎯⎯⎯⎯⎯⎯⎯⎯⎯⎯⎯⎯⎯⎯⎯⎯⎯⎯[14/23]⎯

 FAIL  tests/plugins/bug-hunt-build-config-recovery.test.ts > failed factory releases unstarted recovery material (progressive)
AssertionError: expected [ Array(1) ] to deeply equal []

- Expected
+ Received

- []
+ [
+   "master-css-watch-ONe2N0/invalidate",
+ ]

 ❯ tests/plugins/bug-hunt-build-config-recovery.test.ts:28:33
     26|           }
     27|         })).rejects.toThrow(error.message)
     28|         expect(files(cacheDir)).toEqual([])
       |                                 ^
     29|       } finally { rmSync(root, { recursive: true, force: true }) }
     30|     })

⎯⎯⎯⎯⎯⎯⎯⎯⎯⎯⎯⎯⎯⎯⎯⎯⎯⎯⎯⎯⎯⎯[15/23]⎯

 FAIL  tests/plugins/bug-hunt-build-config-recovery.test.ts > failed environment-init releases unstarted recovery material (progressive)
AssertionError: expected [ Array(1) ] to deeply equal []

- Expected
+ Received

- []
+ [
+   "master-css-watch-KAktO0/invalidate",
+ ]

 ❯ tests/plugins/bug-hunt-build-config-recovery.test.ts:28:33
     26|           }
     27|         })).rejects.toThrow(error.message)
     28|         expect(files(cacheDir)).toEqual([])
       |                                 ^
     29|       } finally { rmSync(root, { recursive: true, force: true }) }
     30|     })

⎯⎯⎯⎯⎯⎯⎯⎯⎯⎯⎯⎯⎯⎯⎯⎯⎯⎯⎯⎯⎯⎯[16/23]⎯

 FAIL  tests/plugins/bug-hunt-build-config-recovery.test.ts > configuration releases unstarted environments when a peer factory fails (shared=true)
AssertionError: expected [ Array(1) ] to deeply equal []

- Expected
+ Received

- []
+ [
+   "master-css-watch-qPIzO9/invalidate",
+ ]

 ❯ tests/plugins/bug-hunt-build-config-recovery.test.ts:81:31
     79|         build: { watch: {}, createEnvironment }
     80|       })).rejects.toThrow(error.message)
     81|       expect(files(cacheDir)).toEqual([])
       |                               ^
     82|     } finally { rmSync(root, { recursive: true, force: true }) }
     83|   })

⎯⎯⎯⎯⎯⎯⎯⎯⎯⎯⎯⎯⎯⎯⎯⎯⎯⎯⎯⎯⎯⎯[17/23]⎯

 FAIL  tests/plugins/bug-hunt-build-config-recovery.test.ts > configuration releases unstarted environments when a peer init fails (shared=true)
AssertionError: expected [ Array(1) ] to deeply equal []

- Expected
+ Received

- []
+ [
+   "master-css-watch-F2Ku9x/invalidate",
+ ]

 ❯ tests/plugins/bug-hunt-build-config-recovery.test.ts:81:31
     79|         build: { watch: {}, createEnvironment }
     80|       })).rejects.toThrow(error.message)
     81|       expect(files(cacheDir)).toEqual([])
       |                               ^
     82|     } finally { rmSync(root, { recursive: true, force: true }) }
     83|   })

⎯⎯⎯⎯⎯⎯⎯⎯⎯⎯⎯⎯⎯⎯⎯⎯⎯⎯⎯⎯⎯⎯[18/23]⎯

 FAIL  tests/plugins/bug-hunt-build-config-recovery.test.ts > configuration releases unstarted environments when a peer factory fails (shared=false)
AssertionError: expected [ …(3) ] to deeply equal []

- Expected
+ Received

- []
+ [
+   "master-css-watch-XO7ZQc/invalidate",
+   "master-css-watch-dwysbk/invalidate",
+   "master-css-watch-q9yhLs/invalidate",
+ ]

 ❯ tests/plugins/bug-hunt-build-config-recovery.test.ts:81:31
     79|         build: { watch: {}, createEnvironment }
     80|       })).rejects.toThrow(error.message)
     81|       expect(files(cacheDir)).toEqual([])
       |                               ^
     82|     } finally { rmSync(root, { recursive: true, force: true }) }
     83|   })

⎯⎯⎯⎯⎯⎯⎯⎯⎯⎯⎯⎯⎯⎯⎯⎯⎯⎯⎯⎯⎯⎯[19/23]⎯

 FAIL  tests/plugins/bug-hunt-build-config-recovery.test.ts > configuration releases unstarted environments when a peer init fails (shared=false)
AssertionError: expected [ …(3) ] to deeply equal []

- Expected
+ Received

- []
+ [
+   "master-css-watch-36IIFv/invalidate",
+   "master-css-watch-ppZHLq/invalidate",
+   "master-css-watch-yRiF3M/invalidate",
+ ]

 ❯ tests/plugins/bug-hunt-build-config-recovery.test.ts:81:31
     79|         build: { watch: {}, createEnvironment }
     80|       })).rejects.toThrow(error.message)
     81|       expect(files(cacheDir)).toEqual([])
       |                               ^
     82|     } finally { rmSync(root, { recursive: true, force: true }) }
     83|   })

⎯⎯⎯⎯⎯⎯⎯⎯⎯⎯⎯⎯⎯⎯⎯⎯⎯⎯⎯⎯⎯⎯[20/23]⎯

 FAIL  tests/plugins/bug-hunt-build-failure-lifecycle.test.ts > watch filters allow reference recovery with authored-file include
 FAIL  tests/plugins/bug-hunt-build-failure-lifecycle.test.ts > watch filters allow reference recovery with cache-directory exclude
AssertionError: expected 0 to be greater than 0
 ❯ vi.waitFor.timeout tests/plugins/bug-hunt-build-failure-lifecycle.test.ts:34:65


⎯⎯⎯⎯⎯⎯⎯⎯⎯⎯⎯⎯⎯⎯⎯⎯⎯⎯⎯⎯⎯⎯[21/23]⎯

 FAIL  tests/plugins/bug-hunt-build-recovery-ownership.test.ts > a configuration error does not allocate build recovery files
AssertionError: expected [ Array(1) ] to deeply equal []

- Expected
+ Received

- []
+ [
+   "master-css-watch-ijzFmy/invalidate",
+ ]

 ❯ tests/plugins/bug-hunt-build-recovery-ownership.test.ts:24:31
     22|       plugins: [masterCSS({ mode: 'static', runtime: false }), { name:…
     23|     })).rejects.toThrow('intentional config error')
     24|     expect(files(f.cacheDir)).toEqual([])
       |                               ^
     25|   } finally { f.close() }
     26| })

⎯⎯⎯⎯⎯⎯⎯⎯⎯⎯⎯⎯⎯⎯⎯⎯⎯⎯⎯⎯⎯⎯[22/23]⎯


 Test Files  3 failed | 1 passed (4)
      Tests  23 failed | 42 passed (65)
   Start at  21:11:00
   Duration  30.88s (tests 97%, transform 2%, import 1%)

Error: ERR_PNPM_RECURSIVE_EXEC_FIRST_FAIL

  × "pnpm recursive exec" failed in /Users/aron/master/css/packages/vite

