(!) Your Vite config uses features that are unsupported by `configLoader: 'native'`, which is planned to become the default in a future major version of Vite:
  - import "../../shared/vitest.config" without a file extension (vitest.config.ts:2:20). Add the file extension
  - import "./vitest-ci-config" without a file extension (../../shared/vitest.config.ts:2:58). Add the file extension
Set `VITE_CONFIG_NATIVE_IGNORE_WARNING=true` to suppress this warning.

 RUN  v5.0.0 /Users/aron/master/css/packages/vite

 ❯ tests/plugins/bug-hunt-build-config-recovery.test.ts (24 tests | 2 failed) 3802ms
   × configuration releases unstarted environments when a peer factory fails (shared=false) 330ms
   × configuration releases unstarted environments when a peer init fails (shared=false) 334ms

⎯⎯⎯⎯⎯⎯⎯ Failed Tests 2 ⎯⎯⎯⎯⎯⎯⎯

 FAIL  tests/plugins/bug-hunt-build-config-recovery.test.ts > configuration releases unstarted environments when a peer factory fails (shared=false)
AssertionError: expected [ Array(1) ] to deeply equal []

- Expected
+ Received

- []
+ [
+   "master-css-watch-YdGLbr/invalidate",
+ ]

 ❯ tests/plugins/bug-hunt-build-config-recovery.test.ts:81:31
     79|         build: { watch: {}, createEnvironment }
     80|       })).rejects.toThrow(error.message)
     81|       expect(files(cacheDir)).toEqual([])
       |                               ^
     82|     } finally { rmSync(root, { recursive: true, force: true }) }
     83|   })

⎯⎯⎯⎯⎯⎯⎯⎯⎯⎯⎯⎯⎯⎯⎯⎯⎯⎯⎯⎯⎯⎯⎯⎯[1/2]⎯

 FAIL  tests/plugins/bug-hunt-build-config-recovery.test.ts > configuration releases unstarted environments when a peer init fails (shared=false)
AssertionError: expected [ Array(1) ] to deeply equal []

- Expected
+ Received

- []
+ [
+   "master-css-watch-t5YqEX/invalidate",
+ ]

 ❯ tests/plugins/bug-hunt-build-config-recovery.test.ts:81:31
     79|         build: { watch: {}, createEnvironment }
     80|       })).rejects.toThrow(error.message)
     81|       expect(files(cacheDir)).toEqual([])
       |                               ^
     82|     } finally { rmSync(root, { recursive: true, force: true }) }
     83|   })

⎯⎯⎯⎯⎯⎯⎯⎯⎯⎯⎯⎯⎯⎯⎯⎯⎯⎯⎯⎯⎯⎯⎯⎯[2/2]⎯


 Test Files  1 failed (1)
      Tests  2 failed | 22 passed (24)
   Start at  21:09:20
   Duration  4.36s (tests 89%, transform 8%, import 4%)

Error: ERR_PNPM_RECURSIVE_EXEC_FIRST_FAIL

  × "pnpm recursive exec" failed in /Users/aron/master/css/packages/vite

