(!) Your Vite config uses features that are unsupported by `configLoader: 'native'`, which is planned to become the default in a future major version of Vite:
  - import "../../shared/vitest.config" without a file extension (vitest.config.ts:2:20). Add the file extension
  - import "./vitest-ci-config" without a file extension (../../shared/vitest.config.ts:2:58). Add the file extension
Set `VITE_CONFIG_NATIVE_IGNORE_WARNING=true` to suppress this warning.

 RUN  v5.0.0 /private/var/folders/_b/768dhtz56ns54x1r867j67280000gn/T/master-webpack-dist-overlap-K1zUFd/packages/webpack

[log]
[log]
[log]
[log]
[log]
[log]
[log]
[log]
[success] page.tsx 1 classes inserted in 0.2ms 
[log]
[log]

 Test Files  7 passed (7)
      Tests  74 passed (74)
   Start at  21:17:44
   Duration  23.34s (tests 97%, import 2%, transform 1%)

