(!) Your Vite config uses features that are unsupported by `configLoader: 'native'`, which is planned to become the default in a future major version of Vite:
  - import "../../shared/vitest.config" without a file extension (vitest.config.ts:2:20). Add the file extension
  - import "./vitest-ci-config" without a file extension (../../shared/vitest.config.ts:2:58). Add the file extension
Set `VITE_CONFIG_NATIVE_IGNORE_WARNING=true` to suppress this warning.

 RUN  v5.0.0 /private/var/folders/_b/768dhtz56ns54x1r867j67280000gn/T/master-webpack-dist-overlap-K1zUFd/packages/webpack

 ❯ tests/bug-hunt-relative-assets.test.ts (1 test | 1 failed) 395ms
   × resolves relative runtime assets from each emitted HTML directory 395ms
 ❯ tests/bug-hunt-fixed-runtime-filename.test.ts (0 test)
[log]
[log]
[success] page.tsx 1 classes inserted in 0.2ms 
[log]

⎯⎯⎯⎯⎯⎯ Failed Suites 1 ⎯⎯⎯⎯⎯⎯⎯

 FAIL  tests/bug-hunt-fixed-runtime-filename.test.ts [ tests/bug-hunt-fixed-runtime-filename.test.ts ]
Error: Cannot find module '/dist/plugins/usage-graph.js' imported from /private/var/folders/_b/768dhtz56ns54x1r867j67280000gn/T/master-webpack-dist-overlap-K1zUFd/packages/webpack/dist/plugin.js
⎯⎯⎯⎯⎯⎯⎯⎯⎯⎯⎯⎯⎯⎯⎯⎯⎯⎯⎯⎯⎯⎯⎯⎯[1/2]⎯


⎯⎯⎯⎯⎯⎯⎯ Failed Tests 1 ⎯⎯⎯⎯⎯⎯⎯

 FAIL  tests/bug-hunt-relative-assets.test.ts > resolves relative runtime assets from each emitted HTML directory
Error: Cannot find module '/dist/plugins/usage-graph.js' imported from /private/var/folders/_b/768dhtz56ns54x1r867j67280000gn/T/master-webpack-dist-overlap-K1zUFd/packages/webpack/dist/plugin.js
⎯⎯⎯⎯⎯⎯⎯⎯⎯⎯⎯⎯⎯⎯⎯⎯⎯⎯⎯⎯⎯⎯⎯⎯[2/2]⎯


 Test Files  2 failed | 5 passed (7)
      Tests  1 failed | 67 passed (68)
   Start at  21:17:37
   Duration  6.89s (tests 91%, transform 6%, import 3%)

