{"id":"compose-before-native","flattened":".example{@compose paint;}.example{color:blue}@utilities{paint{color:red}}","css":{"legacy-native":".example{color:red}\n\n.example {\n  color: #00f;\n}","legacy-wasm":".example{color:red}\n\n.example {\n  color: #00f;\n}","legacy-file":".example{color:red}\n\n.example {\n  color: #00f;\n}","rendered-source":".example{color:red}\n\n.example {\n  color: #00f;\n}"}}
{"id":"compose-in-conditional-layer","flattened":"@supports (display: grid){@media screen{@layer shared{.example{@compose paint;}}}}@utilities{paint{color:red}}","css":{"legacy-native":"@supports (display: grid) {\n  @media screen {\n    @layer shared {\n      .example{color:red}\n    }\n  }\n}","legacy-wasm":"@supports (display: grid) {\n  @media screen {\n    @layer shared {\n      .example{color:red}\n    }\n  }\n}","legacy-file":"@supports (display: grid){@media screen{@layer shared{.example{color:red}}}}","rendered-source":"@supports (display: grid){@media screen{@layer shared{.example{color:red}}}}"}}
{"id":"compose-cross-file-override","flattened":"@utilities{paint{color:red}}.example{@compose paint;}@utilities{paint{color:blue}}","css":{"legacy-native":".example{color:#00f}","legacy-wasm":".example{color:#00f}","legacy-file":".example{color:#00f}","rendered-source":".example{color:#00f}"}}
{"id":"compose-before-native","browser":"chromium","media":"screen","method":"author","actual":"rgb(0, 0, 255)","expected":"rgb(0, 0, 255)","pass":true}
{"id":"compose-before-native","browser":"chromium","media":"screen","method":"legacy-native","actual":"rgb(0, 0, 255)","expected":"rgb(0, 0, 255)","pass":true}
{"id":"compose-before-native","browser":"chromium","media":"screen","method":"legacy-wasm","actual":"rgb(0, 0, 255)","expected":"rgb(0, 0, 255)","pass":true}
{"id":"compose-before-native","browser":"chromium","media":"screen","method":"legacy-file","actual":"rgb(0, 0, 255)","expected":"rgb(0, 0, 255)","pass":true}
{"id":"compose-before-native","browser":"chromium","media":"screen","method":"rendered-source","actual":"rgb(0, 0, 255)","expected":"rgb(0, 0, 255)","pass":true}
{"id":"compose-before-native","browser":"chromium","media":"print","method":"author","actual":"rgb(0, 0, 255)","expected":"rgb(0, 0, 255)","pass":true}
{"id":"compose-before-native","browser":"chromium","media":"print","method":"legacy-native","actual":"rgb(0, 0, 255)","expected":"rgb(0, 0, 255)","pass":true}
{"id":"compose-before-native","browser":"chromium","media":"print","method":"legacy-wasm","actual":"rgb(0, 0, 255)","expected":"rgb(0, 0, 255)","pass":true}
{"id":"compose-before-native","browser":"chromium","media":"print","method":"legacy-file","actual":"rgb(0, 0, 255)","expected":"rgb(0, 0, 255)","pass":true}
{"id":"compose-before-native","browser":"chromium","media":"print","method":"rendered-source","actual":"rgb(0, 0, 255)","expected":"rgb(0, 0, 255)","pass":true}
{"id":"compose-in-conditional-layer","browser":"chromium","media":"screen","method":"author","actual":"rgb(255, 0, 0)","expected":"rgb(255, 0, 0)","pass":true}
{"id":"compose-in-conditional-layer","browser":"chromium","media":"screen","method":"legacy-native","actual":"rgb(255, 0, 0)","expected":"rgb(255, 0, 0)","pass":true}
{"id":"compose-in-conditional-layer","browser":"chromium","media":"screen","method":"legacy-wasm","actual":"rgb(255, 0, 0)","expected":"rgb(255, 0, 0)","pass":true}
{"id":"compose-in-conditional-layer","browser":"chromium","media":"screen","method":"legacy-file","actual":"rgb(255, 0, 0)","expected":"rgb(255, 0, 0)","pass":true}
{"id":"compose-in-conditional-layer","browser":"chromium","media":"screen","method":"rendered-source","actual":"rgb(255, 0, 0)","expected":"rgb(255, 0, 0)","pass":true}
{"id":"compose-in-conditional-layer","browser":"chromium","media":"print","method":"author","actual":"rgb(0, 0, 0)","expected":"rgb(0, 0, 0)","pass":true}
{"id":"compose-in-conditional-layer","browser":"chromium","media":"print","method":"legacy-native","actual":"rgb(0, 0, 0)","expected":"rgb(0, 0, 0)","pass":true}
{"id":"compose-in-conditional-layer","browser":"chromium","media":"print","method":"legacy-wasm","actual":"rgb(0, 0, 0)","expected":"rgb(0, 0, 0)","pass":true}
{"id":"compose-in-conditional-layer","browser":"chromium","media":"print","method":"legacy-file","actual":"rgb(0, 0, 0)","expected":"rgb(0, 0, 0)","pass":true}
{"id":"compose-in-conditional-layer","browser":"chromium","media":"print","method":"rendered-source","actual":"rgb(0, 0, 0)","expected":"rgb(0, 0, 0)","pass":true}
{"id":"compose-cross-file-override","browser":"chromium","media":"screen","method":"author","actual":"rgb(0, 0, 255)","expected":"rgb(0, 0, 255)","pass":true}
{"id":"compose-cross-file-override","browser":"chromium","media":"screen","method":"legacy-native","actual":"rgb(0, 0, 255)","expected":"rgb(0, 0, 255)","pass":true}
{"id":"compose-cross-file-override","browser":"chromium","media":"screen","method":"legacy-wasm","actual":"rgb(0, 0, 255)","expected":"rgb(0, 0, 255)","pass":true}
{"id":"compose-cross-file-override","browser":"chromium","media":"screen","method":"legacy-file","actual":"rgb(0, 0, 255)","expected":"rgb(0, 0, 255)","pass":true}
{"id":"compose-cross-file-override","browser":"chromium","media":"screen","method":"rendered-source","actual":"rgb(0, 0, 255)","expected":"rgb(0, 0, 255)","pass":true}
{"id":"compose-cross-file-override","browser":"chromium","media":"print","method":"author","actual":"rgb(0, 0, 255)","expected":"rgb(0, 0, 255)","pass":true}
{"id":"compose-cross-file-override","browser":"chromium","media":"print","method":"legacy-native","actual":"rgb(0, 0, 255)","expected":"rgb(0, 0, 255)","pass":true}
{"id":"compose-cross-file-override","browser":"chromium","media":"print","method":"legacy-wasm","actual":"rgb(0, 0, 255)","expected":"rgb(0, 0, 255)","pass":true}
{"id":"compose-cross-file-override","browser":"chromium","media":"print","method":"legacy-file","actual":"rgb(0, 0, 255)","expected":"rgb(0, 0, 255)","pass":true}
{"id":"compose-cross-file-override","browser":"chromium","media":"print","method":"rendered-source","actual":"rgb(0, 0, 255)","expected":"rgb(0, 0, 255)","pass":true}
{"id":"compose-before-native","browser":"firefox","media":"screen","method":"author","actual":"rgb(0, 0, 255)","expected":"rgb(0, 0, 255)","pass":true}
{"id":"compose-before-native","browser":"firefox","media":"screen","method":"legacy-native","actual":"rgb(0, 0, 255)","expected":"rgb(0, 0, 255)","pass":true}
{"id":"compose-before-native","browser":"firefox","media":"screen","method":"legacy-wasm","actual":"rgb(0, 0, 255)","expected":"rgb(0, 0, 255)","pass":true}
{"id":"compose-before-native","browser":"firefox","media":"screen","method":"legacy-file","actual":"rgb(0, 0, 255)","expected":"rgb(0, 0, 255)","pass":true}
{"id":"compose-before-native","browser":"firefox","media":"screen","method":"rendered-source","actual":"rgb(0, 0, 255)","expected":"rgb(0, 0, 255)","pass":true}
{"id":"compose-before-native","browser":"firefox","media":"print","method":"author","actual":"rgb(0, 0, 255)","expected":"rgb(0, 0, 255)","pass":true}
{"id":"compose-before-native","browser":"firefox","media":"print","method":"legacy-native","actual":"rgb(0, 0, 255)","expected":"rgb(0, 0, 255)","pass":true}
{"id":"compose-before-native","browser":"firefox","media":"print","method":"legacy-wasm","actual":"rgb(0, 0, 255)","expected":"rgb(0, 0, 255)","pass":true}
{"id":"compose-before-native","browser":"firefox","media":"print","method":"legacy-file","actual":"rgb(0, 0, 255)","expected":"rgb(0, 0, 255)","pass":true}
{"id":"compose-before-native","browser":"firefox","media":"print","method":"rendered-source","actual":"rgb(0, 0, 255)","expected":"rgb(0, 0, 255)","pass":true}
{"id":"compose-in-conditional-layer","browser":"firefox","media":"screen","method":"author","actual":"rgb(255, 0, 0)","expected":"rgb(255, 0, 0)","pass":true}
{"id":"compose-in-conditional-layer","browser":"firefox","media":"screen","method":"legacy-native","actual":"rgb(255, 0, 0)","expected":"rgb(255, 0, 0)","pass":true}
{"id":"compose-in-conditional-layer","browser":"firefox","media":"screen","method":"legacy-wasm","actual":"rgb(255, 0, 0)","expected":"rgb(255, 0, 0)","pass":true}
{"id":"compose-in-conditional-layer","browser":"firefox","media":"screen","method":"legacy-file","actual":"rgb(255, 0, 0)","expected":"rgb(255, 0, 0)","pass":true}
{"id":"compose-in-conditional-layer","browser":"firefox","media":"screen","method":"rendered-source","actual":"rgb(255, 0, 0)","expected":"rgb(255, 0, 0)","pass":true}
{"id":"compose-in-conditional-layer","browser":"firefox","media":"print","method":"author","actual":"rgb(0, 0, 0)","expected":"rgb(0, 0, 0)","pass":true}
{"id":"compose-in-conditional-layer","browser":"firefox","media":"print","method":"legacy-native","actual":"rgb(0, 0, 0)","expected":"rgb(0, 0, 0)","pass":true}
{"id":"compose-in-conditional-layer","browser":"firefox","media":"print","method":"legacy-wasm","actual":"rgb(0, 0, 0)","expected":"rgb(0, 0, 0)","pass":true}
{"id":"compose-in-conditional-layer","browser":"firefox","media":"print","method":"legacy-file","actual":"rgb(0, 0, 0)","expected":"rgb(0, 0, 0)","pass":true}
{"id":"compose-in-conditional-layer","browser":"firefox","media":"print","method":"rendered-source","actual":"rgb(0, 0, 0)","expected":"rgb(0, 0, 0)","pass":true}
{"id":"compose-cross-file-override","browser":"firefox","media":"screen","method":"author","actual":"rgb(0, 0, 255)","expected":"rgb(0, 0, 255)","pass":true}
{"id":"compose-cross-file-override","browser":"firefox","media":"screen","method":"legacy-native","actual":"rgb(0, 0, 255)","expected":"rgb(0, 0, 255)","pass":true}
{"id":"compose-cross-file-override","browser":"firefox","media":"screen","method":"legacy-wasm","actual":"rgb(0, 0, 255)","expected":"rgb(0, 0, 255)","pass":true}
{"id":"compose-cross-file-override","browser":"firefox","media":"screen","method":"legacy-file","actual":"rgb(0, 0, 255)","expected":"rgb(0, 0, 255)","pass":true}
{"id":"compose-cross-file-override","browser":"firefox","media":"screen","method":"rendered-source","actual":"rgb(0, 0, 255)","expected":"rgb(0, 0, 255)","pass":true}
{"id":"compose-cross-file-override","browser":"firefox","media":"print","method":"author","actual":"rgb(0, 0, 255)","expected":"rgb(0, 0, 255)","pass":true}
{"id":"compose-cross-file-override","browser":"firefox","media":"print","method":"legacy-native","actual":"rgb(0, 0, 255)","expected":"rgb(0, 0, 255)","pass":true}
{"id":"compose-cross-file-override","browser":"firefox","media":"print","method":"legacy-wasm","actual":"rgb(0, 0, 255)","expected":"rgb(0, 0, 255)","pass":true}
{"id":"compose-cross-file-override","browser":"firefox","media":"print","method":"legacy-file","actual":"rgb(0, 0, 255)","expected":"rgb(0, 0, 255)","pass":true}
{"id":"compose-cross-file-override","browser":"firefox","media":"print","method":"rendered-source","actual":"rgb(0, 0, 255)","expected":"rgb(0, 0, 255)","pass":true}
{"id":"compose-before-native","browser":"webkit","media":"screen","method":"author","actual":"rgb(0, 0, 255)","expected":"rgb(0, 0, 255)","pass":true}
{"id":"compose-before-native","browser":"webkit","media":"screen","method":"legacy-native","actual":"rgb(0, 0, 255)","expected":"rgb(0, 0, 255)","pass":true}
{"id":"compose-before-native","browser":"webkit","media":"screen","method":"legacy-wasm","actual":"rgb(0, 0, 255)","expected":"rgb(0, 0, 255)","pass":true}
{"id":"compose-before-native","browser":"webkit","media":"screen","method":"legacy-file","actual":"rgb(0, 0, 255)","expected":"rgb(0, 0, 255)","pass":true}
{"id":"compose-before-native","browser":"webkit","media":"screen","method":"rendered-source","actual":"rgb(0, 0, 255)","expected":"rgb(0, 0, 255)","pass":true}
{"id":"compose-before-native","browser":"webkit","media":"print","method":"author","actual":"rgb(0, 0, 255)","expected":"rgb(0, 0, 255)","pass":true}
{"id":"compose-before-native","browser":"webkit","media":"print","method":"legacy-native","actual":"rgb(0, 0, 255)","expected":"rgb(0, 0, 255)","pass":true}
{"id":"compose-before-native","browser":"webkit","media":"print","method":"legacy-wasm","actual":"rgb(0, 0, 255)","expected":"rgb(0, 0, 255)","pass":true}
{"id":"compose-before-native","browser":"webkit","media":"print","method":"legacy-file","actual":"rgb(0, 0, 255)","expected":"rgb(0, 0, 255)","pass":true}
{"id":"compose-before-native","browser":"webkit","media":"print","method":"rendered-source","actual":"rgb(0, 0, 255)","expected":"rgb(0, 0, 255)","pass":true}
{"id":"compose-in-conditional-layer","browser":"webkit","media":"screen","method":"author","actual":"rgb(255, 0, 0)","expected":"rgb(255, 0, 0)","pass":true}
{"id":"compose-in-conditional-layer","browser":"webkit","media":"screen","method":"legacy-native","actual":"rgb(255, 0, 0)","expected":"rgb(255, 0, 0)","pass":true}
{"id":"compose-in-conditional-layer","browser":"webkit","media":"screen","method":"legacy-wasm","actual":"rgb(255, 0, 0)","expected":"rgb(255, 0, 0)","pass":true}
{"id":"compose-in-conditional-layer","browser":"webkit","media":"screen","method":"legacy-file","actual":"rgb(255, 0, 0)","expected":"rgb(255, 0, 0)","pass":true}
{"id":"compose-in-conditional-layer","browser":"webkit","media":"screen","method":"rendered-source","actual":"rgb(255, 0, 0)","expected":"rgb(255, 0, 0)","pass":true}
{"id":"compose-in-conditional-layer","browser":"webkit","media":"print","method":"author","actual":"rgb(0, 0, 0)","expected":"rgb(0, 0, 0)","pass":true}
{"id":"compose-in-conditional-layer","browser":"webkit","media":"print","method":"legacy-native","actual":"rgb(0, 0, 0)","expected":"rgb(0, 0, 0)","pass":true}
{"id":"compose-in-conditional-layer","browser":"webkit","media":"print","method":"legacy-wasm","actual":"rgb(0, 0, 0)","expected":"rgb(0, 0, 0)","pass":true}
{"id":"compose-in-conditional-layer","browser":"webkit","media":"print","method":"legacy-file","actual":"rgb(0, 0, 0)","expected":"rgb(0, 0, 0)","pass":true}
{"id":"compose-in-conditional-layer","browser":"webkit","media":"print","method":"rendered-source","actual":"rgb(0, 0, 0)","expected":"rgb(0, 0, 0)","pass":true}
{"id":"compose-cross-file-override","browser":"webkit","media":"screen","method":"author","actual":"rgb(0, 0, 255)","expected":"rgb(0, 0, 255)","pass":true}
{"id":"compose-cross-file-override","browser":"webkit","media":"screen","method":"legacy-native","actual":"rgb(0, 0, 255)","expected":"rgb(0, 0, 255)","pass":true}
{"id":"compose-cross-file-override","browser":"webkit","media":"screen","method":"legacy-wasm","actual":"rgb(0, 0, 255)","expected":"rgb(0, 0, 255)","pass":true}
{"id":"compose-cross-file-override","browser":"webkit","media":"screen","method":"legacy-file","actual":"rgb(0, 0, 255)","expected":"rgb(0, 0, 255)","pass":true}
{"id":"compose-cross-file-override","browser":"webkit","media":"screen","method":"rendered-source","actual":"rgb(0, 0, 255)","expected":"rgb(0, 0, 255)","pass":true}
{"id":"compose-cross-file-override","browser":"webkit","media":"print","method":"author","actual":"rgb(0, 0, 255)","expected":"rgb(0, 0, 255)","pass":true}
{"id":"compose-cross-file-override","browser":"webkit","media":"print","method":"legacy-native","actual":"rgb(0, 0, 255)","expected":"rgb(0, 0, 255)","pass":true}
{"id":"compose-cross-file-override","browser":"webkit","media":"print","method":"legacy-wasm","actual":"rgb(0, 0, 255)","expected":"rgb(0, 0, 255)","pass":true}
{"id":"compose-cross-file-override","browser":"webkit","media":"print","method":"legacy-file","actual":"rgb(0, 0, 255)","expected":"rgb(0, 0, 255)","pass":true}
{"id":"compose-cross-file-override","browser":"webkit","media":"print","method":"rendered-source","actual":"rgb(0, 0, 255)","expected":"rgb(0, 0, 255)","pass":true}
{"original0114Cases":3,"consumers":4,"controls":18,"observations":72,"failures":[]}
