{"browser":"chromium","name":"before-native","media":"screen","method":"author","actual":"rgb(0, 0, 255)","expected":"rgb(0, 0, 255)","pass":true}
{"browser":"chromium","name":"before-native","media":"screen","method":"public-native","actual":"rgb(0, 0, 255)","expected":"rgb(0, 0, 255)","pass":true}
{"browser":"chromium","name":"before-native","media":"screen","method":"public-wasm","actual":"rgb(0, 0, 255)","expected":"rgb(0, 0, 255)","pass":true}
{"browser":"chromium","name":"before-native","media":"screen","method":"sync-source","actual":"rgb(0, 0, 255)","expected":"rgb(0, 0, 255)","pass":true}
{"browser":"chromium","name":"before-native","media":"screen","method":"legacy-file","actual":"rgb(0, 0, 255)","expected":"rgb(0, 0, 255)","pass":true}
{"browser":"chromium","name":"before-native","media":"screen","method":"rendered-source","actual":"rgb(0, 0, 255)","expected":"rgb(0, 0, 255)","pass":true}
{"browser":"chromium","name":"before-native","media":"print","method":"author","actual":"rgb(0, 0, 255)","expected":"rgb(0, 0, 255)","pass":true}
{"browser":"chromium","name":"before-native","media":"print","method":"public-native","actual":"rgb(0, 0, 255)","expected":"rgb(0, 0, 255)","pass":true}
{"browser":"chromium","name":"before-native","media":"print","method":"public-wasm","actual":"rgb(0, 0, 255)","expected":"rgb(0, 0, 255)","pass":true}
{"browser":"chromium","name":"before-native","media":"print","method":"sync-source","actual":"rgb(0, 0, 255)","expected":"rgb(0, 0, 255)","pass":true}
{"browser":"chromium","name":"before-native","media":"print","method":"legacy-file","actual":"rgb(0, 0, 255)","expected":"rgb(0, 0, 255)","pass":true}
{"browser":"chromium","name":"before-native","media":"print","method":"rendered-source","actual":"rgb(0, 0, 255)","expected":"rgb(0, 0, 255)","pass":true}
{"browser":"chromium","name":"after-native","media":"screen","method":"author","actual":"rgb(255, 0, 0)","expected":"rgb(255, 0, 0)","pass":true}
{"browser":"chromium","name":"after-native","media":"screen","method":"public-native","actual":"rgb(255, 0, 0)","expected":"rgb(255, 0, 0)","pass":true}
{"browser":"chromium","name":"after-native","media":"screen","method":"public-wasm","actual":"rgb(255, 0, 0)","expected":"rgb(255, 0, 0)","pass":true}
{"browser":"chromium","name":"after-native","media":"screen","method":"sync-source","actual":"rgb(255, 0, 0)","expected":"rgb(255, 0, 0)","pass":true}
{"browser":"chromium","name":"after-native","media":"screen","method":"legacy-file","actual":"rgb(255, 0, 0)","expected":"rgb(255, 0, 0)","pass":true}
{"browser":"chromium","name":"after-native","media":"screen","method":"rendered-source","actual":"rgb(255, 0, 0)","expected":"rgb(255, 0, 0)","pass":true}
{"browser":"chromium","name":"after-native","media":"print","method":"author","actual":"rgb(255, 0, 0)","expected":"rgb(255, 0, 0)","pass":true}
{"browser":"chromium","name":"after-native","media":"print","method":"public-native","actual":"rgb(255, 0, 0)","expected":"rgb(255, 0, 0)","pass":true}
{"browser":"chromium","name":"after-native","media":"print","method":"public-wasm","actual":"rgb(255, 0, 0)","expected":"rgb(255, 0, 0)","pass":true}
{"browser":"chromium","name":"after-native","media":"print","method":"sync-source","actual":"rgb(255, 0, 0)","expected":"rgb(255, 0, 0)","pass":true}
{"browser":"chromium","name":"after-native","media":"print","method":"legacy-file","actual":"rgb(255, 0, 0)","expected":"rgb(255, 0, 0)","pass":true}
{"browser":"chromium","name":"after-native","media":"print","method":"rendered-source","actual":"rgb(255, 0, 0)","expected":"rgb(255, 0, 0)","pass":true}
{"browser":"chromium","name":"interleaved","media":"screen","method":"author","actual":"rgb(0, 128, 0)","expected":"rgb(0, 128, 0)","pass":true}
{"browser":"chromium","name":"interleaved","media":"screen","method":"public-native","actual":"rgb(0, 128, 0)","expected":"rgb(0, 128, 0)","pass":true}
{"browser":"chromium","name":"interleaved","media":"screen","method":"public-wasm","actual":"rgb(0, 128, 0)","expected":"rgb(0, 128, 0)","pass":true}
{"browser":"chromium","name":"interleaved","media":"screen","method":"sync-source","actual":"rgb(0, 128, 0)","expected":"rgb(0, 128, 0)","pass":true}
{"browser":"chromium","name":"interleaved","media":"screen","method":"legacy-file","actual":"rgb(0, 128, 0)","expected":"rgb(0, 128, 0)","pass":true}
{"browser":"chromium","name":"interleaved","media":"screen","method":"rendered-source","actual":"rgb(0, 128, 0)","expected":"rgb(0, 128, 0)","pass":true}
{"browser":"chromium","name":"interleaved","media":"print","method":"author","actual":"rgb(0, 128, 0)","expected":"rgb(0, 128, 0)","pass":true}
{"browser":"chromium","name":"interleaved","media":"print","method":"public-native","actual":"rgb(0, 128, 0)","expected":"rgb(0, 128, 0)","pass":true}
{"browser":"chromium","name":"interleaved","media":"print","method":"public-wasm","actual":"rgb(0, 128, 0)","expected":"rgb(0, 128, 0)","pass":true}
{"browser":"chromium","name":"interleaved","media":"print","method":"sync-source","actual":"rgb(0, 128, 0)","expected":"rgb(0, 128, 0)","pass":true}
{"browser":"chromium","name":"interleaved","media":"print","method":"legacy-file","actual":"rgb(0, 128, 0)","expected":"rgb(0, 128, 0)","pass":true}
{"browser":"chromium","name":"interleaved","media":"print","method":"rendered-source","actual":"rgb(0, 128, 0)","expected":"rgb(0, 128, 0)","pass":true}
{"browser":"chromium","name":"declaration-before","media":"screen","method":"author","actual":"rgb(255, 0, 0)","expected":"rgb(255, 0, 0)","pass":true}
{"browser":"chromium","name":"declaration-before","media":"screen","method":"public-native","actual":"rgb(255, 0, 0)","expected":"rgb(255, 0, 0)","pass":true}
{"browser":"chromium","name":"declaration-before","media":"screen","method":"public-wasm","actual":"rgb(255, 0, 0)","expected":"rgb(255, 0, 0)","pass":true}
{"browser":"chromium","name":"declaration-before","media":"screen","method":"sync-source","actual":"rgb(255, 0, 0)","expected":"rgb(255, 0, 0)","pass":true}
{"browser":"chromium","name":"declaration-before","media":"screen","method":"legacy-file","actual":"rgb(255, 0, 0)","expected":"rgb(255, 0, 0)","pass":true}
{"browser":"chromium","name":"declaration-before","media":"screen","method":"rendered-source","actual":"rgb(255, 0, 0)","expected":"rgb(255, 0, 0)","pass":true}
{"browser":"chromium","name":"declaration-before","media":"print","method":"author","actual":"rgb(255, 0, 0)","expected":"rgb(255, 0, 0)","pass":true}
{"browser":"chromium","name":"declaration-before","media":"print","method":"public-native","actual":"rgb(255, 0, 0)","expected":"rgb(255, 0, 0)","pass":true}
{"browser":"chromium","name":"declaration-before","media":"print","method":"public-wasm","actual":"rgb(255, 0, 0)","expected":"rgb(255, 0, 0)","pass":true}
{"browser":"chromium","name":"declaration-before","media":"print","method":"sync-source","actual":"rgb(255, 0, 0)","expected":"rgb(255, 0, 0)","pass":true}
{"browser":"chromium","name":"declaration-before","media":"print","method":"legacy-file","actual":"rgb(255, 0, 0)","expected":"rgb(255, 0, 0)","pass":true}
{"browser":"chromium","name":"declaration-before","media":"print","method":"rendered-source","actual":"rgb(255, 0, 0)","expected":"rgb(255, 0, 0)","pass":true}
{"browser":"chromium","name":"declaration-after","media":"screen","method":"author","actual":"rgb(0, 128, 0)","expected":"rgb(0, 128, 0)","pass":true}
{"browser":"chromium","name":"declaration-after","media":"screen","method":"public-native","actual":"rgb(0, 128, 0)","expected":"rgb(0, 128, 0)","pass":true}
{"browser":"chromium","name":"declaration-after","media":"screen","method":"public-wasm","actual":"rgb(0, 128, 0)","expected":"rgb(0, 128, 0)","pass":true}
{"browser":"chromium","name":"declaration-after","media":"screen","method":"sync-source","actual":"rgb(0, 128, 0)","expected":"rgb(0, 128, 0)","pass":true}
{"browser":"chromium","name":"declaration-after","media":"screen","method":"legacy-file","actual":"rgb(0, 128, 0)","expected":"rgb(0, 128, 0)","pass":true}
{"browser":"chromium","name":"declaration-after","media":"screen","method":"rendered-source","actual":"rgb(0, 128, 0)","expected":"rgb(0, 128, 0)","pass":true}
{"browser":"chromium","name":"declaration-after","media":"print","method":"author","actual":"rgb(0, 128, 0)","expected":"rgb(0, 128, 0)","pass":true}
{"browser":"chromium","name":"declaration-after","media":"print","method":"public-native","actual":"rgb(0, 128, 0)","expected":"rgb(0, 128, 0)","pass":true}
{"browser":"chromium","name":"declaration-after","media":"print","method":"public-wasm","actual":"rgb(0, 128, 0)","expected":"rgb(0, 128, 0)","pass":true}
{"browser":"chromium","name":"declaration-after","media":"print","method":"sync-source","actual":"rgb(0, 128, 0)","expected":"rgb(0, 128, 0)","pass":true}
{"browser":"chromium","name":"declaration-after","media":"print","method":"legacy-file","actual":"rgb(0, 128, 0)","expected":"rgb(0, 128, 0)","pass":true}
{"browser":"chromium","name":"declaration-after","media":"print","method":"rendered-source","actual":"rgb(0, 128, 0)","expected":"rgb(0, 128, 0)","pass":true}
{"browser":"chromium","name":"later-important","media":"screen","method":"author","actual":"rgb(0, 0, 255)","expected":"rgb(0, 0, 255)","pass":true}
{"browser":"chromium","name":"later-important","media":"screen","method":"public-native","actual":"rgb(0, 0, 255)","expected":"rgb(0, 0, 255)","pass":true}
{"browser":"chromium","name":"later-important","media":"screen","method":"public-wasm","actual":"rgb(0, 0, 255)","expected":"rgb(0, 0, 255)","pass":true}
{"browser":"chromium","name":"later-important","media":"screen","method":"sync-source","actual":"rgb(0, 0, 255)","expected":"rgb(0, 0, 255)","pass":true}
{"browser":"chromium","name":"later-important","media":"screen","method":"legacy-file","actual":"rgb(0, 0, 255)","expected":"rgb(0, 0, 255)","pass":true}
{"browser":"chromium","name":"later-important","media":"screen","method":"rendered-source","actual":"rgb(0, 0, 255)","expected":"rgb(0, 0, 255)","pass":true}
{"browser":"chromium","name":"later-important","media":"print","method":"author","actual":"rgb(0, 0, 255)","expected":"rgb(0, 0, 255)","pass":true}
{"browser":"chromium","name":"later-important","media":"print","method":"public-native","actual":"rgb(0, 0, 255)","expected":"rgb(0, 0, 255)","pass":true}
{"browser":"chromium","name":"later-important","media":"print","method":"public-wasm","actual":"rgb(0, 0, 255)","expected":"rgb(0, 0, 255)","pass":true}
{"browser":"chromium","name":"later-important","media":"print","method":"sync-source","actual":"rgb(0, 0, 255)","expected":"rgb(0, 0, 255)","pass":true}
{"browser":"chromium","name":"later-important","media":"print","method":"legacy-file","actual":"rgb(0, 0, 255)","expected":"rgb(0, 0, 255)","pass":true}
{"browser":"chromium","name":"later-important","media":"print","method":"rendered-source","actual":"rgb(0, 0, 255)","expected":"rgb(0, 0, 255)","pass":true}
{"browser":"chromium","name":"earlier-important","media":"screen","method":"author","actual":"rgb(255, 0, 0)","expected":"rgb(255, 0, 0)","pass":true}
{"browser":"chromium","name":"earlier-important","media":"screen","method":"public-native","actual":"rgb(255, 0, 0)","expected":"rgb(255, 0, 0)","pass":true}
{"browser":"chromium","name":"earlier-important","media":"screen","method":"public-wasm","actual":"rgb(255, 0, 0)","expected":"rgb(255, 0, 0)","pass":true}
{"browser":"chromium","name":"earlier-important","media":"screen","method":"sync-source","actual":"rgb(255, 0, 0)","expected":"rgb(255, 0, 0)","pass":true}
{"browser":"chromium","name":"earlier-important","media":"screen","method":"legacy-file","actual":"rgb(255, 0, 0)","expected":"rgb(255, 0, 0)","pass":true}
{"browser":"chromium","name":"earlier-important","media":"screen","method":"rendered-source","actual":"rgb(255, 0, 0)","expected":"rgb(255, 0, 0)","pass":true}
{"browser":"chromium","name":"earlier-important","media":"print","method":"author","actual":"rgb(255, 0, 0)","expected":"rgb(255, 0, 0)","pass":true}
{"browser":"chromium","name":"earlier-important","media":"print","method":"public-native","actual":"rgb(255, 0, 0)","expected":"rgb(255, 0, 0)","pass":true}
{"browser":"chromium","name":"earlier-important","media":"print","method":"public-wasm","actual":"rgb(255, 0, 0)","expected":"rgb(255, 0, 0)","pass":true}
{"browser":"chromium","name":"earlier-important","media":"print","method":"sync-source","actual":"rgb(255, 0, 0)","expected":"rgb(255, 0, 0)","pass":true}
{"browser":"chromium","name":"earlier-important","media":"print","method":"legacy-file","actual":"rgb(255, 0, 0)","expected":"rgb(255, 0, 0)","pass":true}
{"browser":"chromium","name":"earlier-important","media":"print","method":"rendered-source","actual":"rgb(255, 0, 0)","expected":"rgb(255, 0, 0)","pass":true}
{"browser":"chromium","name":"anonymous-layer","media":"screen","method":"author","actual":"rgb(0, 0, 255)","expected":"rgb(0, 0, 255)","pass":true}
{"browser":"chromium","name":"anonymous-layer","media":"screen","method":"public-native","actual":"rgb(0, 0, 255)","expected":"rgb(0, 0, 255)","pass":true}
{"browser":"chromium","name":"anonymous-layer","media":"screen","method":"public-wasm","actual":"rgb(0, 0, 255)","expected":"rgb(0, 0, 255)","pass":true}
{"browser":"chromium","name":"anonymous-layer","media":"screen","method":"sync-source","actual":"rgb(0, 0, 255)","expected":"rgb(0, 0, 255)","pass":true}
{"browser":"chromium","name":"anonymous-layer","media":"screen","method":"legacy-file","actual":"rgb(0, 0, 255)","expected":"rgb(0, 0, 255)","pass":true}
{"browser":"chromium","name":"anonymous-layer","media":"screen","method":"rendered-source","actual":"rgb(0, 0, 255)","expected":"rgb(0, 0, 255)","pass":true}
{"browser":"chromium","name":"anonymous-layer","media":"print","method":"author","actual":"rgb(0, 0, 255)","expected":"rgb(0, 0, 255)","pass":true}
{"browser":"chromium","name":"anonymous-layer","media":"print","method":"public-native","actual":"rgb(0, 0, 255)","expected":"rgb(0, 0, 255)","pass":true}
{"browser":"chromium","name":"anonymous-layer","media":"print","method":"public-wasm","actual":"rgb(0, 0, 255)","expected":"rgb(0, 0, 255)","pass":true}
{"browser":"chromium","name":"anonymous-layer","media":"print","method":"sync-source","actual":"rgb(0, 0, 255)","expected":"rgb(0, 0, 255)","pass":true}
{"browser":"chromium","name":"anonymous-layer","media":"print","method":"legacy-file","actual":"rgb(0, 0, 255)","expected":"rgb(0, 0, 255)","pass":true}
{"browser":"chromium","name":"anonymous-layer","media":"print","method":"rendered-source","actual":"rgb(0, 0, 255)","expected":"rgb(0, 0, 255)","pass":true}
{"browser":"chromium","name":"important-layer-order","media":"screen","method":"author","actual":"rgb(255, 0, 0)","expected":"rgb(255, 0, 0)","pass":true}
{"browser":"chromium","name":"important-layer-order","media":"screen","method":"public-native","actual":"rgb(255, 0, 0)","expected":"rgb(255, 0, 0)","pass":true}
{"browser":"chromium","name":"important-layer-order","media":"screen","method":"public-wasm","actual":"rgb(255, 0, 0)","expected":"rgb(255, 0, 0)","pass":true}
{"browser":"chromium","name":"important-layer-order","media":"screen","method":"sync-source","actual":"rgb(255, 0, 0)","expected":"rgb(255, 0, 0)","pass":true}
{"browser":"chromium","name":"important-layer-order","media":"screen","method":"legacy-file","actual":"rgb(255, 0, 0)","expected":"rgb(255, 0, 0)","pass":true}
{"browser":"chromium","name":"important-layer-order","media":"screen","method":"rendered-source","actual":"rgb(255, 0, 0)","expected":"rgb(255, 0, 0)","pass":true}
{"browser":"chromium","name":"important-layer-order","media":"print","method":"author","actual":"rgb(255, 0, 0)","expected":"rgb(255, 0, 0)","pass":true}
{"browser":"chromium","name":"important-layer-order","media":"print","method":"public-native","actual":"rgb(255, 0, 0)","expected":"rgb(255, 0, 0)","pass":true}
{"browser":"chromium","name":"important-layer-order","media":"print","method":"public-wasm","actual":"rgb(255, 0, 0)","expected":"rgb(255, 0, 0)","pass":true}
{"browser":"chromium","name":"important-layer-order","media":"print","method":"sync-source","actual":"rgb(255, 0, 0)","expected":"rgb(255, 0, 0)","pass":true}
{"browser":"chromium","name":"important-layer-order","media":"print","method":"legacy-file","actual":"rgb(255, 0, 0)","expected":"rgb(255, 0, 0)","pass":true}
{"browser":"chromium","name":"important-layer-order","media":"print","method":"rendered-source","actual":"rgb(255, 0, 0)","expected":"rgb(255, 0, 0)","pass":true}
{"browser":"chromium","name":"screen-container","media":"screen","method":"author","actual":"rgb(0, 0, 255)","expected":"rgb(0, 0, 255)","pass":true}
{"browser":"chromium","name":"screen-container","media":"screen","method":"public-native","actual":"rgb(0, 0, 255)","expected":"rgb(0, 0, 255)","pass":true}
{"browser":"chromium","name":"screen-container","media":"screen","method":"public-wasm","actual":"rgb(0, 0, 255)","expected":"rgb(0, 0, 255)","pass":true}
{"browser":"chromium","name":"screen-container","media":"screen","method":"sync-source","actual":"rgb(0, 0, 255)","expected":"rgb(0, 0, 255)","pass":true}
{"browser":"chromium","name":"screen-container","media":"screen","method":"legacy-file","actual":"rgb(0, 0, 255)","expected":"rgb(0, 0, 255)","pass":true}
{"browser":"chromium","name":"screen-container","media":"screen","method":"rendered-source","actual":"rgb(0, 0, 255)","expected":"rgb(0, 0, 255)","pass":true}
{"browser":"chromium","name":"screen-container","media":"print","method":"author","actual":"rgb(0, 0, 0)","expected":"rgb(0, 0, 0)","pass":true}
{"browser":"chromium","name":"screen-container","media":"print","method":"public-native","actual":"rgb(0, 0, 0)","expected":"rgb(0, 0, 0)","pass":true}
{"browser":"chromium","name":"screen-container","media":"print","method":"public-wasm","actual":"rgb(0, 0, 0)","expected":"rgb(0, 0, 0)","pass":true}
{"browser":"chromium","name":"screen-container","media":"print","method":"sync-source","actual":"rgb(0, 0, 0)","expected":"rgb(0, 0, 0)","pass":true}
{"browser":"chromium","name":"screen-container","media":"print","method":"legacy-file","actual":"rgb(0, 0, 0)","expected":"rgb(0, 0, 0)","pass":true}
{"browser":"chromium","name":"screen-container","media":"print","method":"rendered-source","actual":"rgb(0, 0, 0)","expected":"rgb(0, 0, 0)","pass":true}
{"browser":"chromium","name":"false-supports","media":"screen","method":"author","actual":"rgb(0, 0, 0)","expected":"rgb(0, 0, 0)","pass":true}
{"browser":"chromium","name":"false-supports","media":"screen","method":"public-native","actual":"rgb(0, 0, 0)","expected":"rgb(0, 0, 0)","pass":true}
{"browser":"chromium","name":"false-supports","media":"screen","method":"public-wasm","actual":"rgb(0, 0, 0)","expected":"rgb(0, 0, 0)","pass":true}
{"browser":"chromium","name":"false-supports","media":"screen","method":"sync-source","actual":"rgb(0, 0, 0)","expected":"rgb(0, 0, 0)","pass":true}
{"browser":"chromium","name":"false-supports","media":"screen","method":"legacy-file","actual":"rgb(0, 0, 0)","expected":"rgb(0, 0, 0)","pass":true}
{"browser":"chromium","name":"false-supports","media":"screen","method":"rendered-source","actual":"rgb(0, 0, 0)","expected":"rgb(0, 0, 0)","pass":true}
{"browser":"chromium","name":"false-supports","media":"print","method":"author","actual":"rgb(0, 0, 0)","expected":"rgb(0, 0, 0)","pass":true}
{"browser":"chromium","name":"false-supports","media":"print","method":"public-native","actual":"rgb(0, 0, 0)","expected":"rgb(0, 0, 0)","pass":true}
{"browser":"chromium","name":"false-supports","media":"print","method":"public-wasm","actual":"rgb(0, 0, 0)","expected":"rgb(0, 0, 0)","pass":true}
{"browser":"chromium","name":"false-supports","media":"print","method":"sync-source","actual":"rgb(0, 0, 0)","expected":"rgb(0, 0, 0)","pass":true}
{"browser":"chromium","name":"false-supports","media":"print","method":"legacy-file","actual":"rgb(0, 0, 0)","expected":"rgb(0, 0, 0)","pass":true}
{"browser":"chromium","name":"false-supports","media":"print","method":"rendered-source","actual":"rgb(0, 0, 0)","expected":"rgb(0, 0, 0)","pass":true}
{"browser":"chromium","name":"selector-list","media":"screen","method":"author","actual":"rgb(0, 0, 255)","expected":"rgb(0, 0, 255)","pass":true}
{"browser":"chromium","name":"selector-list","media":"screen","method":"public-native","actual":"rgb(0, 0, 255)","expected":"rgb(0, 0, 255)","pass":true}
{"browser":"chromium","name":"selector-list","media":"screen","method":"public-wasm","actual":"rgb(0, 0, 255)","expected":"rgb(0, 0, 255)","pass":true}
{"browser":"chromium","name":"selector-list","media":"screen","method":"sync-source","actual":"rgb(0, 0, 255)","expected":"rgb(0, 0, 255)","pass":true}
{"browser":"chromium","name":"selector-list","media":"screen","method":"legacy-file","actual":"rgb(0, 0, 255)","expected":"rgb(0, 0, 255)","pass":true}
{"browser":"chromium","name":"selector-list","media":"screen","method":"rendered-source","actual":"rgb(0, 0, 255)","expected":"rgb(0, 0, 255)","pass":true}
{"browser":"chromium","name":"selector-list","media":"print","method":"author","actual":"rgb(0, 0, 255)","expected":"rgb(0, 0, 255)","pass":true}
{"browser":"chromium","name":"selector-list","media":"print","method":"public-native","actual":"rgb(0, 0, 255)","expected":"rgb(0, 0, 255)","pass":true}
{"browser":"chromium","name":"selector-list","media":"print","method":"public-wasm","actual":"rgb(0, 0, 255)","expected":"rgb(0, 0, 255)","pass":true}
{"browser":"chromium","name":"selector-list","media":"print","method":"sync-source","actual":"rgb(0, 0, 255)","expected":"rgb(0, 0, 255)","pass":true}
{"browser":"chromium","name":"selector-list","media":"print","method":"legacy-file","actual":"rgb(0, 0, 255)","expected":"rgb(0, 0, 255)","pass":true}
{"browser":"chromium","name":"selector-list","media":"print","method":"rendered-source","actual":"rgb(0, 0, 255)","expected":"rgb(0, 0, 255)","pass":true}
{"browser":"firefox","name":"before-native","media":"screen","method":"author","actual":"rgb(0, 0, 255)","expected":"rgb(0, 0, 255)","pass":true}
{"browser":"firefox","name":"before-native","media":"screen","method":"public-native","actual":"rgb(0, 0, 255)","expected":"rgb(0, 0, 255)","pass":true}
{"browser":"firefox","name":"before-native","media":"screen","method":"public-wasm","actual":"rgb(0, 0, 255)","expected":"rgb(0, 0, 255)","pass":true}
{"browser":"firefox","name":"before-native","media":"screen","method":"sync-source","actual":"rgb(0, 0, 255)","expected":"rgb(0, 0, 255)","pass":true}
{"browser":"firefox","name":"before-native","media":"screen","method":"legacy-file","actual":"rgb(0, 0, 255)","expected":"rgb(0, 0, 255)","pass":true}
{"browser":"firefox","name":"before-native","media":"screen","method":"rendered-source","actual":"rgb(0, 0, 255)","expected":"rgb(0, 0, 255)","pass":true}
{"browser":"firefox","name":"before-native","media":"print","method":"author","actual":"rgb(0, 0, 255)","expected":"rgb(0, 0, 255)","pass":true}
{"browser":"firefox","name":"before-native","media":"print","method":"public-native","actual":"rgb(0, 0, 255)","expected":"rgb(0, 0, 255)","pass":true}
{"browser":"firefox","name":"before-native","media":"print","method":"public-wasm","actual":"rgb(0, 0, 255)","expected":"rgb(0, 0, 255)","pass":true}
{"browser":"firefox","name":"before-native","media":"print","method":"sync-source","actual":"rgb(0, 0, 255)","expected":"rgb(0, 0, 255)","pass":true}
{"browser":"firefox","name":"before-native","media":"print","method":"legacy-file","actual":"rgb(0, 0, 255)","expected":"rgb(0, 0, 255)","pass":true}
{"browser":"firefox","name":"before-native","media":"print","method":"rendered-source","actual":"rgb(0, 0, 255)","expected":"rgb(0, 0, 255)","pass":true}
{"browser":"firefox","name":"after-native","media":"screen","method":"author","actual":"rgb(255, 0, 0)","expected":"rgb(255, 0, 0)","pass":true}
{"browser":"firefox","name":"after-native","media":"screen","method":"public-native","actual":"rgb(255, 0, 0)","expected":"rgb(255, 0, 0)","pass":true}
{"browser":"firefox","name":"after-native","media":"screen","method":"public-wasm","actual":"rgb(255, 0, 0)","expected":"rgb(255, 0, 0)","pass":true}
{"browser":"firefox","name":"after-native","media":"screen","method":"sync-source","actual":"rgb(255, 0, 0)","expected":"rgb(255, 0, 0)","pass":true}
{"browser":"firefox","name":"after-native","media":"screen","method":"legacy-file","actual":"rgb(255, 0, 0)","expected":"rgb(255, 0, 0)","pass":true}
{"browser":"firefox","name":"after-native","media":"screen","method":"rendered-source","actual":"rgb(255, 0, 0)","expected":"rgb(255, 0, 0)","pass":true}
{"browser":"firefox","name":"after-native","media":"print","method":"author","actual":"rgb(255, 0, 0)","expected":"rgb(255, 0, 0)","pass":true}
{"browser":"firefox","name":"after-native","media":"print","method":"public-native","actual":"rgb(255, 0, 0)","expected":"rgb(255, 0, 0)","pass":true}
{"browser":"firefox","name":"after-native","media":"print","method":"public-wasm","actual":"rgb(255, 0, 0)","expected":"rgb(255, 0, 0)","pass":true}
{"browser":"firefox","name":"after-native","media":"print","method":"sync-source","actual":"rgb(255, 0, 0)","expected":"rgb(255, 0, 0)","pass":true}
{"browser":"firefox","name":"after-native","media":"print","method":"legacy-file","actual":"rgb(255, 0, 0)","expected":"rgb(255, 0, 0)","pass":true}
{"browser":"firefox","name":"after-native","media":"print","method":"rendered-source","actual":"rgb(255, 0, 0)","expected":"rgb(255, 0, 0)","pass":true}
{"browser":"firefox","name":"interleaved","media":"screen","method":"author","actual":"rgb(0, 128, 0)","expected":"rgb(0, 128, 0)","pass":true}
{"browser":"firefox","name":"interleaved","media":"screen","method":"public-native","actual":"rgb(0, 128, 0)","expected":"rgb(0, 128, 0)","pass":true}
{"browser":"firefox","name":"interleaved","media":"screen","method":"public-wasm","actual":"rgb(0, 128, 0)","expected":"rgb(0, 128, 0)","pass":true}
{"browser":"firefox","name":"interleaved","media":"screen","method":"sync-source","actual":"rgb(0, 128, 0)","expected":"rgb(0, 128, 0)","pass":true}
{"browser":"firefox","name":"interleaved","media":"screen","method":"legacy-file","actual":"rgb(0, 128, 0)","expected":"rgb(0, 128, 0)","pass":true}
{"browser":"firefox","name":"interleaved","media":"screen","method":"rendered-source","actual":"rgb(0, 128, 0)","expected":"rgb(0, 128, 0)","pass":true}
{"browser":"firefox","name":"interleaved","media":"print","method":"author","actual":"rgb(0, 128, 0)","expected":"rgb(0, 128, 0)","pass":true}
{"browser":"firefox","name":"interleaved","media":"print","method":"public-native","actual":"rgb(0, 128, 0)","expected":"rgb(0, 128, 0)","pass":true}
{"browser":"firefox","name":"interleaved","media":"print","method":"public-wasm","actual":"rgb(0, 128, 0)","expected":"rgb(0, 128, 0)","pass":true}
{"browser":"firefox","name":"interleaved","media":"print","method":"sync-source","actual":"rgb(0, 128, 0)","expected":"rgb(0, 128, 0)","pass":true}
{"browser":"firefox","name":"interleaved","media":"print","method":"legacy-file","actual":"rgb(0, 128, 0)","expected":"rgb(0, 128, 0)","pass":true}
{"browser":"firefox","name":"interleaved","media":"print","method":"rendered-source","actual":"rgb(0, 128, 0)","expected":"rgb(0, 128, 0)","pass":true}
{"browser":"firefox","name":"declaration-before","media":"screen","method":"author","actual":"rgb(255, 0, 0)","expected":"rgb(255, 0, 0)","pass":true}
{"browser":"firefox","name":"declaration-before","media":"screen","method":"public-native","actual":"rgb(255, 0, 0)","expected":"rgb(255, 0, 0)","pass":true}
{"browser":"firefox","name":"declaration-before","media":"screen","method":"public-wasm","actual":"rgb(255, 0, 0)","expected":"rgb(255, 0, 0)","pass":true}
{"browser":"firefox","name":"declaration-before","media":"screen","method":"sync-source","actual":"rgb(255, 0, 0)","expected":"rgb(255, 0, 0)","pass":true}
{"browser":"firefox","name":"declaration-before","media":"screen","method":"legacy-file","actual":"rgb(255, 0, 0)","expected":"rgb(255, 0, 0)","pass":true}
{"browser":"firefox","name":"declaration-before","media":"screen","method":"rendered-source","actual":"rgb(255, 0, 0)","expected":"rgb(255, 0, 0)","pass":true}
{"browser":"firefox","name":"declaration-before","media":"print","method":"author","actual":"rgb(255, 0, 0)","expected":"rgb(255, 0, 0)","pass":true}
{"browser":"firefox","name":"declaration-before","media":"print","method":"public-native","actual":"rgb(255, 0, 0)","expected":"rgb(255, 0, 0)","pass":true}
{"browser":"firefox","name":"declaration-before","media":"print","method":"public-wasm","actual":"rgb(255, 0, 0)","expected":"rgb(255, 0, 0)","pass":true}
{"browser":"firefox","name":"declaration-before","media":"print","method":"sync-source","actual":"rgb(255, 0, 0)","expected":"rgb(255, 0, 0)","pass":true}
{"browser":"firefox","name":"declaration-before","media":"print","method":"legacy-file","actual":"rgb(255, 0, 0)","expected":"rgb(255, 0, 0)","pass":true}
{"browser":"firefox","name":"declaration-before","media":"print","method":"rendered-source","actual":"rgb(255, 0, 0)","expected":"rgb(255, 0, 0)","pass":true}
{"browser":"firefox","name":"declaration-after","media":"screen","method":"author","actual":"rgb(0, 128, 0)","expected":"rgb(0, 128, 0)","pass":true}
{"browser":"firefox","name":"declaration-after","media":"screen","method":"public-native","actual":"rgb(0, 128, 0)","expected":"rgb(0, 128, 0)","pass":true}
{"browser":"firefox","name":"declaration-after","media":"screen","method":"public-wasm","actual":"rgb(0, 128, 0)","expected":"rgb(0, 128, 0)","pass":true}
{"browser":"firefox","name":"declaration-after","media":"screen","method":"sync-source","actual":"rgb(0, 128, 0)","expected":"rgb(0, 128, 0)","pass":true}
{"browser":"firefox","name":"declaration-after","media":"screen","method":"legacy-file","actual":"rgb(0, 128, 0)","expected":"rgb(0, 128, 0)","pass":true}
{"browser":"firefox","name":"declaration-after","media":"screen","method":"rendered-source","actual":"rgb(0, 128, 0)","expected":"rgb(0, 128, 0)","pass":true}
{"browser":"firefox","name":"declaration-after","media":"print","method":"author","actual":"rgb(0, 128, 0)","expected":"rgb(0, 128, 0)","pass":true}
{"browser":"firefox","name":"declaration-after","media":"print","method":"public-native","actual":"rgb(0, 128, 0)","expected":"rgb(0, 128, 0)","pass":true}
{"browser":"firefox","name":"declaration-after","media":"print","method":"public-wasm","actual":"rgb(0, 128, 0)","expected":"rgb(0, 128, 0)","pass":true}
{"browser":"firefox","name":"declaration-after","media":"print","method":"sync-source","actual":"rgb(0, 128, 0)","expected":"rgb(0, 128, 0)","pass":true}
{"browser":"firefox","name":"declaration-after","media":"print","method":"legacy-file","actual":"rgb(0, 128, 0)","expected":"rgb(0, 128, 0)","pass":true}
{"browser":"firefox","name":"declaration-after","media":"print","method":"rendered-source","actual":"rgb(0, 128, 0)","expected":"rgb(0, 128, 0)","pass":true}
{"browser":"firefox","name":"later-important","media":"screen","method":"author","actual":"rgb(0, 0, 255)","expected":"rgb(0, 0, 255)","pass":true}
{"browser":"firefox","name":"later-important","media":"screen","method":"public-native","actual":"rgb(0, 0, 255)","expected":"rgb(0, 0, 255)","pass":true}
{"browser":"firefox","name":"later-important","media":"screen","method":"public-wasm","actual":"rgb(0, 0, 255)","expected":"rgb(0, 0, 255)","pass":true}
{"browser":"firefox","name":"later-important","media":"screen","method":"sync-source","actual":"rgb(0, 0, 255)","expected":"rgb(0, 0, 255)","pass":true}
{"browser":"firefox","name":"later-important","media":"screen","method":"legacy-file","actual":"rgb(0, 0, 255)","expected":"rgb(0, 0, 255)","pass":true}
{"browser":"firefox","name":"later-important","media":"screen","method":"rendered-source","actual":"rgb(0, 0, 255)","expected":"rgb(0, 0, 255)","pass":true}
{"browser":"firefox","name":"later-important","media":"print","method":"author","actual":"rgb(0, 0, 255)","expected":"rgb(0, 0, 255)","pass":true}
{"browser":"firefox","name":"later-important","media":"print","method":"public-native","actual":"rgb(0, 0, 255)","expected":"rgb(0, 0, 255)","pass":true}
{"browser":"firefox","name":"later-important","media":"print","method":"public-wasm","actual":"rgb(0, 0, 255)","expected":"rgb(0, 0, 255)","pass":true}
{"browser":"firefox","name":"later-important","media":"print","method":"sync-source","actual":"rgb(0, 0, 255)","expected":"rgb(0, 0, 255)","pass":true}
{"browser":"firefox","name":"later-important","media":"print","method":"legacy-file","actual":"rgb(0, 0, 255)","expected":"rgb(0, 0, 255)","pass":true}
{"browser":"firefox","name":"later-important","media":"print","method":"rendered-source","actual":"rgb(0, 0, 255)","expected":"rgb(0, 0, 255)","pass":true}
{"browser":"firefox","name":"earlier-important","media":"screen","method":"author","actual":"rgb(255, 0, 0)","expected":"rgb(255, 0, 0)","pass":true}
{"browser":"firefox","name":"earlier-important","media":"screen","method":"public-native","actual":"rgb(255, 0, 0)","expected":"rgb(255, 0, 0)","pass":true}
{"browser":"firefox","name":"earlier-important","media":"screen","method":"public-wasm","actual":"rgb(255, 0, 0)","expected":"rgb(255, 0, 0)","pass":true}
{"browser":"firefox","name":"earlier-important","media":"screen","method":"sync-source","actual":"rgb(255, 0, 0)","expected":"rgb(255, 0, 0)","pass":true}
{"browser":"firefox","name":"earlier-important","media":"screen","method":"legacy-file","actual":"rgb(255, 0, 0)","expected":"rgb(255, 0, 0)","pass":true}
{"browser":"firefox","name":"earlier-important","media":"screen","method":"rendered-source","actual":"rgb(255, 0, 0)","expected":"rgb(255, 0, 0)","pass":true}
{"browser":"firefox","name":"earlier-important","media":"print","method":"author","actual":"rgb(255, 0, 0)","expected":"rgb(255, 0, 0)","pass":true}
{"browser":"firefox","name":"earlier-important","media":"print","method":"public-native","actual":"rgb(255, 0, 0)","expected":"rgb(255, 0, 0)","pass":true}
{"browser":"firefox","name":"earlier-important","media":"print","method":"public-wasm","actual":"rgb(255, 0, 0)","expected":"rgb(255, 0, 0)","pass":true}
{"browser":"firefox","name":"earlier-important","media":"print","method":"sync-source","actual":"rgb(255, 0, 0)","expected":"rgb(255, 0, 0)","pass":true}
{"browser":"firefox","name":"earlier-important","media":"print","method":"legacy-file","actual":"rgb(255, 0, 0)","expected":"rgb(255, 0, 0)","pass":true}
{"browser":"firefox","name":"earlier-important","media":"print","method":"rendered-source","actual":"rgb(255, 0, 0)","expected":"rgb(255, 0, 0)","pass":true}
{"browser":"firefox","name":"anonymous-layer","media":"screen","method":"author","actual":"rgb(0, 0, 255)","expected":"rgb(0, 0, 255)","pass":true}
{"browser":"firefox","name":"anonymous-layer","media":"screen","method":"public-native","actual":"rgb(0, 0, 255)","expected":"rgb(0, 0, 255)","pass":true}
{"browser":"firefox","name":"anonymous-layer","media":"screen","method":"public-wasm","actual":"rgb(0, 0, 255)","expected":"rgb(0, 0, 255)","pass":true}
{"browser":"firefox","name":"anonymous-layer","media":"screen","method":"sync-source","actual":"rgb(0, 0, 255)","expected":"rgb(0, 0, 255)","pass":true}
{"browser":"firefox","name":"anonymous-layer","media":"screen","method":"legacy-file","actual":"rgb(0, 0, 255)","expected":"rgb(0, 0, 255)","pass":true}
{"browser":"firefox","name":"anonymous-layer","media":"screen","method":"rendered-source","actual":"rgb(0, 0, 255)","expected":"rgb(0, 0, 255)","pass":true}
{"browser":"firefox","name":"anonymous-layer","media":"print","method":"author","actual":"rgb(0, 0, 255)","expected":"rgb(0, 0, 255)","pass":true}
{"browser":"firefox","name":"anonymous-layer","media":"print","method":"public-native","actual":"rgb(0, 0, 255)","expected":"rgb(0, 0, 255)","pass":true}
{"browser":"firefox","name":"anonymous-layer","media":"print","method":"public-wasm","actual":"rgb(0, 0, 255)","expected":"rgb(0, 0, 255)","pass":true}
{"browser":"firefox","name":"anonymous-layer","media":"print","method":"sync-source","actual":"rgb(0, 0, 255)","expected":"rgb(0, 0, 255)","pass":true}
{"browser":"firefox","name":"anonymous-layer","media":"print","method":"legacy-file","actual":"rgb(0, 0, 255)","expected":"rgb(0, 0, 255)","pass":true}
{"browser":"firefox","name":"anonymous-layer","media":"print","method":"rendered-source","actual":"rgb(0, 0, 255)","expected":"rgb(0, 0, 255)","pass":true}
{"browser":"firefox","name":"important-layer-order","media":"screen","method":"author","actual":"rgb(255, 0, 0)","expected":"rgb(255, 0, 0)","pass":true}
{"browser":"firefox","name":"important-layer-order","media":"screen","method":"public-native","actual":"rgb(255, 0, 0)","expected":"rgb(255, 0, 0)","pass":true}
{"browser":"firefox","name":"important-layer-order","media":"screen","method":"public-wasm","actual":"rgb(255, 0, 0)","expected":"rgb(255, 0, 0)","pass":true}
{"browser":"firefox","name":"important-layer-order","media":"screen","method":"sync-source","actual":"rgb(255, 0, 0)","expected":"rgb(255, 0, 0)","pass":true}
{"browser":"firefox","name":"important-layer-order","media":"screen","method":"legacy-file","actual":"rgb(255, 0, 0)","expected":"rgb(255, 0, 0)","pass":true}
{"browser":"firefox","name":"important-layer-order","media":"screen","method":"rendered-source","actual":"rgb(255, 0, 0)","expected":"rgb(255, 0, 0)","pass":true}
{"browser":"firefox","name":"important-layer-order","media":"print","method":"author","actual":"rgb(255, 0, 0)","expected":"rgb(255, 0, 0)","pass":true}
{"browser":"firefox","name":"important-layer-order","media":"print","method":"public-native","actual":"rgb(255, 0, 0)","expected":"rgb(255, 0, 0)","pass":true}
{"browser":"firefox","name":"important-layer-order","media":"print","method":"public-wasm","actual":"rgb(255, 0, 0)","expected":"rgb(255, 0, 0)","pass":true}
{"browser":"firefox","name":"important-layer-order","media":"print","method":"sync-source","actual":"rgb(255, 0, 0)","expected":"rgb(255, 0, 0)","pass":true}
{"browser":"firefox","name":"important-layer-order","media":"print","method":"legacy-file","actual":"rgb(255, 0, 0)","expected":"rgb(255, 0, 0)","pass":true}
{"browser":"firefox","name":"important-layer-order","media":"print","method":"rendered-source","actual":"rgb(255, 0, 0)","expected":"rgb(255, 0, 0)","pass":true}
{"browser":"firefox","name":"screen-container","media":"screen","method":"author","actual":"rgb(0, 0, 255)","expected":"rgb(0, 0, 255)","pass":true}
{"browser":"firefox","name":"screen-container","media":"screen","method":"public-native","actual":"rgb(0, 0, 255)","expected":"rgb(0, 0, 255)","pass":true}
{"browser":"firefox","name":"screen-container","media":"screen","method":"public-wasm","actual":"rgb(0, 0, 255)","expected":"rgb(0, 0, 255)","pass":true}
{"browser":"firefox","name":"screen-container","media":"screen","method":"sync-source","actual":"rgb(0, 0, 255)","expected":"rgb(0, 0, 255)","pass":true}
{"browser":"firefox","name":"screen-container","media":"screen","method":"legacy-file","actual":"rgb(0, 0, 255)","expected":"rgb(0, 0, 255)","pass":true}
{"browser":"firefox","name":"screen-container","media":"screen","method":"rendered-source","actual":"rgb(0, 0, 255)","expected":"rgb(0, 0, 255)","pass":true}
{"browser":"firefox","name":"screen-container","media":"print","method":"author","actual":"rgb(0, 0, 0)","expected":"rgb(0, 0, 0)","pass":true}
{"browser":"firefox","name":"screen-container","media":"print","method":"public-native","actual":"rgb(0, 0, 0)","expected":"rgb(0, 0, 0)","pass":true}
{"browser":"firefox","name":"screen-container","media":"print","method":"public-wasm","actual":"rgb(0, 0, 0)","expected":"rgb(0, 0, 0)","pass":true}
{"browser":"firefox","name":"screen-container","media":"print","method":"sync-source","actual":"rgb(0, 0, 0)","expected":"rgb(0, 0, 0)","pass":true}
{"browser":"firefox","name":"screen-container","media":"print","method":"legacy-file","actual":"rgb(0, 0, 0)","expected":"rgb(0, 0, 0)","pass":true}
{"browser":"firefox","name":"screen-container","media":"print","method":"rendered-source","actual":"rgb(0, 0, 0)","expected":"rgb(0, 0, 0)","pass":true}
{"browser":"firefox","name":"false-supports","media":"screen","method":"author","actual":"rgb(0, 0, 0)","expected":"rgb(0, 0, 0)","pass":true}
{"browser":"firefox","name":"false-supports","media":"screen","method":"public-native","actual":"rgb(0, 0, 0)","expected":"rgb(0, 0, 0)","pass":true}
{"browser":"firefox","name":"false-supports","media":"screen","method":"public-wasm","actual":"rgb(0, 0, 0)","expected":"rgb(0, 0, 0)","pass":true}
{"browser":"firefox","name":"false-supports","media":"screen","method":"sync-source","actual":"rgb(0, 0, 0)","expected":"rgb(0, 0, 0)","pass":true}
{"browser":"firefox","name":"false-supports","media":"screen","method":"legacy-file","actual":"rgb(0, 0, 0)","expected":"rgb(0, 0, 0)","pass":true}
{"browser":"firefox","name":"false-supports","media":"screen","method":"rendered-source","actual":"rgb(0, 0, 0)","expected":"rgb(0, 0, 0)","pass":true}
{"browser":"firefox","name":"false-supports","media":"print","method":"author","actual":"rgb(0, 0, 0)","expected":"rgb(0, 0, 0)","pass":true}
{"browser":"firefox","name":"false-supports","media":"print","method":"public-native","actual":"rgb(0, 0, 0)","expected":"rgb(0, 0, 0)","pass":true}
{"browser":"firefox","name":"false-supports","media":"print","method":"public-wasm","actual":"rgb(0, 0, 0)","expected":"rgb(0, 0, 0)","pass":true}
{"browser":"firefox","name":"false-supports","media":"print","method":"sync-source","actual":"rgb(0, 0, 0)","expected":"rgb(0, 0, 0)","pass":true}
{"browser":"firefox","name":"false-supports","media":"print","method":"legacy-file","actual":"rgb(0, 0, 0)","expected":"rgb(0, 0, 0)","pass":true}
{"browser":"firefox","name":"false-supports","media":"print","method":"rendered-source","actual":"rgb(0, 0, 0)","expected":"rgb(0, 0, 0)","pass":true}
{"browser":"firefox","name":"selector-list","media":"screen","method":"author","actual":"rgb(0, 0, 255)","expected":"rgb(0, 0, 255)","pass":true}
{"browser":"firefox","name":"selector-list","media":"screen","method":"public-native","actual":"rgb(0, 0, 255)","expected":"rgb(0, 0, 255)","pass":true}
{"browser":"firefox","name":"selector-list","media":"screen","method":"public-wasm","actual":"rgb(0, 0, 255)","expected":"rgb(0, 0, 255)","pass":true}
{"browser":"firefox","name":"selector-list","media":"screen","method":"sync-source","actual":"rgb(0, 0, 255)","expected":"rgb(0, 0, 255)","pass":true}
{"browser":"firefox","name":"selector-list","media":"screen","method":"legacy-file","actual":"rgb(0, 0, 255)","expected":"rgb(0, 0, 255)","pass":true}
{"browser":"firefox","name":"selector-list","media":"screen","method":"rendered-source","actual":"rgb(0, 0, 255)","expected":"rgb(0, 0, 255)","pass":true}
{"browser":"firefox","name":"selector-list","media":"print","method":"author","actual":"rgb(0, 0, 255)","expected":"rgb(0, 0, 255)","pass":true}
{"browser":"firefox","name":"selector-list","media":"print","method":"public-native","actual":"rgb(0, 0, 255)","expected":"rgb(0, 0, 255)","pass":true}
{"browser":"firefox","name":"selector-list","media":"print","method":"public-wasm","actual":"rgb(0, 0, 255)","expected":"rgb(0, 0, 255)","pass":true}
{"browser":"firefox","name":"selector-list","media":"print","method":"sync-source","actual":"rgb(0, 0, 255)","expected":"rgb(0, 0, 255)","pass":true}
{"browser":"firefox","name":"selector-list","media":"print","method":"legacy-file","actual":"rgb(0, 0, 255)","expected":"rgb(0, 0, 255)","pass":true}
{"browser":"firefox","name":"selector-list","media":"print","method":"rendered-source","actual":"rgb(0, 0, 255)","expected":"rgb(0, 0, 255)","pass":true}
{"browser":"webkit","name":"before-native","media":"screen","method":"author","actual":"rgb(0, 0, 255)","expected":"rgb(0, 0, 255)","pass":true}
{"browser":"webkit","name":"before-native","media":"screen","method":"public-native","actual":"rgb(0, 0, 255)","expected":"rgb(0, 0, 255)","pass":true}
{"browser":"webkit","name":"before-native","media":"screen","method":"public-wasm","actual":"rgb(0, 0, 255)","expected":"rgb(0, 0, 255)","pass":true}
{"browser":"webkit","name":"before-native","media":"screen","method":"sync-source","actual":"rgb(0, 0, 255)","expected":"rgb(0, 0, 255)","pass":true}
{"browser":"webkit","name":"before-native","media":"screen","method":"legacy-file","actual":"rgb(0, 0, 255)","expected":"rgb(0, 0, 255)","pass":true}
{"browser":"webkit","name":"before-native","media":"screen","method":"rendered-source","actual":"rgb(0, 0, 255)","expected":"rgb(0, 0, 255)","pass":true}
{"browser":"webkit","name":"before-native","media":"print","method":"author","actual":"rgb(0, 0, 255)","expected":"rgb(0, 0, 255)","pass":true}
{"browser":"webkit","name":"before-native","media":"print","method":"public-native","actual":"rgb(0, 0, 255)","expected":"rgb(0, 0, 255)","pass":true}
{"browser":"webkit","name":"before-native","media":"print","method":"public-wasm","actual":"rgb(0, 0, 255)","expected":"rgb(0, 0, 255)","pass":true}
{"browser":"webkit","name":"before-native","media":"print","method":"sync-source","actual":"rgb(0, 0, 255)","expected":"rgb(0, 0, 255)","pass":true}
{"browser":"webkit","name":"before-native","media":"print","method":"legacy-file","actual":"rgb(0, 0, 255)","expected":"rgb(0, 0, 255)","pass":true}
{"browser":"webkit","name":"before-native","media":"print","method":"rendered-source","actual":"rgb(0, 0, 255)","expected":"rgb(0, 0, 255)","pass":true}
{"browser":"webkit","name":"after-native","media":"screen","method":"author","actual":"rgb(255, 0, 0)","expected":"rgb(255, 0, 0)","pass":true}
{"browser":"webkit","name":"after-native","media":"screen","method":"public-native","actual":"rgb(255, 0, 0)","expected":"rgb(255, 0, 0)","pass":true}
{"browser":"webkit","name":"after-native","media":"screen","method":"public-wasm","actual":"rgb(255, 0, 0)","expected":"rgb(255, 0, 0)","pass":true}
{"browser":"webkit","name":"after-native","media":"screen","method":"sync-source","actual":"rgb(255, 0, 0)","expected":"rgb(255, 0, 0)","pass":true}
{"browser":"webkit","name":"after-native","media":"screen","method":"legacy-file","actual":"rgb(255, 0, 0)","expected":"rgb(255, 0, 0)","pass":true}
{"browser":"webkit","name":"after-native","media":"screen","method":"rendered-source","actual":"rgb(255, 0, 0)","expected":"rgb(255, 0, 0)","pass":true}
{"browser":"webkit","name":"after-native","media":"print","method":"author","actual":"rgb(255, 0, 0)","expected":"rgb(255, 0, 0)","pass":true}
{"browser":"webkit","name":"after-native","media":"print","method":"public-native","actual":"rgb(255, 0, 0)","expected":"rgb(255, 0, 0)","pass":true}
{"browser":"webkit","name":"after-native","media":"print","method":"public-wasm","actual":"rgb(255, 0, 0)","expected":"rgb(255, 0, 0)","pass":true}
{"browser":"webkit","name":"after-native","media":"print","method":"sync-source","actual":"rgb(255, 0, 0)","expected":"rgb(255, 0, 0)","pass":true}
{"browser":"webkit","name":"after-native","media":"print","method":"legacy-file","actual":"rgb(255, 0, 0)","expected":"rgb(255, 0, 0)","pass":true}
{"browser":"webkit","name":"after-native","media":"print","method":"rendered-source","actual":"rgb(255, 0, 0)","expected":"rgb(255, 0, 0)","pass":true}
{"browser":"webkit","name":"interleaved","media":"screen","method":"author","actual":"rgb(0, 128, 0)","expected":"rgb(0, 128, 0)","pass":true}
{"browser":"webkit","name":"interleaved","media":"screen","method":"public-native","actual":"rgb(0, 128, 0)","expected":"rgb(0, 128, 0)","pass":true}
{"browser":"webkit","name":"interleaved","media":"screen","method":"public-wasm","actual":"rgb(0, 128, 0)","expected":"rgb(0, 128, 0)","pass":true}
{"browser":"webkit","name":"interleaved","media":"screen","method":"sync-source","actual":"rgb(0, 128, 0)","expected":"rgb(0, 128, 0)","pass":true}
{"browser":"webkit","name":"interleaved","media":"screen","method":"legacy-file","actual":"rgb(0, 128, 0)","expected":"rgb(0, 128, 0)","pass":true}
{"browser":"webkit","name":"interleaved","media":"screen","method":"rendered-source","actual":"rgb(0, 128, 0)","expected":"rgb(0, 128, 0)","pass":true}
{"browser":"webkit","name":"interleaved","media":"print","method":"author","actual":"rgb(0, 128, 0)","expected":"rgb(0, 128, 0)","pass":true}
{"browser":"webkit","name":"interleaved","media":"print","method":"public-native","actual":"rgb(0, 128, 0)","expected":"rgb(0, 128, 0)","pass":true}
{"browser":"webkit","name":"interleaved","media":"print","method":"public-wasm","actual":"rgb(0, 128, 0)","expected":"rgb(0, 128, 0)","pass":true}
{"browser":"webkit","name":"interleaved","media":"print","method":"sync-source","actual":"rgb(0, 128, 0)","expected":"rgb(0, 128, 0)","pass":true}
{"browser":"webkit","name":"interleaved","media":"print","method":"legacy-file","actual":"rgb(0, 128, 0)","expected":"rgb(0, 128, 0)","pass":true}
{"browser":"webkit","name":"interleaved","media":"print","method":"rendered-source","actual":"rgb(0, 128, 0)","expected":"rgb(0, 128, 0)","pass":true}
{"browser":"webkit","name":"declaration-before","media":"screen","method":"author","actual":"rgb(255, 0, 0)","expected":"rgb(255, 0, 0)","pass":true}
{"browser":"webkit","name":"declaration-before","media":"screen","method":"public-native","actual":"rgb(255, 0, 0)","expected":"rgb(255, 0, 0)","pass":true}
{"browser":"webkit","name":"declaration-before","media":"screen","method":"public-wasm","actual":"rgb(255, 0, 0)","expected":"rgb(255, 0, 0)","pass":true}
{"browser":"webkit","name":"declaration-before","media":"screen","method":"sync-source","actual":"rgb(255, 0, 0)","expected":"rgb(255, 0, 0)","pass":true}
{"browser":"webkit","name":"declaration-before","media":"screen","method":"legacy-file","actual":"rgb(255, 0, 0)","expected":"rgb(255, 0, 0)","pass":true}
{"browser":"webkit","name":"declaration-before","media":"screen","method":"rendered-source","actual":"rgb(255, 0, 0)","expected":"rgb(255, 0, 0)","pass":true}
{"browser":"webkit","name":"declaration-before","media":"print","method":"author","actual":"rgb(255, 0, 0)","expected":"rgb(255, 0, 0)","pass":true}
{"browser":"webkit","name":"declaration-before","media":"print","method":"public-native","actual":"rgb(255, 0, 0)","expected":"rgb(255, 0, 0)","pass":true}
{"browser":"webkit","name":"declaration-before","media":"print","method":"public-wasm","actual":"rgb(255, 0, 0)","expected":"rgb(255, 0, 0)","pass":true}
{"browser":"webkit","name":"declaration-before","media":"print","method":"sync-source","actual":"rgb(255, 0, 0)","expected":"rgb(255, 0, 0)","pass":true}
{"browser":"webkit","name":"declaration-before","media":"print","method":"legacy-file","actual":"rgb(255, 0, 0)","expected":"rgb(255, 0, 0)","pass":true}
{"browser":"webkit","name":"declaration-before","media":"print","method":"rendered-source","actual":"rgb(255, 0, 0)","expected":"rgb(255, 0, 0)","pass":true}
{"browser":"webkit","name":"declaration-after","media":"screen","method":"author","actual":"rgb(0, 128, 0)","expected":"rgb(0, 128, 0)","pass":true}
{"browser":"webkit","name":"declaration-after","media":"screen","method":"public-native","actual":"rgb(0, 128, 0)","expected":"rgb(0, 128, 0)","pass":true}
{"browser":"webkit","name":"declaration-after","media":"screen","method":"public-wasm","actual":"rgb(0, 128, 0)","expected":"rgb(0, 128, 0)","pass":true}
{"browser":"webkit","name":"declaration-after","media":"screen","method":"sync-source","actual":"rgb(0, 128, 0)","expected":"rgb(0, 128, 0)","pass":true}
{"browser":"webkit","name":"declaration-after","media":"screen","method":"legacy-file","actual":"rgb(0, 128, 0)","expected":"rgb(0, 128, 0)","pass":true}
{"browser":"webkit","name":"declaration-after","media":"screen","method":"rendered-source","actual":"rgb(0, 128, 0)","expected":"rgb(0, 128, 0)","pass":true}
{"browser":"webkit","name":"declaration-after","media":"print","method":"author","actual":"rgb(0, 128, 0)","expected":"rgb(0, 128, 0)","pass":true}
{"browser":"webkit","name":"declaration-after","media":"print","method":"public-native","actual":"rgb(0, 128, 0)","expected":"rgb(0, 128, 0)","pass":true}
{"browser":"webkit","name":"declaration-after","media":"print","method":"public-wasm","actual":"rgb(0, 128, 0)","expected":"rgb(0, 128, 0)","pass":true}
{"browser":"webkit","name":"declaration-after","media":"print","method":"sync-source","actual":"rgb(0, 128, 0)","expected":"rgb(0, 128, 0)","pass":true}
{"browser":"webkit","name":"declaration-after","media":"print","method":"legacy-file","actual":"rgb(0, 128, 0)","expected":"rgb(0, 128, 0)","pass":true}
{"browser":"webkit","name":"declaration-after","media":"print","method":"rendered-source","actual":"rgb(0, 128, 0)","expected":"rgb(0, 128, 0)","pass":true}
{"browser":"webkit","name":"later-important","media":"screen","method":"author","actual":"rgb(0, 0, 255)","expected":"rgb(0, 0, 255)","pass":true}
{"browser":"webkit","name":"later-important","media":"screen","method":"public-native","actual":"rgb(0, 0, 255)","expected":"rgb(0, 0, 255)","pass":true}
{"browser":"webkit","name":"later-important","media":"screen","method":"public-wasm","actual":"rgb(0, 0, 255)","expected":"rgb(0, 0, 255)","pass":true}
{"browser":"webkit","name":"later-important","media":"screen","method":"sync-source","actual":"rgb(0, 0, 255)","expected":"rgb(0, 0, 255)","pass":true}
{"browser":"webkit","name":"later-important","media":"screen","method":"legacy-file","actual":"rgb(0, 0, 255)","expected":"rgb(0, 0, 255)","pass":true}
{"browser":"webkit","name":"later-important","media":"screen","method":"rendered-source","actual":"rgb(0, 0, 255)","expected":"rgb(0, 0, 255)","pass":true}
{"browser":"webkit","name":"later-important","media":"print","method":"author","actual":"rgb(0, 0, 255)","expected":"rgb(0, 0, 255)","pass":true}
{"browser":"webkit","name":"later-important","media":"print","method":"public-native","actual":"rgb(0, 0, 255)","expected":"rgb(0, 0, 255)","pass":true}
{"browser":"webkit","name":"later-important","media":"print","method":"public-wasm","actual":"rgb(0, 0, 255)","expected":"rgb(0, 0, 255)","pass":true}
{"browser":"webkit","name":"later-important","media":"print","method":"sync-source","actual":"rgb(0, 0, 255)","expected":"rgb(0, 0, 255)","pass":true}
{"browser":"webkit","name":"later-important","media":"print","method":"legacy-file","actual":"rgb(0, 0, 255)","expected":"rgb(0, 0, 255)","pass":true}
{"browser":"webkit","name":"later-important","media":"print","method":"rendered-source","actual":"rgb(0, 0, 255)","expected":"rgb(0, 0, 255)","pass":true}
{"browser":"webkit","name":"earlier-important","media":"screen","method":"author","actual":"rgb(255, 0, 0)","expected":"rgb(255, 0, 0)","pass":true}
{"browser":"webkit","name":"earlier-important","media":"screen","method":"public-native","actual":"rgb(255, 0, 0)","expected":"rgb(255, 0, 0)","pass":true}
{"browser":"webkit","name":"earlier-important","media":"screen","method":"public-wasm","actual":"rgb(255, 0, 0)","expected":"rgb(255, 0, 0)","pass":true}
{"browser":"webkit","name":"earlier-important","media":"screen","method":"sync-source","actual":"rgb(255, 0, 0)","expected":"rgb(255, 0, 0)","pass":true}
{"browser":"webkit","name":"earlier-important","media":"screen","method":"legacy-file","actual":"rgb(255, 0, 0)","expected":"rgb(255, 0, 0)","pass":true}
{"browser":"webkit","name":"earlier-important","media":"screen","method":"rendered-source","actual":"rgb(255, 0, 0)","expected":"rgb(255, 0, 0)","pass":true}
{"browser":"webkit","name":"earlier-important","media":"print","method":"author","actual":"rgb(255, 0, 0)","expected":"rgb(255, 0, 0)","pass":true}
{"browser":"webkit","name":"earlier-important","media":"print","method":"public-native","actual":"rgb(255, 0, 0)","expected":"rgb(255, 0, 0)","pass":true}
{"browser":"webkit","name":"earlier-important","media":"print","method":"public-wasm","actual":"rgb(255, 0, 0)","expected":"rgb(255, 0, 0)","pass":true}
{"browser":"webkit","name":"earlier-important","media":"print","method":"sync-source","actual":"rgb(255, 0, 0)","expected":"rgb(255, 0, 0)","pass":true}
{"browser":"webkit","name":"earlier-important","media":"print","method":"legacy-file","actual":"rgb(255, 0, 0)","expected":"rgb(255, 0, 0)","pass":true}
{"browser":"webkit","name":"earlier-important","media":"print","method":"rendered-source","actual":"rgb(255, 0, 0)","expected":"rgb(255, 0, 0)","pass":true}
{"browser":"webkit","name":"anonymous-layer","media":"screen","method":"author","actual":"rgb(0, 0, 255)","expected":"rgb(0, 0, 255)","pass":true}
{"browser":"webkit","name":"anonymous-layer","media":"screen","method":"public-native","actual":"rgb(0, 0, 255)","expected":"rgb(0, 0, 255)","pass":true}
{"browser":"webkit","name":"anonymous-layer","media":"screen","method":"public-wasm","actual":"rgb(0, 0, 255)","expected":"rgb(0, 0, 255)","pass":true}
{"browser":"webkit","name":"anonymous-layer","media":"screen","method":"sync-source","actual":"rgb(0, 0, 255)","expected":"rgb(0, 0, 255)","pass":true}
{"browser":"webkit","name":"anonymous-layer","media":"screen","method":"legacy-file","actual":"rgb(0, 0, 255)","expected":"rgb(0, 0, 255)","pass":true}
{"browser":"webkit","name":"anonymous-layer","media":"screen","method":"rendered-source","actual":"rgb(0, 0, 255)","expected":"rgb(0, 0, 255)","pass":true}
{"browser":"webkit","name":"anonymous-layer","media":"print","method":"author","actual":"rgb(0, 0, 255)","expected":"rgb(0, 0, 255)","pass":true}
{"browser":"webkit","name":"anonymous-layer","media":"print","method":"public-native","actual":"rgb(0, 0, 255)","expected":"rgb(0, 0, 255)","pass":true}
{"browser":"webkit","name":"anonymous-layer","media":"print","method":"public-wasm","actual":"rgb(0, 0, 255)","expected":"rgb(0, 0, 255)","pass":true}
{"browser":"webkit","name":"anonymous-layer","media":"print","method":"sync-source","actual":"rgb(0, 0, 255)","expected":"rgb(0, 0, 255)","pass":true}
{"browser":"webkit","name":"anonymous-layer","media":"print","method":"legacy-file","actual":"rgb(0, 0, 255)","expected":"rgb(0, 0, 255)","pass":true}
{"browser":"webkit","name":"anonymous-layer","media":"print","method":"rendered-source","actual":"rgb(0, 0, 255)","expected":"rgb(0, 0, 255)","pass":true}
{"browser":"webkit","name":"important-layer-order","media":"screen","method":"author","actual":"rgb(255, 0, 0)","expected":"rgb(255, 0, 0)","pass":true}
{"browser":"webkit","name":"important-layer-order","media":"screen","method":"public-native","actual":"rgb(255, 0, 0)","expected":"rgb(255, 0, 0)","pass":true}
{"browser":"webkit","name":"important-layer-order","media":"screen","method":"public-wasm","actual":"rgb(255, 0, 0)","expected":"rgb(255, 0, 0)","pass":true}
{"browser":"webkit","name":"important-layer-order","media":"screen","method":"sync-source","actual":"rgb(255, 0, 0)","expected":"rgb(255, 0, 0)","pass":true}
{"browser":"webkit","name":"important-layer-order","media":"screen","method":"legacy-file","actual":"rgb(255, 0, 0)","expected":"rgb(255, 0, 0)","pass":true}
{"browser":"webkit","name":"important-layer-order","media":"screen","method":"rendered-source","actual":"rgb(255, 0, 0)","expected":"rgb(255, 0, 0)","pass":true}
{"browser":"webkit","name":"important-layer-order","media":"print","method":"author","actual":"rgb(255, 0, 0)","expected":"rgb(255, 0, 0)","pass":true}
{"browser":"webkit","name":"important-layer-order","media":"print","method":"public-native","actual":"rgb(255, 0, 0)","expected":"rgb(255, 0, 0)","pass":true}
{"browser":"webkit","name":"important-layer-order","media":"print","method":"public-wasm","actual":"rgb(255, 0, 0)","expected":"rgb(255, 0, 0)","pass":true}
{"browser":"webkit","name":"important-layer-order","media":"print","method":"sync-source","actual":"rgb(255, 0, 0)","expected":"rgb(255, 0, 0)","pass":true}
{"browser":"webkit","name":"important-layer-order","media":"print","method":"legacy-file","actual":"rgb(255, 0, 0)","expected":"rgb(255, 0, 0)","pass":true}
{"browser":"webkit","name":"important-layer-order","media":"print","method":"rendered-source","actual":"rgb(255, 0, 0)","expected":"rgb(255, 0, 0)","pass":true}
{"browser":"webkit","name":"screen-container","media":"screen","method":"author","actual":"rgb(0, 0, 255)","expected":"rgb(0, 0, 255)","pass":true}
{"browser":"webkit","name":"screen-container","media":"screen","method":"public-native","actual":"rgb(0, 0, 255)","expected":"rgb(0, 0, 255)","pass":true}
{"browser":"webkit","name":"screen-container","media":"screen","method":"public-wasm","actual":"rgb(0, 0, 255)","expected":"rgb(0, 0, 255)","pass":true}
{"browser":"webkit","name":"screen-container","media":"screen","method":"sync-source","actual":"rgb(0, 0, 255)","expected":"rgb(0, 0, 255)","pass":true}
{"browser":"webkit","name":"screen-container","media":"screen","method":"legacy-file","actual":"rgb(0, 0, 255)","expected":"rgb(0, 0, 255)","pass":true}
{"browser":"webkit","name":"screen-container","media":"screen","method":"rendered-source","actual":"rgb(0, 0, 255)","expected":"rgb(0, 0, 255)","pass":true}
{"browser":"webkit","name":"screen-container","media":"print","method":"author","actual":"rgb(0, 0, 0)","expected":"rgb(0, 0, 0)","pass":true}
{"browser":"webkit","name":"screen-container","media":"print","method":"public-native","actual":"rgb(0, 0, 0)","expected":"rgb(0, 0, 0)","pass":true}
{"browser":"webkit","name":"screen-container","media":"print","method":"public-wasm","actual":"rgb(0, 0, 0)","expected":"rgb(0, 0, 0)","pass":true}
{"browser":"webkit","name":"screen-container","media":"print","method":"sync-source","actual":"rgb(0, 0, 0)","expected":"rgb(0, 0, 0)","pass":true}
{"browser":"webkit","name":"screen-container","media":"print","method":"legacy-file","actual":"rgb(0, 0, 0)","expected":"rgb(0, 0, 0)","pass":true}
{"browser":"webkit","name":"screen-container","media":"print","method":"rendered-source","actual":"rgb(0, 0, 0)","expected":"rgb(0, 0, 0)","pass":true}
{"browser":"webkit","name":"false-supports","media":"screen","method":"author","actual":"rgb(0, 0, 0)","expected":"rgb(0, 0, 0)","pass":true}
{"browser":"webkit","name":"false-supports","media":"screen","method":"public-native","actual":"rgb(0, 0, 0)","expected":"rgb(0, 0, 0)","pass":true}
{"browser":"webkit","name":"false-supports","media":"screen","method":"public-wasm","actual":"rgb(0, 0, 0)","expected":"rgb(0, 0, 0)","pass":true}
{"browser":"webkit","name":"false-supports","media":"screen","method":"sync-source","actual":"rgb(0, 0, 0)","expected":"rgb(0, 0, 0)","pass":true}
{"browser":"webkit","name":"false-supports","media":"screen","method":"legacy-file","actual":"rgb(0, 0, 0)","expected":"rgb(0, 0, 0)","pass":true}
{"browser":"webkit","name":"false-supports","media":"screen","method":"rendered-source","actual":"rgb(0, 0, 0)","expected":"rgb(0, 0, 0)","pass":true}
{"browser":"webkit","name":"false-supports","media":"print","method":"author","actual":"rgb(0, 0, 0)","expected":"rgb(0, 0, 0)","pass":true}
{"browser":"webkit","name":"false-supports","media":"print","method":"public-native","actual":"rgb(0, 0, 0)","expected":"rgb(0, 0, 0)","pass":true}
{"browser":"webkit","name":"false-supports","media":"print","method":"public-wasm","actual":"rgb(0, 0, 0)","expected":"rgb(0, 0, 0)","pass":true}
{"browser":"webkit","name":"false-supports","media":"print","method":"sync-source","actual":"rgb(0, 0, 0)","expected":"rgb(0, 0, 0)","pass":true}
{"browser":"webkit","name":"false-supports","media":"print","method":"legacy-file","actual":"rgb(0, 0, 0)","expected":"rgb(0, 0, 0)","pass":true}
{"browser":"webkit","name":"false-supports","media":"print","method":"rendered-source","actual":"rgb(0, 0, 0)","expected":"rgb(0, 0, 0)","pass":true}
{"browser":"webkit","name":"selector-list","media":"screen","method":"author","actual":"rgb(0, 0, 255)","expected":"rgb(0, 0, 255)","pass":true}
{"browser":"webkit","name":"selector-list","media":"screen","method":"public-native","actual":"rgb(0, 0, 255)","expected":"rgb(0, 0, 255)","pass":true}
{"browser":"webkit","name":"selector-list","media":"screen","method":"public-wasm","actual":"rgb(0, 0, 255)","expected":"rgb(0, 0, 255)","pass":true}
{"browser":"webkit","name":"selector-list","media":"screen","method":"sync-source","actual":"rgb(0, 0, 255)","expected":"rgb(0, 0, 255)","pass":true}
{"browser":"webkit","name":"selector-list","media":"screen","method":"legacy-file","actual":"rgb(0, 0, 255)","expected":"rgb(0, 0, 255)","pass":true}
{"browser":"webkit","name":"selector-list","media":"screen","method":"rendered-source","actual":"rgb(0, 0, 255)","expected":"rgb(0, 0, 255)","pass":true}
{"browser":"webkit","name":"selector-list","media":"print","method":"author","actual":"rgb(0, 0, 255)","expected":"rgb(0, 0, 255)","pass":true}
{"browser":"webkit","name":"selector-list","media":"print","method":"public-native","actual":"rgb(0, 0, 255)","expected":"rgb(0, 0, 255)","pass":true}
{"browser":"webkit","name":"selector-list","media":"print","method":"public-wasm","actual":"rgb(0, 0, 255)","expected":"rgb(0, 0, 255)","pass":true}
{"browser":"webkit","name":"selector-list","media":"print","method":"sync-source","actual":"rgb(0, 0, 255)","expected":"rgb(0, 0, 255)","pass":true}
{"browser":"webkit","name":"selector-list","media":"print","method":"legacy-file","actual":"rgb(0, 0, 255)","expected":"rgb(0, 0, 255)","pass":true}
{"browser":"webkit","name":"selector-list","media":"print","method":"rendered-source","actual":"rgb(0, 0, 255)","expected":"rgb(0, 0, 255)","pass":true}
{"cases":12,"consumers":5,"controls":72,"observations":360,"failures":0,"scope":"Original direct source/native compose placement; no compileStylesheets substitute, no claim about unresolved external import delivery"}
