{"external":false,"qualifier":"","css":".card{color:red}\n\n@layer utilities{.paint{color:red}}"}
{"external":false,"qualifier":" layer","error":"{\"code\":\"CLI_PROJECT_LOAD_FAILED\",\"message\":\"Invalid @compose class: paint\"}\n"}
{"external":false,"qualifier":" layer(cards)","error":"{\"code\":\"CLI_PROJECT_LOAD_FAILED\",\"message\":\"Invalid @compose class: paint\"}\n"}
{"external":false,"qualifier":" supports(display:grid)","error":"{\"code\":\"CLI_PROJECT_LOAD_FAILED\",\"message\":\"Invalid @compose class: paint\"}\n"}
{"external":false,"qualifier":" screen","error":"{\"code\":\"CLI_PROJECT_LOAD_FAILED\",\"message\":\"Invalid @compose class: paint\"}\n"}
{"external":false,"qualifier":" layer(cards) supports(display:grid) screen","error":"{\"code\":\"CLI_PROJECT_LOAD_FAILED\",\"message\":\"Invalid @compose class: paint\"}\n"}
{"external":false,"qualifier":" print","error":"{\"code\":\"CLI_PROJECT_LOAD_FAILED\",\"message\":\"Invalid @compose class: paint\"}\n"}
{"external":false,"qualifier":" supports(display:invalid-value)","error":"{\"code\":\"CLI_PROJECT_LOAD_FAILED\",\"message\":\"Invalid @compose class: paint\"}\n"}
{"external":true,"qualifier":"","css":".card{color:red}\n\n@layer utilities{.paint{color:red}}"}
{"external":true,"qualifier":" layer","error":"{\"code\":\"CLI_PROJECT_LOAD_FAILED\",\"message\":\"Cannot inline a qualified CSS import containing unresolved imports; resolve its nested imports first\"}\n"}
{"external":true,"qualifier":" layer(cards)","error":"{\"code\":\"CLI_PROJECT_LOAD_FAILED\",\"message\":\"Cannot inline a qualified CSS import containing unresolved imports; resolve its nested imports first\"}\n"}
{"external":true,"qualifier":" supports(display:grid)","error":"{\"code\":\"CLI_PROJECT_LOAD_FAILED\",\"message\":\"Cannot inline a qualified CSS import containing unresolved imports; resolve its nested imports first\"}\n"}
{"external":true,"qualifier":" screen","error":"{\"code\":\"CLI_PROJECT_LOAD_FAILED\",\"message\":\"Cannot inline a qualified CSS import containing unresolved imports; resolve its nested imports first\"}\n"}
{"external":true,"qualifier":" layer(cards) supports(display:grid) screen","error":"{\"code\":\"CLI_PROJECT_LOAD_FAILED\",\"message\":\"Cannot inline a qualified CSS import containing unresolved imports; resolve its nested imports first\"}\n"}
{"external":true,"qualifier":" print","error":"{\"code\":\"CLI_PROJECT_LOAD_FAILED\",\"message\":\"Cannot inline a qualified CSS import containing unresolved imports; resolve its nested imports first\"}\n"}
{"external":true,"qualifier":" supports(display:invalid-value)","error":"{\"code\":\"CLI_PROJECT_LOAD_FAILED\",\"message\":\"Cannot inline a qualified CSS import containing unresolved imports; resolve its nested imports first\"}\n"}
{"browser":"chromium","external":false,"qualifier":"","media":"screen","method":"author","actual":["rgb(255, 0, 0)","rgb(255, 0, 0)","rgb(0, 0, 0)"],"expected":["rgb(255, 0, 0)","rgb(255, 0, 0)","rgb(0, 0, 0)"],"pass":true}
{"browser":"chromium","external":false,"qualifier":"","media":"screen","method":"compiled","actual":["rgb(255, 0, 0)","rgb(255, 0, 0)","rgb(0, 0, 0)"],"expected":["rgb(255, 0, 0)","rgb(255, 0, 0)","rgb(0, 0, 0)"],"pass":true}
{"browser":"chromium","external":false,"qualifier":"","media":"print","method":"author","actual":["rgb(255, 0, 0)","rgb(255, 0, 0)","rgb(0, 0, 0)"],"expected":["rgb(255, 0, 0)","rgb(255, 0, 0)","rgb(0, 0, 0)"],"pass":true}
{"browser":"chromium","external":false,"qualifier":"","media":"print","method":"compiled","actual":["rgb(255, 0, 0)","rgb(255, 0, 0)","rgb(0, 0, 0)"],"expected":["rgb(255, 0, 0)","rgb(255, 0, 0)","rgb(0, 0, 0)"],"pass":true}
{"browser":"chromium","external":false,"qualifier":" layer","media":"screen","method":"author","actual":["rgb(255, 0, 0)","rgb(255, 0, 0)","rgb(0, 0, 0)"],"expected":["rgb(255, 0, 0)","rgb(255, 0, 0)","rgb(0, 0, 0)"],"pass":true}
{"browser":"chromium","external":false,"qualifier":" layer","media":"print","method":"author","actual":["rgb(255, 0, 0)","rgb(255, 0, 0)","rgb(0, 0, 0)"],"expected":["rgb(255, 0, 0)","rgb(255, 0, 0)","rgb(0, 0, 0)"],"pass":true}
{"browser":"chromium","external":false,"qualifier":" layer(cards)","media":"screen","method":"author","actual":["rgb(255, 0, 0)","rgb(255, 0, 0)","rgb(0, 0, 0)"],"expected":["rgb(255, 0, 0)","rgb(255, 0, 0)","rgb(0, 0, 0)"],"pass":true}
{"browser":"chromium","external":false,"qualifier":" layer(cards)","media":"print","method":"author","actual":["rgb(255, 0, 0)","rgb(255, 0, 0)","rgb(0, 0, 0)"],"expected":["rgb(255, 0, 0)","rgb(255, 0, 0)","rgb(0, 0, 0)"],"pass":true}
{"browser":"chromium","external":false,"qualifier":" supports(display:grid)","media":"screen","method":"author","actual":["rgb(255, 0, 0)","rgb(255, 0, 0)","rgb(0, 0, 0)"],"expected":["rgb(255, 0, 0)","rgb(255, 0, 0)","rgb(0, 0, 0)"],"pass":true}
{"browser":"chromium","external":false,"qualifier":" supports(display:grid)","media":"print","method":"author","actual":["rgb(255, 0, 0)","rgb(255, 0, 0)","rgb(0, 0, 0)"],"expected":["rgb(255, 0, 0)","rgb(255, 0, 0)","rgb(0, 0, 0)"],"pass":true}
{"browser":"chromium","external":false,"qualifier":" screen","media":"screen","method":"author","actual":["rgb(255, 0, 0)","rgb(255, 0, 0)","rgb(0, 0, 0)"],"expected":["rgb(255, 0, 0)","rgb(255, 0, 0)","rgb(0, 0, 0)"],"pass":true}
{"browser":"chromium","external":false,"qualifier":" screen","media":"print","method":"author","actual":["rgb(255, 0, 0)","rgb(0, 0, 0)","rgb(0, 0, 0)"],"expected":["rgb(255, 0, 0)","rgb(0, 0, 0)","rgb(0, 0, 0)"],"pass":true}
{"browser":"chromium","external":false,"qualifier":" layer(cards) supports(display:grid) screen","media":"screen","method":"author","actual":["rgb(255, 0, 0)","rgb(255, 0, 0)","rgb(0, 0, 0)"],"expected":["rgb(255, 0, 0)","rgb(255, 0, 0)","rgb(0, 0, 0)"],"pass":true}
{"browser":"chromium","external":false,"qualifier":" layer(cards) supports(display:grid) screen","media":"print","method":"author","actual":["rgb(255, 0, 0)","rgb(0, 0, 0)","rgb(0, 0, 0)"],"expected":["rgb(255, 0, 0)","rgb(0, 0, 0)","rgb(0, 0, 0)"],"pass":true}
{"browser":"chromium","external":false,"qualifier":" print","media":"screen","method":"author","actual":["rgb(255, 0, 0)","rgb(0, 0, 0)","rgb(0, 0, 0)"],"expected":["rgb(255, 0, 0)","rgb(0, 0, 0)","rgb(0, 0, 0)"],"pass":true}
{"browser":"chromium","external":false,"qualifier":" print","media":"print","method":"author","actual":["rgb(255, 0, 0)","rgb(255, 0, 0)","rgb(0, 0, 0)"],"expected":["rgb(255, 0, 0)","rgb(255, 0, 0)","rgb(0, 0, 0)"],"pass":true}
{"browser":"chromium","external":false,"qualifier":" supports(display:invalid-value)","media":"screen","method":"author","actual":["rgb(255, 0, 0)","rgb(0, 0, 0)","rgb(0, 0, 0)"],"expected":["rgb(255, 0, 0)","rgb(0, 0, 0)","rgb(0, 0, 0)"],"pass":true}
{"browser":"chromium","external":false,"qualifier":" supports(display:invalid-value)","media":"print","method":"author","actual":["rgb(255, 0, 0)","rgb(0, 0, 0)","rgb(0, 0, 0)"],"expected":["rgb(255, 0, 0)","rgb(0, 0, 0)","rgb(0, 0, 0)"],"pass":true}
{"browser":"chromium","external":true,"qualifier":"","media":"screen","method":"author","actual":["rgb(255, 0, 0)","rgb(255, 0, 0)","rgb(0, 0, 0)"],"expected":["rgb(255, 0, 0)","rgb(255, 0, 0)","rgb(0, 0, 0)"],"pass":true}
{"browser":"chromium","external":true,"qualifier":"","media":"screen","method":"compiled","actual":["rgb(255, 0, 0)","rgb(255, 0, 0)","rgb(0, 0, 0)"],"expected":["rgb(255, 0, 0)","rgb(255, 0, 0)","rgb(0, 0, 0)"],"pass":true}
{"browser":"chromium","external":true,"qualifier":"","media":"print","method":"author","actual":["rgb(255, 0, 0)","rgb(255, 0, 0)","rgb(0, 0, 0)"],"expected":["rgb(255, 0, 0)","rgb(255, 0, 0)","rgb(0, 0, 0)"],"pass":true}
{"browser":"chromium","external":true,"qualifier":"","media":"print","method":"compiled","actual":["rgb(255, 0, 0)","rgb(255, 0, 0)","rgb(0, 0, 0)"],"expected":["rgb(255, 0, 0)","rgb(255, 0, 0)","rgb(0, 0, 0)"],"pass":true}
{"browser":"chromium","external":true,"qualifier":" layer","media":"screen","method":"author","actual":["rgb(255, 0, 0)","rgb(255, 0, 0)","rgb(0, 0, 0)"],"expected":["rgb(255, 0, 0)","rgb(255, 0, 0)","rgb(0, 0, 0)"],"pass":true}
{"browser":"chromium","external":true,"qualifier":" layer","media":"print","method":"author","actual":["rgb(255, 0, 0)","rgb(255, 0, 0)","rgb(0, 0, 0)"],"expected":["rgb(255, 0, 0)","rgb(255, 0, 0)","rgb(0, 0, 0)"],"pass":true}
{"browser":"chromium","external":true,"qualifier":" layer(cards)","media":"screen","method":"author","actual":["rgb(255, 0, 0)","rgb(255, 0, 0)","rgb(0, 0, 0)"],"expected":["rgb(255, 0, 0)","rgb(255, 0, 0)","rgb(0, 0, 0)"],"pass":true}
{"browser":"chromium","external":true,"qualifier":" layer(cards)","media":"print","method":"author","actual":["rgb(255, 0, 0)","rgb(255, 0, 0)","rgb(0, 0, 0)"],"expected":["rgb(255, 0, 0)","rgb(255, 0, 0)","rgb(0, 0, 0)"],"pass":true}
{"browser":"chromium","external":true,"qualifier":" supports(display:grid)","media":"screen","method":"author","actual":["rgb(255, 0, 0)","rgb(255, 0, 0)","rgb(0, 0, 0)"],"expected":["rgb(255, 0, 0)","rgb(255, 0, 0)","rgb(0, 0, 0)"],"pass":true}
{"browser":"chromium","external":true,"qualifier":" supports(display:grid)","media":"print","method":"author","actual":["rgb(255, 0, 0)","rgb(255, 0, 0)","rgb(0, 0, 0)"],"expected":["rgb(255, 0, 0)","rgb(255, 0, 0)","rgb(0, 0, 0)"],"pass":true}
{"browser":"chromium","external":true,"qualifier":" screen","media":"screen","method":"author","actual":["rgb(255, 0, 0)","rgb(255, 0, 0)","rgb(0, 0, 0)"],"expected":["rgb(255, 0, 0)","rgb(255, 0, 0)","rgb(0, 0, 0)"],"pass":true}
{"browser":"chromium","external":true,"qualifier":" screen","media":"print","method":"author","actual":["rgb(255, 0, 0)","rgb(0, 0, 0)","rgb(0, 0, 0)"],"expected":["rgb(255, 0, 0)","rgb(0, 0, 0)","rgb(0, 0, 0)"],"pass":true}
{"browser":"chromium","external":true,"qualifier":" layer(cards) supports(display:grid) screen","media":"screen","method":"author","actual":["rgb(255, 0, 0)","rgb(255, 0, 0)","rgb(0, 0, 0)"],"expected":["rgb(255, 0, 0)","rgb(255, 0, 0)","rgb(0, 0, 0)"],"pass":true}
{"browser":"chromium","external":true,"qualifier":" layer(cards) supports(display:grid) screen","media":"print","method":"author","actual":["rgb(255, 0, 0)","rgb(0, 0, 0)","rgb(0, 0, 0)"],"expected":["rgb(255, 0, 0)","rgb(0, 0, 0)","rgb(0, 0, 0)"],"pass":true}
{"browser":"chromium","external":true,"qualifier":" print","media":"screen","method":"author","actual":["rgb(255, 0, 0)","rgb(0, 0, 0)","rgb(0, 0, 0)"],"expected":["rgb(255, 0, 0)","rgb(0, 0, 0)","rgb(0, 0, 0)"],"pass":true}
{"browser":"chromium","external":true,"qualifier":" print","media":"print","method":"author","actual":["rgb(255, 0, 0)","rgb(255, 0, 0)","rgb(0, 0, 0)"],"expected":["rgb(255, 0, 0)","rgb(255, 0, 0)","rgb(0, 0, 0)"],"pass":true}
{"browser":"chromium","external":true,"qualifier":" supports(display:invalid-value)","media":"screen","method":"author","actual":["rgb(255, 0, 0)","rgb(0, 0, 0)","rgb(0, 0, 0)"],"expected":["rgb(255, 0, 0)","rgb(0, 0, 0)","rgb(0, 0, 0)"],"pass":true}
{"browser":"chromium","external":true,"qualifier":" supports(display:invalid-value)","media":"print","method":"author","actual":["rgb(255, 0, 0)","rgb(0, 0, 0)","rgb(0, 0, 0)"],"expected":["rgb(255, 0, 0)","rgb(0, 0, 0)","rgb(0, 0, 0)"],"pass":true}
{"browser":"firefox","external":false,"qualifier":"","media":"screen","method":"author","actual":["rgb(255, 0, 0)","rgb(255, 0, 0)","rgb(0, 0, 0)"],"expected":["rgb(255, 0, 0)","rgb(255, 0, 0)","rgb(0, 0, 0)"],"pass":true}
{"browser":"firefox","external":false,"qualifier":"","media":"screen","method":"compiled","actual":["rgb(255, 0, 0)","rgb(255, 0, 0)","rgb(0, 0, 0)"],"expected":["rgb(255, 0, 0)","rgb(255, 0, 0)","rgb(0, 0, 0)"],"pass":true}
{"browser":"firefox","external":false,"qualifier":"","media":"print","method":"author","actual":["rgb(255, 0, 0)","rgb(255, 0, 0)","rgb(0, 0, 0)"],"expected":["rgb(255, 0, 0)","rgb(255, 0, 0)","rgb(0, 0, 0)"],"pass":true}
{"browser":"firefox","external":false,"qualifier":"","media":"print","method":"compiled","actual":["rgb(255, 0, 0)","rgb(255, 0, 0)","rgb(0, 0, 0)"],"expected":["rgb(255, 0, 0)","rgb(255, 0, 0)","rgb(0, 0, 0)"],"pass":true}
{"browser":"firefox","external":false,"qualifier":" layer","media":"screen","method":"author","actual":["rgb(255, 0, 0)","rgb(255, 0, 0)","rgb(0, 0, 0)"],"expected":["rgb(255, 0, 0)","rgb(255, 0, 0)","rgb(0, 0, 0)"],"pass":true}
{"browser":"firefox","external":false,"qualifier":" layer","media":"print","method":"author","actual":["rgb(255, 0, 0)","rgb(255, 0, 0)","rgb(0, 0, 0)"],"expected":["rgb(255, 0, 0)","rgb(255, 0, 0)","rgb(0, 0, 0)"],"pass":true}
{"browser":"firefox","external":false,"qualifier":" layer(cards)","media":"screen","method":"author","actual":["rgb(255, 0, 0)","rgb(255, 0, 0)","rgb(0, 0, 0)"],"expected":["rgb(255, 0, 0)","rgb(255, 0, 0)","rgb(0, 0, 0)"],"pass":true}
{"browser":"firefox","external":false,"qualifier":" layer(cards)","media":"print","method":"author","actual":["rgb(255, 0, 0)","rgb(255, 0, 0)","rgb(0, 0, 0)"],"expected":["rgb(255, 0, 0)","rgb(255, 0, 0)","rgb(0, 0, 0)"],"pass":true}
{"browser":"firefox","external":false,"qualifier":" supports(display:grid)","media":"screen","method":"author","actual":["rgb(255, 0, 0)","rgb(255, 0, 0)","rgb(0, 0, 0)"],"expected":["rgb(255, 0, 0)","rgb(255, 0, 0)","rgb(0, 0, 0)"],"pass":true}
{"browser":"firefox","external":false,"qualifier":" supports(display:grid)","media":"print","method":"author","actual":["rgb(255, 0, 0)","rgb(255, 0, 0)","rgb(0, 0, 0)"],"expected":["rgb(255, 0, 0)","rgb(255, 0, 0)","rgb(0, 0, 0)"],"pass":true}
{"browser":"firefox","external":false,"qualifier":" screen","media":"screen","method":"author","actual":["rgb(255, 0, 0)","rgb(255, 0, 0)","rgb(0, 0, 0)"],"expected":["rgb(255, 0, 0)","rgb(255, 0, 0)","rgb(0, 0, 0)"],"pass":true}
{"browser":"firefox","external":false,"qualifier":" screen","media":"print","method":"author","actual":["rgb(255, 0, 0)","rgb(0, 0, 0)","rgb(0, 0, 0)"],"expected":["rgb(255, 0, 0)","rgb(0, 0, 0)","rgb(0, 0, 0)"],"pass":true}
{"browser":"firefox","external":false,"qualifier":" layer(cards) supports(display:grid) screen","media":"screen","method":"author","actual":["rgb(255, 0, 0)","rgb(255, 0, 0)","rgb(0, 0, 0)"],"expected":["rgb(255, 0, 0)","rgb(255, 0, 0)","rgb(0, 0, 0)"],"pass":true}
{"browser":"firefox","external":false,"qualifier":" layer(cards) supports(display:grid) screen","media":"print","method":"author","actual":["rgb(255, 0, 0)","rgb(0, 0, 0)","rgb(0, 0, 0)"],"expected":["rgb(255, 0, 0)","rgb(0, 0, 0)","rgb(0, 0, 0)"],"pass":true}
{"browser":"firefox","external":false,"qualifier":" print","media":"screen","method":"author","actual":["rgb(255, 0, 0)","rgb(0, 0, 0)","rgb(0, 0, 0)"],"expected":["rgb(255, 0, 0)","rgb(0, 0, 0)","rgb(0, 0, 0)"],"pass":true}
{"browser":"firefox","external":false,"qualifier":" print","media":"print","method":"author","actual":["rgb(255, 0, 0)","rgb(255, 0, 0)","rgb(0, 0, 0)"],"expected":["rgb(255, 0, 0)","rgb(255, 0, 0)","rgb(0, 0, 0)"],"pass":true}
{"browser":"firefox","external":false,"qualifier":" supports(display:invalid-value)","media":"screen","method":"author","actual":["rgb(255, 0, 0)","rgb(0, 0, 0)","rgb(0, 0, 0)"],"expected":["rgb(255, 0, 0)","rgb(0, 0, 0)","rgb(0, 0, 0)"],"pass":true}
{"browser":"firefox","external":false,"qualifier":" supports(display:invalid-value)","media":"print","method":"author","actual":["rgb(255, 0, 0)","rgb(0, 0, 0)","rgb(0, 0, 0)"],"expected":["rgb(255, 0, 0)","rgb(0, 0, 0)","rgb(0, 0, 0)"],"pass":true}
{"browser":"firefox","external":true,"qualifier":"","media":"screen","method":"author","actual":["rgb(255, 0, 0)","rgb(255, 0, 0)","rgb(0, 0, 0)"],"expected":["rgb(255, 0, 0)","rgb(255, 0, 0)","rgb(0, 0, 0)"],"pass":true}
{"browser":"firefox","external":true,"qualifier":"","media":"screen","method":"compiled","actual":["rgb(255, 0, 0)","rgb(255, 0, 0)","rgb(0, 0, 0)"],"expected":["rgb(255, 0, 0)","rgb(255, 0, 0)","rgb(0, 0, 0)"],"pass":true}
{"browser":"firefox","external":true,"qualifier":"","media":"print","method":"author","actual":["rgb(255, 0, 0)","rgb(255, 0, 0)","rgb(0, 0, 0)"],"expected":["rgb(255, 0, 0)","rgb(255, 0, 0)","rgb(0, 0, 0)"],"pass":true}
{"browser":"firefox","external":true,"qualifier":"","media":"print","method":"compiled","actual":["rgb(255, 0, 0)","rgb(255, 0, 0)","rgb(0, 0, 0)"],"expected":["rgb(255, 0, 0)","rgb(255, 0, 0)","rgb(0, 0, 0)"],"pass":true}
{"browser":"firefox","external":true,"qualifier":" layer","media":"screen","method":"author","actual":["rgb(255, 0, 0)","rgb(255, 0, 0)","rgb(0, 0, 0)"],"expected":["rgb(255, 0, 0)","rgb(255, 0, 0)","rgb(0, 0, 0)"],"pass":true}
{"browser":"firefox","external":true,"qualifier":" layer","media":"print","method":"author","actual":["rgb(255, 0, 0)","rgb(255, 0, 0)","rgb(0, 0, 0)"],"expected":["rgb(255, 0, 0)","rgb(255, 0, 0)","rgb(0, 0, 0)"],"pass":true}
{"browser":"firefox","external":true,"qualifier":" layer(cards)","media":"screen","method":"author","actual":["rgb(255, 0, 0)","rgb(255, 0, 0)","rgb(0, 0, 0)"],"expected":["rgb(255, 0, 0)","rgb(255, 0, 0)","rgb(0, 0, 0)"],"pass":true}
{"browser":"firefox","external":true,"qualifier":" layer(cards)","media":"print","method":"author","actual":["rgb(255, 0, 0)","rgb(255, 0, 0)","rgb(0, 0, 0)"],"expected":["rgb(255, 0, 0)","rgb(255, 0, 0)","rgb(0, 0, 0)"],"pass":true}
{"browser":"firefox","external":true,"qualifier":" supports(display:grid)","media":"screen","method":"author","actual":["rgb(255, 0, 0)","rgb(255, 0, 0)","rgb(0, 0, 0)"],"expected":["rgb(255, 0, 0)","rgb(255, 0, 0)","rgb(0, 0, 0)"],"pass":true}
{"browser":"firefox","external":true,"qualifier":" supports(display:grid)","media":"print","method":"author","actual":["rgb(255, 0, 0)","rgb(255, 0, 0)","rgb(0, 0, 0)"],"expected":["rgb(255, 0, 0)","rgb(255, 0, 0)","rgb(0, 0, 0)"],"pass":true}
{"browser":"firefox","external":true,"qualifier":" screen","media":"screen","method":"author","actual":["rgb(255, 0, 0)","rgb(255, 0, 0)","rgb(0, 0, 0)"],"expected":["rgb(255, 0, 0)","rgb(255, 0, 0)","rgb(0, 0, 0)"],"pass":true}
{"browser":"firefox","external":true,"qualifier":" screen","media":"print","method":"author","actual":["rgb(255, 0, 0)","rgb(0, 0, 0)","rgb(0, 0, 0)"],"expected":["rgb(255, 0, 0)","rgb(0, 0, 0)","rgb(0, 0, 0)"],"pass":true}
{"browser":"firefox","external":true,"qualifier":" layer(cards) supports(display:grid) screen","media":"screen","method":"author","actual":["rgb(255, 0, 0)","rgb(255, 0, 0)","rgb(0, 0, 0)"],"expected":["rgb(255, 0, 0)","rgb(255, 0, 0)","rgb(0, 0, 0)"],"pass":true}
{"browser":"firefox","external":true,"qualifier":" layer(cards) supports(display:grid) screen","media":"print","method":"author","actual":["rgb(255, 0, 0)","rgb(0, 0, 0)","rgb(0, 0, 0)"],"expected":["rgb(255, 0, 0)","rgb(0, 0, 0)","rgb(0, 0, 0)"],"pass":true}
{"browser":"firefox","external":true,"qualifier":" print","media":"screen","method":"author","actual":["rgb(255, 0, 0)","rgb(0, 0, 0)","rgb(0, 0, 0)"],"expected":["rgb(255, 0, 0)","rgb(0, 0, 0)","rgb(0, 0, 0)"],"pass":true}
{"browser":"firefox","external":true,"qualifier":" print","media":"print","method":"author","actual":["rgb(255, 0, 0)","rgb(255, 0, 0)","rgb(0, 0, 0)"],"expected":["rgb(255, 0, 0)","rgb(255, 0, 0)","rgb(0, 0, 0)"],"pass":true}
{"browser":"firefox","external":true,"qualifier":" supports(display:invalid-value)","media":"screen","method":"author","actual":["rgb(255, 0, 0)","rgb(0, 0, 0)","rgb(0, 0, 0)"],"expected":["rgb(255, 0, 0)","rgb(0, 0, 0)","rgb(0, 0, 0)"],"pass":true}
{"browser":"firefox","external":true,"qualifier":" supports(display:invalid-value)","media":"print","method":"author","actual":["rgb(255, 0, 0)","rgb(0, 0, 0)","rgb(0, 0, 0)"],"expected":["rgb(255, 0, 0)","rgb(0, 0, 0)","rgb(0, 0, 0)"],"pass":true}
{"browser":"webkit","external":false,"qualifier":"","media":"screen","method":"author","actual":["rgb(255, 0, 0)","rgb(255, 0, 0)","rgb(0, 0, 0)"],"expected":["rgb(255, 0, 0)","rgb(255, 0, 0)","rgb(0, 0, 0)"],"pass":true}
{"browser":"webkit","external":false,"qualifier":"","media":"screen","method":"compiled","actual":["rgb(255, 0, 0)","rgb(255, 0, 0)","rgb(0, 0, 0)"],"expected":["rgb(255, 0, 0)","rgb(255, 0, 0)","rgb(0, 0, 0)"],"pass":true}
{"browser":"webkit","external":false,"qualifier":"","media":"print","method":"author","actual":["rgb(255, 0, 0)","rgb(255, 0, 0)","rgb(0, 0, 0)"],"expected":["rgb(255, 0, 0)","rgb(255, 0, 0)","rgb(0, 0, 0)"],"pass":true}
{"browser":"webkit","external":false,"qualifier":"","media":"print","method":"compiled","actual":["rgb(255, 0, 0)","rgb(255, 0, 0)","rgb(0, 0, 0)"],"expected":["rgb(255, 0, 0)","rgb(255, 0, 0)","rgb(0, 0, 0)"],"pass":true}
{"browser":"webkit","external":false,"qualifier":" layer","media":"screen","method":"author","actual":["rgb(255, 0, 0)","rgb(255, 0, 0)","rgb(0, 0, 0)"],"expected":["rgb(255, 0, 0)","rgb(255, 0, 0)","rgb(0, 0, 0)"],"pass":true}
{"browser":"webkit","external":false,"qualifier":" layer","media":"print","method":"author","actual":["rgb(255, 0, 0)","rgb(255, 0, 0)","rgb(0, 0, 0)"],"expected":["rgb(255, 0, 0)","rgb(255, 0, 0)","rgb(0, 0, 0)"],"pass":true}
{"browser":"webkit","external":false,"qualifier":" layer(cards)","media":"screen","method":"author","actual":["rgb(255, 0, 0)","rgb(255, 0, 0)","rgb(0, 0, 0)"],"expected":["rgb(255, 0, 0)","rgb(255, 0, 0)","rgb(0, 0, 0)"],"pass":true}
{"browser":"webkit","external":false,"qualifier":" layer(cards)","media":"print","method":"author","actual":["rgb(255, 0, 0)","rgb(255, 0, 0)","rgb(0, 0, 0)"],"expected":["rgb(255, 0, 0)","rgb(255, 0, 0)","rgb(0, 0, 0)"],"pass":true}
{"browser":"webkit","external":false,"qualifier":" supports(display:grid)","media":"screen","method":"author","actual":["rgb(255, 0, 0)","rgb(255, 0, 0)","rgb(0, 0, 0)"],"expected":["rgb(255, 0, 0)","rgb(255, 0, 0)","rgb(0, 0, 0)"],"pass":true}
{"browser":"webkit","external":false,"qualifier":" supports(display:grid)","media":"print","method":"author","actual":["rgb(255, 0, 0)","rgb(255, 0, 0)","rgb(0, 0, 0)"],"expected":["rgb(255, 0, 0)","rgb(255, 0, 0)","rgb(0, 0, 0)"],"pass":true}
{"browser":"webkit","external":false,"qualifier":" screen","media":"screen","method":"author","actual":["rgb(255, 0, 0)","rgb(255, 0, 0)","rgb(0, 0, 0)"],"expected":["rgb(255, 0, 0)","rgb(255, 0, 0)","rgb(0, 0, 0)"],"pass":true}
{"browser":"webkit","external":false,"qualifier":" screen","media":"print","method":"author","actual":["rgb(255, 0, 0)","rgb(0, 0, 0)","rgb(0, 0, 0)"],"expected":["rgb(255, 0, 0)","rgb(0, 0, 0)","rgb(0, 0, 0)"],"pass":true}
{"browser":"webkit","external":false,"qualifier":" layer(cards) supports(display:grid) screen","media":"screen","method":"author","actual":["rgb(255, 0, 0)","rgb(255, 0, 0)","rgb(0, 0, 0)"],"expected":["rgb(255, 0, 0)","rgb(255, 0, 0)","rgb(0, 0, 0)"],"pass":true}
{"browser":"webkit","external":false,"qualifier":" layer(cards) supports(display:grid) screen","media":"print","method":"author","actual":["rgb(255, 0, 0)","rgb(0, 0, 0)","rgb(0, 0, 0)"],"expected":["rgb(255, 0, 0)","rgb(0, 0, 0)","rgb(0, 0, 0)"],"pass":true}
{"browser":"webkit","external":false,"qualifier":" print","media":"screen","method":"author","actual":["rgb(255, 0, 0)","rgb(0, 0, 0)","rgb(0, 0, 0)"],"expected":["rgb(255, 0, 0)","rgb(0, 0, 0)","rgb(0, 0, 0)"],"pass":true}
{"browser":"webkit","external":false,"qualifier":" print","media":"print","method":"author","actual":["rgb(255, 0, 0)","rgb(255, 0, 0)","rgb(0, 0, 0)"],"expected":["rgb(255, 0, 0)","rgb(255, 0, 0)","rgb(0, 0, 0)"],"pass":true}
{"browser":"webkit","external":false,"qualifier":" supports(display:invalid-value)","media":"screen","method":"author","actual":["rgb(255, 0, 0)","rgb(0, 0, 0)","rgb(0, 0, 0)"],"expected":["rgb(255, 0, 0)","rgb(0, 0, 0)","rgb(0, 0, 0)"],"pass":true}
{"browser":"webkit","external":false,"qualifier":" supports(display:invalid-value)","media":"print","method":"author","actual":["rgb(255, 0, 0)","rgb(0, 0, 0)","rgb(0, 0, 0)"],"expected":["rgb(255, 0, 0)","rgb(0, 0, 0)","rgb(0, 0, 0)"],"pass":true}
{"browser":"webkit","external":true,"qualifier":"","media":"screen","method":"author","actual":["rgb(255, 0, 0)","rgb(255, 0, 0)","rgb(0, 0, 0)"],"expected":["rgb(255, 0, 0)","rgb(255, 0, 0)","rgb(0, 0, 0)"],"pass":true}
{"browser":"webkit","external":true,"qualifier":"","media":"screen","method":"compiled","actual":["rgb(255, 0, 0)","rgb(255, 0, 0)","rgb(0, 0, 0)"],"expected":["rgb(255, 0, 0)","rgb(255, 0, 0)","rgb(0, 0, 0)"],"pass":true}
{"browser":"webkit","external":true,"qualifier":"","media":"print","method":"author","actual":["rgb(255, 0, 0)","rgb(255, 0, 0)","rgb(0, 0, 0)"],"expected":["rgb(255, 0, 0)","rgb(255, 0, 0)","rgb(0, 0, 0)"],"pass":true}
{"browser":"webkit","external":true,"qualifier":"","media":"print","method":"compiled","actual":["rgb(255, 0, 0)","rgb(255, 0, 0)","rgb(0, 0, 0)"],"expected":["rgb(255, 0, 0)","rgb(255, 0, 0)","rgb(0, 0, 0)"],"pass":true}
{"browser":"webkit","external":true,"qualifier":" layer","media":"screen","method":"author","actual":["rgb(255, 0, 0)","rgb(255, 0, 0)","rgb(0, 0, 0)"],"expected":["rgb(255, 0, 0)","rgb(255, 0, 0)","rgb(0, 0, 0)"],"pass":true}
{"browser":"webkit","external":true,"qualifier":" layer","media":"print","method":"author","actual":["rgb(255, 0, 0)","rgb(255, 0, 0)","rgb(0, 0, 0)"],"expected":["rgb(255, 0, 0)","rgb(255, 0, 0)","rgb(0, 0, 0)"],"pass":true}
{"browser":"webkit","external":true,"qualifier":" layer(cards)","media":"screen","method":"author","actual":["rgb(255, 0, 0)","rgb(255, 0, 0)","rgb(0, 0, 0)"],"expected":["rgb(255, 0, 0)","rgb(255, 0, 0)","rgb(0, 0, 0)"],"pass":true}
{"browser":"webkit","external":true,"qualifier":" layer(cards)","media":"print","method":"author","actual":["rgb(255, 0, 0)","rgb(255, 0, 0)","rgb(0, 0, 0)"],"expected":["rgb(255, 0, 0)","rgb(255, 0, 0)","rgb(0, 0, 0)"],"pass":true}
{"browser":"webkit","external":true,"qualifier":" supports(display:grid)","media":"screen","method":"author","actual":["rgb(255, 0, 0)","rgb(255, 0, 0)","rgb(0, 0, 0)"],"expected":["rgb(255, 0, 0)","rgb(255, 0, 0)","rgb(0, 0, 0)"],"pass":true}
{"browser":"webkit","external":true,"qualifier":" supports(display:grid)","media":"print","method":"author","actual":["rgb(255, 0, 0)","rgb(255, 0, 0)","rgb(0, 0, 0)"],"expected":["rgb(255, 0, 0)","rgb(255, 0, 0)","rgb(0, 0, 0)"],"pass":true}
{"browser":"webkit","external":true,"qualifier":" screen","media":"screen","method":"author","actual":["rgb(255, 0, 0)","rgb(255, 0, 0)","rgb(0, 0, 0)"],"expected":["rgb(255, 0, 0)","rgb(255, 0, 0)","rgb(0, 0, 0)"],"pass":true}
{"browser":"webkit","external":true,"qualifier":" screen","media":"print","method":"author","actual":["rgb(255, 0, 0)","rgb(0, 0, 0)","rgb(0, 0, 0)"],"expected":["rgb(255, 0, 0)","rgb(0, 0, 0)","rgb(0, 0, 0)"],"pass":true}
{"browser":"webkit","external":true,"qualifier":" layer(cards) supports(display:grid) screen","media":"screen","method":"author","actual":["rgb(255, 0, 0)","rgb(255, 0, 0)","rgb(0, 0, 0)"],"expected":["rgb(255, 0, 0)","rgb(255, 0, 0)","rgb(0, 0, 0)"],"pass":true}
{"browser":"webkit","external":true,"qualifier":" layer(cards) supports(display:grid) screen","media":"print","method":"author","actual":["rgb(255, 0, 0)","rgb(0, 0, 0)","rgb(0, 0, 0)"],"expected":["rgb(255, 0, 0)","rgb(0, 0, 0)","rgb(0, 0, 0)"],"pass":true}
{"browser":"webkit","external":true,"qualifier":" print","media":"screen","method":"author","actual":["rgb(255, 0, 0)","rgb(0, 0, 0)","rgb(0, 0, 0)"],"expected":["rgb(255, 0, 0)","rgb(0, 0, 0)","rgb(0, 0, 0)"],"pass":true}
{"browser":"webkit","external":true,"qualifier":" print","media":"print","method":"author","actual":["rgb(255, 0, 0)","rgb(255, 0, 0)","rgb(0, 0, 0)"],"expected":["rgb(255, 0, 0)","rgb(255, 0, 0)","rgb(0, 0, 0)"],"pass":true}
{"browser":"webkit","external":true,"qualifier":" supports(display:invalid-value)","media":"screen","method":"author","actual":["rgb(255, 0, 0)","rgb(0, 0, 0)","rgb(0, 0, 0)"],"expected":["rgb(255, 0, 0)","rgb(0, 0, 0)","rgb(0, 0, 0)"],"pass":true}
{"browser":"webkit","external":true,"qualifier":" supports(display:invalid-value)","media":"print","method":"author","actual":["rgb(255, 0, 0)","rgb(0, 0, 0)","rgb(0, 0, 0)"],"expected":["rgb(255, 0, 0)","rgb(0, 0, 0)","rgb(0, 0, 0)"],"pass":true}
{"binary":"/Users/aron/master/css/packages/binding/artifacts/mcss","cases":16,"controls":96,"observations":12,"failures":[{"external":false,"qualifier":" layer","error":"{\"code\":\"CLI_PROJECT_LOAD_FAILED\",\"message\":\"Invalid @compose class: paint\"}\n"},{"external":false,"qualifier":" layer(cards)","error":"{\"code\":\"CLI_PROJECT_LOAD_FAILED\",\"message\":\"Invalid @compose class: paint\"}\n"},{"external":false,"qualifier":" supports(display:grid)","error":"{\"code\":\"CLI_PROJECT_LOAD_FAILED\",\"message\":\"Invalid @compose class: paint\"}\n"},{"external":false,"qualifier":" screen","error":"{\"code\":\"CLI_PROJECT_LOAD_FAILED\",\"message\":\"Invalid @compose class: paint\"}\n"},{"external":false,"qualifier":" layer(cards) supports(display:grid) screen","error":"{\"code\":\"CLI_PROJECT_LOAD_FAILED\",\"message\":\"Invalid @compose class: paint\"}\n"},{"external":false,"qualifier":" print","error":"{\"code\":\"CLI_PROJECT_LOAD_FAILED\",\"message\":\"Invalid @compose class: paint\"}\n"},{"external":false,"qualifier":" supports(display:invalid-value)","error":"{\"code\":\"CLI_PROJECT_LOAD_FAILED\",\"message\":\"Invalid @compose class: paint\"}\n"},{"external":true,"qualifier":" layer","error":"{\"code\":\"CLI_PROJECT_LOAD_FAILED\",\"message\":\"Cannot inline a qualified CSS import containing unresolved imports; resolve its nested imports first\"}\n"},{"external":true,"qualifier":" layer(cards)","error":"{\"code\":\"CLI_PROJECT_LOAD_FAILED\",\"message\":\"Cannot inline a qualified CSS import containing unresolved imports; resolve its nested imports first\"}\n"},{"external":true,"qualifier":" supports(display:grid)","error":"{\"code\":\"CLI_PROJECT_LOAD_FAILED\",\"message\":\"Cannot inline a qualified CSS import containing unresolved imports; resolve its nested imports first\"}\n"},{"external":true,"qualifier":" screen","error":"{\"code\":\"CLI_PROJECT_LOAD_FAILED\",\"message\":\"Cannot inline a qualified CSS import containing unresolved imports; resolve its nested imports first\"}\n"},{"external":true,"qualifier":" layer(cards) supports(display:grid) screen","error":"{\"code\":\"CLI_PROJECT_LOAD_FAILED\",\"message\":\"Cannot inline a qualified CSS import containing unresolved imports; resolve its nested imports first\"}\n"},{"external":true,"qualifier":" print","error":"{\"code\":\"CLI_PROJECT_LOAD_FAILED\",\"message\":\"Cannot inline a qualified CSS import containing unresolved imports; resolve its nested imports first\"}\n"},{"external":true,"qualifier":" supports(display:invalid-value)","error":"{\"code\":\"CLI_PROJECT_LOAD_FAILED\",\"message\":\"Cannot inline a qualified CSS import containing unresolved imports; resolve its nested imports first\"}\n"}],"scope":"Filesystem native project CLI: managed manifest/source ownership and native compose conditions; ordinary native output suppressed; not stylesheet asset delivery"}
