(!) Your Vite config uses features that are unsupported by `configLoader: 'native'`, which is planned to become the default in a future major version of Vite:
  - import "../../shared/vitest.config" without a file extension (vitest.config.ts:3:20). Add the file extension
  - import "./vitest-ci-config" without a file extension (../../shared/vitest.config.ts:2:58). Add the file extension
Set `VITE_CONFIG_NATIVE_IGNORE_WARNING=true` to suppress this warning.

 RUN  v5.0.0 /Users/aron/master/css/packages/compiler

 ❯ tests/bug-hunt-imported-policy-output.test.ts (5 tests | 5 failed) 4045ms
   × BH-0004 consumed policy must not remain in layer CSS output 824ms
   × BH-0004 consumed policy must not remain in layer(scope) CSS output 806ms
   × BH-0004 consumed policy must not remain in supports(display:grid) CSS output 801ms
   × BH-0004 consumed policy must not remain in screen CSS output 799ms
   × BH-0004 consumed policy must not remain in layer(scope) supports(display:grid) screen CSS output 814ms

⎯⎯⎯⎯⎯⎯⎯ Failed Tests 5 ⎯⎯⎯⎯⎯⎯⎯

 FAIL  tests/bug-hunt-imported-policy-output.test.ts > BH-0004 consumed policy must not remain in layer CSS output
AssertionError: expected '@layer {\n  @source "./views/*.html";…' not to match /@(?:source|safelist)\b/

- Expected:
/@(?:source|safelist)\b/

+ Received:
"@layer {
  @source \"./views/*.html\";

  @safelist \"flex\";
}

@layer utilities{.block{display:block}.flex{display:flex}}"

 ❯ tests/bug-hunt-imported-policy-output.test.ts:22:23
     20|       expect(css).toContain('.block{display:block}')
     21|       expect(css).toContain('.flex{display:flex}')
     22|       expect(css).not.toMatch(/@(?:source|safelist)\b/)
       |                       ^
     23|     } finally { await scanner.dispose(); rmSync(root, { recursive: tru…
     24|   })

⎯⎯⎯⎯⎯⎯⎯⎯⎯⎯⎯⎯⎯⎯⎯⎯⎯⎯⎯⎯⎯⎯⎯⎯[1/5]⎯

 FAIL  tests/bug-hunt-imported-policy-output.test.ts > BH-0004 consumed policy must not remain in layer(scope) CSS output
AssertionError: expected '@layer scope {\n  @source "./views/*.…' not to match /@(?:source|safelist)\b/

- Expected:
/@(?:source|safelist)\b/

+ Received:
"@layer scope {
  @source \"./views/*.html\";

  @safelist \"flex\";
}

@layer utilities{.block{display:block}.flex{display:flex}}"

 ❯ tests/bug-hunt-imported-policy-output.test.ts:22:23
     20|       expect(css).toContain('.block{display:block}')
     21|       expect(css).toContain('.flex{display:flex}')
     22|       expect(css).not.toMatch(/@(?:source|safelist)\b/)
       |                       ^
     23|     } finally { await scanner.dispose(); rmSync(root, { recursive: tru…
     24|   })

⎯⎯⎯⎯⎯⎯⎯⎯⎯⎯⎯⎯⎯⎯⎯⎯⎯⎯⎯⎯⎯⎯⎯⎯[2/5]⎯

 FAIL  tests/bug-hunt-imported-policy-output.test.ts > BH-0004 consumed policy must not remain in supports(display:grid) CSS output
AssertionError: expected '@supports (display: grid) {\n  @sourc…' not to match /@(?:source|safelist)\b/

- Expected:
/@(?:source|safelist)\b/

+ Received:
"@supports (display: grid) {
  @source \"./views/*.html\";

  @safelist \"flex\";
}

@layer utilities{.block{display:block}.flex{display:flex}}"

 ❯ tests/bug-hunt-imported-policy-output.test.ts:22:23
     20|       expect(css).toContain('.block{display:block}')
     21|       expect(css).toContain('.flex{display:flex}')
     22|       expect(css).not.toMatch(/@(?:source|safelist)\b/)
       |                       ^
     23|     } finally { await scanner.dispose(); rmSync(root, { recursive: tru…
     24|   })

⎯⎯⎯⎯⎯⎯⎯⎯⎯⎯⎯⎯⎯⎯⎯⎯⎯⎯⎯⎯⎯⎯⎯⎯[3/5]⎯

 FAIL  tests/bug-hunt-imported-policy-output.test.ts > BH-0004 consumed policy must not remain in screen CSS output
AssertionError: expected '@media screen {\n  @source "./views/*…' not to match /@(?:source|safelist)\b/

- Expected:
/@(?:source|safelist)\b/

+ Received:
"@media screen {
  @source \"./views/*.html\";

  @safelist \"flex\";
}

@layer utilities{.block{display:block}.flex{display:flex}}"

 ❯ tests/bug-hunt-imported-policy-output.test.ts:22:23
     20|       expect(css).toContain('.block{display:block}')
     21|       expect(css).toContain('.flex{display:flex}')
     22|       expect(css).not.toMatch(/@(?:source|safelist)\b/)
       |                       ^
     23|     } finally { await scanner.dispose(); rmSync(root, { recursive: tru…
     24|   })

⎯⎯⎯⎯⎯⎯⎯⎯⎯⎯⎯⎯⎯⎯⎯⎯⎯⎯⎯⎯⎯⎯⎯⎯[4/5]⎯

 FAIL  tests/bug-hunt-imported-policy-output.test.ts > BH-0004 consumed policy must not remain in layer(scope) supports(display:grid) screen CSS output
AssertionError: expected '@supports (display: grid) {\n  @media…' not to match /@(?:source|safelist)\b/

- Expected:
/@(?:source|safelist)\b/

+ Received:
"@supports (display: grid) {
  @media screen {
    @layer scope {
      @source \"./views/*.html\";

      @safelist \"flex\";
    }
  }
}

@layer utilities{.block{display:block}.flex{display:flex}}"

 ❯ tests/bug-hunt-imported-policy-output.test.ts:22:23
     20|       expect(css).toContain('.block{display:block}')
     21|       expect(css).toContain('.flex{display:flex}')
     22|       expect(css).not.toMatch(/@(?:source|safelist)\b/)
       |                       ^
     23|     } finally { await scanner.dispose(); rmSync(root, { recursive: tru…
     24|   })

⎯⎯⎯⎯⎯⎯⎯⎯⎯⎯⎯⎯⎯⎯⎯⎯⎯⎯⎯⎯⎯⎯⎯⎯[5/5]⎯


 Test Files  1 failed (1)
      Tests  5 failed (5)
   Start at  22:27:26
   Duration  4.53s (tests 93%, transform 5%, import 2%)

