(!) Your Vite config uses features that are unsupported by `configLoader: 'native'`, which is planned to become the default in a future major version of Vite:
  - import "../../shared/vitest.config" without a file extension (vitest.config.ts:3:20). Add the file extension
  - import "./vitest-ci-config" without a file extension (../../shared/vitest.config.ts:2:58). Add the file extension
Set `VITE_CONFIG_NATIVE_IGNORE_WARNING=true` to suppress this warning.

 RUN  v5.0.0 /Users/aron/master/css/packages/compiler

 ❯ tests/bug-hunt-imported-policy-output.test.ts (10 tests | 10 failed) 3958ms
   × BH-0004 consumed policy must not remain in layer CSS output 841ms
   × BH-0004 consumed policy must not remain in layer(scope) CSS output 773ms
   × BH-0004 consumed policy must not remain in supports(display:grid) CSS output 774ms
   × BH-0004 consumed policy must not remain in screen CSS output 773ms
   × BH-0004 consumed policy must not remain in layer(scope) supports(display:grid) screen CSS output 777ms
   × BH-0004 graph compilation consumes policies before layer wrapping 9ms
   × BH-0004 graph compilation consumes policies before layer(scope) wrapping 3ms
   × BH-0004 graph compilation consumes policies before supports(display:grid) wrapping 2ms
   × BH-0004 graph compilation consumes policies before screen wrapping 2ms
   × BH-0004 graph compilation consumes policies before layer(scope) supports(display:grid) screen wrapping 2ms

⎯⎯⎯⎯⎯⎯ Failed Tests 10 ⎯⎯⎯⎯⎯⎯⎯

 FAIL  tests/bug-hunt-imported-policy-output.test.ts > BH-0004 consumed policy must not remain in layer CSS output
AssertionError: expected '@layer {\n  @source "./views/*.html";…' not to match /@(?:source|safelist)\b/

- Expected:
/@(?:source|safelist)\b/

+ Received:
"@layer {
  @source \"./views/*.html\";

  @safelist \"flex\";
}

@layer utilities{.block{display:block}.flex{display:flex}}"

 ❯ tests/bug-hunt-imported-policy-output.test.ts:22:23
     20|       expect(css).toContain('.block{display:block}')
     21|       expect(css).toContain('.flex{display:flex}')
     22|       expect(css).not.toMatch(/@(?:source|safelist)\b/)
       |                       ^
     23|     } finally { await scanner.dispose(); rmSync(root, { recursive: tru…
     24|   })

⎯⎯⎯⎯⎯⎯⎯⎯⎯⎯⎯⎯⎯⎯⎯⎯⎯⎯⎯⎯⎯⎯⎯[1/10]⎯

 FAIL  tests/bug-hunt-imported-policy-output.test.ts > BH-0004 consumed policy must not remain in layer(scope) CSS output
AssertionError: expected '@layer scope {\n  @source "./views/*.…' not to match /@(?:source|safelist)\b/

- Expected:
/@(?:source|safelist)\b/

+ Received:
"@layer scope {
  @source \"./views/*.html\";

  @safelist \"flex\";
}

@layer utilities{.block{display:block}.flex{display:flex}}"

 ❯ tests/bug-hunt-imported-policy-output.test.ts:22:23
     20|       expect(css).toContain('.block{display:block}')
     21|       expect(css).toContain('.flex{display:flex}')
     22|       expect(css).not.toMatch(/@(?:source|safelist)\b/)
       |                       ^
     23|     } finally { await scanner.dispose(); rmSync(root, { recursive: tru…
     24|   })

⎯⎯⎯⎯⎯⎯⎯⎯⎯⎯⎯⎯⎯⎯⎯⎯⎯⎯⎯⎯⎯⎯⎯[2/10]⎯

 FAIL  tests/bug-hunt-imported-policy-output.test.ts > BH-0004 consumed policy must not remain in supports(display:grid) CSS output
AssertionError: expected '@supports (display: grid) {\n  @sourc…' not to match /@(?:source|safelist)\b/

- Expected:
/@(?:source|safelist)\b/

+ Received:
"@supports (display: grid) {
  @source \"./views/*.html\";

  @safelist \"flex\";
}

@layer utilities{.block{display:block}.flex{display:flex}}"

 ❯ tests/bug-hunt-imported-policy-output.test.ts:22:23
     20|       expect(css).toContain('.block{display:block}')
     21|       expect(css).toContain('.flex{display:flex}')
     22|       expect(css).not.toMatch(/@(?:source|safelist)\b/)
       |                       ^
     23|     } finally { await scanner.dispose(); rmSync(root, { recursive: tru…
     24|   })

⎯⎯⎯⎯⎯⎯⎯⎯⎯⎯⎯⎯⎯⎯⎯⎯⎯⎯⎯⎯⎯⎯⎯[3/10]⎯

 FAIL  tests/bug-hunt-imported-policy-output.test.ts > BH-0004 consumed policy must not remain in screen CSS output
AssertionError: expected '@media screen {\n  @source "./views/*…' not to match /@(?:source|safelist)\b/

- Expected:
/@(?:source|safelist)\b/

+ Received:
"@media screen {
  @source \"./views/*.html\";

  @safelist \"flex\";
}

@layer utilities{.block{display:block}.flex{display:flex}}"

 ❯ tests/bug-hunt-imported-policy-output.test.ts:22:23
     20|       expect(css).toContain('.block{display:block}')
     21|       expect(css).toContain('.flex{display:flex}')
     22|       expect(css).not.toMatch(/@(?:source|safelist)\b/)
       |                       ^
     23|     } finally { await scanner.dispose(); rmSync(root, { recursive: tru…
     24|   })

⎯⎯⎯⎯⎯⎯⎯⎯⎯⎯⎯⎯⎯⎯⎯⎯⎯⎯⎯⎯⎯⎯⎯[4/10]⎯

 FAIL  tests/bug-hunt-imported-policy-output.test.ts > BH-0004 consumed policy must not remain in layer(scope) supports(display:grid) screen CSS output
AssertionError: expected '@supports (display: grid) {\n  @media…' not to match /@(?:source|safelist)\b/

- Expected:
/@(?:source|safelist)\b/

+ Received:
"@supports (display: grid) {
  @media screen {
    @layer scope {
      @source \"./views/*.html\";

      @safelist \"flex\";
    }
  }
}

@layer utilities{.block{display:block}.flex{display:flex}}"

 ❯ tests/bug-hunt-imported-policy-output.test.ts:22:23
     20|       expect(css).toContain('.block{display:block}')
     21|       expect(css).toContain('.flex{display:flex}')
     22|       expect(css).not.toMatch(/@(?:source|safelist)\b/)
       |                       ^
     23|     } finally { await scanner.dispose(); rmSync(root, { recursive: tru…
     24|   })

⎯⎯⎯⎯⎯⎯⎯⎯⎯⎯⎯⎯⎯⎯⎯⎯⎯⎯⎯⎯⎯⎯⎯[5/10]⎯

 FAIL  tests/bug-hunt-imported-policy-output.test.ts > BH-0004 graph compilation consumes policies before layer wrapping
AssertionError: expected '@layer {.sentinel {\n  display: grid;…' to contain 'display:grid'

- Expected
+ Received

- display:grid
+ @layer {.sentinel {
+   display: grid;
+ }}

 ❯ tests/bug-hunt-imported-policy-output.test.ts:37:26
     35|       expect(result.css).not.toMatch(/@(?:source|safelist|master)\b/)
     36|       expect(result.css).toContain('.sentinel')
     37|       expect(result.css).toContain('display:grid')
       |                          ^
     38|       if (qualifier.includes('layer')) expect(result.css).toContain('@…
     39|       if (qualifier.includes('supports')) expect(result.css).toContain…

⎯⎯⎯⎯⎯⎯⎯⎯⎯⎯⎯⎯⎯⎯⎯⎯⎯⎯⎯⎯⎯⎯⎯[6/10]⎯

 FAIL  tests/bug-hunt-imported-policy-output.test.ts > BH-0004 graph compilation consumes policies before layer(scope) wrapping
AssertionError: expected '@layer scope{.sentinel {\n  display: …' to contain 'display:grid'

- Expected
+ Received

- display:grid
+ @layer scope{.sentinel {
+   display: grid;
+ }}

 ❯ tests/bug-hunt-imported-policy-output.test.ts:37:26
     35|       expect(result.css).not.toMatch(/@(?:source|safelist|master)\b/)
     36|       expect(result.css).toContain('.sentinel')
     37|       expect(result.css).toContain('display:grid')
       |                          ^
     38|       if (qualifier.includes('layer')) expect(result.css).toContain('@…
     39|       if (qualifier.includes('supports')) expect(result.css).toContain…

⎯⎯⎯⎯⎯⎯⎯⎯⎯⎯⎯⎯⎯⎯⎯⎯⎯⎯⎯⎯⎯⎯⎯[7/10]⎯

 FAIL  tests/bug-hunt-imported-policy-output.test.ts > BH-0004 graph compilation consumes policies before supports(display:grid) wrapping
AssertionError: expected '@supports (display: grid){.sentinel {…' to contain 'display:grid'

- Expected
+ Received

- display:grid
+ @supports (display: grid){.sentinel {
+   display: grid;
+ }}

 ❯ tests/bug-hunt-imported-policy-output.test.ts:37:26
     35|       expect(result.css).not.toMatch(/@(?:source|safelist|master)\b/)
     36|       expect(result.css).toContain('.sentinel')
     37|       expect(result.css).toContain('display:grid')
       |                          ^
     38|       if (qualifier.includes('layer')) expect(result.css).toContain('@…
     39|       if (qualifier.includes('supports')) expect(result.css).toContain…

⎯⎯⎯⎯⎯⎯⎯⎯⎯⎯⎯⎯⎯⎯⎯⎯⎯⎯⎯⎯⎯⎯⎯[8/10]⎯

 FAIL  tests/bug-hunt-imported-policy-output.test.ts > BH-0004 graph compilation consumes policies before screen wrapping
AssertionError: expected '@media screen{.sentinel {\n  display:…' to contain 'display:grid'

- Expected
+ Received

- display:grid
+ @media screen{.sentinel {
+   display: grid;
+ }}

 ❯ tests/bug-hunt-imported-policy-output.test.ts:37:26
     35|       expect(result.css).not.toMatch(/@(?:source|safelist|master)\b/)
     36|       expect(result.css).toContain('.sentinel')
     37|       expect(result.css).toContain('display:grid')
       |                          ^
     38|       if (qualifier.includes('layer')) expect(result.css).toContain('@…
     39|       if (qualifier.includes('supports')) expect(result.css).toContain…

⎯⎯⎯⎯⎯⎯⎯⎯⎯⎯⎯⎯⎯⎯⎯⎯⎯⎯⎯⎯⎯⎯⎯[9/10]⎯

 FAIL  tests/bug-hunt-imported-policy-output.test.ts > BH-0004 graph compilation consumes policies before layer(scope) supports(display:grid) screen wrapping
AssertionError: expected '@supports (display: grid){@media scre…' to contain 'display:grid'

- Expected
+ Received

- display:grid
+ @supports (display: grid){@media screen{@layer scope{.sentinel {
+   display: grid;
+ }}}}

 ❯ tests/bug-hunt-imported-policy-output.test.ts:37:26
     35|       expect(result.css).not.toMatch(/@(?:source|safelist|master)\b/)
     36|       expect(result.css).toContain('.sentinel')
     37|       expect(result.css).toContain('display:grid')
       |                          ^
     38|       if (qualifier.includes('layer')) expect(result.css).toContain('@…
     39|       if (qualifier.includes('supports')) expect(result.css).toContain…

⎯⎯⎯⎯⎯⎯⎯⎯⎯⎯⎯⎯⎯⎯⎯⎯⎯⎯⎯⎯⎯⎯[10/10]⎯


 Test Files  1 failed (1)
      Tests  10 failed (10)
   Start at  22:36:50
   Duration  4.46s (tests 93%, transform 5%, import 3%)

