Diff in /Users/aron/master/css/crates/mastercss-compiler/src/graph_inline.rs:1:
 use crate::{
-    compile_css_stylesheet_graph, CompileCssStylesheetGraphRequest, CompiledCssStylesheetGraph,
-    CompilerError, CssStylesheetAsset, CssStylesheetGraph, CssStylesheetNode,
+    CompileCssStylesheetGraphRequest, CompiledCssStylesheetGraph, CompilerError,
+    CssStylesheetAsset, CssStylesheetGraph, CssStylesheetNode, compile_css_stylesheet_graph,
 };
 use serde::Deserialize;
 use std::collections::{HashMap, HashSet};
Diff in /Users/aron/master/css/crates/mastercss-compiler/tests/bug_hunt_host_import_ownership.rs:1:
-use mastercss_compiler::{compile_css_stylesheet_graph_input, CompileCssStylesheetGraphInput};
+use mastercss_compiler::{CompileCssStylesheetGraphInput, compile_css_stylesheet_graph_input};
 use serde_json::json;
 
 #[test]
Diff in /Users/aron/master/css/crates/mastercss-compiler/tests/bug_hunt_host_import_ownership.rs:13:
     }))
     .unwrap();
     let result = compile_css_stylesheet_graph_input(&request).unwrap();
-    assert!(result
-        .stylesheets
-        .iter()
-        .all(|sheet| !sheet.css.contains("font-package")));
-    assert!(result
-        .stylesheets
-        .iter()
-        .any(|sheet| sheet.css.contains("https://remote.test/child.css")));
+    assert!(
+        result
+            .stylesheets
+            .iter()
+            .all(|sheet| !sheet.css.contains("font-package"))
+    );
+    assert!(
+        result
+            .stylesheets
+            .iter()
+            .any(|sheet| sheet.css.contains("https://remote.test/child.css"))
+    );
     assert!(result.directives.css.contains("layer(a)"));
     assert_eq!(result.stylesheets.len(), 2);
 }
Diff in /Users/aron/master/css/crates/mastercss-compiler/tests/bug_hunt_host_import_ownership.rs:64:
                 "edges":[{"from":"entry","specifier":"./child.css","resolved":"child"}]},
             "urls":{"entry":"/entry.css","child":"/child.css"}, "hostImports":{"entry":[specifier]}
         })).unwrap();
-        assert!(compile_css_stylesheet_graph_input(&request)
-            .unwrap_err()
-            .to_string()
-            .contains("unresolved authored import"));
+        assert!(
+            compile_css_stylesheet_graph_input(&request)
+                .unwrap_err()
+                .to_string()
+                .contains("unresolved authored import")
+        );
     }
 }
 
Diff in /Users/aron/master/css/crates/mastercss-project/src/manifest_graph.rs:2:
 use std::path::{Path, PathBuf};
 
 use mastercss_compiler::{
+    CompileCssStylesheetGraphInput, CompileCssStylesheetGraphRequest, CompileNativeCssOptions,
+    CompiledCssStylesheetGraph, CompilerError, CssImportGraphRequest, LowerCssDirectivesOptions,
     analyze_standalone_directives, compile_css_stylesheet_graph_input, lower_css_directives,
-    resolve_prepared_css_stylesheet_graph, CompileCssStylesheetGraphInput,
-    CompileCssStylesheetGraphRequest, CompileNativeCssOptions, CompiledCssStylesheetGraph,
-    CompilerError, CssImportGraphRequest, LowerCssDirectivesOptions,
+    resolve_prepared_css_stylesheet_graph,
 };
 use mastercss_schema::{CssDirectiveManifestInput, CssDirectiveStyleDefinition};
 use serde_json::Value;
