ℹ tsdown v0.23.0 powered by rolldown v1.2.7
ℹ config file: /private/var/folders/_b/768dhtz56ns54x1r867j67280000gn/T/master-0201-declarations-7anygk7y/candidate/shared/tsdown-package.config.ts 
ℹ entry: src/binding-options.ts, src/binding.ts, src/browser.ts, src/compiler-binding-adapter.ts, src/compiler-binding-browser.ts, src/compiler-binding-contract.ts, src/compiler-binding-node.ts, src/compiler-binding-wasm.ts, src/compiler-binding.ts, src/compiler-browser.ts, src/compiler.ts, src/engine-binding-adapter.ts, src/engine-binding-browser.ts, src/engine-binding-node.ts, src/engine-binding-wasm.ts, src/engine-binding.ts, src/engine-browser.ts, src/engine-contract.ts, src/engine.ts, src/errors.ts, src/index.ts, src/native-loader.ts, src/normalize-error.ts, src/protocol.ts, src/tooling-binding-adapter.ts, src/tooling-binding-browser.ts, src/tooling-binding-contract.ts, src/tooling-binding-native.ts, src/tooling-binding-node.ts, src/tooling-binding-wasm.ts, src/tooling-binding.ts, src/tooling-browser.ts, src/tooling.ts, src/version.ts
ℹ target: node24.0.0
ℹ tsconfig: tsconfig.prod.json
ℹ Build start
TypeScript 7.0 does not yet have a stable API and is experimental. Some options will be unavailable.
ℹ dist/native-loader.js                 7.82 kB │ gzip: 2.12 kB
ℹ dist/tooling.js                       7.27 kB │ gzip: 1.47 kB
ℹ dist/tooling-binding-wasm.js          6.91 kB │ gzip: 1.38 kB
ℹ dist/compiler-binding-adapter.js      4.13 kB │ gzip: 1.12 kB
ℹ dist/compiler.js                      3.87 kB │ gzip: 1.04 kB
ℹ dist/compiler-binding-wasm.js         3.31 kB │ gzip: 0.94 kB
ℹ dist/engine.js                        3.04 kB │ gzip: 0.86 kB
ℹ dist/normalize-error.js               2.81 kB │ gzip: 0.96 kB
ℹ dist/tooling-binding-native.js        2.67 kB │ gzip: 0.59 kB
ℹ dist/engine-binding-wasm.js           2.60 kB │ gzip: 0.77 kB
ℹ dist/engine-binding-adapter.js        2.18 kB │ gzip: 0.66 kB
ℹ dist/compiler-binding.js              1.99 kB │ gzip: 0.70 kB
ℹ dist/engine-binding.js                1.80 kB │ gzip: 0.49 kB
ℹ dist/binding.js                       1.61 kB │ gzip: 0.67 kB
ℹ dist/compiler-binding-browser.js      1.56 kB │ gzip: 0.52 kB
ℹ dist/engine-binding-browser.js        1.38 kB │ gzip: 0.49 kB
ℹ dist/tooling-binding.js               1.32 kB │ gzip: 0.48 kB
ℹ dist/tooling-binding-browser.js       1.08 kB │ gzip: 0.44 kB
ℹ dist/tooling-binding-adapter.js       1.00 kB │ gzip: 0.47 kB
ℹ dist/engine-binding-node.js           0.97 kB │ gzip: 0.33 kB
ℹ dist/protocol.js                      0.84 kB │ gzip: 0.24 kB
ℹ dist/tooling-browser.js               0.76 kB │ gzip: 0.35 kB
ℹ dist/compiler-binding-node.js         0.72 kB │ gzip: 0.35 kB
ℹ dist/engine-browser.js                0.70 kB │ gzip: 0.35 kB
ℹ dist/binding-options.js               0.60 kB │ gzip: 0.36 kB
ℹ dist/compiler-browser.js              0.51 kB │ gzip: 0.33 kB
ℹ dist/tooling-binding-node.js          0.41 kB │ gzip: 0.23 kB
ℹ dist/browser.js                       0.39 kB │ gzip: 0.17 kB
ℹ dist/index.js                         0.39 kB │ gzip: 0.17 kB
ℹ dist/errors.js                        0.25 kB │ gzip: 0.17 kB
ℹ dist/version.js                       0.12 kB │ gzip: 0.11 kB
ℹ dist/compiler-binding-contract.js     0.01 kB │ gzip: 0.03 kB
ℹ dist/engine-contract.js               0.01 kB │ gzip: 0.03 kB
ℹ dist/tooling-binding-contract.js      0.01 kB │ gzip: 0.03 kB
ℹ dist/protocol.d.ts                   31.05 kB │ gzip: 5.89 kB
ℹ dist/native-loader.d.ts               8.23 kB │ gzip: 1.72 kB
ℹ dist/tooling-binding-contract.d.ts    7.71 kB │ gzip: 1.32 kB
ℹ dist/tooling.d.ts                     5.15 kB │ gzip: 0.96 kB
ℹ dist/compiler-binding-contract.d.ts   4.69 kB │ gzip: 1.07 kB
ℹ dist/tooling-browser.d.ts             4.68 kB │ gzip: 0.88 kB
ℹ dist/compiler-binding-browser.d.ts    3.29 kB │ gzip: 0.67 kB
ℹ dist/compiler-binding.d.ts            3.28 kB │ gzip: 0.67 kB
ℹ dist/tooling-binding-wasm.d.ts        3.25 kB │ gzip: 0.81 kB
ℹ dist/compiler.d.ts                    2.84 kB │ gzip: 0.68 kB
ℹ dist/tooling-binding-browser.d.ts     2.76 kB │ gzip: 0.62 kB
ℹ dist/tooling-binding.d.ts             2.75 kB │ gzip: 0.62 kB
ℹ dist/compiler-browser.d.ts            2.56 kB │ gzip: 0.61 kB
ℹ dist/engine-binding.d.ts              2.45 kB │ gzip: 0.61 kB
ℹ dist/compiler-binding-wasm.d.ts       2.40 kB │ gzip: 0.68 kB
ℹ dist/engine-binding-wasm.d.ts         2.34 kB │ gzip: 0.64 kB
ℹ dist/compiler-binding-adapter.d.ts    2.27 kB │ gzip: 0.52 kB
ℹ dist/compiler-binding-node.d.ts       2.06 kB │ gzip: 0.51 kB
ℹ dist/engine-browser.d.ts              1.91 kB │ gzip: 0.46 kB
ℹ dist/engine.d.ts                      1.90 kB │ gzip: 0.45 kB
ℹ dist/engine-contract.d.ts             1.74 kB │ gzip: 0.52 kB
ℹ dist/engine-binding-node.d.ts         1.10 kB │ gzip: 0.26 kB
ℹ dist/tooling-binding-node.d.ts        1.05 kB │ gzip: 0.29 kB
ℹ dist/index.d.ts                       0.96 kB │ gzip: 0.28 kB
ℹ dist/engine-binding-browser.d.ts      0.93 kB │ gzip: 0.26 kB
ℹ dist/binding-options.d.ts             0.84 kB │ gzip: 0.34 kB
ℹ dist/normalize-error.d.ts             0.75 kB │ gzip: 0.31 kB
ℹ dist/browser.d.ts                     0.71 kB │ gzip: 0.24 kB
ℹ dist/binding.d.ts                     0.68 kB │ gzip: 0.33 kB
ℹ dist/engine-binding-adapter.d.ts      0.58 kB │ gzip: 0.21 kB
ℹ dist/tooling-binding-native.d.ts      0.54 kB │ gzip: 0.23 kB
ℹ dist/errors.d.ts                      0.34 kB │ gzip: 0.23 kB
ℹ dist/tooling-binding-adapter.d.ts     0.27 kB │ gzip: 0.17 kB
ℹ dist/version.d.ts                     0.13 kB │ gzip: 0.12 kB
ℹ 68 files, total: 173.27 kB
✔ Build complete in 128ms
