ℹ tsdown v0.23.0 powered by rolldown v1.2.7
ℹ config file: /private/var/folders/_b/768dhtz56ns54x1r867j67280000gn/T/master-0201-declarations-2v3vouni/bundled/shared/tsdown-package.config.ts 
ℹ entry: src/index.ts, src/browser.ts, src/engine-binding.ts, src/engine-binding-browser.ts, src/engine-binding-node.ts, src/compiler-binding.ts, src/compiler-binding-browser.ts, src/compiler-binding-node.ts, src/tooling-binding.ts, src/tooling-binding-browser.ts, src/tooling-binding-node.ts
ℹ target: node24.0.0
ℹ tsconfig: tsconfig.prod.json
ℹ Build start
ℹ Cleaning 44 files
TypeScript 7.0 does not yet have a stable API and is experimental. Some options will be unavailable.
ℹ dist/compiler-binding.js              1.99 kB │ gzip: 0.70 kB
ℹ dist/engine-binding.js                1.80 kB │ gzip: 0.49 kB
ℹ dist/compiler-binding-browser.js      1.56 kB │ gzip: 0.52 kB
ℹ dist/engine-binding-browser.js        1.38 kB │ gzip: 0.49 kB
ℹ dist/tooling-binding.js               1.32 kB │ gzip: 0.47 kB
ℹ dist/tooling-binding-browser.js       1.08 kB │ gzip: 0.44 kB
ℹ dist/engine-binding-node.js           0.97 kB │ gzip: 0.33 kB
ℹ dist/compiler-binding-node.js         0.72 kB │ gzip: 0.35 kB
ℹ dist/tooling-binding-node.js          0.41 kB │ gzip: 0.23 kB
ℹ dist/browser.js                       0.39 kB │ gzip: 0.17 kB
ℹ dist/index.js                         0.39 kB │ gzip: 0.17 kB
ℹ dist/tooling.js                       6.92 kB │ gzip: 1.40 kB
ℹ dist/tooling-binding-wasm.js          6.91 kB │ gzip: 1.38 kB
ℹ dist/native-loader.js                 5.05 kB │ gzip: 1.70 kB
ℹ dist/compiler-binding-adapter.js      4.13 kB │ gzip: 1.12 kB
ℹ dist/compiler.js                      3.87 kB │ gzip: 1.04 kB
ℹ dist/compiler-binding-wasm.js         3.31 kB │ gzip: 0.94 kB
ℹ dist/engine.js                        3.04 kB │ gzip: 0.86 kB
ℹ dist/normalize-error.js               2.81 kB │ gzip: 0.96 kB
ℹ dist/tooling-binding-native.js        2.67 kB │ gzip: 0.59 kB
ℹ dist/engine-binding-wasm.js           2.60 kB │ gzip: 0.77 kB
ℹ dist/engine-binding-adapter.js        2.18 kB │ gzip: 0.66 kB
ℹ dist/binding.js                       1.61 kB │ gzip: 0.67 kB
ℹ dist/tooling-binding-adapter.js       1.00 kB │ gzip: 0.47 kB
ℹ dist/protocol.js                      0.84 kB │ gzip: 0.24 kB
ℹ dist/binding-options.js               0.60 kB │ gzip: 0.36 kB
ℹ dist/errors.js                        0.25 kB │ gzip: 0.17 kB
ℹ dist/version.js                       0.12 kB │ gzip: 0.11 kB
ℹ dist/compiler-binding-browser.d.ts    3.01 kB │ gzip: 0.64 kB
ℹ dist/compiler-binding.d.ts            3.00 kB │ gzip: 0.63 kB
ℹ dist/tooling-binding-browser.d.ts     2.68 kB │ gzip: 0.61 kB
ℹ dist/tooling-binding.d.ts             2.67 kB │ gzip: 0.61 kB
ℹ dist/engine-binding.d.ts              2.38 kB │ gzip: 0.60 kB
ℹ dist/compiler-binding-node.d.ts       1.95 kB │ gzip: 0.50 kB
ℹ dist/engine-binding-browser.d.ts      0.97 kB │ gzip: 0.27 kB
ℹ dist/index.d.ts                       0.96 kB │ gzip: 0.28 kB
ℹ dist/tooling-binding-node.d.ts        0.91 kB │ gzip: 0.27 kB
ℹ dist/engine-binding-node.d.ts         0.84 kB │ gzip: 0.24 kB
ℹ dist/browser.d.ts                     0.71 kB │ gzip: 0.24 kB
ℹ dist/protocol.d.ts                   30.28 kB │ gzip: 5.66 kB
ℹ dist/tooling-binding-contract.d.ts    7.71 kB │ gzip: 1.32 kB
ℹ dist/compiler-binding-contract.d.ts   4.69 kB │ gzip: 1.07 kB
ℹ dist/binding.d.ts                     0.68 kB │ gzip: 0.33 kB
ℹ dist/binding-options.d.ts             0.63 kB │ gzip: 0.28 kB
ℹ 44 files, total: 124.04 kB
✔ Build complete in 129ms
