ℹ tsdown v0.23.0 powered by rolldown v1.2.7
ℹ config file: /private/var/folders/_b/768dhtz56ns54x1r867j67280000gn/T/master-package-declarations-65gwfv54/tooling/shared/tsdown-package.config.ts 
ℹ entry: src/browser.ts, src/builtins.ts, src/css.ts, src/host.ts, src/immutable.ts, src/index.ts, src/node.ts, src/tooling-session.ts, src/language/binding-session.ts, src/language/browser.ts, src/language/common.ts, src/language/contracts.ts, src/language/index.ts, src/language/master-css.ts, src/language/node.ts, src/language/session.ts, src/language/settings.ts, src/scanner/binding-session.ts, src/scanner/core.ts, src/scanner/index.ts, src/scanner/node.ts, src/lint/analysis.ts, src/lint/binding-session.ts, src/lint/constants.ts, src/lint/contracts.ts, src/lint/diagnostic-format.ts, src/lint/diagnostics.ts, src/lint/index.ts, src/lint/node.ts, src/lint/rule-signatures.ts, src/lint/source.ts, src/lexer/browser.ts, src/lexer/contracts.ts, src/lexer/index.ts, src/lexer/node.ts, src/lexer/session.ts, src/source/browser.ts, src/source/contracts.ts, src/source/index.ts, src/source/native.ts, src/source/node.ts, src/source/session.ts, src/validator/binding-session.ts, src/validator/contracts.ts, src/validator/index.ts, src/validator/node.ts, src/language/semantic/scopes.ts, src/language/semantic/types.ts, src/language/utils/mdn-css-data.ts, src/scanner/options/index.ts, src/source/adapters/optional-peer.ts, src/source/adapters/oxc.ts, src/source/adapters/svelte.ts, src/source/adapters/types.ts, src/source/adapters/vue.ts, src/validator/types/syntax-error.ts
ℹ target: node24.0.0
ℹ tsconfig: tsconfig.prod.json
ℹ Build start
TypeScript 7.0 does not yet have a stable API and is experimental. Some options will be unavailable.
ℹ dist/scanner/core.js                     11.86 kB │ gzip: 3.23 kB
ℹ dist/lint/source.js                      10.16 kB │ gzip: 2.96 kB
ℹ dist/builtins.js                          7.98 kB │ gzip: 1.61 kB
ℹ dist/tooling-session.js                   6.37 kB │ gzip: 1.51 kB
ℹ dist/language/semantic/scopes.js          4.16 kB │ gzip: 0.95 kB
ℹ dist/lint/binding-session.js              3.82 kB │ gzip: 1.11 kB
ℹ dist/css.js                               3.70 kB │ gzip: 0.92 kB
ℹ dist/language/session.js                  2.94 kB │ gzip: 0.97 kB
ℹ dist/source/adapters/svelte.js            2.75 kB │ gzip: 0.93 kB
ℹ dist/scanner/binding-session.js           2.62 kB │ gzip: 0.81 kB
ℹ dist/language/index.js                    2.45 kB │ gzip: 0.76 kB
ℹ dist/language/utils/mdn-css-data.js       2.44 kB │ gzip: 0.91 kB
ℹ dist/source/adapters/vue.js               1.63 kB │ gzip: 0.64 kB
ℹ dist/language/common.js                   1.57 kB │ gzip: 0.61 kB
ℹ dist/source/session.js                    1.53 kB │ gzip: 0.64 kB
ℹ dist/node.js                              1.43 kB │ gzip: 0.43 kB
ℹ dist/lint/rule-signatures.js              1.35 kB │ gzip: 0.54 kB
ℹ dist/scanner/options/index.js             1.33 kB │ gzip: 0.46 kB
ℹ dist/language/node.js                     1.21 kB │ gzip: 0.43 kB
ℹ dist/source/adapters/optional-peer.js     1.12 kB │ gzip: 0.49 kB
ℹ dist/lint/index.js                        1.08 kB │ gzip: 0.42 kB
ℹ dist/language/master-css.js               0.97 kB │ gzip: 0.50 kB
ℹ dist/validator/binding-session.js         0.89 kB │ gzip: 0.42 kB
ℹ dist/lexer/session.js                     0.81 kB │ gzip: 0.43 kB
ℹ dist/source/native.js                     0.75 kB │ gzip: 0.25 kB
ℹ dist/host.js                              0.74 kB │ gzip: 0.40 kB
ℹ dist/language/browser.js                  0.62 kB │ gzip: 0.30 kB
ℹ dist/language/settings.js                 0.61 kB │ gzip: 0.30 kB
ℹ dist/lint/diagnostic-format.js            0.56 kB │ gzip: 0.27 kB
ℹ dist/lint/constants.js                    0.51 kB │ gzip: 0.29 kB
ℹ dist/language/binding-session.js          0.46 kB │ gzip: 0.24 kB
ℹ dist/lexer/browser.js                     0.45 kB │ gzip: 0.25 kB
ℹ dist/lint/contracts.js                    0.44 kB │ gzip: 0.24 kB
ℹ dist/source/browser.js                    0.42 kB │ gzip: 0.25 kB
ℹ dist/validator/index.js                   0.34 kB │ gzip: 0.21 kB
ℹ dist/validator/node.js                    0.34 kB │ gzip: 0.20 kB
ℹ dist/lexer/index.js                       0.33 kB │ gzip: 0.21 kB
ℹ dist/source/adapters/types.js             0.33 kB │ gzip: 0.18 kB
ℹ dist/lexer/node.js                        0.32 kB │ gzip: 0.20 kB
ℹ dist/source/index.js                      0.32 kB │ gzip: 0.20 kB
ℹ dist/lint/node.js                         0.32 kB │ gzip: 0.20 kB
ℹ dist/source/node.js                       0.31 kB │ gzip: 0.19 kB
ℹ dist/immutable.js                         0.30 kB │ gzip: 0.20 kB
ℹ dist/source/adapters/oxc.js               0.23 kB │ gzip: 0.15 kB
ℹ dist/scanner/index.js                     0.19 kB │ gzip: 0.12 kB
ℹ dist/scanner/node.js                      0.19 kB │ gzip: 0.12 kB
ℹ dist/browser.js                           0.14 kB │ gzip: 0.09 kB
ℹ dist/index.js                             0.14 kB │ gzip: 0.09 kB
ℹ dist/language/contracts.js                0.01 kB │ gzip: 0.03 kB
ℹ dist/language/semantic/types.js           0.01 kB │ gzip: 0.03 kB
ℹ dist/lexer/contracts.js                   0.01 kB │ gzip: 0.03 kB
ℹ dist/lint/analysis.js                     0.01 kB │ gzip: 0.03 kB
ℹ dist/lint/diagnostics.js                  0.01 kB │ gzip: 0.03 kB
ℹ dist/source/contracts.js                  0.01 kB │ gzip: 0.03 kB
ℹ dist/validator/contracts.js               0.01 kB │ gzip: 0.03 kB
ℹ dist/validator/types/syntax-error.js      0.01 kB │ gzip: 0.03 kB
ℹ dist/language/semantic/scopes.d.ts        5.75 kB │ gzip: 1.11 kB
ℹ dist/language/contracts.d.ts              5.54 kB │ gzip: 1.15 kB
ℹ dist/language/index.d.ts                  4.52 kB │ gzip: 1.08 kB
ℹ dist/tooling-session.d.ts                 4.46 kB │ gzip: 1.12 kB
ℹ dist/scanner/core.d.ts                    4.39 kB │ gzip: 1.38 kB
ℹ dist/lint/index.d.ts                      4.13 kB │ gzip: 0.86 kB
ℹ dist/lint/source.d.ts                     3.68 kB │ gzip: 1.01 kB
ℹ dist/lint/analysis.d.ts                   2.98 kB │ gzip: 0.68 kB
ℹ dist/scanner/binding-session.d.ts         2.56 kB │ gzip: 0.74 kB
ℹ dist/lint/diagnostics.d.ts                2.19 kB │ gzip: 0.63 kB
ℹ dist/language/common.d.ts                 1.98 kB │ gzip: 0.66 kB
ℹ dist/lint/binding-session.d.ts            1.93 kB │ gzip: 0.59 kB
ℹ dist/language/session.d.ts                1.78 kB │ gzip: 0.51 kB
ℹ dist/lexer/contracts.d.ts                 1.55 kB │ gzip: 0.41 kB
ℹ dist/source/session.d.ts                  1.38 kB │ gzip: 0.51 kB
ℹ dist/language/node.d.ts                   1.29 kB │ gzip: 0.45 kB
ℹ dist/lint/contracts.d.ts                  1.23 kB │ gzip: 0.45 kB
ℹ dist/css.d.ts                             1.17 kB │ gzip: 0.41 kB
ℹ dist/source/contracts.d.ts                1.13 kB │ gzip: 0.38 kB
ℹ dist/lexer/index.d.ts                     1.04 kB │ gzip: 0.33 kB
ℹ dist/language/semantic/types.d.ts         0.94 kB │ gzip: 0.41 kB
ℹ dist/source/index.d.ts                    0.93 kB │ gzip: 0.32 kB
ℹ dist/validator/binding-session.d.ts       0.90 kB │ gzip: 0.39 kB
ℹ dist/lexer/session.d.ts                   0.84 kB │ gzip: 0.38 kB
ℹ dist/lint/rule-signatures.d.ts            0.82 kB │ gzip: 0.28 kB
ℹ dist/language/browser.d.ts                0.76 kB │ gzip: 0.32 kB
ℹ dist/language/master-css.d.ts             0.74 kB │ gzip: 0.31 kB
ℹ dist/scanner/options/index.d.ts           0.69 kB │ gzip: 0.31 kB
ℹ dist/index.d.ts                           0.67 kB │ gzip: 0.21 kB
ℹ dist/builtins.d.ts                        0.65 kB │ gzip: 0.24 kB
ℹ dist/validator/index.d.ts                 0.63 kB │ gzip: 0.27 kB
ℹ dist/language/settings.d.ts               0.59 kB │ gzip: 0.31 kB
ℹ dist/node.d.ts                            0.57 kB │ gzip: 0.25 kB
ℹ dist/source/native.d.ts                   0.50 kB │ gzip: 0.17 kB
ℹ dist/validator/contracts.d.ts             0.48 kB │ gzip: 0.24 kB
ℹ dist/language/binding-session.d.ts        0.47 kB │ gzip: 0.25 kB
ℹ dist/source/browser.d.ts                  0.47 kB │ gzip: 0.25 kB
ℹ dist/source/adapters/optional-peer.d.ts   0.47 kB │ gzip: 0.23 kB
ℹ dist/validator/types/syntax-error.d.ts    0.46 kB │ gzip: 0.23 kB
ℹ dist/language/utils/mdn-css-data.d.ts     0.44 kB │ gzip: 0.19 kB
ℹ dist/source/adapters/types.d.ts           0.43 kB │ gzip: 0.23 kB
ℹ dist/lexer/browser.d.ts                   0.41 kB │ gzip: 0.23 kB
ℹ dist/lexer/node.d.ts                      0.40 kB │ gzip: 0.21 kB
ℹ dist/source/node.d.ts                     0.39 kB │ gzip: 0.21 kB
ℹ dist/lint/diagnostic-format.d.ts          0.39 kB │ gzip: 0.18 kB
ℹ dist/scanner/index.d.ts                   0.37 kB │ gzip: 0.15 kB
ℹ dist/scanner/node.d.ts                    0.37 kB │ gzip: 0.15 kB
ℹ dist/source/adapters/svelte.d.ts          0.35 kB │ gzip: 0.22 kB
ℹ dist/validator/node.d.ts                  0.33 kB │ gzip: 0.22 kB
ℹ dist/host.d.ts                            0.33 kB │ gzip: 0.18 kB
ℹ dist/source/adapters/vue.d.ts             0.33 kB │ gzip: 0.21 kB
ℹ dist/lint/node.d.ts                       0.31 kB │ gzip: 0.21 kB
ℹ dist/lint/constants.d.ts                  0.29 kB │ gzip: 0.17 kB
ℹ dist/browser.d.ts                         0.21 kB │ gzip: 0.11 kB
ℹ dist/source/adapters/oxc.d.ts             0.16 kB │ gzip: 0.14 kB
ℹ dist/immutable.d.ts                       0.14 kB │ gzip: 0.13 kB
ℹ 112 files, total: 158.51 kB
✔ Build complete in 157ms
