{
  "original": {
    "version": 2,
    "code": "compose-quoted-syntax",
    "domain": "compiler",
    "severity": "error",
    "message": "@compose only accepts unquoted class lists",
    "source": "/Users/aron/master/css/packages/language-server/tests/fixtures/invalid-manifest/index.css",
    "range": {
      "start": {
        "line": 3,
        "character": 11
      },
      "end": {
        "line": 3,
        "character": 18
      }
    }
  },
  "actual": {
    "range": {
      "start": {
        "line": 0,
        "character": 0
      },
      "end": {
        "line": 0,
        "character": 0
      }
    },
    "severity": 1,
    "code": "compose-quoted-syntax",
    "source": "Master CSS",
    "message": "Failed to load Master CSS manifest: @compose only accepts unquoted class lists"
  },
  "fallback": {
    "range": {
      "start": {
        "line": 0,
        "character": 0
      },
      "end": {
        "line": 0,
        "character": 0
      }
    },
    "severity": 1,
    "code": "manifest-loading-error",
    "source": "Master CSS",
    "message": "Failed to load Master CSS manifest: Unstructured loading control"
  },
  "assertions": "structured code preserved; generic fallback retained",
  "scope": "Delivered Node package; read-only existing fixture; no LSP transport listener or foreign server"
}
