(!) Your Vite config uses features that are unsupported by `configLoader: 'native'`, which is planned to become the default in a future major version of Vite:
  - import "../../shared/vitest.config" without a file extension (vitest.config.ts:3:20). Add the file extension
  - import "./vitest-ci-config" without a file extension (../../shared/vitest.config.ts:2:58). Add the file extension
Set `VITE_CONFIG_NATIVE_IGNORE_WARNING=true` to suppress this warning.

 RUN  v5.0.0 /Users/aron/master/css/packages/compiler

 ❯ tests/bug-hunt-legacy-project-graphs.test.ts (13 tests | 1 failed) 50ms
   × Node project merges prior entries while resolving child-owned references and policies 8ms

⎯⎯⎯⎯⎯⎯⎯ Failed Tests 1 ⎯⎯⎯⎯⎯⎯⎯

 FAIL  tests/bug-hunt-legacy-project-graphs.test.ts > Node project merges prior entries while resolving child-owned references and policies
AssertionError: expected [] to include 'paint'
 ❯ tests/bug-hunt-legacy-project-graphs.test.ts:43:46
     41|     expect(result.css).toMatch(/color:\s*(?:red|#f00)/)
     42|     expect(result.css).toContain('@layer cards')
     43|     expect(result.extractionPolicy.safelist).toContain('paint')
       |                                              ^
     44|     expect(result.extractionPolicy.include).toContain('./index.html')
     45|     expect(result.dependencies).toEqual(expect.arrayContaining([first,…

⎯⎯⎯⎯⎯⎯⎯⎯⎯⎯⎯⎯⎯⎯⎯⎯⎯⎯⎯⎯⎯⎯⎯⎯[1/1]⎯


 Test Files  1 failed | 2 passed (3)
      Tests  1 failed | 20 passed (21)
   Start at  23:41:07
   Duration  535ms (tests 70%, transform 23%, import 5%, worker 1%)

