{"browser":"chromium","media":"screen","qualifier":"","compose":false,"values":{"authored":[{"padding":"32px","margin":"0px"},{"padding":"48px","margin":"1px"}],"compiled":[{"padding":"32px","margin":"0px"},{"padding":"48px","margin":"1px"}]},"pass":true}
{"browser":"chromium","media":"print","qualifier":"","compose":false,"values":{"authored":[{"padding":"32px","margin":"0px"},{"padding":"48px","margin":"1px"}],"compiled":[{"padding":"32px","margin":"0px"},{"padding":"48px","margin":"1px"}]},"pass":true}
{"browser":"chromium","media":"screen","qualifier":"","compose":true,"values":{"authored":[{"padding":"32px","margin":"0px"},{"padding":"48px","margin":"1px"}],"compiled":[{"padding":"32px","margin":"0px"},{"padding":"48px","margin":"1px"}]},"pass":true}
{"browser":"chromium","media":"print","qualifier":"","compose":true,"values":{"authored":[{"padding":"32px","margin":"0px"},{"padding":"48px","margin":"1px"}],"compiled":[{"padding":"32px","margin":"0px"},{"padding":"48px","margin":"1px"}]},"pass":true}
{"browser":"chromium","media":"screen","qualifier":" layer","compose":false,"values":{"authored":[{"padding":"32px","margin":"0px"},{"padding":"48px","margin":"1px"}],"compiled":[{"padding":"32px","margin":"0px"},{"padding":"48px","margin":"1px"}]},"pass":true}
{"browser":"chromium","media":"print","qualifier":" layer","compose":false,"values":{"authored":[{"padding":"32px","margin":"0px"},{"padding":"48px","margin":"1px"}],"compiled":[{"padding":"32px","margin":"0px"},{"padding":"48px","margin":"1px"}]},"pass":true}
{"browser":"chromium","media":"screen","qualifier":" layer","compose":true,"values":{"authored":[{"padding":"32px","margin":"0px"},{"padding":"48px","margin":"1px"}],"compiled":[{"padding":"32px","margin":"0px"},{"padding":"48px","margin":"1px"}]},"pass":true}
{"browser":"chromium","media":"print","qualifier":" layer","compose":true,"values":{"authored":[{"padding":"32px","margin":"0px"},{"padding":"48px","margin":"1px"}],"compiled":[{"padding":"32px","margin":"0px"},{"padding":"48px","margin":"1px"}]},"pass":true}
{"browser":"chromium","media":"screen","qualifier":" layer(cards)","compose":false,"values":{"authored":[{"padding":"32px","margin":"0px"},{"padding":"48px","margin":"1px"}],"compiled":[{"padding":"32px","margin":"0px"},{"padding":"48px","margin":"1px"}]},"pass":true}
{"browser":"chromium","media":"print","qualifier":" layer(cards)","compose":false,"values":{"authored":[{"padding":"32px","margin":"0px"},{"padding":"48px","margin":"1px"}],"compiled":[{"padding":"32px","margin":"0px"},{"padding":"48px","margin":"1px"}]},"pass":true}
{"browser":"chromium","media":"screen","qualifier":" layer(cards)","compose":true,"values":{"authored":[{"padding":"32px","margin":"0px"},{"padding":"48px","margin":"1px"}],"compiled":[{"padding":"32px","margin":"0px"},{"padding":"48px","margin":"1px"}]},"pass":true}
{"browser":"chromium","media":"print","qualifier":" layer(cards)","compose":true,"values":{"authored":[{"padding":"32px","margin":"0px"},{"padding":"48px","margin":"1px"}],"compiled":[{"padding":"32px","margin":"0px"},{"padding":"48px","margin":"1px"}]},"pass":true}
{"browser":"chromium","media":"screen","qualifier":" supports(display:grid)","compose":false,"values":{"authored":[{"padding":"32px","margin":"0px"},{"padding":"48px","margin":"1px"}],"compiled":[{"padding":"32px","margin":"0px"},{"padding":"48px","margin":"1px"}]},"pass":true}
{"browser":"chromium","media":"print","qualifier":" supports(display:grid)","compose":false,"values":{"authored":[{"padding":"32px","margin":"0px"},{"padding":"48px","margin":"1px"}],"compiled":[{"padding":"32px","margin":"0px"},{"padding":"48px","margin":"1px"}]},"pass":true}
{"browser":"chromium","media":"screen","qualifier":" supports(display:grid)","compose":true,"values":{"authored":[{"padding":"32px","margin":"0px"},{"padding":"48px","margin":"1px"}],"compiled":[{"padding":"32px","margin":"0px"},{"padding":"48px","margin":"1px"}]},"pass":true}
{"browser":"chromium","media":"print","qualifier":" supports(display:grid)","compose":true,"values":{"authored":[{"padding":"32px","margin":"0px"},{"padding":"48px","margin":"1px"}],"compiled":[{"padding":"32px","margin":"0px"},{"padding":"48px","margin":"1px"}]},"pass":true}
{"browser":"chromium","media":"screen","qualifier":" print","compose":false,"values":{"authored":[{"padding":"0px","margin":"0px"},{"padding":"0px","margin":"1px"}],"compiled":[{"padding":"0px","margin":"0px"},{"padding":"0px","margin":"1px"}]},"pass":true}
{"browser":"chromium","media":"print","qualifier":" print","compose":false,"values":{"authored":[{"padding":"32px","margin":"0px"},{"padding":"48px","margin":"1px"}],"compiled":[{"padding":"32px","margin":"0px"},{"padding":"48px","margin":"1px"}]},"pass":true}
{"browser":"chromium","media":"screen","qualifier":" print","compose":true,"values":{"authored":[{"padding":"0px","margin":"0px"},{"padding":"0px","margin":"1px"}],"compiled":[{"padding":"0px","margin":"0px"},{"padding":"0px","margin":"1px"}]},"pass":true}
{"browser":"chromium","media":"print","qualifier":" print","compose":true,"values":{"authored":[{"padding":"32px","margin":"0px"},{"padding":"48px","margin":"1px"}],"compiled":[{"padding":"32px","margin":"0px"},{"padding":"48px","margin":"1px"}]},"pass":true}
{"browser":"chromium","media":"screen","qualifier":" layer(cards) supports(display:grid) print","compose":false,"values":{"authored":[{"padding":"0px","margin":"0px"},{"padding":"0px","margin":"1px"}],"compiled":[{"padding":"0px","margin":"0px"},{"padding":"0px","margin":"1px"}]},"pass":true}
{"browser":"chromium","media":"print","qualifier":" layer(cards) supports(display:grid) print","compose":false,"values":{"authored":[{"padding":"32px","margin":"0px"},{"padding":"48px","margin":"1px"}],"compiled":[{"padding":"32px","margin":"0px"},{"padding":"48px","margin":"1px"}]},"pass":true}
{"browser":"chromium","media":"screen","qualifier":" layer(cards) supports(display:grid) print","compose":true,"values":{"authored":[{"padding":"0px","margin":"0px"},{"padding":"0px","margin":"1px"}],"compiled":[{"padding":"0px","margin":"0px"},{"padding":"0px","margin":"1px"}]},"pass":true}
{"browser":"chromium","media":"print","qualifier":" layer(cards) supports(display:grid) print","compose":true,"values":{"authored":[{"padding":"32px","margin":"0px"},{"padding":"48px","margin":"1px"}],"compiled":[{"padding":"32px","margin":"0px"},{"padding":"48px","margin":"1px"}]},"pass":true}
{"browser":"firefox","media":"screen","qualifier":"","compose":false,"values":{"authored":[{"padding":"32px","margin":"0px"},{"padding":"48px","margin":"1px"}],"compiled":[{"padding":"32px","margin":"0px"},{"padding":"48px","margin":"1px"}]},"pass":true}
{"browser":"firefox","media":"print","qualifier":"","compose":false,"values":{"authored":[{"padding":"32px","margin":"0px"},{"padding":"48px","margin":"1px"}],"compiled":[{"padding":"32px","margin":"0px"},{"padding":"48px","margin":"1px"}]},"pass":true}
{"browser":"firefox","media":"screen","qualifier":"","compose":true,"values":{"authored":[{"padding":"32px","margin":"0px"},{"padding":"48px","margin":"1px"}],"compiled":[{"padding":"32px","margin":"0px"},{"padding":"48px","margin":"1px"}]},"pass":true}
{"browser":"firefox","media":"print","qualifier":"","compose":true,"values":{"authored":[{"padding":"32px","margin":"0px"},{"padding":"48px","margin":"1px"}],"compiled":[{"padding":"32px","margin":"0px"},{"padding":"48px","margin":"1px"}]},"pass":true}
{"browser":"firefox","media":"screen","qualifier":" layer","compose":false,"values":{"authored":[{"padding":"32px","margin":"0px"},{"padding":"48px","margin":"1px"}],"compiled":[{"padding":"32px","margin":"0px"},{"padding":"48px","margin":"1px"}]},"pass":true}
{"browser":"firefox","media":"print","qualifier":" layer","compose":false,"values":{"authored":[{"padding":"32px","margin":"0px"},{"padding":"48px","margin":"1px"}],"compiled":[{"padding":"32px","margin":"0px"},{"padding":"48px","margin":"1px"}]},"pass":true}
{"browser":"firefox","media":"screen","qualifier":" layer","compose":true,"values":{"authored":[{"padding":"32px","margin":"0px"},{"padding":"48px","margin":"1px"}],"compiled":[{"padding":"32px","margin":"0px"},{"padding":"48px","margin":"1px"}]},"pass":true}
{"browser":"firefox","media":"print","qualifier":" layer","compose":true,"values":{"authored":[{"padding":"32px","margin":"0px"},{"padding":"48px","margin":"1px"}],"compiled":[{"padding":"32px","margin":"0px"},{"padding":"48px","margin":"1px"}]},"pass":true}
{"browser":"firefox","media":"screen","qualifier":" layer(cards)","compose":false,"values":{"authored":[{"padding":"32px","margin":"0px"},{"padding":"48px","margin":"1px"}],"compiled":[{"padding":"32px","margin":"0px"},{"padding":"48px","margin":"1px"}]},"pass":true}
{"browser":"firefox","media":"print","qualifier":" layer(cards)","compose":false,"values":{"authored":[{"padding":"32px","margin":"0px"},{"padding":"48px","margin":"1px"}],"compiled":[{"padding":"32px","margin":"0px"},{"padding":"48px","margin":"1px"}]},"pass":true}
{"browser":"firefox","media":"screen","qualifier":" layer(cards)","compose":true,"values":{"authored":[{"padding":"32px","margin":"0px"},{"padding":"48px","margin":"1px"}],"compiled":[{"padding":"32px","margin":"0px"},{"padding":"48px","margin":"1px"}]},"pass":true}
{"browser":"firefox","media":"print","qualifier":" layer(cards)","compose":true,"values":{"authored":[{"padding":"32px","margin":"0px"},{"padding":"48px","margin":"1px"}],"compiled":[{"padding":"32px","margin":"0px"},{"padding":"48px","margin":"1px"}]},"pass":true}
{"browser":"firefox","media":"screen","qualifier":" supports(display:grid)","compose":false,"values":{"authored":[{"padding":"32px","margin":"0px"},{"padding":"48px","margin":"1px"}],"compiled":[{"padding":"32px","margin":"0px"},{"padding":"48px","margin":"1px"}]},"pass":true}
{"browser":"firefox","media":"print","qualifier":" supports(display:grid)","compose":false,"values":{"authored":[{"padding":"32px","margin":"0px"},{"padding":"48px","margin":"1px"}],"compiled":[{"padding":"32px","margin":"0px"},{"padding":"48px","margin":"1px"}]},"pass":true}
{"browser":"firefox","media":"screen","qualifier":" supports(display:grid)","compose":true,"values":{"authored":[{"padding":"32px","margin":"0px"},{"padding":"48px","margin":"1px"}],"compiled":[{"padding":"32px","margin":"0px"},{"padding":"48px","margin":"1px"}]},"pass":true}
{"browser":"firefox","media":"print","qualifier":" supports(display:grid)","compose":true,"values":{"authored":[{"padding":"32px","margin":"0px"},{"padding":"48px","margin":"1px"}],"compiled":[{"padding":"32px","margin":"0px"},{"padding":"48px","margin":"1px"}]},"pass":true}
{"browser":"firefox","media":"screen","qualifier":" print","compose":false,"values":{"authored":[{"padding":"0px","margin":"0px"},{"padding":"0px","margin":"1px"}],"compiled":[{"padding":"0px","margin":"0px"},{"padding":"0px","margin":"1px"}]},"pass":true}
{"browser":"firefox","media":"print","qualifier":" print","compose":false,"values":{"authored":[{"padding":"32px","margin":"0px"},{"padding":"48px","margin":"1px"}],"compiled":[{"padding":"32px","margin":"0px"},{"padding":"48px","margin":"1px"}]},"pass":true}
{"browser":"firefox","media":"screen","qualifier":" print","compose":true,"values":{"authored":[{"padding":"0px","margin":"0px"},{"padding":"0px","margin":"1px"}],"compiled":[{"padding":"0px","margin":"0px"},{"padding":"0px","margin":"1px"}]},"pass":true}
{"browser":"firefox","media":"print","qualifier":" print","compose":true,"values":{"authored":[{"padding":"32px","margin":"0px"},{"padding":"48px","margin":"1px"}],"compiled":[{"padding":"32px","margin":"0px"},{"padding":"48px","margin":"1px"}]},"pass":true}
{"browser":"firefox","media":"screen","qualifier":" layer(cards) supports(display:grid) print","compose":false,"values":{"authored":[{"padding":"0px","margin":"0px"},{"padding":"0px","margin":"1px"}],"compiled":[{"padding":"0px","margin":"0px"},{"padding":"0px","margin":"1px"}]},"pass":true}
{"browser":"firefox","media":"print","qualifier":" layer(cards) supports(display:grid) print","compose":false,"values":{"authored":[{"padding":"32px","margin":"0px"},{"padding":"48px","margin":"1px"}],"compiled":[{"padding":"32px","margin":"0px"},{"padding":"48px","margin":"1px"}]},"pass":true}
{"browser":"firefox","media":"screen","qualifier":" layer(cards) supports(display:grid) print","compose":true,"values":{"authored":[{"padding":"0px","margin":"0px"},{"padding":"0px","margin":"1px"}],"compiled":[{"padding":"0px","margin":"0px"},{"padding":"0px","margin":"1px"}]},"pass":true}
{"browser":"firefox","media":"print","qualifier":" layer(cards) supports(display:grid) print","compose":true,"values":{"authored":[{"padding":"32px","margin":"0px"},{"padding":"48px","margin":"1px"}],"compiled":[{"padding":"32px","margin":"0px"},{"padding":"48px","margin":"1px"}]},"pass":true}
{"browser":"webkit","media":"screen","qualifier":"","compose":false,"values":{"authored":[{"padding":"32px","margin":"0px"},{"padding":"48px","margin":"1px"}],"compiled":[{"padding":"32px","margin":"0px"},{"padding":"48px","margin":"1px"}]},"pass":true}
{"browser":"webkit","media":"print","qualifier":"","compose":false,"values":{"authored":[{"padding":"32px","margin":"0px"},{"padding":"48px","margin":"1px"}],"compiled":[{"padding":"32px","margin":"0px"},{"padding":"48px","margin":"1px"}]},"pass":true}
{"browser":"webkit","media":"screen","qualifier":"","compose":true,"values":{"authored":[{"padding":"32px","margin":"0px"},{"padding":"48px","margin":"1px"}],"compiled":[{"padding":"32px","margin":"0px"},{"padding":"48px","margin":"1px"}]},"pass":true}
{"browser":"webkit","media":"print","qualifier":"","compose":true,"values":{"authored":[{"padding":"32px","margin":"0px"},{"padding":"48px","margin":"1px"}],"compiled":[{"padding":"32px","margin":"0px"},{"padding":"48px","margin":"1px"}]},"pass":true}
{"browser":"webkit","media":"screen","qualifier":" layer","compose":false,"values":{"authored":[{"padding":"32px","margin":"0px"},{"padding":"48px","margin":"1px"}],"compiled":[{"padding":"32px","margin":"0px"},{"padding":"48px","margin":"1px"}]},"pass":true}
{"browser":"webkit","media":"print","qualifier":" layer","compose":false,"values":{"authored":[{"padding":"32px","margin":"0px"},{"padding":"48px","margin":"1px"}],"compiled":[{"padding":"32px","margin":"0px"},{"padding":"48px","margin":"1px"}]},"pass":true}
{"browser":"webkit","media":"screen","qualifier":" layer","compose":true,"values":{"authored":[{"padding":"32px","margin":"0px"},{"padding":"48px","margin":"1px"}],"compiled":[{"padding":"32px","margin":"0px"},{"padding":"48px","margin":"1px"}]},"pass":true}
{"browser":"webkit","media":"print","qualifier":" layer","compose":true,"values":{"authored":[{"padding":"32px","margin":"0px"},{"padding":"48px","margin":"1px"}],"compiled":[{"padding":"32px","margin":"0px"},{"padding":"48px","margin":"1px"}]},"pass":true}
{"browser":"webkit","media":"screen","qualifier":" layer(cards)","compose":false,"values":{"authored":[{"padding":"32px","margin":"0px"},{"padding":"48px","margin":"1px"}],"compiled":[{"padding":"32px","margin":"0px"},{"padding":"48px","margin":"1px"}]},"pass":true}
{"browser":"webkit","media":"print","qualifier":" layer(cards)","compose":false,"values":{"authored":[{"padding":"32px","margin":"0px"},{"padding":"48px","margin":"1px"}],"compiled":[{"padding":"32px","margin":"0px"},{"padding":"48px","margin":"1px"}]},"pass":true}
{"browser":"webkit","media":"screen","qualifier":" layer(cards)","compose":true,"values":{"authored":[{"padding":"32px","margin":"0px"},{"padding":"48px","margin":"1px"}],"compiled":[{"padding":"32px","margin":"0px"},{"padding":"48px","margin":"1px"}]},"pass":true}
{"browser":"webkit","media":"print","qualifier":" layer(cards)","compose":true,"values":{"authored":[{"padding":"32px","margin":"0px"},{"padding":"48px","margin":"1px"}],"compiled":[{"padding":"32px","margin":"0px"},{"padding":"48px","margin":"1px"}]},"pass":true}
{"browser":"webkit","media":"screen","qualifier":" supports(display:grid)","compose":false,"values":{"authored":[{"padding":"32px","margin":"0px"},{"padding":"48px","margin":"1px"}],"compiled":[{"padding":"32px","margin":"0px"},{"padding":"48px","margin":"1px"}]},"pass":true}
{"browser":"webkit","media":"print","qualifier":" supports(display:grid)","compose":false,"values":{"authored":[{"padding":"32px","margin":"0px"},{"padding":"48px","margin":"1px"}],"compiled":[{"padding":"32px","margin":"0px"},{"padding":"48px","margin":"1px"}]},"pass":true}
{"browser":"webkit","media":"screen","qualifier":" supports(display:grid)","compose":true,"values":{"authored":[{"padding":"32px","margin":"0px"},{"padding":"48px","margin":"1px"}],"compiled":[{"padding":"32px","margin":"0px"},{"padding":"48px","margin":"1px"}]},"pass":true}
{"browser":"webkit","media":"print","qualifier":" supports(display:grid)","compose":true,"values":{"authored":[{"padding":"32px","margin":"0px"},{"padding":"48px","margin":"1px"}],"compiled":[{"padding":"32px","margin":"0px"},{"padding":"48px","margin":"1px"}]},"pass":true}
{"browser":"webkit","media":"screen","qualifier":" print","compose":false,"values":{"authored":[{"padding":"0px","margin":"0px"},{"padding":"0px","margin":"1px"}],"compiled":[{"padding":"0px","margin":"0px"},{"padding":"0px","margin":"1px"}]},"pass":true}
{"browser":"webkit","media":"print","qualifier":" print","compose":false,"values":{"authored":[{"padding":"32px","margin":"0px"},{"padding":"48px","margin":"1px"}],"compiled":[{"padding":"32px","margin":"0px"},{"padding":"48px","margin":"1px"}]},"pass":true}
{"browser":"webkit","media":"screen","qualifier":" print","compose":true,"values":{"authored":[{"padding":"0px","margin":"0px"},{"padding":"0px","margin":"1px"}],"compiled":[{"padding":"0px","margin":"0px"},{"padding":"0px","margin":"1px"}]},"pass":true}
{"browser":"webkit","media":"print","qualifier":" print","compose":true,"values":{"authored":[{"padding":"32px","margin":"0px"},{"padding":"48px","margin":"1px"}],"compiled":[{"padding":"32px","margin":"0px"},{"padding":"48px","margin":"1px"}]},"pass":true}
{"browser":"webkit","media":"screen","qualifier":" layer(cards) supports(display:grid) print","compose":false,"values":{"authored":[{"padding":"0px","margin":"0px"},{"padding":"0px","margin":"1px"}],"compiled":[{"padding":"0px","margin":"0px"},{"padding":"0px","margin":"1px"}]},"pass":true}
{"browser":"webkit","media":"print","qualifier":" layer(cards) supports(display:grid) print","compose":false,"values":{"authored":[{"padding":"32px","margin":"0px"},{"padding":"48px","margin":"1px"}],"compiled":[{"padding":"32px","margin":"0px"},{"padding":"48px","margin":"1px"}]},"pass":true}
{"browser":"webkit","media":"screen","qualifier":" layer(cards) supports(display:grid) print","compose":true,"values":{"authored":[{"padding":"0px","margin":"0px"},{"padding":"0px","margin":"1px"}],"compiled":[{"padding":"0px","margin":"0px"},{"padding":"0px","margin":"1px"}]},"pass":true}
{"browser":"webkit","media":"print","qualifier":" layer(cards) supports(display:grid) print","compose":true,"values":{"authored":[{"padding":"32px","margin":"0px"},{"padding":"48px","margin":"1px"}],"compiled":[{"padding":"32px","margin":"0px"},{"padding":"48px","margin":"1px"}]},"pass":true}
{"compiled":12,"compileFailures":[],"comparisons":72,"scope":"Legacy Node multi-entry helper; 12 qualifier/compose cases, authored CSS comparisons in three browsers; not raw binding API closure"}
