{"id":"unqualified-false-false","pure":true,"qualifier":"","rootEntry":false,"external":false,"build":"PASS","dependencies":["entry.js",""]}
{"id":"unqualified-false-false","browser":"chromium","media":"screen","values":{"author":{"color":"rgb(255, 0, 0)","display":"block"},"built":{"color":"rgb(255, 0, 0)","display":"block"}},"missing":[],"errors":[],"remoteRequests":[],"result":"PASS"}
{"id":"unqualified-false-false","browser":"chromium","media":"print","values":{"author":{"color":"rgb(255, 0, 0)","display":"block"},"built":{"color":"rgb(255, 0, 0)","display":"block"}},"missing":[],"errors":[],"remoteRequests":[],"result":"PASS"}
{"id":"unqualified-false-false","browser":"firefox","media":"screen","values":{"author":{"color":"rgb(255, 0, 0)","display":"block"},"built":{"color":"rgb(255, 0, 0)","display":"block"}},"missing":[],"errors":[],"remoteRequests":[],"result":"PASS"}
{"id":"unqualified-false-false","browser":"firefox","media":"print","values":{"author":{"color":"rgb(255, 0, 0)","display":"block"},"built":{"color":"rgb(255, 0, 0)","display":"block"}},"missing":[],"errors":[],"remoteRequests":[],"result":"PASS"}
{"id":"unqualified-false-false","browser":"webkit","media":"screen","values":{"author":{"color":"rgb(255, 0, 0)","display":"block"},"built":{"color":"rgb(255, 0, 0)","display":"block"}},"missing":[],"errors":[],"remoteRequests":[],"result":"PASS"}
{"id":"unqualified-false-false","browser":"webkit","media":"print","values":{"author":{"color":"rgb(255, 0, 0)","display":"block"},"built":{"color":"rgb(255, 0, 0)","display":"block"}},"missing":[],"errors":[],"remoteRequests":[],"result":"PASS"}
{"id":"unqualified-false-false","assets":[{"file":"entry.css","css":".card{color:red}.root{display:block}"}]}
{"id":"unqualified-false-true","pure":true,"qualifier":"","rootEntry":false,"external":true,"build":"PASS","dependencies":["entry.js",""]}
{"id":"unqualified-false-true","browser":"chromium","media":"screen","values":{"author":{"color":"rgb(255, 0, 0)","display":"block"},"built":{"color":"rgb(255, 0, 0)","display":"block"}},"missing":[],"errors":[],"remoteRequests":[{"variant":"author","url":"https://external.invalid/font.css"},{"variant":"built","url":"https://external.invalid/font.css"}],"result":"PASS"}
{"id":"unqualified-false-true","browser":"chromium","media":"print","values":{"author":{"color":"rgb(255, 0, 0)","display":"block"},"built":{"color":"rgb(255, 0, 0)","display":"block"}},"missing":[],"errors":[],"remoteRequests":[{"variant":"author","url":"https://external.invalid/font.css"},{"variant":"built","url":"https://external.invalid/font.css"}],"result":"PASS"}
{"id":"unqualified-false-true","browser":"firefox","media":"screen","values":{"author":{"color":"rgb(255, 0, 0)","display":"block"},"built":{"color":"rgb(255, 0, 0)","display":"block"}},"missing":[],"errors":[],"remoteRequests":[{"variant":"author","url":"https://external.invalid/font.css"},{"variant":"author","url":"https://external.invalid/font.css"},{"variant":"built","url":"https://external.invalid/font.css"},{"variant":"built","url":"https://external.invalid/font.css"}],"result":"PASS"}
{"id":"unqualified-false-true","browser":"firefox","media":"print","values":{"author":{"color":"rgb(255, 0, 0)","display":"block"},"built":{"color":"rgb(255, 0, 0)","display":"block"}},"missing":[],"errors":[],"remoteRequests":[{"variant":"author","url":"https://external.invalid/font.css"},{"variant":"author","url":"https://external.invalid/font.css"},{"variant":"built","url":"https://external.invalid/font.css"},{"variant":"built","url":"https://external.invalid/font.css"}],"result":"PASS"}
{"id":"unqualified-false-true","browser":"webkit","media":"screen","values":{"author":{"color":"rgb(255, 0, 0)","display":"block"},"built":{"color":"rgb(255, 0, 0)","display":"block"}},"missing":[],"errors":[],"remoteRequests":[{"variant":"author","url":"https://external.invalid/font.css"},{"variant":"built","url":"https://external.invalid/font.css"}],"result":"PASS"}
{"id":"unqualified-false-true","browser":"webkit","media":"print","values":{"author":{"color":"rgb(255, 0, 0)","display":"block"},"built":{"color":"rgb(255, 0, 0)","display":"block"}},"missing":[],"errors":[],"remoteRequests":[{"variant":"author","url":"https://external.invalid/font.css"},{"variant":"built","url":"https://external.invalid/font.css"}],"result":"PASS"}
{"id":"unqualified-false-true","assets":[{"file":"entry.css","css":"@import url(https://external.invalid/font.css);.card{color:red}.root{display:block}"}]}
{"id":"unqualified-true-false","pure":true,"qualifier":"","rootEntry":true,"external":false,"build":"PASS","dependencies":["entry.js",""]}
{"id":"unqualified-true-false","browser":"chromium","media":"screen","values":{"author":{"color":"rgb(255, 0, 0)","display":"block"},"built":{"color":"rgb(255, 0, 0)","display":"block"}},"missing":[],"errors":[],"remoteRequests":[],"result":"PASS"}
{"id":"unqualified-true-false","browser":"chromium","media":"print","values":{"author":{"color":"rgb(255, 0, 0)","display":"block"},"built":{"color":"rgb(255, 0, 0)","display":"block"}},"missing":[],"errors":[],"remoteRequests":[],"result":"PASS"}
{"id":"unqualified-true-false","browser":"firefox","media":"screen","values":{"author":{"color":"rgb(255, 0, 0)","display":"block"},"built":{"color":"rgb(255, 0, 0)","display":"block"}},"missing":[],"errors":[],"remoteRequests":[],"result":"PASS"}
{"id":"unqualified-true-false","browser":"firefox","media":"print","values":{"author":{"color":"rgb(255, 0, 0)","display":"block"},"built":{"color":"rgb(255, 0, 0)","display":"block"}},"missing":[],"errors":[],"remoteRequests":[],"result":"PASS"}
{"id":"unqualified-true-false","browser":"webkit","media":"screen","values":{"author":{"color":"rgb(255, 0, 0)","display":"block"},"built":{"color":"rgb(255, 0, 0)","display":"block"}},"missing":[],"errors":[],"remoteRequests":[],"result":"PASS"}
{"id":"unqualified-true-false","browser":"webkit","media":"print","values":{"author":{"color":"rgb(255, 0, 0)","display":"block"},"built":{"color":"rgb(255, 0, 0)","display":"block"}},"missing":[],"errors":[],"remoteRequests":[],"result":"PASS"}
{"id":"unqualified-true-false","assets":[{"file":"entry.css","css":".card{color:red}.root{display:block}"}]}
{"id":"unqualified-true-true","pure":true,"qualifier":"","rootEntry":true,"external":true,"build":"PASS","dependencies":["entry.js",""]}
{"id":"unqualified-true-true","browser":"chromium","media":"screen","values":{"author":{"color":"rgb(255, 0, 0)","display":"block"},"built":{"color":"rgb(255, 0, 0)","display":"block"}},"missing":[],"errors":[],"remoteRequests":[{"variant":"author","url":"https://external.invalid/font.css"},{"variant":"built","url":"https://external.invalid/font.css"}],"result":"PASS"}
{"id":"unqualified-true-true","browser":"chromium","media":"print","values":{"author":{"color":"rgb(255, 0, 0)","display":"block"},"built":{"color":"rgb(255, 0, 0)","display":"block"}},"missing":[],"errors":[],"remoteRequests":[{"variant":"author","url":"https://external.invalid/font.css"},{"variant":"built","url":"https://external.invalid/font.css"}],"result":"PASS"}
{"id":"unqualified-true-true","browser":"firefox","media":"screen","values":{"author":{"color":"rgb(255, 0, 0)","display":"block"},"built":{"color":"rgb(255, 0, 0)","display":"block"}},"missing":[],"errors":[],"remoteRequests":[{"variant":"author","url":"https://external.invalid/font.css"},{"variant":"author","url":"https://external.invalid/font.css"},{"variant":"built","url":"https://external.invalid/font.css"},{"variant":"built","url":"https://external.invalid/font.css"}],"result":"PASS"}
{"id":"unqualified-true-true","browser":"firefox","media":"print","values":{"author":{"color":"rgb(255, 0, 0)","display":"block"},"built":{"color":"rgb(255, 0, 0)","display":"block"}},"missing":[],"errors":[],"remoteRequests":[{"variant":"author","url":"https://external.invalid/font.css"},{"variant":"author","url":"https://external.invalid/font.css"},{"variant":"built","url":"https://external.invalid/font.css"},{"variant":"built","url":"https://external.invalid/font.css"}],"result":"PASS"}
{"id":"unqualified-true-true","browser":"webkit","media":"screen","values":{"author":{"color":"rgb(255, 0, 0)","display":"block"},"built":{"color":"rgb(255, 0, 0)","display":"block"}},"missing":[],"errors":[],"remoteRequests":[{"variant":"author","url":"https://external.invalid/font.css"},{"variant":"built","url":"https://external.invalid/font.css"}],"result":"PASS"}
{"id":"unqualified-true-true","browser":"webkit","media":"print","values":{"author":{"color":"rgb(255, 0, 0)","display":"block"},"built":{"color":"rgb(255, 0, 0)","display":"block"}},"missing":[],"errors":[],"remoteRequests":[{"variant":"author","url":"https://external.invalid/font.css"},{"variant":"built","url":"https://external.invalid/font.css"}],"result":"PASS"}
{"id":"unqualified-true-true","assets":[{"file":"entry.css","css":"@import url(https://external.invalid/font.css);.card{color:red}.root{display:block}"}]}
{"id":" layer(cards)-false-false","pure":true,"qualifier":" layer(cards)","rootEntry":false,"external":false,"build":"PASS","dependencies":["entry.js",""]}
{"id":" layer(cards)-false-false","browser":"chromium","media":"screen","values":{"author":{"color":"rgb(255, 0, 0)","display":"block"},"built":{"color":"rgb(255, 0, 0)","display":"block"}},"missing":[],"errors":[],"remoteRequests":[],"result":"PASS"}
{"id":" layer(cards)-false-false","browser":"chromium","media":"print","values":{"author":{"color":"rgb(255, 0, 0)","display":"block"},"built":{"color":"rgb(255, 0, 0)","display":"block"}},"missing":[],"errors":[],"remoteRequests":[],"result":"PASS"}
{"id":" layer(cards)-false-false","browser":"firefox","media":"screen","values":{"author":{"color":"rgb(255, 0, 0)","display":"block"},"built":{"color":"rgb(255, 0, 0)","display":"block"}},"missing":[],"errors":[],"remoteRequests":[],"result":"PASS"}
{"id":" layer(cards)-false-false","browser":"firefox","media":"print","values":{"author":{"color":"rgb(255, 0, 0)","display":"block"},"built":{"color":"rgb(255, 0, 0)","display":"block"}},"missing":[],"errors":[],"remoteRequests":[],"result":"PASS"}
{"id":" layer(cards)-false-false","browser":"webkit","media":"screen","values":{"author":{"color":"rgb(255, 0, 0)","display":"block"},"built":{"color":"rgb(255, 0, 0)","display":"block"}},"missing":[],"errors":[],"remoteRequests":[],"result":"PASS"}
{"id":" layer(cards)-false-false","browser":"webkit","media":"print","values":{"author":{"color":"rgb(255, 0, 0)","display":"block"},"built":{"color":"rgb(255, 0, 0)","display":"block"}},"missing":[],"errors":[],"remoteRequests":[],"result":"PASS"}
{"id":" layer(cards)-false-false","assets":[{"file":"entry.css","css":"@layer cards{.card{color:red}}.root{display:block}"}]}
{"id":" layer(cards)-false-true","pure":true,"qualifier":" layer(cards)","rootEntry":false,"external":true,"build":"PASS","dependencies":["entry.js",""]}
{"id":" layer(cards)-false-true","browser":"chromium","media":"screen","values":{"author":{"color":"rgb(255, 0, 0)","display":"block"},"built":{"color":"rgb(0, 0, 255)","display":"block"}},"missing":[],"errors":[],"remoteRequests":[{"variant":"author","url":"https://external.invalid/font.css"},{"variant":"built","url":"https://external.invalid/font.css"}],"result":"FAIL"}
{"id":" layer(cards)-false-true","browser":"chromium","media":"print","values":{"author":{"color":"rgb(255, 0, 0)","display":"block"},"built":{"color":"rgb(0, 0, 255)","display":"block"}},"missing":[],"errors":[],"remoteRequests":[{"variant":"author","url":"https://external.invalid/font.css"},{"variant":"built","url":"https://external.invalid/font.css"}],"result":"FAIL"}
{"id":" layer(cards)-false-true","browser":"firefox","media":"screen","values":{"author":{"color":"rgb(255, 0, 0)","display":"block"},"built":{"color":"rgb(0, 0, 255)","display":"block"}},"missing":[],"errors":[],"remoteRequests":[{"variant":"author","url":"https://external.invalid/font.css"},{"variant":"author","url":"https://external.invalid/font.css"},{"variant":"built","url":"https://external.invalid/font.css"},{"variant":"built","url":"https://external.invalid/font.css"}],"result":"FAIL"}
{"id":" layer(cards)-false-true","browser":"firefox","media":"print","values":{"author":{"color":"rgb(255, 0, 0)","display":"block"},"built":{"color":"rgb(0, 0, 255)","display":"block"}},"missing":[],"errors":[],"remoteRequests":[{"variant":"author","url":"https://external.invalid/font.css"},{"variant":"author","url":"https://external.invalid/font.css"},{"variant":"built","url":"https://external.invalid/font.css"},{"variant":"built","url":"https://external.invalid/font.css"}],"result":"FAIL"}
{"id":" layer(cards)-false-true","browser":"webkit","media":"screen","values":{"author":{"color":"rgb(255, 0, 0)","display":"block"},"built":{"color":"rgb(0, 0, 255)","display":"block"}},"missing":[],"errors":[],"remoteRequests":[{"variant":"author","url":"https://external.invalid/font.css"},{"variant":"built","url":"https://external.invalid/font.css"}],"result":"FAIL"}
{"id":" layer(cards)-false-true","browser":"webkit","media":"print","values":{"author":{"color":"rgb(255, 0, 0)","display":"block"},"built":{"color":"rgb(0, 0, 255)","display":"block"}},"missing":[],"errors":[],"remoteRequests":[{"variant":"author","url":"https://external.invalid/font.css"},{"variant":"built","url":"https://external.invalid/font.css"}],"result":"FAIL"}
{"id":" layer(cards)-false-true","assets":[{"file":"entry.css","css":"@import url(https://external.invalid/font.css);@layer cards{.card{color:red}}.root{display:block}"}]}
{"id":" layer(cards)-true-false","pure":true,"qualifier":" layer(cards)","rootEntry":true,"external":false,"build":"PASS","dependencies":["entry.js",""]}
{"id":" layer(cards)-true-false","browser":"chromium","media":"screen","values":{"author":{"color":"rgb(255, 0, 0)","display":"block"},"built":{"color":"rgb(255, 0, 0)","display":"block"}},"missing":[],"errors":[],"remoteRequests":[],"result":"PASS"}
{"id":" layer(cards)-true-false","browser":"chromium","media":"print","values":{"author":{"color":"rgb(255, 0, 0)","display":"block"},"built":{"color":"rgb(255, 0, 0)","display":"block"}},"missing":[],"errors":[],"remoteRequests":[],"result":"PASS"}
{"id":" layer(cards)-true-false","browser":"firefox","media":"screen","values":{"author":{"color":"rgb(255, 0, 0)","display":"block"},"built":{"color":"rgb(255, 0, 0)","display":"block"}},"missing":[],"errors":[],"remoteRequests":[],"result":"PASS"}
{"id":" layer(cards)-true-false","browser":"firefox","media":"print","values":{"author":{"color":"rgb(255, 0, 0)","display":"block"},"built":{"color":"rgb(255, 0, 0)","display":"block"}},"missing":[],"errors":[],"remoteRequests":[],"result":"PASS"}
{"id":" layer(cards)-true-false","browser":"webkit","media":"screen","values":{"author":{"color":"rgb(255, 0, 0)","display":"block"},"built":{"color":"rgb(255, 0, 0)","display":"block"}},"missing":[],"errors":[],"remoteRequests":[],"result":"PASS"}
{"id":" layer(cards)-true-false","browser":"webkit","media":"print","values":{"author":{"color":"rgb(255, 0, 0)","display":"block"},"built":{"color":"rgb(255, 0, 0)","display":"block"}},"missing":[],"errors":[],"remoteRequests":[],"result":"PASS"}
{"id":" layer(cards)-true-false","assets":[{"file":"entry.css","css":"@layer cards{.card{color:red}}.root{display:block}"}]}
{"id":" layer(cards)-true-true","pure":true,"qualifier":" layer(cards)","rootEntry":true,"external":true,"build":"PASS","dependencies":["entry.js",""]}
{"id":" layer(cards)-true-true","browser":"chromium","media":"screen","values":{"author":{"color":"rgb(255, 0, 0)","display":"block"},"built":{"color":"rgb(0, 0, 255)","display":"block"}},"missing":[],"errors":[],"remoteRequests":[{"variant":"author","url":"https://external.invalid/font.css"},{"variant":"built","url":"https://external.invalid/font.css"}],"result":"FAIL"}
{"id":" layer(cards)-true-true","browser":"chromium","media":"print","values":{"author":{"color":"rgb(255, 0, 0)","display":"block"},"built":{"color":"rgb(0, 0, 255)","display":"block"}},"missing":[],"errors":[],"remoteRequests":[{"variant":"author","url":"https://external.invalid/font.css"},{"variant":"built","url":"https://external.invalid/font.css"}],"result":"FAIL"}
{"id":" layer(cards)-true-true","browser":"firefox","media":"screen","values":{"author":{"color":"rgb(255, 0, 0)","display":"block"},"built":{"color":"rgb(0, 0, 255)","display":"block"}},"missing":[],"errors":[],"remoteRequests":[{"variant":"author","url":"https://external.invalid/font.css"},{"variant":"author","url":"https://external.invalid/font.css"},{"variant":"built","url":"https://external.invalid/font.css"},{"variant":"built","url":"https://external.invalid/font.css"}],"result":"FAIL"}
{"id":" layer(cards)-true-true","browser":"firefox","media":"print","values":{"author":{"color":"rgb(255, 0, 0)","display":"block"},"built":{"color":"rgb(0, 0, 255)","display":"block"}},"missing":[],"errors":[],"remoteRequests":[{"variant":"author","url":"https://external.invalid/font.css"},{"variant":"author","url":"https://external.invalid/font.css"},{"variant":"built","url":"https://external.invalid/font.css"},{"variant":"built","url":"https://external.invalid/font.css"}],"result":"FAIL"}
{"id":" layer(cards)-true-true","browser":"webkit","media":"screen","values":{"author":{"color":"rgb(255, 0, 0)","display":"block"},"built":{"color":"rgb(0, 0, 255)","display":"block"}},"missing":[],"errors":[],"remoteRequests":[{"variant":"author","url":"https://external.invalid/font.css"},{"variant":"built","url":"https://external.invalid/font.css"}],"result":"FAIL"}
{"id":" layer(cards)-true-true","browser":"webkit","media":"print","values":{"author":{"color":"rgb(255, 0, 0)","display":"block"},"built":{"color":"rgb(0, 0, 255)","display":"block"}},"missing":[],"errors":[],"remoteRequests":[{"variant":"author","url":"https://external.invalid/font.css"},{"variant":"built","url":"https://external.invalid/font.css"}],"result":"FAIL"}
{"id":" layer(cards)-true-true","assets":[{"file":"entry.css","css":"@import url(https://external.invalid/font.css);@layer cards{.card{color:red}}.root{display:block}"}]}
{"id":" supports(display:grid) print-false-false","pure":true,"qualifier":" supports(display:grid) print","rootEntry":false,"external":false,"build":"PASS","dependencies":["entry.js",""]}
{"id":" supports(display:grid) print-false-false","browser":"chromium","media":"screen","values":{"author":{"color":"rgb(0, 0, 0)","display":"block"},"built":{"color":"rgb(0, 0, 0)","display":"block"}},"missing":[],"errors":[],"remoteRequests":[],"result":"PASS"}
{"id":" supports(display:grid) print-false-false","browser":"chromium","media":"print","values":{"author":{"color":"rgb(255, 0, 0)","display":"block"},"built":{"color":"rgb(255, 0, 0)","display":"block"}},"missing":[],"errors":[],"remoteRequests":[],"result":"PASS"}
{"id":" supports(display:grid) print-false-false","browser":"firefox","media":"screen","values":{"author":{"color":"rgb(0, 0, 0)","display":"block"},"built":{"color":"rgb(0, 0, 0)","display":"block"}},"missing":[],"errors":[],"remoteRequests":[],"result":"PASS"}
{"id":" supports(display:grid) print-false-false","browser":"firefox","media":"print","values":{"author":{"color":"rgb(255, 0, 0)","display":"block"},"built":{"color":"rgb(255, 0, 0)","display":"block"}},"missing":[],"errors":[],"remoteRequests":[],"result":"PASS"}
{"id":" supports(display:grid) print-false-false","browser":"webkit","media":"screen","values":{"author":{"color":"rgb(0, 0, 0)","display":"block"},"built":{"color":"rgb(0, 0, 0)","display":"block"}},"missing":[],"errors":[],"remoteRequests":[],"result":"PASS"}
{"id":" supports(display:grid) print-false-false","browser":"webkit","media":"print","values":{"author":{"color":"rgb(255, 0, 0)","display":"block"},"built":{"color":"rgb(255, 0, 0)","display":"block"}},"missing":[],"errors":[],"remoteRequests":[],"result":"PASS"}
{"id":" supports(display:grid) print-false-false","assets":[{"file":"entry.css","css":"@supports (display:grid){@media print{.card{color:red}}}.root{display:block}"}]}
{"id":" supports(display:grid) print-false-true","pure":true,"qualifier":" supports(display:grid) print","rootEntry":false,"external":true,"build":"PASS","dependencies":["entry.js",""]}
{"id":" supports(display:grid) print-false-true","browser":"chromium","media":"screen","values":{"author":{"color":"rgb(0, 0, 0)","display":"block"},"built":{"color":"rgb(0, 0, 255)","display":"block"}},"missing":[],"errors":[],"remoteRequests":[{"variant":"author","url":"https://external.invalid/font.css"},{"variant":"built","url":"https://external.invalid/font.css"}],"result":"FAIL"}
{"id":" supports(display:grid) print-false-true","browser":"chromium","media":"print","values":{"author":{"color":"rgb(255, 0, 0)","display":"block"},"built":{"color":"rgb(255, 0, 0)","display":"block"}},"missing":[],"errors":[],"remoteRequests":[{"variant":"author","url":"https://external.invalid/font.css"},{"variant":"built","url":"https://external.invalid/font.css"}],"result":"PASS"}
{"id":" supports(display:grid) print-false-true","browser":"firefox","media":"screen","values":{"author":{"color":"rgb(0, 0, 0)","display":"block"},"built":{"color":"rgb(0, 0, 255)","display":"block"}},"missing":[],"errors":[],"remoteRequests":[{"variant":"author","url":"https://external.invalid/font.css"},{"variant":"author","url":"https://external.invalid/font.css"},{"variant":"built","url":"https://external.invalid/font.css"},{"variant":"built","url":"https://external.invalid/font.css"}],"result":"FAIL"}
{"id":" supports(display:grid) print-false-true","browser":"firefox","media":"print","values":{"author":{"color":"rgb(255, 0, 0)","display":"block"},"built":{"color":"rgb(255, 0, 0)","display":"block"}},"missing":[],"errors":[],"remoteRequests":[{"variant":"author","url":"https://external.invalid/font.css"},{"variant":"author","url":"https://external.invalid/font.css"},{"variant":"built","url":"https://external.invalid/font.css"},{"variant":"built","url":"https://external.invalid/font.css"}],"result":"PASS"}
{"id":" supports(display:grid) print-false-true","browser":"webkit","media":"screen","values":{"author":{"color":"rgb(0, 0, 0)","display":"block"},"built":{"color":"rgb(0, 0, 255)","display":"block"}},"missing":[],"errors":[],"remoteRequests":[{"variant":"author","url":"https://external.invalid/font.css"},{"variant":"built","url":"https://external.invalid/font.css"}],"result":"FAIL"}
{"id":" supports(display:grid) print-false-true","browser":"webkit","media":"print","values":{"author":{"color":"rgb(255, 0, 0)","display":"block"},"built":{"color":"rgb(255, 0, 0)","display":"block"}},"missing":[],"errors":[],"remoteRequests":[{"variant":"author","url":"https://external.invalid/font.css"},{"variant":"built","url":"https://external.invalid/font.css"}],"result":"PASS"}
{"id":" supports(display:grid) print-false-true","assets":[{"file":"entry.css","css":"@import url(https://external.invalid/font.css);@supports (display:grid){@media print{.card{color:red}}}.root{display:block}"}]}
{"id":" supports(display:grid) print-true-false","pure":true,"qualifier":" supports(display:grid) print","rootEntry":true,"external":false,"build":"PASS","dependencies":["entry.js",""]}
{"id":" supports(display:grid) print-true-false","browser":"chromium","media":"screen","values":{"author":{"color":"rgb(0, 0, 0)","display":"block"},"built":{"color":"rgb(0, 0, 0)","display":"block"}},"missing":[],"errors":[],"remoteRequests":[],"result":"PASS"}
{"id":" supports(display:grid) print-true-false","browser":"chromium","media":"print","values":{"author":{"color":"rgb(255, 0, 0)","display":"block"},"built":{"color":"rgb(255, 0, 0)","display":"block"}},"missing":[],"errors":[],"remoteRequests":[],"result":"PASS"}
{"id":" supports(display:grid) print-true-false","browser":"firefox","media":"screen","values":{"author":{"color":"rgb(0, 0, 0)","display":"block"},"built":{"color":"rgb(0, 0, 0)","display":"block"}},"missing":[],"errors":[],"remoteRequests":[],"result":"PASS"}
{"id":" supports(display:grid) print-true-false","browser":"firefox","media":"print","values":{"author":{"color":"rgb(255, 0, 0)","display":"block"},"built":{"color":"rgb(255, 0, 0)","display":"block"}},"missing":[],"errors":[],"remoteRequests":[],"result":"PASS"}
{"id":" supports(display:grid) print-true-false","browser":"webkit","media":"screen","values":{"author":{"color":"rgb(0, 0, 0)","display":"block"},"built":{"color":"rgb(0, 0, 0)","display":"block"}},"missing":[],"errors":[],"remoteRequests":[],"result":"PASS"}
{"id":" supports(display:grid) print-true-false","browser":"webkit","media":"print","values":{"author":{"color":"rgb(255, 0, 0)","display":"block"},"built":{"color":"rgb(255, 0, 0)","display":"block"}},"missing":[],"errors":[],"remoteRequests":[],"result":"PASS"}
{"id":" supports(display:grid) print-true-false","assets":[{"file":"entry.css","css":"@supports (display:grid){@media print{.card{color:red}}}.root{display:block}"}]}
{"id":" supports(display:grid) print-true-true","pure":true,"qualifier":" supports(display:grid) print","rootEntry":true,"external":true,"build":"PASS","dependencies":["entry.js",""]}
{"id":" supports(display:grid) print-true-true","browser":"chromium","media":"screen","values":{"author":{"color":"rgb(0, 0, 0)","display":"block"},"built":{"color":"rgb(0, 0, 255)","display":"block"}},"missing":[],"errors":[],"remoteRequests":[{"variant":"author","url":"https://external.invalid/font.css"},{"variant":"built","url":"https://external.invalid/font.css"}],"result":"FAIL"}
{"id":" supports(display:grid) print-true-true","browser":"chromium","media":"print","values":{"author":{"color":"rgb(255, 0, 0)","display":"block"},"built":{"color":"rgb(255, 0, 0)","display":"block"}},"missing":[],"errors":[],"remoteRequests":[{"variant":"author","url":"https://external.invalid/font.css"},{"variant":"built","url":"https://external.invalid/font.css"}],"result":"PASS"}
{"id":" supports(display:grid) print-true-true","browser":"firefox","media":"screen","values":{"author":{"color":"rgb(0, 0, 0)","display":"block"},"built":{"color":"rgb(0, 0, 255)","display":"block"}},"missing":[],"errors":[],"remoteRequests":[{"variant":"author","url":"https://external.invalid/font.css"},{"variant":"author","url":"https://external.invalid/font.css"},{"variant":"built","url":"https://external.invalid/font.css"},{"variant":"built","url":"https://external.invalid/font.css"}],"result":"FAIL"}
{"id":" supports(display:grid) print-true-true","browser":"firefox","media":"print","values":{"author":{"color":"rgb(255, 0, 0)","display":"block"},"built":{"color":"rgb(255, 0, 0)","display":"block"}},"missing":[],"errors":[],"remoteRequests":[{"variant":"author","url":"https://external.invalid/font.css"},{"variant":"author","url":"https://external.invalid/font.css"},{"variant":"built","url":"https://external.invalid/font.css"},{"variant":"built","url":"https://external.invalid/font.css"}],"result":"PASS"}
{"id":" supports(display:grid) print-true-true","browser":"webkit","media":"screen","values":{"author":{"color":"rgb(0, 0, 0)","display":"block"},"built":{"color":"rgb(0, 0, 255)","display":"block"}},"missing":[],"errors":[],"remoteRequests":[{"variant":"author","url":"https://external.invalid/font.css"},{"variant":"built","url":"https://external.invalid/font.css"}],"result":"FAIL"}
{"id":" supports(display:grid) print-true-true","browser":"webkit","media":"print","values":{"author":{"color":"rgb(255, 0, 0)","display":"block"},"built":{"color":"rgb(255, 0, 0)","display":"block"}},"missing":[],"errors":[],"remoteRequests":[{"variant":"author","url":"https://external.invalid/font.css"},{"variant":"built","url":"https://external.invalid/font.css"}],"result":"PASS"}
{"id":" supports(display:grid) print-true-true","assets":[{"file":"entry.css","css":"@import url(https://external.invalid/font.css);@supports (display:grid){@media print{.card{color:red}}}.root{display:block}"}]}
{"summary":{"pure":true,"builds":12,"buildPass":12,"buildFail":0,"comparisons":72,"comparisonPass":54,"comparisonFail":18,"scope":"Actual Webpack production static builds, native CSS experiment, selected plugin or explicitly pure host control; all external CSS intercepted locally; no dev/HMR/Next/SSR claim."}}
