
{"host":"webpack","id":"plain-control","phase":"browser","browser":"chromium","media":"screen","colors":{"original":"rgb(0, 128, 0)","built":"rgb(0, 128, 0)"},"errors":[],"missing":[],"result":"PASS"}
{"host":"webpack","id":"plain-control","phase":"browser","browser":"chromium","media":"print","colors":{"original":"rgb(0, 128, 0)","built":"rgb(0, 128, 0)"},"errors":[],"missing":[],"result":"PASS"}
{"host":"webpack","id":"plain-control","phase":"browser","browser":"firefox","media":"screen","colors":{"original":"rgb(0, 128, 0)","built":"rgb(0, 128, 0)"},"errors":[],"missing":[],"result":"PASS"}
{"host":"webpack","id":"plain-control","phase":"browser","browser":"firefox","media":"print","colors":{"original":"rgb(0, 128, 0)","built":"rgb(0, 128, 0)"},"errors":[],"missing":[],"result":"PASS"}
{"host":"webpack","id":"plain-control","phase":"browser","browser":"webkit","media":"screen","colors":{"original":"rgb(0, 128, 0)","built":"rgb(0, 128, 0)"},"errors":[],"missing":[],"result":"PASS"}
{"host":"webpack","id":"plain-control","phase":"browser","browser":"webkit","media":"print","colors":{"original":"rgb(0, 128, 0)","built":"rgb(0, 128, 0)"},"errors":[],"missing":[],"result":"PASS"}
{"host":"webpack","id":"plain-control","assets":[{"file":"entry.css","css":"@import \"./master-css-4f5d60c57192b8ea301c-1.css\";"},{"file":"master-css-4f5d60c57192b8ea301c-0.css","css":""},{"file":"master-css-4f5d60c57192b8ea301c-1.css","css":"@import \"./master-css-4f5d60c57192b8ea301c-2.css\";@import \"./master-css-4f5d60c57192b8ea301c-0.css\";"},{"file":"master-css-4f5d60c57192b8ea301c-2.css","css":"@import \"./master-css-4f5d60c57192b8ea301c-3.css\";"},{"file":"master-css-4f5d60c57192b8ea301c-3.css","css":".example{color:green}"}]}

{"host":"webpack","id":"external-first","phase":"browser","browser":"chromium","media":"screen","colors":{"original":"rgb(255, 0, 0)","built":"rgb(255, 0, 0)"},"errors":[],"missing":[],"result":"PASS"}
{"host":"webpack","id":"external-first","phase":"browser","browser":"chromium","media":"print","colors":{"original":"rgb(255, 0, 0)","built":"rgb(255, 0, 0)"},"errors":[],"missing":[],"result":"PASS"}
{"host":"webpack","id":"external-first","phase":"browser","browser":"firefox","media":"screen","colors":{"original":"rgb(255, 0, 0)","built":"rgb(255, 0, 0)"},"errors":[],"missing":[],"result":"PASS"}
{"host":"webpack","id":"external-first","phase":"browser","browser":"firefox","media":"print","colors":{"original":"rgb(255, 0, 0)","built":"rgb(255, 0, 0)"},"errors":[],"missing":[],"result":"PASS"}
{"host":"webpack","id":"external-first","phase":"browser","browser":"webkit","media":"screen","colors":{"original":"rgb(255, 0, 0)","built":"rgb(255, 0, 0)"},"errors":[],"missing":[],"result":"PASS"}
{"host":"webpack","id":"external-first","phase":"browser","browser":"webkit","media":"print","colors":{"original":"rgb(255, 0, 0)","built":"rgb(255, 0, 0)"},"errors":[],"missing":[],"result":"PASS"}
{"host":"webpack","id":"external-first","assets":[{"file":"entry.css","css":"@import \"./master-css-c656466b92fdee4b092e-2.css\";"},{"file":"master-css-c656466b92fdee4b092e-0.css","css":"@import url(https://remote.test/external.css);"},{"file":"master-css-c656466b92fdee4b092e-1.css","css":""},{"file":"master-css-c656466b92fdee4b092e-2.css","css":"@import \"./master-css-c656466b92fdee4b092e-0.css\";@import \"./master-css-c656466b92fdee4b092e-3.css\";@import \"./master-css-c656466b92fdee4b092e-1.css\";"},{"file":"master-css-c656466b92fdee4b092e-3.css","css":"@import \"./master-css-c656466b92fdee4b092e-4.css\";"},{"file":"master-css-c656466b92fdee4b092e-4.css","css":"@import \"https://remote.test/external.css\";@import \"./master-css-c656466b92fdee4b092e-5.css\";"},{"file":"master-css-c656466b92fdee4b092e-5.css","css":".example{color:red}"}]}

{"host":"webpack","id":"external-last","phase":"browser","browser":"chromium","media":"screen","colors":{"original":"rgb(0, 0, 255)","built":"rgb(0, 0, 255)"},"errors":[],"missing":[],"result":"PASS"}
{"host":"webpack","id":"external-last","phase":"browser","browser":"chromium","media":"print","colors":{"original":"rgb(0, 0, 255)","built":"rgb(0, 0, 255)"},"errors":[],"missing":[],"result":"PASS"}
{"host":"webpack","id":"external-last","phase":"browser","browser":"firefox","media":"screen","colors":{"original":"rgb(0, 0, 255)","built":"rgb(0, 0, 255)"},"errors":[],"missing":[],"result":"PASS"}
{"host":"webpack","id":"external-last","phase":"browser","browser":"firefox","media":"print","colors":{"original":"rgb(0, 0, 255)","built":"rgb(0, 0, 255)"},"errors":[],"missing":[],"result":"PASS"}
{"host":"webpack","id":"external-last","phase":"browser","browser":"webkit","media":"screen","colors":{"original":"rgb(0, 0, 255)","built":"rgb(0, 0, 255)"},"errors":[],"missing":[],"result":"PASS"}
{"host":"webpack","id":"external-last","phase":"browser","browser":"webkit","media":"print","colors":{"original":"rgb(0, 0, 255)","built":"rgb(0, 0, 255)"},"errors":[],"missing":[],"result":"PASS"}
{"host":"webpack","id":"external-last","assets":[{"file":"entry.css","css":"@import \"./master-css-272612318412dcf7cf59-2.css\";"},{"file":"master-css-272612318412dcf7cf59-0.css","css":"@import url(https://remote.test/external.css);"},{"file":"master-css-272612318412dcf7cf59-1.css","css":""},{"file":"master-css-272612318412dcf7cf59-2.css","css":"@import \"./master-css-272612318412dcf7cf59-0.css\";@import \"./master-css-272612318412dcf7cf59-3.css\";@import \"./master-css-272612318412dcf7cf59-1.css\";"},{"file":"master-css-272612318412dcf7cf59-3.css","css":"@import \"./master-css-272612318412dcf7cf59-4.css\";"},{"file":"master-css-272612318412dcf7cf59-4.css","css":"@import \"./master-css-272612318412dcf7cf59-5.css\";@import \"https://remote.test/external.css\";"},{"file":"master-css-272612318412dcf7cf59-5.css","css":".example{color:red}"}]}

{"host":"webpack","id":"nested-layer","phase":"browser","browser":"chromium","media":"screen","colors":{"original":"rgb(255, 0, 0)","built":"rgb(255, 0, 0)"},"errors":[],"missing":[],"result":"PASS"}
{"host":"webpack","id":"nested-layer","phase":"browser","browser":"chromium","media":"print","colors":{"original":"rgb(255, 0, 0)","built":"rgb(255, 0, 0)"},"errors":[],"missing":[],"result":"PASS"}
{"host":"webpack","id":"nested-layer","phase":"browser","browser":"firefox","media":"screen","colors":{"original":"rgb(255, 0, 0)","built":"rgb(255, 0, 0)"},"errors":[],"missing":[],"result":"PASS"}
{"host":"webpack","id":"nested-layer","phase":"browser","browser":"firefox","media":"print","colors":{"original":"rgb(255, 0, 0)","built":"rgb(255, 0, 0)"},"errors":[],"missing":[],"result":"PASS"}
{"host":"webpack","id":"nested-layer","phase":"browser","browser":"webkit","media":"screen","colors":{"original":"rgb(255, 0, 0)","built":"rgb(255, 0, 0)"},"errors":[],"missing":[],"result":"PASS"}
{"host":"webpack","id":"nested-layer","phase":"browser","browser":"webkit","media":"print","colors":{"original":"rgb(255, 0, 0)","built":"rgb(255, 0, 0)"},"errors":[],"missing":[],"result":"PASS"}
{"host":"webpack","id":"nested-layer","assets":[{"file":"entry.css","css":"@import \"./master-css-2a18144092d3015be120-1.css\";"},{"file":"master-css-2a18144092d3015be120-0.css","css":""},{"file":"master-css-2a18144092d3015be120-1.css","css":"@import \"./master-css-2a18144092d3015be120-2.css\";@import \"./master-css-2a18144092d3015be120-0.css\";"},{"file":"master-css-2a18144092d3015be120-2.css","css":"@import \"./master-css-2a18144092d3015be120-3.css\";"},{"file":"master-css-2a18144092d3015be120-3.css","css":"@import \"./master-css-2a18144092d3015be120-4.css\" layer(shared);"},{"file":"master-css-2a18144092d3015be120-4.css","css":"@import \"https://remote.test/external.css\";.example{color:red}"}]}

{"host":"webpack","id":"nested-anonymous","phase":"browser","browser":"chromium","media":"screen","colors":{"original":"rgb(255, 0, 0)","built":"rgb(255, 0, 0)"},"errors":[],"missing":[],"result":"PASS"}
{"host":"webpack","id":"nested-anonymous","phase":"browser","browser":"chromium","media":"print","colors":{"original":"rgb(255, 0, 0)","built":"rgb(255, 0, 0)"},"errors":[],"missing":[],"result":"PASS"}
{"host":"webpack","id":"nested-anonymous","phase":"browser","browser":"firefox","media":"screen","colors":{"original":"rgb(255, 0, 0)","built":"rgb(255, 0, 0)"},"errors":[],"missing":[],"result":"PASS"}
{"host":"webpack","id":"nested-anonymous","phase":"browser","browser":"firefox","media":"print","colors":{"original":"rgb(255, 0, 0)","built":"rgb(255, 0, 0)"},"errors":[],"missing":[],"result":"PASS"}
{"host":"webpack","id":"nested-anonymous","phase":"browser","browser":"webkit","media":"screen","colors":{"original":"rgb(255, 0, 0)","built":"rgb(255, 0, 0)"},"errors":[],"missing":[],"result":"PASS"}
{"host":"webpack","id":"nested-anonymous","phase":"browser","browser":"webkit","media":"print","colors":{"original":"rgb(255, 0, 0)","built":"rgb(255, 0, 0)"},"errors":[],"missing":[],"result":"PASS"}
{"host":"webpack","id":"nested-anonymous","assets":[{"file":"entry.css","css":"@import \"./master-css-b8fa831fadb46a7797af-1.css\";"},{"file":"master-css-b8fa831fadb46a7797af-0.css","css":""},{"file":"master-css-b8fa831fadb46a7797af-1.css","css":"@import \"./master-css-b8fa831fadb46a7797af-2.css\";@import \"./master-css-b8fa831fadb46a7797af-0.css\";"},{"file":"master-css-b8fa831fadb46a7797af-2.css","css":"@import \"./master-css-b8fa831fadb46a7797af-3.css\";"},{"file":"master-css-b8fa831fadb46a7797af-3.css","css":"@import \"./master-css-b8fa831fadb46a7797af-4.css\" layer;"},{"file":"master-css-b8fa831fadb46a7797af-4.css","css":"@import \"https://remote.test/external.css\";.example{color:red}"}]}

{"host":"webpack","id":"nested-supports-print","phase":"browser","browser":"chromium","media":"screen","colors":{"original":"rgb(0, 0, 0)","built":"rgb(0, 0, 0)"},"errors":[],"missing":[],"result":"PASS"}
{"host":"webpack","id":"nested-supports-print","phase":"browser","browser":"chromium","media":"print","colors":{"original":"rgb(255, 0, 0)","built":"rgb(255, 0, 0)"},"errors":[],"missing":[],"result":"PASS"}
{"host":"webpack","id":"nested-supports-print","phase":"browser","browser":"firefox","media":"screen","colors":{"original":"rgb(0, 0, 0)","built":"rgb(0, 0, 0)"},"errors":[],"missing":[],"result":"PASS"}
{"host":"webpack","id":"nested-supports-print","phase":"browser","browser":"firefox","media":"print","colors":{"original":"rgb(255, 0, 0)","built":"rgb(255, 0, 0)"},"errors":[],"missing":[],"result":"PASS"}
{"host":"webpack","id":"nested-supports-print","phase":"browser","browser":"webkit","media":"screen","colors":{"original":"rgb(0, 0, 0)","built":"rgb(0, 0, 0)"},"errors":[],"missing":[],"result":"PASS"}
{"host":"webpack","id":"nested-supports-print","phase":"browser","browser":"webkit","media":"print","colors":{"original":"rgb(255, 0, 0)","built":"rgb(255, 0, 0)"},"errors":[],"missing":[],"result":"PASS"}
{"host":"webpack","id":"nested-supports-print","assets":[{"file":"entry.css","css":"@import \"./master-css-79f067dae9b29b945abc-1.css\";"},{"file":"master-css-79f067dae9b29b945abc-0.css","css":""},{"file":"master-css-79f067dae9b29b945abc-1.css","css":"@import \"./master-css-79f067dae9b29b945abc-2.css\";@import \"./master-css-79f067dae9b29b945abc-0.css\";"},{"file":"master-css-79f067dae9b29b945abc-2.css","css":"@import \"./master-css-79f067dae9b29b945abc-3.css\";"},{"file":"master-css-79f067dae9b29b945abc-3.css","css":"@import \"./master-css-79f067dae9b29b945abc-4.css\" supports(display: grid) print;"},{"file":"master-css-79f067dae9b29b945abc-4.css","css":"@import \"https://remote.test/external.css\";.example{color:red}"}]}

{"host":"webpack","id":"ordinary-before-managed","phase":"browser","browser":"chromium","media":"screen","colors":{"original":"rgb(0, 0, 255)","built":"rgb(0, 0, 255)"},"errors":[],"missing":[],"result":"PASS"}
{"host":"webpack","id":"ordinary-before-managed","phase":"browser","browser":"chromium","media":"print","colors":{"original":"rgb(0, 0, 255)","built":"rgb(0, 0, 255)"},"errors":[],"missing":[],"result":"PASS"}
{"host":"webpack","id":"ordinary-before-managed","phase":"browser","browser":"firefox","media":"screen","colors":{"original":"rgb(0, 0, 255)","built":"rgb(0, 0, 255)"},"errors":[],"missing":[],"result":"PASS"}
{"host":"webpack","id":"ordinary-before-managed","phase":"browser","browser":"firefox","media":"print","colors":{"original":"rgb(0, 0, 255)","built":"rgb(0, 0, 255)"},"errors":[],"missing":[],"result":"PASS"}
{"host":"webpack","id":"ordinary-before-managed","phase":"browser","browser":"webkit","media":"screen","colors":{"original":"rgb(0, 0, 255)","built":"rgb(0, 0, 255)"},"errors":[],"missing":[],"result":"PASS"}
{"host":"webpack","id":"ordinary-before-managed","phase":"browser","browser":"webkit","media":"print","colors":{"original":"rgb(0, 0, 255)","built":"rgb(0, 0, 255)"},"errors":[],"missing":[],"result":"PASS"}
{"host":"webpack","id":"ordinary-before-managed","assets":[{"file":"entry.css","css":"@import \"./master-css-90cefe8c91030f1138bf-2.css\";"},{"file":"master-css-90cefe8c91030f1138bf-0.css","css":"@import url(https://remote.test/external.css);.example{color:green}"},{"file":"master-css-90cefe8c91030f1138bf-1.css","css":""},{"file":"master-css-90cefe8c91030f1138bf-2.css","css":"@import \"./master-css-90cefe8c91030f1138bf-0.css\";@import \"./master-css-90cefe8c91030f1138bf-3.css\";@import \"./master-css-90cefe8c91030f1138bf-1.css\";"},{"file":"master-css-90cefe8c91030f1138bf-3.css","css":"@import \"./master-css-90cefe8c91030f1138bf-4.css\";"},{"file":"master-css-90cefe8c91030f1138bf-4.css","css":"@import \"./master-css-90cefe8c91030f1138bf-5.css\";@import \"https://remote.test/external.css\";"},{"file":"master-css-90cefe8c91030f1138bf-5.css","css":".example{color:red}"}]}

{"host":"webpack","id":"ordinary-after-managed","phase":"browser","browser":"chromium","media":"screen","colors":{"original":"rgb(0, 128, 0)","built":"rgb(0, 128, 0)"},"errors":[],"missing":[],"result":"PASS"}
{"host":"webpack","id":"ordinary-after-managed","phase":"browser","browser":"chromium","media":"print","colors":{"original":"rgb(0, 128, 0)","built":"rgb(0, 128, 0)"},"errors":[],"missing":[],"result":"PASS"}
{"host":"webpack","id":"ordinary-after-managed","phase":"browser","browser":"firefox","media":"screen","colors":{"original":"rgb(0, 128, 0)","built":"rgb(0, 128, 0)"},"errors":[],"missing":[],"result":"PASS"}
{"host":"webpack","id":"ordinary-after-managed","phase":"browser","browser":"firefox","media":"print","colors":{"original":"rgb(0, 128, 0)","built":"rgb(0, 128, 0)"},"errors":[],"missing":[],"result":"PASS"}
{"host":"webpack","id":"ordinary-after-managed","phase":"browser","browser":"webkit","media":"screen","colors":{"original":"rgb(0, 128, 0)","built":"rgb(0, 128, 0)"},"errors":[],"missing":[],"result":"PASS"}
{"host":"webpack","id":"ordinary-after-managed","phase":"browser","browser":"webkit","media":"print","colors":{"original":"rgb(0, 128, 0)","built":"rgb(0, 128, 0)"},"errors":[],"missing":[],"result":"PASS"}
{"host":"webpack","id":"ordinary-after-managed","assets":[{"file":"entry.css","css":"@import \"./master-css-32cab67140a5a93cc831-2.css\";"},{"file":"master-css-32cab67140a5a93cc831-0.css","css":"@import url(https://remote.test/external.css);"},{"file":"master-css-32cab67140a5a93cc831-1.css","css":".example{color:green}"},{"file":"master-css-32cab67140a5a93cc831-2.css","css":"@import \"./master-css-32cab67140a5a93cc831-0.css\";@import \"./master-css-32cab67140a5a93cc831-3.css\";@import \"./master-css-32cab67140a5a93cc831-1.css\";"},{"file":"master-css-32cab67140a5a93cc831-3.css","css":"@import \"./master-css-32cab67140a5a93cc831-4.css\";"},{"file":"master-css-32cab67140a5a93cc831-4.css","css":"@import \"./master-css-32cab67140a5a93cc831-5.css\";@import \"https://remote.test/external.css\";"},{"file":"master-css-32cab67140a5a93cc831-5.css","css":".example{color:red}"}]}
{"builds":8,"buildFailures":0,"comparisons":48,"browserFailures":0}
