../../../../private/var/folders/_b/768dhtz56ns54x1r867j67280000gn/T/master-webpack-copy-yb9a1x0u/packages/webpack/dist/plugin.d.ts(25,43): error TS2339: Property 'on' does not exist on type 'MasterCSSScanner'.
../../../../private/var/folders/_b/768dhtz56ns54x1r867j67280000gn/T/master-webpack-copy-yb9a1x0u/packages/webpack/dist/plugin.d.ts(81,43): error TS2339: Property 'on' does not exist on type 'MasterCSSScanner'.
../../../../private/var/folders/_b/768dhtz56ns54x1r867j67280000gn/T/master-webpack-copy-yb9a1x0u/packages/webpack/dist/plugin.d.ts(82,45): error TS2339: Property 'emit' does not exist on type 'MasterCSSScanner'.
node_modules/.pnpm/webpack@5.110.3_clean-css@5.3.3_cssnano@8.0.10_postcss@8.5.28__csso@5.0.5_esbuild@0.28._e880896f3a151cb8cc72e4403296ae2c/node_modules/webpack/types.d.ts(93,8): error TS2591: Cannot find name 'http'. Do you need to install type definitions for node? Try `npm i --save-dev @types/node` and then add 'node' to the types field in your tsconfig.
node_modules/.pnpm/webpack@5.110.3_clean-css@5.3.3_cssnano@8.0.10_postcss@8.5.28__csso@5.0.5_esbuild@0.28._e880896f3a151cb8cc72e4403296ae2c/node_modules/webpack/types.d.ts(97,8): error TS2591: Cannot find name 'https'. Do you need to install type definitions for node? Try `npm i --save-dev @types/node` and then add 'node' to the types field in your tsconfig.
node_modules/.pnpm/webpack@5.110.3_clean-css@5.3.3_cssnano@8.0.10_postcss@8.5.28__csso@5.0.5_esbuild@0.28._e880896f3a151cb8cc72e4403296ae2c/node_modules/webpack/types.d.ts(101,8): error TS2591: Cannot find name 'inspector'. Do you need to install type definitions for node? Try `npm i --save-dev @types/node` and then add 'node' to the types field in your tsconfig.
node_modules/.pnpm/webpack@5.110.3_clean-css@5.3.3_cssnano@8.0.10_postcss@8.5.28__csso@5.0.5_esbuild@0.28._e880896f3a151cb8cc72e4403296ae2c/node_modules/webpack/types.d.ts(103,31): error TS2591: Cannot find name 'net'. Do you need to install type definitions for node? Try `npm i --save-dev @types/node` and then add 'node' to the types field in your tsconfig.
node_modules/.pnpm/webpack@5.110.3_clean-css@5.3.3_cssnano@8.0.10_postcss@8.5.28__csso@5.0.5_esbuild@0.28._e880896f3a151cb8cc72e4403296ae2c/node_modules/webpack/types.d.ts(125,21): error TS2591: Cannot find name 'url'. Do you need to install type definitions for node? Try `npm i --save-dev @types/node` and then add 'node' to the types field in your tsconfig.
node_modules/.pnpm/webpack@5.110.3_clean-css@5.3.3_cssnano@8.0.10_postcss@8.5.28__csso@5.0.5_esbuild@0.28._e880896f3a151cb8cc72e4403296ae2c/node_modules/webpack/types.d.ts(126,42): error TS2591: Cannot find name 'vm'. Do you need to install type definitions for node? Try `npm i --save-dev @types/node` and then add 'node' to the types field in your tsconfig.
node_modules/.pnpm/webpack@5.110.3_clean-css@5.3.3_cssnano@8.0.10_postcss@8.5.28__csso@5.0.5_esbuild@0.28._e880896f3a151cb8cc72e4403296ae2c/node_modules/webpack/types.d.ts(6776,10): error TS2550: Property 'dispose' does not exist on type 'SymbolConstructor'. Do you need to change your target library? Try changing the 'lib' compiler option to 'esnext' or later.
node_modules/.pnpm/webpack@5.110.3_clean-css@5.3.3_cssnano@8.0.10_postcss@8.5.28__csso@5.0.5_esbuild@0.28._e880896f3a151cb8cc72e4403296ae2c/node_modules/webpack/types.d.ts(9214,24): error TS2503: Cannot find namespace 'NodeJS'.
node_modules/.pnpm/webpack@5.110.3_clean-css@5.3.3_cssnano@8.0.10_postcss@8.5.28__csso@5.0.5_esbuild@0.28._e880896f3a151cb8cc72e4403296ae2c/node_modules/webpack/types.d.ts(11351,11): error TS2503: Cannot find namespace 'NodeJS'.
node_modules/.pnpm/webpack@5.110.3_clean-css@5.3.3_cssnano@8.0.10_postcss@8.5.28__csso@5.0.5_esbuild@0.28._e880896f3a151cb8cc72e4403296ae2c/node_modules/webpack/types.d.ts(11358,10): error TS2503: Cannot find namespace 'NodeJS'.
node_modules/.pnpm/webpack@5.110.3_clean-css@5.3.3_cssnano@8.0.10_postcss@8.5.28__csso@5.0.5_esbuild@0.28._e880896f3a151cb8cc72e4403296ae2c/node_modules/webpack/types.d.ts(11502,24): error TS2503: Cannot find namespace 'NodeJS'.
node_modules/.pnpm/webpack@5.110.3_clean-css@5.3.3_cssnano@8.0.10_postcss@8.5.28__csso@5.0.5_esbuild@0.28._e880896f3a151cb8cc72e4403296ae2c/node_modules/webpack/types.d.ts(11543,7): error TS2503: Cannot find namespace 'NodeJS'.
node_modules/.pnpm/webpack@5.110.3_clean-css@5.3.3_cssnano@8.0.10_postcss@8.5.28__csso@5.0.5_esbuild@0.28._e880896f3a151cb8cc72e4403296ae2c/node_modules/webpack/types.d.ts(11545,13): error TS2503: Cannot find namespace 'NodeJS'.
node_modules/.pnpm/webpack@5.110.3_clean-css@5.3.3_cssnano@8.0.10_postcss@8.5.28__csso@5.0.5_esbuild@0.28._e880896f3a151cb8cc72e4403296ae2c/node_modules/webpack/types.d.ts(11548,26): error TS2503: Cannot find namespace 'NodeJS'.
node_modules/.pnpm/webpack@5.110.3_clean-css@5.3.3_cssnano@8.0.10_postcss@8.5.28__csso@5.0.5_esbuild@0.28._e880896f3a151cb8cc72e4403296ae2c/node_modules/webpack/types.d.ts(11553,26): error TS2503: Cannot find namespace 'NodeJS'.
node_modules/.pnpm/webpack@5.110.3_clean-css@5.3.3_cssnano@8.0.10_postcss@8.5.28__csso@5.0.5_esbuild@0.28._e880896f3a151cb8cc72e4403296ae2c/node_modules/webpack/types.d.ts(11603,10): error TS2550: Property 'dispose' does not exist on type 'SymbolConstructor'. Do you need to change your target library? Try changing the 'lib' compiler option to 'esnext' or later.
node_modules/.pnpm/webpack@5.110.3_clean-css@5.3.3_cssnano@8.0.10_postcss@8.5.28__csso@5.0.5_esbuild@0.28._e880896f3a151cb8cc72e4403296ae2c/node_modules/webpack/types.d.ts(15569,26): error TS2503: Cannot find namespace 'NodeJS'.
node_modules/.pnpm/webpack@5.110.3_clean-css@5.3.3_cssnano@8.0.10_postcss@8.5.28__csso@5.0.5_esbuild@0.28._e880896f3a151cb8cc72e4403296ae2c/node_modules/webpack/types.d.ts(15574,26): error TS2503: Cannot find namespace 'NodeJS'.
node_modules/.pnpm/webpack@5.110.3_clean-css@5.3.3_cssnano@8.0.10_postcss@8.5.28__csso@5.0.5_esbuild@0.28._e880896f3a151cb8cc72e4403296ae2c/node_modules/webpack/types.d.ts(15580,16): error TS2503: Cannot find namespace 'NodeJS'.
node_modules/.pnpm/webpack@5.110.3_clean-css@5.3.3_cssnano@8.0.10_postcss@8.5.28__csso@5.0.5_esbuild@0.28._e880896f3a151cb8cc72e4403296ae2c/node_modules/webpack/types.d.ts(15588,16): error TS2503: Cannot find namespace 'NodeJS'.
node_modules/.pnpm/webpack@5.110.3_clean-css@5.3.3_cssnano@8.0.10_postcss@8.5.28__csso@5.0.5_esbuild@0.28._e880896f3a151cb8cc72e4403296ae2c/node_modules/webpack/types.d.ts(15623,26): error TS2503: Cannot find namespace 'NodeJS'.
node_modules/.pnpm/webpack@5.110.3_clean-css@5.3.3_cssnano@8.0.10_postcss@8.5.28__csso@5.0.5_esbuild@0.28._e880896f3a151cb8cc72e4403296ae2c/node_modules/webpack/types.d.ts(15628,26): error TS2503: Cannot find namespace 'NodeJS'.
node_modules/.pnpm/webpack@5.110.3_clean-css@5.3.3_cssnano@8.0.10_postcss@8.5.28__csso@5.0.5_esbuild@0.28._e880896f3a151cb8cc72e4403296ae2c/node_modules/webpack/types.d.ts(15634,16): error TS2503: Cannot find namespace 'NodeJS'.
node_modules/.pnpm/webpack@5.110.3_clean-css@5.3.3_cssnano@8.0.10_postcss@8.5.28__csso@5.0.5_esbuild@0.28._e880896f3a151cb8cc72e4403296ae2c/node_modules/webpack/types.d.ts(15642,16): error TS2503: Cannot find namespace 'NodeJS'.
node_modules/.pnpm/webpack@5.110.3_clean-css@5.3.3_cssnano@8.0.10_postcss@8.5.28__csso@5.0.5_esbuild@0.28._e880896f3a151cb8cc72e4403296ae2c/node_modules/webpack/types.d.ts(16771,26): error TS2503: Cannot find namespace 'NodeJS'.
node_modules/.pnpm/webpack@5.110.3_clean-css@5.3.3_cssnano@8.0.10_postcss@8.5.28__csso@5.0.5_esbuild@0.28._e880896f3a151cb8cc72e4403296ae2c/node_modules/webpack/types.d.ts(16781,26): error TS2503: Cannot find namespace 'NodeJS'.
node_modules/.pnpm/webpack@5.110.3_clean-css@5.3.3_cssnano@8.0.10_postcss@8.5.28__csso@5.0.5_esbuild@0.28._e880896f3a151cb8cc72e4403296ae2c/node_modules/webpack/types.d.ts(16786,26): error TS2503: Cannot find namespace 'NodeJS'.
node_modules/.pnpm/webpack@5.110.3_clean-css@5.3.3_cssnano@8.0.10_postcss@8.5.28__csso@5.0.5_esbuild@0.28._e880896f3a151cb8cc72e4403296ae2c/node_modules/webpack/types.d.ts(16790,26): error TS2503: Cannot find namespace 'NodeJS'.
node_modules/.pnpm/webpack@5.110.3_clean-css@5.3.3_cssnano@8.0.10_postcss@8.5.28__csso@5.0.5_esbuild@0.28._e880896f3a151cb8cc72e4403296ae2c/node_modules/webpack/types.d.ts(19973,26): error TS2503: Cannot find namespace 'NodeJS'.
node_modules/.pnpm/webpack@5.110.3_clean-css@5.3.3_cssnano@8.0.10_postcss@8.5.28__csso@5.0.5_esbuild@0.28._e880896f3a151cb8cc72e4403296ae2c/node_modules/webpack/types.d.ts(19978,26): error TS2503: Cannot find namespace 'NodeJS'.
node_modules/.pnpm/webpack@5.110.3_clean-css@5.3.3_cssnano@8.0.10_postcss@8.5.28__csso@5.0.5_esbuild@0.28._e880896f3a151cb8cc72e4403296ae2c/node_modules/webpack/types.d.ts(19982,26): error TS2503: Cannot find namespace 'NodeJS'.
node_modules/.pnpm/webpack@5.110.3_clean-css@5.3.3_cssnano@8.0.10_postcss@8.5.28__csso@5.0.5_esbuild@0.28._e880896f3a151cb8cc72e4403296ae2c/node_modules/webpack/types.d.ts(21281,26): error TS2503: Cannot find namespace 'NodeJS'.
node_modules/.pnpm/webpack@5.110.3_clean-css@5.3.3_cssnano@8.0.10_postcss@8.5.28__csso@5.0.5_esbuild@0.28._e880896f3a151cb8cc72e4403296ae2c/node_modules/webpack/types.d.ts(21286,26): error TS2503: Cannot find namespace 'NodeJS'.
node_modules/.pnpm/webpack@5.110.3_clean-css@5.3.3_cssnano@8.0.10_postcss@8.5.28__csso@5.0.5_esbuild@0.28._e880896f3a151cb8cc72e4403296ae2c/node_modules/webpack/types.d.ts(21307,7): error TS2503: Cannot find namespace 'NodeJS'.
node_modules/.pnpm/webpack@5.110.3_clean-css@5.3.3_cssnano@8.0.10_postcss@8.5.28__csso@5.0.5_esbuild@0.28._e880896f3a151cb8cc72e4403296ae2c/node_modules/webpack/types.d.ts(23046,18): error TS2503: Cannot find namespace 'NodeJS'.
node_modules/.pnpm/webpack@5.110.3_clean-css@5.3.3_cssnano@8.0.10_postcss@8.5.28__csso@5.0.5_esbuild@0.28._e880896f3a151cb8cc72e4403296ae2c/node_modules/webpack/types.d.ts(23046,43): error TS2503: Cannot find namespace 'NodeJS'.
node_modules/.pnpm/webpack@5.110.3_clean-css@5.3.3_cssnano@8.0.10_postcss@8.5.28__csso@5.0.5_esbuild@0.28._e880896f3a151cb8cc72e4403296ae2c/node_modules/webpack/types.d.ts(23055,16): error TS2503: Cannot find namespace 'NodeJS'.
node_modules/.pnpm/webpack@5.110.3_clean-css@5.3.3_cssnano@8.0.10_postcss@8.5.28__csso@5.0.5_esbuild@0.28._e880896f3a151cb8cc72e4403296ae2c/node_modules/webpack/types.d.ts(23064,16): error TS2503: Cannot find namespace 'NodeJS'.
node_modules/.pnpm/webpack@5.110.3_clean-css@5.3.3_cssnano@8.0.10_postcss@8.5.28__csso@5.0.5_esbuild@0.28._e880896f3a151cb8cc72e4403296ae2c/node_modules/webpack/types.d.ts(23072,16): error TS2503: Cannot find namespace 'NodeJS'.
node_modules/.pnpm/webpack@5.110.3_clean-css@5.3.3_cssnano@8.0.10_postcss@8.5.28__csso@5.0.5_esbuild@0.28._e880896f3a151cb8cc72e4403296ae2c/node_modules/webpack/types.d.ts(23074,12): error TS2503: Cannot find namespace 'NodeJS'.
node_modules/.pnpm/webpack@5.110.3_clean-css@5.3.3_cssnano@8.0.10_postcss@8.5.28__csso@5.0.5_esbuild@0.28._e880896f3a151cb8cc72e4403296ae2c/node_modules/webpack/types.d.ts(23082,52): error TS2503: Cannot find namespace 'NodeJS'.
node_modules/.pnpm/webpack@5.110.3_clean-css@5.3.3_cssnano@8.0.10_postcss@8.5.28__csso@5.0.5_esbuild@0.28._e880896f3a151cb8cc72e4403296ae2c/node_modules/webpack/types.d.ts(23133,26): error TS2503: Cannot find namespace 'NodeJS'.
node_modules/.pnpm/webpack@5.110.3_clean-css@5.3.3_cssnano@8.0.10_postcss@8.5.28__csso@5.0.5_esbuild@0.28._e880896f3a151cb8cc72e4403296ae2c/node_modules/webpack/types.d.ts(23151,26): error TS2503: Cannot find namespace 'NodeJS'.
node_modules/.pnpm/webpack@5.110.3_clean-css@5.3.3_cssnano@8.0.10_postcss@8.5.28__csso@5.0.5_esbuild@0.28._e880896f3a151cb8cc72e4403296ae2c/node_modules/webpack/types.d.ts(23172,16): error TS2503: Cannot find namespace 'NodeJS'.
node_modules/.pnpm/webpack@5.110.3_clean-css@5.3.3_cssnano@8.0.10_postcss@8.5.28__csso@5.0.5_esbuild@0.28._e880896f3a151cb8cc72e4403296ae2c/node_modules/webpack/types.d.ts(23178,26): error TS2503: Cannot find namespace 'NodeJS'.
node_modules/.pnpm/webpack@5.110.3_clean-css@5.3.3_cssnano@8.0.10_postcss@8.5.28__csso@5.0.5_esbuild@0.28._e880896f3a151cb8cc72e4403296ae2c/node_modules/webpack/types.d.ts(23227,26): error TS2503: Cannot find namespace 'NodeJS'.
node_modules/.pnpm/webpack@5.110.3_clean-css@5.3.3_cssnano@8.0.10_postcss@8.5.28__csso@5.0.5_esbuild@0.28._e880896f3a151cb8cc72e4403296ae2c/node_modules/webpack/types.d.ts(23245,26): error TS2503: Cannot find namespace 'NodeJS'.
node_modules/.pnpm/webpack@5.110.3_clean-css@5.3.3_cssnano@8.0.10_postcss@8.5.28__csso@5.0.5_esbuild@0.28._e880896f3a151cb8cc72e4403296ae2c/node_modules/webpack/types.d.ts(23266,16): error TS2503: Cannot find namespace 'NodeJS'.
node_modules/.pnpm/webpack@5.110.3_clean-css@5.3.3_cssnano@8.0.10_postcss@8.5.28__csso@5.0.5_esbuild@0.28._e880896f3a151cb8cc72e4403296ae2c/node_modules/webpack/types.d.ts(23272,26): error TS2503: Cannot find namespace 'NodeJS'.
node_modules/.pnpm/webpack@5.110.3_clean-css@5.3.3_cssnano@8.0.10_postcss@8.5.28__csso@5.0.5_esbuild@0.28._e880896f3a151cb8cc72e4403296ae2c/node_modules/webpack/types.d.ts(23315,26): error TS2503: Cannot find namespace 'NodeJS'.
node_modules/.pnpm/webpack@5.110.3_clean-css@5.3.3_cssnano@8.0.10_postcss@8.5.28__csso@5.0.5_esbuild@0.28._e880896f3a151cb8cc72e4403296ae2c/node_modules/webpack/types.d.ts(23322,26): error TS2503: Cannot find namespace 'NodeJS'.
node_modules/.pnpm/webpack@5.110.3_clean-css@5.3.3_cssnano@8.0.10_postcss@8.5.28__csso@5.0.5_esbuild@0.28._e880896f3a151cb8cc72e4403296ae2c/node_modules/webpack/types.d.ts(23346,16): error TS2503: Cannot find namespace 'NodeJS'.
node_modules/.pnpm/webpack@5.110.3_clean-css@5.3.3_cssnano@8.0.10_postcss@8.5.28__csso@5.0.5_esbuild@0.28._e880896f3a151cb8cc72e4403296ae2c/node_modules/webpack/types.d.ts(23352,26): error TS2503: Cannot find namespace 'NodeJS'.
node_modules/.pnpm/webpack@5.110.3_clean-css@5.3.3_cssnano@8.0.10_postcss@8.5.28__csso@5.0.5_esbuild@0.28._e880896f3a151cb8cc72e4403296ae2c/node_modules/webpack/types.d.ts(23361,16): error TS2503: Cannot find namespace 'NodeJS'.
node_modules/.pnpm/webpack@5.110.3_clean-css@5.3.3_cssnano@8.0.10_postcss@8.5.28__csso@5.0.5_esbuild@0.28._e880896f3a151cb8cc72e4403296ae2c/node_modules/webpack/types.d.ts(23369,16): error TS2503: Cannot find namespace 'NodeJS'.
node_modules/.pnpm/webpack@5.110.3_clean-css@5.3.3_cssnano@8.0.10_postcss@8.5.28__csso@5.0.5_esbuild@0.28._e880896f3a151cb8cc72e4403296ae2c/node_modules/webpack/types.d.ts(23485,26): error TS2503: Cannot find namespace 'NodeJS'.
node_modules/.pnpm/webpack@5.110.3_clean-css@5.3.3_cssnano@8.0.10_postcss@8.5.28__csso@5.0.5_esbuild@0.28._e880896f3a151cb8cc72e4403296ae2c/node_modules/webpack/types.d.ts(23492,26): error TS2503: Cannot find namespace 'NodeJS'.
node_modules/.pnpm/webpack@5.110.3_clean-css@5.3.3_cssnano@8.0.10_postcss@8.5.28__csso@5.0.5_esbuild@0.28._e880896f3a151cb8cc72e4403296ae2c/node_modules/webpack/types.d.ts(23516,16): error TS2503: Cannot find namespace 'NodeJS'.
node_modules/.pnpm/webpack@5.110.3_clean-css@5.3.3_cssnano@8.0.10_postcss@8.5.28__csso@5.0.5_esbuild@0.28._e880896f3a151cb8cc72e4403296ae2c/node_modules/webpack/types.d.ts(23522,26): error TS2503: Cannot find namespace 'NodeJS'.
node_modules/.pnpm/webpack@5.110.3_clean-css@5.3.3_cssnano@8.0.10_postcss@8.5.28__csso@5.0.5_esbuild@0.28._e880896f3a151cb8cc72e4403296ae2c/node_modules/webpack/types.d.ts(23530,26): error TS2503: Cannot find namespace 'NodeJS'.
node_modules/.pnpm/webpack@5.110.3_clean-css@5.3.3_cssnano@8.0.10_postcss@8.5.28__csso@5.0.5_esbuild@0.28._e880896f3a151cb8cc72e4403296ae2c/node_modules/webpack/types.d.ts(23536,16): error TS2503: Cannot find namespace 'NodeJS'.
node_modules/.pnpm/webpack@5.110.3_clean-css@5.3.3_cssnano@8.0.10_postcss@8.5.28__csso@5.0.5_esbuild@0.28._e880896f3a151cb8cc72e4403296ae2c/node_modules/webpack/types.d.ts(23545,26): error TS2503: Cannot find namespace 'NodeJS'.
node_modules/.pnpm/webpack@5.110.3_clean-css@5.3.3_cssnano@8.0.10_postcss@8.5.28__csso@5.0.5_esbuild@0.28._e880896f3a151cb8cc72e4403296ae2c/node_modules/webpack/types.d.ts(23550,26): error TS2503: Cannot find namespace 'NodeJS'.
node_modules/.pnpm/webpack@5.110.3_clean-css@5.3.3_cssnano@8.0.10_postcss@8.5.28__csso@5.0.5_esbuild@0.28._e880896f3a151cb8cc72e4403296ae2c/node_modules/webpack/types.d.ts(23556,16): error TS2503: Cannot find namespace 'NodeJS'.
node_modules/.pnpm/webpack@5.110.3_clean-css@5.3.3_cssnano@8.0.10_postcss@8.5.28__csso@5.0.5_esbuild@0.28._e880896f3a151cb8cc72e4403296ae2c/node_modules/webpack/types.d.ts(23562,26): error TS2503: Cannot find namespace 'NodeJS'.
node_modules/.pnpm/webpack@5.110.3_clean-css@5.3.3_cssnano@8.0.10_postcss@8.5.28__csso@5.0.5_esbuild@0.28._e880896f3a151cb8cc72e4403296ae2c/node_modules/webpack/types.d.ts(23574,26): error TS2503: Cannot find namespace 'NodeJS'.
node_modules/.pnpm/webpack@5.110.3_clean-css@5.3.3_cssnano@8.0.10_postcss@8.5.28__csso@5.0.5_esbuild@0.28._e880896f3a151cb8cc72e4403296ae2c/node_modules/webpack/types.d.ts(23579,26): error TS2503: Cannot find namespace 'NodeJS'.
node_modules/.pnpm/webpack@5.110.3_clean-css@5.3.3_cssnano@8.0.10_postcss@8.5.28__csso@5.0.5_esbuild@0.28._e880896f3a151cb8cc72e4403296ae2c/node_modules/webpack/types.d.ts(23585,16): error TS2503: Cannot find namespace 'NodeJS'.
node_modules/.pnpm/webpack@5.110.3_clean-css@5.3.3_cssnano@8.0.10_postcss@8.5.28__csso@5.0.5_esbuild@0.28._e880896f3a151cb8cc72e4403296ae2c/node_modules/webpack/types.d.ts(23591,26): error TS2503: Cannot find namespace 'NodeJS'.
node_modules/.pnpm/webpack@5.110.3_clean-css@5.3.3_cssnano@8.0.10_postcss@8.5.28__csso@5.0.5_esbuild@0.28._e880896f3a151cb8cc72e4403296ae2c/node_modules/webpack/types.d.ts(23631,26): error TS2503: Cannot find namespace 'NodeJS'.
node_modules/.pnpm/webpack@5.110.3_clean-css@5.3.3_cssnano@8.0.10_postcss@8.5.28__csso@5.0.5_esbuild@0.28._e880896f3a151cb8cc72e4403296ae2c/node_modules/webpack/types.d.ts(23636,26): error TS2503: Cannot find namespace 'NodeJS'.
node_modules/.pnpm/webpack@5.110.3_clean-css@5.3.3_cssnano@8.0.10_postcss@8.5.28__csso@5.0.5_esbuild@0.28._e880896f3a151cb8cc72e4403296ae2c/node_modules/webpack/types.d.ts(23642,16): error TS2503: Cannot find namespace 'NodeJS'.
node_modules/.pnpm/webpack@5.110.3_clean-css@5.3.3_cssnano@8.0.10_postcss@8.5.28__csso@5.0.5_esbuild@0.28._e880896f3a151cb8cc72e4403296ae2c/node_modules/webpack/types.d.ts(23648,26): error TS2503: Cannot find namespace 'NodeJS'.
node_modules/.pnpm/webpack@5.110.3_clean-css@5.3.3_cssnano@8.0.10_postcss@8.5.28__csso@5.0.5_esbuild@0.28._e880896f3a151cb8cc72e4403296ae2c/node_modules/webpack/types.d.ts(23660,26): error TS2503: Cannot find namespace 'NodeJS'.
node_modules/.pnpm/webpack@5.110.3_clean-css@5.3.3_cssnano@8.0.10_postcss@8.5.28__csso@5.0.5_esbuild@0.28._e880896f3a151cb8cc72e4403296ae2c/node_modules/webpack/types.d.ts(23665,26): error TS2503: Cannot find namespace 'NodeJS'.
node_modules/.pnpm/webpack@5.110.3_clean-css@5.3.3_cssnano@8.0.10_postcss@8.5.28__csso@5.0.5_esbuild@0.28._e880896f3a151cb8cc72e4403296ae2c/node_modules/webpack/types.d.ts(23671,16): error TS2503: Cannot find namespace 'NodeJS'.
node_modules/.pnpm/webpack@5.110.3_clean-css@5.3.3_cssnano@8.0.10_postcss@8.5.28__csso@5.0.5_esbuild@0.28._e880896f3a151cb8cc72e4403296ae2c/node_modules/webpack/types.d.ts(23677,26): error TS2503: Cannot find namespace 'NodeJS'.
node_modules/.pnpm/webpack@5.110.3_clean-css@5.3.3_cssnano@8.0.10_postcss@8.5.28__csso@5.0.5_esbuild@0.28._e880896f3a151cb8cc72e4403296ae2c/node_modules/webpack/types.d.ts(26386,10): error TS2550: Property 'dispose' does not exist on type 'SymbolConstructor'. Do you need to change your target library? Try changing the 'lib' compiler option to 'esnext' or later.
node_modules/.pnpm/webpack@5.110.3_clean-css@5.3.3_cssnano@8.0.10_postcss@8.5.28__csso@5.0.5_esbuild@0.28._e880896f3a151cb8cc72e4403296ae2c/node_modules/webpack/types.d.ts(27596,26): error TS2503: Cannot find namespace 'NodeJS'.
node_modules/.pnpm/webpack@5.110.3_clean-css@5.3.3_cssnano@8.0.10_postcss@8.5.28__csso@5.0.5_esbuild@0.28._e880896f3a151cb8cc72e4403296ae2c/node_modules/webpack/types.d.ts(27601,26): error TS2503: Cannot find namespace 'NodeJS'.
node_modules/.pnpm/webpack@5.110.3_clean-css@5.3.3_cssnano@8.0.10_postcss@8.5.28__csso@5.0.5_esbuild@0.28._e880896f3a151cb8cc72e4403296ae2c/node_modules/webpack/types.d.ts(27607,16): error TS2503: Cannot find namespace 'NodeJS'.
node_modules/.pnpm/webpack@5.110.3_clean-css@5.3.3_cssnano@8.0.10_postcss@8.5.28__csso@5.0.5_esbuild@0.28._e880896f3a151cb8cc72e4403296ae2c/node_modules/webpack/types.d.ts(27615,16): error TS2503: Cannot find namespace 'NodeJS'.
node_modules/.pnpm/webpack@5.110.3_clean-css@5.3.3_cssnano@8.0.10_postcss@8.5.28__csso@5.0.5_esbuild@0.28._e880896f3a151cb8cc72e4403296ae2c/node_modules/webpack/types.d.ts(27671,26): error TS2503: Cannot find namespace 'NodeJS'.
node_modules/.pnpm/webpack@5.110.3_clean-css@5.3.3_cssnano@8.0.10_postcss@8.5.28__csso@5.0.5_esbuild@0.28._e880896f3a151cb8cc72e4403296ae2c/node_modules/webpack/types.d.ts(27676,26): error TS2503: Cannot find namespace 'NodeJS'.
node_modules/.pnpm/webpack@5.110.3_clean-css@5.3.3_cssnano@8.0.10_postcss@8.5.28__csso@5.0.5_esbuild@0.28._e880896f3a151cb8cc72e4403296ae2c/node_modules/webpack/types.d.ts(27682,16): error TS2503: Cannot find namespace 'NodeJS'.
node_modules/.pnpm/webpack@5.110.3_clean-css@5.3.3_cssnano@8.0.10_postcss@8.5.28__csso@5.0.5_esbuild@0.28._e880896f3a151cb8cc72e4403296ae2c/node_modules/webpack/types.d.ts(27690,16): error TS2503: Cannot find namespace 'NodeJS'.
node_modules/.pnpm/webpack@5.110.3_clean-css@5.3.3_cssnano@8.0.10_postcss@8.5.28__csso@5.0.5_esbuild@0.28._e880896f3a151cb8cc72e4403296ae2c/node_modules/webpack/types.d.ts(29445,52): error TS2503: Cannot find namespace 'NodeJS'.
node_modules/.pnpm/webpack@5.110.3_clean-css@5.3.3_cssnano@8.0.10_postcss@8.5.28__csso@5.0.5_esbuild@0.28._e880896f3a151cb8cc72e4403296ae2c/node_modules/webpack/types.d.ts(29891,18): error TS2503: Cannot find namespace 'NodeJS'.
node_modules/.pnpm/webpack@5.110.3_clean-css@5.3.3_cssnano@8.0.10_postcss@8.5.28__csso@5.0.5_esbuild@0.28._e880896f3a151cb8cc72e4403296ae2c/node_modules/webpack/types.d.ts(29893,26): error TS2503: Cannot find namespace 'NodeJS'.
node_modules/.pnpm/webpack@5.110.3_clean-css@5.3.3_cssnano@8.0.10_postcss@8.5.28__csso@5.0.5_esbuild@0.28._e880896f3a151cb8cc72e4403296ae2c/node_modules/webpack/types.d.ts(29897,18): error TS2503: Cannot find namespace 'NodeJS'.
node_modules/.pnpm/webpack@5.110.3_clean-css@5.3.3_cssnano@8.0.10_postcss@8.5.28__csso@5.0.5_esbuild@0.28._e880896f3a151cb8cc72e4403296ae2c/node_modules/webpack/types.d.ts(29898,26): error TS2503: Cannot find namespace 'NodeJS'.
packages/binding/dist/compiler-binding-contract.d.ts(6,51): error TS2304: Cannot find name 'Disposable'.
packages/binding/dist/compiler-binding-contract.d.ts(36,57): error TS2304: Cannot find name 'Disposable'.
packages/binding/dist/tooling-binding-contract.d.ts(5,50): error TS2304: Cannot find name 'Disposable'.
packages/compiler/dist/compiler.d.ts(22,44): error TS2304: Cannot find name 'Disposable'.
packages/compiler/dist/compiler.d.ts(33,11): error TS2550: Property 'dispose' does not exist on type 'SymbolConstructor'. Do you need to change your target library? Try changing the 'lib' compiler option to 'esnext' or later.
packages/compiler/dist/stylesheet/public.d.ts(125,56): error TS2304: Cannot find name 'Disposable'.
packages/compiler/dist/stylesheet/public.d.ts(135,11): error TS2550: Property 'dispose' does not exist on type 'SymbolConstructor'. Do you need to change your target library? Try changing the 'lib' compiler option to 'esnext' or later.
packages/css/dist/engine/binding.d.ts(68,35): error TS2304: Cannot find name 'Disposable'.
packages/css/dist/render-session.d.ts(44,49): error TS2304: Cannot find name 'Disposable'.
packages/css/dist/render-session.d.ts(52,11): error TS2550: Property 'dispose' does not exist on type 'SymbolConstructor'. Do you need to change your target library? Try changing the 'lib' compiler option to 'esnext' or later.
packages/tooling/dist/scanner/core.d.ts(3,30): error TS2591: Cannot find name 'node:events'. Do you need to install type definitions for node? Try `npm i --save-dev @types/node` and then add 'node' to the types field in your tsconfig.
packages/tooling/dist/scanner/core.d.ts(50,64): error TS2304: Cannot find name 'AsyncDisposable'.
packages/tooling/dist/scanner/core.d.ts(74,11): error TS2550: Property 'asyncDispose' does not exist on type 'SymbolConstructor'. Do you need to change your target library? Try changing the 'lib' compiler option to 'esnext' or later.
