
 RUN  v5.0.0 /Users/aron/master/css

 ❯ packages/webpack/tests/bug-hunt-static-watch-recovery.test.ts (2 tests | 2 failed) 3229ms
   × watch reports a missing child as compilation errors and recovers without invalidation 1679ms
   × watch reports a missing resource as compilation errors and recovers without invalidation 1549ms

⎯⎯⎯⎯⎯⎯⎯ Failed Tests 2 ⎯⎯⎯⎯⎯⎯⎯

 FAIL  packages/webpack/tests/bug-hunt-static-watch-recovery.test.ts > watch reports a missing child as compilation errors and recovers without invalidation
AssertionError: expected [ …(9) ] to include '/private/var/folders/_b/768dhtz56ns54…'
 ❯ packages/webpack/tests/bug-hunt-static-watch-recovery.test.ts:38:59
     36|     expect(failed.fatal).toBeNull()
     37|     expect(failed.stats?.hasErrors()).toBe(true)
     38|     expect(failed.stats?.compilation.missingDependencies).toContain(ta…
       |                                                           ^
     39|     const beforeRestore = results.length
     40|     writeFileSync(target, missing === 'child' ? childCSS.replace('red'…

⎯⎯⎯⎯⎯⎯⎯⎯⎯⎯⎯⎯⎯⎯⎯⎯⎯⎯⎯⎯⎯⎯⎯⎯[1/2]⎯

 FAIL  packages/webpack/tests/bug-hunt-static-watch-recovery.test.ts > watch reports a missing resource as compilation errors and recovers without invalidation
AssertionError: expected Error: ENOENT: no such file or directory,… { …(4) } to be null

- Expected:
null

+ Received:
Error {
  "message": "ENOENT: no such file or directory, open '/private/var/folders/_b/768dhtz56ns54x1r867j67280000gn/T/master-webpack-watch-test-bsW0MB/pixel.svg'",
  "errno": -2,
  "code": "ENOENT",
  "syscall": "open",
  "path": "/private/var/folders/_b/768dhtz56ns54x1r867j67280000gn/T/master-webpack-watch-test-bsW0MB/pixel.svg",
}

 ❯ packages/webpack/tests/bug-hunt-static-watch-recovery.test.ts:36:26
     34|     unlinkSync(target)
     35|     const failed = await next(beforeDelete, result => Boolean(result.f…
     36|     expect(failed.fatal).toBeNull()
       |                          ^
     37|     expect(failed.stats?.hasErrors()).toBe(true)
     38|     expect(failed.stats?.compilation.missingDependencies).toContain(ta…

⎯⎯⎯⎯⎯⎯⎯⎯⎯⎯⎯⎯⎯⎯⎯⎯⎯⎯⎯⎯⎯⎯⎯⎯[2/2]⎯


 Test Files  1 failed (1)
      Tests  2 failed (2)
   Start at  00:52:15
   Duration  3.67s (tests 90%, transform 7%, import 3%)

