ℹ tsdown v0.23.0 powered by rolldown v1.2.7
ℹ config file: /private/var/folders/_b/768dhtz56ns54x1r867j67280000gn/T/master-webpack-copy-bsuvgkej/shared/tsdown-package.config.ts 
ℹ entry: src/index.ts, src/options.ts, src/plugin.ts, src/runtime.ts, src/stylesheet-loader.ts, src/plugins/generated-css-assets.ts, src/plugins/manifest-json-assets.ts, src/plugins/manifest-loader.ts, src/plugins/manifest-virtual-module.ts, src/plugins/runtime-entry.ts, src/plugins/runtime-html-assets.ts, src/plugins/scanner-lifecycle.ts, src/plugins/style-entry.ts, src/plugins/usage-graph.ts, src/plugins/virtual-css-import.ts, src/plugins/virtual-modules.ts, src/utils/build-stylesheet-delivery.ts, src/utils/file-dependencies.ts, src/utils/path.ts, src/utils/stylesheet-slot.ts, src/utils/transform-style-source.ts
ℹ target: node24.0.0
ℹ tsconfig: tsconfig.prod.json
ℹ Build start
TypeScript 7.0 does not yet have a stable API and is experimental. Some options will be unavailable.
ℹ dist/plugin.js                                14.82 kB │ gzip:  3.46 kB
ℹ dist/plugins/runtime-html-assets.js            5.36 kB │ gzip:  1.69 kB
ℹ dist/plugins/generated-css-assets.js           3.42 kB │ gzip:  1.20 kB
ℹ dist/utils/transform-style-source.js           3.08 kB │ gzip:  0.97 kB
ℹ dist/plugins/manifest-loader.js                2.96 kB │ gzip:  1.01 kB
ℹ dist/utils/build-stylesheet-delivery.js        2.80 kB │ gzip:  1.11 kB
ℹ dist/plugins/usage-graph.js                    2.11 kB │ gzip:  0.81 kB
ℹ dist/stylesheet-loader.js                      2.10 kB │ gzip:  0.83 kB
ℹ dist/plugins/manifest-virtual-module.js        1.59 kB │ gzip:  0.50 kB
ℹ dist/plugins/scanner-lifecycle.js              1.49 kB │ gzip:  0.61 kB
ℹ dist/runtime.js                                1.45 kB │ gzip:  0.58 kB
ℹ dist/plugins/runtime-entry.js                  1.16 kB │ gzip:  0.55 kB
ℹ dist/plugins/virtual-modules.js                0.96 kB │ gzip:  0.42 kB
ℹ dist/plugins/manifest-json-assets.js           0.84 kB │ gzip:  0.41 kB
ℹ dist/options.js                                0.70 kB │ gzip:  0.30 kB
ℹ dist/utils/path.js                             0.70 kB │ gzip:  0.34 kB
ℹ dist/plugins/style-entry.js                    0.66 kB │ gzip:  0.38 kB
ℹ dist/plugins/virtual-css-import.js             0.59 kB │ gzip:  0.32 kB
ℹ dist/utils/file-dependencies.js                0.46 kB │ gzip:  0.20 kB
ℹ dist/utils/stylesheet-slot.js                  0.36 kB │ gzip:  0.25 kB
ℹ dist/index.js                                  0.12 kB │ gzip:  0.09 kB
ℹ dist/preset/src/default-manifest.js          117.06 kB │ gzip: 12.81 kB
ℹ dist/schema/src/manifest-json.js               2.20 kB │ gzip:  0.71 kB
ℹ dist/internal/src/manifest-facade.js           2.04 kB │ gzip:  0.77 kB
ℹ dist/internal/src/node.js                      1.41 kB │ gzip:  0.53 kB
ℹ dist/internal/src/manifest-loader.js           1.21 kB │ gzip:  0.49 kB
ℹ dist/internal/src/manifest-module.js           0.88 kB │ gzip:  0.38 kB
ℹ dist/internal/src/emitted-globals-module.js    0.75 kB │ gzip:  0.33 kB
ℹ dist/internal/src/style-module.js              0.74 kB │ gzip:  0.40 kB
ℹ dist/internal/src/project.js                   0.48 kB │ gzip:  0.25 kB
ℹ dist/plugin.d.ts                               4.78 kB │ gzip:  1.25 kB
ℹ dist/options.d.ts                              1.09 kB │ gzip:  0.34 kB
ℹ dist/utils/build-stylesheet-delivery.d.ts      0.77 kB │ gzip:  0.36 kB
ℹ dist/stylesheet-loader.d.ts                    0.57 kB │ gzip:  0.29 kB
ℹ dist/utils/transform-style-source.d.ts         0.43 kB │ gzip:  0.26 kB
ℹ dist/utils/path.d.ts                           0.36 kB │ gzip:  0.20 kB
ℹ dist/utils/file-dependencies.d.ts              0.34 kB │ gzip:  0.19 kB
ℹ dist/plugins/manifest-virtual-module.d.ts      0.29 kB │ gzip:  0.18 kB
ℹ dist/plugins/virtual-modules.d.ts              0.28 kB │ gzip:  0.18 kB
ℹ dist/plugins/generated-css-assets.d.ts         0.28 kB │ gzip:  0.18 kB
ℹ dist/plugins/manifest-json-assets.d.ts         0.28 kB │ gzip:  0.18 kB
ℹ dist/plugins/runtime-html-assets.d.ts          0.27 kB │ gzip:  0.18 kB
ℹ dist/plugins/virtual-css-import.d.ts           0.27 kB │ gzip:  0.18 kB
ℹ dist/plugins/scanner-lifecycle.d.ts            0.27 kB │ gzip:  0.18 kB
ℹ dist/plugins/manifest-loader.d.ts              0.26 kB │ gzip:  0.18 kB
ℹ dist/plugins/runtime-entry.d.ts                0.26 kB │ gzip:  0.17 kB
ℹ dist/index.d.ts                                0.26 kB │ gzip:  0.13 kB
ℹ dist/plugins/style-entry.d.ts                  0.25 kB │ gzip:  0.17 kB
ℹ dist/plugins/usage-graph.d.ts                  0.25 kB │ gzip:  0.17 kB
ℹ dist/utils/stylesheet-slot.d.ts                0.13 kB │ gzip:  0.12 kB
ℹ dist/runtime.d.ts                              0.01 kB │ gzip:  0.03 kB
ℹ 51 files, total: 186.22 kB
✔ Build complete in 114ms
