(!) Your Vite config uses features that are unsupported by `configLoader: 'native'`, which is planned to become the default in a future major version of Vite:
  - import "../../shared/vitest.config" without a file extension (vitest.config.ts:2:20). Add the file extension
  - import "./vitest-ci-config" without a file extension (../../shared/vitest.config.ts:2:58). Add the file extension
Set `VITE_CONFIG_NATIVE_IGNORE_WARNING=true` to suppress this warning.

 RUN  v5.0.0 /private/var/folders/_b/768dhtz56ns54x1r867j67280000gn/T/master-webpack-copy-89tjwi90/packages/webpack

[success] ../styles/usage.js 1 classes inserted in 0.4ms 
 ❯ tests/bug-hunt-active-graph.test.ts (3 tests | 1 failed) 6907ms
   × removal retains shared resource owners and clears detached scanner classes 939ms

⎯⎯⎯⎯⎯⎯⎯ Failed Tests 1 ⎯⎯⎯⎯⎯⎯⎯

 FAIL  tests/bug-hunt-active-graph.test.ts > removal retains shared resource owners and clears detached scanner classes
Error: ERROR in ../styles/usage.js 1:36
Module parse failed: Unexpected token (1:36)
File was parsed as module type 'javascript/auto'.
You may need an appropriate loader to handle this file type, currently no loaders are configured to process this file. See https://webpack.js.org/concepts#loaders
> 1 | globalThis.ownedMarkup="<div class="fg:red">owned</div>"
    |                                     ^

 ❯ Watching.handler tests/bug-hunt-active-graph.test.ts:29:58
     27|   const results: (Result | Error)[] = [], listeners = new Set<() => vo…
     28|   const watching = compiler.watch({ aggregateTimeout: 20 }, (error, st…
     29|     results.push(error ?? (!stats || stats.hasErrors() ? new Error(sta…
       |                                                          ^
     30|       stats, assets: Object.fromEntries(stats.compilation.getAssets().…
     31|     }))
 ❯ ../../../../../../../../../Users/aron/master/css/node_modules/.pnpm/webpack@5.110.3_clean-css@5.3.3_cssnano@8.0.10_postcss@8.5.28__csso@5.0.5_esbuild@0.28._e880896f3a151cb8cc72e4403296ae2c/node_modules/webpack/lib/Watching.js:336:9
 ❯ Hook.eval [as callAsync] ../../../../../../../../../Users/aron/master/css/node_modules/.pnpm/tapable@2.3.3/node_modules/tapable/lib/HookCodeFactory.js:31:10
 ❯ Watching._done ../../../../../../../../../Users/aron/master/css/node_modules/.pnpm/webpack@5.110.3_clean-css@5.3.3_cssnano@8.0.10_postcss@8.5.28__csso@5.0.5_esbuild@0.28._e880896f3a151cb8cc72e4403296ae2c/node_modules/webpack/lib/Watching.js:333:28
 ❯ onCompiled ../../../../../../../../../Users/aron/master/css/node_modules/.pnpm/webpack@5.110.3_clean-css@5.3.3_cssnano@8.0.10_postcss@8.5.28__csso@5.0.5_esbuild@0.28._e880896f3a151cb8cc72e4403296ae2c/node_modules/webpack/lib/Watching.js:209:19
 ❯ ../../../../../../../../../Users/aron/master/css/node_modules/.pnpm/webpack@5.110.3_clean-css@5.3.3_cssnano@8.0.10_postcss@8.5.28__csso@5.0.5_esbuild@0.28._e880896f3a151cb8cc72e4403296ae2c/node_modules/webpack/lib/Compiler.js:1477:17
 ❯ Hook.eval [as callAsync] ../../../../../../../../../Users/aron/master/css/node_modules/.pnpm/tapable@2.3.3/node_modules/tapable/lib/HookCodeFactory.js:31:10
 ❯ ../../../../../../../../../Users/aron/master/css/node_modules/.pnpm/webpack@5.110.3_clean-css@5.3.3_cssnano@8.0.10_postcss@8.5.28__csso@5.0.5_esbuild@0.28._e880896f3a151cb8cc72e4403296ae2c/node_modules/webpack/lib/Compiler.js:1473:33
 ❯ finalCallback ../../../../../../../../../Users/aron/master/css/node_modules/.pnpm/webpack@5.110.3_clean-css@5.3.3_cssnano@8.0.10_postcss@8.5.28__csso@5.0.5_esbuild@0.28._e880896f3a151cb8cc72e4403296ae2c/node_modules/webpack/lib/Compilation.js:3608:11
 ❯ ../../../../../../../../../Users/aron/master/css/node_modules/.pnpm/webpack@5.110.3_clean-css@5.3.3_cssnano@8.0.10_postcss@8.5.28__csso@5.0.5_esbuild@0.28._e880896f3a151cb8cc72e4403296ae2c/node_modules/webpack/lib/Compilation.js:3958:12

⎯⎯⎯⎯⎯⎯⎯⎯⎯⎯⎯⎯⎯⎯⎯⎯⎯⎯⎯⎯⎯⎯⎯⎯[1/1]⎯


 Test Files  1 failed (1)
      Tests  1 failed | 2 passed (3)
   Start at  01:52:12
   Duration  7.35s (tests 95%, transform 3%, import 2%)

