(!) Your Vite config uses features that are unsupported by `configLoader: 'native'`, which is planned to become the default in a future major version of Vite:
  - import "../../shared/vitest.config" without a file extension (vitest.config.ts:2:20). Add the file extension
  - import "./vitest-ci-config" without a file extension (../../shared/vitest.config.ts:2:58). Add the file extension
Set `VITE_CONFIG_NATIVE_IGNORE_WARNING=true` to suppress this warning.

 RUN  v5.0.0 /private/var/folders/_b/768dhtz56ns54x1r867j67280000gn/T/master-webpack-copy-3mgrd0se/packages/webpack

[log]
[success] page.tsx 1 classes inserted in 0.2ms 
[log]
[log]
[success] ../styles/usage.js 1 classes inserted in 0.3ms 
[log]
[log]
[log]
[log]
[log]
[log]
[log]
[log]
[log]
[log]
[log]
[log]
[log]
[log]
[log]

 Test Files  11 passed (11)
      Tests  85 passed (85)
   Start at  01:58:01
   Duration  44.68s (tests 97%, import 2%, transform 1%)

