(!) Your Vite config uses features that are unsupported by `configLoader: 'native'`, which is planned to become the default in a future major version of Vite:
  - import "../../shared/vitest.config" without a file extension (vitest.config.ts:2:20). Add the file extension
  - import "./vitest-ci-config" without a file extension (../../shared/vitest.config.ts:2:58). Add the file extension
Set `VITE_CONFIG_NATIVE_IGNORE_WARNING=true` to suppress this warning.

 RUN  v5.0.0 /private/var/folders/_b/768dhtz56ns54x1r867j67280000gn/T/master-webpack-copy-89tjwi90/packages/webpack

[log]
[success] page.tsx 1 classes inserted in 0.2ms 
[log]
[log]
[success] ../styles/usage.js 1 classes inserted in 0.3ms 
 ❯ tests/bug-hunt-active-graph.test.ts (3 tests | 1 failed) 21018ms
   × removal retains shared resource owners and clears detached scanner classes 13669ms
[log]
[log]
[log]
[log]
[log]
[log]
[log]
[log]
[log]
[log]
[log]
[log]
[log]
[log]
[log]

⎯⎯⎯⎯⎯⎯⎯ Failed Tests 1 ⎯⎯⎯⎯⎯⎯⎯

 FAIL  tests/bug-hunt-active-graph.test.ts > removal retains shared resource owners and clears detached scanner classes
Error: No one watch result
 ❯ Timeout._onTimeout tests/bug-hunt-active-graph.test.ts:44:71
     42|       else resolve(result)
     43|     }
     44|     const timer = setTimeout(() => { listeners.delete(inspect);reject(…
       |                                                                       ^
     45|     listeners.add(inspect);inspect()
     46|   })

⎯⎯⎯⎯⎯⎯⎯⎯⎯⎯⎯⎯⎯⎯⎯⎯⎯⎯⎯⎯⎯⎯⎯⎯[1/1]⎯


 Test Files  1 failed | 10 passed (11)
      Tests  1 failed | 84 passed (85)
   Start at  01:53:44
   Duration  56.77s (tests 97%, import 2%, transform 1%)

