(!) Your Vite config uses features that are unsupported by `configLoader: 'native'`, which is planned to become the default in a future major version of Vite:
  - import "../../shared/vitest.config" without a file extension (vitest.config.ts:2:20). Add the file extension
  - import "./vitest-ci-config" without a file extension (../../shared/vitest.config.ts:2:58). Add the file extension
Set `VITE_CONFIG_NATIVE_IGNORE_WARNING=true` to suppress this warning.

 RUN  v5.0.0 /private/var/folders/_b/768dhtz56ns54x1r867j67280000gn/T/master-webpack-copy-89tjwi90/packages/webpack

[success] ../styles/usage.js 1 classes inserted in 0.3ms 
 ❯ tests/bug-hunt-active-graph.test.ts (3 tests | 2 failed) 5184ms
   × removed stylesheet releases dependencies and restores on reattachment: cache=false 1644ms
   × removed stylesheet releases dependencies and restores on reattachment: cache=true 1357ms

⎯⎯⎯⎯⎯⎯⎯ Failed Tests 2 ⎯⎯⎯⎯⎯⎯⎯

 FAIL  tests/bug-hunt-active-graph.test.ts > removed stylesheet releases dependencies and restores on reattachment: cache=false
 FAIL  tests/bug-hunt-active-graph.test.ts > removed stylesheet releases dependencies and restores on reattachment: cache=true
AssertionError: expected [ …(10) ] to include '/private/var/folders/_b/768dhtz56ns54…'
 ❯ tests/bug-hunt-active-graph.test.ts:72:62
     70|     expect([...detached.stats.compilation.fileDependencies]).not.toCon…
     71|     expect(plugin.stylesheets.snapshot().sourceIds).not.toContain(shee…
     72|     expect([...detached.stats.compilation.fileDependencies]).toContain…
       |                                                              ^
     73|     const restored = await step('unchanged-reattached', ['../styles/en…
     74|     expect(Object.values(restored.assets).join('\n')).toContain('color…
 ❯ watchScenario tests/bug-hunt-active-graph.test.ts:48:5
 ❯ tests/bug-hunt-active-graph.test.ts:61:3

⎯⎯⎯⎯⎯⎯⎯⎯⎯⎯⎯⎯⎯⎯⎯⎯⎯⎯⎯⎯⎯⎯⎯⎯[1/2]⎯


 Test Files  1 failed (1)
      Tests  2 failed | 1 passed (3)
   Start at  01:52:42
   Duration  5.58s (tests 94%, transform 4%, import 2%)

