(!) Your Vite config uses features that are unsupported by `configLoader: 'native'`, which is planned to become the default in a future major version of Vite:
  - import "../../shared/vitest.config" without a file extension (vitest.config.ts:2:20). Add the file extension
  - import "./vitest-ci-config" without a file extension (../../shared/vitest.config.ts:2:58). Add the file extension
Set `VITE_CONFIG_NATIVE_IGNORE_WARNING=true` to suppress this warning.

 RUN  v5.0.0 /private/var/folders/_b/768dhtz56ns54x1r867j67280000gn/T/master-webpack-copy-2ycydhh4/packages/webpack

[log]
[success] page.tsx 1 classes inserted in 0.2ms 
[log]
[log]
[success] ../styles/usage.js 1 classes inserted in 0.3ms 
 ❯ tests/bug-hunt-active-graph.test.ts (3 tests | 2 failed) 30555ms
   × removed stylesheet releases dependencies and restores on reattachment: cache=true 13375ms
   × removal retains shared resource owners and clears detached scanner classes 13562ms
[log]
[log]
[log]
[log]
[log]
[log]
[log]
[log]
[log]
[log]
[log]
[log]
[log]
[log]
[log]
[log]
[log]
[log]
[log]
[log]
[log]

⎯⎯⎯⎯⎯⎯⎯ Failed Tests 2 ⎯⎯⎯⎯⎯⎯⎯

 FAIL  tests/bug-hunt-active-graph.test.ts > removed stylesheet releases dependencies and restores on reattachment: cache=true
Error: No detached watch result; callbacks=1
 ❯ Timeout._onTimeout tests/bug-hunt-active-graph.test.ts:51:71
     49|       else resolve(result)
     50|     }
     51|     const timer = setTimeout(() => { listeners.delete(inspect);reject(…
       |                                                                       ^
     52|     listeners.add(inspect);inspect()
     53|   })

⎯⎯⎯⎯⎯⎯⎯⎯⎯⎯⎯⎯⎯⎯⎯⎯⎯⎯⎯⎯⎯⎯⎯⎯[1/2]⎯

 FAIL  tests/bug-hunt-active-graph.test.ts > removal retains shared resource owners and clears detached scanner classes
Error: No one watch result; callbacks=1
 ❯ Timeout._onTimeout tests/bug-hunt-active-graph.test.ts:51:71
     49|       else resolve(result)
     50|     }
     51|     const timer = setTimeout(() => { listeners.delete(inspect);reject(…
       |                                                                       ^
     52|     listeners.add(inspect);inspect()
     53|   })

⎯⎯⎯⎯⎯⎯⎯⎯⎯⎯⎯⎯⎯⎯⎯⎯⎯⎯⎯⎯⎯⎯⎯⎯[2/2]⎯


 Test Files  1 failed | 11 passed (12)
      Tests  2 failed | 86 passed (88)
   Start at  02:17:16
   Duration  68.38s (tests 98%, import 1%, transform 1%)

