(!) Your Vite config uses features that are unsupported by `configLoader: 'native'`, which is planned to become the default in a future major version of Vite:
  - import "../../shared/vitest.config" without a file extension (vitest.config.ts:2:20). Add the file extension
  - import "./vitest-ci-config" without a file extension (../../shared/vitest.config.ts:2:58). Add the file extension
Set `VITE_CONFIG_NATIVE_IGNORE_WARNING=true` to suppress this warning.

 RUN  v5.0.0 /private/var/folders/_b/768dhtz56ns54x1r867j67280000gn/T/master-webpack-copy-y3tvregh/packages/webpack

[log]
[success] page.tsx 1 classes inserted in 0.1ms 
[log]
[success] ../styles/usage.js 1 classes inserted in 0.3ms 
 ❯ tests/bug-hunt-static-watch-recovery.test.ts (2 tests | 1 failed) 13225ms
   × watch reports a missing child as compilation errors and recovers without invalidation 10791ms
[log]
[log]
[log]
[log]
[log]
[log]
[log]
[log]
[log]
[log]
[log]
[log]
[log]
[log]
[log]
[log]
[log]
[log]
[log]
[log]
[log]
[log]

⎯⎯⎯⎯⎯⎯⎯ Failed Tests 1 ⎯⎯⎯⎯⎯⎯⎯

 FAIL  tests/bug-hunt-static-watch-recovery.test.ts > watch reports a missing child as compilation errors and recovers without invalidation
Error: No automatic watch result in delete; events=[]; registrations=[{"phase":"initial","childExists":true,"files":["/private/var/folders/_b/768dhtz56ns54x1r867j67280000gn/T/master-webpack-watch-test-oRxfpX/entry.css","/private/var/folders/_b/768dhtz56ns54x1r867j67280000gn/T/master-webpack-watch-test-oRxfpX/child.css","/private/var/folders/_b/768dhtz56ns54x1r867j67280000gn/T/master-webpack-watch-test-oRxfpX/pixel.svg","/private/var/folders/_b/768dhtz56ns54x1r867j67280000gn/T/master-webpack-watch-test-oRxfpX/entry.js","/private/var/folders/_b/768dhtz56ns54x1r867j67280000gn/T/master-webpack-watch-test-oRxfpX","/private/var/folders/_b/768dhtz56ns54x1r867j67280000gn/T","/private/var/folders/_b/768dhtz56ns54x1r867j67280000gn","/private/var/folders/_b","/private/var/folders","/private/var","/private","/","/private/var/folders/_b/768dhtz56ns54x1r867j67280000gn/T/master-webpack-copy-y3tvregh/packages/webpack/package.json","/private/var/folders/_b/768dhtz56ns54x1r867j67280000gn/T/master-webpack-copy-y3tvregh/packages/webpack/dist/stylesheet-loader.js","/private/var/folders/_b/768dhtz56ns54x1r867j67280000gn/T/master-webpack-copy-y3tvregh/packages/webpack/dist","/private/var/folders/_b/768dhtz56ns54x1r867j67280000gn/T/master-webpack-copy-y3tvregh/packages/webpack","/private/var/folders/_b/768dhtz56ns54x1r867j67280000gn/T/master-webpack-copy-y3tvregh/packages","/private/var/folders/_b/768dhtz56ns54x1r867j67280000gn/T/master-webpack-copy-y3tvregh"]}]; after=1, results=[{"errors":[],"dependencies":["/private/var/folders/_b/768dhtz56ns54x1r867j67280000gn/T/master-webpack-watch-test-oRxfpX/entry.css","/private/var/folders/_b/768dhtz56ns54x1r867j67280000gn/T/master-webpack-watch-test-oRxfpX/child.css","/private/var/folders/_b/768dhtz56ns54x1r867j67280000gn/T/master-webpack-watch-test-oRxfpX/pixel.svg","/private/var/folders/_b/768dhtz56ns54x1r867j67280000gn/T/master-webpack-watch-test-oRxfpX/entry.js","/private/var/folders/_b/768dhtz56ns54x1r867j67280000gn/T/master-webpack-watch-test-oRxfpX","/private/var/folders/_b/768dhtz56ns54x1r867j67280000gn/T","/private/var/folders/_b/768dhtz56ns54x1r867j67280000gn","/private/var/folders/_b","/private/var/folders","/private/var","/private","/","/private/var/folders/_b/768dhtz56ns54x1r867j67280000gn/T/master-webpack-copy-y3tvregh/packages/webpack/package.json","/private/var/folders/_b/768dhtz56ns54x1r867j67280000gn/T/master-webpack-copy-y3tvregh/packages/webpack/dist/stylesheet-loader.js","/private/var/folders/_b/768dhtz56ns54x1r867j67280000gn/T/master-webpack-copy-y3tvregh/packages/webpack/dist","/private/var/folders/_b/768dhtz56ns54x1r867j67280000gn/T/master-webpack-copy-y3tvregh/packages/webpack","/private/var/folders/_b/768dhtz56ns54x1r867j67280000gn/T/master-webpack-copy-y3tvregh/packages","/private/var/folders/_b/768dhtz56ns54x1r867j67280000gn/T/master-webpack-copy-y3tvregh"],"missing":["/private/var/folders/_b/768dhtz56ns54x1r867j67280000gn/T/master-webpack-watch-test-oRxfpX/package.json","/private/var/folders/_b/768dhtz56ns54x1r867j67280000gn/T/package.json","/private/var/folders/_b/768dhtz56ns54x1r867j67280000gn/package.json","/private/var/folders/_b/package.json","/private/var/folders/package.json","/private/var/package.json","/private/package.json","/package.json","/private/var/folders/_b/768dhtz56ns54x1r867j67280000gn/T/master-webpack-copy-y3tvregh/packages/webpack/dist/package.json"]}]
 ❯ Timeout._onTimeout tests/bug-hunt-static-watch-recovery.test.ts:60:73


⎯⎯⎯⎯⎯⎯⎯⎯⎯⎯⎯⎯⎯⎯⎯⎯⎯⎯⎯⎯⎯⎯⎯⎯[1/1]⎯


 Test Files  1 failed | 11 passed (12)
      Tests  1 failed | 87 passed (88)
   Start at  02:30:59
   Duration  56.15s (tests 97%, import 2%, transform 1%)

