(!) Your Vite config uses features that are unsupported by `configLoader: 'native'`, which is planned to become the default in a future major version of Vite:
  - import "../../shared/vitest.config" without a file extension (vitest.config.ts:2:20). Add the file extension
  - import "./vitest-ci-config" without a file extension (../../shared/vitest.config.ts:2:58). Add the file extension
Set `VITE_CONFIG_NATIVE_IGNORE_WARNING=true` to suppress this warning.

 RUN  v5.0.0 /private/var/folders/_b/768dhtz56ns54x1r867j67280000gn/T/master-webpack-copy-1l4mlnt3/packages/webpack

[success] ../styles/usage.js 1 classes inserted in 0.3ms 
[success] ../styles/usage.js 1 classes inserted in 0.3ms 
[success] ../styles/usage.js 1 classes inserted in 0.3ms 
[success] ../styles/usage.js 1 classes inserted in 0.3ms 
[success] ../styles/usage.js 1 classes inserted in 0.3ms 
[success] ../styles/usage.js 1 classes inserted in 0.3ms 
[success] ../styles/usage.js 1 classes inserted in 0.3ms 
[success] ../styles/usage.js 1 classes inserted in 0.3ms 
[success] ../styles/usage.js 1 classes inserted in 0.3ms 
[success] ../styles/usage.js 1 classes inserted in 0.3ms 
[success] ../styles/usage.js 1 classes inserted in 0.4ms 
[success] ../styles/usage.js 1 classes inserted in 0.4ms 
⎯⎯⎯⎯⎯⎯ Unhandled Errors ⎯⎯⎯⎯⎯⎯

Vitest caught 6 unhandled errors during the test run.
This might cause false positive tests. Resolve unhandled errors to make sure your tests are not affected.

⎯⎯⎯⎯⎯ Uncaught Exception ⎯⎯⎯⎯⎯
TypeError: current.watcher?.on is not a function
 ❯ NodeWatchFileSystem.filesystem.watch tests/bug-hunt-active-graph.test.ts:199:30
    197|           if (current && !tracedDirectories.has(current)) {
    198|             tracedDirectories.add(current)
    199|             current.watcher?.on('change', (type, filename) => record('…
       |                              ^
    200|             const setFileTime = current.setFileTime.bind(current)
    201|             current.setFileTime = (target, mtime, initial, ignoreWhenE…
 ❯ Watching.watch ../../../../../../../../../Users/aron/master/css/node_modules/.pnpm/webpack@5.110.3_clean-css@5.3.3_cssnano@8.0.10_postcss@8.5.28__csso@5.0.5_esbuild@0.28._e880896f3a151cb8cc72e4403296ae2c/node_modules/webpack/lib/Watching.js:378:36
 ❯ ../../../../../../../../../Users/aron/master/css/node_modules/.pnpm/webpack@5.110.3_clean-css@5.3.3_cssnano@8.0.10_postcss@8.5.28__csso@5.0.5_esbuild@0.28._e880896f3a151cb8cc72e4403296ae2c/node_modules/webpack/lib/Watching.js:350:13
 ❯ processTicksAndRejections node:internal/process/task_queues:85:11

This error originated in "tests/bug-hunt-active-graph.test.ts" test file. It doesn't mean the error was thrown inside the file itself, but while it was running.
The last test to run before this error was "removal retains shared resource owners and clears detached scanner classes: 0". This means either:
- the error was thrown while Vitest was running this test, or
- the error was thrown after the test completed, and this was the most recent test at that point.

⎯⎯⎯⎯⎯ Uncaught Exception ⎯⎯⎯⎯⎯
TypeError: current.watcher?.on is not a function
 ❯ NodeWatchFileSystem.filesystem.watch tests/bug-hunt-active-graph.test.ts:199:30
    197|           if (current && !tracedDirectories.has(current)) {
    198|             tracedDirectories.add(current)
    199|             current.watcher?.on('change', (type, filename) => record('…
       |                              ^
    200|             const setFileTime = current.setFileTime.bind(current)
    201|             current.setFileTime = (target, mtime, initial, ignoreWhenE…
 ❯ Watching.watch ../../../../../../../../../Users/aron/master/css/node_modules/.pnpm/webpack@5.110.3_clean-css@5.3.3_cssnano@8.0.10_postcss@8.5.28__csso@5.0.5_esbuild@0.28._e880896f3a151cb8cc72e4403296ae2c/node_modules/webpack/lib/Watching.js:378:36
 ❯ ../../../../../../../../../Users/aron/master/css/node_modules/.pnpm/webpack@5.110.3_clean-css@5.3.3_cssnano@8.0.10_postcss@8.5.28__csso@5.0.5_esbuild@0.28._e880896f3a151cb8cc72e4403296ae2c/node_modules/webpack/lib/Watching.js:350:13
 ❯ processTicksAndRejections node:internal/process/task_queues:85:11

This error originated in "tests/bug-hunt-active-graph.test.ts" test file. It doesn't mean the error was thrown inside the file itself, but while it was running.
The last test to run before this error was "removal retains shared resource owners and clears detached scanner classes: 1". This means either:
- the error was thrown while Vitest was running this test, or
- the error was thrown after the test completed, and this was the most recent test at that point.

⎯⎯⎯⎯⎯ Uncaught Exception ⎯⎯⎯⎯⎯
TypeError: current.watcher?.on is not a function
 ❯ NodeWatchFileSystem.filesystem.watch tests/bug-hunt-active-graph.test.ts:199:30
    197|           if (current && !tracedDirectories.has(current)) {
    198|             tracedDirectories.add(current)
    199|             current.watcher?.on('change', (type, filename) => record('…
       |                              ^
    200|             const setFileTime = current.setFileTime.bind(current)
    201|             current.setFileTime = (target, mtime, initial, ignoreWhenE…
 ❯ Watching.watch ../../../../../../../../../Users/aron/master/css/node_modules/.pnpm/webpack@5.110.3_clean-css@5.3.3_cssnano@8.0.10_postcss@8.5.28__csso@5.0.5_esbuild@0.28._e880896f3a151cb8cc72e4403296ae2c/node_modules/webpack/lib/Watching.js:378:36
 ❯ ../../../../../../../../../Users/aron/master/css/node_modules/.pnpm/webpack@5.110.3_clean-css@5.3.3_cssnano@8.0.10_postcss@8.5.28__csso@5.0.5_esbuild@0.28._e880896f3a151cb8cc72e4403296ae2c/node_modules/webpack/lib/Watching.js:350:13
 ❯ processTicksAndRejections node:internal/process/task_queues:85:11

This error originated in "tests/bug-hunt-active-graph.test.ts" test file. It doesn't mean the error was thrown inside the file itself, but while it was running.
The last test to run before this error was "removal retains shared resource owners and clears detached scanner classes: 2". This means either:
- the error was thrown while Vitest was running this test, or
- the error was thrown after the test completed, and this was the most recent test at that point.

⎯⎯⎯⎯⎯ Uncaught Exception ⎯⎯⎯⎯⎯
TypeError: current.watcher?.on is not a function
 ❯ NodeWatchFileSystem.filesystem.watch tests/bug-hunt-active-graph.test.ts:199:30
    197|           if (current && !tracedDirectories.has(current)) {
    198|             tracedDirectories.add(current)
    199|             current.watcher?.on('change', (type, filename) => record('…
       |                              ^
    200|             const setFileTime = current.setFileTime.bind(current)
    201|             current.setFileTime = (target, mtime, initial, ignoreWhenE…
 ❯ Watching.watch ../../../../../../../../../Users/aron/master/css/node_modules/.pnpm/webpack@5.110.3_clean-css@5.3.3_cssnano@8.0.10_postcss@8.5.28__csso@5.0.5_esbuild@0.28._e880896f3a151cb8cc72e4403296ae2c/node_modules/webpack/lib/Watching.js:378:36
 ❯ ../../../../../../../../../Users/aron/master/css/node_modules/.pnpm/webpack@5.110.3_clean-css@5.3.3_cssnano@8.0.10_postcss@8.5.28__csso@5.0.5_esbuild@0.28._e880896f3a151cb8cc72e4403296ae2c/node_modules/webpack/lib/Watching.js:350:13
 ❯ processTicksAndRejections node:internal/process/task_queues:85:11

This error originated in "tests/bug-hunt-active-graph.test.ts" test file. It doesn't mean the error was thrown inside the file itself, but while it was running.
The last test to run before this error was "removal retains shared resource owners and clears detached scanner classes: 3". This means either:
- the error was thrown while Vitest was running this test, or
- the error was thrown after the test completed, and this was the most recent test at that point.

⎯⎯⎯⎯⎯ Uncaught Exception ⎯⎯⎯⎯⎯
TypeError: current.watcher?.on is not a function
 ❯ NodeWatchFileSystem.filesystem.watch tests/bug-hunt-active-graph.test.ts:199:30
    197|           if (current && !tracedDirectories.has(current)) {
    198|             tracedDirectories.add(current)
    199|             current.watcher?.on('change', (type, filename) => record('…
       |                              ^
    200|             const setFileTime = current.setFileTime.bind(current)
    201|             current.setFileTime = (target, mtime, initial, ignoreWhenE…
 ❯ Watching.watch ../../../../../../../../../Users/aron/master/css/node_modules/.pnpm/webpack@5.110.3_clean-css@5.3.3_cssnano@8.0.10_postcss@8.5.28__csso@5.0.5_esbuild@0.28._e880896f3a151cb8cc72e4403296ae2c/node_modules/webpack/lib/Watching.js:378:36
 ❯ ../../../../../../../../../Users/aron/master/css/node_modules/.pnpm/webpack@5.110.3_clean-css@5.3.3_cssnano@8.0.10_postcss@8.5.28__csso@5.0.5_esbuild@0.28._e880896f3a151cb8cc72e4403296ae2c/node_modules/webpack/lib/Watching.js:350:13
 ❯ processTicksAndRejections node:internal/process/task_queues:85:11

This error originated in "tests/bug-hunt-active-graph.test.ts" test file. It doesn't mean the error was thrown inside the file itself, but while it was running.
The last test to run before this error was "removal retains shared resource owners and clears detached scanner classes: 4". This means either:
- the error was thrown while Vitest was running this test, or
- the error was thrown after the test completed, and this was the most recent test at that point.

⎯⎯⎯⎯⎯ Uncaught Exception ⎯⎯⎯⎯⎯
TypeError: current.watcher?.on is not a function
 ❯ NodeWatchFileSystem.filesystem.watch tests/bug-hunt-active-graph.test.ts:199:30
    197|           if (current && !tracedDirectories.has(current)) {
    198|             tracedDirectories.add(current)
    199|             current.watcher?.on('change', (type, filename) => record('…
       |                              ^
    200|             const setFileTime = current.setFileTime.bind(current)
    201|             current.setFileTime = (target, mtime, initial, ignoreWhenE…
 ❯ Watching.watch ../../../../../../../../../Users/aron/master/css/node_modules/.pnpm/webpack@5.110.3_clean-css@5.3.3_cssnano@8.0.10_postcss@8.5.28__csso@5.0.5_esbuild@0.28._e880896f3a151cb8cc72e4403296ae2c/node_modules/webpack/lib/Watching.js:378:36
 ❯ ../../../../../../../../../Users/aron/master/css/node_modules/.pnpm/webpack@5.110.3_clean-css@5.3.3_cssnano@8.0.10_postcss@8.5.28__csso@5.0.5_esbuild@0.28._e880896f3a151cb8cc72e4403296ae2c/node_modules/webpack/lib/Watching.js:350:13
 ❯ processTicksAndRejections node:internal/process/task_queues:85:11

This error originated in "tests/bug-hunt-active-graph.test.ts" test file. It doesn't mean the error was thrown inside the file itself, but while it was running.
The last test to run before this error was "removal retains shared resource owners and clears detached scanner classes: 5". This means either:
- the error was thrown while Vitest was running this test, or
- the error was thrown after the test completed, and this was the most recent test at that point.
⎯⎯⎯⎯⎯⎯⎯⎯⎯⎯⎯⎯⎯⎯⎯⎯⎯⎯⎯⎯⎯⎯⎯⎯⎯⎯⎯⎯⎯⎯


 Test Files  1 passed (1)
      Tests  6 passed | 2 skipped (8)
     Errors  6 errors
   Start at  02:46:21
   Duration  24.44s (tests 99%, transform 1%)

