(!) Your Vite config uses features that are unsupported by `configLoader: 'native'`, which is planned to become the default in a future major version of Vite:
  - import "../../shared/vitest.config" without a file extension (vitest.config.ts:2:20). Add the file extension
  - import "./vitest-ci-config" without a file extension (../../shared/vitest.config.ts:2:58). Add the file extension
Set `VITE_CONFIG_NATIVE_IGNORE_WARNING=true` to suppress this warning.

 RUN  v5.0.0 /private/var/folders/_b/768dhtz56ns54x1r867j67280000gn/T/master-webpack-copy-1l4mlnt3/packages/webpack

[success] ../styles/usage.js 1 classes inserted in 0.3ms 
[success] ../styles/usage.js 1 classes inserted in 0.3ms 
[success] ../styles/usage.js 1 classes inserted in 0.3ms 
[success] ../styles/usage.js 1 classes inserted in 0.3ms 
[success] ../styles/usage.js 1 classes inserted in 0.3ms 
[success] ../styles/usage.js 1 classes inserted in 0.3ms 
 ❯ tests/bug-hunt-active-graph.test.ts (8 tests | 1 failed | 2 skipped) 27960ms
   × removal retains shared resource owners and clears detached scanner classes: 5 13608ms

⎯⎯⎯⎯⎯⎯⎯ Failed Tests 1 ⎯⎯⎯⎯⎯⎯⎯

 FAIL  tests/bug-hunt-active-graph.test.ts > removal retains shared resource owners and clears detached scanner classes: 5
Error: No one watch result; callbacks=1
 ❯ Timeout._onTimeout tests/bug-hunt-active-graph.test.ts:57:71
     55|       else resolve(result)
     56|     }
     57|     const timer = setTimeout(() => { listeners.delete(inspect);reject(…
       |                                                                       ^
     58|     listeners.add(inspect);inspect()
     59|   })

⎯⎯⎯⎯⎯⎯⎯⎯⎯⎯⎯⎯⎯⎯⎯⎯⎯⎯⎯⎯⎯⎯⎯⎯[1/1]⎯


 Test Files  1 failed (1)
      Tests  1 failed | 5 passed | 2 skipped (8)
   Start at  02:43:54
   Duration  28.36s (tests 99%, transform 1%)

