{
  "mode": "native",
  "node": "v24.20.0",
  "uv": "1.52.1",
  "platform": "darwin",
  "scope": "Six independent owned directories; direct Node fs.watch or watchFile only. No Webpack, Watchpack, product imports or dependency modifications. Sequential writes wait for events, never forced invalidation.",
  "failures": 0,
  "runs": [
    {
      "iteration": 0,
      "edits": [
        {
          "stage": "both",
          "time": 1789066242027,
          "mtime": 1789066242027.5444
        },
        {
          "stage": "one",
          "time": 1789066242038,
          "mtime": 1789066242038.518
        },
        {
          "stage": "none",
          "time": 1789066242038,
          "mtime": 1789066242038.657
        }
      ],
      "events": [
        {
          "time": 1789066242038,
          "type": "change",
          "filename": "app",
          "source": "both"
        },
        {
          "time": 1789066242038,
          "type": "rename",
          "filename": "global.css",
          "source": "one"
        },
        {
          "time": 1789066242038,
          "type": "rename",
          "filename": "entry.js",
          "source": "none"
        }
      ],
      "observed": [
        "both",
        "one",
        "none"
      ],
      "finalDisk": "none"
    },
    {
      "iteration": 1,
      "edits": [
        {
          "stage": "both",
          "time": 1789066242039,
          "mtime": 1789066242039.844
        },
        {
          "stage": "one",
          "time": 1789066242050,
          "mtime": 1789066242050.4702
        },
        {
          "stage": "none",
          "time": 1789066242101,
          "mtime": 1789066242101.3547
        }
      ],
      "events": [
        {
          "time": 1789066242050,
          "type": "rename",
          "filename": "entry.js",
          "source": "both"
        },
        {
          "time": 1789066242101,
          "type": "rename",
          "filename": "entry.js",
          "source": "one"
        },
        {
          "time": 1789066242152,
          "type": "rename",
          "filename": "entry.js",
          "source": "none"
        }
      ],
      "observed": [
        "both",
        "one",
        "none"
      ],
      "finalDisk": "none"
    },
    {
      "iteration": 2,
      "edits": [
        {
          "stage": "both",
          "time": 1789066242153,
          "mtime": 1789066242153.362
        },
        {
          "stage": "one",
          "time": 1789066242164,
          "mtime": 1789066242164.3772
        },
        {
          "stage": "none",
          "time": 1789066242164,
          "mtime": 1789066242164.5347
        }
      ],
      "events": [
        {
          "time": 1789066242164,
          "type": "change",
          "filename": "app",
          "source": "both"
        },
        {
          "time": 1789066242164,
          "type": "rename",
          "filename": "global.css",
          "source": "one"
        },
        {
          "time": 1789066242164,
          "type": "rename",
          "filename": "entry.js",
          "source": "none"
        }
      ],
      "observed": [
        "both",
        "one",
        "none"
      ],
      "finalDisk": "none"
    },
    {
      "iteration": 3,
      "edits": [
        {
          "stage": "both",
          "time": 1789066242165,
          "mtime": 1789066242165.6165
        },
        {
          "stage": "one",
          "time": 1789066242175,
          "mtime": 1789066242175.2585
        },
        {
          "stage": "none",
          "time": 1789066242226,
          "mtime": 1789066242226.4253
        }
      ],
      "events": [
        {
          "time": 1789066242175,
          "type": "rename",
          "filename": "entry.js",
          "source": "both"
        },
        {
          "time": 1789066242226,
          "type": "rename",
          "filename": "entry.js",
          "source": "one"
        },
        {
          "time": 1789066242277,
          "type": "rename",
          "filename": "entry.js",
          "source": "none"
        }
      ],
      "observed": [
        "both",
        "one",
        "none"
      ],
      "finalDisk": "none"
    },
    {
      "iteration": 4,
      "edits": [
        {
          "stage": "both",
          "time": 1789066242278,
          "mtime": 1789066242278.8596
        },
        {
          "stage": "one",
          "time": 1789066242289,
          "mtime": 1789066242289.8967
        },
        {
          "stage": "none",
          "time": 1789066242290,
          "mtime": 1789066242290.081
        }
      ],
      "events": [
        {
          "time": 1789066242289,
          "type": "change",
          "filename": "app",
          "source": "both"
        },
        {
          "time": 1789066242290,
          "type": "rename",
          "filename": "global.css",
          "source": "one"
        },
        {
          "time": 1789066242290,
          "type": "rename",
          "filename": "entry.js",
          "source": "none"
        }
      ],
      "observed": [
        "both",
        "one",
        "none"
      ],
      "finalDisk": "none"
    },
    {
      "iteration": 5,
      "edits": [
        {
          "stage": "both",
          "time": 1789066242291,
          "mtime": 1789066242291.4844
        },
        {
          "stage": "one",
          "time": 1789066242301,
          "mtime": 1789066242301.6106
        },
        {
          "stage": "none",
          "time": 1789066242352,
          "mtime": 1789066242352.7295
        }
      ],
      "events": [
        {
          "time": 1789066242301,
          "type": "rename",
          "filename": "entry.js",
          "source": "both"
        },
        {
          "time": 1789066242352,
          "type": "rename",
          "filename": "entry.js",
          "source": "one"
        },
        {
          "time": 1789066242403,
          "type": "rename",
          "filename": "entry.js",
          "source": "none"
        }
      ],
      "observed": [
        "both",
        "one",
        "none"
      ],
      "finalDisk": "none"
    }
  ]
}
