(!) Your Vite config uses features that are unsupported by `configLoader: 'native'`, which is planned to become the default in a future major version of Vite:
  - import "../../shared/vitest.config" without a file extension (vitest.config.ts:2:20). Add the file extension
  - import "./vitest-ci-config" without a file extension (../../shared/vitest.config.ts:2:58). Add the file extension
Set `VITE_CONFIG_NATIVE_IGNORE_WARNING=true` to suppress this warning.

 RUN  v5.0.0 /private/var/folders/_b/768dhtz56ns54x1r867j67280000gn/T/master-next-copy-ok_jpz5i/packages/next

 ❯ tests/bug-hunt-static-asset-publication.test.ts (3 tests | 1 failed) 1924ms
   × static preparation rejects output failures and retries after the failure is removed 694ms

⎯⎯⎯⎯⎯⎯⎯ Failed Tests 1 ⎯⎯⎯⎯⎯⎯⎯

 FAIL  tests/bug-hunt-static-asset-publication.test.ts > static preparation rejects output failures and retries after the failure is removed
AssertionError: expected '@import "./next-style-194e5492d388497…' to match /color\s*:\s*red/

- Expected:
/color\s*:\s*red/

+ Received:
"@import \"./next-style-194e5492d388497d8d81da5e80940a3c4c3bc8e09edf5c770d881b6ea4d9c6c3-714616d99146eade69ee4024b5340c591fa44ba1618e19c88e5c95487efbb4c2.css\";
"

 ❯ tests/bug-hunt-static-asset-publication.test.ts:68:52
     66|     rmSync(join(root, '.master/next.css'), { recursive: true })
     67|     const state = (await prepareNextStatic({ mode: 'static' }, { proje…
     68|     expect(readFileSync(state.outputPath, 'utf8')).toMatch(/color\s*:\…
       |                                                    ^
     69|   } finally { await cleanup(root) }
     70| })

⎯⎯⎯⎯⎯⎯⎯⎯⎯⎯⎯⎯⎯⎯⎯⎯⎯⎯⎯⎯⎯⎯⎯⎯[1/1]⎯


 Test Files  1 failed (1)
      Tests  1 failed | 2 passed (3)
   Start at  03:02:27
   Duration  2.39s (tests 83%, transform 12%, import 5%)

