▲ Next.js 16.3.4 (Turbopack)
✓ Running next.config.js took 443ms
- Experiments (use with caution):
  · cpus: 1

  Creating an optimized production build ...
✓ Compiled successfully in 3.2s
  Running TypeScript ...
  Finished TypeScript in 6ms ...
  Collecting page data using 1 worker ...
  Generating static pages using 1 worker (0/3) ...
✓ Generating static pages using 1 worker (3/3) in 54ms
  Finalizing page optimization ...

Route (app)
┌ ○ /
└ ○ /_not-found


○  (Static)  prerendered as static content

{
  "scope": "Actual Next Turbopack static export, then three-browser rendering and SVG decoding of exported artifacts. No live HMR or dynamic SSR claim.",
  "observations": [
    {
      "browser": "chromium",
      "id": "direct",
      "background": "url(\"http://127.0.0.1:58607/_next/static/media/next-resource-9b2bdeea42f0da941fe65654ecbd4bd96c7377bcd2d8b7faef628affdfc58f89.2nma54lwo8nhx.svg\")",
      "status": 200,
      "width": 4,
      "height": 4,
      "body": "<svg xmlns=\"http://www.w3.org/2000/svg\" width=\"4\" height=\"4\"><path fill=\"red\" d=\"M0 0h4v4H0z\"/></svg>"
    },
    {
      "browser": "chromium",
      "id": "nested",
      "background": "url(\"http://127.0.0.1:58607/_next/static/media/next-resource-9ab9f644d71b00aa56003f1b842e6f6fa861a77ab757211143011fb07a89566c.3pwtvbarjo92x.svg\")",
      "status": 200,
      "width": 4,
      "height": 4,
      "body": "<svg xmlns=\"http://www.w3.org/2000/svg\" width=\"4\" height=\"4\"><path fill=\"blue\" d=\"M0 0h4v4H0z\"/></svg>"
    },
    {
      "browser": "chromium",
      "id": "generated",
      "padding": "32px"
    },
    {
      "browser": "firefox",
      "id": "direct",
      "background": "url(\"http://127.0.0.1:58607/_next/static/media/next-resource-9b2bdeea42f0da941fe65654ecbd4bd96c7377bcd2d8b7faef628affdfc58f89.2nma54lwo8nhx.svg\")",
      "status": 200,
      "width": 4,
      "height": 4,
      "body": "<svg xmlns=\"http://www.w3.org/2000/svg\" width=\"4\" height=\"4\"><path fill=\"red\" d=\"M0 0h4v4H0z\"/></svg>"
    },
    {
      "browser": "firefox",
      "id": "nested",
      "background": "url(\"http://127.0.0.1:58607/_next/static/media/next-resource-9ab9f644d71b00aa56003f1b842e6f6fa861a77ab757211143011fb07a89566c.3pwtvbarjo92x.svg\")",
      "status": 200,
      "width": 4,
      "height": 4,
      "body": "<svg xmlns=\"http://www.w3.org/2000/svg\" width=\"4\" height=\"4\"><path fill=\"blue\" d=\"M0 0h4v4H0z\"/></svg>"
    },
    {
      "browser": "firefox",
      "id": "generated",
      "padding": "32px"
    },
    {
      "browser": "webkit",
      "id": "direct",
      "background": "url(\"http://127.0.0.1:58607/_next/static/media/next-resource-9b2bdeea42f0da941fe65654ecbd4bd96c7377bcd2d8b7faef628affdfc58f89.2nma54lwo8nhx.svg\")",
      "status": 200,
      "width": 4,
      "height": 4,
      "body": "<svg xmlns=\"http://www.w3.org/2000/svg\" width=\"4\" height=\"4\"><path fill=\"red\" d=\"M0 0h4v4H0z\"/></svg>"
    },
    {
      "browser": "webkit",
      "id": "nested",
      "background": "url(\"http://127.0.0.1:58607/_next/static/media/next-resource-9ab9f644d71b00aa56003f1b842e6f6fa861a77ab757211143011fb07a89566c.3pwtvbarjo92x.svg\")",
      "status": 200,
      "width": 4,
      "height": 4,
      "body": "<svg xmlns=\"http://www.w3.org/2000/svg\" width=\"4\" height=\"4\"><path fill=\"blue\" d=\"M0 0h4v4H0z\"/></svg>"
    },
    {
      "browser": "webkit",
      "id": "generated",
      "padding": "32px"
    }
  ],
  "files": [
    {
      "file": "404.html",
      "sha256": "e3d41d37ce5bd07a34a4549096fc5d4e59b2b919ed8517d8f9eb5e99ff39df48"
    },
    {
      "file": "__next.__PAGE__.txt",
      "sha256": "cc9326add00a69ec53ba9a381bee9a68632a52e6113dfda4c36a3a4ae0d532c4"
    },
    {
      "file": "__next._full.txt",
      "sha256": "2204c957a611cb7fe6d422be72987b6dcf2b801bd3ec2360aaf6411968ca0ab9"
    },
    {
      "file": "__next._tree.txt",
      "sha256": "649e2d70fb1fdd33cc73a5e70c71896f5499cbdee227480685d0da38c7d895c8"
    },
    {
      "file": "_next/static/6-IcbwUaATdZhgBO2_DiS/_buildManifest.js",
      "sha256": "9476e0afd3f9da68a64e6ec58631191fd3eaca62c9f5a377e7517fe9a89e59ea"
    },
    {
      "file": "_next/static/6-IcbwUaATdZhgBO2_DiS/_clientMiddlewareManifest.js",
      "sha256": "5483e3295dc35dfe29ea932efc85341c916f10ff78ff5b0e965e003710893a4a"
    },
    {
      "file": "_next/static/6-IcbwUaATdZhgBO2_DiS/_ssgManifest.js",
      "sha256": "678f6ce2cb80b1fe72fc67e7412be6e2ab6ada083111b64f7c40d35e3cba5e00"
    },
    {
      "file": "_next/static/chunks/09xd9-7xlonox.js",
      "sha256": "83d9c1343c7034f4f08c254bf1976ff9723be20aef7df0135cb1b5d2dd42feda"
    },
    {
      "file": "_next/static/chunks/0cz1d0mv5g_q7.js",
      "sha256": "0973c1d64c88adc8e3c950410cb58b288f72118d5965b78049438deb8f2f9683"
    },
    {
      "file": "_next/static/chunks/13nu9qjbe2--a.js",
      "sha256": "c042a274794dc3eb3f4bb459ec671d87898667b86ed671b27fd7cb028a34466d"
    },
    {
      "file": "_next/static/chunks/16mlo_9dnpprg.css",
      "sha256": "6669003e39f85234492f4f5096bfa1feae00c4088c16df3ca97a2036712f685a"
    },
    {
      "file": "_next/static/chunks/1g5p3wzuxdw80.js",
      "sha256": "90c593f3b45f2af722a2e9211f6b2589c2fc1308d9360442d59620a67af00d4e"
    },
    {
      "file": "_next/static/chunks/1mi_l79v1lum8.js",
      "sha256": "dababa03f8a089b4d2682a2d669701e998cabdad4ccc08c12506cef8bebe7571"
    },
    {
      "file": "_next/static/chunks/turbopack-0b_yw9ibui8wc.js",
      "sha256": "90844ff36de6c87bed5f2ab6f3b11ee77179506374001d41fca8073623e7d0ef"
    },
    {
      "file": "_next/static/media/next-resource-9ab9f644d71b00aa56003f1b842e6f6fa861a77ab757211143011fb07a89566c.3pwtvbarjo92x.svg",
      "sha256": "9ab9f644d71b00aa56003f1b842e6f6fa861a77ab757211143011fb07a89566c"
    },
    {
      "file": "_next/static/media/next-resource-9b2bdeea42f0da941fe65654ecbd4bd96c7377bcd2d8b7faef628affdfc58f89.2nma54lwo8nhx.svg",
      "sha256": "9b2bdeea42f0da941fe65654ecbd4bd96c7377bcd2d8b7faef628affdfc58f89"
    },
    {
      "file": "_not-found/__next._full.txt",
      "sha256": "ddeae46ab50b9573e414f4ab44ac705e96485b3ceefcb2700ac55d2464634373"
    },
    {
      "file": "_not-found/__next._not-found.__PAGE__.txt",
      "sha256": "75f574530b1bcb1a60d2c5c5b6c683fc33560fb3580581582656fffb2d6c0da7"
    },
    {
      "file": "_not-found/__next._tree.txt",
      "sha256": "e54adc455dda32cf37ba77ce295dd2f39346b1f1fc49078953af82b93cfb3fb6"
    },
    {
      "file": "_not-found.html",
      "sha256": "e3d41d37ce5bd07a34a4549096fc5d4e59b2b919ed8517d8f9eb5e99ff39df48"
    },
    {
      "file": "_not-found.txt",
      "sha256": "ddeae46ab50b9573e414f4ab44ac705e96485b3ceefcb2700ac55d2464634373"
    },
    {
      "file": "index.html",
      "sha256": "60fa7a1f59308e6df28010f7074879170e7960d3c263a1d6c5320bb44958c73a"
    },
    {
      "file": "index.txt",
      "sha256": "2204c957a611cb7fe6d422be72987b6dcf2b801bd3ec2360aaf6411968ca0ab9"
    }
  ]
}
