(!) Your Vite config uses features that are unsupported by `configLoader: 'native'`, which is planned to become the default in a future major version of Vite:
  - import "../../shared/vitest.config" without a file extension (vitest.config.ts:2:20). Add the file extension
  - import "./vitest-ci-config" without a file extension (../../shared/vitest.config.ts:2:58). Add the file extension
Set `VITE_CONFIG_NATIVE_IGNORE_WARNING=true` to suppress this warning.

 RUN  v5.0.0 /Users/aron/master/css/.ai/audits/bug-hunt/tmp/master-next-copy-5oprky4y/packages/next

 ❯ tests/playground.test.ts (1 test | 1 failed) 462ms
   ❯ playground (1)
     × imports the global CSS entry as a Next config module 461ms

⎯⎯⎯⎯⎯⎯⎯ Failed Tests 1 ⎯⎯⎯⎯⎯⎯⎯

 FAIL  tests/playground.test.ts > playground > imports the global CSS entry as a Next config module
Error: Command failed: pnpm --dir /Users/aron/master/css/.ai/audits/bug-hunt/tmp/master-next-copy-5oprky4y/packages/next/playground build
$ pnpm --dir .. build && pnpm exec next build
$ tsdown --config ../../shared/tsdown-package.config.ts
TypeScript 7.0 does not yet have a stable API and is experimental. Some options will be unavailable.
Error: ERR_PNPM_RECURSIVE_EXEC_FIRST_FAIL

  × Command "next" not found

[ELIFECYCLE] Command failed with exit code 1.

ℹ tsdown v0.23.0 powered by rolldown v1.2.7
ℹ config file: /Users/aron/master/css/.ai/audits/bug-hunt/tmp/master-next-copy-5oprky4y/shared/tsdown-package.config.ts 
ℹ entry: src/adapter.ts, src/build-state.ts, src/css-manifest-import-loader.ts, src/css-manifest-loader.ts, src/empty.ts, src/index.ts, src/options.ts, src/prepare-stylesheet.ts, src/sass-source-context.ts, src/static-css-loader.ts, src/static-loader.ts, src/static-publication.ts, src/static.ts, src/stylesheet-loader.ts, src/stylesheet-source-map.ts, src/webpack-stylesheets.ts, src/webpack-virtual-modules.ts
ℹ target: node24.0.0
ℹ tsconfig: tsconfig.prod.json
ℹ Build start
ℹ Cleaning 46 files
ℹ dist/index.js                                 20.75 kB │ gzip:  4.17 kB
ℹ dist/adapter.js                                8.95 kB │ gzip:  2.83 kB
ℹ dist/static.js                                 8.35 kB │ gzip:  2.32 kB
ℹ dist/stylesheet-loader.js                      6.06 kB │ gzip:  1.72 kB
ℹ dist/css-manifest-loader.js                    4.63 kB │ gzip:  1.33 kB
ℹ dist/css-manifest-import-loader.js             4.38 kB │ gzip:  1.50 kB
ℹ dist/sass-source-context.js                    3.55 kB │ gzip:  1.42 kB
ℹ dist/static-publication.js                     3.06 kB │ gzip:  1.18 kB
ℹ dist/build-state.js                            2.66 kB │ gzip:  0.88 kB
ℹ dist/webpack-stylesheets.js                    2.65 kB │ gzip:  1.00 kB
ℹ dist/prepare-stylesheet.js                     1.50 kB │ gzip:  0.65 kB
ℹ dist/static-css-loader.js                      0.81 kB │ gzip:  0.42 kB
ℹ dist/options.js                                0.73 kB │ gzip:  0.34 kB
ℹ dist/static-loader.js                          0.67 kB │ gzip:  0.37 kB
ℹ dist/stylesheet-source-map.js                  0.65 kB │ gzip:  0.39 kB
ℹ dist/webpack-virtual-modules.js                0.53 kB │ gzip:  0.30 kB
ℹ dist/empty.js                                  0.01 kB │ gzip:  0.03 kB
ℹ dist/preset/src/default-manifest.js          117.06 kB │ gzip: 12.81 kB
ℹ dist/internal/src/node.js                      3.77 kB │ gzip:  1.05 kB
ℹ dist/internal/src/manifest-facade.js           2.27 kB │ gzip:  0.82 kB
ℹ dist/internal/src/manifest-loader.js           1.21 kB │ gzip:  0.49 kB
ℹ dist/internal/src/emitted-globals-module.js    0.75 kB │ gzip:  0.33 kB
ℹ dist/internal/src/manifest-module.js           0.73 kB │ gzip:  0.35 kB
ℹ dist/internal/src/project.js                   0.64 kB │ gzip:  0.33 kB
ℹ dist/internal/src/style-module.js              0.14 kB │ gzip:  0.14 kB
ℹ dist/static.d.ts                               2.32 kB │ gzip:  0.71 kB
ℹ dist/options.d.ts                              1.67 kB │ gzip:  0.60 kB
ℹ dist/adapter.d.ts                              1.48 kB │ gzip:  0.58 kB
ℹ dist/build-state.d.ts                          0.85 kB │ gzip:  0.33 kB
ℹ dist/index.d.ts                                0.75 kB │ gzip:  0.30 kB
ℹ dist/stylesheet-loader.d.ts                    0.59 kB │ gzip:  0.31 kB
ℹ dist/css-manifest-import-loader.d.ts           0.55 kB │ gzip:  0.30 kB
ℹ dist/css-manifest-loader.d.ts                  0.54 kB │ gzip:  0.29 kB
ℹ dist/static-publication.d.ts                   0.52 kB │ gzip:  0.30 kB
ℹ dist/prepare-stylesheet.d.ts                   0.48 kB │ gzip:  0.28 kB
ℹ dist/static-css-loader.d.ts                    0.44 kB │ gzip:  0.27 kB
ℹ dist/sass-source-context.d.ts                  0.42 kB │ gzip:  0.23 kB
ℹ dist/static-loader.d.ts                        0.39 kB │ gzip:  0.25 kB
ℹ dist/webpack-virtual-modules.d.ts              0.30 kB │ gzip:  0.20 kB
ℹ dist/stylesheet-source-map.d.ts                0.27 kB │ gzip:  0.19 kB
ℹ dist/webpack-stylesheets.d.ts                  0.21 kB │ gzip:  0.16 kB
ℹ dist/empty.d.ts                                0.01 kB │ gzip:  0.03 kB
ℹ 42 files, total: 208.28 kB
✔ Build complete in 222ms

$ pnpm --dir .. build && pnpm exec next build
$ tsdown --config ../../shared/tsdown-package.config.ts
TypeScript 7.0 does not yet have a stable API and is experimental. Some options will be unavailable.
Error: ERR_PNPM_RECURSIVE_EXEC_FIRST_FAIL

  × Command "next" not found

[ELIFECYCLE] Command failed with exit code 1.

 ❯ buildPlayground tests/playground.test.ts:30:11
     28|   } catch (error) {
     29|     const buildError = error as Error & { stdout?: string | Buffer, st…
     30|     throw new Error([
       |           ^
     31|       buildError.message,
     32|       buildError.stdout?.toString(),
 ❯ tests/playground.test.ts:72:5

⎯⎯⎯⎯⎯⎯⎯⎯⎯⎯⎯⎯⎯⎯⎯⎯⎯⎯⎯⎯⎯⎯⎯⎯[1/1]⎯


 Test Files  1 failed (1)
      Tests  1 failed (1)
   Start at  03:15:16
   Duration  569ms (tests 94%, transform 4%, import 1%)

