{
  "scope": "Actual delivered Next stylesheet/static functions with owned source files; validates local CSS resource references before Next bundling. Not a full Next build or browser claim.",
  "results": [
    {
      "kind": "plain",
      "root": "/private/var/folders/_b/768dhtz56ns54x1r867j67280000gn/T/next-static-resource-H5JRDt",
      "normalLoader": {
        "css": "@layer theme;\n\n@layer base {\n  * {\n    text-rendering: geometricprecision;\n  }\n\n  body {\n    -webkit-text-size-adjust: 100%;\n    -moz-text-size-adjust: 100%;\n    -ms-text-size-adjust: 100%;\n    text-size-adjust: 100%;\n    -moz-osx-font-smoothing: grayscale;\n    -webkit-font-smoothing: antialiased;\n    line-height: 1.2;\n  }\n\n  a, button {\n    touch-action: manipulation;\n  }\n\n  [role=\"button\"], summary, button, [type=\"button\"] {\n    -webkit-user-select: none;\n    user-select: none;\n  }\n\n  *, :before, :after {\n    box-sizing: border-box;\n  }\n\n  body {\n    -moz-tab-size: 2;\n    tab-size: 2;\n  }\n\n  img, svg, video, canvas, audio, iframe, embed, object {\n    max-width: 100%;\n    display: block;\n  }\n\n  html, body {\n    height: -moz-available;\n  }\n\n  abbr[title] {\n    text-decoration: underline dotted;\n  }\n\n  b, strong {\n    font-weight: bolder;\n  }\n\n  pre, code, kbd, samp {\n    font-size: 1em;\n  }\n\n  ::-moz-focus-inner {\n    border-style: none;\n    padding: 0;\n  }\n\n  :-moz-ui-invalid {\n    box-shadow: none;\n  }\n\n  progress {\n    vertical-align: baseline;\n  }\n\n  [type=\"search\"] {\n    appearance: textfield;\n    outline-offset: -2px;\n  }\n\n  ::-webkit-inner-spin-button, ::-webkit-outer-spin-button {\n    height: auto;\n  }\n\n  ::-webkit-search-decoration {\n    -webkit-appearance: none;\n  }\n\n  ::-webkit-file-upload-button {\n    -webkit-appearance: button;\n    font: inherit;\n  }\n\n  hr {\n    height: 0;\n    color: inherit;\n  }\n\n  small {\n    font-size: 80%;\n  }\n\n  sub, sup {\n    vertical-align: baseline;\n    font-size: 75%;\n    line-height: 0;\n    position: relative;\n  }\n\n  sub {\n    bottom: -.25em;\n  }\n\n  sup {\n    top: -.5em;\n  }\n\n  table {\n    text-indent: 0;\n    border-color: inherit;\n  }\n\n  body, :host {\n    font-family: var(--font-family-sans);\n    font-feature-settings: var(--font-feature-sans, normal);\n  }\n\n  code, kbd, samp, pre {\n    font-family: var(--font-family-mono);\n    font-feature-settings: var(--font-feature-mono, normal);\n  }\n\n  a {\n    color: inherit;\n    text-decoration: none;\n  }\n\n  button, input, optgroup, select, textarea {\n    font: inherit;\n    font-feature-settings: inherit;\n    font-variation-settings: inherit;\n    color: inherit;\n    background-color: #0000;\n    margin: 0;\n    padding: 0;\n    font-size: 100%;\n  }\n\n  *, :before, :after {\n    border-style: solid;\n    border-width: 0;\n  }\n\n  body, blockquote, dl, dd, hr, figure, p, pre, h1, h2, h3, h4, h5, h6 {\n    margin: 0;\n  }\n\n  td, legend, fieldset {\n    padding: 0;\n  }\n\n  ul, ol {\n    margin: 0;\n    padding: 0;\n  }\n\n  body {\n    -webkit-tap-highlight-color: transparent;\n  }\n\n  ul {\n    list-style: none;\n  }\n\n  h1, h2, h3, h4, h5, h6 {\n    font-size: inherit;\n    font-weight: inherit;\n  }\n\n  [hidden] {\n    display: none;\n  }\n}\n\n@layer defaults, components, utilities;\n\n\n\n\n.probe {\n  color: red;\n}\n\n@layer theme{:root{--font-family-sans:var(--font-sans, ui-sans-serif), system-ui, -apple-system, BlinkMacSystemFont, \"Segoe UI\", Roboto, \"Helvetica Neue\", Arial, \"Noto Sans\", sans-serif, \"Apple Color Emoji\", \"Segoe UI Emoji\", \"Segoe UI Symbol\", \"Noto Color Emoji\";--font-family-mono:var(--font-mono, ui-monospace), SFMono-Regular, Menlo, Monaco, Consolas, \"Liberation Mono\", \"Courier New\", monospace}}",
        "dependencies": [
          "/private/var/folders/_b/768dhtz56ns54x1r867j67280000gn/T/next-static-resource-H5JRDt/app/globals.css",
          "/Users/aron/master/css/packages/css/src/index.css",
          "/Users/aron/master/css/packages/preset/src/index.css",
          "/Users/aron/master/css/packages/preset/src/base.css",
          "/Users/aron/master/css/packages/preset/src/theme.css",
          "/Users/aron/master/css/packages/preset/src/variants.css",
          "/Users/aron/master/css/packages/preset/src/utilities.css"
        ]
      },
      "normalResources": [],
      "normalPass": true,
      "staticLoader": "@import \"../.master/next.css\";",
      "generatedCSS": "@import \"./next-style-3b19a4782a1eba70bba1529711a28ca19c4cf72f995a9f90e989ae8f37a8ce21-12117368bde5a18c23fd6a45a66620a3939631c860d569fd9f1b3be28af31f7d.css\";\n",
      "generatedFiles": [
        "next-static-state.json",
        "next-style-3b19a4782a1eba70bba1529711a28ca19c4cf72f995a9f90e989ae8f37a8ce21-12117368bde5a18c23fd6a45a66620a3939631c860d569fd9f1b3be28af31f7d.css",
        "next.css"
      ],
      "stylesheets": [
        {
          "file": "/private/var/folders/_b/768dhtz56ns54x1r867j67280000gn/T/next-static-resource-H5JRDt/.master/next.css",
          "css": "@import \"./next-style-3b19a4782a1eba70bba1529711a28ca19c4cf72f995a9f90e989ae8f37a8ce21-12117368bde5a18c23fd6a45a66620a3939631c860d569fd9f1b3be28af31f7d.css\";\n"
        },
        {
          "file": "/private/var/folders/_b/768dhtz56ns54x1r867j67280000gn/T/next-static-resource-H5JRDt/.master/next-style-3b19a4782a1eba70bba1529711a28ca19c4cf72f995a9f90e989ae8f37a8ce21-12117368bde5a18c23fd6a45a66620a3939631c860d569fd9f1b3be28af31f7d.css",
          "css": ".probe {\n  color: red;\n}"
        }
      ],
      "resources": [],
      "staticPass": true,
      "pass": true
    },
    {
      "kind": "direct-resource",
      "root": "/private/var/folders/_b/768dhtz56ns54x1r867j67280000gn/T/next-static-resource-VNHmR5",
      "normalLoader": {
        "css": "@layer theme;\n\n@layer base {\n  * {\n    text-rendering: geometricprecision;\n  }\n\n  body {\n    -webkit-text-size-adjust: 100%;\n    -moz-text-size-adjust: 100%;\n    -ms-text-size-adjust: 100%;\n    text-size-adjust: 100%;\n    -moz-osx-font-smoothing: grayscale;\n    -webkit-font-smoothing: antialiased;\n    line-height: 1.2;\n  }\n\n  a, button {\n    touch-action: manipulation;\n  }\n\n  [role=\"button\"], summary, button, [type=\"button\"] {\n    -webkit-user-select: none;\n    user-select: none;\n  }\n\n  *, :before, :after {\n    box-sizing: border-box;\n  }\n\n  body {\n    -moz-tab-size: 2;\n    tab-size: 2;\n  }\n\n  img, svg, video, canvas, audio, iframe, embed, object {\n    max-width: 100%;\n    display: block;\n  }\n\n  html, body {\n    height: -moz-available;\n  }\n\n  abbr[title] {\n    text-decoration: underline dotted;\n  }\n\n  b, strong {\n    font-weight: bolder;\n  }\n\n  pre, code, kbd, samp {\n    font-size: 1em;\n  }\n\n  ::-moz-focus-inner {\n    border-style: none;\n    padding: 0;\n  }\n\n  :-moz-ui-invalid {\n    box-shadow: none;\n  }\n\n  progress {\n    vertical-align: baseline;\n  }\n\n  [type=\"search\"] {\n    appearance: textfield;\n    outline-offset: -2px;\n  }\n\n  ::-webkit-inner-spin-button, ::-webkit-outer-spin-button {\n    height: auto;\n  }\n\n  ::-webkit-search-decoration {\n    -webkit-appearance: none;\n  }\n\n  ::-webkit-file-upload-button {\n    -webkit-appearance: button;\n    font: inherit;\n  }\n\n  hr {\n    height: 0;\n    color: inherit;\n  }\n\n  small {\n    font-size: 80%;\n  }\n\n  sub, sup {\n    vertical-align: baseline;\n    font-size: 75%;\n    line-height: 0;\n    position: relative;\n  }\n\n  sub {\n    bottom: -.25em;\n  }\n\n  sup {\n    top: -.5em;\n  }\n\n  table {\n    text-indent: 0;\n    border-color: inherit;\n  }\n\n  body, :host {\n    font-family: var(--font-family-sans);\n    font-feature-settings: var(--font-feature-sans, normal);\n  }\n\n  code, kbd, samp, pre {\n    font-family: var(--font-family-mono);\n    font-feature-settings: var(--font-feature-mono, normal);\n  }\n\n  a {\n    color: inherit;\n    text-decoration: none;\n  }\n\n  button, input, optgroup, select, textarea {\n    font: inherit;\n    font-feature-settings: inherit;\n    font-variation-settings: inherit;\n    color: inherit;\n    background-color: #0000;\n    margin: 0;\n    padding: 0;\n    font-size: 100%;\n  }\n\n  *, :before, :after {\n    border-style: solid;\n    border-width: 0;\n  }\n\n  body, blockquote, dl, dd, hr, figure, p, pre, h1, h2, h3, h4, h5, h6 {\n    margin: 0;\n  }\n\n  td, legend, fieldset {\n    padding: 0;\n  }\n\n  ul, ol {\n    margin: 0;\n    padding: 0;\n  }\n\n  body {\n    -webkit-tap-highlight-color: transparent;\n  }\n\n  ul {\n    list-style: none;\n  }\n\n  h1, h2, h3, h4, h5, h6 {\n    font-size: inherit;\n    font-weight: inherit;\n  }\n\n  [hidden] {\n    display: none;\n  }\n}\n\n@layer defaults, components, utilities;\n\n\n\n\n.probe {\n  background-image: url(\"./assets/pixel.svg?audit=1#pixel\");\n  width: 4px;\n  height: 4px;\n}\n\n@layer theme{:root{--font-family-sans:var(--font-sans, ui-sans-serif), system-ui, -apple-system, BlinkMacSystemFont, \"Segoe UI\", Roboto, \"Helvetica Neue\", Arial, \"Noto Sans\", sans-serif, \"Apple Color Emoji\", \"Segoe UI Emoji\", \"Segoe UI Symbol\", \"Noto Color Emoji\";--font-family-mono:var(--font-mono, ui-monospace), SFMono-Regular, Menlo, Monaco, Consolas, \"Liberation Mono\", \"Courier New\", monospace}}",
        "dependencies": [
          "/private/var/folders/_b/768dhtz56ns54x1r867j67280000gn/T/next-static-resource-VNHmR5/app/globals.css",
          "/Users/aron/master/css/packages/css/src/index.css",
          "/Users/aron/master/css/packages/preset/src/index.css",
          "/Users/aron/master/css/packages/preset/src/base.css",
          "/Users/aron/master/css/packages/preset/src/theme.css",
          "/Users/aron/master/css/packages/preset/src/variants.css",
          "/Users/aron/master/css/packages/preset/src/utilities.css"
        ]
      },
      "normalResources": [
        {
          "url": "./assets/pixel.svg?audit=1#pixel",
          "file": "/private/var/folders/_b/768dhtz56ns54x1r867j67280000gn/T/next-static-resource-VNHmR5/app/assets/pixel.svg",
          "exists": true
        }
      ],
      "normalPass": true,
      "staticLoader": "@import \"../.master/next.css\";",
      "generatedCSS": "@import \"./next-style-a1942321b7525914baa32c12c101d88ecc2258be434ff854c9d9abce164580d4-956340e55c6934ae1ded829dd7dbc05f7f7e747233eccdcbf8c5951652eed897.css\";\n",
      "generatedFiles": [
        "next-resource-9b2bdeea42f0da941fe65654ecbd4bd96c7377bcd2d8b7faef628affdfc58f89.svg",
        "next-static-state.json",
        "next-style-a1942321b7525914baa32c12c101d88ecc2258be434ff854c9d9abce164580d4-956340e55c6934ae1ded829dd7dbc05f7f7e747233eccdcbf8c5951652eed897.css",
        "next.css"
      ],
      "stylesheets": [
        {
          "file": "/private/var/folders/_b/768dhtz56ns54x1r867j67280000gn/T/next-static-resource-VNHmR5/.master/next.css",
          "css": "@import \"./next-style-a1942321b7525914baa32c12c101d88ecc2258be434ff854c9d9abce164580d4-956340e55c6934ae1ded829dd7dbc05f7f7e747233eccdcbf8c5951652eed897.css\";\n"
        },
        {
          "file": "/private/var/folders/_b/768dhtz56ns54x1r867j67280000gn/T/next-static-resource-VNHmR5/.master/next-style-a1942321b7525914baa32c12c101d88ecc2258be434ff854c9d9abce164580d4-956340e55c6934ae1ded829dd7dbc05f7f7e747233eccdcbf8c5951652eed897.css",
          "css": ".probe {\n  background-image: url(\"./next-resource-9b2bdeea42f0da941fe65654ecbd4bd96c7377bcd2d8b7faef628affdfc58f89.svg?audit=1#pixel\");\n  width: 4px;\n  height: 4px;\n}"
        }
      ],
      "resources": [
        {
          "url": "./next-resource-9b2bdeea42f0da941fe65654ecbd4bd96c7377bcd2d8b7faef628affdfc58f89.svg?audit=1#pixel",
          "file": "/private/var/folders/_b/768dhtz56ns54x1r867j67280000gn/T/next-static-resource-VNHmR5/.master/next-resource-9b2bdeea42f0da941fe65654ecbd4bd96c7377bcd2d8b7faef628affdfc58f89.svg",
          "exists": true
        }
      ],
      "staticPass": true,
      "pass": true
    },
    {
      "kind": "imported-resource",
      "root": "/private/var/folders/_b/768dhtz56ns54x1r867j67280000gn/T/next-static-resource-9rogEf",
      "normalLoader": {
        "error": "MasterCSSError: This stylesheet retains import or resource boundaries and requires stylesheet asset delivery.",
        "dependencies": [
          "/private/var/folders/_b/768dhtz56ns54x1r867j67280000gn/T/next-static-resource-9rogEf/app/globals.css",
          "/private/var/folders/_b/768dhtz56ns54x1r867j67280000gn/T/next-static-resource-9rogEf/app/nested/child.css",
          "/Users/aron/master/css/packages/css/src/index.css",
          "/Users/aron/master/css/packages/preset/src/index.css",
          "/Users/aron/master/css/packages/preset/src/base.css",
          "/Users/aron/master/css/packages/preset/src/theme.css",
          "/Users/aron/master/css/packages/preset/src/variants.css",
          "/Users/aron/master/css/packages/preset/src/utilities.css"
        ]
      },
      "normalResources": [],
      "normalPass": false,
      "staticLoader": "@import \"../.master/next.css\";",
      "generatedCSS": "@import \"./next-style-4647c8fec9b40de1312453ac2d50a8e99629d692dd67f779ca19d3ec96f5cf67-5b5230316a170afd73cb5fb4a7a2ce187782151cb60eccb29e3263e2abbc139a.css\";\n",
      "generatedFiles": [
        "next-resource-9b2bdeea42f0da941fe65654ecbd4bd96c7377bcd2d8b7faef628affdfc58f89.svg",
        "next-static-state.json",
        "next-style-4647c8fec9b40de1312453ac2d50a8e99629d692dd67f779ca19d3ec96f5cf67-2ffb57cefea9c35bdf868bffdc30addacbc9e436043307ec511c703d396601ca.css",
        "next-style-4647c8fec9b40de1312453ac2d50a8e99629d692dd67f779ca19d3ec96f5cf67-5b5230316a170afd73cb5fb4a7a2ce187782151cb60eccb29e3263e2abbc139a.css",
        "next.css"
      ],
      "stylesheets": [
        {
          "file": "/private/var/folders/_b/768dhtz56ns54x1r867j67280000gn/T/next-static-resource-9rogEf/.master/next.css",
          "css": "@import \"./next-style-4647c8fec9b40de1312453ac2d50a8e99629d692dd67f779ca19d3ec96f5cf67-5b5230316a170afd73cb5fb4a7a2ce187782151cb60eccb29e3263e2abbc139a.css\";\n"
        },
        {
          "file": "/private/var/folders/_b/768dhtz56ns54x1r867j67280000gn/T/next-static-resource-9rogEf/.master/next-style-4647c8fec9b40de1312453ac2d50a8e99629d692dd67f779ca19d3ec96f5cf67-5b5230316a170afd73cb5fb4a7a2ce187782151cb60eccb29e3263e2abbc139a.css",
          "css": "@import \"./next-style-4647c8fec9b40de1312453ac2d50a8e99629d692dd67f779ca19d3ec96f5cf67-2ffb57cefea9c35bdf868bffdc30addacbc9e436043307ec511c703d396601ca.css\" layer(card);"
        },
        {
          "file": "/private/var/folders/_b/768dhtz56ns54x1r867j67280000gn/T/next-static-resource-9rogEf/.master/next-style-4647c8fec9b40de1312453ac2d50a8e99629d692dd67f779ca19d3ec96f5cf67-2ffb57cefea9c35bdf868bffdc30addacbc9e436043307ec511c703d396601ca.css",
          "css": ".probe {\n  background-image: url(\"./next-resource-9b2bdeea42f0da941fe65654ecbd4bd96c7377bcd2d8b7faef628affdfc58f89.svg?audit=1#pixel\");\n  width: 4px;\n  height: 4px;\n}"
        }
      ],
      "resources": [
        {
          "url": "./next-resource-9b2bdeea42f0da941fe65654ecbd4bd96c7377bcd2d8b7faef628affdfc58f89.svg?audit=1#pixel",
          "file": "/private/var/folders/_b/768dhtz56ns54x1r867j67280000gn/T/next-static-resource-9rogEf/.master/next-resource-9b2bdeea42f0da941fe65654ecbd4bd96c7377bcd2d8b7faef628affdfc58f89.svg",
          "exists": true
        }
      ],
      "staticPass": true,
      "pass": false
    },
    {
      "kind": "external-import",
      "root": "/private/var/folders/_b/768dhtz56ns54x1r867j67280000gn/T/next-static-resource-Pot11V",
      "normalLoader": {
        "error": "MasterCSSError: This stylesheet retains import or resource boundaries and requires stylesheet asset delivery.",
        "dependencies": [
          "/private/var/folders/_b/768dhtz56ns54x1r867j67280000gn/T/next-static-resource-Pot11V/app/globals.css",
          "/Users/aron/master/css/packages/css/src/index.css",
          "/Users/aron/master/css/packages/preset/src/index.css",
          "/Users/aron/master/css/packages/preset/src/base.css",
          "/Users/aron/master/css/packages/preset/src/theme.css",
          "/Users/aron/master/css/packages/preset/src/variants.css",
          "/Users/aron/master/css/packages/preset/src/utilities.css"
        ]
      },
      "normalResources": [],
      "normalPass": false,
      "staticLoader": "@import \"../.master/next.css\";\n@import \"https://example.invalid/theme.css\" layer(remote);",
      "generatedCSS": "@import \"./next-style-429774b632bcd831f1891fbdf17b96a3c03057ef286f4378f49c6e7ba778911c-e8b393268bb9cd85b11ce27c4f74b16fcb918238d898687435268bc0005ffd5d.css\";\n",
      "generatedFiles": [
        "next-static-state.json",
        "next-style-429774b632bcd831f1891fbdf17b96a3c03057ef286f4378f49c6e7ba778911c-e8b393268bb9cd85b11ce27c4f74b16fcb918238d898687435268bc0005ffd5d.css",
        "next.css"
      ],
      "stylesheets": [
        {
          "file": "/private/var/folders/_b/768dhtz56ns54x1r867j67280000gn/T/next-static-resource-Pot11V/.master/next.css",
          "css": "@import \"./next-style-429774b632bcd831f1891fbdf17b96a3c03057ef286f4378f49c6e7ba778911c-e8b393268bb9cd85b11ce27c4f74b16fcb918238d898687435268bc0005ffd5d.css\";\n"
        },
        {
          "file": "/private/var/folders/_b/768dhtz56ns54x1r867j67280000gn/T/next-static-resource-Pot11V/.master/next-style-429774b632bcd831f1891fbdf17b96a3c03057ef286f4378f49c6e7ba778911c-e8b393268bb9cd85b11ce27c4f74b16fcb918238d898687435268bc0005ffd5d.css",
          "css": "@import \"https://example.invalid/theme.css\" layer(remote);\n\n.probe {\n  color: red;\n}"
        }
      ],
      "resources": [],
      "staticPass": true,
      "pass": false
    }
  ]
}
