▲ Next.js 16.3.4 (Turbopack)
✓ Running next.config.js took 446ms
- Experiments (use with caution):
  · cpus: 1

  Creating an optimized production build ...

> Build error occurred
Error: Turbopack build failed with 1 error:
./packages/next/e2e/bug-hunt-static-publication-nmMSoa/app
Error: Could not find the Next.js package (next/package.json)
Resolved from: /private/var/folders/_b/768dhtz56ns54x1r867j67280000gn/T/master-next-copy-ok_jpz5i/packages/next/e2e/bug-hunt-static-publication-nmMSoa/app
Filesystem root used for resolution: /private/var/folders/_b/768dhtz56ns54x1r867j67280000gn/T/master-next-copy-ok_jpz5i

Possible causes:
  - node_modules is being reorganized by a concurrent install (e.g. pnpm adding a package with a `next` peer dependency). This is transient and should clear once the install completes.
  - node_modules/next was removed, renamed, or has a broken symlink.
  - The workspace root is incorrect — see turbopack.root in the Next.js config docs for how to configure it.
  - In a monorepo, the Next.js package may only exist in a directory above the closest directory containing a package manager lockfile. The workspace root is detected by locating the nearest package manager lockfile.
  - Next.js is installed globally rather than as a project dependency. This is not supported; install it locally.

Note: To ensure a hermetic build and a portable cache, files outside of the workspace root are not compiled.

https://nextjs.org/docs/app/api-reference/config/next-config-js/turbopack#root-directory


    at <unknown> (Filesystem root used for resolution: /private/var/folders/_b/768dhtz56ns54x1r867j67280000gn/T/master-next-copy-ok_jpz5i)
    at <unknown> (https://nextjs.org/docs/app/api-reference/config/next-config-js/turbopack#root-directory)
node:internal/modules/run_main:107
    triggerUncaughtException(
    ^

AssertionError [ERR_ASSERTION]: Next build failed; signal=null

1 !== 0

    at file:///Users/aron/master/css/.ai/audits/bug-hunt/repros/next-static-publication-host.mjs:36:10
    at process.processTicksAndRejections (node:internal/process/task_queues:104:5) {
  generatedMessage: false,
  code: 'ERR_ASSERTION',
  actual: 1,
  expected: 0,
  operator: 'strictEqual',
  diff: 'simple'
}

Node.js v24.20.0
