▲ Next.js 16.3.4 (Turbopack)
✓ Running next.config.js took 93ms
- Experiments (use with caution):
  · cpus: 1

  Creating an optimized production build ...
Turbopack build encountered 1 warning:
./packages/runtime/dist/index.js:354:24
Warning: Module not found: Can't resolve <dynamic>
  [90m352 |[0m [36masync[0m [36mfunction[0m importHydrationManifest(url) {
  [90m353 |[0m 	[36mtry[0m {
[33m[1m>[0m [90m354 |[0m 		[36mconst[0m value = ([36mawait[0m [36mimport[0m(
  [90m    |[0m                      [33m[1m^^^^^^[0m
[33m[1m>[0m [90m355 |[0m 			[90m/* @vite-ignore */[0m
  [90m    |[0m [33m[1m^^^^^^^^^^^^^^^^^^[0m
[33m[1m>[0m [90m356 |[0m 			url,
  [90m    |[0m [33m[1m^^^^[0m
[33m[1m>[0m [90m357 |[0m 			{ [36mwith[0m: { [36mtype[0m: [32m"json"[0m } }
  [90m    |[0m [33m[1m^^^^^^^^^^^^^^^^^^^^^^^^^^[0m
[33m[1m>[0m [90m358 |[0m )).[36mdefault[0m;
  [90m    |[0m [33m[1m^[0m
  [90m359 |[0m 		[36mconst[0m hydrationManifest = validateHydrationManifest(value);
  [90m360 |[0m 		[36mif[0m (hydrationManifest) [36mreturn[0m hydrationManifest;
  [90m361 |[0m 		[36mthrow[0m invalidHydrationManifest([32m`Invalid Master CSS hydration manifest loaded from [0m${url[32m}.`[0m);



Import traces:
  Browser:
    ./packages/runtime/dist/index.js
    ./.ai/audits/bug-hunt/tmp/master-next-copy-tpk5chtq/packages/next/e2e/bug-hunt-general-graph-v44yvr/node_modules/.master-css/master-css-next-instrumentation-client.js
    ./.ai/audits/bug-hunt/tmp/master-next-copy-tpk5chtq/packages/next/e2e/bug-hunt-general-graph-v44yvr/node_modules/.master-css/master-css-next-require-instrumentation-client.cjs
    ./node_modules/.pnpm/next@16.3.4_@babel+core@7.29.7_supports-color@5.5.0__@opentelemetry+api@1.9.1_@playwrig_32ca514ff86563f2cff62a7dc4559350/node_modules/next/dist/client/next-turbopack.js

  Client Component Browser:
    ./packages/runtime/dist/index.js
    ./.ai/audits/bug-hunt/tmp/master-next-copy-tpk5chtq/packages/next/e2e/bug-hunt-general-graph-v44yvr/node_modules/.master-css/master-css-next-instrumentation-client.js
    ./.ai/audits/bug-hunt/tmp/master-next-copy-tpk5chtq/packages/next/e2e/bug-hunt-general-graph-v44yvr/node_modules/.master-css/master-css-next-require-instrumentation-client.cjs
    ./node_modules/.pnpm/next@16.3.4_@babel+core@7.29.7_supports-color@5.5.0__@opentelemetry+api@1.9.1_@playwrig_32ca514ff86563f2cff62a7dc4559350/node_modules/next/dist/client/app-next-turbopack.js

https://nextjs.org/docs/messages/module-not-found



> Build error occurred
Error: Turbopack build failed with 1 error:
./.ai/audits/bug-hunt/tmp/master-next-copy-tpk5chtq/packages/next/e2e/bug-hunt-general-graph-v44yvr/app/globals.css
Error: Error evaluating Node.js code
MasterCSSError: This stylesheet retains import or resource boundaries and requires stylesheet asset delivery.
    [at mapStylesheetError (file:///Users/aron/master/css/packages/compiler/dist/stylesheet/source-context.js:13:18)]
    [at compilePreparedStylesheet (file:///Users/aron/master/css/packages/compiler/dist/stylesheet/compiled-source.js:85:9)]
    [at compileStylesheetResult (file:///Users/aron/master/css/packages/compiler/dist/stylesheet/index.js:208:9)]
    [at process.processTicksAndRejections (node:internal/process/task_queues:104:5)]
    [at async compileRenderedStylesheet (file:///Users/aron/master/css/packages/compiler/dist/stylesheet/index.js:234:65)]
    [at async compileRenderedStylesheet (file:///Users/aron/master/css/packages/compiler/dist/stylesheet/public.js:114:17)]
    [at async transformStyleSource (file:///Users/aron/master/css/.ai/audits/bug-hunt/tmp/master-next-copy-tpk5chtq/packages/next/dist/stylesheet-loader.js:57:18)]
Caused by: MasterCSSError: This stylesheet retains import or resource boundaries and requires stylesheet asset delivery.
    [at compilePreparedStylesheet (file:///Users/aron/master/css/packages/compiler/dist/stylesheet/compiled-source.js:41:54)]
    [at compileStylesheetResult (file:///Users/aron/master/css/packages/compiler/dist/stylesheet/index.js:208:9)]
    [at process.processTicksAndRejections (node:internal/process/task_queues:104:5)]
    [at async compileRenderedStylesheet (file:///Users/aron/master/css/packages/compiler/dist/stylesheet/index.js:234:65)]
    [at async compileRenderedStylesheet (file:///Users/aron/master/css/packages/compiler/dist/stylesheet/public.js:114:17)]
    [at async transformStyleSource (file:///Users/aron/master/css/.ai/audits/bug-hunt/tmp/master-next-copy-tpk5chtq/packages/next/dist/stylesheet-loader.js:57:18)]


    at ignore-listed frames
node:internal/modules/run_main:107
    triggerUncaughtException(
    ^

AssertionError [ERR_ASSERTION]: Next build failed; signal=null

1 !== 0

    at file:///Users/aron/master/css/.ai/audits/bug-hunt/repros/next-general-graph-host.mjs:40:10
    at process.processTicksAndRejections (node:internal/process/task_queues:104:5) {
  generatedMessage: false,
  code: 'ERR_ASSERTION',
  actual: 1,
  expected: 0,
  operator: 'strictEqual',
  diff: 'simple'
}

Node.js v24.20.0
