▲ Next.js 16.3.4 (Turbopack)
✓ Running next.config.js took 82ms
- Experiments (use with caution):
  · cpus: 1

  Creating an optimized production build ...
✓ Compiled successfully in 3.0s
  Running TypeScript ...
  Finished TypeScript in 6ms ...
  Collecting page data using 1 worker ...
  Generating static pages using 1 worker (0/3) ...
✓ Generating static pages using 1 worker (3/3) in 50ms
  Finalizing page optimization ...

Route (app)
┌ ○ /
└ ○ /_not-found


○  (Static)  prerendered as static content

{"browser":"chromium","id":"direct","result":{"background":"url(\"http://127.0.0.1:59007/_next/static/media/9b2bdeea42f0da941fe65654ecbd4bd96c7377bcd2d8b7faef628affdfc58f89.2nma54lwo8nhx.svg\")","status":200,"width":4,"height":4,"body":"<svg xmlns=\"http://www.w3.org/2000/svg\" width=\"4\" height=\"4\"><path fill=\"red\" d=\"M0 0h4v4H0z\"/></svg>"}}
{"browser":"chromium","id":"nested","result":{"background":"url(\"http://127.0.0.1:59007/_next/static/media/9ab9f644d71b00aa56003f1b842e6f6fa861a77ab757211143011fb07a89566c.3pwtvbarjo92x.svg\")","status":200,"width":4,"height":4,"body":"<svg xmlns=\"http://www.w3.org/2000/svg\" width=\"4\" height=\"4\"><path fill=\"blue\" d=\"M0 0h4v4H0z\"/></svg>"}}
{"browser":"firefox","id":"direct","result":{"background":"url(\"http://127.0.0.1:59007/_next/static/media/9b2bdeea42f0da941fe65654ecbd4bd96c7377bcd2d8b7faef628affdfc58f89.2nma54lwo8nhx.svg\")","status":200,"width":4,"height":4,"body":"<svg xmlns=\"http://www.w3.org/2000/svg\" width=\"4\" height=\"4\"><path fill=\"red\" d=\"M0 0h4v4H0z\"/></svg>"}}
{"browser":"firefox","id":"nested","result":{"background":"url(\"http://127.0.0.1:59007/_next/static/media/9ab9f644d71b00aa56003f1b842e6f6fa861a77ab757211143011fb07a89566c.3pwtvbarjo92x.svg\")","status":200,"width":4,"height":4,"body":"<svg xmlns=\"http://www.w3.org/2000/svg\" width=\"4\" height=\"4\"><path fill=\"blue\" d=\"M0 0h4v4H0z\"/></svg>"}}
{"browser":"webkit","id":"direct","result":{"background":"url(\"http://127.0.0.1:59007/_next/static/media/9b2bdeea42f0da941fe65654ecbd4bd96c7377bcd2d8b7faef628affdfc58f89.2nma54lwo8nhx.svg\")","status":200,"width":4,"height":4,"body":"<svg xmlns=\"http://www.w3.org/2000/svg\" width=\"4\" height=\"4\"><path fill=\"red\" d=\"M0 0h4v4H0z\"/></svg>"}}
{"browser":"webkit","id":"nested","result":{"background":"url(\"http://127.0.0.1:59007/_next/static/media/9ab9f644d71b00aa56003f1b842e6f6fa861a77ab757211143011fb07a89566c.3pwtvbarjo92x.svg\")","status":200,"width":4,"height":4,"body":"<svg xmlns=\"http://www.w3.org/2000/svg\" width=\"4\" height=\"4\"><path fill=\"blue\" d=\"M0 0h4v4H0z\"/></svg>"}}
{
  "scope": "Actual general Next loader (mode:runtime, runtime:false), Turbopack export, then three-browser SVG decoding, composed padding and qualified external CSS rendering. No live HMR or dynamic SSR claim.",
  "observations": [
    {
      "browser": "chromium",
      "id": "direct",
      "background": "url(\"http://127.0.0.1:59007/_next/static/media/9b2bdeea42f0da941fe65654ecbd4bd96c7377bcd2d8b7faef628affdfc58f89.2nma54lwo8nhx.svg\")",
      "status": 200,
      "width": 4,
      "height": 4,
      "body": "<svg xmlns=\"http://www.w3.org/2000/svg\" width=\"4\" height=\"4\"><path fill=\"red\" d=\"M0 0h4v4H0z\"/></svg>"
    },
    {
      "browser": "chromium",
      "id": "nested",
      "background": "url(\"http://127.0.0.1:59007/_next/static/media/9ab9f644d71b00aa56003f1b842e6f6fa861a77ab757211143011fb07a89566c.3pwtvbarjo92x.svg\")",
      "status": 200,
      "width": 4,
      "height": 4,
      "body": "<svg xmlns=\"http://www.w3.org/2000/svg\" width=\"4\" height=\"4\"><path fill=\"blue\" d=\"M0 0h4v4H0z\"/></svg>"
    },
    {
      "browser": "chromium",
      "id": "generated",
      "padding": "32px"
    },
    {
      "browser": "chromium",
      "id": "external",
      "color": "rgb(21, 34, 55)"
    },
    {
      "browser": "firefox",
      "id": "direct",
      "background": "url(\"http://127.0.0.1:59007/_next/static/media/9b2bdeea42f0da941fe65654ecbd4bd96c7377bcd2d8b7faef628affdfc58f89.2nma54lwo8nhx.svg\")",
      "status": 200,
      "width": 4,
      "height": 4,
      "body": "<svg xmlns=\"http://www.w3.org/2000/svg\" width=\"4\" height=\"4\"><path fill=\"red\" d=\"M0 0h4v4H0z\"/></svg>"
    },
    {
      "browser": "firefox",
      "id": "nested",
      "background": "url(\"http://127.0.0.1:59007/_next/static/media/9ab9f644d71b00aa56003f1b842e6f6fa861a77ab757211143011fb07a89566c.3pwtvbarjo92x.svg\")",
      "status": 200,
      "width": 4,
      "height": 4,
      "body": "<svg xmlns=\"http://www.w3.org/2000/svg\" width=\"4\" height=\"4\"><path fill=\"blue\" d=\"M0 0h4v4H0z\"/></svg>"
    },
    {
      "browser": "firefox",
      "id": "generated",
      "padding": "32px"
    },
    {
      "browser": "firefox",
      "id": "external",
      "color": "rgb(21, 34, 55)"
    },
    {
      "browser": "webkit",
      "id": "direct",
      "background": "url(\"http://127.0.0.1:59007/_next/static/media/9b2bdeea42f0da941fe65654ecbd4bd96c7377bcd2d8b7faef628affdfc58f89.2nma54lwo8nhx.svg\")",
      "status": 200,
      "width": 4,
      "height": 4,
      "body": "<svg xmlns=\"http://www.w3.org/2000/svg\" width=\"4\" height=\"4\"><path fill=\"red\" d=\"M0 0h4v4H0z\"/></svg>"
    },
    {
      "browser": "webkit",
      "id": "nested",
      "background": "url(\"http://127.0.0.1:59007/_next/static/media/9ab9f644d71b00aa56003f1b842e6f6fa861a77ab757211143011fb07a89566c.3pwtvbarjo92x.svg\")",
      "status": 200,
      "width": 4,
      "height": 4,
      "body": "<svg xmlns=\"http://www.w3.org/2000/svg\" width=\"4\" height=\"4\"><path fill=\"blue\" d=\"M0 0h4v4H0z\"/></svg>"
    },
    {
      "browser": "webkit",
      "id": "generated",
      "padding": "32px"
    },
    {
      "browser": "webkit",
      "id": "external",
      "color": "rgb(21, 34, 55)"
    }
  ],
  "files": [
    {
      "file": "404.html",
      "sha256": "30d50b23c719fb57457bbfd02b06a18a619a6397079bce61347d08a9d767d7dc"
    },
    {
      "file": "__next.__PAGE__.txt",
      "sha256": "2ad763f1836b20d453a874fb807951cb038d7b23c798ea7ea8c9e7d43689241b"
    },
    {
      "file": "__next._full.txt",
      "sha256": "fe15c8542a0352675d620567b9bb8895cf88732876e7edf7a16f92af3821f4be"
    },
    {
      "file": "__next._tree.txt",
      "sha256": "0b117bb005384925ec14d0d0daa6361b87e7d859c65eab84b285828a1b915e1a"
    },
    {
      "file": "_next/static/chunks/09xd9-7xlonox.js",
      "sha256": "83d9c1343c7034f4f08c254bf1976ff9723be20aef7df0135cb1b5d2dd42feda"
    },
    {
      "file": "_next/static/chunks/0cz1d0mv5g_q7.js",
      "sha256": "0973c1d64c88adc8e3c950410cb58b288f72118d5965b78049438deb8f2f9683"
    },
    {
      "file": "_next/static/chunks/0fkitec7zewra.css",
      "sha256": "6ef49e15de40b9b69ce0e7a31aac02b1bf3f1aba53f9d6ed5063447bb1608ac2"
    },
    {
      "file": "_next/static/chunks/13nu9qjbe2--a.js",
      "sha256": "c042a274794dc3eb3f4bb459ec671d87898667b86ed671b27fd7cb028a34466d"
    },
    {
      "file": "_next/static/chunks/1g5p3wzuxdw80.js",
      "sha256": "90c593f3b45f2af722a2e9211f6b2589c2fc1308d9360442d59620a67af00d4e"
    },
    {
      "file": "_next/static/chunks/1mi_l79v1lum8.js",
      "sha256": "dababa03f8a089b4d2682a2d669701e998cabdad4ccc08c12506cef8bebe7571"
    },
    {
      "file": "_next/static/chunks/turbopack-0b_yw9ibui8wc.js",
      "sha256": "90844ff36de6c87bed5f2ab6f3b11ee77179506374001d41fca8073623e7d0ef"
    },
    {
      "file": "_next/static/eW3Eh2QUdZUeLUsgmEmlE/_buildManifest.js",
      "sha256": "9476e0afd3f9da68a64e6ec58631191fd3eaca62c9f5a377e7517fe9a89e59ea"
    },
    {
      "file": "_next/static/eW3Eh2QUdZUeLUsgmEmlE/_clientMiddlewareManifest.js",
      "sha256": "5483e3295dc35dfe29ea932efc85341c916f10ff78ff5b0e965e003710893a4a"
    },
    {
      "file": "_next/static/eW3Eh2QUdZUeLUsgmEmlE/_ssgManifest.js",
      "sha256": "678f6ce2cb80b1fe72fc67e7412be6e2ab6ada083111b64f7c40d35e3cba5e00"
    },
    {
      "file": "_next/static/media/9ab9f644d71b00aa56003f1b842e6f6fa861a77ab757211143011fb07a89566c.3pwtvbarjo92x.svg",
      "sha256": "9ab9f644d71b00aa56003f1b842e6f6fa861a77ab757211143011fb07a89566c"
    },
    {
      "file": "_next/static/media/9b2bdeea42f0da941fe65654ecbd4bd96c7377bcd2d8b7faef628affdfc58f89.2nma54lwo8nhx.svg",
      "sha256": "9b2bdeea42f0da941fe65654ecbd4bd96c7377bcd2d8b7faef628affdfc58f89"
    },
    {
      "file": "_not-found/__next._full.txt",
      "sha256": "6474ba32ce0ddc3641f7454b7908dc83cf9312a9eb9251559ad2dbb5212ddd63"
    },
    {
      "file": "_not-found/__next._not-found.__PAGE__.txt",
      "sha256": "b8c67263091665ca2da7b91253c9f495d3d5e8155722695520d4c2d388d02b51"
    },
    {
      "file": "_not-found/__next._tree.txt",
      "sha256": "2d8466089fca557fc98ea71a1e91c980aa9e5947fe42791338e86fa04ef4001a"
    },
    {
      "file": "_not-found.html",
      "sha256": "30d50b23c719fb57457bbfd02b06a18a619a6397079bce61347d08a9d767d7dc"
    },
    {
      "file": "_not-found.txt",
      "sha256": "6474ba32ce0ddc3641f7454b7908dc83cf9312a9eb9251559ad2dbb5212ddd63"
    },
    {
      "file": "index.html",
      "sha256": "d0f94a77a1fe7c6062927e74b3c6785068c82f0a19686b2437637f9ad0d4a5e1"
    },
    {
      "file": "index.txt",
      "sha256": "fe15c8542a0352675d620567b9bb8895cf88732876e7edf7a16f92af3821f4be"
    }
  ]
}
