▲ Next.js 16.3.4 (Turbopack)
✓ Running next.config.js took 95ms
- Experiments (use with caution):
  · cpus: 1

  Creating an optimized production build ...
✓ Compiled successfully in 2.7s
  Running TypeScript ...
  Finished TypeScript in 2ms ...
  Collecting page data using 1 worker ...
  Generating static pages using 1 worker (0/3) ...
✓ Generating static pages using 1 worker (3/3) in 51ms
Turbopack build encountered 1 warning:
./packages/runtime/dist/index.js:354:24
Warning: Module not found: Can't resolve <dynamic>
  [90m352 |[0m [36masync[0m [36mfunction[0m importHydrationManifest(url) {
  [90m353 |[0m 	[36mtry[0m {
[33m[1m>[0m [90m354 |[0m 		[36mconst[0m value = ([36mawait[0m [36mimport[0m(
  [90m    |[0m                      [33m[1m^^^^^^[0m
[33m[1m>[0m [90m355 |[0m 			[90m/* @vite-ignore */[0m
  [90m    |[0m [33m[1m^^^^^^^^^^^^^^^^^^[0m
[33m[1m>[0m [90m356 |[0m 			url,
  [90m    |[0m [33m[1m^^^^[0m
[33m[1m>[0m [90m357 |[0m 			{ [36mwith[0m: { [36mtype[0m: [32m"json"[0m } }
  [90m    |[0m [33m[1m^^^^^^^^^^^^^^^^^^^^^^^^^^[0m
[33m[1m>[0m [90m358 |[0m )).[36mdefault[0m;
  [90m    |[0m [33m[1m^[0m
  [90m359 |[0m 		[36mconst[0m hydrationManifest = validateHydrationManifest(value);
  [90m360 |[0m 		[36mif[0m (hydrationManifest) [36mreturn[0m hydrationManifest;
  [90m361 |[0m 		[36mthrow[0m invalidHydrationManifest([32m`Invalid Master CSS hydration manifest loaded from [0m${url[32m}.`[0m);



Import traces:
  Browser:
    ./packages/runtime/dist/index.js
    ./.ai/audits/bug-hunt/tmp/master-next-copy-tpk5chtq/packages/next/e2e/bug-hunt-general-graph-nQpLod/node_modules/.master-css/master-css-next-instrumentation-client.js
    ./.ai/audits/bug-hunt/tmp/master-next-copy-tpk5chtq/packages/next/e2e/bug-hunt-general-graph-nQpLod/node_modules/.master-css/master-css-next-require-instrumentation-client.cjs
    ./node_modules/.pnpm/next@16.3.4_@babel+core@7.29.7_supports-color@5.5.0__@opentelemetry+api@1.9.1_@playwrig_32ca514ff86563f2cff62a7dc4559350/node_modules/next/dist/client/next-turbopack.js

  Client Component Browser:
    ./packages/runtime/dist/index.js
    ./.ai/audits/bug-hunt/tmp/master-next-copy-tpk5chtq/packages/next/e2e/bug-hunt-general-graph-nQpLod/node_modules/.master-css/master-css-next-instrumentation-client.js
    ./.ai/audits/bug-hunt/tmp/master-next-copy-tpk5chtq/packages/next/e2e/bug-hunt-general-graph-nQpLod/node_modules/.master-css/master-css-next-require-instrumentation-client.cjs
    ./node_modules/.pnpm/next@16.3.4_@babel+core@7.29.7_supports-color@5.5.0__@opentelemetry+api@1.9.1_@playwrig_32ca514ff86563f2cff62a7dc4559350/node_modules/next/dist/client/app-next-turbopack.js

https://nextjs.org/docs/messages/module-not-found


  Finalizing page optimization ...
  Running onBuildComplete from @master/css-next

Route (app)
┌ ○ /
└ ○ /_not-found


○  (Static)  prerendered as static content

node:internal/modules/run_main:107
    triggerUncaughtException(
    ^

page.evaluate: EncodingError: The source image cannot be decoded.
    at /Users/aron/master/css/.ai/audits/bug-hunt/repros/next-general-graph-host.mjs:66:35 {
  log: []
}

Node.js v24.20.0
