▲ Next.js 16.3.4 (webpack)
✓ Running next.config.js took 110ms
- Experiments (use with caution):
  · cpus: 1

  Creating an optimized production build ...
<w> [webpack.cache.PackFileCacheStrategy/webpack.FileSystemInfo] Parsing of /Users/aron/master/css/packages/tooling/dist/source/adapters/optional-peer.js for build dependencies failed at 'import(specifier)'.
<w> Build dependencies behind this expression are ignored and might cause incorrect cache invalidation.
<w> [webpack.cache.PackFileCacheStrategy/webpack.FileSystemInfo] Parsing of /Users/aron/master/css/packages/tooling/dist/source/adapters/optional-peer.js for build dependencies failed at 'import(specifier)'.
<w> Build dependencies behind this expression are ignored and might cause incorrect cache invalidation.
<w> [webpack.cache.PackFileCacheStrategy/webpack.FileSystemInfo] Parsing of /Users/aron/master/css/packages/tooling/dist/source/adapters/optional-peer.js for build dependencies failed at 'import(specifier)'.
<w> Build dependencies behind this expression are ignored and might cause incorrect cache invalidation.
✓ Compiled successfully in 4.4s
  Running TypeScript ...
  Finished TypeScript in 1ms ...
  Collecting page data using 1 worker ...
  Generating static pages using 1 worker (0/3) ...
✓ Generating static pages using 1 worker (3/3) in 62ms
  Finalizing page optimization ...
  Collecting build traces ...

Route (app)
┌ ○ /
└ ○ /_not-found


○  (Static)  prerendered as static content

{
  "bundler": "webpack",
  "scope": "Actual general Next loader (mode:runtime, runtime:false), Next export, then three-browser SVG decoding, composed padding and qualified external CSS rendering. No live HMR or dynamic SSR claim.",
  "observations": [
    {
      "browser": "chromium",
      "id": "direct",
      "background": "url(\"http://127.0.0.1:59702/_next/static/media/9b2bdeea42f0da941fe65654ecbd4bd96c7377bcd2d8b7faef628affdfc58f89.a8f34c97.svg#pixel\")",
      "status": 200,
      "width": 4,
      "height": 4,
      "body": "<svg xmlns=\"http://www.w3.org/2000/svg\" width=\"4\" height=\"4\"><path fill=\"red\" d=\"M0 0h4v4H0z\"/></svg>",
      "pass": true
    },
    {
      "browser": "chromium",
      "id": "nested",
      "background": "none",
      "pass": false
    },
    {
      "browser": "chromium",
      "id": "generated",
      "padding": "32px",
      "pass": true
    },
    {
      "browser": "chromium",
      "id": "external",
      "color": "rgb(0, 0, 0)",
      "pass": false
    },
    {
      "browser": "firefox",
      "id": "direct",
      "background": "url(\"http://127.0.0.1:59702/_next/static/media/9b2bdeea42f0da941fe65654ecbd4bd96c7377bcd2d8b7faef628affdfc58f89.a8f34c97.svg#pixel\")",
      "status": 200,
      "width": 4,
      "height": 4,
      "body": "<svg xmlns=\"http://www.w3.org/2000/svg\" width=\"4\" height=\"4\"><path fill=\"red\" d=\"M0 0h4v4H0z\"/></svg>",
      "pass": true
    },
    {
      "browser": "firefox",
      "id": "nested",
      "background": "none",
      "pass": false
    },
    {
      "browser": "firefox",
      "id": "generated",
      "padding": "32px",
      "pass": true
    },
    {
      "browser": "firefox",
      "id": "external",
      "color": "rgb(0, 0, 0)",
      "pass": false
    },
    {
      "browser": "webkit",
      "id": "direct",
      "background": "url(\"http://127.0.0.1:59702/_next/static/media/9b2bdeea42f0da941fe65654ecbd4bd96c7377bcd2d8b7faef628affdfc58f89.a8f34c97.svg#pixel\")",
      "status": 200,
      "width": 4,
      "height": 4,
      "body": "<svg xmlns=\"http://www.w3.org/2000/svg\" width=\"4\" height=\"4\"><path fill=\"red\" d=\"M0 0h4v4H0z\"/></svg>",
      "pass": true
    },
    {
      "browser": "webkit",
      "id": "nested",
      "background": "none",
      "pass": false
    },
    {
      "browser": "webkit",
      "id": "generated",
      "padding": "32px",
      "pass": true
    },
    {
      "browser": "webkit",
      "id": "external",
      "color": "rgb(0, 0, 0)",
      "pass": false
    }
  ],
  "files": [
    {
      "file": "404.html",
      "sha256": "c2a9b1e5c59fc9f461a6e8ff07c73e9600bcf218c82b76f6ad647fd6380732c8"
    },
    {
      "file": "__next.__PAGE__.txt",
      "sha256": "9f2231d8ab9a420b7b23c1a389ed4774d0b967da50f107a8f75c6a9b7cb5e73f"
    },
    {
      "file": "__next._full.txt",
      "sha256": "92873ff869c68e75fafc77a744f742cf399461f1930572ce0d88dcfb9fa6cdfe"
    },
    {
      "file": "__next._tree.txt",
      "sha256": "e3bff42a8bdbf48f25125683ed3951595030f0319d0136b411c5f58c591239ea"
    },
    {
      "file": "_next/static/W9C5x_AcGOIBh9df30YwK/_buildManifest.js",
      "sha256": "fc9f9d16595c40b13da98fd1556b3e2bded6509cb20f9b1e8b7c6bb4bcd89842"
    },
    {
      "file": "_next/static/W9C5x_AcGOIBh9df30YwK/_ssgManifest.js",
      "sha256": "678f6ce2cb80b1fe72fc67e7412be6e2ab6ada083111b64f7c40d35e3cba5e00"
    },
    {
      "file": "_next/static/chunks/194-1c3b0f7b60a00655.js",
      "sha256": "8cc4ccb2aacdfd686492fdc3d7dee5ebbada02a21af29ecdcfb932654ef6e5ac"
    },
    {
      "file": "_next/static/chunks/3b56f0b9-ecd5fd86cd1a7fee.js",
      "sha256": "aab37667defa74737c8bba05582b2cf4a6d110fac71a868be01fa3a29db78562"
    },
    {
      "file": "_next/static/chunks/app/_global-error/page-05606a3b078479dc.js",
      "sha256": "e718a51526ea4b058abc78f73525e405a7b26fbb6bffbbb5ba2aa77196bb33e3"
    },
    {
      "file": "_next/static/chunks/app/_not-found/page-e336cca8619c8618.js",
      "sha256": "601952fd9b1395a300f6f5115fdfd03c352769c52758c28ca1d4b95c076c8aea"
    },
    {
      "file": "_next/static/chunks/app/layout-eb97f67825e86747.js",
      "sha256": "68f60c7f7a6f77e0bc3084c38beca3cfe364092824cfc4e489b45848db516cd7"
    },
    {
      "file": "_next/static/chunks/app/page-05606a3b078479dc.js",
      "sha256": "e718a51526ea4b058abc78f73525e405a7b26fbb6bffbbb5ba2aa77196bb33e3"
    },
    {
      "file": "_next/static/chunks/framework-20f4df068c44d36f.js",
      "sha256": "f056cbebb646bf970e077851fffa392f9124de3c54ddd2f42d0ba390745ae4bc"
    },
    {
      "file": "_next/static/chunks/main-app-07c69dd101121ed0.js",
      "sha256": "b4d013e39501483781e0c6168fdce4966f368905bbe8824f875117baddb9a1f0"
    },
    {
      "file": "_next/static/chunks/main-edcc4b98296f6bf3.js",
      "sha256": "1eeb5025cd0d8ee2c5011fdde9507c96976129d79be8f669a47b9f88912cd07d"
    },
    {
      "file": "_next/static/chunks/next/dist/client/components/builtin/app-error-05606a3b078479dc.js",
      "sha256": "e718a51526ea4b058abc78f73525e405a7b26fbb6bffbbb5ba2aa77196bb33e3"
    },
    {
      "file": "_next/static/chunks/next/dist/client/components/builtin/forbidden-05606a3b078479dc.js",
      "sha256": "e718a51526ea4b058abc78f73525e405a7b26fbb6bffbbb5ba2aa77196bb33e3"
    },
    {
      "file": "_next/static/chunks/next/dist/client/components/builtin/global-error-e9da0c54dbc7f353.js",
      "sha256": "75376583bd38f1333410376bc3cf090ed33f4ad0df335c1900d5a2605b968a3e"
    },
    {
      "file": "_next/static/chunks/next/dist/client/components/builtin/not-found-05606a3b078479dc.js",
      "sha256": "e718a51526ea4b058abc78f73525e405a7b26fbb6bffbbb5ba2aa77196bb33e3"
    },
    {
      "file": "_next/static/chunks/next/dist/client/components/builtin/unauthorized-05606a3b078479dc.js",
      "sha256": "e718a51526ea4b058abc78f73525e405a7b26fbb6bffbbb5ba2aa77196bb33e3"
    },
    {
      "file": "_next/static/chunks/polyfills-42372ed130431b0a.js",
      "sha256": "0973c1d64c88adc8e3c950410cb58b288f72118d5965b78049438deb8f2f9683"
    },
    {
      "file": "_next/static/chunks/webpack-f0f0123bb15f0656.js",
      "sha256": "10f625541e0663de2f2e0f1fe6e8f1af7f67c41dc8d4d54b8eb0dc5084e1675a"
    },
    {
      "file": "_next/static/css/53a316f8e29d0b87.css",
      "sha256": "ec19b42e597c7601a223ec39917f4e2bbdf33663958c0fc37d86dacf2b88c6b8"
    },
    {
      "file": "_next/static/media/9ab9f644d71b00aa56003f1b842e6f6fa861a77ab757211143011fb07a89566c.12001aed.svg",
      "sha256": "9ab9f644d71b00aa56003f1b842e6f6fa861a77ab757211143011fb07a89566c"
    },
    {
      "file": "_next/static/media/9b2bdeea42f0da941fe65654ecbd4bd96c7377bcd2d8b7faef628affdfc58f89.a8f34c97.svg",
      "sha256": "9b2bdeea42f0da941fe65654ecbd4bd96c7377bcd2d8b7faef628affdfc58f89"
    },
    {
      "file": "_not-found/__next._full.txt",
      "sha256": "e1e7f77a6cf155ed6aafaa3e2ff0effb64234ffe3d87edd53c33fd2aa0b572ac"
    },
    {
      "file": "_not-found/__next._not-found.__PAGE__.txt",
      "sha256": "749fec63e19f90566f8855e38a2f75794c5c64b71ca9d25cf2d485dd4b40b6d6"
    },
    {
      "file": "_not-found/__next._tree.txt",
      "sha256": "ce610a6dce370fdf51d0b2824cb851a012107482aed651e25b9258d41374d12c"
    },
    {
      "file": "_not-found.html",
      "sha256": "c2a9b1e5c59fc9f461a6e8ff07c73e9600bcf218c82b76f6ad647fd6380732c8"
    },
    {
      "file": "_not-found.txt",
      "sha256": "e1e7f77a6cf155ed6aafaa3e2ff0effb64234ffe3d87edd53c33fd2aa0b572ac"
    },
    {
      "file": "index.html",
      "sha256": "9413b3db9c00eb6684e4b2c2805dd9dfe7fa2d2446bb099e35ec7677dbea630e"
    },
    {
      "file": "index.txt",
      "sha256": "92873ff869c68e75fafc77a744f742cf399461f1930572ce0d88dcfb9fa6cdfe"
    }
  ],
  "stylesheets": [
    {
      "file": "_next/static/css/53a316f8e29d0b87.css",
      "text": "@layer theme;@layer base{*{text-rendering:geometricprecision}body{text-size-adjust:100%;-moz-osx-font-smoothing:grayscale;-webkit-font-smoothing:antialiased;line-height:1.2}a,button{touch-action:manipulation}[role=button],[type=button],button,summary{-webkit-user-select:none;user-select:none}*,:after,:before{box-sizing:border-box}body{tab-size:2}audio,canvas,embed,iframe,img,object,svg,video{max-width:100%;display:block}body,html{height:-moz-available}abbr[title]{-webkit-text-decoration:underline dotted;text-decoration:underline dotted}b,strong{font-weight:bolder}code,kbd,pre,samp{font-size:1em}::-moz-focus-inner{border-style:none;padding:0}:-moz-ui-invalid{box-shadow:none}progress{vertical-align:baseline}[type=search]{appearance:textfield;outline-offset:-2px}::-webkit-inner-spin-button,::-webkit-outer-spin-button{height:auto}::-webkit-search-decoration{-webkit-appearance:none}::-webkit-file-upload-button{-webkit-appearance:button;font:inherit}hr{height:0;color:inherit}small{font-size:80%}sub,sup{vertical-align:baseline;font-size:75%;line-height:0;position:relative}sub{bottom:-.25em}sup{top:-.5em}table{text-indent:0;border-color:inherit}:host,body{font-family:var(--font-family-sans);font-feature-settings:var(--font-feature-sans,normal)}code,kbd,pre,samp{font-family:var(--font-family-mono);font-feature-settings:var(--font-feature-mono,normal)}a{color:inherit;text-decoration:none}button,input,optgroup,select,textarea{font:inherit;font-feature-settings:inherit;font-variation-settings:inherit;color:inherit;background-color:#0000;margin:0;padding:0;font-size:100%}*,:after,:before{border-style:solid;border-width:0}blockquote,body,dd,dl,figure,h1,h2,h3,h4,h5,h6,hr,p,pre{margin:0}fieldset,legend,ol,td,ul{padding:0}ol,ul{margin:0}body{-webkit-tap-highlight-color:transparent}ul{list-style:none}h1,h2,h3,h4,h5,h6{font-size:inherit;font-weight:inherit}[hidden]{display:none}}@layer defaults, components, utilities;@media layer(card){.nested{background-image:url(/_next/static/media/9ab9f644d71b00aa56003f1b842e6f6fa861a77ab757211143011fb07a89566c.12001aed.svg#pixel);width:4px;height:4px}}@import \"http://127.0.0.1:59696/remote.css?audit=1\" layer(remote) supports(display: grid) screen;.direct{background-image:url(/_next/static/media/9b2bdeea42f0da941fe65654ecbd4bd96c7377bcd2d8b7faef628affdfc58f89.a8f34c97.svg#pixel);width:4px;height:4px}.composed{padding:2rem}@layer theme{:root{--font-family-sans:var(--font-sans,ui-sans-serif),system-ui,-apple-system,BlinkMacSystemFont,\"Segoe UI\",Roboto,\"Helvetica Neue\",Arial,\"Noto Sans\",sans-serif,\"Apple Color Emoji\",\"Segoe UI Emoji\",\"Segoe UI Symbol\",\"Noto Color Emoji\";--font-family-mono:var(--font-mono,ui-monospace),SFMono-Regular,Menlo,Monaco,Consolas,\"Liberation Mono\",\"Courier New\",monospace}}"
    }
  ]
}
node:internal/modules/run_main:107
    triggerUncaughtException(
    ^

AssertionError [ERR_ASSERTION]: Some actual browser delivery checks failed
    at file:///Users/aron/master/css/.ai/audits/bug-hunt/repros/next-general-graph-host.mjs:86:10 {
  generatedMessage: false,
  code: 'ERR_ASSERTION',
  actual: false,
  expected: true,
  operator: '==',
  diff: 'simple'
}

Node.js v24.20.0
