▲ Next.js 16.3.4 (webpack)
✓ Running next.config.js took 85ms
- Experiments (use with caution):
  · cpus: 1
  ✓ useLightningcss

  Creating an optimized production build ...
<w> [webpack.cache.PackFileCacheStrategy/webpack.FileSystemInfo] Parsing of /Users/aron/master/css/packages/tooling/dist/source/adapters/optional-peer.js for build dependencies failed at 'import(specifier)'.
<w> Build dependencies behind this expression are ignored and might cause incorrect cache invalidation.
<w> [webpack.cache.PackFileCacheStrategy/webpack.FileSystemInfo] Parsing of /Users/aron/master/css/packages/tooling/dist/source/adapters/optional-peer.js for build dependencies failed at 'import(specifier)'.
<w> Build dependencies behind this expression are ignored and might cause incorrect cache invalidation.
<w> [webpack.cache.PackFileCacheStrategy/webpack.FileSystemInfo] Parsing of /Users/aron/master/css/packages/tooling/dist/source/adapters/optional-peer.js for build dependencies failed at 'import(specifier)'.
<w> Build dependencies behind this expression are ignored and might cause incorrect cache invalidation.
✓ Compiled successfully in 4.2s
  Running TypeScript ...
  Finished TypeScript in 1ms ...
  Collecting page data using 1 worker ...
  Generating static pages using 1 worker (0/3) ...
✓ Generating static pages using 1 worker (3/3) in 63ms
  Finalizing page optimization ...
  Collecting build traces ...

Route (app)
┌ ○ /
└ ○ /_not-found


○  (Static)  prerendered as static content

{
  "pureNext": false,
  "lightningcss": true,
  "bundler": "webpack",
  "scope": "Actual Next export (managed general loader mode:runtime/runtime:false, or explicit pure-Next control), then three-browser SVG decoding, composed padding and qualified external CSS rendering. No live HMR or dynamic SSR claim.",
  "observations": [
    {
      "browser": "chromium",
      "id": "direct",
      "background": "url(\"http://127.0.0.1:59853/_next/static/media/9b2bdeea42f0da941fe65654ecbd4bd96c7377bcd2d8b7faef628affdfc58f89.a8f34c97.svg\")",
      "status": 200,
      "width": 4,
      "height": 4,
      "body": "<svg xmlns=\"http://www.w3.org/2000/svg\" width=\"4\" height=\"4\"><path fill=\"red\" d=\"M0 0h4v4H0z\"/></svg>",
      "pass": true
    },
    {
      "browser": "chromium",
      "id": "nested",
      "background": "url(\"http://127.0.0.1:59853/_next/static/media/9ab9f644d71b00aa56003f1b842e6f6fa861a77ab757211143011fb07a89566c.12001aed.svg\")",
      "status": 200,
      "width": 4,
      "height": 4,
      "body": "<svg xmlns=\"http://www.w3.org/2000/svg\" width=\"4\" height=\"4\"><path fill=\"blue\" d=\"M0 0h4v4H0z\"/></svg>",
      "pass": true
    },
    {
      "browser": "chromium",
      "id": "generated",
      "padding": "32px",
      "pass": true
    },
    {
      "browser": "chromium",
      "id": "external",
      "color": "rgb(0, 0, 0)",
      "pass": false
    },
    {
      "browser": "firefox",
      "id": "direct",
      "background": "url(\"http://127.0.0.1:59853/_next/static/media/9b2bdeea42f0da941fe65654ecbd4bd96c7377bcd2d8b7faef628affdfc58f89.a8f34c97.svg\")",
      "status": 200,
      "width": 4,
      "height": 4,
      "body": "<svg xmlns=\"http://www.w3.org/2000/svg\" width=\"4\" height=\"4\"><path fill=\"red\" d=\"M0 0h4v4H0z\"/></svg>",
      "pass": true
    },
    {
      "browser": "firefox",
      "id": "nested",
      "background": "url(\"http://127.0.0.1:59853/_next/static/media/9ab9f644d71b00aa56003f1b842e6f6fa861a77ab757211143011fb07a89566c.12001aed.svg\")",
      "status": 200,
      "width": 4,
      "height": 4,
      "body": "<svg xmlns=\"http://www.w3.org/2000/svg\" width=\"4\" height=\"4\"><path fill=\"blue\" d=\"M0 0h4v4H0z\"/></svg>",
      "pass": true
    },
    {
      "browser": "firefox",
      "id": "generated",
      "padding": "32px",
      "pass": true
    },
    {
      "browser": "firefox",
      "id": "external",
      "color": "rgb(0, 0, 0)",
      "pass": false
    },
    {
      "browser": "webkit",
      "id": "direct",
      "background": "url(\"http://127.0.0.1:59853/_next/static/media/9b2bdeea42f0da941fe65654ecbd4bd96c7377bcd2d8b7faef628affdfc58f89.a8f34c97.svg\")",
      "status": 200,
      "width": 4,
      "height": 4,
      "body": "<svg xmlns=\"http://www.w3.org/2000/svg\" width=\"4\" height=\"4\"><path fill=\"red\" d=\"M0 0h4v4H0z\"/></svg>",
      "pass": true
    },
    {
      "browser": "webkit",
      "id": "nested",
      "background": "url(\"http://127.0.0.1:59853/_next/static/media/9ab9f644d71b00aa56003f1b842e6f6fa861a77ab757211143011fb07a89566c.12001aed.svg\")",
      "status": 200,
      "width": 4,
      "height": 4,
      "body": "<svg xmlns=\"http://www.w3.org/2000/svg\" width=\"4\" height=\"4\"><path fill=\"blue\" d=\"M0 0h4v4H0z\"/></svg>",
      "pass": true
    },
    {
      "browser": "webkit",
      "id": "generated",
      "padding": "32px",
      "pass": true
    },
    {
      "browser": "webkit",
      "id": "external",
      "color": "rgb(0, 0, 0)",
      "pass": false
    }
  ],
  "files": [
    {
      "file": "404.html",
      "sha256": "17a36f53c0e60c0ea1e0e08e13b1398041ce950a20073be9ffb9ab94417cd17b"
    },
    {
      "file": "__next.__PAGE__.txt",
      "sha256": "2e3602797a0124f5b72473840ccb75a83b36cd7e19bd74b7713e5569fe47554f"
    },
    {
      "file": "__next._full.txt",
      "sha256": "b5bc4f1ae143655bd51973e0d6ad4b7496ac7df1182da7a1a392f51802df1e15"
    },
    {
      "file": "__next._tree.txt",
      "sha256": "7b0079610d4f62c58c0bfac0761f16309438db1e820eea3a5ade2957d28a330d"
    },
    {
      "file": "_next/static/UwtbeXrTAlpF_iZAbYmHJ/_buildManifest.js",
      "sha256": "fc9f9d16595c40b13da98fd1556b3e2bded6509cb20f9b1e8b7c6bb4bcd89842"
    },
    {
      "file": "_next/static/UwtbeXrTAlpF_iZAbYmHJ/_ssgManifest.js",
      "sha256": "678f6ce2cb80b1fe72fc67e7412be6e2ab6ada083111b64f7c40d35e3cba5e00"
    },
    {
      "file": "_next/static/chunks/194-1c3b0f7b60a00655.js",
      "sha256": "8cc4ccb2aacdfd686492fdc3d7dee5ebbada02a21af29ecdcfb932654ef6e5ac"
    },
    {
      "file": "_next/static/chunks/3b56f0b9-ecd5fd86cd1a7fee.js",
      "sha256": "aab37667defa74737c8bba05582b2cf4a6d110fac71a868be01fa3a29db78562"
    },
    {
      "file": "_next/static/chunks/app/_global-error/page-05606a3b078479dc.js",
      "sha256": "e718a51526ea4b058abc78f73525e405a7b26fbb6bffbbb5ba2aa77196bb33e3"
    },
    {
      "file": "_next/static/chunks/app/_not-found/page-e336cca8619c8618.js",
      "sha256": "601952fd9b1395a300f6f5115fdfd03c352769c52758c28ca1d4b95c076c8aea"
    },
    {
      "file": "_next/static/chunks/app/layout-26b1d97d03313756.js",
      "sha256": "cca905d45e6b2a1d1edf7a5d56abe36dbbe5b8081b6bea364e075607a232c88d"
    },
    {
      "file": "_next/static/chunks/app/page-05606a3b078479dc.js",
      "sha256": "e718a51526ea4b058abc78f73525e405a7b26fbb6bffbbb5ba2aa77196bb33e3"
    },
    {
      "file": "_next/static/chunks/framework-20f4df068c44d36f.js",
      "sha256": "f056cbebb646bf970e077851fffa392f9124de3c54ddd2f42d0ba390745ae4bc"
    },
    {
      "file": "_next/static/chunks/main-app-07c69dd101121ed0.js",
      "sha256": "b4d013e39501483781e0c6168fdce4966f368905bbe8824f875117baddb9a1f0"
    },
    {
      "file": "_next/static/chunks/main-edcc4b98296f6bf3.js",
      "sha256": "1eeb5025cd0d8ee2c5011fdde9507c96976129d79be8f669a47b9f88912cd07d"
    },
    {
      "file": "_next/static/chunks/next/dist/client/components/builtin/app-error-05606a3b078479dc.js",
      "sha256": "e718a51526ea4b058abc78f73525e405a7b26fbb6bffbbb5ba2aa77196bb33e3"
    },
    {
      "file": "_next/static/chunks/next/dist/client/components/builtin/forbidden-05606a3b078479dc.js",
      "sha256": "e718a51526ea4b058abc78f73525e405a7b26fbb6bffbbb5ba2aa77196bb33e3"
    },
    {
      "file": "_next/static/chunks/next/dist/client/components/builtin/global-error-e9da0c54dbc7f353.js",
      "sha256": "75376583bd38f1333410376bc3cf090ed33f4ad0df335c1900d5a2605b968a3e"
    },
    {
      "file": "_next/static/chunks/next/dist/client/components/builtin/not-found-05606a3b078479dc.js",
      "sha256": "e718a51526ea4b058abc78f73525e405a7b26fbb6bffbbb5ba2aa77196bb33e3"
    },
    {
      "file": "_next/static/chunks/next/dist/client/components/builtin/unauthorized-05606a3b078479dc.js",
      "sha256": "e718a51526ea4b058abc78f73525e405a7b26fbb6bffbbb5ba2aa77196bb33e3"
    },
    {
      "file": "_next/static/chunks/polyfills-42372ed130431b0a.js",
      "sha256": "0973c1d64c88adc8e3c950410cb58b288f72118d5965b78049438deb8f2f9683"
    },
    {
      "file": "_next/static/chunks/webpack-259ab47e742b4f67.js",
      "sha256": "59c185c359e12c0a66553a4eb4f9096f88412112b5f8fd638a17ec4ef434dd80"
    },
    {
      "file": "_next/static/css/9e08c1fb0ea91934.css",
      "sha256": "4e6d2a8b12716bf8a01906148976f10c1ad5cd1838fbc37de13b3747412dd7d5"
    },
    {
      "file": "_next/static/media/9ab9f644d71b00aa56003f1b842e6f6fa861a77ab757211143011fb07a89566c.12001aed.svg",
      "sha256": "9ab9f644d71b00aa56003f1b842e6f6fa861a77ab757211143011fb07a89566c"
    },
    {
      "file": "_next/static/media/9b2bdeea42f0da941fe65654ecbd4bd96c7377bcd2d8b7faef628affdfc58f89.a8f34c97.svg",
      "sha256": "9b2bdeea42f0da941fe65654ecbd4bd96c7377bcd2d8b7faef628affdfc58f89"
    },
    {
      "file": "_not-found/__next._full.txt",
      "sha256": "11bcbf244ff8565794cfd4879d81feb32379d45ffb3f024155f6ec09f0ca83d0"
    },
    {
      "file": "_not-found/__next._not-found.__PAGE__.txt",
      "sha256": "e679d103e2e197a345ac15eaa7afea377c77ed00a3668c70071d58d473af6d63"
    },
    {
      "file": "_not-found/__next._tree.txt",
      "sha256": "8716ab2dbd1352d9429455450a7d4efd9d5220304138c5aa22f6d40c63f2d481"
    },
    {
      "file": "_not-found.html",
      "sha256": "17a36f53c0e60c0ea1e0e08e13b1398041ce950a20073be9ffb9ab94417cd17b"
    },
    {
      "file": "_not-found.txt",
      "sha256": "11bcbf244ff8565794cfd4879d81feb32379d45ffb3f024155f6ec09f0ca83d0"
    },
    {
      "file": "index.html",
      "sha256": "9a86088a29e15a1fcc1d7daf9d044e8912840b2b2ac4fea7c4b65bef75e0a73c"
    },
    {
      "file": "index.txt",
      "sha256": "b5bc4f1ae143655bd51973e0d6ad4b7496ac7df1182da7a1a392f51802df1e15"
    }
  ],
  "stylesheets": [
    {
      "file": "_next/static/css/9e08c1fb0ea91934.css",
      "text": "@layer theme;@layer base{*{text-rendering:geometricprecision}body{-moz-text-size-adjust:100%;text-size-adjust:100%;-moz-osx-font-smoothing:grayscale;-webkit-font-smoothing:antialiased;line-height:1.2}a,button{touch-action:manipulation}[role=button],[type=button],button,summary{-webkit-user-select:none;user-select:none}*,:after,:before{box-sizing:border-box}body{tab-size:2}audio,canvas,embed,iframe,img,object,svg,video{max-width:100%;display:block}body,html{height:-moz-available}abbr[title]{-webkit-text-decoration:underline dotted;text-decoration:underline dotted}b,strong{font-weight:bolder}code,kbd,pre,samp{font-size:1em}::-moz-focus-inner{border-style:none;padding:0}:-moz-ui-invalid{box-shadow:none}progress{vertical-align:baseline}[type=search]{appearance:textfield;outline-offset:-2px}::-webkit-inner-spin-button,::-webkit-outer-spin-button{height:auto}::-webkit-search-decoration{-webkit-appearance:none}::-webkit-file-upload-button{-webkit-appearance:button;font:inherit}hr{height:0;color:inherit}small{font-size:80%}sub,sup{vertical-align:baseline;font-size:75%;line-height:0;position:relative}sub{bottom:-.25em}sup{top:-.5em}table{text-indent:0;border-color:inherit}:host,body{font-family:var(--font-family-sans);font-feature-settings:var(--font-feature-sans,normal)}code,kbd,pre,samp{font-family:var(--font-family-mono);font-feature-settings:var(--font-feature-mono,normal)}a{color:inherit;text-decoration:none}button,input,optgroup,select,textarea{font:inherit;font-feature-settings:inherit;font-variation-settings:inherit;color:inherit;background-color:#0000;margin:0;padding:0;font-size:100%}*,:after,:before{border-style:solid;border-width:0}blockquote,body,dd,dl,figure,h1,h2,h3,h4,h5,h6,hr,p,pre{margin:0}fieldset,legend,ol,td,ul{padding:0}ol,ul{margin:0}body{-webkit-tap-highlight-color:transparent}ul{list-style:none}h1,h2,h3,h4,h5,h6{font-size:inherit;font-weight:inherit}[hidden]{display:none}}@layer defaults, components, utilities;.nested{background-image:url(/_next/static/media/9ab9f644d71b00aa56003f1b842e6f6fa861a77ab757211143011fb07a89566c.12001aed.svg)}@import \"http://127.0.0.1:59836/remote.css?audit=1\" layer(remote) supports(display: grid) screen;.direct,.nested{width:4px;height:4px}.direct{background-image:url(/_next/static/media/9b2bdeea42f0da941fe65654ecbd4bd96c7377bcd2d8b7faef628affdfc58f89.a8f34c97.svg)}.composed{padding:2rem}@layer theme{:root{--font-family-sans:var(--font-sans,ui-sans-serif),system-ui,-apple-system,BlinkMacSystemFont,\"Segoe UI\",Roboto,\"Helvetica Neue\",Arial,\"Noto Sans\",sans-serif,\"Apple Color Emoji\",\"Segoe UI Emoji\",\"Segoe UI Symbol\",\"Noto Color Emoji\";--font-family-mono:var(--font-mono,ui-monospace),SFMono-Regular,Menlo,Monaco,Consolas,\"Liberation Mono\",\"Courier New\",monospace}}"
    }
  ]
}
node:internal/modules/run_main:107
    triggerUncaughtException(
    ^

AssertionError [ERR_ASSERTION]: Some actual browser delivery checks failed
    at file:///Users/aron/master/css/.ai/audits/bug-hunt/repros/next-general-graph-host.mjs:88:10 {
  generatedMessage: false,
  code: 'ERR_ASSERTION',
  actual: false,
  expected: true,
  operator: '==',
  diff: 'simple'
}

Node.js v24.20.0
