▲ Next.js 16.3.4 (webpack)
✓ Running next.config.js took 79ms
- Experiments (use with caution):
  · cpus: 1

  Creating an optimized production build ...
<w> [webpack.cache.PackFileCacheStrategy/webpack.FileSystemInfo] Parsing of /Users/aron/master/css/packages/tooling/dist/source/adapters/optional-peer.js for build dependencies failed at 'import(specifier)'.
<w> Build dependencies behind this expression are ignored and might cause incorrect cache invalidation.
<w> [webpack.cache.PackFileCacheStrategy/webpack.FileSystemInfo] Parsing of /Users/aron/master/css/packages/tooling/dist/source/adapters/optional-peer.js for build dependencies failed at 'import(specifier)'.
<w> Build dependencies behind this expression are ignored and might cause incorrect cache invalidation.
<w> [webpack.cache.PackFileCacheStrategy/webpack.FileSystemInfo] Parsing of /Users/aron/master/css/packages/tooling/dist/source/adapters/optional-peer.js for build dependencies failed at 'import(specifier)'.
<w> Build dependencies behind this expression are ignored and might cause incorrect cache invalidation.
✓ Compiled successfully in 3.7s
  Running TypeScript ...
  Finished TypeScript in 1ms ...
  Collecting page data using 1 worker ...
  Generating static pages using 1 worker (0/3) ...
✓ Generating static pages using 1 worker (3/3) in 62ms
  Finalizing page optimization ...
  Collecting build traces ...

Route (app)
┌ ○ /
└ ○ /_not-found


○  (Static)  prerendered as static content

{
  "cssLoaderControl": null,
  "externalImportControl": false,
  "pureNext": false,
  "lightningcss": false,
  "bundler": "webpack",
  "scope": "Actual Next export (managed general loader mode:runtime/runtime:false, or explicit pure-Next control), then three-browser SVG decoding, composed padding and qualified external CSS rendering. No live HMR or dynamic SSR claim.",
  "observations": [
    {
      "browser": "chromium",
      "id": "direct",
      "background": "url(\"http://127.0.0.1:60865/_next/static/css/master/a1b5eeb0cf6138207d6fd24d61bac6ffdb5cd3e095dddaa30e99e83b5be6af04/css/9b2bdeea42f0da941fe65654ecbd4bd96c7377bcd2d8b7faef628affdfc58f89.svg?direct=1#pixel\")",
      "status": 200,
      "width": 4,
      "height": 4,
      "body": "<svg xmlns=\"http://www.w3.org/2000/svg\" width=\"4\" height=\"4\"><path fill=\"red\" d=\"M0 0h4v4H0z\"/></svg>",
      "pass": true
    },
    {
      "browser": "chromium",
      "id": "nested",
      "background": "url(\"http://127.0.0.1:60865/_next/static/css/master/a1b5eeb0cf6138207d6fd24d61bac6ffdb5cd3e095dddaa30e99e83b5be6af04/css/9ab9f644d71b00aa56003f1b842e6f6fa861a77ab757211143011fb07a89566c.svg?nested=1#pixel\")",
      "status": 200,
      "width": 4,
      "height": 4,
      "body": "<svg xmlns=\"http://www.w3.org/2000/svg\" width=\"4\" height=\"4\"><path fill=\"blue\" d=\"M0 0h4v4H0z\"/></svg>",
      "pass": true
    },
    {
      "browser": "chromium",
      "id": "generated",
      "padding": "32px",
      "pass": true
    },
    {
      "browser": "chromium",
      "id": "external",
      "color": "rgb(21, 34, 55)",
      "pass": true
    },
    {
      "browser": "firefox",
      "id": "direct",
      "background": "url(\"http://127.0.0.1:60865/_next/static/css/master/a1b5eeb0cf6138207d6fd24d61bac6ffdb5cd3e095dddaa30e99e83b5be6af04/css/9b2bdeea42f0da941fe65654ecbd4bd96c7377bcd2d8b7faef628affdfc58f89.svg?direct=1#pixel\")",
      "status": 200,
      "width": 4,
      "height": 4,
      "body": "<svg xmlns=\"http://www.w3.org/2000/svg\" width=\"4\" height=\"4\"><path fill=\"red\" d=\"M0 0h4v4H0z\"/></svg>",
      "pass": true
    },
    {
      "browser": "firefox",
      "id": "nested",
      "background": "url(\"http://127.0.0.1:60865/_next/static/css/master/a1b5eeb0cf6138207d6fd24d61bac6ffdb5cd3e095dddaa30e99e83b5be6af04/css/9ab9f644d71b00aa56003f1b842e6f6fa861a77ab757211143011fb07a89566c.svg?nested=1#pixel\")",
      "status": 200,
      "width": 4,
      "height": 4,
      "body": "<svg xmlns=\"http://www.w3.org/2000/svg\" width=\"4\" height=\"4\"><path fill=\"blue\" d=\"M0 0h4v4H0z\"/></svg>",
      "pass": true
    },
    {
      "browser": "firefox",
      "id": "generated",
      "padding": "32px",
      "pass": true
    },
    {
      "browser": "firefox",
      "id": "external",
      "color": "rgb(21, 34, 55)",
      "pass": true
    },
    {
      "browser": "webkit",
      "id": "direct",
      "background": "url(\"http://127.0.0.1:60865/_next/static/css/master/a1b5eeb0cf6138207d6fd24d61bac6ffdb5cd3e095dddaa30e99e83b5be6af04/css/9b2bdeea42f0da941fe65654ecbd4bd96c7377bcd2d8b7faef628affdfc58f89.svg?direct=1#pixel\")",
      "status": 200,
      "width": 4,
      "height": 4,
      "body": "<svg xmlns=\"http://www.w3.org/2000/svg\" width=\"4\" height=\"4\"><path fill=\"red\" d=\"M0 0h4v4H0z\"/></svg>",
      "pass": true
    },
    {
      "browser": "webkit",
      "id": "nested",
      "background": "url(\"http://127.0.0.1:60865/_next/static/css/master/a1b5eeb0cf6138207d6fd24d61bac6ffdb5cd3e095dddaa30e99e83b5be6af04/css/9ab9f644d71b00aa56003f1b842e6f6fa861a77ab757211143011fb07a89566c.svg?nested=1#pixel\")",
      "status": 200,
      "width": 4,
      "height": 4,
      "body": "<svg xmlns=\"http://www.w3.org/2000/svg\" width=\"4\" height=\"4\"><path fill=\"blue\" d=\"M0 0h4v4H0z\"/></svg>",
      "pass": true
    },
    {
      "browser": "webkit",
      "id": "generated",
      "padding": "32px",
      "pass": true
    },
    {
      "browser": "webkit",
      "id": "external",
      "color": "rgb(21, 34, 55)",
      "pass": true
    }
  ],
  "files": [
    {
      "file": "404.html",
      "sha256": "149e533fc8112fda96378c54daf3683459d343bf1c2ad22976ee4e16f516f76e"
    },
    {
      "file": "__next.__PAGE__.txt",
      "sha256": "d38e3845463b5f1e759bff8bbe807355637a26e4c95d1fa5866b88e747868aef"
    },
    {
      "file": "__next._full.txt",
      "sha256": "38fec8ee70d11538f5a6c7f873115c3e63b3669a5f482b19167e0737d821d5c9"
    },
    {
      "file": "__next._tree.txt",
      "sha256": "1e16c78477e5388166dd306170969d8594019b694e7e338665a399fdb756f8d8"
    },
    {
      "file": "_next/static/MKnr_EGdNaNxR3QHn6jyb/_buildManifest.js",
      "sha256": "fc9f9d16595c40b13da98fd1556b3e2bded6509cb20f9b1e8b7c6bb4bcd89842"
    },
    {
      "file": "_next/static/MKnr_EGdNaNxR3QHn6jyb/_ssgManifest.js",
      "sha256": "678f6ce2cb80b1fe72fc67e7412be6e2ab6ada083111b64f7c40d35e3cba5e00"
    },
    {
      "file": "_next/static/chunks/194-1c3b0f7b60a00655.js",
      "sha256": "8cc4ccb2aacdfd686492fdc3d7dee5ebbada02a21af29ecdcfb932654ef6e5ac"
    },
    {
      "file": "_next/static/chunks/3b56f0b9-ecd5fd86cd1a7fee.js",
      "sha256": "aab37667defa74737c8bba05582b2cf4a6d110fac71a868be01fa3a29db78562"
    },
    {
      "file": "_next/static/chunks/app/_global-error/page-05606a3b078479dc.js",
      "sha256": "e718a51526ea4b058abc78f73525e405a7b26fbb6bffbbb5ba2aa77196bb33e3"
    },
    {
      "file": "_next/static/chunks/app/_not-found/page-e336cca8619c8618.js",
      "sha256": "601952fd9b1395a300f6f5115fdfd03c352769c52758c28ca1d4b95c076c8aea"
    },
    {
      "file": "_next/static/chunks/app/layout-6a68597cd93bc2ee.js",
      "sha256": "65abdd0004dc5d518c046ced84b94dc58da25bd04827d8d9c55c977f5168ba2f"
    },
    {
      "file": "_next/static/chunks/app/page-05606a3b078479dc.js",
      "sha256": "e718a51526ea4b058abc78f73525e405a7b26fbb6bffbbb5ba2aa77196bb33e3"
    },
    {
      "file": "_next/static/chunks/framework-20f4df068c44d36f.js",
      "sha256": "f056cbebb646bf970e077851fffa392f9124de3c54ddd2f42d0ba390745ae4bc"
    },
    {
      "file": "_next/static/chunks/main-app-07c69dd101121ed0.js",
      "sha256": "b4d013e39501483781e0c6168fdce4966f368905bbe8824f875117baddb9a1f0"
    },
    {
      "file": "_next/static/chunks/main-edcc4b98296f6bf3.js",
      "sha256": "1eeb5025cd0d8ee2c5011fdde9507c96976129d79be8f669a47b9f88912cd07d"
    },
    {
      "file": "_next/static/chunks/next/dist/client/components/builtin/app-error-05606a3b078479dc.js",
      "sha256": "e718a51526ea4b058abc78f73525e405a7b26fbb6bffbbb5ba2aa77196bb33e3"
    },
    {
      "file": "_next/static/chunks/next/dist/client/components/builtin/forbidden-05606a3b078479dc.js",
      "sha256": "e718a51526ea4b058abc78f73525e405a7b26fbb6bffbbb5ba2aa77196bb33e3"
    },
    {
      "file": "_next/static/chunks/next/dist/client/components/builtin/global-error-e9da0c54dbc7f353.js",
      "sha256": "75376583bd38f1333410376bc3cf090ed33f4ad0df335c1900d5a2605b968a3e"
    },
    {
      "file": "_next/static/chunks/next/dist/client/components/builtin/not-found-05606a3b078479dc.js",
      "sha256": "e718a51526ea4b058abc78f73525e405a7b26fbb6bffbbb5ba2aa77196bb33e3"
    },
    {
      "file": "_next/static/chunks/next/dist/client/components/builtin/unauthorized-05606a3b078479dc.js",
      "sha256": "e718a51526ea4b058abc78f73525e405a7b26fbb6bffbbb5ba2aa77196bb33e3"
    },
    {
      "file": "_next/static/chunks/polyfills-42372ed130431b0a.js",
      "sha256": "0973c1d64c88adc8e3c950410cb58b288f72118d5965b78049438deb8f2f9683"
    },
    {
      "file": "_next/static/chunks/webpack-7da880772e481766.js",
      "sha256": "34be61ddfa29f190eed75f3f567239cec018e260abe3226672eb46d9a42cbcb6"
    },
    {
      "file": "_next/static/css/c16755f11b9ddb1d.css",
      "sha256": "c42694a56caca6429d82ec335eef5b6d5cb85d2a5dbdf09238c73e5a3075d380"
    },
    {
      "file": "_next/static/css/master/a1b5eeb0cf6138207d6fd24d61bac6ffdb5cd3e095dddaa30e99e83b5be6af04/css/8dddb59a0c067b88daee5bbbe5450b2df48501afb2552cd07887f47f5ce8156a-53272a44daa2e9348ce16b8ff8defc8b9fb62c80c920d0028d5360d62c1eae18.css",
      "sha256": "e51368e64d1d94f34f913f160a43982a067257ea96f19a3e43cad0a0df2c01df"
    },
    {
      "file": "_next/static/css/master/a1b5eeb0cf6138207d6fd24d61bac6ffdb5cd3e095dddaa30e99e83b5be6af04/css/8dddb59a0c067b88daee5bbbe5450b2df48501afb2552cd07887f47f5ce8156a-7927cffd66e2fdcdcbed101029468af28b81933d7e4b0ad77034b0fdf6df0b18.css",
      "sha256": "e3b0c44298fc1c149afbf4c8996fb92427ae41e4649b934ca495991b7852b855"
    },
    {
      "file": "_next/static/css/master/a1b5eeb0cf6138207d6fd24d61bac6ffdb5cd3e095dddaa30e99e83b5be6af04/css/8dddb59a0c067b88daee5bbbe5450b2df48501afb2552cd07887f47f5ce8156a-8b3697fd0abf5cc7538681f772e93ec43e85dccd41b440ca080527acbeb03a06.css",
      "sha256": "e6efeec85b40a3d060d9601688ef931b2ee03d1a9f594cd41ecaa48190d8af6d"
    },
    {
      "file": "_next/static/css/master/a1b5eeb0cf6138207d6fd24d61bac6ffdb5cd3e095dddaa30e99e83b5be6af04/css/8dddb59a0c067b88daee5bbbe5450b2df48501afb2552cd07887f47f5ce8156a-bd49b92ca4f12d72424e2b5689ea228d8d6412a299c94edf9932b9b8ae026de9.css",
      "sha256": "0ed3f2fe676d7e95a84c011daa2cb8077291c0d0d5a3573d57f0dac973cfb10e"
    },
    {
      "file": "_next/static/css/master/a1b5eeb0cf6138207d6fd24d61bac6ffdb5cd3e095dddaa30e99e83b5be6af04/css/8dddb59a0c067b88daee5bbbe5450b2df48501afb2552cd07887f47f5ce8156a-cb5d20f67f315ddcce5f2007652b3d4b014cdf7bd9cfa617b002b1f9a96d9344.css",
      "sha256": "e3b0c44298fc1c149afbf4c8996fb92427ae41e4649b934ca495991b7852b855"
    },
    {
      "file": "_next/static/css/master/a1b5eeb0cf6138207d6fd24d61bac6ffdb5cd3e095dddaa30e99e83b5be6af04/css/8dddb59a0c067b88daee5bbbe5450b2df48501afb2552cd07887f47f5ce8156a-d6aaeb593fe5384ed9a4c1ec5797c3576fcd9440e29e141b2df10efe69003560.css",
      "sha256": "e3b0c44298fc1c149afbf4c8996fb92427ae41e4649b934ca495991b7852b855"
    },
    {
      "file": "_next/static/css/master/a1b5eeb0cf6138207d6fd24d61bac6ffdb5cd3e095dddaa30e99e83b5be6af04/css/8dddb59a0c067b88daee5bbbe5450b2df48501afb2552cd07887f47f5ce8156a-d6b50af06f6a048643319b70cf0409e3f37027a0f81432a0544bc2300f126905.css",
      "sha256": "b439f11483bd9146ba33b94285014c005c5e3424196cb5b09b2389e585c7ffdd"
    },
    {
      "file": "_next/static/css/master/a1b5eeb0cf6138207d6fd24d61bac6ffdb5cd3e095dddaa30e99e83b5be6af04/css/8dddb59a0c067b88daee5bbbe5450b2df48501afb2552cd07887f47f5ce8156a-entry.css",
      "sha256": "e8f3bd03ed70ed1630ba1618a6f07401cc63ca8ddc53c40ea8af4424ad90537d"
    },
    {
      "file": "_next/static/css/master/a1b5eeb0cf6138207d6fd24d61bac6ffdb5cd3e095dddaa30e99e83b5be6af04/css/9ab9f644d71b00aa56003f1b842e6f6fa861a77ab757211143011fb07a89566c.svg",
      "sha256": "9ab9f644d71b00aa56003f1b842e6f6fa861a77ab757211143011fb07a89566c"
    },
    {
      "file": "_next/static/css/master/a1b5eeb0cf6138207d6fd24d61bac6ffdb5cd3e095dddaa30e99e83b5be6af04/css/9b2bdeea42f0da941fe65654ecbd4bd96c7377bcd2d8b7faef628affdfc58f89.svg",
      "sha256": "9b2bdeea42f0da941fe65654ecbd4bd96c7377bcd2d8b7faef628affdfc58f89"
    },
    {
      "file": "_not-found/__next._full.txt",
      "sha256": "95df0834001654e683b11381ca7e40e1f961a291804a42482850ec7c03b548bc"
    },
    {
      "file": "_not-found/__next._not-found.__PAGE__.txt",
      "sha256": "6b47ab9a024e198fa968dd7e1e2153798db49ce033787a11f1e4ef0bbd61640a"
    },
    {
      "file": "_not-found/__next._tree.txt",
      "sha256": "1376d0aa4826f8b11b8fa0a236d130428e8b3f7108a0bba33eb2d4c10db88d7b"
    },
    {
      "file": "_not-found.html",
      "sha256": "149e533fc8112fda96378c54daf3683459d343bf1c2ad22976ee4e16f516f76e"
    },
    {
      "file": "_not-found.txt",
      "sha256": "95df0834001654e683b11381ca7e40e1f961a291804a42482850ec7c03b548bc"
    },
    {
      "file": "index.html",
      "sha256": "fae9d88ce069325d3d30e9b7e289db6128c16fd9021fe4cf4415c05f8a41bc8d"
    },
    {
      "file": "index.txt",
      "sha256": "38fec8ee70d11538f5a6c7f873115c3e63b3669a5f482b19167e0737d821d5c9"
    }
  ],
  "stylesheets": [
    {
      "file": "_next/static/css/c16755f11b9ddb1d.css",
      "text": "@import url(\"/_next/static/css/master/a1b5eeb0cf6138207d6fd24d61bac6ffdb5cd3e095dddaa30e99e83b5be6af04/css/8dddb59a0c067b88daee5bbbe5450b2df48501afb2552cd07887f47f5ce8156a-entry.css\");"
    },
    {
      "file": "_next/static/css/master/a1b5eeb0cf6138207d6fd24d61bac6ffdb5cd3e095dddaa30e99e83b5be6af04/css/8dddb59a0c067b88daee5bbbe5450b2df48501afb2552cd07887f47f5ce8156a-53272a44daa2e9348ce16b8ff8defc8b9fb62c80c920d0028d5360d62c1eae18.css",
      "text": "@import \"./8dddb59a0c067b88daee5bbbe5450b2df48501afb2552cd07887f47f5ce8156a-bd49b92ca4f12d72424e2b5689ea228d8d6412a299c94edf9932b9b8ae026de9.css\";@import \"./8dddb59a0c067b88daee5bbbe5450b2df48501afb2552cd07887f47f5ce8156a-7927cffd66e2fdcdcbed101029468af28b81933d7e4b0ad77034b0fdf6df0b18.css\";@import \"./8dddb59a0c067b88daee5bbbe5450b2df48501afb2552cd07887f47f5ce8156a-cb5d20f67f315ddcce5f2007652b3d4b014cdf7bd9cfa617b002b1f9a96d9344.css\";@import \"./8dddb59a0c067b88daee5bbbe5450b2df48501afb2552cd07887f47f5ce8156a-d6aaeb593fe5384ed9a4c1ec5797c3576fcd9440e29e141b2df10efe69003560.css\";"
    },
    {
      "file": "_next/static/css/master/a1b5eeb0cf6138207d6fd24d61bac6ffdb5cd3e095dddaa30e99e83b5be6af04/css/8dddb59a0c067b88daee5bbbe5450b2df48501afb2552cd07887f47f5ce8156a-7927cffd66e2fdcdcbed101029468af28b81933d7e4b0ad77034b0fdf6df0b18.css",
      "text": ""
    },
    {
      "file": "_next/static/css/master/a1b5eeb0cf6138207d6fd24d61bac6ffdb5cd3e095dddaa30e99e83b5be6af04/css/8dddb59a0c067b88daee5bbbe5450b2df48501afb2552cd07887f47f5ce8156a-8b3697fd0abf5cc7538681f772e93ec43e85dccd41b440ca080527acbeb03a06.css",
      "text": "@import \"./8dddb59a0c067b88daee5bbbe5450b2df48501afb2552cd07887f47f5ce8156a-53272a44daa2e9348ce16b8ff8defc8b9fb62c80c920d0028d5360d62c1eae18.css\";"
    },
    {
      "file": "_next/static/css/master/a1b5eeb0cf6138207d6fd24d61bac6ffdb5cd3e095dddaa30e99e83b5be6af04/css/8dddb59a0c067b88daee5bbbe5450b2df48501afb2552cd07887f47f5ce8156a-bd49b92ca4f12d72424e2b5689ea228d8d6412a299c94edf9932b9b8ae026de9.css",
      "text": "@layer theme;@layer base{*{text-rendering:geometricprecision}body{-webkit-text-size-adjust:100%;-moz-text-size-adjust:100%;-ms-text-size-adjust:100%;text-size-adjust:100%;-moz-osx-font-smoothing:grayscale;-webkit-font-smoothing:antialiased;line-height:1.2}a,button{touch-action:manipulation}[role=button],[type=button],button,summary{-webkit-user-select:none;user-select:none}*,:after,:before{box-sizing:border-box}body{-moz-tab-size:2;tab-size:2}audio,canvas,embed,iframe,img,object,svg,video{max-width:100%;display:block}body,html{height:-moz-available}abbr[title]{text-decoration:underline dotted}b,strong{font-weight:bolder}code,kbd,pre,samp{font-size:1em}::-moz-focus-inner{border-style:none;padding:0}:-moz-ui-invalid{box-shadow:none}progress{vertical-align:baseline}[type=search]{appearance:textfield;outline-offset:-2px}::-webkit-inner-spin-button,::-webkit-outer-spin-button{height:auto}::-webkit-search-decoration{-webkit-appearance:none}::-webkit-file-upload-button{-webkit-appearance:button;font:inherit}hr{height:0;color:inherit}small{font-size:80%}sub,sup{vertical-align:baseline;font-size:75%;line-height:0;position:relative}sub{bottom:-.25em}sup{top:-.5em}table{text-indent:0;border-color:inherit}:host,body{font-family:var(--font-family-sans);font-feature-settings:var(--font-feature-sans,normal)}code,kbd,pre,samp{font-family:var(--font-family-mono);font-feature-settings:var(--font-feature-mono,normal)}a{color:inherit;text-decoration:none}button,input,optgroup,select,textarea{font:inherit;font-feature-settings:inherit;font-variation-settings:inherit;color:inherit;background-color:#0000;margin:0;padding:0;font-size:100%}*,:after,:before{border-style:solid;border-width:0}blockquote,body,dd,dl,figure,h1,h2,h3,h4,h5,h6,hr,p,pre{margin:0}fieldset,legend,ol,td,ul{padding:0}ol,ul{margin:0}body{-webkit-tap-highlight-color:transparent}ul{list-style:none}h1,h2,h3,h4,h5,h6{font-size:inherit;font-weight:inherit}[hidden]{display:none}}@layer defaults, components, utilities;"
    },
    {
      "file": "_next/static/css/master/a1b5eeb0cf6138207d6fd24d61bac6ffdb5cd3e095dddaa30e99e83b5be6af04/css/8dddb59a0c067b88daee5bbbe5450b2df48501afb2552cd07887f47f5ce8156a-cb5d20f67f315ddcce5f2007652b3d4b014cdf7bd9cfa617b002b1f9a96d9344.css",
      "text": ""
    },
    {
      "file": "_next/static/css/master/a1b5eeb0cf6138207d6fd24d61bac6ffdb5cd3e095dddaa30e99e83b5be6af04/css/8dddb59a0c067b88daee5bbbe5450b2df48501afb2552cd07887f47f5ce8156a-d6aaeb593fe5384ed9a4c1ec5797c3576fcd9440e29e141b2df10efe69003560.css",
      "text": ""
    },
    {
      "file": "_next/static/css/master/a1b5eeb0cf6138207d6fd24d61bac6ffdb5cd3e095dddaa30e99e83b5be6af04/css/8dddb59a0c067b88daee5bbbe5450b2df48501afb2552cd07887f47f5ce8156a-d6b50af06f6a048643319b70cf0409e3f37027a0f81432a0544bc2300f126905.css",
      "text": ".nested{background-image:url(9ab9f644d71b00aa56003f1b842e6f6fa861a77ab757211143011fb07a89566c.svg?nested=1#pixel);width:4px;height:4px}"
    },
    {
      "file": "_next/static/css/master/a1b5eeb0cf6138207d6fd24d61bac6ffdb5cd3e095dddaa30e99e83b5be6af04/css/8dddb59a0c067b88daee5bbbe5450b2df48501afb2552cd07887f47f5ce8156a-entry.css",
      "text": "@import \"./8dddb59a0c067b88daee5bbbe5450b2df48501afb2552cd07887f47f5ce8156a-8b3697fd0abf5cc7538681f772e93ec43e85dccd41b440ca080527acbeb03a06.css\";@import \"http://127.0.0.1:60858/remote.css?audit=1\" layer(remote) supports(display: grid) screen;@import \"./8dddb59a0c067b88daee5bbbe5450b2df48501afb2552cd07887f47f5ce8156a-d6b50af06f6a048643319b70cf0409e3f37027a0f81432a0544bc2300f126905.css\" layer(card);.direct{background-image:url(9b2bdeea42f0da941fe65654ecbd4bd96c7377bcd2d8b7faef628affdfc58f89.svg?direct=1#pixel);width:4px;height:4px}.composed{padding:2rem}@layer theme{:root{--font-family-sans:var(--font-sans,ui-sans-serif),system-ui,-apple-system,BlinkMacSystemFont,\"Segoe UI\",Roboto,\"Helvetica Neue\",Arial,\"Noto Sans\",sans-serif,\"Apple Color Emoji\",\"Segoe UI Emoji\",\"Segoe UI Symbol\",\"Noto Color Emoji\";--font-family-mono:var(--font-mono,ui-monospace),SFMono-Regular,Menlo,Monaco,Consolas,\"Liberation Mono\",\"Courier New\",monospace}}"
    }
  ]
}
