▲ Next.js 16.3.4 (webpack)
✓ Running next.config.js took 82ms
- Experiments (use with caution):
  · cpus: 1

  Creating an optimized production build ...
<w> [webpack.cache.PackFileCacheStrategy/webpack.FileSystemInfo] Parsing of /Users/aron/master/css/packages/tooling/dist/source/adapters/optional-peer.js for build dependencies failed at 'import(specifier)'.
<w> Build dependencies behind this expression are ignored and might cause incorrect cache invalidation.
<w> [webpack.cache.PackFileCacheStrategy/webpack.FileSystemInfo] Parsing of /Users/aron/master/css/packages/tooling/dist/source/adapters/optional-peer.js for build dependencies failed at 'import(specifier)'.
<w> Build dependencies behind this expression are ignored and might cause incorrect cache invalidation.
<w> [webpack.cache.PackFileCacheStrategy/webpack.FileSystemInfo] Parsing of /Users/aron/master/css/packages/tooling/dist/source/adapters/optional-peer.js for build dependencies failed at 'import(specifier)'.
<w> Build dependencies behind this expression are ignored and might cause incorrect cache invalidation.
✓ Compiled successfully in 3.8s
  Running TypeScript ...
  Finished TypeScript in 1ms ...
  Collecting page data using 1 worker ...
  Generating static pages using 1 worker (0/3) ...
✓ Generating static pages using 1 worker (3/3) in 59ms
  Finalizing page optimization ...
  Collecting build traces ...

Route (app)
┌ ○ /
└ ○ /_not-found


○  (Static)  prerendered as static content

{
  "cssLoaderControl": null,
  "externalImportControl": false,
  "pureNext": false,
  "lightningcss": false,
  "bundler": "webpack",
  "scope": "Actual Next export (managed general loader mode:runtime/runtime:false, or explicit pure-Next control), then three-browser SVG decoding, composed padding and qualified external CSS rendering. No live HMR or dynamic SSR claim.",
  "observations": [
    {
      "browser": "chromium",
      "id": "direct",
      "background": "none",
      "pass": false
    },
    {
      "browser": "chromium",
      "id": "nested",
      "background": "none",
      "pass": false
    },
    {
      "browser": "chromium",
      "id": "generated",
      "padding": "0px",
      "pass": false
    },
    {
      "browser": "chromium",
      "id": "external",
      "color": "rgb(0, 0, 0)",
      "pass": false
    },
    {
      "browser": "firefox",
      "id": "direct",
      "background": "none",
      "pass": false
    },
    {
      "browser": "firefox",
      "id": "nested",
      "background": "none",
      "pass": false
    },
    {
      "browser": "firefox",
      "id": "generated",
      "padding": "0px",
      "pass": false
    },
    {
      "browser": "firefox",
      "id": "external",
      "color": "rgb(0, 0, 0)",
      "pass": false
    },
    {
      "browser": "webkit",
      "id": "direct",
      "background": "none",
      "pass": false
    },
    {
      "browser": "webkit",
      "id": "nested",
      "background": "none",
      "pass": false
    },
    {
      "browser": "webkit",
      "id": "generated",
      "padding": "0px",
      "pass": false
    },
    {
      "browser": "webkit",
      "id": "external",
      "color": "rgb(0, 0, 0)",
      "pass": false
    }
  ],
  "files": [
    {
      "file": "404.html",
      "sha256": "150d010f74d4ae2dfaa4cd1d862d4e2629abf480da17c669a95327ed38f777e0"
    },
    {
      "file": "__next.__PAGE__.txt",
      "sha256": "833ce299d95455193c57aaafb53ef571d2f6b4c00e8d1e7064137cf9d0512b5a"
    },
    {
      "file": "__next._full.txt",
      "sha256": "95eb25d968e175e7ed010f7239c17d1bd4babd42badf389856649ce0f363e5b8"
    },
    {
      "file": "__next._tree.txt",
      "sha256": "bba272baf15131d8c0b9357335a8a99c409aef89d27103cd75cc005a62c9e67f"
    },
    {
      "file": "_next/static/KC1_H0pt3XaCHSTDfHoKW/_buildManifest.js",
      "sha256": "fc9f9d16595c40b13da98fd1556b3e2bded6509cb20f9b1e8b7c6bb4bcd89842"
    },
    {
      "file": "_next/static/KC1_H0pt3XaCHSTDfHoKW/_ssgManifest.js",
      "sha256": "678f6ce2cb80b1fe72fc67e7412be6e2ab6ada083111b64f7c40d35e3cba5e00"
    },
    {
      "file": "_next/static/chunks/194-1c3b0f7b60a00655.js",
      "sha256": "8cc4ccb2aacdfd686492fdc3d7dee5ebbada02a21af29ecdcfb932654ef6e5ac"
    },
    {
      "file": "_next/static/chunks/3b56f0b9-ecd5fd86cd1a7fee.js",
      "sha256": "aab37667defa74737c8bba05582b2cf4a6d110fac71a868be01fa3a29db78562"
    },
    {
      "file": "_next/static/chunks/app/_global-error/page-05606a3b078479dc.js",
      "sha256": "e718a51526ea4b058abc78f73525e405a7b26fbb6bffbbb5ba2aa77196bb33e3"
    },
    {
      "file": "_next/static/chunks/app/_not-found/page-e336cca8619c8618.js",
      "sha256": "601952fd9b1395a300f6f5115fdfd03c352769c52758c28ca1d4b95c076c8aea"
    },
    {
      "file": "_next/static/chunks/app/layout-a4fdfb85133f2043.js",
      "sha256": "6b9f531b0b962d7794b007ba87a265576130ff5e54c154989f29894098fca64b"
    },
    {
      "file": "_next/static/chunks/app/page-05606a3b078479dc.js",
      "sha256": "e718a51526ea4b058abc78f73525e405a7b26fbb6bffbbb5ba2aa77196bb33e3"
    },
    {
      "file": "_next/static/chunks/framework-20f4df068c44d36f.js",
      "sha256": "f056cbebb646bf970e077851fffa392f9124de3c54ddd2f42d0ba390745ae4bc"
    },
    {
      "file": "_next/static/chunks/main-app-07c69dd101121ed0.js",
      "sha256": "b4d013e39501483781e0c6168fdce4966f368905bbe8824f875117baddb9a1f0"
    },
    {
      "file": "_next/static/chunks/main-edcc4b98296f6bf3.js",
      "sha256": "1eeb5025cd0d8ee2c5011fdde9507c96976129d79be8f669a47b9f88912cd07d"
    },
    {
      "file": "_next/static/chunks/next/dist/client/components/builtin/app-error-05606a3b078479dc.js",
      "sha256": "e718a51526ea4b058abc78f73525e405a7b26fbb6bffbbb5ba2aa77196bb33e3"
    },
    {
      "file": "_next/static/chunks/next/dist/client/components/builtin/forbidden-05606a3b078479dc.js",
      "sha256": "e718a51526ea4b058abc78f73525e405a7b26fbb6bffbbb5ba2aa77196bb33e3"
    },
    {
      "file": "_next/static/chunks/next/dist/client/components/builtin/global-error-e9da0c54dbc7f353.js",
      "sha256": "75376583bd38f1333410376bc3cf090ed33f4ad0df335c1900d5a2605b968a3e"
    },
    {
      "file": "_next/static/chunks/next/dist/client/components/builtin/not-found-05606a3b078479dc.js",
      "sha256": "e718a51526ea4b058abc78f73525e405a7b26fbb6bffbbb5ba2aa77196bb33e3"
    },
    {
      "file": "_next/static/chunks/next/dist/client/components/builtin/unauthorized-05606a3b078479dc.js",
      "sha256": "e718a51526ea4b058abc78f73525e405a7b26fbb6bffbbb5ba2aa77196bb33e3"
    },
    {
      "file": "_next/static/chunks/polyfills-42372ed130431b0a.js",
      "sha256": "0973c1d64c88adc8e3c950410cb58b288f72118d5965b78049438deb8f2f9683"
    },
    {
      "file": "_next/static/chunks/webpack-020c87a197f21bdb.js",
      "sha256": "d9f182d94997788e5903d0de060e8e96e6cf459a1d4f9ec84229239fbe2f1344"
    },
    {
      "file": "_next/static/css/ae94622feba26f1b.css",
      "sha256": "0e439b91ca0cfd037c59241116f821c5d9fd94fc3a9575f3c9083a616ed1c085"
    },
    {
      "file": "_next/static/css/master/f17f7814982c62398c98f4f7310088b299aec30c1f3e47cdbbdfb8fb1b60181e/css/998a80839ff5018f1727ec4e3a1a9373393bf0870c7b1b1eeb573adfc48d3bbf-53272a44daa2e9348ce16b8ff8defc8b9fb62c80c920d0028d5360d62c1eae18.css",
      "sha256": "0fe0635563a11ae7fd4efb8d807121869319c5175327597a5ce3b3aae5861631"
    },
    {
      "file": "_next/static/css/master/f17f7814982c62398c98f4f7310088b299aec30c1f3e47cdbbdfb8fb1b60181e/css/998a80839ff5018f1727ec4e3a1a9373393bf0870c7b1b1eeb573adfc48d3bbf-7927cffd66e2fdcdcbed101029468af28b81933d7e4b0ad77034b0fdf6df0b18.css",
      "sha256": "e3b0c44298fc1c149afbf4c8996fb92427ae41e4649b934ca495991b7852b855"
    },
    {
      "file": "_next/static/css/master/f17f7814982c62398c98f4f7310088b299aec30c1f3e47cdbbdfb8fb1b60181e/css/998a80839ff5018f1727ec4e3a1a9373393bf0870c7b1b1eeb573adfc48d3bbf-8b3697fd0abf5cc7538681f772e93ec43e85dccd41b440ca080527acbeb03a06.css",
      "sha256": "ff08e8fcf313a0183bcc86dc818b74ae75d46b0afc4e76acd0bc443317287d95"
    },
    {
      "file": "_next/static/css/master/f17f7814982c62398c98f4f7310088b299aec30c1f3e47cdbbdfb8fb1b60181e/css/998a80839ff5018f1727ec4e3a1a9373393bf0870c7b1b1eeb573adfc48d3bbf-bd49b92ca4f12d72424e2b5689ea228d8d6412a299c94edf9932b9b8ae026de9.css",
      "sha256": "0ed3f2fe676d7e95a84c011daa2cb8077291c0d0d5a3573d57f0dac973cfb10e"
    },
    {
      "file": "_next/static/css/master/f17f7814982c62398c98f4f7310088b299aec30c1f3e47cdbbdfb8fb1b60181e/css/998a80839ff5018f1727ec4e3a1a9373393bf0870c7b1b1eeb573adfc48d3bbf-cb5d20f67f315ddcce5f2007652b3d4b014cdf7bd9cfa617b002b1f9a96d9344.css",
      "sha256": "e3b0c44298fc1c149afbf4c8996fb92427ae41e4649b934ca495991b7852b855"
    },
    {
      "file": "_next/static/css/master/f17f7814982c62398c98f4f7310088b299aec30c1f3e47cdbbdfb8fb1b60181e/css/998a80839ff5018f1727ec4e3a1a9373393bf0870c7b1b1eeb573adfc48d3bbf-d30da84c16a8fe86dd6b37119dadb1713e6b87fbc374798f9f68879e0238f740.css",
      "sha256": "b439f11483bd9146ba33b94285014c005c5e3424196cb5b09b2389e585c7ffdd"
    },
    {
      "file": "_next/static/css/master/f17f7814982c62398c98f4f7310088b299aec30c1f3e47cdbbdfb8fb1b60181e/css/998a80839ff5018f1727ec4e3a1a9373393bf0870c7b1b1eeb573adfc48d3bbf-d6aaeb593fe5384ed9a4c1ec5797c3576fcd9440e29e141b2df10efe69003560.css",
      "sha256": "e3b0c44298fc1c149afbf4c8996fb92427ae41e4649b934ca495991b7852b855"
    },
    {
      "file": "_next/static/css/master/f17f7814982c62398c98f4f7310088b299aec30c1f3e47cdbbdfb8fb1b60181e/css/998a80839ff5018f1727ec4e3a1a9373393bf0870c7b1b1eeb573adfc48d3bbf-entry.css",
      "sha256": "884481bfa9d7bd0ddac738f82dc0d0763e6ae271a963afdb7918c4aa50b93fe6"
    },
    {
      "file": "_next/static/css/master/f17f7814982c62398c98f4f7310088b299aec30c1f3e47cdbbdfb8fb1b60181e/css/9ab9f644d71b00aa56003f1b842e6f6fa861a77ab757211143011fb07a89566c.svg",
      "sha256": "9ab9f644d71b00aa56003f1b842e6f6fa861a77ab757211143011fb07a89566c"
    },
    {
      "file": "_next/static/css/master/f17f7814982c62398c98f4f7310088b299aec30c1f3e47cdbbdfb8fb1b60181e/css/9b2bdeea42f0da941fe65654ecbd4bd96c7377bcd2d8b7faef628affdfc58f89.svg",
      "sha256": "9b2bdeea42f0da941fe65654ecbd4bd96c7377bcd2d8b7faef628affdfc58f89"
    },
    {
      "file": "_not-found/__next._full.txt",
      "sha256": "6615903779546ee4337d2058aaf3956995f511bc01d733359c2677520c4dd437"
    },
    {
      "file": "_not-found/__next._not-found.__PAGE__.txt",
      "sha256": "c84490e19292d8e93c8c4a83da418a6cb7e8a4a5c87cc2546b763448919ac398"
    },
    {
      "file": "_not-found/__next._tree.txt",
      "sha256": "cc3d4444d0e868002872a2592f1d24b74df428f02905ce9fadf17cba8fd9fa37"
    },
    {
      "file": "_not-found.html",
      "sha256": "150d010f74d4ae2dfaa4cd1d862d4e2629abf480da17c669a95327ed38f777e0"
    },
    {
      "file": "_not-found.txt",
      "sha256": "6615903779546ee4337d2058aaf3956995f511bc01d733359c2677520c4dd437"
    },
    {
      "file": "index.html",
      "sha256": "3c7e7e264196e1c79ef9d29adb32a6b3f47a9c25917e770f9aecdb92f9edd3fe"
    },
    {
      "file": "index.txt",
      "sha256": "95eb25d968e175e7ed010f7239c17d1bd4babd42badf389856649ce0f363e5b8"
    }
  ],
  "stylesheets": [
    {
      "file": "_next/static/css/ae94622feba26f1b.css",
      "text": "@import url(\"webpack:///mini-css-extract-plugin//_next/static/css/master/f17f7814982c62398c98f4f7310088b299aec30c1f3e47cdbbdfb8fb1b60181e/css/998a80839ff5018f1727ec4e3a1a9373393bf0870c7b1b1eeb573adfc48d3bbf-entry.css\");"
    },
    {
      "file": "_next/static/css/master/f17f7814982c62398c98f4f7310088b299aec30c1f3e47cdbbdfb8fb1b60181e/css/998a80839ff5018f1727ec4e3a1a9373393bf0870c7b1b1eeb573adfc48d3bbf-53272a44daa2e9348ce16b8ff8defc8b9fb62c80c920d0028d5360d62c1eae18.css",
      "text": "@import \"./998a80839ff5018f1727ec4e3a1a9373393bf0870c7b1b1eeb573adfc48d3bbf-bd49b92ca4f12d72424e2b5689ea228d8d6412a299c94edf9932b9b8ae026de9.css\";@import \"./998a80839ff5018f1727ec4e3a1a9373393bf0870c7b1b1eeb573adfc48d3bbf-7927cffd66e2fdcdcbed101029468af28b81933d7e4b0ad77034b0fdf6df0b18.css\";@import \"./998a80839ff5018f1727ec4e3a1a9373393bf0870c7b1b1eeb573adfc48d3bbf-cb5d20f67f315ddcce5f2007652b3d4b014cdf7bd9cfa617b002b1f9a96d9344.css\";@import \"./998a80839ff5018f1727ec4e3a1a9373393bf0870c7b1b1eeb573adfc48d3bbf-d6aaeb593fe5384ed9a4c1ec5797c3576fcd9440e29e141b2df10efe69003560.css\";"
    },
    {
      "file": "_next/static/css/master/f17f7814982c62398c98f4f7310088b299aec30c1f3e47cdbbdfb8fb1b60181e/css/998a80839ff5018f1727ec4e3a1a9373393bf0870c7b1b1eeb573adfc48d3bbf-7927cffd66e2fdcdcbed101029468af28b81933d7e4b0ad77034b0fdf6df0b18.css",
      "text": ""
    },
    {
      "file": "_next/static/css/master/f17f7814982c62398c98f4f7310088b299aec30c1f3e47cdbbdfb8fb1b60181e/css/998a80839ff5018f1727ec4e3a1a9373393bf0870c7b1b1eeb573adfc48d3bbf-8b3697fd0abf5cc7538681f772e93ec43e85dccd41b440ca080527acbeb03a06.css",
      "text": "@import \"./998a80839ff5018f1727ec4e3a1a9373393bf0870c7b1b1eeb573adfc48d3bbf-53272a44daa2e9348ce16b8ff8defc8b9fb62c80c920d0028d5360d62c1eae18.css\";"
    },
    {
      "file": "_next/static/css/master/f17f7814982c62398c98f4f7310088b299aec30c1f3e47cdbbdfb8fb1b60181e/css/998a80839ff5018f1727ec4e3a1a9373393bf0870c7b1b1eeb573adfc48d3bbf-bd49b92ca4f12d72424e2b5689ea228d8d6412a299c94edf9932b9b8ae026de9.css",
      "text": "@layer theme;@layer base{*{text-rendering:geometricprecision}body{-webkit-text-size-adjust:100%;-moz-text-size-adjust:100%;-ms-text-size-adjust:100%;text-size-adjust:100%;-moz-osx-font-smoothing:grayscale;-webkit-font-smoothing:antialiased;line-height:1.2}a,button{touch-action:manipulation}[role=button],[type=button],button,summary{-webkit-user-select:none;user-select:none}*,:after,:before{box-sizing:border-box}body{-moz-tab-size:2;tab-size:2}audio,canvas,embed,iframe,img,object,svg,video{max-width:100%;display:block}body,html{height:-moz-available}abbr[title]{text-decoration:underline dotted}b,strong{font-weight:bolder}code,kbd,pre,samp{font-size:1em}::-moz-focus-inner{border-style:none;padding:0}:-moz-ui-invalid{box-shadow:none}progress{vertical-align:baseline}[type=search]{appearance:textfield;outline-offset:-2px}::-webkit-inner-spin-button,::-webkit-outer-spin-button{height:auto}::-webkit-search-decoration{-webkit-appearance:none}::-webkit-file-upload-button{-webkit-appearance:button;font:inherit}hr{height:0;color:inherit}small{font-size:80%}sub,sup{vertical-align:baseline;font-size:75%;line-height:0;position:relative}sub{bottom:-.25em}sup{top:-.5em}table{text-indent:0;border-color:inherit}:host,body{font-family:var(--font-family-sans);font-feature-settings:var(--font-feature-sans,normal)}code,kbd,pre,samp{font-family:var(--font-family-mono);font-feature-settings:var(--font-feature-mono,normal)}a{color:inherit;text-decoration:none}button,input,optgroup,select,textarea{font:inherit;font-feature-settings:inherit;font-variation-settings:inherit;color:inherit;background-color:#0000;margin:0;padding:0;font-size:100%}*,:after,:before{border-style:solid;border-width:0}blockquote,body,dd,dl,figure,h1,h2,h3,h4,h5,h6,hr,p,pre{margin:0}fieldset,legend,ol,td,ul{padding:0}ol,ul{margin:0}body{-webkit-tap-highlight-color:transparent}ul{list-style:none}h1,h2,h3,h4,h5,h6{font-size:inherit;font-weight:inherit}[hidden]{display:none}}@layer defaults, components, utilities;"
    },
    {
      "file": "_next/static/css/master/f17f7814982c62398c98f4f7310088b299aec30c1f3e47cdbbdfb8fb1b60181e/css/998a80839ff5018f1727ec4e3a1a9373393bf0870c7b1b1eeb573adfc48d3bbf-cb5d20f67f315ddcce5f2007652b3d4b014cdf7bd9cfa617b002b1f9a96d9344.css",
      "text": ""
    },
    {
      "file": "_next/static/css/master/f17f7814982c62398c98f4f7310088b299aec30c1f3e47cdbbdfb8fb1b60181e/css/998a80839ff5018f1727ec4e3a1a9373393bf0870c7b1b1eeb573adfc48d3bbf-d30da84c16a8fe86dd6b37119dadb1713e6b87fbc374798f9f68879e0238f740.css",
      "text": ".nested{background-image:url(9ab9f644d71b00aa56003f1b842e6f6fa861a77ab757211143011fb07a89566c.svg?nested=1#pixel);width:4px;height:4px}"
    },
    {
      "file": "_next/static/css/master/f17f7814982c62398c98f4f7310088b299aec30c1f3e47cdbbdfb8fb1b60181e/css/998a80839ff5018f1727ec4e3a1a9373393bf0870c7b1b1eeb573adfc48d3bbf-d6aaeb593fe5384ed9a4c1ec5797c3576fcd9440e29e141b2df10efe69003560.css",
      "text": ""
    },
    {
      "file": "_next/static/css/master/f17f7814982c62398c98f4f7310088b299aec30c1f3e47cdbbdfb8fb1b60181e/css/998a80839ff5018f1727ec4e3a1a9373393bf0870c7b1b1eeb573adfc48d3bbf-entry.css",
      "text": "@import \"./998a80839ff5018f1727ec4e3a1a9373393bf0870c7b1b1eeb573adfc48d3bbf-8b3697fd0abf5cc7538681f772e93ec43e85dccd41b440ca080527acbeb03a06.css\";@import \"http://127.0.0.1:60757/remote.css?audit=1\" layer(remote) supports(display: grid) screen;@import \"./998a80839ff5018f1727ec4e3a1a9373393bf0870c7b1b1eeb573adfc48d3bbf-d30da84c16a8fe86dd6b37119dadb1713e6b87fbc374798f9f68879e0238f740.css\" layer(card);.direct{background-image:url(9b2bdeea42f0da941fe65654ecbd4bd96c7377bcd2d8b7faef628affdfc58f89.svg?direct=1#pixel);width:4px;height:4px}.composed{padding:2rem}@layer theme{:root{--font-family-sans:var(--font-sans,ui-sans-serif),system-ui,-apple-system,BlinkMacSystemFont,\"Segoe UI\",Roboto,\"Helvetica Neue\",Arial,\"Noto Sans\",sans-serif,\"Apple Color Emoji\",\"Segoe UI Emoji\",\"Segoe UI Symbol\",\"Noto Color Emoji\";--font-family-mono:var(--font-mono,ui-monospace),SFMono-Regular,Menlo,Monaco,Consolas,\"Liberation Mono\",\"Courier New\",monospace}}"
    }
  ]
}
node:internal/modules/run_main:107
    triggerUncaughtException(
    ^

AssertionError [ERR_ASSERTION]: Some actual browser delivery checks failed
    at file:///Users/aron/master/css/.ai/audits/bug-hunt/repros/next-general-graph-host.mjs:115:10 {
  generatedMessage: false,
  code: 'ERR_ASSERTION',
  actual: false,
  expected: true,
  operator: '==',
  diff: 'simple'
}

Node.js v24.20.0
