▲ Next.js 16.3.4 (webpack)
✓ Running next.config.js took 7ms
- Experiments (use with caution):
  · cpus: 1

  Creating an optimized production build ...
✓ Compiled successfully in 1744ms
  Running TypeScript ...
  Finished TypeScript in 1ms ...
  Collecting page data using 1 worker ...
  Generating static pages using 1 worker (0/3) ...
✓ Generating static pages using 1 worker (3/3) in 69ms
  Finalizing page optimization ...
  Collecting build traces ...

Route (app)
┌ ○ /
└ ○ /_not-found


○  (Static)  prerendered as static content

{
  "cssLoaderControl": "/Users/aron/master/css/node_modules/.pnpm/css-loader@7.1.5_@rspack+core@2.2.2_webpack@5.110.3/node_modules/css-loader/dist/cjs.js",
  "externalImportControl": false,
  "pureNext": true,
  "lightningcss": false,
  "bundler": "webpack",
  "scope": "Actual Next export (managed general loader mode:runtime/runtime:false, or explicit pure-Next control), then three-browser SVG decoding, composed padding and qualified external CSS rendering. No live HMR or dynamic SSR claim.",
  "observations": [
    {
      "browser": "chromium",
      "id": "direct",
      "background": "url(\"http://127.0.0.1:60629/_next/static/media/red.a8f34c97.svg#pixel\")",
      "status": 200,
      "width": 4,
      "height": 4,
      "body": "<svg xmlns=\"http://www.w3.org/2000/svg\" width=\"4\" height=\"4\"><path fill=\"red\" d=\"M0 0h4v4H0z\"/></svg>",
      "pass": true
    },
    {
      "browser": "chromium",
      "id": "nested",
      "background": "none",
      "pass": false
    },
    {
      "browser": "chromium",
      "id": "generated",
      "padding": "32px",
      "pass": true
    },
    {
      "browser": "chromium",
      "id": "external",
      "color": "rgb(0, 0, 0)",
      "pass": false
    },
    {
      "browser": "firefox",
      "id": "direct",
      "background": "url(\"http://127.0.0.1:60629/_next/static/media/red.a8f34c97.svg#pixel\")",
      "status": 200,
      "width": 4,
      "height": 4,
      "body": "<svg xmlns=\"http://www.w3.org/2000/svg\" width=\"4\" height=\"4\"><path fill=\"red\" d=\"M0 0h4v4H0z\"/></svg>",
      "pass": true
    },
    {
      "browser": "firefox",
      "id": "nested",
      "background": "none",
      "pass": false
    },
    {
      "browser": "firefox",
      "id": "generated",
      "padding": "32px",
      "pass": true
    },
    {
      "browser": "firefox",
      "id": "external",
      "color": "rgb(0, 0, 0)",
      "pass": false
    },
    {
      "browser": "webkit",
      "id": "direct",
      "background": "url(\"http://127.0.0.1:60629/_next/static/media/red.a8f34c97.svg#pixel\")",
      "status": 200,
      "width": 4,
      "height": 4,
      "body": "<svg xmlns=\"http://www.w3.org/2000/svg\" width=\"4\" height=\"4\"><path fill=\"red\" d=\"M0 0h4v4H0z\"/></svg>",
      "pass": true
    },
    {
      "browser": "webkit",
      "id": "nested",
      "background": "none",
      "pass": false
    },
    {
      "browser": "webkit",
      "id": "generated",
      "padding": "32px",
      "pass": true
    },
    {
      "browser": "webkit",
      "id": "external",
      "color": "rgb(0, 0, 0)",
      "pass": false
    }
  ],
  "files": [
    {
      "file": "404.html",
      "sha256": "987c447f963e2081cfb954e98af481d15b6bb5c329f4823107f259482926a28b"
    },
    {
      "file": "__next.__PAGE__.txt",
      "sha256": "93c7fcc5968419678b051b83f361f97ce709b169ff7d7e37f6563cdfd9a15107"
    },
    {
      "file": "__next._full.txt",
      "sha256": "b0e101c09e4e586ebb2c7abfbc27866c84fc5052fff54882b4faaa201f1e1e81"
    },
    {
      "file": "__next._tree.txt",
      "sha256": "55404a1379773dce2ee8548b23d64c68cb34e285782f88c8b4d7cedca72e4b63"
    },
    {
      "file": "_next/static/chunks/194-1c3b0f7b60a00655.js",
      "sha256": "8cc4ccb2aacdfd686492fdc3d7dee5ebbada02a21af29ecdcfb932654ef6e5ac"
    },
    {
      "file": "_next/static/chunks/3b56f0b9-ecd5fd86cd1a7fee.js",
      "sha256": "aab37667defa74737c8bba05582b2cf4a6d110fac71a868be01fa3a29db78562"
    },
    {
      "file": "_next/static/chunks/app/_global-error/page-05606a3b078479dc.js",
      "sha256": "e718a51526ea4b058abc78f73525e405a7b26fbb6bffbbb5ba2aa77196bb33e3"
    },
    {
      "file": "_next/static/chunks/app/_not-found/page-e336cca8619c8618.js",
      "sha256": "601952fd9b1395a300f6f5115fdfd03c352769c52758c28ca1d4b95c076c8aea"
    },
    {
      "file": "_next/static/chunks/app/layout-cf2e8958a8262074.js",
      "sha256": "cab46358953f3354cc1b98a934ef9e5fa94640bcddecdd04f12343d1dc7dd22f"
    },
    {
      "file": "_next/static/chunks/app/page-05606a3b078479dc.js",
      "sha256": "e718a51526ea4b058abc78f73525e405a7b26fbb6bffbbb5ba2aa77196bb33e3"
    },
    {
      "file": "_next/static/chunks/framework-20f4df068c44d36f.js",
      "sha256": "f056cbebb646bf970e077851fffa392f9124de3c54ddd2f42d0ba390745ae4bc"
    },
    {
      "file": "_next/static/chunks/main-app-07c69dd101121ed0.js",
      "sha256": "b4d013e39501483781e0c6168fdce4966f368905bbe8824f875117baddb9a1f0"
    },
    {
      "file": "_next/static/chunks/main-edcc4b98296f6bf3.js",
      "sha256": "1eeb5025cd0d8ee2c5011fdde9507c96976129d79be8f669a47b9f88912cd07d"
    },
    {
      "file": "_next/static/chunks/next/dist/client/components/builtin/app-error-05606a3b078479dc.js",
      "sha256": "e718a51526ea4b058abc78f73525e405a7b26fbb6bffbbb5ba2aa77196bb33e3"
    },
    {
      "file": "_next/static/chunks/next/dist/client/components/builtin/forbidden-05606a3b078479dc.js",
      "sha256": "e718a51526ea4b058abc78f73525e405a7b26fbb6bffbbb5ba2aa77196bb33e3"
    },
    {
      "file": "_next/static/chunks/next/dist/client/components/builtin/global-error-e9da0c54dbc7f353.js",
      "sha256": "75376583bd38f1333410376bc3cf090ed33f4ad0df335c1900d5a2605b968a3e"
    },
    {
      "file": "_next/static/chunks/next/dist/client/components/builtin/not-found-05606a3b078479dc.js",
      "sha256": "e718a51526ea4b058abc78f73525e405a7b26fbb6bffbbb5ba2aa77196bb33e3"
    },
    {
      "file": "_next/static/chunks/next/dist/client/components/builtin/unauthorized-05606a3b078479dc.js",
      "sha256": "e718a51526ea4b058abc78f73525e405a7b26fbb6bffbbb5ba2aa77196bb33e3"
    },
    {
      "file": "_next/static/chunks/polyfills-42372ed130431b0a.js",
      "sha256": "0973c1d64c88adc8e3c950410cb58b288f72118d5965b78049438deb8f2f9683"
    },
    {
      "file": "_next/static/chunks/webpack-e1fee961be27cd4b.js",
      "sha256": "ce41cc2ad19b594356b882d755e50fda95ff3bf1c5c7162a322f57c150ce8ac4"
    },
    {
      "file": "_next/static/css/5536f46c7775a988.css",
      "sha256": "b28310f27b0789143d23f0eca273bdee401fe0b410e1e69603075ffed1e7a7da"
    },
    {
      "file": "_next/static/media/blue.12001aed.svg",
      "sha256": "9ab9f644d71b00aa56003f1b842e6f6fa861a77ab757211143011fb07a89566c"
    },
    {
      "file": "_next/static/media/red.a8f34c97.svg",
      "sha256": "9b2bdeea42f0da941fe65654ecbd4bd96c7377bcd2d8b7faef628affdfc58f89"
    },
    {
      "file": "_next/static/n5LneLwhwowuzfdSgmgYJ/_buildManifest.js",
      "sha256": "fc9f9d16595c40b13da98fd1556b3e2bded6509cb20f9b1e8b7c6bb4bcd89842"
    },
    {
      "file": "_next/static/n5LneLwhwowuzfdSgmgYJ/_ssgManifest.js",
      "sha256": "678f6ce2cb80b1fe72fc67e7412be6e2ab6ada083111b64f7c40d35e3cba5e00"
    },
    {
      "file": "_not-found/__next._full.txt",
      "sha256": "ed9bb278c3864532f736c51bc16e6b044f7815af39fefe4d9b3c25e92def39c1"
    },
    {
      "file": "_not-found/__next._not-found.__PAGE__.txt",
      "sha256": "e552d2953eaee894532474e49a26bdf77a629165bd9e27b7180f8658f1fb4f8d"
    },
    {
      "file": "_not-found/__next._tree.txt",
      "sha256": "82b58b8967393f6d69a8f158af3afc5a00abb2db9cc515d3341d48c08cb5b46c"
    },
    {
      "file": "_not-found.html",
      "sha256": "987c447f963e2081cfb954e98af481d15b6bb5c329f4823107f259482926a28b"
    },
    {
      "file": "_not-found.txt",
      "sha256": "ed9bb278c3864532f736c51bc16e6b044f7815af39fefe4d9b3c25e92def39c1"
    },
    {
      "file": "index.html",
      "sha256": "65f55d35fb8e541ce35a971df5bb656e1f37146b869880aae8ec0231c6759ac8"
    },
    {
      "file": "index.txt",
      "sha256": "b0e101c09e4e586ebb2c7abfbc27866c84fc5052fff54882b4faaa201f1e1e81"
    }
  ],
  "stylesheets": [
    {
      "file": "_next/static/css/5536f46c7775a988.css",
      "text": "@import url(http://127.0.0.1:60620/remote.css?audit=1)screen\n@layer card{.nested{width:4px;height:4px;background-image:url(/_next/static/media/blue.12001aed.svg#pixel)}}.direct{width:4px;height:4px;background-image:url(/_next/static/media/red.a8f34c97.svg#pixel)}.composed{padding:2rem}"
    }
  ]
}
node:internal/modules/run_main:107
    triggerUncaughtException(
    ^

AssertionError [ERR_ASSERTION]: Some actual browser delivery checks failed
    at file:///Users/aron/master/css/.ai/audits/bug-hunt/repros/next-general-graph-host.mjs:115:10 {
  generatedMessage: false,
  code: 'ERR_ASSERTION',
  actual: false,
  expected: true,
  operator: '==',
  diff: 'simple'
}

Node.js v24.20.0
