▲ Next.js 16.3.4 (webpack)
✓ Running next.config.js took 86ms
- Experiments (use with caution):
  · cpus: 1

  Creating an optimized production build ...
<w> [webpack.cache.PackFileCacheStrategy/webpack.FileSystemInfo] Parsing of /Users/aron/master/css/packages/tooling/dist/source/adapters/optional-peer.js for build dependencies failed at 'import(specifier)'.
<w> Build dependencies behind this expression are ignored and might cause incorrect cache invalidation.
<w> [webpack.cache.PackFileCacheStrategy/webpack.FileSystemInfo] Parsing of /Users/aron/master/css/packages/tooling/dist/source/adapters/optional-peer.js for build dependencies failed at 'import(specifier)'.
<w> Build dependencies behind this expression are ignored and might cause incorrect cache invalidation.
<w> [webpack.cache.PackFileCacheStrategy/webpack.FileSystemInfo] Parsing of /Users/aron/master/css/packages/tooling/dist/source/adapters/optional-peer.js for build dependencies failed at 'import(specifier)'.
<w> Build dependencies behind this expression are ignored and might cause incorrect cache invalidation.
✓ Compiled successfully in 8.3s
  Running TypeScript ...
  Finished TypeScript in 1ms ...
  Collecting page data using 1 worker ...
  Generating static pages using 1 worker (0/3) ...
✓ Generating static pages using 1 worker (3/3) in 64ms
  Finalizing page optimization ...
  Collecting build traces ...

Route (app)
┌ ○ /
└ ○ /_not-found


○  (Static)  prerendered as static content

{
  "moduleKind": "entry",
  "sourceMaps": false,
  "cssLoaderControl": null,
  "externalImportControl": false,
  "pureNext": false,
  "lightningcss": false,
  "bundler": "webpack",
  "scope": "Actual Next export (managed general loader mode:runtime/runtime:false, or explicit pure-Next control), then three-browser SVG decoding, composed padding and qualified external CSS rendering. No live HMR or dynamic SSR claim.",
  "observations": [
    {
      "browser": "chromium",
      "id": "direct",
      "background": "none",
      "pass": false
    },
    {
      "browser": "chromium",
      "id": "generated",
      "padding": "0px",
      "pass": false
    },
    {
      "browser": "chromium",
      "id": "module-export",
      "classes": null,
      "pass": false
    },
    {
      "browser": "firefox",
      "id": "direct",
      "background": "none",
      "pass": false
    },
    {
      "browser": "firefox",
      "id": "generated",
      "padding": "0px",
      "pass": false
    },
    {
      "browser": "firefox",
      "id": "module-export",
      "classes": null,
      "pass": false
    },
    {
      "browser": "webkit",
      "id": "direct",
      "background": "none",
      "pass": false
    },
    {
      "browser": "webkit",
      "id": "generated",
      "padding": "0px",
      "pass": false
    },
    {
      "browser": "webkit",
      "id": "module-export",
      "classes": null,
      "pass": false
    }
  ],
  "files": [
    {
      "file": "404.html",
      "sha256": "02a31fdd4f2062b07d3baa30392fd8cbc134ecc5f07b4da025a3182830fd4b72"
    },
    {
      "file": "__next.__PAGE__.txt",
      "sha256": "c3f17dddd4b5926c7cb6712a3e9729ff1adde3ec48f11df575f1a20013e51227"
    },
    {
      "file": "__next._full.txt",
      "sha256": "5c8e8ff0b0268b19f4c757a247f6a7afbd7c61d5b27f49e0bc7fe24648259c3e"
    },
    {
      "file": "__next._tree.txt",
      "sha256": "ec0a89cc32cd22ef050058291eff822965c0c642b51a007dc4266cfb8c2abf23"
    },
    {
      "file": "_next/static/b-66Jm4XMVYnVLQewQ1vR/_buildManifest.js",
      "sha256": "fc9f9d16595c40b13da98fd1556b3e2bded6509cb20f9b1e8b7c6bb4bcd89842"
    },
    {
      "file": "_next/static/b-66Jm4XMVYnVLQewQ1vR/_ssgManifest.js",
      "sha256": "678f6ce2cb80b1fe72fc67e7412be6e2ab6ada083111b64f7c40d35e3cba5e00"
    },
    {
      "file": "_next/static/chunks/194-1c3b0f7b60a00655.js",
      "sha256": "8cc4ccb2aacdfd686492fdc3d7dee5ebbada02a21af29ecdcfb932654ef6e5ac"
    },
    {
      "file": "_next/static/chunks/3b56f0b9-ecd5fd86cd1a7fee.js",
      "sha256": "aab37667defa74737c8bba05582b2cf4a6d110fac71a868be01fa3a29db78562"
    },
    {
      "file": "_next/static/chunks/app/_global-error/page-480979e135bf383d.js",
      "sha256": "fc34e6f70750eace00b7f9104679af79ecb37594ee22d83a334df8db91621677"
    },
    {
      "file": "_next/static/chunks/app/_not-found/page-e336cca8619c8618.js",
      "sha256": "601952fd9b1395a300f6f5115fdfd03c352769c52758c28ca1d4b95c076c8aea"
    },
    {
      "file": "_next/static/chunks/app/layout-594a330860c9c53e.js",
      "sha256": "fa68c1825783e18d954e2811a851c108d73271d77dfd15386c112ae89656c6b6"
    },
    {
      "file": "_next/static/chunks/app/page-66ec256844197eda.js",
      "sha256": "2c590e78de21f315be91024a8610120d69fec2c511e6461370dae61f0256eef6"
    },
    {
      "file": "_next/static/chunks/framework-20f4df068c44d36f.js",
      "sha256": "f056cbebb646bf970e077851fffa392f9124de3c54ddd2f42d0ba390745ae4bc"
    },
    {
      "file": "_next/static/chunks/main-app-07c69dd101121ed0.js",
      "sha256": "b4d013e39501483781e0c6168fdce4966f368905bbe8824f875117baddb9a1f0"
    },
    {
      "file": "_next/static/chunks/main-edcc4b98296f6bf3.js",
      "sha256": "1eeb5025cd0d8ee2c5011fdde9507c96976129d79be8f669a47b9f88912cd07d"
    },
    {
      "file": "_next/static/chunks/next/dist/client/components/builtin/app-error-480979e135bf383d.js",
      "sha256": "fc34e6f70750eace00b7f9104679af79ecb37594ee22d83a334df8db91621677"
    },
    {
      "file": "_next/static/chunks/next/dist/client/components/builtin/forbidden-480979e135bf383d.js",
      "sha256": "fc34e6f70750eace00b7f9104679af79ecb37594ee22d83a334df8db91621677"
    },
    {
      "file": "_next/static/chunks/next/dist/client/components/builtin/global-error-e9da0c54dbc7f353.js",
      "sha256": "75376583bd38f1333410376bc3cf090ed33f4ad0df335c1900d5a2605b968a3e"
    },
    {
      "file": "_next/static/chunks/next/dist/client/components/builtin/not-found-480979e135bf383d.js",
      "sha256": "fc34e6f70750eace00b7f9104679af79ecb37594ee22d83a334df8db91621677"
    },
    {
      "file": "_next/static/chunks/next/dist/client/components/builtin/unauthorized-480979e135bf383d.js",
      "sha256": "fc34e6f70750eace00b7f9104679af79ecb37594ee22d83a334df8db91621677"
    },
    {
      "file": "_next/static/chunks/polyfills-42372ed130431b0a.js",
      "sha256": "0973c1d64c88adc8e3c950410cb58b288f72118d5965b78049438deb8f2f9683"
    },
    {
      "file": "_next/static/chunks/webpack-81d620eef0915ca0.js",
      "sha256": "3c789b744e780d7a8ee58cbfe42f39828ce2d1c30cdbb14cbb5eb9c32b71b82c"
    },
    {
      "file": "_next/static/css/3f9075022ce435e7.css",
      "sha256": "6f27f6d8d0e7a04a7cf4a180bc5c799ad6857bb9b8f340a3995a71064c02a850"
    },
    {
      "file": "_next/static/css/9bdf398091a2fd10.css",
      "sha256": "4e43abb74048d9e7d19491e054e6a7a1e1d990064621904213b46c134d8bf6e0"
    },
    {
      "file": "_next/static/css/master/11a93ac0feac515602be8d3dac4df6316d1c3bddf8033091d986776b0ce77bc8/css/458716850ae1bd146dfbf2bd2321f563e7ba4625a7ea0aa6673ee7fbb71cb5d4-53272a44daa2e9348ce16b8ff8defc8b9fb62c80c920d0028d5360d62c1eae18.css",
      "sha256": "c7f2d1fcb13b1b3fcf49cf500dd5ed9c26b93beb20f38908d8a990db43b576fb"
    },
    {
      "file": "_next/static/css/master/11a93ac0feac515602be8d3dac4df6316d1c3bddf8033091d986776b0ce77bc8/css/458716850ae1bd146dfbf2bd2321f563e7ba4625a7ea0aa6673ee7fbb71cb5d4-7927cffd66e2fdcdcbed101029468af28b81933d7e4b0ad77034b0fdf6df0b18.css",
      "sha256": "e3b0c44298fc1c149afbf4c8996fb92427ae41e4649b934ca495991b7852b855"
    },
    {
      "file": "_next/static/css/master/11a93ac0feac515602be8d3dac4df6316d1c3bddf8033091d986776b0ce77bc8/css/458716850ae1bd146dfbf2bd2321f563e7ba4625a7ea0aa6673ee7fbb71cb5d4-8b3697fd0abf5cc7538681f772e93ec43e85dccd41b440ca080527acbeb03a06.css",
      "sha256": "ff29c182bf6ce6954f675f7433e0650837add3001d21bd2fa2580e8d6d429c60"
    },
    {
      "file": "_next/static/css/master/11a93ac0feac515602be8d3dac4df6316d1c3bddf8033091d986776b0ce77bc8/css/458716850ae1bd146dfbf2bd2321f563e7ba4625a7ea0aa6673ee7fbb71cb5d4-bd49b92ca4f12d72424e2b5689ea228d8d6412a299c94edf9932b9b8ae026de9.css",
      "sha256": "0ed3f2fe676d7e95a84c011daa2cb8077291c0d0d5a3573d57f0dac973cfb10e"
    },
    {
      "file": "_next/static/css/master/11a93ac0feac515602be8d3dac4df6316d1c3bddf8033091d986776b0ce77bc8/css/458716850ae1bd146dfbf2bd2321f563e7ba4625a7ea0aa6673ee7fbb71cb5d4-cb5d20f67f315ddcce5f2007652b3d4b014cdf7bd9cfa617b002b1f9a96d9344.css",
      "sha256": "e3b0c44298fc1c149afbf4c8996fb92427ae41e4649b934ca495991b7852b855"
    },
    {
      "file": "_next/static/css/master/11a93ac0feac515602be8d3dac4df6316d1c3bddf8033091d986776b0ce77bc8/css/458716850ae1bd146dfbf2bd2321f563e7ba4625a7ea0aa6673ee7fbb71cb5d4-d6aaeb593fe5384ed9a4c1ec5797c3576fcd9440e29e141b2df10efe69003560.css",
      "sha256": "e3b0c44298fc1c149afbf4c8996fb92427ae41e4649b934ca495991b7852b855"
    },
    {
      "file": "_next/static/css/master/11a93ac0feac515602be8d3dac4df6316d1c3bddf8033091d986776b0ce77bc8/css/458716850ae1bd146dfbf2bd2321f563e7ba4625a7ea0aa6673ee7fbb71cb5d4-entry.css",
      "sha256": "c5c84a45df79f1cd54110a61ba0c0f508b033a335a7a4f7d4cffd91da5d51ebd"
    },
    {
      "file": "_next/static/css/master/11a93ac0feac515602be8d3dac4df6316d1c3bddf8033091d986776b0ce77bc8/css/9b2bdeea42f0da941fe65654ecbd4bd96c7377bcd2d8b7faef628affdfc58f89.svg",
      "sha256": "9b2bdeea42f0da941fe65654ecbd4bd96c7377bcd2d8b7faef628affdfc58f89"
    },
    {
      "file": "_next/static/css/master/86da2f13b8fc04838021ec18ef99a39e39b54d6385148ae35c1761303016fdd7/css/7d2a2fafb603ba40f23367a7f16d1f357ceb18cb7f46f4933286eafbc9affa7c-53272a44daa2e9348ce16b8ff8defc8b9fb62c80c920d0028d5360d62c1eae18.css",
      "sha256": "9ecb88aac012c804358f1c67e2706261c327eac0857f9f6137974f15003a269c"
    },
    {
      "file": "_next/static/css/master/86da2f13b8fc04838021ec18ef99a39e39b54d6385148ae35c1761303016fdd7/css/7d2a2fafb603ba40f23367a7f16d1f357ceb18cb7f46f4933286eafbc9affa7c-7927cffd66e2fdcdcbed101029468af28b81933d7e4b0ad77034b0fdf6df0b18.css",
      "sha256": "e3b0c44298fc1c149afbf4c8996fb92427ae41e4649b934ca495991b7852b855"
    },
    {
      "file": "_next/static/css/master/86da2f13b8fc04838021ec18ef99a39e39b54d6385148ae35c1761303016fdd7/css/7d2a2fafb603ba40f23367a7f16d1f357ceb18cb7f46f4933286eafbc9affa7c-8b3697fd0abf5cc7538681f772e93ec43e85dccd41b440ca080527acbeb03a06.css",
      "sha256": "54a302f61519bc5a435bae48930e5be33d24366195d8df0fde97708a4ad83999"
    },
    {
      "file": "_next/static/css/master/86da2f13b8fc04838021ec18ef99a39e39b54d6385148ae35c1761303016fdd7/css/7d2a2fafb603ba40f23367a7f16d1f357ceb18cb7f46f4933286eafbc9affa7c-bd49b92ca4f12d72424e2b5689ea228d8d6412a299c94edf9932b9b8ae026de9.css",
      "sha256": "0ed3f2fe676d7e95a84c011daa2cb8077291c0d0d5a3573d57f0dac973cfb10e"
    },
    {
      "file": "_next/static/css/master/86da2f13b8fc04838021ec18ef99a39e39b54d6385148ae35c1761303016fdd7/css/7d2a2fafb603ba40f23367a7f16d1f357ceb18cb7f46f4933286eafbc9affa7c-cb5d20f67f315ddcce5f2007652b3d4b014cdf7bd9cfa617b002b1f9a96d9344.css",
      "sha256": "e3b0c44298fc1c149afbf4c8996fb92427ae41e4649b934ca495991b7852b855"
    },
    {
      "file": "_next/static/css/master/86da2f13b8fc04838021ec18ef99a39e39b54d6385148ae35c1761303016fdd7/css/7d2a2fafb603ba40f23367a7f16d1f357ceb18cb7f46f4933286eafbc9affa7c-d6aaeb593fe5384ed9a4c1ec5797c3576fcd9440e29e141b2df10efe69003560.css",
      "sha256": "e3b0c44298fc1c149afbf4c8996fb92427ae41e4649b934ca495991b7852b855"
    },
    {
      "file": "_next/static/css/master/86da2f13b8fc04838021ec18ef99a39e39b54d6385148ae35c1761303016fdd7/css/7d2a2fafb603ba40f23367a7f16d1f357ceb18cb7f46f4933286eafbc9affa7c-entry.css",
      "sha256": "1f0618381523eb2965592436466aee04ff007e2d348c8506cc3722f67d06b054"
    },
    {
      "file": "_not-found/__next._full.txt",
      "sha256": "f70d9f1e643165b2e11400348c8eb08980816e5cd4852fb7a0c84304eaf439c3"
    },
    {
      "file": "_not-found/__next._not-found.__PAGE__.txt",
      "sha256": "601b77ab69400faf0ca314b1fe87dfa1a89bb2185ce19e05707b65fcb307d468"
    },
    {
      "file": "_not-found/__next._tree.txt",
      "sha256": "7cdb51914e01e2dd9896de56f52a7c2611eaade5107b1a1bd40bef4446a10a41"
    },
    {
      "file": "_not-found.html",
      "sha256": "02a31fdd4f2062b07d3baa30392fd8cbc134ecc5f07b4da025a3182830fd4b72"
    },
    {
      "file": "_not-found.txt",
      "sha256": "f70d9f1e643165b2e11400348c8eb08980816e5cd4852fb7a0c84304eaf439c3"
    },
    {
      "file": "index.html",
      "sha256": "a79a25c42bcf51b6c0bfe9c8e51493cca799c918e55a7acd7006a2a7a718cef1"
    },
    {
      "file": "index.txt",
      "sha256": "5c8e8ff0b0268b19f4c757a247f6a7afbd7c61d5b27f49e0bc7fe24648259c3e"
    }
  ],
  "stylesheets": [
    {
      "file": "_next/static/css/3f9075022ce435e7.css",
      "text": "@import url(\"/_next/static/css/master/86da2f13b8fc04838021ec18ef99a39e39b54d6385148ae35c1761303016fdd7/css/7d2a2fafb603ba40f23367a7f16d1f357ceb18cb7f46f4933286eafbc9affa7c-entry.css\");"
    },
    {
      "file": "_next/static/css/9bdf398091a2fd10.css",
      "text": "@import url(\"/_next/static/css/master/11a93ac0feac515602be8d3dac4df6316d1c3bddf8033091d986776b0ce77bc8/css/458716850ae1bd146dfbf2bd2321f563e7ba4625a7ea0aa6673ee7fbb71cb5d4-entry.css\");"
    },
    {
      "file": "_next/static/css/master/11a93ac0feac515602be8d3dac4df6316d1c3bddf8033091d986776b0ce77bc8/css/458716850ae1bd146dfbf2bd2321f563e7ba4625a7ea0aa6673ee7fbb71cb5d4-53272a44daa2e9348ce16b8ff8defc8b9fb62c80c920d0028d5360d62c1eae18.css",
      "text": "@import \"./458716850ae1bd146dfbf2bd2321f563e7ba4625a7ea0aa6673ee7fbb71cb5d4-bd49b92ca4f12d72424e2b5689ea228d8d6412a299c94edf9932b9b8ae026de9.css\";@import \"./458716850ae1bd146dfbf2bd2321f563e7ba4625a7ea0aa6673ee7fbb71cb5d4-7927cffd66e2fdcdcbed101029468af28b81933d7e4b0ad77034b0fdf6df0b18.css\";@import \"./458716850ae1bd146dfbf2bd2321f563e7ba4625a7ea0aa6673ee7fbb71cb5d4-cb5d20f67f315ddcce5f2007652b3d4b014cdf7bd9cfa617b002b1f9a96d9344.css\";@import \"./458716850ae1bd146dfbf2bd2321f563e7ba4625a7ea0aa6673ee7fbb71cb5d4-d6aaeb593fe5384ed9a4c1ec5797c3576fcd9440e29e141b2df10efe69003560.css\";"
    },
    {
      "file": "_next/static/css/master/11a93ac0feac515602be8d3dac4df6316d1c3bddf8033091d986776b0ce77bc8/css/458716850ae1bd146dfbf2bd2321f563e7ba4625a7ea0aa6673ee7fbb71cb5d4-7927cffd66e2fdcdcbed101029468af28b81933d7e4b0ad77034b0fdf6df0b18.css",
      "text": ""
    },
    {
      "file": "_next/static/css/master/11a93ac0feac515602be8d3dac4df6316d1c3bddf8033091d986776b0ce77bc8/css/458716850ae1bd146dfbf2bd2321f563e7ba4625a7ea0aa6673ee7fbb71cb5d4-8b3697fd0abf5cc7538681f772e93ec43e85dccd41b440ca080527acbeb03a06.css",
      "text": "@import \"./458716850ae1bd146dfbf2bd2321f563e7ba4625a7ea0aa6673ee7fbb71cb5d4-53272a44daa2e9348ce16b8ff8defc8b9fb62c80c920d0028d5360d62c1eae18.css\";"
    },
    {
      "file": "_next/static/css/master/11a93ac0feac515602be8d3dac4df6316d1c3bddf8033091d986776b0ce77bc8/css/458716850ae1bd146dfbf2bd2321f563e7ba4625a7ea0aa6673ee7fbb71cb5d4-bd49b92ca4f12d72424e2b5689ea228d8d6412a299c94edf9932b9b8ae026de9.css",
      "text": "@layer theme;@layer base{*{text-rendering:geometricprecision}body{-webkit-text-size-adjust:100%;-moz-text-size-adjust:100%;-ms-text-size-adjust:100%;text-size-adjust:100%;-moz-osx-font-smoothing:grayscale;-webkit-font-smoothing:antialiased;line-height:1.2}a,button{touch-action:manipulation}[role=button],[type=button],button,summary{-webkit-user-select:none;user-select:none}*,:after,:before{box-sizing:border-box}body{-moz-tab-size:2;tab-size:2}audio,canvas,embed,iframe,img,object,svg,video{max-width:100%;display:block}body,html{height:-moz-available}abbr[title]{text-decoration:underline dotted}b,strong{font-weight:bolder}code,kbd,pre,samp{font-size:1em}::-moz-focus-inner{border-style:none;padding:0}:-moz-ui-invalid{box-shadow:none}progress{vertical-align:baseline}[type=search]{appearance:textfield;outline-offset:-2px}::-webkit-inner-spin-button,::-webkit-outer-spin-button{height:auto}::-webkit-search-decoration{-webkit-appearance:none}::-webkit-file-upload-button{-webkit-appearance:button;font:inherit}hr{height:0;color:inherit}small{font-size:80%}sub,sup{vertical-align:baseline;font-size:75%;line-height:0;position:relative}sub{bottom:-.25em}sup{top:-.5em}table{text-indent:0;border-color:inherit}:host,body{font-family:var(--font-family-sans);font-feature-settings:var(--font-feature-sans,normal)}code,kbd,pre,samp{font-family:var(--font-family-mono);font-feature-settings:var(--font-feature-mono,normal)}a{color:inherit;text-decoration:none}button,input,optgroup,select,textarea{font:inherit;font-feature-settings:inherit;font-variation-settings:inherit;color:inherit;background-color:#0000;margin:0;padding:0;font-size:100%}*,:after,:before{border-style:solid;border-width:0}blockquote,body,dd,dl,figure,h1,h2,h3,h4,h5,h6,hr,p,pre{margin:0}fieldset,legend,ol,td,ul{padding:0}ol,ul{margin:0}body{-webkit-tap-highlight-color:transparent}ul{list-style:none}h1,h2,h3,h4,h5,h6{font-size:inherit;font-weight:inherit}[hidden]{display:none}}@layer defaults, components, utilities;"
    },
    {
      "file": "_next/static/css/master/11a93ac0feac515602be8d3dac4df6316d1c3bddf8033091d986776b0ce77bc8/css/458716850ae1bd146dfbf2bd2321f563e7ba4625a7ea0aa6673ee7fbb71cb5d4-cb5d20f67f315ddcce5f2007652b3d4b014cdf7bd9cfa617b002b1f9a96d9344.css",
      "text": ""
    },
    {
      "file": "_next/static/css/master/11a93ac0feac515602be8d3dac4df6316d1c3bddf8033091d986776b0ce77bc8/css/458716850ae1bd146dfbf2bd2321f563e7ba4625a7ea0aa6673ee7fbb71cb5d4-d6aaeb593fe5384ed9a4c1ec5797c3576fcd9440e29e141b2df10efe69003560.css",
      "text": ""
    },
    {
      "file": "_next/static/css/master/11a93ac0feac515602be8d3dac4df6316d1c3bddf8033091d986776b0ce77bc8/css/458716850ae1bd146dfbf2bd2321f563e7ba4625a7ea0aa6673ee7fbb71cb5d4-entry.css",
      "text": "@import \"./458716850ae1bd146dfbf2bd2321f563e7ba4625a7ea0aa6673ee7fbb71cb5d4-8b3697fd0abf5cc7538681f772e93ec43e85dccd41b440ca080527acbeb03a06.css\";.direct{background-image:url(9b2bdeea42f0da941fe65654ecbd4bd96c7377bcd2d8b7faef628affdfc58f89.svg?direct=1#pixel);width:4px;height:4px}.composed{padding:2rem}@layer theme{:root{--font-family-sans:var(--font-sans,ui-sans-serif),system-ui,-apple-system,BlinkMacSystemFont,\"Segoe UI\",Roboto,\"Helvetica Neue\",Arial,\"Noto Sans\",sans-serif,\"Apple Color Emoji\",\"Segoe UI Emoji\",\"Segoe UI Symbol\",\"Noto Color Emoji\";--font-family-mono:var(--font-mono,ui-monospace),SFMono-Regular,Menlo,Monaco,Consolas,\"Liberation Mono\",\"Courier New\",monospace}}"
    },
    {
      "file": "_next/static/css/master/86da2f13b8fc04838021ec18ef99a39e39b54d6385148ae35c1761303016fdd7/css/7d2a2fafb603ba40f23367a7f16d1f357ceb18cb7f46f4933286eafbc9affa7c-53272a44daa2e9348ce16b8ff8defc8b9fb62c80c920d0028d5360d62c1eae18.css",
      "text": "@import \"./7d2a2fafb603ba40f23367a7f16d1f357ceb18cb7f46f4933286eafbc9affa7c-bd49b92ca4f12d72424e2b5689ea228d8d6412a299c94edf9932b9b8ae026de9.css\";@import \"./7d2a2fafb603ba40f23367a7f16d1f357ceb18cb7f46f4933286eafbc9affa7c-7927cffd66e2fdcdcbed101029468af28b81933d7e4b0ad77034b0fdf6df0b18.css\";@import \"./7d2a2fafb603ba40f23367a7f16d1f357ceb18cb7f46f4933286eafbc9affa7c-cb5d20f67f315ddcce5f2007652b3d4b014cdf7bd9cfa617b002b1f9a96d9344.css\";@import \"./7d2a2fafb603ba40f23367a7f16d1f357ceb18cb7f46f4933286eafbc9affa7c-d6aaeb593fe5384ed9a4c1ec5797c3576fcd9440e29e141b2df10efe69003560.css\";"
    },
    {
      "file": "_next/static/css/master/86da2f13b8fc04838021ec18ef99a39e39b54d6385148ae35c1761303016fdd7/css/7d2a2fafb603ba40f23367a7f16d1f357ceb18cb7f46f4933286eafbc9affa7c-7927cffd66e2fdcdcbed101029468af28b81933d7e4b0ad77034b0fdf6df0b18.css",
      "text": ""
    },
    {
      "file": "_next/static/css/master/86da2f13b8fc04838021ec18ef99a39e39b54d6385148ae35c1761303016fdd7/css/7d2a2fafb603ba40f23367a7f16d1f357ceb18cb7f46f4933286eafbc9affa7c-8b3697fd0abf5cc7538681f772e93ec43e85dccd41b440ca080527acbeb03a06.css",
      "text": "@import \"./7d2a2fafb603ba40f23367a7f16d1f357ceb18cb7f46f4933286eafbc9affa7c-53272a44daa2e9348ce16b8ff8defc8b9fb62c80c920d0028d5360d62c1eae18.css\";"
    },
    {
      "file": "_next/static/css/master/86da2f13b8fc04838021ec18ef99a39e39b54d6385148ae35c1761303016fdd7/css/7d2a2fafb603ba40f23367a7f16d1f357ceb18cb7f46f4933286eafbc9affa7c-bd49b92ca4f12d72424e2b5689ea228d8d6412a299c94edf9932b9b8ae026de9.css",
      "text": "@layer theme;@layer base{*{text-rendering:geometricprecision}body{-webkit-text-size-adjust:100%;-moz-text-size-adjust:100%;-ms-text-size-adjust:100%;text-size-adjust:100%;-moz-osx-font-smoothing:grayscale;-webkit-font-smoothing:antialiased;line-height:1.2}a,button{touch-action:manipulation}[role=button],[type=button],button,summary{-webkit-user-select:none;user-select:none}*,:after,:before{box-sizing:border-box}body{-moz-tab-size:2;tab-size:2}audio,canvas,embed,iframe,img,object,svg,video{max-width:100%;display:block}body,html{height:-moz-available}abbr[title]{text-decoration:underline dotted}b,strong{font-weight:bolder}code,kbd,pre,samp{font-size:1em}::-moz-focus-inner{border-style:none;padding:0}:-moz-ui-invalid{box-shadow:none}progress{vertical-align:baseline}[type=search]{appearance:textfield;outline-offset:-2px}::-webkit-inner-spin-button,::-webkit-outer-spin-button{height:auto}::-webkit-search-decoration{-webkit-appearance:none}::-webkit-file-upload-button{-webkit-appearance:button;font:inherit}hr{height:0;color:inherit}small{font-size:80%}sub,sup{vertical-align:baseline;font-size:75%;line-height:0;position:relative}sub{bottom:-.25em}sup{top:-.5em}table{text-indent:0;border-color:inherit}:host,body{font-family:var(--font-family-sans);font-feature-settings:var(--font-feature-sans,normal)}code,kbd,pre,samp{font-family:var(--font-family-mono);font-feature-settings:var(--font-feature-mono,normal)}a{color:inherit;text-decoration:none}button,input,optgroup,select,textarea{font:inherit;font-feature-settings:inherit;font-variation-settings:inherit;color:inherit;background-color:#0000;margin:0;padding:0;font-size:100%}*,:after,:before{border-style:solid;border-width:0}blockquote,body,dd,dl,figure,h1,h2,h3,h4,h5,h6,hr,p,pre{margin:0}fieldset,legend,ol,td,ul{padding:0}ol,ul{margin:0}body{-webkit-tap-highlight-color:transparent}ul{list-style:none}h1,h2,h3,h4,h5,h6{font-size:inherit;font-weight:inherit}[hidden]{display:none}}@layer defaults, components, utilities;"
    },
    {
      "file": "_next/static/css/master/86da2f13b8fc04838021ec18ef99a39e39b54d6385148ae35c1761303016fdd7/css/7d2a2fafb603ba40f23367a7f16d1f357ceb18cb7f46f4933286eafbc9affa7c-cb5d20f67f315ddcce5f2007652b3d4b014cdf7bd9cfa617b002b1f9a96d9344.css",
      "text": ""
    },
    {
      "file": "_next/static/css/master/86da2f13b8fc04838021ec18ef99a39e39b54d6385148ae35c1761303016fdd7/css/7d2a2fafb603ba40f23367a7f16d1f357ceb18cb7f46f4933286eafbc9affa7c-d6aaeb593fe5384ed9a4c1ec5797c3576fcd9440e29e141b2df10efe69003560.css",
      "text": ""
    },
    {
      "file": "_next/static/css/master/86da2f13b8fc04838021ec18ef99a39e39b54d6385148ae35c1761303016fdd7/css/7d2a2fafb603ba40f23367a7f16d1f357ceb18cb7f46f4933286eafbc9affa7c-entry.css",
      "text": "@import \"./7d2a2fafb603ba40f23367a7f16d1f357ceb18cb7f46f4933286eafbc9affa7c-8b3697fd0abf5cc7538681f772e93ec43e85dccd41b440ca080527acbeb03a06.css\";@layer theme{:root{--font-family-sans:var(--font-sans,ui-sans-serif),system-ui,-apple-system,BlinkMacSystemFont,\"Segoe UI\",Roboto,\"Helvetica Neue\",Arial,\"Noto Sans\",sans-serif,\"Apple Color Emoji\",\"Segoe UI Emoji\",\"Segoe UI Symbol\",\"Noto Color Emoji\";--font-family-mono:var(--font-mono,ui-monospace),SFMono-Regular,Menlo,Monaco,Consolas,\"Liberation Mono\",\"Courier New\",monospace}}"
    }
  ]
}
node:internal/modules/run_main:107
    triggerUncaughtException(
    ^

AssertionError [ERR_ASSERTION]: Some actual browser delivery checks failed
    at file:///Users/aron/master/css/.ai/audits/bug-hunt/repros/next-general-graph-host.mjs:128:10 {
  generatedMessage: false,
  code: 'ERR_ASSERTION',
  actual: false,
  expected: true,
  operator: '==',
  diff: 'simple'
}

Node.js v24.20.0
