▲ Next.js 16.3.4 (Turbopack)
✓ Running next.config.js took 83ms
- Experiments (use with caution):
  · cpus: 1

  Creating an optimized production build ...
✓ Compiled successfully in 2.0s
  Running TypeScript ...
  Finished TypeScript in 5ms ...
  Collecting page data using 1 worker ...
  Generating static pages using 1 worker (0/3) ...
✓ Generating static pages using 1 worker (3/3) in 45ms
  Finalizing page optimization ...

Route (app)
┌ ○ /
└ ○ /_not-found


○  (Static)  prerendered as static content

{
  "moduleKind": "local",
  "sourceMaps": false,
  "cssLoaderControl": null,
  "externalImportControl": false,
  "pureNext": false,
  "lightningcss": false,
  "bundler": "turbopack",
  "scope": "Actual Next export (managed general loader mode:runtime/runtime:false, or explicit pure-Next control), then three-browser SVG decoding, composed padding and qualified external CSS rendering. No live HMR or dynamic SSR claim.",
  "observations": [
    {
      "browser": "chromium",
      "id": "direct",
      "background": "url(\"http://127.0.0.1:64077/_next/static/media/red.2nma54lwo8nhx.svg\")",
      "status": 200,
      "width": 4,
      "height": 4,
      "body": "<svg xmlns=\"http://www.w3.org/2000/svg\" width=\"4\" height=\"4\"><path fill=\"red\" d=\"M0 0h4v4H0z\"/></svg>",
      "pass": true
    },
    {
      "browser": "chromium",
      "id": "generated",
      "padding": "32px",
      "pass": true
    },
    {
      "browser": "chromium",
      "id": "module-export",
      "classes": "card-module-css-module__hV88ma__direct",
      "pass": true
    },
    {
      "browser": "firefox",
      "id": "direct",
      "background": "url(\"http://127.0.0.1:64077/_next/static/media/red.2nma54lwo8nhx.svg\")",
      "status": 200,
      "width": 4,
      "height": 4,
      "body": "<svg xmlns=\"http://www.w3.org/2000/svg\" width=\"4\" height=\"4\"><path fill=\"red\" d=\"M0 0h4v4H0z\"/></svg>",
      "pass": true
    },
    {
      "browser": "firefox",
      "id": "generated",
      "padding": "32px",
      "pass": true
    },
    {
      "browser": "firefox",
      "id": "module-export",
      "classes": "card-module-css-module__hV88ma__direct",
      "pass": true
    },
    {
      "browser": "webkit",
      "id": "direct",
      "background": "url(\"http://127.0.0.1:64077/_next/static/media/red.2nma54lwo8nhx.svg\")",
      "status": 200,
      "width": 4,
      "height": 4,
      "body": "<svg xmlns=\"http://www.w3.org/2000/svg\" width=\"4\" height=\"4\"><path fill=\"red\" d=\"M0 0h4v4H0z\"/></svg>",
      "pass": true
    },
    {
      "browser": "webkit",
      "id": "generated",
      "padding": "32px",
      "pass": true
    },
    {
      "browser": "webkit",
      "id": "module-export",
      "classes": "card-module-css-module__hV88ma__direct",
      "pass": true
    }
  ],
  "files": [
    {
      "file": "404.html",
      "sha256": "87090611b280af4eae7d6acecc1f078b2b979d39744f2cc0c43096c6be9d411b"
    },
    {
      "file": "__next.__PAGE__.txt",
      "sha256": "6a5c341b29eed6542079d3505a6eb58eab3e4b3902f8d2a2fa774b170e5aaa18"
    },
    {
      "file": "__next._full.txt",
      "sha256": "febd5ecf0b11532cb7e03bedace8c451fe8fb7838f0785cc76b38c5a117582dd"
    },
    {
      "file": "__next._tree.txt",
      "sha256": "8bf83e9c662f2b5b55cef5d3543049ec9f9c49d24a1362cca412c4f630152044"
    },
    {
      "file": "_next/static/akV1tZmZOaVO-nEbddldv/_buildManifest.js",
      "sha256": "9476e0afd3f9da68a64e6ec58631191fd3eaca62c9f5a377e7517fe9a89e59ea"
    },
    {
      "file": "_next/static/akV1tZmZOaVO-nEbddldv/_clientMiddlewareManifest.js",
      "sha256": "5483e3295dc35dfe29ea932efc85341c916f10ff78ff5b0e965e003710893a4a"
    },
    {
      "file": "_next/static/akV1tZmZOaVO-nEbddldv/_ssgManifest.js",
      "sha256": "678f6ce2cb80b1fe72fc67e7412be6e2ab6ada083111b64f7c40d35e3cba5e00"
    },
    {
      "file": "_next/static/chunks/09xd9-7xlonox.js",
      "sha256": "83d9c1343c7034f4f08c254bf1976ff9723be20aef7df0135cb1b5d2dd42feda"
    },
    {
      "file": "_next/static/chunks/0cz1d0mv5g_q7.js",
      "sha256": "0973c1d64c88adc8e3c950410cb58b288f72118d5965b78049438deb8f2f9683"
    },
    {
      "file": "_next/static/chunks/13nu9qjbe2--a.js",
      "sha256": "c042a274794dc3eb3f4bb459ec671d87898667b86ed671b27fd7cb028a34466d"
    },
    {
      "file": "_next/static/chunks/1g5p3wzuxdw80.js",
      "sha256": "90c593f3b45f2af722a2e9211f6b2589c2fc1308d9360442d59620a67af00d4e"
    },
    {
      "file": "_next/static/chunks/1mi_l79v1lum8.js",
      "sha256": "dababa03f8a089b4d2682a2d669701e998cabdad4ccc08c12506cef8bebe7571"
    },
    {
      "file": "_next/static/chunks/38ws5ft347lq_.css",
      "sha256": "a70000b7470c6e8426bd5ccc2d006de84c7e33faf40236b251d35e4e7f1040ab"
    },
    {
      "file": "_next/static/chunks/3oy443javf8xs.css",
      "sha256": "75a11da44c802486bc6f65640aa48a730f0f684c5c07a42ba3cd1735eb3fb070"
    },
    {
      "file": "_next/static/chunks/turbopack-0b_yw9ibui8wc.js",
      "sha256": "90844ff36de6c87bed5f2ab6f3b11ee77179506374001d41fca8073623e7d0ef"
    },
    {
      "file": "_next/static/media/red.2nma54lwo8nhx.svg",
      "sha256": "9b2bdeea42f0da941fe65654ecbd4bd96c7377bcd2d8b7faef628affdfc58f89"
    },
    {
      "file": "_not-found/__next._full.txt",
      "sha256": "632d000e6fb72c3cb451bb51c0fd0b2391aca465f487214e56f1407fdf1131ed"
    },
    {
      "file": "_not-found/__next._not-found.__PAGE__.txt",
      "sha256": "bfed6e440f81c580693f931814fa54627966e2374a54fcf685251d159a07c9d3"
    },
    {
      "file": "_not-found/__next._tree.txt",
      "sha256": "4ca0700f33f0f903becd4ab2a71f6b5425f0a75b5e792ab065f1cc88ab3af05d"
    },
    {
      "file": "_not-found.html",
      "sha256": "87090611b280af4eae7d6acecc1f078b2b979d39744f2cc0c43096c6be9d411b"
    },
    {
      "file": "_not-found.txt",
      "sha256": "632d000e6fb72c3cb451bb51c0fd0b2391aca465f487214e56f1407fdf1131ed"
    },
    {
      "file": "index.html",
      "sha256": "0f25d474c9f1c36fb5a095ffd97db5b08db33bae6d07017700fa987521eddfa4"
    },
    {
      "file": "index.txt",
      "sha256": "febd5ecf0b11532cb7e03bedace8c451fe8fb7838f0785cc76b38c5a117582dd"
    }
  ],
  "stylesheets": [
    {
      "file": "_next/static/chunks/38ws5ft347lq_.css",
      "text": ".card-module-css-module__hV88ma__direct{background-image:url(../media/red.2nma54lwo8nhx.svg);width:4px;height:4px}.card-module-css-module__hV88ma__composed{padding:2rem}\n"
    },
    {
      "file": "_next/static/chunks/3oy443javf8xs.css",
      "text": "\n\n"
    }
  ]
}
