▲ Next.js 16.3.4 (Turbopack)
✓ Running next.config.js took 79ms
- Experiments (use with caution):
  · cpus: 1

  Creating an optimized production build ...

> Build error occurred
Error: Turbopack build failed with 49 errors:
./packages/next/e2e/bug-hunt-general-graph-pRvQhs/app/card.module.css.module.css
Error: Transforming CSS failed
Selector "*" is not pure. Pure selectors must contain at least one local class or id.

Import trace:
  Client Component Browser:
    ./packages/next/e2e/bug-hunt-general-graph-pRvQhs/app/card.module.css.module.css [Client Component Browser]
    ./packages/next/e2e/bug-hunt-general-graph-pRvQhs/app/card.module.css [Server Component]
    ./packages/next/e2e/bug-hunt-general-graph-pRvQhs/app/page.jsx [Server Component]


./packages/next/e2e/bug-hunt-general-graph-pRvQhs/app/card.module.css.module.css
Error: Transforming CSS failed
Selector "[hidden]" is not pure. Pure selectors must contain at least one local class or id.

Import trace:
  Client Component Browser:
    ./packages/next/e2e/bug-hunt-general-graph-pRvQhs/app/card.module.css.module.css [Client Component Browser]
    ./packages/next/e2e/bug-hunt-general-graph-pRvQhs/app/card.module.css [Server Component]
    ./packages/next/e2e/bug-hunt-general-graph-pRvQhs/app/page.jsx [Server Component]


./packages/next/e2e/bug-hunt-general-graph-pRvQhs/app/card.module.css.module.css
Error: Transforming CSS failed
Selector "[role="button"]" is not pure. Pure selectors must contain at least one local class or id.

Import trace:
  Client Component Browser:
    ./packages/next/e2e/bug-hunt-general-graph-pRvQhs/app/card.module.css.module.css [Client Component Browser]
    ./packages/next/e2e/bug-hunt-general-graph-pRvQhs/app/card.module.css [Server Component]
    ./packages/next/e2e/bug-hunt-general-graph-pRvQhs/app/page.jsx [Server Component]


./packages/next/e2e/bug-hunt-general-graph-pRvQhs/app/card.module.css.module.css
Error: Transforming CSS failed
Selector "[type="button"]" is not pure. Pure selectors must contain at least one local class or id.

Import trace:
  Client Component Browser:
    ./packages/next/e2e/bug-hunt-general-graph-pRvQhs/app/card.module.css.module.css [Client Component Browser]
    ./packages/next/e2e/bug-hunt-general-graph-pRvQhs/app/card.module.css [Server Component]
    ./packages/next/e2e/bug-hunt-general-graph-pRvQhs/app/page.jsx [Server Component]


./packages/next/e2e/bug-hunt-general-graph-pRvQhs/app/card.module.css.module.css
Error: Transforming CSS failed
Selector "[type="search"]" is not pure. Pure selectors must contain at least one local class or id.

Import trace:
  Client Component Browser:
    ./packages/next/e2e/bug-hunt-general-graph-pRvQhs/app/card.module.css.module.css [Client Component Browser]
    ./packages/next/e2e/bug-hunt-general-graph-pRvQhs/app/card.module.css [Server Component]
    ./packages/next/e2e/bug-hunt-general-graph-pRvQhs/app/page.jsx [Server Component]


./packages/next/e2e/bug-hunt-general-graph-pRvQhs/app/card.module.css.module.css
Error: Transforming CSS failed
Selector "a" is not pure. Pure selectors must contain at least one local class or id.

Import trace:
  Client Component Browser:
    ./packages/next/e2e/bug-hunt-general-graph-pRvQhs/app/card.module.css.module.css [Client Component Browser]
    ./packages/next/e2e/bug-hunt-general-graph-pRvQhs/app/card.module.css [Server Component]
    ./packages/next/e2e/bug-hunt-general-graph-pRvQhs/app/page.jsx [Server Component]


./packages/next/e2e/bug-hunt-general-graph-pRvQhs/app/card.module.css.module.css
Error: Transforming CSS failed
Selector "abbr[title]" is not pure. Pure selectors must contain at least one local class or id.

Import trace:
  Client Component Browser:
    ./packages/next/e2e/bug-hunt-general-graph-pRvQhs/app/card.module.css.module.css [Client Component Browser]
    ./packages/next/e2e/bug-hunt-general-graph-pRvQhs/app/card.module.css [Server Component]
    ./packages/next/e2e/bug-hunt-general-graph-pRvQhs/app/page.jsx [Server Component]


./packages/next/e2e/bug-hunt-general-graph-pRvQhs/app/card.module.css.module.css
Error: Transforming CSS failed
Selector "audio" is not pure. Pure selectors must contain at least one local class or id.

Import trace:
  Client Component Browser:
    ./packages/next/e2e/bug-hunt-general-graph-pRvQhs/app/card.module.css.module.css [Client Component Browser]
    ./packages/next/e2e/bug-hunt-general-graph-pRvQhs/app/card.module.css [Server Component]
    ./packages/next/e2e/bug-hunt-general-graph-pRvQhs/app/page.jsx [Server Component]


./packages/next/e2e/bug-hunt-general-graph-pRvQhs/app/card.module.css.module.css
Error: Transforming CSS failed
Selector "b" is not pure. Pure selectors must contain at least one local class or id.

Import trace:
  Client Component Browser:
    ./packages/next/e2e/bug-hunt-general-graph-pRvQhs/app/card.module.css.module.css [Client Component Browser]
    ./packages/next/e2e/bug-hunt-general-graph-pRvQhs/app/card.module.css [Server Component]
    ./packages/next/e2e/bug-hunt-general-graph-pRvQhs/app/page.jsx [Server Component]


./packages/next/e2e/bug-hunt-general-graph-pRvQhs/app/card.module.css.module.css
Error: Transforming CSS failed
Selector "blockquote" is not pure. Pure selectors must contain at least one local class or id.

Import trace:
  Client Component Browser:
    ./packages/next/e2e/bug-hunt-general-graph-pRvQhs/app/card.module.css.module.css [Client Component Browser]
    ./packages/next/e2e/bug-hunt-general-graph-pRvQhs/app/card.module.css [Server Component]
    ./packages/next/e2e/bug-hunt-general-graph-pRvQhs/app/page.jsx [Server Component]


./packages/next/e2e/bug-hunt-general-graph-pRvQhs/app/card.module.css.module.css
Error: Transforming CSS failed
Selector "button" is not pure. Pure selectors must contain at least one local class or id.

Import trace:
  Client Component Browser:
    ./packages/next/e2e/bug-hunt-general-graph-pRvQhs/app/card.module.css.module.css [Client Component Browser]
    ./packages/next/e2e/bug-hunt-general-graph-pRvQhs/app/card.module.css [Server Component]
    ./packages/next/e2e/bug-hunt-general-graph-pRvQhs/app/page.jsx [Server Component]


./packages/next/e2e/bug-hunt-general-graph-pRvQhs/app/card.module.css.module.css
Error: Transforming CSS failed
Selector "canvas" is not pure. Pure selectors must contain at least one local class or id.

Import trace:
  Client Component Browser:
    ./packages/next/e2e/bug-hunt-general-graph-pRvQhs/app/card.module.css.module.css [Client Component Browser]
    ./packages/next/e2e/bug-hunt-general-graph-pRvQhs/app/card.module.css [Server Component]
    ./packages/next/e2e/bug-hunt-general-graph-pRvQhs/app/page.jsx [Server Component]


./packages/next/e2e/bug-hunt-general-graph-pRvQhs/app/card.module.css.module.css
Error: Transforming CSS failed
Selector "code" is not pure. Pure selectors must contain at least one local class or id.

Import trace:
  Client Component Browser:
    ./packages/next/e2e/bug-hunt-general-graph-pRvQhs/app/card.module.css.module.css [Client Component Browser]
    ./packages/next/e2e/bug-hunt-general-graph-pRvQhs/app/card.module.css [Server Component]
    ./packages/next/e2e/bug-hunt-general-graph-pRvQhs/app/page.jsx [Server Component]


./packages/next/e2e/bug-hunt-general-graph-pRvQhs/app/card.module.css.module.css
Error: Transforming CSS failed
Selector "dd" is not pure. Pure selectors must contain at least one local class or id.

Import trace:
  Client Component Browser:
    ./packages/next/e2e/bug-hunt-general-graph-pRvQhs/app/card.module.css.module.css [Client Component Browser]
    ./packages/next/e2e/bug-hunt-general-graph-pRvQhs/app/card.module.css [Server Component]
    ./packages/next/e2e/bug-hunt-general-graph-pRvQhs/app/page.jsx [Server Component]


./packages/next/e2e/bug-hunt-general-graph-pRvQhs/app/card.module.css.module.css
Error: Transforming CSS failed
Selector "dl" is not pure. Pure selectors must contain at least one local class or id.

Import trace:
  Client Component Browser:
    ./packages/next/e2e/bug-hunt-general-graph-pRvQhs/app/card.module.css.module.css [Client Component Browser]
    ./packages/next/e2e/bug-hunt-general-graph-pRvQhs/app/card.module.css [Server Component]
    ./packages/next/e2e/bug-hunt-general-graph-pRvQhs/app/page.jsx [Server Component]


./packages/next/e2e/bug-hunt-general-graph-pRvQhs/app/card.module.css.module.css
Error: Transforming CSS failed
Selector "embed" is not pure. Pure selectors must contain at least one local class or id.

Import trace:
  Client Component Browser:
    ./packages/next/e2e/bug-hunt-general-graph-pRvQhs/app/card.module.css.module.css [Client Component Browser]
    ./packages/next/e2e/bug-hunt-general-graph-pRvQhs/app/card.module.css [Server Component]
    ./packages/next/e2e/bug-hunt-general-graph-pRvQhs/app/page.jsx [Server Component]


./packages/next/e2e/bug-hunt-general-graph-pRvQhs/app/card.module.css.module.css
Error: Transforming CSS failed
Selector "fieldset" is not pure. Pure selectors must contain at least one local class or id.

Import trace:
  Client Component Browser:
    ./packages/next/e2e/bug-hunt-general-graph-pRvQhs/app/card.module.css.module.css [Client Component Browser]
    ./packages/next/e2e/bug-hunt-general-graph-pRvQhs/app/card.module.css [Server Component]
    ./packages/next/e2e/bug-hunt-general-graph-pRvQhs/app/page.jsx [Server Component]


./packages/next/e2e/bug-hunt-general-graph-pRvQhs/app/card.module.css.module.css
Error: Transforming CSS failed
Selector "figure" is not pure. Pure selectors must contain at least one local class or id.

Import trace:
  Client Component Browser:
    ./packages/next/e2e/bug-hunt-general-graph-pRvQhs/app/card.module.css.module.css [Client Component Browser]
    ./packages/next/e2e/bug-hunt-general-graph-pRvQhs/app/card.module.css [Server Component]
    ./packages/next/e2e/bug-hunt-general-graph-pRvQhs/app/page.jsx [Server Component]


./packages/next/e2e/bug-hunt-general-graph-pRvQhs/app/card.module.css.module.css
Error: Transforming CSS failed
Selector "h1" is not pure. Pure selectors must contain at least one local class or id.

Import trace:
  Client Component Browser:
    ./packages/next/e2e/bug-hunt-general-graph-pRvQhs/app/card.module.css.module.css [Client Component Browser]
    ./packages/next/e2e/bug-hunt-general-graph-pRvQhs/app/card.module.css [Server Component]
    ./packages/next/e2e/bug-hunt-general-graph-pRvQhs/app/page.jsx [Server Component]


./packages/next/e2e/bug-hunt-general-graph-pRvQhs/app/card.module.css.module.css
Error: Transforming CSS failed
Selector "h2" is not pure. Pure selectors must contain at least one local class or id.

Import trace:
  Client Component Browser:
    ./packages/next/e2e/bug-hunt-general-graph-pRvQhs/app/card.module.css.module.css [Client Component Browser]
    ./packages/next/e2e/bug-hunt-general-graph-pRvQhs/app/card.module.css [Server Component]
    ./packages/next/e2e/bug-hunt-general-graph-pRvQhs/app/page.jsx [Server Component]


./packages/next/e2e/bug-hunt-general-graph-pRvQhs/app/card.module.css.module.css
Error: Transforming CSS failed
Selector "h3" is not pure. Pure selectors must contain at least one local class or id.

Import trace:
  Client Component Browser:
    ./packages/next/e2e/bug-hunt-general-graph-pRvQhs/app/card.module.css.module.css [Client Component Browser]
    ./packages/next/e2e/bug-hunt-general-graph-pRvQhs/app/card.module.css [Server Component]
    ./packages/next/e2e/bug-hunt-general-graph-pRvQhs/app/page.jsx [Server Component]


./packages/next/e2e/bug-hunt-general-graph-pRvQhs/app/card.module.css.module.css
Error: Transforming CSS failed
Selector "h4" is not pure. Pure selectors must contain at least one local class or id.

Import trace:
  Client Component Browser:
    ./packages/next/e2e/bug-hunt-general-graph-pRvQhs/app/card.module.css.module.css [Client Component Browser]
    ./packages/next/e2e/bug-hunt-general-graph-pRvQhs/app/card.module.css [Server Component]
    ./packages/next/e2e/bug-hunt-general-graph-pRvQhs/app/page.jsx [Server Component]


./packages/next/e2e/bug-hunt-general-graph-pRvQhs/app/card.module.css.module.css
Error: Transforming CSS failed
Selector "h5" is not pure. Pure selectors must contain at least one local class or id.

Import trace:
  Client Component Browser:
    ./packages/next/e2e/bug-hunt-general-graph-pRvQhs/app/card.module.css.module.css [Client Component Browser]
    ./packages/next/e2e/bug-hunt-general-graph-pRvQhs/app/card.module.css [Server Component]
    ./packages/next/e2e/bug-hunt-general-graph-pRvQhs/app/page.jsx [Server Component]


./packages/next/e2e/bug-hunt-general-graph-pRvQhs/app/card.module.css.module.css
Error: Transforming CSS failed
Selector "h6" is not pure. Pure selectors must contain at least one local class or id.

Import trace:
  Client Component Browser:
    ./packages/next/e2e/bug-hunt-general-graph-pRvQhs/app/card.module.css.module.css [Client Component Browser]
    ./packages/next/e2e/bug-hunt-general-graph-pRvQhs/app/card.module.css [Server Component]
    ./packages/next/e2e/bug-hunt-general-graph-pRvQhs/app/page.jsx [Server Component]


./packages/next/e2e/bug-hunt-general-graph-pRvQhs/app/card.module.css.module.css
Error: Transforming CSS failed
Selector "hr" is not pure. Pure selectors must contain at least one local class or id.

Import trace:
  Client Component Browser:
    ./packages/next/e2e/bug-hunt-general-graph-pRvQhs/app/card.module.css.module.css [Client Component Browser]
    ./packages/next/e2e/bug-hunt-general-graph-pRvQhs/app/card.module.css [Server Component]
    ./packages/next/e2e/bug-hunt-general-graph-pRvQhs/app/page.jsx [Server Component]


./packages/next/e2e/bug-hunt-general-graph-pRvQhs/app/card.module.css.module.css
Error: Transforming CSS failed
Selector "iframe" is not pure. Pure selectors must contain at least one local class or id.

Import trace:
  Client Component Browser:
    ./packages/next/e2e/bug-hunt-general-graph-pRvQhs/app/card.module.css.module.css [Client Component Browser]
    ./packages/next/e2e/bug-hunt-general-graph-pRvQhs/app/card.module.css [Server Component]
    ./packages/next/e2e/bug-hunt-general-graph-pRvQhs/app/page.jsx [Server Component]


./packages/next/e2e/bug-hunt-general-graph-pRvQhs/app/card.module.css.module.css
Error: Transforming CSS failed
Selector "img" is not pure. Pure selectors must contain at least one local class or id.

Import trace:
  Client Component Browser:
    ./packages/next/e2e/bug-hunt-general-graph-pRvQhs/app/card.module.css.module.css [Client Component Browser]
    ./packages/next/e2e/bug-hunt-general-graph-pRvQhs/app/card.module.css [Server Component]
    ./packages/next/e2e/bug-hunt-general-graph-pRvQhs/app/page.jsx [Server Component]


./packages/next/e2e/bug-hunt-general-graph-pRvQhs/app/card.module.css.module.css
Error: Transforming CSS failed
Selector "input" is not pure. Pure selectors must contain at least one local class or id.

Import trace:
  Client Component Browser:
    ./packages/next/e2e/bug-hunt-general-graph-pRvQhs/app/card.module.css.module.css [Client Component Browser]
    ./packages/next/e2e/bug-hunt-general-graph-pRvQhs/app/card.module.css [Server Component]
    ./packages/next/e2e/bug-hunt-general-graph-pRvQhs/app/page.jsx [Server Component]


./packages/next/e2e/bug-hunt-general-graph-pRvQhs/app/card.module.css.module.css
Error: Transforming CSS failed
Selector "kbd" is not pure. Pure selectors must contain at least one local class or id.

Import trace:
  Client Component Browser:
    ./packages/next/e2e/bug-hunt-general-graph-pRvQhs/app/card.module.css.module.css [Client Component Browser]
    ./packages/next/e2e/bug-hunt-general-graph-pRvQhs/app/card.module.css [Server Component]
    ./packages/next/e2e/bug-hunt-general-graph-pRvQhs/app/page.jsx [Server Component]


./packages/next/e2e/bug-hunt-general-graph-pRvQhs/app/card.module.css.module.css
Error: Transforming CSS failed
Selector "legend" is not pure. Pure selectors must contain at least one local class or id.

Import trace:
  Client Component Browser:
    ./packages/next/e2e/bug-hunt-general-graph-pRvQhs/app/card.module.css.module.css [Client Component Browser]
    ./packages/next/e2e/bug-hunt-general-graph-pRvQhs/app/card.module.css [Server Component]
    ./packages/next/e2e/bug-hunt-general-graph-pRvQhs/app/page.jsx [Server Component]


./packages/next/e2e/bug-hunt-general-graph-pRvQhs/app/card.module.css.module.css
Error: Transforming CSS failed
Selector "object" is not pure. Pure selectors must contain at least one local class or id.

Import trace:
  Client Component Browser:
    ./packages/next/e2e/bug-hunt-general-graph-pRvQhs/app/card.module.css.module.css [Client Component Browser]
    ./packages/next/e2e/bug-hunt-general-graph-pRvQhs/app/card.module.css [Server Component]
    ./packages/next/e2e/bug-hunt-general-graph-pRvQhs/app/page.jsx [Server Component]


./packages/next/e2e/bug-hunt-general-graph-pRvQhs/app/card.module.css.module.css
Error: Transforming CSS failed
Selector "ol" is not pure. Pure selectors must contain at least one local class or id.

Import trace:
  Client Component Browser:
    ./packages/next/e2e/bug-hunt-general-graph-pRvQhs/app/card.module.css.module.css [Client Component Browser]
    ./packages/next/e2e/bug-hunt-general-graph-pRvQhs/app/card.module.css [Server Component]
    ./packages/next/e2e/bug-hunt-general-graph-pRvQhs/app/page.jsx [Server Component]


./packages/next/e2e/bug-hunt-general-graph-pRvQhs/app/card.module.css.module.css
Error: Transforming CSS failed
Selector "optgroup" is not pure. Pure selectors must contain at least one local class or id.

Import trace:
  Client Component Browser:
    ./packages/next/e2e/bug-hunt-general-graph-pRvQhs/app/card.module.css.module.css [Client Component Browser]
    ./packages/next/e2e/bug-hunt-general-graph-pRvQhs/app/card.module.css [Server Component]
    ./packages/next/e2e/bug-hunt-general-graph-pRvQhs/app/page.jsx [Server Component]


./packages/next/e2e/bug-hunt-general-graph-pRvQhs/app/card.module.css.module.css
Error: Transforming CSS failed
Selector "p" is not pure. Pure selectors must contain at least one local class or id.

Import trace:
  Client Component Browser:
    ./packages/next/e2e/bug-hunt-general-graph-pRvQhs/app/card.module.css.module.css [Client Component Browser]
    ./packages/next/e2e/bug-hunt-general-graph-pRvQhs/app/card.module.css [Server Component]
    ./packages/next/e2e/bug-hunt-general-graph-pRvQhs/app/page.jsx [Server Component]


./packages/next/e2e/bug-hunt-general-graph-pRvQhs/app/card.module.css.module.css
Error: Transforming CSS failed
Selector "pre" is not pure. Pure selectors must contain at least one local class or id.

Import trace:
  Client Component Browser:
    ./packages/next/e2e/bug-hunt-general-graph-pRvQhs/app/card.module.css.module.css [Client Component Browser]
    ./packages/next/e2e/bug-hunt-general-graph-pRvQhs/app/card.module.css [Server Component]
    ./packages/next/e2e/bug-hunt-general-graph-pRvQhs/app/page.jsx [Server Component]


./packages/next/e2e/bug-hunt-general-graph-pRvQhs/app/card.module.css.module.css
Error: Transforming CSS failed
Selector "progress" is not pure. Pure selectors must contain at least one local class or id.

Import trace:
  Client Component Browser:
    ./packages/next/e2e/bug-hunt-general-graph-pRvQhs/app/card.module.css.module.css [Client Component Browser]
    ./packages/next/e2e/bug-hunt-general-graph-pRvQhs/app/card.module.css [Server Component]
    ./packages/next/e2e/bug-hunt-general-graph-pRvQhs/app/page.jsx [Server Component]


./packages/next/e2e/bug-hunt-general-graph-pRvQhs/app/card.module.css.module.css
Error: Transforming CSS failed
Selector "samp" is not pure. Pure selectors must contain at least one local class or id.

Import trace:
  Client Component Browser:
    ./packages/next/e2e/bug-hunt-general-graph-pRvQhs/app/card.module.css.module.css [Client Component Browser]
    ./packages/next/e2e/bug-hunt-general-graph-pRvQhs/app/card.module.css [Server Component]
    ./packages/next/e2e/bug-hunt-general-graph-pRvQhs/app/page.jsx [Server Component]


./packages/next/e2e/bug-hunt-general-graph-pRvQhs/app/card.module.css.module.css
Error: Transforming CSS failed
Selector "select" is not pure. Pure selectors must contain at least one local class or id.

Import trace:
  Client Component Browser:
    ./packages/next/e2e/bug-hunt-general-graph-pRvQhs/app/card.module.css.module.css [Client Component Browser]
    ./packages/next/e2e/bug-hunt-general-graph-pRvQhs/app/card.module.css [Server Component]
    ./packages/next/e2e/bug-hunt-general-graph-pRvQhs/app/page.jsx [Server Component]


./packages/next/e2e/bug-hunt-general-graph-pRvQhs/app/card.module.css.module.css
Error: Transforming CSS failed
Selector "small" is not pure. Pure selectors must contain at least one local class or id.

Import trace:
  Client Component Browser:
    ./packages/next/e2e/bug-hunt-general-graph-pRvQhs/app/card.module.css.module.css [Client Component Browser]
    ./packages/next/e2e/bug-hunt-general-graph-pRvQhs/app/card.module.css [Server Component]
    ./packages/next/e2e/bug-hunt-general-graph-pRvQhs/app/page.jsx [Server Component]


./packages/next/e2e/bug-hunt-general-graph-pRvQhs/app/card.module.css.module.css
Error: Transforming CSS failed
Selector "strong" is not pure. Pure selectors must contain at least one local class or id.

Import trace:
  Client Component Browser:
    ./packages/next/e2e/bug-hunt-general-graph-pRvQhs/app/card.module.css.module.css [Client Component Browser]
    ./packages/next/e2e/bug-hunt-general-graph-pRvQhs/app/card.module.css [Server Component]
    ./packages/next/e2e/bug-hunt-general-graph-pRvQhs/app/page.jsx [Server Component]


./packages/next/e2e/bug-hunt-general-graph-pRvQhs/app/card.module.css.module.css
Error: Transforming CSS failed
Selector "sub" is not pure. Pure selectors must contain at least one local class or id.

Import trace:
  Client Component Browser:
    ./packages/next/e2e/bug-hunt-general-graph-pRvQhs/app/card.module.css.module.css [Client Component Browser]
    ./packages/next/e2e/bug-hunt-general-graph-pRvQhs/app/card.module.css [Server Component]
    ./packages/next/e2e/bug-hunt-general-graph-pRvQhs/app/page.jsx [Server Component]


./packages/next/e2e/bug-hunt-general-graph-pRvQhs/app/card.module.css.module.css
Error: Transforming CSS failed
Selector "summary" is not pure. Pure selectors must contain at least one local class or id.

Import trace:
  Client Component Browser:
    ./packages/next/e2e/bug-hunt-general-graph-pRvQhs/app/card.module.css.module.css [Client Component Browser]
    ./packages/next/e2e/bug-hunt-general-graph-pRvQhs/app/card.module.css [Server Component]
    ./packages/next/e2e/bug-hunt-general-graph-pRvQhs/app/page.jsx [Server Component]


./packages/next/e2e/bug-hunt-general-graph-pRvQhs/app/card.module.css.module.css
Error: Transforming CSS failed
Selector "sup" is not pure. Pure selectors must contain at least one local class or id.

Import trace:
  Client Component Browser:
    ./packages/next/e2e/bug-hunt-general-graph-pRvQhs/app/card.module.css.module.css [Client Component Browser]
    ./packages/next/e2e/bug-hunt-general-graph-pRvQhs/app/card.module.css [Server Component]
    ./packages/next/e2e/bug-hunt-general-graph-pRvQhs/app/page.jsx [Server Component]


./packages/next/e2e/bug-hunt-general-graph-pRvQhs/app/card.module.css.module.css
Error: Transforming CSS failed
Selector "svg" is not pure. Pure selectors must contain at least one local class or id.

Import trace:
  Client Component Browser:
    ./packages/next/e2e/bug-hunt-general-graph-pRvQhs/app/card.module.css.module.css [Client Component Browser]
    ./packages/next/e2e/bug-hunt-general-graph-pRvQhs/app/card.module.css [Server Component]
    ./packages/next/e2e/bug-hunt-general-graph-pRvQhs/app/page.jsx [Server Component]


./packages/next/e2e/bug-hunt-general-graph-pRvQhs/app/card.module.css.module.css
Error: Transforming CSS failed
Selector "table" is not pure. Pure selectors must contain at least one local class or id.

Import trace:
  Client Component Browser:
    ./packages/next/e2e/bug-hunt-general-graph-pRvQhs/app/card.module.css.module.css [Client Component Browser]
    ./packages/next/e2e/bug-hunt-general-graph-pRvQhs/app/card.module.css [Server Component]
    ./packages/next/e2e/bug-hunt-general-graph-pRvQhs/app/page.jsx [Server Component]


./packages/next/e2e/bug-hunt-general-graph-pRvQhs/app/card.module.css.module.css
Error: Transforming CSS failed
Selector "td" is not pure. Pure selectors must contain at least one local class or id.

Import trace:
  Client Component Browser:
    ./packages/next/e2e/bug-hunt-general-graph-pRvQhs/app/card.module.css.module.css [Client Component Browser]
    ./packages/next/e2e/bug-hunt-general-graph-pRvQhs/app/card.module.css [Server Component]
    ./packages/next/e2e/bug-hunt-general-graph-pRvQhs/app/page.jsx [Server Component]


./packages/next/e2e/bug-hunt-general-graph-pRvQhs/app/card.module.css.module.css
Error: Transforming CSS failed
Selector "textarea" is not pure. Pure selectors must contain at least one local class or id.

Import trace:
  Client Component Browser:
    ./packages/next/e2e/bug-hunt-general-graph-pRvQhs/app/card.module.css.module.css [Client Component Browser]
    ./packages/next/e2e/bug-hunt-general-graph-pRvQhs/app/card.module.css [Server Component]
    ./packages/next/e2e/bug-hunt-general-graph-pRvQhs/app/page.jsx [Server Component]


./packages/next/e2e/bug-hunt-general-graph-pRvQhs/app/card.module.css.module.css
Error: Transforming CSS failed
Selector "ul" is not pure. Pure selectors must contain at least one local class or id.

Import trace:
  Client Component Browser:
    ./packages/next/e2e/bug-hunt-general-graph-pRvQhs/app/card.module.css.module.css [Client Component Browser]
    ./packages/next/e2e/bug-hunt-general-graph-pRvQhs/app/card.module.css [Server Component]
    ./packages/next/e2e/bug-hunt-general-graph-pRvQhs/app/page.jsx [Server Component]


./packages/next/e2e/bug-hunt-general-graph-pRvQhs/app/card.module.css.module.css
Error: Transforming CSS failed
Selector "video" is not pure. Pure selectors must contain at least one local class or id.

Import trace:
  Client Component Browser:
    ./packages/next/e2e/bug-hunt-general-graph-pRvQhs/app/card.module.css.module.css [Client Component Browser]
    ./packages/next/e2e/bug-hunt-general-graph-pRvQhs/app/card.module.css [Server Component]
    ./packages/next/e2e/bug-hunt-general-graph-pRvQhs/app/page.jsx [Server Component]


    at ignore-listed frames
node:internal/modules/run_main:107
    triggerUncaughtException(
    ^

AssertionError [ERR_ASSERTION]: Next build failed; signal=null

1 !== 0

    at file:///Users/aron/master/css/.ai/audits/bug-hunt/repros/next-general-graph-host.mjs:77:10
    at process.processTicksAndRejections (node:internal/process/task_queues:104:5) {
  generatedMessage: false,
  code: 'ERR_ASSERTION',
  actual: 1,
  expected: 0,
  operator: 'strictEqual',
  diff: 'simple'
}

Node.js v24.20.0
