▲ Next.js 16.3.4 (webpack)
✓ Running next.config.js took 10ms
- Experiments (use with caution):
  · cpus: 1

  Creating an optimized production build ...
✓ Compiled successfully in 2.2s
  Running TypeScript ...
  Finished TypeScript in 1ms ...
  Collecting page data using 1 worker ...
  Generating static pages using 1 worker (0/3) ...
✓ Generating static pages using 1 worker (3/3) in 71ms
  Finalizing page optimization ...
  Collecting build traces ...

Route (app)
┌ ○ /
└ ○ /_not-found


○  (Static)  prerendered as static content

{
  "moduleKind": "icss",
  "sourceMaps": false,
  "cssLoaderControl": null,
  "externalImportControl": false,
  "pureNext": true,
  "lightningcss": false,
  "bundler": "webpack",
  "scope": "Actual Next export (managed general loader mode:runtime/runtime:false, or explicit pure-Next control), then three-browser SVG decoding, composed padding and qualified external CSS rendering. No live HMR or dynamic SSR claim.",
  "observations": [
    {
      "browser": "chromium",
      "id": "direct",
      "background": "url(\"http://127.0.0.1:51911/_next/static/media/red.a8f34c97.svg#pixel\")",
      "status": 200,
      "width": 4,
      "height": 4,
      "body": "<svg xmlns=\"http://www.w3.org/2000/svg\" width=\"4\" height=\"4\"><path fill=\"red\" d=\"M0 0h4v4H0z\"/></svg>",
      "pass": true
    },
    {
      "browser": "chromium",
      "id": "generated",
      "padding": "32px",
      "pass": true
    },
    {
      "browser": "chromium",
      "id": "module-export",
      "classes": "icss_direct",
      "pass": true
    },
    {
      "browser": "firefox",
      "id": "direct",
      "background": "url(\"http://127.0.0.1:51911/_next/static/media/red.a8f34c97.svg#pixel\")",
      "status": 200,
      "width": 4,
      "height": 4,
      "body": "<svg xmlns=\"http://www.w3.org/2000/svg\" width=\"4\" height=\"4\"><path fill=\"red\" d=\"M0 0h4v4H0z\"/></svg>",
      "pass": true
    },
    {
      "browser": "firefox",
      "id": "generated",
      "padding": "32px",
      "pass": true
    },
    {
      "browser": "firefox",
      "id": "module-export",
      "classes": "icss_direct",
      "pass": true
    },
    {
      "browser": "webkit",
      "id": "direct",
      "background": "url(\"http://127.0.0.1:51911/_next/static/media/red.a8f34c97.svg#pixel\")",
      "status": 200,
      "width": 4,
      "height": 4,
      "body": "<svg xmlns=\"http://www.w3.org/2000/svg\" width=\"4\" height=\"4\"><path fill=\"red\" d=\"M0 0h4v4H0z\"/></svg>",
      "pass": true
    },
    {
      "browser": "webkit",
      "id": "generated",
      "padding": "32px",
      "pass": true
    },
    {
      "browser": "webkit",
      "id": "module-export",
      "classes": "icss_direct",
      "pass": true
    }
  ],
  "files": [
    {
      "file": "404.html",
      "sha256": "9dfbdb81ac9243b24290740eaac1646f0f9f3397a8650a7d2ada51b86c773a50"
    },
    {
      "file": "__next.__PAGE__.txt",
      "sha256": "9ffe4c5920232674dfd5cfbb39845c0d115f881b1aa5e4c7ece9d2af7ba0ef69"
    },
    {
      "file": "__next._full.txt",
      "sha256": "2597c86afe6093af461200e9d0d783c578dd675bb524dbecf09d88ccb58f8dee"
    },
    {
      "file": "__next._tree.txt",
      "sha256": "2de0c2a7abd4b3678e1626cc6034c126a0007759adb8aaec3dc2ae3ccb887b99"
    },
    {
      "file": "_next/static/4wYqasMmiVSvdbayMgxEY/_buildManifest.js",
      "sha256": "735100de5b4d0775a309ea72b2859f679aa4da5efee09ef54bddcf7e928aaa1c"
    },
    {
      "file": "_next/static/4wYqasMmiVSvdbayMgxEY/_ssgManifest.js",
      "sha256": "678f6ce2cb80b1fe72fc67e7412be6e2ab6ada083111b64f7c40d35e3cba5e00"
    },
    {
      "file": "_next/static/chunks/194-1c3b0f7b60a00655.js",
      "sha256": "8cc4ccb2aacdfd686492fdc3d7dee5ebbada02a21af29ecdcfb932654ef6e5ac"
    },
    {
      "file": "_next/static/chunks/3b56f0b9-ecd5fd86cd1a7fee.js",
      "sha256": "aab37667defa74737c8bba05582b2cf4a6d110fac71a868be01fa3a29db78562"
    },
    {
      "file": "_next/static/chunks/app/_global-error/page-480979e135bf383d.js",
      "sha256": "fc34e6f70750eace00b7f9104679af79ecb37594ee22d83a334df8db91621677"
    },
    {
      "file": "_next/static/chunks/app/_not-found/page-e336cca8619c8618.js",
      "sha256": "601952fd9b1395a300f6f5115fdfd03c352769c52758c28ca1d4b95c076c8aea"
    },
    {
      "file": "_next/static/chunks/app/layout-edeeef1695a47a59.js",
      "sha256": "98caef01c2937929b1ce3182c9f073f21d97c7d10b88c705f3125a3e9d918427"
    },
    {
      "file": "_next/static/chunks/app/page-58717c17a60164a1.js",
      "sha256": "b089fde1c45849a84c25f50d71a1f9f2300bab395f8117bafb5ed16d17d72c69"
    },
    {
      "file": "_next/static/chunks/framework-20f4df068c44d36f.js",
      "sha256": "f056cbebb646bf970e077851fffa392f9124de3c54ddd2f42d0ba390745ae4bc"
    },
    {
      "file": "_next/static/chunks/main-app-07c69dd101121ed0.js",
      "sha256": "b4d013e39501483781e0c6168fdce4966f368905bbe8824f875117baddb9a1f0"
    },
    {
      "file": "_next/static/chunks/main-edcc4b98296f6bf3.js",
      "sha256": "1eeb5025cd0d8ee2c5011fdde9507c96976129d79be8f669a47b9f88912cd07d"
    },
    {
      "file": "_next/static/chunks/next/dist/client/components/builtin/app-error-480979e135bf383d.js",
      "sha256": "fc34e6f70750eace00b7f9104679af79ecb37594ee22d83a334df8db91621677"
    },
    {
      "file": "_next/static/chunks/next/dist/client/components/builtin/forbidden-480979e135bf383d.js",
      "sha256": "fc34e6f70750eace00b7f9104679af79ecb37594ee22d83a334df8db91621677"
    },
    {
      "file": "_next/static/chunks/next/dist/client/components/builtin/global-error-e9da0c54dbc7f353.js",
      "sha256": "75376583bd38f1333410376bc3cf090ed33f4ad0df335c1900d5a2605b968a3e"
    },
    {
      "file": "_next/static/chunks/next/dist/client/components/builtin/not-found-480979e135bf383d.js",
      "sha256": "fc34e6f70750eace00b7f9104679af79ecb37594ee22d83a334df8db91621677"
    },
    {
      "file": "_next/static/chunks/next/dist/client/components/builtin/unauthorized-480979e135bf383d.js",
      "sha256": "fc34e6f70750eace00b7f9104679af79ecb37594ee22d83a334df8db91621677"
    },
    {
      "file": "_next/static/chunks/polyfills-42372ed130431b0a.js",
      "sha256": "0973c1d64c88adc8e3c950410cb58b288f72118d5965b78049438deb8f2f9683"
    },
    {
      "file": "_next/static/chunks/webpack-206edf2f7179c5c7.js",
      "sha256": "7617d77352ceada277266e882290932165467fe039327835a57d6cbd5d9f476d"
    },
    {
      "file": "_next/static/css/34a5c47ef00d1a7c.css",
      "sha256": "c6cf70dc948c505a46145d2c8d41f3e6e85e523413df5fd36c5b9aef4b1762ef"
    },
    {
      "file": "_next/static/css/ef46db3751d8e999.css",
      "sha256": "e3b0c44298fc1c149afbf4c8996fb92427ae41e4649b934ca495991b7852b855"
    },
    {
      "file": "_next/static/media/red.a8f34c97.svg",
      "sha256": "9b2bdeea42f0da941fe65654ecbd4bd96c7377bcd2d8b7faef628affdfc58f89"
    },
    {
      "file": "_not-found/__next._full.txt",
      "sha256": "c1699bba63eb52d4ac12cf01d83a39e2f018042e97ed4da7787d07aac0948568"
    },
    {
      "file": "_not-found/__next._not-found.__PAGE__.txt",
      "sha256": "41b4f4bce1d5105bcf51cd72968013882eb021fc6fda8e3fd65fd281aabc8242"
    },
    {
      "file": "_not-found/__next._tree.txt",
      "sha256": "5d60cac91370ff37e766efe214f64aa64b6710cfc518eabe5932b6808577b399"
    },
    {
      "file": "_not-found.html",
      "sha256": "9dfbdb81ac9243b24290740eaac1646f0f9f3397a8650a7d2ada51b86c773a50"
    },
    {
      "file": "_not-found.txt",
      "sha256": "c1699bba63eb52d4ac12cf01d83a39e2f018042e97ed4da7787d07aac0948568"
    },
    {
      "file": "index.html",
      "sha256": "8ebc70931822c147e92757aa0be9bac32b69217f08b52707eb8e21a6a08695a8"
    },
    {
      "file": "index.txt",
      "sha256": "2597c86afe6093af461200e9d0d783c578dd675bb524dbecf09d88ccb58f8dee"
    }
  ],
  "stylesheets": [
    {
      "file": "_next/static/css/34a5c47ef00d1a7c.css",
      "text": ".icss_direct{width:4px;height:4px;background-image:url(/_next/static/media/red.a8f34c97.svg#pixel)}.icss_composed{padding:2rem}"
    },
    {
      "file": "_next/static/css/ef46db3751d8e999.css",
      "text": ""
    }
  ]
}
