▲ Next.js 16.3.4 (Turbopack)
✓ Running next.config.js took 10ms
- Experiments (use with caution):
  · cpus: 1

  Creating an optimized production build ...
✓ Compiled successfully in 1257ms
  Running TypeScript ...
  Finished TypeScript in 1ms ...
  Collecting page data using 1 worker ...
  Generating static pages using 1 worker (0/3) ...
✓ Generating static pages using 1 worker (3/3) in 49ms
Turbopack build encountered 1 warning:
./.ai/audits/bug-hunt/tmp/master-next-copy-3z8i_q4c/packages/next/e2e/bug-hunt-general-graph-MOCLle/app/card.module.css:1:2
Warning: Parsing CSS source code failed
[33m[1m>[0m [90m1 |[0m :[36mexport[0m{direct:icss_direct;composed:icss_composed}
  [90m  |[0m  [33m[1m^[0m

'export' is not recognized as a valid pseudo-class. Did you mean '::export' (pseudo-element) or is this a typo?

Generated code of PostCSS transform of file content of .ai/audits/bug-hunt/tmp/master-next-copy-3z8i_q4c/packages/next/e2e/bug-hunt-general-graph-MOCLle/app/card.module.css:
./.ai/audits/bug-hunt/tmp/master-next-copy-3z8i_q4c/packages/next/e2e/bug-hunt-general-graph-MOCLle/app/card.module.css:1:2
[33m[1m>[0m [90m1 |[0m :[36mexport[0m{direct:icss_direct;composed:icss_composed}
  [90m  |[0m  [33m[1m^[0m

Import trace:
  Server Component:
    ./.ai/audits/bug-hunt/tmp/master-next-copy-3z8i_q4c/packages/next/e2e/bug-hunt-general-graph-MOCLle/app/card.module.css
    ./.ai/audits/bug-hunt/tmp/master-next-copy-3z8i_q4c/packages/next/e2e/bug-hunt-general-graph-MOCLle/app/page.jsx


  Finalizing page optimization ...

Route (app)
┌ ○ /
└ ○ /_not-found


○  (Static)  prerendered as static content

{
  "moduleKind": "icss",
  "sourceMaps": false,
  "cssLoaderControl": null,
  "externalImportControl": false,
  "pureNext": true,
  "lightningcss": false,
  "bundler": "turbopack",
  "scope": "Actual Next export (managed general loader mode:runtime/runtime:false, or explicit pure-Next control), then three-browser SVG decoding, composed padding and qualified external CSS rendering. No live HMR or dynamic SSR claim.",
  "observations": [
    {
      "browser": "chromium",
      "id": "direct",
      "background": "none",
      "pass": false
    },
    {
      "browser": "chromium",
      "id": "generated",
      "padding": "0px",
      "pass": false
    },
    {
      "browser": "chromium",
      "id": "module-export",
      "classes": null,
      "pass": false
    },
    {
      "browser": "firefox",
      "id": "direct",
      "background": "none",
      "pass": false
    },
    {
      "browser": "firefox",
      "id": "generated",
      "padding": "0px",
      "pass": false
    },
    {
      "browser": "firefox",
      "id": "module-export",
      "classes": null,
      "pass": false
    },
    {
      "browser": "webkit",
      "id": "direct",
      "background": "none",
      "pass": false
    },
    {
      "browser": "webkit",
      "id": "generated",
      "padding": "0px",
      "pass": false
    },
    {
      "browser": "webkit",
      "id": "module-export",
      "classes": null,
      "pass": false
    }
  ],
  "files": [
    {
      "file": "404.html",
      "sha256": "51aaa1c1a0400ce6af6e0c56b73fab3b831a81a6507a7e5f10f1a31ca9d9f933"
    },
    {
      "file": "__next.__PAGE__.txt",
      "sha256": "b5ca842a312297e2e354a32399748b385cb7cc2431192fb35e74971c66b14273"
    },
    {
      "file": "__next._full.txt",
      "sha256": "8b218d196a280b70b564ebd5bed3812a8e69db3461501b9149643be505a2d7ff"
    },
    {
      "file": "__next._tree.txt",
      "sha256": "efa8b41371511c98f5344f460f4857509013b980cf8f635f144ac06e75c70e07"
    },
    {
      "file": "_next/static/VTN_uY4M3zvlMtnHY1u39/_buildManifest.js",
      "sha256": "9476e0afd3f9da68a64e6ec58631191fd3eaca62c9f5a377e7517fe9a89e59ea"
    },
    {
      "file": "_next/static/VTN_uY4M3zvlMtnHY1u39/_clientMiddlewareManifest.js",
      "sha256": "5483e3295dc35dfe29ea932efc85341c916f10ff78ff5b0e965e003710893a4a"
    },
    {
      "file": "_next/static/VTN_uY4M3zvlMtnHY1u39/_ssgManifest.js",
      "sha256": "678f6ce2cb80b1fe72fc67e7412be6e2ab6ada083111b64f7c40d35e3cba5e00"
    },
    {
      "file": "_next/static/chunks/09xd9-7xlonox.js",
      "sha256": "83d9c1343c7034f4f08c254bf1976ff9723be20aef7df0135cb1b5d2dd42feda"
    },
    {
      "file": "_next/static/chunks/0cz1d0mv5g_q7.js",
      "sha256": "0973c1d64c88adc8e3c950410cb58b288f72118d5965b78049438deb8f2f9683"
    },
    {
      "file": "_next/static/chunks/13nu9qjbe2--a.js",
      "sha256": "c042a274794dc3eb3f4bb459ec671d87898667b86ed671b27fd7cb028a34466d"
    },
    {
      "file": "_next/static/chunks/1g5p3wzuxdw80.js",
      "sha256": "90c593f3b45f2af722a2e9211f6b2589c2fc1308d9360442d59620a67af00d4e"
    },
    {
      "file": "_next/static/chunks/1mi_l79v1lum8.js",
      "sha256": "dababa03f8a089b4d2682a2d669701e998cabdad4ccc08c12506cef8bebe7571"
    },
    {
      "file": "_next/static/chunks/2_r13c578c7ps.css",
      "sha256": "44e17686e5b1064b6ba4c75b18ec76e2e22138c0e1e53e971667d64afb280434"
    },
    {
      "file": "_next/static/chunks/2l4a3epz7tk56.css",
      "sha256": "979abb0b3852bc71690233d76ed0a72b6197ece306172079d6c0ab1a7529da5d"
    },
    {
      "file": "_next/static/chunks/turbopack-0b_yw9ibui8wc.js",
      "sha256": "90844ff36de6c87bed5f2ab6f3b11ee77179506374001d41fca8073623e7d0ef"
    },
    {
      "file": "_next/static/media/red.2nma54lwo8nhx.svg",
      "sha256": "9b2bdeea42f0da941fe65654ecbd4bd96c7377bcd2d8b7faef628affdfc58f89"
    },
    {
      "file": "_not-found/__next._full.txt",
      "sha256": "761abc932f57cca8dc53b6600c6927bc181efd3d71c39f7c0db0039387af6340"
    },
    {
      "file": "_not-found/__next._not-found.__PAGE__.txt",
      "sha256": "0a0cd7ff7538002e34aaadbda696519aa2fd4fc31db9051cd56d0a2fa529472e"
    },
    {
      "file": "_not-found/__next._tree.txt",
      "sha256": "30d2f3ba49badf13097a45df872e0dda9841eae4e2f42a7a7b3a34038c202dba"
    },
    {
      "file": "_not-found.html",
      "sha256": "51aaa1c1a0400ce6af6e0c56b73fab3b831a81a6507a7e5f10f1a31ca9d9f933"
    },
    {
      "file": "_not-found.txt",
      "sha256": "761abc932f57cca8dc53b6600c6927bc181efd3d71c39f7c0db0039387af6340"
    },
    {
      "file": "index.html",
      "sha256": "43a00b74d47f0d84a17d27f8217f62ae299bba74741e19d9b6be396d8218734b"
    },
    {
      "file": "index.txt",
      "sha256": "8b218d196a280b70b564ebd5bed3812a8e69db3461501b9149643be505a2d7ff"
    }
  ],
  "stylesheets": [
    {
      "file": "_next/static/chunks/2_r13c578c7ps.css",
      "text": ".icss_direct{background-image:url(../media/red.2nma54lwo8nhx.svg);width:4px;height:4px}.icss_composed{padding:2rem}\n"
    },
    {
      "file": "_next/static/chunks/2l4a3epz7tk56.css",
      "text": ":export{direct:icss_direct;composed:icss_composed}\n"
    }
  ]
}
node:internal/modules/run_main:107
    triggerUncaughtException(
    ^

AssertionError [ERR_ASSERTION]: Some actual browser delivery checks failed
    at file:///Users/aron/master/css/.ai/audits/bug-hunt/repros/next-general-graph-host.mjs:132:10 {
  generatedMessage: false,
  code: 'ERR_ASSERTION',
  actual: false,
  expected: true,
  operator: '==',
  diff: 'simple'
}

Node.js v24.20.0
