▲ Next.js 16.3.4 (webpack)
✓ Running next.config.js took 80ms
- Experiments (use with caution):
  · cpus: 1

  Creating an optimized production build ...
<w> [webpack.cache.PackFileCacheStrategy/webpack.FileSystemInfo] Parsing of /Users/aron/master/css/packages/tooling/dist/source/adapters/optional-peer.js for build dependencies failed at 'import(specifier)'.
<w> Build dependencies behind this expression are ignored and might cause incorrect cache invalidation.
<w> [webpack.cache.PackFileCacheStrategy/webpack.FileSystemInfo] Parsing of /Users/aron/master/css/packages/tooling/dist/source/adapters/optional-peer.js for build dependencies failed at 'import(specifier)'.
<w> Build dependencies behind this expression are ignored and might cause incorrect cache invalidation.
<w> [webpack.cache.PackFileCacheStrategy/webpack.FileSystemInfo] Parsing of /Users/aron/master/css/packages/tooling/dist/source/adapters/optional-peer.js for build dependencies failed at 'import(specifier)'.
<w> Build dependencies behind this expression are ignored and might cause incorrect cache invalidation.
✓ Compiled successfully in 3.6s
  Running TypeScript ...
  Finished TypeScript in 1ms ...
  Collecting page data using 1 worker ...
  Generating static pages using 1 worker (0/3) ...
✓ Generating static pages using 1 worker (3/3) in 64ms
  Finalizing page optimization ...
  Collecting build traces ...

Route (app)
┌ ○ /
└ ○ /_not-found


○  (Static)  prerendered as static content

{
  "moduleFeature": "composes",
  "moduleKind": "entry",
  "sourceMaps": true,
  "cssLoaderControl": null,
  "externalImportControl": false,
  "pureNext": false,
  "lightningcss": false,
  "bundler": "webpack",
  "scope": "Actual Next export (managed general loader mode:runtime/runtime:false, or explicit pure-Next control), then three-browser SVG decoding, composed padding and qualified external CSS rendering. No live HMR or dynamic SSR claim.",
  "observations": [
    {
      "browser": "chromium",
      "id": "direct",
      "background": "url(\"http://127.0.0.1:55113/_next/static/css/master/a69c1528a57f879490ea5e4d7fa81da54204f01c049986623ef6a044963db799/maps/9b2bdeea42f0da941fe65654ecbd4bd96c7377bcd2d8b7faef628affdfc58f89.svg?direct=1#pixel\")",
      "status": 200,
      "width": 4,
      "height": 4,
      "body": "<svg xmlns=\"http://www.w3.org/2000/svg\" width=\"4\" height=\"4\"><path fill=\"red\" d=\"M0 0h4v4H0z\"/></svg>",
      "pass": true
    },
    {
      "browser": "chromium",
      "id": "generated",
      "padding": "32px",
      "pass": true
    },
    {
      "browser": "chromium",
      "id": "module-export",
      "classes": "card_direct__vAL_y",
      "pass": true
    },
    {
      "browser": "chromium",
      "id": "cross-file-composes",
      "classes": "card_composed__2_5B2 base_shared__T1bmx globalPad",
      "border": "7px",
      "margin": "11px",
      "pass": true
    },
    {
      "browser": "chromium",
      "id": "global-composes",
      "classes": "card_composed__2_5B2 base_shared__T1bmx globalPad",
      "border": "7px",
      "margin": "11px",
      "pass": true
    },
    {
      "browser": "firefox",
      "id": "direct",
      "background": "url(\"http://127.0.0.1:55113/_next/static/css/master/a69c1528a57f879490ea5e4d7fa81da54204f01c049986623ef6a044963db799/maps/9b2bdeea42f0da941fe65654ecbd4bd96c7377bcd2d8b7faef628affdfc58f89.svg?direct=1#pixel\")",
      "status": 200,
      "width": 4,
      "height": 4,
      "body": "<svg xmlns=\"http://www.w3.org/2000/svg\" width=\"4\" height=\"4\"><path fill=\"red\" d=\"M0 0h4v4H0z\"/></svg>",
      "pass": true
    },
    {
      "browser": "firefox",
      "id": "generated",
      "padding": "32px",
      "pass": true
    },
    {
      "browser": "firefox",
      "id": "module-export",
      "classes": "card_direct__vAL_y",
      "pass": true
    },
    {
      "browser": "firefox",
      "id": "cross-file-composes",
      "classes": "card_composed__2_5B2 base_shared__T1bmx globalPad",
      "border": "7px",
      "margin": "11px",
      "pass": true
    },
    {
      "browser": "firefox",
      "id": "global-composes",
      "classes": "card_composed__2_5B2 base_shared__T1bmx globalPad",
      "border": "7px",
      "margin": "11px",
      "pass": true
    },
    {
      "browser": "webkit",
      "id": "direct",
      "background": "url(\"http://127.0.0.1:55113/_next/static/css/master/a69c1528a57f879490ea5e4d7fa81da54204f01c049986623ef6a044963db799/maps/9b2bdeea42f0da941fe65654ecbd4bd96c7377bcd2d8b7faef628affdfc58f89.svg?direct=1#pixel\")",
      "status": 200,
      "width": 4,
      "height": 4,
      "body": "<svg xmlns=\"http://www.w3.org/2000/svg\" width=\"4\" height=\"4\"><path fill=\"red\" d=\"M0 0h4v4H0z\"/></svg>",
      "pass": true
    },
    {
      "browser": "webkit",
      "id": "generated",
      "padding": "32px",
      "pass": true
    },
    {
      "browser": "webkit",
      "id": "module-export",
      "classes": "card_direct__vAL_y",
      "pass": true
    },
    {
      "browser": "webkit",
      "id": "cross-file-composes",
      "classes": "card_composed__2_5B2 base_shared__T1bmx globalPad",
      "border": "7px",
      "margin": "11px",
      "pass": true
    },
    {
      "browser": "webkit",
      "id": "global-composes",
      "classes": "card_composed__2_5B2 base_shared__T1bmx globalPad",
      "border": "7px",
      "margin": "11px",
      "pass": true
    }
  ],
  "files": [
    {
      "file": "404.html",
      "sha256": "37def5618c400592d04a5001e1128a50509f5eb7f84f900447296f3cc6c9b402"
    },
    {
      "file": "__next.__PAGE__.txt",
      "sha256": "b2dd8e68f3a90637c17f981effd67287e50dd088ba56edb3236de0385418a8a6"
    },
    {
      "file": "__next._full.txt",
      "sha256": "1940f395c6d628fa6ec113e126ef43c6b13c158a2543d5c5f29bdb1c23d12e45"
    },
    {
      "file": "__next._tree.txt",
      "sha256": "ba55b0d445e9bef2a7c708fc13abd4552f38eb247f48b4ded4e347596e7ab608"
    },
    {
      "file": "_next/static/8hdidZESsE1uked4xkJA0/_buildManifest.js",
      "sha256": "fc9f9d16595c40b13da98fd1556b3e2bded6509cb20f9b1e8b7c6bb4bcd89842"
    },
    {
      "file": "_next/static/8hdidZESsE1uked4xkJA0/_ssgManifest.js",
      "sha256": "678f6ce2cb80b1fe72fc67e7412be6e2ab6ada083111b64f7c40d35e3cba5e00"
    },
    {
      "file": "_next/static/chunks/194-4facec2e446527b7.js",
      "sha256": "9e3d2a6bdb1d5719736985490100f3c8ab4d3f3243a10f67d7374afde3a87fce"
    },
    {
      "file": "_next/static/chunks/194-4facec2e446527b7.js.map",
      "sha256": "91b7b4a0f1bcf73628202586e6d4a55ac941dd893cdc69ba9edc646798d85090"
    },
    {
      "file": "_next/static/chunks/3b56f0b9-088186f00d851c75.js",
      "sha256": "2a12dea98763a62cad942da11d4f9c06a1cc375af32a85ccea2f34754ec1e702"
    },
    {
      "file": "_next/static/chunks/3b56f0b9-088186f00d851c75.js.map",
      "sha256": "199c20b4e58ff2280cc2006489d1a259265dd4c92fe9b2d0ace18ed4b918daa9"
    },
    {
      "file": "_next/static/chunks/app/_global-error/page-480979e135bf383d.js",
      "sha256": "fc34e6f70750eace00b7f9104679af79ecb37594ee22d83a334df8db91621677"
    },
    {
      "file": "_next/static/chunks/app/_not-found/page-51535d57b048cdf5.js",
      "sha256": "149b4250bc05d247ccea0f2db3818eb8bba73b896add5c7ca7126eed35ddb012"
    },
    {
      "file": "_next/static/chunks/app/_not-found/page-51535d57b048cdf5.js.map",
      "sha256": "8b3cfb7bc6f44104a91d18b2a6a6d56cf9e7e90dc3b5e1e65b32640c931bd3db"
    },
    {
      "file": "_next/static/chunks/app/layout-0d154e5f83dc9e3a.js",
      "sha256": "6e5f79c999a8b86227d471384a1d639c87360489eec222f81de387da67554589"
    },
    {
      "file": "_next/static/chunks/app/layout-0d154e5f83dc9e3a.js.map",
      "sha256": "82bc0abc2704f77ba2642a4d24b1dfabfac9e3c3af588fef3e1567ea5c612431"
    },
    {
      "file": "_next/static/chunks/app/page-fdb749debdccb3eb.js",
      "sha256": "fb796650554e164d6f3cdd0ea36ca409f191962574d2401986a53dfdf93e3680"
    },
    {
      "file": "_next/static/chunks/app/page-fdb749debdccb3eb.js.map",
      "sha256": "79a13a138313465c8d595117e965cd4fa8eca82c297b57be779beaad9b575d48"
    },
    {
      "file": "_next/static/chunks/framework-df5f5c5ad2f7df03.js",
      "sha256": "aeb092f9551bd9d7564545844316016111b0e89cf0e07143ec86aefc2e58d5bc"
    },
    {
      "file": "_next/static/chunks/framework-df5f5c5ad2f7df03.js.map",
      "sha256": "1f3353bda72371bc499233fc5314447aecfa6a6ab27b351e9a0d2bbe1fcfbe5f"
    },
    {
      "file": "_next/static/chunks/main-7fadd143eb96cfe9.js",
      "sha256": "035ad837cf37d9adcc643af98fa63949c6e7a8bf68e77cd3ab2ecdb4f71e856b"
    },
    {
      "file": "_next/static/chunks/main-7fadd143eb96cfe9.js.map",
      "sha256": "cb1c4c0dcd6b45dedb0a2503de5dc6db2eeaf05381f7b2fc0f07c9fd50a36ba9"
    },
    {
      "file": "_next/static/chunks/main-app-6b28e1a29e412053.js",
      "sha256": "3243f7b75953f6eeb7663ef682b8559490cdedc1f35b6e982b7a30e40dcb2ab6"
    },
    {
      "file": "_next/static/chunks/main-app-6b28e1a29e412053.js.map",
      "sha256": "a039e5514a84fc695a795c4e017de27434c1a81a019145672753babcfc5bdc70"
    },
    {
      "file": "_next/static/chunks/next/dist/client/components/builtin/app-error-480979e135bf383d.js",
      "sha256": "fc34e6f70750eace00b7f9104679af79ecb37594ee22d83a334df8db91621677"
    },
    {
      "file": "_next/static/chunks/next/dist/client/components/builtin/forbidden-480979e135bf383d.js",
      "sha256": "fc34e6f70750eace00b7f9104679af79ecb37594ee22d83a334df8db91621677"
    },
    {
      "file": "_next/static/chunks/next/dist/client/components/builtin/global-error-b6a6b5ffac72ad10.js",
      "sha256": "9ae193c51dc245cc0c6cf7d14217d16f0f4c86ab5974b73a54010debe10a3872"
    },
    {
      "file": "_next/static/chunks/next/dist/client/components/builtin/global-error-b6a6b5ffac72ad10.js.map",
      "sha256": "9fe6aeeb526ee259fb7c874048871f3c025cdc0fdb0d05e8c8f18d260e5edd20"
    },
    {
      "file": "_next/static/chunks/next/dist/client/components/builtin/not-found-480979e135bf383d.js",
      "sha256": "fc34e6f70750eace00b7f9104679af79ecb37594ee22d83a334df8db91621677"
    },
    {
      "file": "_next/static/chunks/next/dist/client/components/builtin/unauthorized-480979e135bf383d.js",
      "sha256": "fc34e6f70750eace00b7f9104679af79ecb37594ee22d83a334df8db91621677"
    },
    {
      "file": "_next/static/chunks/polyfills-42372ed130431b0a.js",
      "sha256": "0973c1d64c88adc8e3c950410cb58b288f72118d5965b78049438deb8f2f9683"
    },
    {
      "file": "_next/static/chunks/webpack-91cb0f10f8adc620.js",
      "sha256": "cac5c75166a01f2a76280dd952f151526e6eb69ea2439d7277c127aeac5ecfe2"
    },
    {
      "file": "_next/static/chunks/webpack-91cb0f10f8adc620.js.map",
      "sha256": "32a8c54d0a4172c39946f6d9b31967f144df766a45d6148239b735624aa21ed4"
    },
    {
      "file": "_next/static/css/771bca3ef52d13be.css",
      "sha256": "7795a6961a835b8486420a8b525aff5909c826bb7f81518f5752effdd1bfb68b"
    },
    {
      "file": "_next/static/css/771bca3ef52d13be.css.map",
      "sha256": "3fa12cde215952a1336733aa812f9061d0c4792e1af7fd2e7d03b49c29f3538a"
    },
    {
      "file": "_next/static/css/79d06084c25d6e75.css",
      "sha256": "a7c000c9f5eec2da7bec4ae65895acc5620a328f33819b4cb4f591ff92c4ebc3"
    },
    {
      "file": "_next/static/css/79d06084c25d6e75.css.map",
      "sha256": "37d41bb683858ce38979b29c155c1747441fdac75e53e6b57184f3ffe0da44bf"
    },
    {
      "file": "_next/static/css/master/42a4ffae45f7ce3c722d884f6eb41fb6eb8e508c258e48e50a0a102c4791f6a2/maps/95e422dc18b3e5fd621d4a9d5310b2c075292c0b52e07b1859f108ce4eb92e0b-entry.css",
      "sha256": "c4b735486ca4c7037c62f4e0cb94e56fb2f07acdb46065c71e8d0c465a643c4f"
    },
    {
      "file": "_next/static/css/master/42a4ffae45f7ce3c722d884f6eb41fb6eb8e508c258e48e50a0a102c4791f6a2/maps/95e422dc18b3e5fd621d4a9d5310b2c075292c0b52e07b1859f108ce4eb92e0b-entry.css.map",
      "sha256": "764a1030c98def0682d98c841f96c488064b3bc33000108d5c889425b80a1eb9"
    },
    {
      "file": "_next/static/css/master/a69c1528a57f879490ea5e4d7fa81da54204f01c049986623ef6a044963db799/maps/5c49896b205c03b9e0576308447a2be153c9124e3ac07ed694b8c1a6e7deae0a-entry.css",
      "sha256": "fe248e03897f232c1055022ec7967eb8571e15261de3bdae26a984a2a14cb765"
    },
    {
      "file": "_next/static/css/master/a69c1528a57f879490ea5e4d7fa81da54204f01c049986623ef6a044963db799/maps/5c49896b205c03b9e0576308447a2be153c9124e3ac07ed694b8c1a6e7deae0a-entry.css.map",
      "sha256": "c58cf36acdfc9e74d9b5eeab11edc20393b493041b4d5795e97456c08c5180d5"
    },
    {
      "file": "_next/static/css/master/a69c1528a57f879490ea5e4d7fa81da54204f01c049986623ef6a044963db799/maps/9b2bdeea42f0da941fe65654ecbd4bd96c7377bcd2d8b7faef628affdfc58f89.svg",
      "sha256": "9b2bdeea42f0da941fe65654ecbd4bd96c7377bcd2d8b7faef628affdfc58f89"
    },
    {
      "file": "_not-found/__next._full.txt",
      "sha256": "e8b684912dab7ce7d7de6f1160b547b45e635f0772940c7907a8f28873c16f60"
    },
    {
      "file": "_not-found/__next._not-found.__PAGE__.txt",
      "sha256": "2776df8c04c915a3a393733ac7fb781e5aec38e016f0e23306c44e7e049f720b"
    },
    {
      "file": "_not-found/__next._tree.txt",
      "sha256": "e4b7e93386f0e10062b61b1fb8e394e8ceec1662dc1fd054f70ab99aa6e171b7"
    },
    {
      "file": "_not-found.html",
      "sha256": "37def5618c400592d04a5001e1128a50509f5eb7f84f900447296f3cc6c9b402"
    },
    {
      "file": "_not-found.txt",
      "sha256": "e8b684912dab7ce7d7de6f1160b547b45e635f0772940c7907a8f28873c16f60"
    },
    {
      "file": "index.html",
      "sha256": "ec466f26bab9abbe1f6d090b73f6fa587f0c842f6bf9fb85f60c964d2319e4ed"
    },
    {
      "file": "index.txt",
      "sha256": "1940f395c6d628fa6ec113e126ef43c6b13c158a2543d5c5f29bdb1c23d12e45"
    }
  ],
  "stylesheets": [
    {
      "file": "_next/static/css/771bca3ef52d13be.css",
      "text": "@import url(\"/_next/static/css/master/a69c1528a57f879490ea5e4d7fa81da54204f01c049986623ef6a044963db799/maps/5c49896b205c03b9e0576308447a2be153c9124e3ac07ed694b8c1a6e7deae0a-entry.css\");.base_shared__T1bmx{border-top:7px solid rgb(12,34,56)}\n/*# sourceMappingURL=771bca3ef52d13be.css.map*/"
    },
    {
      "file": "_next/static/css/771bca3ef52d13be.css.map",
      "text": "{\"version\":3,\"sources\":[\"webpack://_N_E/771bca3ef52d13be.css\",\"webpack://_N_E/app/base.module.css\"],\"names\":[],\"mappings\":\"AAAA,wLAAwL,CCAxL,oBAAQ,kCAAkC\",\"file\":\"static/css/771bca3ef52d13be.css\",\"sourcesContent\":[\"@import url(\\\"/_next/static/css/master/a69c1528a57f879490ea5e4d7fa81da54204f01c049986623ef6a044963db799/maps/5c49896b205c03b9e0576308447a2be153c9124e3ac07ed694b8c1a6e7deae0a-entry.css\\\");\\n.base_shared__T1bmx{border-top:7px solid rgb(12,34,56)}\\n\\n\",\".shared{border-top:7px solid rgb(12,34,56)}\"],\"sourceRoot\":\"\",\"ignoreList\":[]}"
    },
    {
      "file": "_next/static/css/79d06084c25d6e75.css",
      "text": "@import url(\"/_next/static/css/master/42a4ffae45f7ce3c722d884f6eb41fb6eb8e508c258e48e50a0a102c4791f6a2/maps/95e422dc18b3e5fd621d4a9d5310b2c075292c0b52e07b1859f108ce4eb92e0b-entry.css\");\n/*# sourceMappingURL=79d06084c25d6e75.css.map*/"
    },
    {
      "file": "_next/static/css/79d06084c25d6e75.css.map",
      "text": "{\"version\":3,\"sources\":[\"webpack://_N_E/79d06084c25d6e75.css\"],\"names\":[],\"mappings\":\"AAAA,wLAAwL\",\"file\":\"static/css/79d06084c25d6e75.css\",\"sourcesContent\":[\"@import url(\\\"/_next/static/css/master/42a4ffae45f7ce3c722d884f6eb41fb6eb8e508c258e48e50a0a102c4791f6a2/maps/95e422dc18b3e5fd621d4a9d5310b2c075292c0b52e07b1859f108ce4eb92e0b-entry.css\\\");\\n\\n\"],\"sourceRoot\":\"\",\"ignoreList\":[]}"
    },
    {
      "file": "_next/static/css/master/42a4ffae45f7ce3c722d884f6eb41fb6eb8e508c258e48e50a0a102c4791f6a2/maps/95e422dc18b3e5fd621d4a9d5310b2c075292c0b52e07b1859f108ce4eb92e0b-entry.css",
      "text": ".globalPad{margin-left:11px}\n/*# sourceMappingURL=95e422dc18b3e5fd621d4a9d5310b2c075292c0b52e07b1859f108ce4eb92e0b-entry.css.map*/"
    },
    {
      "file": "_next/static/css/master/42a4ffae45f7ce3c722d884f6eb41fb6eb8e508c258e48e50a0a102c4791f6a2/maps/95e422dc18b3e5fd621d4a9d5310b2c075292c0b52e07b1859f108ce4eb92e0b-entry.css.map",
      "text": "{\"version\":3,\"sources\":[\"webpack://_N_E/file:/Users/aron/master/css/.ai/audits/bug-hunt/tmp/master-next-copy-3z8i_q4c/packages/next/e2e/bug-hunt-general-graph-qSVpDS/app/globals.css\",\"webpack://_N_E/95e422dc18b3e5fd621d4a9d5310b2c075292c0b52e07b1859f108ce4eb92e0b-entry.css\"],\"names\":[],\"mappings\":\"AAAc,WCCZ,gBACF\",\"file\":\"static/css/master/42a4ffae45f7ce3c722d884f6eb41fb6eb8e508c258e48e50a0a102c4791f6a2/maps/95e422dc18b3e5fd621d4a9d5310b2c075292c0b52e07b1859f108ce4eb92e0b-entry.css\",\"sourcesContent\":[\"@master entry;.globalPad{margin-left:11px}\",\".globalPad {\\n  margin-left: 11px;\\n}\"],\"sourceRoot\":\"\",\"ignoreList\":[]}"
    },
    {
      "file": "_next/static/css/master/a69c1528a57f879490ea5e4d7fa81da54204f01c049986623ef6a044963db799/maps/5c49896b205c03b9e0576308447a2be153c9124e3ac07ed694b8c1a6e7deae0a-entry.css",
      "text": ".card_direct__vAL_y{background-image:url(9b2bdeea42f0da941fe65654ecbd4bd96c7377bcd2d8b7faef628affdfc58f89.svg?direct=1#pixel);width:4px;height:4px}.card_composed__2_5B2{padding:2rem}\n/*# sourceMappingURL=5c49896b205c03b9e0576308447a2be153c9124e3ac07ed694b8c1a6e7deae0a-entry.css.map*/"
    },
    {
      "file": "_next/static/css/master/a69c1528a57f879490ea5e4d7fa81da54204f01c049986623ef6a044963db799/maps/5c49896b205c03b9e0576308447a2be153c9124e3ac07ed694b8c1a6e7deae0a-entry.css.map",
      "text": "{\"version\":3,\"sources\":[\"webpack://_N_E/file:/Users/aron/master/css/.ai/audits/bug-hunt/tmp/master-next-copy-3z8i_q4c/packages/next/e2e/bug-hunt-general-graph-qSVpDS/app/card.module.css\",\"webpack://_N_E/5c49896b205c03b9e0576308447a2be153c9124e3ac07ed694b8c1a6e7deae0a-entry.css\"],\"names\":[],\"mappings\":\"AAA+B,oBCC7B,yGAA8G,CAC9G,SAAU,CACV,UACF,CDJoH,sBAA2F,YCM7K\",\"file\":\"static/css/master/a69c1528a57f879490ea5e4d7fa81da54204f01c049986623ef6a044963db799/maps/5c49896b205c03b9e0576308447a2be153c9124e3ac07ed694b8c1a6e7deae0a-entry.css\",\"sourcesContent\":[\"@master entry;@preserve native;.direct{width:4px;height:4px;background-image:url(\\\"./assets/red.svg?direct=1#pixel\\\")}.composed{composes:shared from \\\"./base.module.css\\\";composes:globalPad from global;@compose p:2rem;}\",\".card_direct__vAL_y {\\n  background-image: url(\\\"./9b2bdeea42f0da941fe65654ecbd4bd96c7377bcd2d8b7faef628affdfc58f89.svg?direct=1#pixel\\\");\\n  width: 4px;\\n  height: 4px;\\n}\\n\\n.card_composed__2_5B2{padding:2rem}\"],\"sourceRoot\":\"\",\"ignoreList\":[]}"
    }
  ]
}
