▲ Next.js 16.3.4 (Turbopack)
✓ Running next.config.js took 175ms
- Experiments (use with caution):
  · cpus: 1

  Creating an optimized production build ...
✓ Compiled successfully in 2.2s
  Running TypeScript ...
  Finished TypeScript in 6ms ...
  Collecting page data using 1 worker ...
  Generating static pages using 1 worker (0/3) ...
✓ Generating static pages using 1 worker (3/3) in 48ms
  Finalizing page optimization ...

Route (app)
┌ ○ /
└ ○ /_not-found


○  (Static)  prerendered as static content

{
  "moduleKind": "entry",
  "sourceMaps": false,
  "cssLoaderControl": null,
  "externalImportControl": false,
  "pureNext": false,
  "lightningcss": false,
  "bundler": "turbopack",
  "scope": "Actual Next export (managed general loader mode:runtime/runtime:false, or explicit pure-Next control), then three-browser SVG decoding, composed padding and qualified external CSS rendering. No live HMR or dynamic SSR claim.",
  "observations": [
    {
      "browser": "chromium",
      "id": "direct",
      "background": "url(\"http://127.0.0.1:54810/_next/static/media/9b2bdeea42f0da941fe65654ecbd4bd96c7377bcd2d8b7faef628affdfc58f89.2nma54lwo8nhx.svg\")",
      "status": 200,
      "width": 4,
      "height": 4,
      "body": "<svg xmlns=\"http://www.w3.org/2000/svg\" width=\"4\" height=\"4\"><path fill=\"red\" d=\"M0 0h4v4H0z\"/></svg>",
      "pass": true
    },
    {
      "browser": "chromium",
      "id": "generated",
      "padding": "32px",
      "pass": true
    },
    {
      "browser": "chromium",
      "id": "module-export",
      "classes": "card-module-css-module__mMU5Xa__direct card_direct__vAL_y",
      "pass": true
    },
    {
      "browser": "firefox",
      "id": "direct",
      "background": "url(\"http://127.0.0.1:54810/_next/static/media/9b2bdeea42f0da941fe65654ecbd4bd96c7377bcd2d8b7faef628affdfc58f89.2nma54lwo8nhx.svg\")",
      "status": 200,
      "width": 4,
      "height": 4,
      "body": "<svg xmlns=\"http://www.w3.org/2000/svg\" width=\"4\" height=\"4\"><path fill=\"red\" d=\"M0 0h4v4H0z\"/></svg>",
      "pass": true
    },
    {
      "browser": "firefox",
      "id": "generated",
      "padding": "32px",
      "pass": true
    },
    {
      "browser": "firefox",
      "id": "module-export",
      "classes": "card-module-css-module__mMU5Xa__direct card_direct__vAL_y",
      "pass": true
    },
    {
      "browser": "webkit",
      "id": "direct",
      "background": "url(\"http://127.0.0.1:54810/_next/static/media/9b2bdeea42f0da941fe65654ecbd4bd96c7377bcd2d8b7faef628affdfc58f89.2nma54lwo8nhx.svg\")",
      "status": 200,
      "width": 4,
      "height": 4,
      "body": "<svg xmlns=\"http://www.w3.org/2000/svg\" width=\"4\" height=\"4\"><path fill=\"red\" d=\"M0 0h4v4H0z\"/></svg>",
      "pass": true
    },
    {
      "browser": "webkit",
      "id": "generated",
      "padding": "32px",
      "pass": true
    },
    {
      "browser": "webkit",
      "id": "module-export",
      "classes": "card-module-css-module__mMU5Xa__direct card_direct__vAL_y",
      "pass": true
    }
  ],
  "files": [
    {
      "file": "404.html",
      "sha256": "fd3e95d893c44c5ae9e60e8bd843f0d92182742effda18ea6793415893a6a1c1"
    },
    {
      "file": "__next.__PAGE__.txt",
      "sha256": "1bd650a6b179563834c6dd8a6c13f6076b3c60352b8cda3b6d85991cee9aa6a0"
    },
    {
      "file": "__next._full.txt",
      "sha256": "d7fe51ae569ae4024dac18aebc2938082eb940cae1a831b8649ab067e90ee818"
    },
    {
      "file": "__next._tree.txt",
      "sha256": "b2be8960c1022cd1224578598fc02edb7b8a02f325d31ff1c39910525f41a45f"
    },
    {
      "file": "_next/static/6UcMS8i8vD5b3f2N9fCHd/_buildManifest.js",
      "sha256": "9476e0afd3f9da68a64e6ec58631191fd3eaca62c9f5a377e7517fe9a89e59ea"
    },
    {
      "file": "_next/static/6UcMS8i8vD5b3f2N9fCHd/_clientMiddlewareManifest.js",
      "sha256": "5483e3295dc35dfe29ea932efc85341c916f10ff78ff5b0e965e003710893a4a"
    },
    {
      "file": "_next/static/6UcMS8i8vD5b3f2N9fCHd/_ssgManifest.js",
      "sha256": "678f6ce2cb80b1fe72fc67e7412be6e2ab6ada083111b64f7c40d35e3cba5e00"
    },
    {
      "file": "_next/static/chunks/05u8jnn2k3g__.css",
      "sha256": "709e00149203c73e5a042a3d422e35a8a1f2218dab2ce2be2dfa52a2e0dff12b"
    },
    {
      "file": "_next/static/chunks/09xd9-7xlonox.js",
      "sha256": "83d9c1343c7034f4f08c254bf1976ff9723be20aef7df0135cb1b5d2dd42feda"
    },
    {
      "file": "_next/static/chunks/0cz1d0mv5g_q7.js",
      "sha256": "0973c1d64c88adc8e3c950410cb58b288f72118d5965b78049438deb8f2f9683"
    },
    {
      "file": "_next/static/chunks/13nu9qjbe2--a.js",
      "sha256": "c042a274794dc3eb3f4bb459ec671d87898667b86ed671b27fd7cb028a34466d"
    },
    {
      "file": "_next/static/chunks/1g5p3wzuxdw80.js",
      "sha256": "90c593f3b45f2af722a2e9211f6b2589c2fc1308d9360442d59620a67af00d4e"
    },
    {
      "file": "_next/static/chunks/1mi_l79v1lum8.js",
      "sha256": "dababa03f8a089b4d2682a2d669701e998cabdad4ccc08c12506cef8bebe7571"
    },
    {
      "file": "_next/static/chunks/3oy443javf8xs.css",
      "sha256": "75a11da44c802486bc6f65640aa48a730f0f684c5c07a42ba3cd1735eb3fb070"
    },
    {
      "file": "_next/static/chunks/turbopack-0b_yw9ibui8wc.js",
      "sha256": "90844ff36de6c87bed5f2ab6f3b11ee77179506374001d41fca8073623e7d0ef"
    },
    {
      "file": "_next/static/media/9b2bdeea42f0da941fe65654ecbd4bd96c7377bcd2d8b7faef628affdfc58f89.2nma54lwo8nhx.svg",
      "sha256": "9b2bdeea42f0da941fe65654ecbd4bd96c7377bcd2d8b7faef628affdfc58f89"
    },
    {
      "file": "_not-found/__next._full.txt",
      "sha256": "e4d5b043ddbf10f51a974961116611e9b36b30a9aaa27a42dea044c6248873a6"
    },
    {
      "file": "_not-found/__next._not-found.__PAGE__.txt",
      "sha256": "fc99781d3ab66921a623f11ed84fa64e76846f3119c1f18daa3eb2b9395b4910"
    },
    {
      "file": "_not-found/__next._tree.txt",
      "sha256": "ac1797e84f7806fc21dcf62dacba1c3a3eb19d12a29a433e0730f9e21603dcd6"
    },
    {
      "file": "_not-found.html",
      "sha256": "fd3e95d893c44c5ae9e60e8bd843f0d92182742effda18ea6793415893a6a1c1"
    },
    {
      "file": "_not-found.txt",
      "sha256": "e4d5b043ddbf10f51a974961116611e9b36b30a9aaa27a42dea044c6248873a6"
    },
    {
      "file": "index.html",
      "sha256": "e5d68eb86dfc41ba94dfbb580245a5ff517f3685f75e6afcaa779038001ab167"
    },
    {
      "file": "index.txt",
      "sha256": "d7fe51ae569ae4024dac18aebc2938082eb940cae1a831b8649ab067e90ee818"
    }
  ],
  "stylesheets": [
    {
      "file": "_next/static/chunks/05u8jnn2k3g__.css",
      "text": ".card_direct__vAL_y{background-image:url(../media/9b2bdeea42f0da941fe65654ecbd4bd96c7377bcd2d8b7faef628affdfc58f89.2nma54lwo8nhx.svg);width:4px;height:4px}.card_composed__2_5B2{padding:2rem}\n.card-module-css-module__mMU5Xa__direct{}.card-module-css-module__mMU5Xa__composed{}\n"
    },
    {
      "file": "_next/static/chunks/3oy443javf8xs.css",
      "text": "\n\n"
    }
  ]
}
