▲ Next.js 16.3.4 (Turbopack)
✓ Running next.config.js took 7ms
- Experiments (use with caution):
  · cpus: 1

  Creating an optimized production build ...
✓ Compiled successfully in 1146ms
  Running TypeScript ...
  Finished TypeScript in 2ms ...
  Collecting page data using 1 worker ...
  Generating static pages using 1 worker (0/3) ...
✓ Generating static pages using 1 worker (3/3) in 45ms
  Finalizing page optimization ...

Route (app)
┌ ○ /
└ ○ /_not-found


○  (Static)  prerendered as static content

{
  "pureLoaderMap": true,
  "moduleFeature": null,
  "moduleKind": "pure",
  "sourceMaps": true,
  "cssLoaderControl": null,
  "externalImportControl": false,
  "pureNext": true,
  "lightningcss": false,
  "bundler": "turbopack",
  "scope": "Actual Next export (managed general loader mode:runtime/runtime:false, or explicit pure-Next control), then three-browser SVG decoding, composed padding and qualified external CSS rendering. No live HMR or dynamic SSR claim.",
  "observations": [
    {
      "browser": "chromium",
      "id": "direct",
      "background": "url(\"http://127.0.0.1:59582/_next/static/media/red.2nma54lwo8nhx.svg\")",
      "status": 200,
      "width": 4,
      "height": 4,
      "body": "<svg xmlns=\"http://www.w3.org/2000/svg\" width=\"4\" height=\"4\"><path fill=\"red\" d=\"M0 0h4v4H0z\"/></svg>",
      "pass": true
    },
    {
      "browser": "chromium",
      "id": "generated",
      "padding": "32px",
      "pass": true
    },
    {
      "browser": "chromium",
      "id": "module-export",
      "classes": "card-module-css-module__5k0tvq__direct",
      "pass": true
    },
    {
      "browser": "firefox",
      "id": "direct",
      "background": "url(\"http://127.0.0.1:59582/_next/static/media/red.2nma54lwo8nhx.svg\")",
      "status": 200,
      "width": 4,
      "height": 4,
      "body": "<svg xmlns=\"http://www.w3.org/2000/svg\" width=\"4\" height=\"4\"><path fill=\"red\" d=\"M0 0h4v4H0z\"/></svg>",
      "pass": true
    },
    {
      "browser": "firefox",
      "id": "generated",
      "padding": "32px",
      "pass": true
    },
    {
      "browser": "firefox",
      "id": "module-export",
      "classes": "card-module-css-module__5k0tvq__direct",
      "pass": true
    },
    {
      "browser": "webkit",
      "id": "direct",
      "background": "url(\"http://127.0.0.1:59582/_next/static/media/red.2nma54lwo8nhx.svg\")",
      "status": 200,
      "width": 4,
      "height": 4,
      "body": "<svg xmlns=\"http://www.w3.org/2000/svg\" width=\"4\" height=\"4\"><path fill=\"red\" d=\"M0 0h4v4H0z\"/></svg>",
      "pass": true
    },
    {
      "browser": "webkit",
      "id": "generated",
      "padding": "32px",
      "pass": true
    },
    {
      "browser": "webkit",
      "id": "module-export",
      "classes": "card-module-css-module__5k0tvq__direct",
      "pass": true
    }
  ],
  "files": [
    {
      "file": "404.html",
      "sha256": "ee3de2530cd4385e31fee7a2847c93045ce80b6f85dfebfe56093c74f996a127"
    },
    {
      "file": "__next.__PAGE__.txt",
      "sha256": "35173e077189310e9ac73cbe14798e3ab21b4ffd249936e126b77d36340cc26b"
    },
    {
      "file": "__next._full.txt",
      "sha256": "ec1c004900fdded507d40c3cc710a99132d1041c713a256790e268e4400d53ff"
    },
    {
      "file": "__next._tree.txt",
      "sha256": "1df817465fe3fe685a650bfce75e11d5208e596caf1e6682cf77e3bb85d69cc9"
    },
    {
      "file": "_next/static/5fkNZL8grBcLMef61omfL/_buildManifest.js",
      "sha256": "9476e0afd3f9da68a64e6ec58631191fd3eaca62c9f5a377e7517fe9a89e59ea"
    },
    {
      "file": "_next/static/5fkNZL8grBcLMef61omfL/_clientMiddlewareManifest.js",
      "sha256": "5483e3295dc35dfe29ea932efc85341c916f10ff78ff5b0e965e003710893a4a"
    },
    {
      "file": "_next/static/5fkNZL8grBcLMef61omfL/_ssgManifest.js",
      "sha256": "678f6ce2cb80b1fe72fc67e7412be6e2ab6ada083111b64f7c40d35e3cba5e00"
    },
    {
      "file": "_next/static/chunks/04-z073gz7r64.js",
      "sha256": "e04bf3b6b48d520c016bd09588efc4838adbd2bf7cbed5ee4bed9fc524b10790"
    },
    {
      "file": "_next/static/chunks/09cfuerb4i16f.js.map",
      "sha256": "67f7723cbb76e3ab71b941e470b7edd30adeda6fd07e7eb74fe7a789d8f713c0"
    },
    {
      "file": "_next/static/chunks/0cz1d0mv5g_q7.js",
      "sha256": "0973c1d64c88adc8e3c950410cb58b288f72118d5965b78049438deb8f2f9683"
    },
    {
      "file": "_next/static/chunks/0mnkr6v1sap5z.js.map",
      "sha256": "1b8cbcb2c18875f6b14f458c8c97e7a9095ebf897cd03ca846c6a09b3d991591"
    },
    {
      "file": "_next/static/chunks/112-1unw49xvq.js",
      "sha256": "2163776b405be682c2c2ace7e2bbc64efc2ef066dbd7079cddd97ccb448ddba7"
    },
    {
      "file": "_next/static/chunks/1dh-kvk227ibx.js",
      "sha256": "cee2147162b7e194ea7e535253a2b8dec1a0e9d42a9f6e3364b0dba4577afa90"
    },
    {
      "file": "_next/static/chunks/1ja177x_7sak0.js",
      "sha256": "f989287f9985fa9c834a75895a5b292270ea205322e53504e01601f59e400567"
    },
    {
      "file": "_next/static/chunks/1pdgt0kn5u7km.js.map",
      "sha256": "6c6b2f6cfde8b4373ee62b6a8e2534047b14e445b03b25c2a06c3e3af459263b"
    },
    {
      "file": "_next/static/chunks/1yadaetmswrs-.js.map",
      "sha256": "a1b9097cb43b08ddd244c811b451bac2642d67ccd422aea52fbdc1b66f06bd5d"
    },
    {
      "file": "_next/static/chunks/287zfagyagj7b.css",
      "sha256": "8ace4a7240b45daea9b1ba1288cf7614c836c20e3c4c91366bcd0162802565e9"
    },
    {
      "file": "_next/static/chunks/2dv6a0v1kthm8.css.map",
      "sha256": "6c3468b0fac2cbc3a1f0fee32d25e223e031ba2172d2bb43c9947dfa5e749b87"
    },
    {
      "file": "_next/static/chunks/33k1qcjlhgx4h.js.map",
      "sha256": "95548521a93b960739f241f77128dd61212cfebcd5e8c790734118a906d072cf"
    },
    {
      "file": "_next/static/chunks/3625qokbowtkp.js.map",
      "sha256": "361a7c58acc23e259a1b07acc1af866531c4c8ce6195f373374237717f92f9e9"
    },
    {
      "file": "_next/static/chunks/39gdv36r3t36l.css",
      "sha256": "792282d423a8e22c9a18a5ffc5a0f701425fffc81bd3eb897fb6652d2628a3f5"
    },
    {
      "file": "_next/static/chunks/3nxl9wpqukuud.css.map",
      "sha256": "b6455a545e9a93c00da1bfac377ae5c494c5c5302d2f09d3d19ecc7cba52fd8c"
    },
    {
      "file": "_next/static/chunks/turbopack-38wt4mwhmxwz-.js",
      "sha256": "61f68711bc1432b9ed720ab04584d68e85b43185300a393394c37622588bfcc2"
    },
    {
      "file": "_next/static/media/red.2nma54lwo8nhx.svg",
      "sha256": "9b2bdeea42f0da941fe65654ecbd4bd96c7377bcd2d8b7faef628affdfc58f89"
    },
    {
      "file": "_not-found/__next._full.txt",
      "sha256": "c2890ca8123799d95c318fa58a9f65b8c3e4f8fd70ce1585a9773a18731ccce5"
    },
    {
      "file": "_not-found/__next._not-found.__PAGE__.txt",
      "sha256": "d55babad18b8bb421de7643d44743538bcc4fdbb9ae49dc3a0be47f04672d213"
    },
    {
      "file": "_not-found/__next._tree.txt",
      "sha256": "732ed2e5d787e616fb1d2a7aabf1f8f34a8bfd9ee2444f311dfd68300121ab9c"
    },
    {
      "file": "_not-found.html",
      "sha256": "ee3de2530cd4385e31fee7a2847c93045ce80b6f85dfebfe56093c74f996a127"
    },
    {
      "file": "_not-found.txt",
      "sha256": "c2890ca8123799d95c318fa58a9f65b8c3e4f8fd70ce1585a9773a18731ccce5"
    },
    {
      "file": "index.html",
      "sha256": "74c282bd673c25bbe529ab443061c3771ce3046e41822ab6f325038d64cda944"
    },
    {
      "file": "index.txt",
      "sha256": "ec1c004900fdded507d40c3cc710a99132d1041c713a256790e268e4400d53ff"
    }
  ],
  "stylesheets": [
    {
      "file": "_next/static/chunks/287zfagyagj7b.css",
      "text": "\n/*# sourceMappingURL=2dv6a0v1kthm8.css.map*/"
    },
    {
      "file": "_next/static/chunks/2dv6a0v1kthm8.css.map",
      "text": "{\"version\":3,\"sources\":[\"turbopack:///[project]/.ai/audits/bug-hunt/tmp/master-next-copy-3z8i_q4c/packages/next/e2e/bug-hunt-general-graph-KZr25T/app/globals.css\"],\"sourcesContent\":[\"\"],\"names\":[],\"mappings\":\"\"}"
    },
    {
      "file": "_next/static/chunks/39gdv36r3t36l.css",
      "text": ".card-module-css-module__5k0tvq__direct{background-image:url(../media/red.2nma54lwo8nhx.svg);width:4px;height:4px}.card-module-css-module__5k0tvq__composed{padding:2rem}\n/*# sourceMappingURL=3nxl9wpqukuud.css.map*/"
    },
    {
      "file": "_next/static/chunks/3nxl9wpqukuud.css.map",
      "text": "{\"version\":3,\"sources\":[\"turbopack:///turbopack:///[project]/.ai/audits/bug-hunt/tmp/master-next-copy-3z8i_q4c/packages/next/e2e/bug-hunt-general-graph-KZr25T/app/card.module.css\"],\"sourcesContent\":[\".direct{width:4px;height:4px;background-image:url(\\\"./assets/red.svg?direct=1#pixel\\\")}.composed{padding:2rem;}\"],\"names\":[],\"mappings\":\"AAAA,kHAAA\"}"
    }
  ]
}
