▲ Next.js 16.3.4 (Turbopack)
✓ Running next.config.js took 80ms
- Experiments (use with caution):
  · cpus: 1

  Creating an optimized production build ...
✓ Compiled successfully in 1739ms
  Running TypeScript ...
  Finished TypeScript in 6ms ...
  Collecting page data using 1 worker ...
  Generating static pages using 1 worker (0/3) ...
✓ Generating static pages using 1 worker (3/3) in 46ms
  Finalizing page optimization ...

Route (app)
┌ ○ /
└ ○ /_not-found


○  (Static)  prerendered as static content

{
  "globalParent": false,
  "expectedImportScoped": true,
  "importedPlainCSS": false,
  "authoredStylesheets": [
    {
      "file": "app/base.module.css",
      "text": ".shared{border-top:7px solid rgb(12,34,56)}"
    },
    {
      "file": "app/card.module.css",
      "text": "@master entry;@preserve native;.direct{width:4px;height:4px;background-image:url(\"./assets/red.svg?direct=1#pixel\")}.composed{composes:shared from \"./base.module.css\";composes:globalPad from global;@compose p:2rem;}"
    },
    {
      "file": "app/globals.css",
      "text": "@master entry;.globalPad{margin-left:11px}"
    },
    {
      "file": "app/nested/child.css",
      "text": ".nested{width:4px;height:4px;background-image:url(\"./assets/blue.svg?nested=1#pixel\")}"
    }
  ],
  "pureLoaderMap": false,
  "moduleFeature": "composes",
  "moduleKind": "entry",
  "sourceMaps": true,
  "cssLoaderControl": null,
  "externalImportControl": false,
  "pureNext": false,
  "lightningcss": false,
  "bundler": "turbopack",
  "scope": "Actual Next export (managed general loader mode:runtime/runtime:false, or explicit pure-Next control), then three-browser SVG decoding, composed padding and qualified external CSS rendering. No live HMR or dynamic SSR claim.",
  "observations": [
    {
      "browser": "chromium",
      "id": "direct",
      "background": "url(\"http://127.0.0.1:51622/_next/static/media/9b2bdeea42f0da941fe65654ecbd4bd96c7377bcd2d8b7faef628affdfc58f89.2nma54lwo8nhx.svg\")",
      "status": 200,
      "width": 4,
      "height": 4,
      "body": "<svg xmlns=\"http://www.w3.org/2000/svg\" width=\"4\" height=\"4\"><path fill=\"red\" d=\"M0 0h4v4H0z\"/></svg>",
      "pass": true
    },
    {
      "browser": "chromium",
      "id": "generated",
      "padding": "32px",
      "pass": true
    },
    {
      "browser": "chromium",
      "id": "module-export",
      "classes": "card-module-css-module__7hvDEq__direct card_direct__vAL_y",
      "pass": true
    },
    {
      "browser": "chromium",
      "id": "cross-file-composes",
      "classes": "card-module-css-module__7hvDEq__composed card_composed__2_5B2 base_shared__T1bmx globalPad",
      "border": "7px",
      "margin": "11px",
      "pass": true
    },
    {
      "browser": "chromium",
      "id": "global-composes",
      "classes": "card-module-css-module__7hvDEq__composed card_composed__2_5B2 base_shared__T1bmx globalPad",
      "border": "7px",
      "margin": "11px",
      "pass": true
    },
    {
      "browser": "firefox",
      "id": "direct",
      "background": "url(\"http://127.0.0.1:51622/_next/static/media/9b2bdeea42f0da941fe65654ecbd4bd96c7377bcd2d8b7faef628affdfc58f89.2nma54lwo8nhx.svg\")",
      "status": 200,
      "width": 4,
      "height": 4,
      "body": "<svg xmlns=\"http://www.w3.org/2000/svg\" width=\"4\" height=\"4\"><path fill=\"red\" d=\"M0 0h4v4H0z\"/></svg>",
      "pass": true
    },
    {
      "browser": "firefox",
      "id": "generated",
      "padding": "32px",
      "pass": true
    },
    {
      "browser": "firefox",
      "id": "module-export",
      "classes": "card-module-css-module__7hvDEq__direct card_direct__vAL_y",
      "pass": true
    },
    {
      "browser": "firefox",
      "id": "cross-file-composes",
      "classes": "card-module-css-module__7hvDEq__composed card_composed__2_5B2 base_shared__T1bmx globalPad",
      "border": "7px",
      "margin": "11px",
      "pass": true
    },
    {
      "browser": "firefox",
      "id": "global-composes",
      "classes": "card-module-css-module__7hvDEq__composed card_composed__2_5B2 base_shared__T1bmx globalPad",
      "border": "7px",
      "margin": "11px",
      "pass": true
    },
    {
      "browser": "webkit",
      "id": "direct",
      "background": "url(\"http://127.0.0.1:51622/_next/static/media/9b2bdeea42f0da941fe65654ecbd4bd96c7377bcd2d8b7faef628affdfc58f89.2nma54lwo8nhx.svg\")",
      "status": 200,
      "width": 4,
      "height": 4,
      "body": "<svg xmlns=\"http://www.w3.org/2000/svg\" width=\"4\" height=\"4\"><path fill=\"red\" d=\"M0 0h4v4H0z\"/></svg>",
      "pass": true
    },
    {
      "browser": "webkit",
      "id": "generated",
      "padding": "32px",
      "pass": true
    },
    {
      "browser": "webkit",
      "id": "module-export",
      "classes": "card-module-css-module__7hvDEq__direct card_direct__vAL_y",
      "pass": true
    },
    {
      "browser": "webkit",
      "id": "cross-file-composes",
      "classes": "card-module-css-module__7hvDEq__composed card_composed__2_5B2 base_shared__T1bmx globalPad",
      "border": "7px",
      "margin": "11px",
      "pass": true
    },
    {
      "browser": "webkit",
      "id": "global-composes",
      "classes": "card-module-css-module__7hvDEq__composed card_composed__2_5B2 base_shared__T1bmx globalPad",
      "border": "7px",
      "margin": "11px",
      "pass": true
    }
  ],
  "files": [
    {
      "file": "404.html",
      "sha256": "45d849553a1fec32b870d73a329cba257dada241cba2cbbb2efdc3790fe6731a"
    },
    {
      "file": "__next.__PAGE__.txt",
      "sha256": "4632e88342413e08b421a4beb382f8eba71f05658039a0f0be17ee46b6d4307f"
    },
    {
      "file": "__next._full.txt",
      "sha256": "ed1b4e1ec4a905320e6e8c4bc721e4616ea8db3c8185848bcc5d99b185ddff3a"
    },
    {
      "file": "__next._tree.txt",
      "sha256": "666ce416e08020a7acaf8011ff2ba64bdeb19e5ebbdfd75c613895affdeb64c7"
    },
    {
      "file": "_next/static/chunks/04-z073gz7r64.js",
      "sha256": "e04bf3b6b48d520c016bd09588efc4838adbd2bf7cbed5ee4bed9fc524b10790"
    },
    {
      "file": "_next/static/chunks/09cfuerb4i16f.js.map",
      "sha256": "67f7723cbb76e3ab71b941e470b7edd30adeda6fd07e7eb74fe7a789d8f713c0"
    },
    {
      "file": "_next/static/chunks/0cz1d0mv5g_q7.js",
      "sha256": "0973c1d64c88adc8e3c950410cb58b288f72118d5965b78049438deb8f2f9683"
    },
    {
      "file": "_next/static/chunks/0mnkr6v1sap5z.js.map",
      "sha256": "1b8cbcb2c18875f6b14f458c8c97e7a9095ebf897cd03ca846c6a09b3d991591"
    },
    {
      "file": "_next/static/chunks/112-1unw49xvq.js",
      "sha256": "2163776b405be682c2c2ace7e2bbc64efc2ef066dbd7079cddd97ccb448ddba7"
    },
    {
      "file": "_next/static/chunks/1dh-kvk227ibx.js",
      "sha256": "cee2147162b7e194ea7e535253a2b8dec1a0e9d42a9f6e3364b0dba4577afa90"
    },
    {
      "file": "_next/static/chunks/1ja177x_7sak0.js",
      "sha256": "f989287f9985fa9c834a75895a5b292270ea205322e53504e01601f59e400567"
    },
    {
      "file": "_next/static/chunks/1pdgt0kn5u7km.js.map",
      "sha256": "6c6b2f6cfde8b4373ee62b6a8e2534047b14e445b03b25c2a06c3e3af459263b"
    },
    {
      "file": "_next/static/chunks/1s8gt0i6t60hg.css.map",
      "sha256": "c73bbe0d525b337b21570d8cfba2c1adcc9223c5f703454f6a8f5e22cefe8912"
    },
    {
      "file": "_next/static/chunks/1yadaetmswrs-.js.map",
      "sha256": "a1b9097cb43b08ddd244c811b451bac2642d67ccd422aea52fbdc1b66f06bd5d"
    },
    {
      "file": "_next/static/chunks/2gi3e3yr0bvua.css",
      "sha256": "1e62a2f8f8d54ba02d9e2b76e7d52f41dfafc111408bbb06f43528d5832e3eac"
    },
    {
      "file": "_next/static/chunks/31_m2_uss6bw2.css",
      "sha256": "500985e54d7a1466a591b61fd2394055837e76b02c83792d40a863064d62cfee"
    },
    {
      "file": "_next/static/chunks/33k1qcjlhgx4h.js.map",
      "sha256": "95548521a93b960739f241f77128dd61212cfebcd5e8c790734118a906d072cf"
    },
    {
      "file": "_next/static/chunks/3625qokbowtkp.js.map",
      "sha256": "361a7c58acc23e259a1b07acc1af866531c4c8ce6195f373374237717f92f9e9"
    },
    {
      "file": "_next/static/chunks/3rke78y_4h2qp.css.map",
      "sha256": "71036e5d3df721ffd86745e9dc381983ada26f11c92f355af9a979aa796d2a5d"
    },
    {
      "file": "_next/static/chunks/turbopack-38wt4mwhmxwz-.js",
      "sha256": "61f68711bc1432b9ed720ab04584d68e85b43185300a393394c37622588bfcc2"
    },
    {
      "file": "_next/static/media/9b2bdeea42f0da941fe65654ecbd4bd96c7377bcd2d8b7faef628affdfc58f89.2nma54lwo8nhx.svg",
      "sha256": "9b2bdeea42f0da941fe65654ecbd4bd96c7377bcd2d8b7faef628affdfc58f89"
    },
    {
      "file": "_next/static/sUW1Jndva5PMqrxwNL7Xg/_buildManifest.js",
      "sha256": "9476e0afd3f9da68a64e6ec58631191fd3eaca62c9f5a377e7517fe9a89e59ea"
    },
    {
      "file": "_next/static/sUW1Jndva5PMqrxwNL7Xg/_clientMiddlewareManifest.js",
      "sha256": "5483e3295dc35dfe29ea932efc85341c916f10ff78ff5b0e965e003710893a4a"
    },
    {
      "file": "_next/static/sUW1Jndva5PMqrxwNL7Xg/_ssgManifest.js",
      "sha256": "678f6ce2cb80b1fe72fc67e7412be6e2ab6ada083111b64f7c40d35e3cba5e00"
    },
    {
      "file": "_not-found/__next._full.txt",
      "sha256": "03f0a951b70897a6eeb52496c39af13bf6e9e2b7e91f3983b30133b88d7970bd"
    },
    {
      "file": "_not-found/__next._not-found.__PAGE__.txt",
      "sha256": "ddeb855d040e5c444b67294d3cb6dde0c2e58c9603c7e0e44e98df08fe891bb3"
    },
    {
      "file": "_not-found/__next._tree.txt",
      "sha256": "75660f712dc91a50cb462b7e797fcd19542a98aebbfb53c767fb7d1e2f648e5a"
    },
    {
      "file": "_not-found.html",
      "sha256": "45d849553a1fec32b870d73a329cba257dada241cba2cbbb2efdc3790fe6731a"
    },
    {
      "file": "_not-found.txt",
      "sha256": "03f0a951b70897a6eeb52496c39af13bf6e9e2b7e91f3983b30133b88d7970bd"
    },
    {
      "file": "index.html",
      "sha256": "b222902c52b423ac173ec497f89278ae6ed152b677ae31886228051e63f8dea0"
    },
    {
      "file": "index.txt",
      "sha256": "ed1b4e1ec4a905320e6e8c4bc721e4616ea8db3c8185848bcc5d99b185ddff3a"
    }
  ],
  "stylesheets": [
    {
      "file": "_next/static/chunks/1s8gt0i6t60hg.css.map",
      "text": "{\n  \"version\": 3,\n  \"sources\": [],\n  \"sections\": [\n    {\"offset\": {\"line\": 0, \"column\": 0}, \"map\": {\"version\":3,\"sources\":[\"turbopack:///turbopack:///[project]/.ai/audits/bug-hunt/tmp/master-next-copy-3z8i_q4c/packages/next/e2e/bug-hunt-general-graph-zYzWE0/app/base.module.css\"],\"sourcesContent\":[\".shared{border-top:7px solid rgb(12,34,56)}\"],\"names\":[],\"mappings\":\"AAAA\"}},\n    {\"offset\": {\"line\": 1, \"column\": 0}, \"map\": {\"version\":3,\"sources\":[\"turbopack:///turbopack:///[project]/.ai/audits/bug-hunt/tmp/master-next-copy-3z8i_q4c/packages/next/e2e/bug-hunt-general-graph-zYzWE0/app/<no source>\",\"turbopack:///turbopack:///[project]/.ai/audits/bug-hunt/tmp/master-next-copy-3z8i_q4c/packages/next/e2e/bug-hunt-general-graph-zYzWE0/app/card.module.css\"],\"sourcesContent\":[\"unable to read source [project]/.ai/audits/bug-hunt/tmp/master-next-copy-3z8i_q4c/packages/next/e2e/bug-hunt-general-graph-zYzWE0/app/<no source>\",\"@master entry;@preserve native;.direct{width:4px;height:4px;background-image:url(\\\"./assets/red.svg?direct=1#pixel\\\")}.composed{composes:shared from \\\"./base.module.css\\\";composes:globalPad from global;@compose p:2rem;}\"],\"names\":[],\"mappings\":\"AAA+B,2JAAqF\"}},\n    {\"offset\": {\"line\": 2, \"column\": 0}, \"map\": {\"version\":3,\"sources\":[],\"names\":[],\"mappings\":\"AAAA,yCAAA\"}}]\n}"
    },
    {
      "file": "_next/static/chunks/2gi3e3yr0bvua.css",
      "text": ".base_shared__T1bmx{border-top:7px solid #0c2238}\n.card_direct__vAL_y{background-image:url(../media/9b2bdeea42f0da941fe65654ecbd4bd96c7377bcd2d8b7faef628affdfc58f89.2nma54lwo8nhx.svg);width:4px;height:4px}.card_composed__2_5B2{padding:2rem}\n.card-module-css-module__7hvDEq__direct{}.card-module-css-module__7hvDEq__composed{}\n/*# sourceMappingURL=1s8gt0i6t60hg.css.map*/"
    },
    {
      "file": "_next/static/chunks/31_m2_uss6bw2.css",
      "text": ".globalPad{margin-left:11px}\n\n/*# sourceMappingURL=3rke78y_4h2qp.css.map*/"
    },
    {
      "file": "_next/static/chunks/3rke78y_4h2qp.css.map",
      "text": "{\n  \"version\": 3,\n  \"sources\": [],\n  \"sections\": [\n    {\"offset\": {\"line\": 0, \"column\": 0}, \"map\": {\"version\":3,\"sources\":[\"turbopack:///turbopack:///[project]/.ai/audits/bug-hunt/tmp/master-next-copy-3z8i_q4c/packages/next/e2e/bug-hunt-general-graph-zYzWE0/app/globals.css\"],\"sourcesContent\":[\"@master entry;.globalPad{margin-left:11px}\"],\"names\":[],\"mappings\":\"AAAc\"}},\n    {\"offset\": {\"line\": 1, \"column\": 0}, \"map\": {\"version\":3,\"sources\":[],\"names\":[],\"mappings\":\"\"}}]\n}"
    }
  ]
}
