▲ Next.js 16.3.4 (Turbopack)
✓ Running next.config.js took 89ms
- Experiments (use with caution):
  · cpus: 1

  Creating an optimized production build ...
✓ Compiled successfully in 2.2s
  Running TypeScript ...
  Finished TypeScript in 5ms ...
  Collecting page data using 1 worker ...
  Generating static pages using 1 worker (0/3) ...
✓ Generating static pages using 1 worker (3/3) in 67ms
  Finalizing page optimization ...

Route (app)
┌ ○ /
└ ○ /_not-found


○  (Static)  prerendered as static content

{
  "globalParent": false,
  "expectedImportScoped": true,
  "importedPlainCSS": false,
  "authoredStylesheets": [
    {
      "file": "app/card.module.css",
      "text": "@import \"./nested/imported.module.css\";@master entry;@preserve native;.direct{width:4px;height:4px;background-image:url(\"./assets/red.svg?direct=1#pixel\")}.composed{@compose p:2rem;}"
    },
    {
      "file": "app/globals.css",
      "text": "@master entry;"
    },
    {
      "file": "app/nested/child.css",
      "text": ".nested{width:4px;height:4px;background-image:url(\"./assets/blue.svg?nested=1#pixel\")}"
    },
    {
      "file": "app/nested/imported.module.css",
      "text": ".imported{margin-left:13px;width:4px;height:4px;background-image:url(\"./assets/blue.svg\")}"
    }
  ],
  "pureLoaderMap": false,
  "moduleFeature": "imports",
  "moduleKind": "entry",
  "sourceMaps": true,
  "cssLoaderControl": null,
  "externalImportControl": false,
  "pureNext": false,
  "lightningcss": false,
  "bundler": "turbopack",
  "scope": "Actual Next export (managed general loader mode:runtime/runtime:false, or explicit pure-Next control), then three-browser SVG decoding, composed padding and qualified external CSS rendering. No live HMR or dynamic SSR claim.",
  "observations": [
    {
      "browser": "chromium",
      "id": "direct",
      "background": "url(\"http://127.0.0.1:52616/_next/static/media/9b2bdeea42f0da941fe65654ecbd4bd96c7377bcd2d8b7faef628affdfc58f89.2nma54lwo8nhx.svg\")",
      "status": 200,
      "width": 4,
      "height": 4,
      "body": "<svg xmlns=\"http://www.w3.org/2000/svg\" width=\"4\" height=\"4\"><path fill=\"red\" d=\"M0 0h4v4H0z\"/></svg>",
      "pass": true
    },
    {
      "browser": "chromium",
      "id": "import-scope-policy",
      "margin": "0px",
      "background": "none",
      "expectedImportScoped": true,
      "pass": true
    },
    {
      "browser": "chromium",
      "id": "retained-import-scope",
      "selector": ".imported_imported__0aspF",
      "pass": true
    },
    {
      "browser": "chromium",
      "id": "retained-import-resource",
      "margin": "13px",
      "status": 200,
      "width": 4,
      "height": 4,
      "body": "<svg xmlns=\"http://www.w3.org/2000/svg\" width=\"4\" height=\"4\"><path fill=\"blue\" d=\"M0 0h4v4H0z\"/></svg>",
      "pass": true
    },
    {
      "browser": "chromium",
      "id": "generated",
      "padding": "32px",
      "pass": true
    },
    {
      "browser": "chromium",
      "id": "module-export",
      "classes": "card-module-css-module__IzzRPq__direct card_direct__vAL_y",
      "pass": true
    },
    {
      "browser": "firefox",
      "id": "direct",
      "background": "url(\"http://127.0.0.1:52616/_next/static/media/9b2bdeea42f0da941fe65654ecbd4bd96c7377bcd2d8b7faef628affdfc58f89.2nma54lwo8nhx.svg\")",
      "status": 200,
      "width": 4,
      "height": 4,
      "body": "<svg xmlns=\"http://www.w3.org/2000/svg\" width=\"4\" height=\"4\"><path fill=\"red\" d=\"M0 0h4v4H0z\"/></svg>",
      "pass": true
    },
    {
      "browser": "firefox",
      "id": "import-scope-policy",
      "margin": "0px",
      "background": "none",
      "expectedImportScoped": true,
      "pass": true
    },
    {
      "browser": "firefox",
      "id": "retained-import-scope",
      "selector": ".imported_imported__0aspF",
      "pass": true
    },
    {
      "browser": "firefox",
      "id": "retained-import-resource",
      "margin": "13px",
      "status": 200,
      "width": 4,
      "height": 4,
      "body": "<svg xmlns=\"http://www.w3.org/2000/svg\" width=\"4\" height=\"4\"><path fill=\"blue\" d=\"M0 0h4v4H0z\"/></svg>",
      "pass": true
    },
    {
      "browser": "firefox",
      "id": "generated",
      "padding": "32px",
      "pass": true
    },
    {
      "browser": "firefox",
      "id": "module-export",
      "classes": "card-module-css-module__IzzRPq__direct card_direct__vAL_y",
      "pass": true
    },
    {
      "browser": "webkit",
      "id": "direct",
      "background": "url(\"http://127.0.0.1:52616/_next/static/media/9b2bdeea42f0da941fe65654ecbd4bd96c7377bcd2d8b7faef628affdfc58f89.2nma54lwo8nhx.svg\")",
      "status": 200,
      "width": 4,
      "height": 4,
      "body": "<svg xmlns=\"http://www.w3.org/2000/svg\" width=\"4\" height=\"4\"><path fill=\"red\" d=\"M0 0h4v4H0z\"/></svg>",
      "pass": true
    },
    {
      "browser": "webkit",
      "id": "import-scope-policy",
      "margin": "0px",
      "background": "none",
      "expectedImportScoped": true,
      "pass": true
    },
    {
      "browser": "webkit",
      "id": "retained-import-scope",
      "selector": ".imported_imported__0aspF",
      "pass": true
    },
    {
      "browser": "webkit",
      "id": "retained-import-resource",
      "margin": "13px",
      "status": 200,
      "width": 4,
      "height": 4,
      "body": "<svg xmlns=\"http://www.w3.org/2000/svg\" width=\"4\" height=\"4\"><path fill=\"blue\" d=\"M0 0h4v4H0z\"/></svg>",
      "pass": true
    },
    {
      "browser": "webkit",
      "id": "generated",
      "padding": "32px",
      "pass": true
    },
    {
      "browser": "webkit",
      "id": "module-export",
      "classes": "card-module-css-module__IzzRPq__direct card_direct__vAL_y",
      "pass": true
    }
  ],
  "files": [
    {
      "file": "404.html",
      "sha256": "a20176e49b614cd5568e7ae9f57e81258ecc990ae9a86de90e0dcf450f29aa1a"
    },
    {
      "file": "__next.__PAGE__.txt",
      "sha256": "b8b939450241dfe208a48e34b1b90f57495c5bcc4d045c74c9d235b4af220745"
    },
    {
      "file": "__next._full.txt",
      "sha256": "b72db4440f1910c760b3880089476f76fa85f9a5eb1bbe55aa00fafdbb069442"
    },
    {
      "file": "__next._tree.txt",
      "sha256": "edf2d38417980505704c5ff69289e7ce169a101e00ee8d96c74a6b79bd6e1eb8"
    },
    {
      "file": "_next/static/2dUNyEEZxzeyp_n5jc1Vl/_buildManifest.js",
      "sha256": "9476e0afd3f9da68a64e6ec58631191fd3eaca62c9f5a377e7517fe9a89e59ea"
    },
    {
      "file": "_next/static/2dUNyEEZxzeyp_n5jc1Vl/_clientMiddlewareManifest.js",
      "sha256": "5483e3295dc35dfe29ea932efc85341c916f10ff78ff5b0e965e003710893a4a"
    },
    {
      "file": "_next/static/2dUNyEEZxzeyp_n5jc1Vl/_ssgManifest.js",
      "sha256": "678f6ce2cb80b1fe72fc67e7412be6e2ab6ada083111b64f7c40d35e3cba5e00"
    },
    {
      "file": "_next/static/chunks/04-z073gz7r64.js",
      "sha256": "e04bf3b6b48d520c016bd09588efc4838adbd2bf7cbed5ee4bed9fc524b10790"
    },
    {
      "file": "_next/static/chunks/09cfuerb4i16f.js.map",
      "sha256": "67f7723cbb76e3ab71b941e470b7edd30adeda6fd07e7eb74fe7a789d8f713c0"
    },
    {
      "file": "_next/static/chunks/0cz1d0mv5g_q7.js",
      "sha256": "0973c1d64c88adc8e3c950410cb58b288f72118d5965b78049438deb8f2f9683"
    },
    {
      "file": "_next/static/chunks/0mnkr6v1sap5z.js.map",
      "sha256": "1b8cbcb2c18875f6b14f458c8c97e7a9095ebf897cd03ca846c6a09b3d991591"
    },
    {
      "file": "_next/static/chunks/112-1unw49xvq.js",
      "sha256": "2163776b405be682c2c2ace7e2bbc64efc2ef066dbd7079cddd97ccb448ddba7"
    },
    {
      "file": "_next/static/chunks/1bwq5n2nkc1wm.css.map",
      "sha256": "22a7d417efd2495691e32df4997e0af0e1b719207efba0b302cb7f2aeaab54a1"
    },
    {
      "file": "_next/static/chunks/1dh-kvk227ibx.js",
      "sha256": "cee2147162b7e194ea7e535253a2b8dec1a0e9d42a9f6e3364b0dba4577afa90"
    },
    {
      "file": "_next/static/chunks/1ja177x_7sak0.js",
      "sha256": "f989287f9985fa9c834a75895a5b292270ea205322e53504e01601f59e400567"
    },
    {
      "file": "_next/static/chunks/1pdgt0kn5u7km.js.map",
      "sha256": "6c6b2f6cfde8b4373ee62b6a8e2534047b14e445b03b25c2a06c3e3af459263b"
    },
    {
      "file": "_next/static/chunks/1yadaetmswrs-.js.map",
      "sha256": "a1b9097cb43b08ddd244c811b451bac2642d67ccd422aea52fbdc1b66f06bd5d"
    },
    {
      "file": "_next/static/chunks/2nekp9yz_jkew.css",
      "sha256": "79e01c8726c19f3ecfa09df2d730ff7c564177ddb740b4e58e7734a4f19170bd"
    },
    {
      "file": "_next/static/chunks/2zz_n6748xe16.css.map",
      "sha256": "15abedfe424609b7f4faf7e4c0dd98594f1dfa144db6b1b1ece3af04862add5d"
    },
    {
      "file": "_next/static/chunks/33k1qcjlhgx4h.js.map",
      "sha256": "95548521a93b960739f241f77128dd61212cfebcd5e8c790734118a906d072cf"
    },
    {
      "file": "_next/static/chunks/3625qokbowtkp.js.map",
      "sha256": "361a7c58acc23e259a1b07acc1af866531c4c8ce6195f373374237717f92f9e9"
    },
    {
      "file": "_next/static/chunks/40esfvx-estug.css",
      "sha256": "c700517b52265b3a529d5b84ded5c06c34c25eb1c03c2d33c70001e195770f56"
    },
    {
      "file": "_next/static/chunks/turbopack-38wt4mwhmxwz-.js",
      "sha256": "61f68711bc1432b9ed720ab04584d68e85b43185300a393394c37622588bfcc2"
    },
    {
      "file": "_next/static/media/9ab9f644d71b00aa56003f1b842e6f6fa861a77ab757211143011fb07a89566c.3pwtvbarjo92x.svg",
      "sha256": "9ab9f644d71b00aa56003f1b842e6f6fa861a77ab757211143011fb07a89566c"
    },
    {
      "file": "_next/static/media/9b2bdeea42f0da941fe65654ecbd4bd96c7377bcd2d8b7faef628affdfc58f89.2nma54lwo8nhx.svg",
      "sha256": "9b2bdeea42f0da941fe65654ecbd4bd96c7377bcd2d8b7faef628affdfc58f89"
    },
    {
      "file": "_not-found/__next._full.txt",
      "sha256": "251fb99886e04b202dd68a937167cca2481aca49daf6bbef93f74474cddd13fd"
    },
    {
      "file": "_not-found/__next._not-found.__PAGE__.txt",
      "sha256": "84bae3e15d71eadb6e9e9104891f25319ef55daf74af09720b202c1b449ef5fc"
    },
    {
      "file": "_not-found/__next._tree.txt",
      "sha256": "2f2208ff0a218123b3481c58c496c311543b43c660db5f289a69baf612f2f5e1"
    },
    {
      "file": "_not-found.html",
      "sha256": "a20176e49b614cd5568e7ae9f57e81258ecc990ae9a86de90e0dcf450f29aa1a"
    },
    {
      "file": "_not-found.txt",
      "sha256": "251fb99886e04b202dd68a937167cca2481aca49daf6bbef93f74474cddd13fd"
    },
    {
      "file": "index.html",
      "sha256": "c7b99c51a013440e8b926ea72a65def4c1223a49db4dc93183019476742117a9"
    },
    {
      "file": "index.txt",
      "sha256": "b72db4440f1910c760b3880089476f76fa85f9a5eb1bbe55aa00fafdbb069442"
    }
  ],
  "stylesheets": [
    {
      "file": "_next/static/chunks/1bwq5n2nkc1wm.css.map",
      "text": "{\n  \"version\": 3,\n  \"sources\": [],\n  \"sections\": [\n    {\"offset\": {\"line\": 0, \"column\": 0}, \"map\": {\"version\":3,\"sources\":[],\"names\":[],\"mappings\":\"\"}},\n    {\"offset\": {\"line\": 1, \"column\": 0}, \"map\": {\"version\":3,\"sources\":[],\"names\":[],\"mappings\":\"\"}}]\n}"
    },
    {
      "file": "_next/static/chunks/2nekp9yz_jkew.css",
      "text": ".imported_imported__0aspF{background-image:url(../media/9ab9f644d71b00aa56003f1b842e6f6fa861a77ab757211143011fb07a89566c.3pwtvbarjo92x.svg);width:4px;height:4px;margin-left:13px}\n.card_direct__vAL_y{background-image:url(../media/9b2bdeea42f0da941fe65654ecbd4bd96c7377bcd2d8b7faef628affdfc58f89.2nma54lwo8nhx.svg);width:4px;height:4px}.card_composed__2_5B2{padding:2rem}\n.card-module-css-module__IzzRPq__direct{}.card-module-css-module__IzzRPq__composed{}\n/*# sourceMappingURL=2zz_n6748xe16.css.map*/"
    },
    {
      "file": "_next/static/chunks/2zz_n6748xe16.css.map",
      "text": "{\n  \"version\": 3,\n  \"sources\": [],\n  \"sections\": [\n    {\"offset\": {\"line\": 0, \"column\": 0}, \"map\": {\"version\":3,\"sources\":[\"turbopack:///turbopack:///[project]/.ai/audits/bug-hunt/tmp/master-next-copy-3z8i_q4c/packages/next/e2e/bug-hunt-general-graph-fr8eSv/app/nested/imported.module.css\"],\"sourcesContent\":[\".imported{margin-left:13px;width:4px;height:4px;background-image:url(\\\"./assets/blue.svg\\\")}\"],\"names\":[],\"mappings\":\"AAAA\"}},\n    {\"offset\": {\"line\": 1, \"column\": 0}, \"map\": {\"version\":3,\"sources\":[\"turbopack:///turbopack:///[project]/.ai/audits/bug-hunt/tmp/master-next-copy-3z8i_q4c/packages/next/e2e/bug-hunt-general-graph-fr8eSv/app/card.module.css\"],\"sourcesContent\":[\"@import \\\"./nested/imported.module.css\\\";@master entry;@preserve native;.direct{width:4px;height:4px;background-image:url(\\\"./assets/red.svg?direct=1#pixel\\\")}.composed{@compose p:2rem;}\"],\"names\":[],\"mappings\":\"AAAsE,2JAAqF\"}},\n    {\"offset\": {\"line\": 2, \"column\": 0}, \"map\": {\"version\":3,\"sources\":[],\"names\":[],\"mappings\":\"AAAA,yCAAA\"}}]\n}"
    },
    {
      "file": "_next/static/chunks/40esfvx-estug.css",
      "text": "\n\n/*# sourceMappingURL=1bwq5n2nkc1wm.css.map*/"
    }
  ]
}
