▲ Next.js 16.3.4 (webpack)
✓ Running next.config.js took 7ms
- Experiments (use with caution):
  · cpus: 1

  Creating an optimized production build ...
✓ Compiled successfully in 1982ms
  Running TypeScript ...
  Finished TypeScript in 1ms ...
  Collecting page data using 1 worker ...
  Generating static pages using 1 worker (0/3) ...
✓ Generating static pages using 1 worker (3/3) in 71ms
  Finalizing page optimization ...
  Collecting build traces ...

Route (app)
┌ ○ /
└ ○ /_not-found


○  (Static)  prerendered as static content

{
  "globalParent": false,
  "expectedImportScoped": true,
  "importedPlainCSS": false,
  "authoredStylesheets": [
    {
      "file": "app/card.module.css",
      "text": ":import(\"./tokens.module.css\"){tone:tone;}.direct{color:tone;width:4px;height:4px;background-image:url(\"./assets/red.svg?direct=1#pixel\")}.composed{padding:2rem;}"
    },
    {
      "file": "app/globals.css",
      "text": ""
    },
    {
      "file": "app/nested/child.css",
      "text": ".nested{width:4px;height:4px;background-image:url(\"./assets/blue.svg?nested=1#pixel\")}"
    },
    {
      "file": "app/tokens.module.css",
      "text": ":export{tone:#123456}"
    }
  ],
  "pureLoaderMap": false,
  "moduleFeature": "icss-value",
  "moduleKind": "pure",
  "sourceMaps": false,
  "cssLoaderControl": null,
  "externalImportControl": false,
  "pureNext": true,
  "lightningcss": false,
  "bundler": "webpack",
  "scope": "Actual Next export (managed general loader mode:runtime/runtime:false, or explicit pure-Next control), then three-browser SVG decoding, composed padding and qualified external CSS rendering. No live HMR or dynamic SSR claim.",
  "observations": [
    {
      "browser": "chromium",
      "id": "direct",
      "background": "url(\"http://127.0.0.1:49580/_next/static/media/red.a8f34c97.svg#pixel\")",
      "status": 200,
      "width": 4,
      "height": 4,
      "body": "<svg xmlns=\"http://www.w3.org/2000/svg\" width=\"4\" height=\"4\"><path fill=\"red\" d=\"M0 0h4v4H0z\"/></svg>",
      "pass": true
    },
    {
      "browser": "chromium",
      "id": "imported-icss-value",
      "color": "rgb(18, 52, 86)",
      "pass": true
    },
    {
      "browser": "chromium",
      "id": "generated",
      "padding": "32px",
      "pass": true
    },
    {
      "browser": "chromium",
      "id": "module-export",
      "classes": "card_direct__vAL_y",
      "pass": true
    },
    {
      "browser": "firefox",
      "id": "direct",
      "background": "url(\"http://127.0.0.1:49580/_next/static/media/red.a8f34c97.svg#pixel\")",
      "status": 200,
      "width": 4,
      "height": 4,
      "body": "<svg xmlns=\"http://www.w3.org/2000/svg\" width=\"4\" height=\"4\"><path fill=\"red\" d=\"M0 0h4v4H0z\"/></svg>",
      "pass": true
    },
    {
      "browser": "firefox",
      "id": "imported-icss-value",
      "color": "rgb(18, 52, 86)",
      "pass": true
    },
    {
      "browser": "firefox",
      "id": "generated",
      "padding": "32px",
      "pass": true
    },
    {
      "browser": "firefox",
      "id": "module-export",
      "classes": "card_direct__vAL_y",
      "pass": true
    },
    {
      "browser": "webkit",
      "id": "direct",
      "background": "url(\"http://127.0.0.1:49580/_next/static/media/red.a8f34c97.svg#pixel\")",
      "status": 200,
      "width": 4,
      "height": 4,
      "body": "<svg xmlns=\"http://www.w3.org/2000/svg\" width=\"4\" height=\"4\"><path fill=\"red\" d=\"M0 0h4v4H0z\"/></svg>",
      "pass": true
    },
    {
      "browser": "webkit",
      "id": "imported-icss-value",
      "color": "rgb(18, 52, 86)",
      "pass": true
    },
    {
      "browser": "webkit",
      "id": "generated",
      "padding": "32px",
      "pass": true
    },
    {
      "browser": "webkit",
      "id": "module-export",
      "classes": "card_direct__vAL_y",
      "pass": true
    }
  ],
  "files": [
    {
      "file": "404.html",
      "sha256": "ab3f3109743530a5ac2cc286d57c6ceea6355b0cf38be6a09e8f0b719dfa9403"
    },
    {
      "file": "__next.__PAGE__.txt",
      "sha256": "656ad8090cd000408e1bf8eb974de973c22cfbe15d9aa851cd804f456fc35ec8"
    },
    {
      "file": "__next._full.txt",
      "sha256": "940ed59e2520cd61ee3f8c0b241df6c84ad8eb05a1ac7ffb9dde97ee1074690a"
    },
    {
      "file": "__next._tree.txt",
      "sha256": "81b4b5f57122cf0509cc7dd8497302c190623a6c2c5be5cb7cbba1da779e92eb"
    },
    {
      "file": "_next/static/chunks/194-1c3b0f7b60a00655.js",
      "sha256": "8cc4ccb2aacdfd686492fdc3d7dee5ebbada02a21af29ecdcfb932654ef6e5ac"
    },
    {
      "file": "_next/static/chunks/3b56f0b9-ecd5fd86cd1a7fee.js",
      "sha256": "aab37667defa74737c8bba05582b2cf4a6d110fac71a868be01fa3a29db78562"
    },
    {
      "file": "_next/static/chunks/app/_global-error/page-480979e135bf383d.js",
      "sha256": "fc34e6f70750eace00b7f9104679af79ecb37594ee22d83a334df8db91621677"
    },
    {
      "file": "_next/static/chunks/app/_not-found/page-e336cca8619c8618.js",
      "sha256": "601952fd9b1395a300f6f5115fdfd03c352769c52758c28ca1d4b95c076c8aea"
    },
    {
      "file": "_next/static/chunks/app/layout-c9adca9233b27c9f.js",
      "sha256": "a51f8663ed2861a05b40fc584120b3e9cdeee547794282a07ed2de9192742ca1"
    },
    {
      "file": "_next/static/chunks/app/page-29f6652ae1013de8.js",
      "sha256": "3f5d87e427caa5f0d80c6eb0e9236baa92089b1dabc993df0a4821b6360daace"
    },
    {
      "file": "_next/static/chunks/framework-20f4df068c44d36f.js",
      "sha256": "f056cbebb646bf970e077851fffa392f9124de3c54ddd2f42d0ba390745ae4bc"
    },
    {
      "file": "_next/static/chunks/main-app-07c69dd101121ed0.js",
      "sha256": "b4d013e39501483781e0c6168fdce4966f368905bbe8824f875117baddb9a1f0"
    },
    {
      "file": "_next/static/chunks/main-edcc4b98296f6bf3.js",
      "sha256": "1eeb5025cd0d8ee2c5011fdde9507c96976129d79be8f669a47b9f88912cd07d"
    },
    {
      "file": "_next/static/chunks/next/dist/client/components/builtin/app-error-480979e135bf383d.js",
      "sha256": "fc34e6f70750eace00b7f9104679af79ecb37594ee22d83a334df8db91621677"
    },
    {
      "file": "_next/static/chunks/next/dist/client/components/builtin/forbidden-480979e135bf383d.js",
      "sha256": "fc34e6f70750eace00b7f9104679af79ecb37594ee22d83a334df8db91621677"
    },
    {
      "file": "_next/static/chunks/next/dist/client/components/builtin/global-error-e9da0c54dbc7f353.js",
      "sha256": "75376583bd38f1333410376bc3cf090ed33f4ad0df335c1900d5a2605b968a3e"
    },
    {
      "file": "_next/static/chunks/next/dist/client/components/builtin/not-found-480979e135bf383d.js",
      "sha256": "fc34e6f70750eace00b7f9104679af79ecb37594ee22d83a334df8db91621677"
    },
    {
      "file": "_next/static/chunks/next/dist/client/components/builtin/unauthorized-480979e135bf383d.js",
      "sha256": "fc34e6f70750eace00b7f9104679af79ecb37594ee22d83a334df8db91621677"
    },
    {
      "file": "_next/static/chunks/polyfills-42372ed130431b0a.js",
      "sha256": "0973c1d64c88adc8e3c950410cb58b288f72118d5965b78049438deb8f2f9683"
    },
    {
      "file": "_next/static/chunks/webpack-dff2c67a86f2b909.js",
      "sha256": "0f0ae44a3086aabbe21c72707ec088c54b970d11e54762ee8dda45af126e8b57"
    },
    {
      "file": "_next/static/css/ef46db3751d8e999.css",
      "sha256": "e3b0c44298fc1c149afbf4c8996fb92427ae41e4649b934ca495991b7852b855"
    },
    {
      "file": "_next/static/css/f64a542473898db7.css",
      "sha256": "198dc724031259d83580245692528f8913d123cf5825e02fc36f84d50e97e824"
    },
    {
      "file": "_next/static/dj9gMvU7QkyVyZ52v98nA/_buildManifest.js",
      "sha256": "735100de5b4d0775a309ea72b2859f679aa4da5efee09ef54bddcf7e928aaa1c"
    },
    {
      "file": "_next/static/dj9gMvU7QkyVyZ52v98nA/_ssgManifest.js",
      "sha256": "678f6ce2cb80b1fe72fc67e7412be6e2ab6ada083111b64f7c40d35e3cba5e00"
    },
    {
      "file": "_next/static/media/red.a8f34c97.svg",
      "sha256": "9b2bdeea42f0da941fe65654ecbd4bd96c7377bcd2d8b7faef628affdfc58f89"
    },
    {
      "file": "_not-found/__next._full.txt",
      "sha256": "214646194329b3bdf49570ae09845e284b90eb2907a2a29de4bb5b9f7c4a5100"
    },
    {
      "file": "_not-found/__next._not-found.__PAGE__.txt",
      "sha256": "6570526833928b72a2f24c8d23e8771f23278195be1418e76e54c4bfc2743731"
    },
    {
      "file": "_not-found/__next._tree.txt",
      "sha256": "2b1a9b2a51e63279a489a8563a6e41483e78dabfda93d17484d1bc356131a963"
    },
    {
      "file": "_not-found.html",
      "sha256": "ab3f3109743530a5ac2cc286d57c6ceea6355b0cf38be6a09e8f0b719dfa9403"
    },
    {
      "file": "_not-found.txt",
      "sha256": "214646194329b3bdf49570ae09845e284b90eb2907a2a29de4bb5b9f7c4a5100"
    },
    {
      "file": "index.html",
      "sha256": "cd2476daf70a0048346c8595731d1a27163ba7b53365df792c57f2dfba3688f9"
    },
    {
      "file": "index.txt",
      "sha256": "940ed59e2520cd61ee3f8c0b241df6c84ad8eb05a1ac7ffb9dde97ee1074690a"
    }
  ],
  "stylesheets": [
    {
      "file": "_next/static/css/ef46db3751d8e999.css",
      "text": ""
    },
    {
      "file": "_next/static/css/f64a542473898db7.css",
      "text": ".card_direct__vAL_y{color:#123456;width:4px;height:4px;background-image:url(/_next/static/media/red.a8f34c97.svg#pixel)}.card_composed__2_5B2{padding:2rem}"
    }
  ]
}
