▲ Next.js 16.3.4 (Turbopack)
✓ Running next.config.js took 87ms
- Experiments (use with caution):
  · cpus: 1

  Creating an optimized production build ...
✓ Compiled successfully in 1956ms
  Running TypeScript ...
  Finished TypeScript in 5ms ...
  Collecting page data using 1 worker ...
  Generating static pages using 1 worker (0/3) ...
✓ Generating static pages using 1 worker (3/3) in 58ms
  Finalizing page optimization ...

Route (app)
┌ ○ /
└ ○ /_not-found


○  (Static)  prerendered as static content

{
  "globalParent": true,
  "expectedImportScoped": true,
  "importedPlainCSS": false,
  "authoredStylesheets": [
    {
      "file": "app/card.module.css",
      "text": "@import \"./nested/imported.module.css\";@master entry;@preserve native;.direct{width:4px;height:4px;background-image:url(\"./assets/red.svg?direct=1#pixel\")}.composed{@compose p:2rem;}"
    },
    {
      "file": "app/globals.css",
      "text": "@import \"./nested/imported.module.css\";@master entry;@preserve native;.direct{width:4px;height:4px;background-image:url(\"./assets/red.svg?direct=1#pixel\")}.composed{@compose p:2rem;}"
    },
    {
      "file": "app/nested/child.css",
      "text": ".nested{width:4px;height:4px;background-image:url(\"./assets/blue.svg?nested=1#pixel\")}"
    },
    {
      "file": "app/nested/imported.module.css",
      "text": ".imported{margin-left:13px;width:4px;height:4px;background-image:url(\"./assets/blue.svg\")}"
    }
  ],
  "pureLoaderMap": false,
  "moduleFeature": "imports",
  "moduleKind": "entry",
  "sourceMaps": true,
  "cssLoaderControl": null,
  "externalImportControl": false,
  "pureNext": false,
  "lightningcss": false,
  "bundler": "turbopack",
  "scope": "Actual Next export (managed general loader mode:runtime/runtime:false, or explicit pure-Next control), then three-browser SVG decoding, composed padding and qualified external CSS rendering. No live HMR or dynamic SSR claim.",
  "observations": [
    {
      "browser": "chromium",
      "id": "direct",
      "background": "url(\"http://127.0.0.1:52692/_next/static/media/9b2bdeea42f0da941fe65654ecbd4bd96c7377bcd2d8b7faef628affdfc58f89.2nma54lwo8nhx.svg\")",
      "status": 200,
      "width": 4,
      "height": 4,
      "body": "<svg xmlns=\"http://www.w3.org/2000/svg\" width=\"4\" height=\"4\"><path fill=\"red\" d=\"M0 0h4v4H0z\"/></svg>",
      "pass": true
    },
    {
      "browser": "chromium",
      "id": "import-scope-policy",
      "margin": "0px",
      "background": "none",
      "expectedImportScoped": true,
      "pass": true
    },
    {
      "browser": "chromium",
      "id": "retained-import-scope",
      "selector": ".imported_imported__0aspF",
      "pass": true
    },
    {
      "browser": "chromium",
      "id": "retained-import-resource",
      "margin": "13px",
      "status": 200,
      "width": 4,
      "height": 4,
      "body": "<svg xmlns=\"http://www.w3.org/2000/svg\" width=\"4\" height=\"4\"><path fill=\"blue\" d=\"M0 0h4v4H0z\"/></svg>",
      "pass": true
    },
    {
      "browser": "chromium",
      "id": "generated",
      "padding": "32px",
      "pass": true
    },
    {
      "browser": "chromium",
      "id": "global-entry-class",
      "classes": "direct",
      "pass": true
    },
    {
      "browser": "firefox",
      "id": "direct",
      "background": "url(\"http://127.0.0.1:52692/_next/static/media/9b2bdeea42f0da941fe65654ecbd4bd96c7377bcd2d8b7faef628affdfc58f89.2nma54lwo8nhx.svg\")",
      "status": 200,
      "width": 4,
      "height": 4,
      "body": "<svg xmlns=\"http://www.w3.org/2000/svg\" width=\"4\" height=\"4\"><path fill=\"red\" d=\"M0 0h4v4H0z\"/></svg>",
      "pass": true
    },
    {
      "browser": "firefox",
      "id": "import-scope-policy",
      "margin": "0px",
      "background": "none",
      "expectedImportScoped": true,
      "pass": true
    },
    {
      "browser": "firefox",
      "id": "retained-import-scope",
      "selector": ".imported_imported__0aspF",
      "pass": true
    },
    {
      "browser": "firefox",
      "id": "retained-import-resource",
      "margin": "13px",
      "status": 200,
      "width": 4,
      "height": 4,
      "body": "<svg xmlns=\"http://www.w3.org/2000/svg\" width=\"4\" height=\"4\"><path fill=\"blue\" d=\"M0 0h4v4H0z\"/></svg>",
      "pass": true
    },
    {
      "browser": "firefox",
      "id": "generated",
      "padding": "32px",
      "pass": true
    },
    {
      "browser": "firefox",
      "id": "global-entry-class",
      "classes": "direct",
      "pass": true
    },
    {
      "browser": "webkit",
      "id": "direct",
      "background": "url(\"http://127.0.0.1:52692/_next/static/media/9b2bdeea42f0da941fe65654ecbd4bd96c7377bcd2d8b7faef628affdfc58f89.2nma54lwo8nhx.svg\")",
      "status": 200,
      "width": 4,
      "height": 4,
      "body": "<svg xmlns=\"http://www.w3.org/2000/svg\" width=\"4\" height=\"4\"><path fill=\"red\" d=\"M0 0h4v4H0z\"/></svg>",
      "pass": true
    },
    {
      "browser": "webkit",
      "id": "import-scope-policy",
      "margin": "0px",
      "background": "none",
      "expectedImportScoped": true,
      "pass": true
    },
    {
      "browser": "webkit",
      "id": "retained-import-scope",
      "selector": ".imported_imported__0aspF",
      "pass": true
    },
    {
      "browser": "webkit",
      "id": "retained-import-resource",
      "margin": "13px",
      "status": 200,
      "width": 4,
      "height": 4,
      "body": "<svg xmlns=\"http://www.w3.org/2000/svg\" width=\"4\" height=\"4\"><path fill=\"blue\" d=\"M0 0h4v4H0z\"/></svg>",
      "pass": true
    },
    {
      "browser": "webkit",
      "id": "generated",
      "padding": "32px",
      "pass": true
    },
    {
      "browser": "webkit",
      "id": "global-entry-class",
      "classes": "direct",
      "pass": true
    }
  ],
  "files": [
    {
      "file": "404.html",
      "sha256": "e13a2197de47759338d187426d36361f03b1e7d77acda9dd41bc0121a76a1f03"
    },
    {
      "file": "__next.__PAGE__.txt",
      "sha256": "4decbe25766816daa837f1a6a5901fb9782859eaf5b96db594f3e4cc58756369"
    },
    {
      "file": "__next._full.txt",
      "sha256": "f844591cd971c87eee251f79e7c2e784a7ec6836931dd125a4ac07ac195f3000"
    },
    {
      "file": "__next._tree.txt",
      "sha256": "fa1e9fda2cea2d93b95f2479a3e524869bc2dbc852c200fdd15db3aaf67163dc"
    },
    {
      "file": "_next/static/bFE1Xw-FRTU5-CSkGB0OU/_buildManifest.js",
      "sha256": "9476e0afd3f9da68a64e6ec58631191fd3eaca62c9f5a377e7517fe9a89e59ea"
    },
    {
      "file": "_next/static/bFE1Xw-FRTU5-CSkGB0OU/_clientMiddlewareManifest.js",
      "sha256": "5483e3295dc35dfe29ea932efc85341c916f10ff78ff5b0e965e003710893a4a"
    },
    {
      "file": "_next/static/bFE1Xw-FRTU5-CSkGB0OU/_ssgManifest.js",
      "sha256": "678f6ce2cb80b1fe72fc67e7412be6e2ab6ada083111b64f7c40d35e3cba5e00"
    },
    {
      "file": "_next/static/chunks/04-z073gz7r64.js",
      "sha256": "e04bf3b6b48d520c016bd09588efc4838adbd2bf7cbed5ee4bed9fc524b10790"
    },
    {
      "file": "_next/static/chunks/09cfuerb4i16f.js.map",
      "sha256": "67f7723cbb76e3ab71b941e470b7edd30adeda6fd07e7eb74fe7a789d8f713c0"
    },
    {
      "file": "_next/static/chunks/0cz1d0mv5g_q7.js",
      "sha256": "0973c1d64c88adc8e3c950410cb58b288f72118d5965b78049438deb8f2f9683"
    },
    {
      "file": "_next/static/chunks/0mnkr6v1sap5z.js.map",
      "sha256": "1b8cbcb2c18875f6b14f458c8c97e7a9095ebf897cd03ca846c6a09b3d991591"
    },
    {
      "file": "_next/static/chunks/112-1unw49xvq.js",
      "sha256": "2163776b405be682c2c2ace7e2bbc64efc2ef066dbd7079cddd97ccb448ddba7"
    },
    {
      "file": "_next/static/chunks/1dh-kvk227ibx.js",
      "sha256": "cee2147162b7e194ea7e535253a2b8dec1a0e9d42a9f6e3364b0dba4577afa90"
    },
    {
      "file": "_next/static/chunks/1ja177x_7sak0.js",
      "sha256": "f989287f9985fa9c834a75895a5b292270ea205322e53504e01601f59e400567"
    },
    {
      "file": "_next/static/chunks/1pdgt0kn5u7km.js.map",
      "sha256": "6c6b2f6cfde8b4373ee62b6a8e2534047b14e445b03b25c2a06c3e3af459263b"
    },
    {
      "file": "_next/static/chunks/1xusv3m1trfz7.css.map",
      "sha256": "10101b17c64ae1b4a2f574d358455b562103e8209fa4630d17aed995f7147d26"
    },
    {
      "file": "_next/static/chunks/1yadaetmswrs-.js.map",
      "sha256": "a1b9097cb43b08ddd244c811b451bac2642d67ccd422aea52fbdc1b66f06bd5d"
    },
    {
      "file": "_next/static/chunks/33k1qcjlhgx4h.js.map",
      "sha256": "95548521a93b960739f241f77128dd61212cfebcd5e8c790734118a906d072cf"
    },
    {
      "file": "_next/static/chunks/3625qokbowtkp.js.map",
      "sha256": "361a7c58acc23e259a1b07acc1af866531c4c8ce6195f373374237717f92f9e9"
    },
    {
      "file": "_next/static/chunks/426ihldb277mb.css",
      "sha256": "50bf5185f306b4970174196bfa3b3d71d513a36eeeced350df8174d94e4eeefc"
    },
    {
      "file": "_next/static/chunks/turbopack-38wt4mwhmxwz-.js",
      "sha256": "61f68711bc1432b9ed720ab04584d68e85b43185300a393394c37622588bfcc2"
    },
    {
      "file": "_next/static/media/9ab9f644d71b00aa56003f1b842e6f6fa861a77ab757211143011fb07a89566c.3pwtvbarjo92x.svg",
      "sha256": "9ab9f644d71b00aa56003f1b842e6f6fa861a77ab757211143011fb07a89566c"
    },
    {
      "file": "_next/static/media/9b2bdeea42f0da941fe65654ecbd4bd96c7377bcd2d8b7faef628affdfc58f89.2nma54lwo8nhx.svg",
      "sha256": "9b2bdeea42f0da941fe65654ecbd4bd96c7377bcd2d8b7faef628affdfc58f89"
    },
    {
      "file": "_not-found/__next._full.txt",
      "sha256": "d2e79dc846fa538aff8a3bfd8cb4f783eb49880bbe11e3de425db7e496b8671d"
    },
    {
      "file": "_not-found/__next._not-found.__PAGE__.txt",
      "sha256": "c2c9b806f214823b6a594e7f6fe887d570c04daf56cf38a4a69b18a59231addd"
    },
    {
      "file": "_not-found/__next._tree.txt",
      "sha256": "b59e7f563f19f8cee427fd4bb5b378b140fa4736ebbc02d0252d25d2f96a9d51"
    },
    {
      "file": "_not-found.html",
      "sha256": "e13a2197de47759338d187426d36361f03b1e7d77acda9dd41bc0121a76a1f03"
    },
    {
      "file": "_not-found.txt",
      "sha256": "d2e79dc846fa538aff8a3bfd8cb4f783eb49880bbe11e3de425db7e496b8671d"
    },
    {
      "file": "index.html",
      "sha256": "ff716a5176eb91ea7ee23555f0d06940cd33fd061c4dd02a4d882cbf83ec9f7d"
    },
    {
      "file": "index.txt",
      "sha256": "f844591cd971c87eee251f79e7c2e784a7ec6836931dd125a4ac07ac195f3000"
    }
  ],
  "stylesheets": [
    {
      "file": "_next/static/chunks/1xusv3m1trfz7.css.map",
      "text": "{\n  \"version\": 3,\n  \"sources\": [],\n  \"sections\": [\n    {\"offset\": {\"line\": 0, \"column\": 0}, \"map\": {\"version\":3,\"sources\":[\"turbopack:///turbopack:///[project]/.ai/audits/bug-hunt/tmp/master-next-copy-3z8i_q4c/packages/next/e2e/bug-hunt-general-graph-snWelY/app/nested/imported.module.css\"],\"sourcesContent\":[\".imported{margin-left:13px;width:4px;height:4px;background-image:url(\\\"./assets/blue.svg\\\")}\"],\"names\":[],\"mappings\":\"AAAA\"}},\n    {\"offset\": {\"line\": 1, \"column\": 0}, \"map\": {\"version\":3,\"sources\":[\"turbopack:///turbopack:///[project]/.ai/audits/bug-hunt/tmp/master-next-copy-3z8i_q4c/packages/next/e2e/bug-hunt-general-graph-snWelY/app/globals.css\"],\"sourcesContent\":[\"@import \\\"./nested/imported.module.css\\\";@master entry;@preserve native;.direct{width:4px;height:4px;background-image:url(\\\"./assets/red.svg?direct=1#pixel\\\")}.composed{@compose p:2rem;}\"],\"names\":[],\"mappings\":\"AAAsE,+IAAqF\"}},\n    {\"offset\": {\"line\": 2, \"column\": 0}, \"map\": {\"version\":3,\"sources\":[],\"names\":[],\"mappings\":\"\"}}]\n}"
    },
    {
      "file": "_next/static/chunks/426ihldb277mb.css",
      "text": ".imported_imported__0aspF{background-image:url(../media/9ab9f644d71b00aa56003f1b842e6f6fa861a77ab757211143011fb07a89566c.3pwtvbarjo92x.svg);width:4px;height:4px;margin-left:13px}\n.direct{background-image:url(../media/9b2bdeea42f0da941fe65654ecbd4bd96c7377bcd2d8b7faef628affdfc58f89.2nma54lwo8nhx.svg);width:4px;height:4px}.composed{padding:2rem}\n\n/*# sourceMappingURL=1xusv3m1trfz7.css.map*/"
    }
  ]
}
