▲ Next.js 16.3.4 (webpack)
✓ Running next.config.js took 87ms
- Experiments (use with caution):
  · cpus: 1

  Creating an optimized production build ...
<w> [webpack.cache.PackFileCacheStrategy/webpack.FileSystemInfo] Parsing of /Users/aron/master/css/packages/tooling/dist/source/adapters/optional-peer.js for build dependencies failed at 'import(specifier)'.
<w> Build dependencies behind this expression are ignored and might cause incorrect cache invalidation.
<w> [webpack.cache.PackFileCacheStrategy/webpack.FileSystemInfo] Parsing of /Users/aron/master/css/packages/tooling/dist/source/adapters/optional-peer.js for build dependencies failed at 'import(specifier)'.
<w> Build dependencies behind this expression are ignored and might cause incorrect cache invalidation.
node:fs:1631
  const result = binding.readdir(
                         ^

Error: ENOENT: no such file or directory, scandir '/Users/aron/master/css/.ai/audits/bug-hunt/tmp/master-next-copy-3z8i_q4c/packages/next/e2e/bug-hunt-general-graph-fH6s0d/out'
    at readdirSync (node:fs:1631:26)
    at inventory (file:///Users/aron/master/css/.ai/audits/bug-hunt/repros/next-general-graph-host.mjs:125:24)
    at file:///Users/aron/master/css/.ai/audits/bug-hunt/repros/next-general-graph-host.mjs:131:3
    at process.processTicksAndRejections (node:internal/process/task_queues:104:5) {
  errno: -2,
  code: 'ENOENT',
  syscall: 'scandir',
  path: '/Users/aron/master/css/.ai/audits/bug-hunt/tmp/master-next-copy-3z8i_q4c/packages/next/e2e/bug-hunt-general-graph-fH6s0d/out'
}

Node.js v24.20.0
