▲ Next.js 16.3.4 (Turbopack)
✓ Running next.config.js took 35ms
- Experiments (use with caution):
  · cpus: 1

  Creating an optimized production build ...
✓ Compiled successfully in 7.3s
  Running TypeScript ...
  Finished TypeScript in 3ms ...
  Collecting page data using 1 worker ...
  Generating static pages using 1 worker (0/3) ...
✓ Generating static pages using 1 worker (3/3) in 105ms
  Finalizing page optimization ...

Route (app)
┌ ○ /
└ ○ /_not-found


○  (Static)  prerendered as static content

{
  "globalParent": true,
  "expectedImportScoped": false,
  "importedPlainCSS": true,
  "authoredStylesheets": [
    {
      "file": "app/card.module.css",
      "text": "@import \"./nested/imported.css\";.direct{width:4px;height:4px;background-image:url(\"./assets/red.svg?direct=1#pixel\")}.composed{padding:2rem;}"
    },
    {
      "file": "app/globals.css",
      "text": "@import \"./nested/imported.css\";.direct{width:4px;height:4px;background-image:url(\"./assets/red.svg?direct=1#pixel\")}.composed{padding:2rem;}"
    },
    {
      "file": "app/nested/child.css",
      "text": ".nested{width:4px;height:4px;background-image:url(\"./assets/blue.svg?nested=1#pixel\")}"
    },
    {
      "file": "app/nested/imported.css",
      "text": ".imported{margin-left:13px;width:4px;height:4px;background-image:url(\"./assets/blue.svg\")}"
    }
  ],
  "pureLoaderMap": false,
  "moduleFeature": "imports",
  "moduleKind": "pure",
  "sourceMaps": false,
  "cssLoaderControl": null,
  "externalImportControl": false,
  "pureNext": true,
  "lightningcss": false,
  "bundler": "turbopack",
  "scope": "Actual Next export (managed general loader mode:runtime/runtime:false, or explicit pure-Next control), then three-browser SVG decoding, composed padding and qualified external CSS rendering. No live HMR or dynamic SSR claim.",
  "observations": [
    {
      "browser": "chromium",
      "id": "direct",
      "background": "url(\"http://127.0.0.1:53573/_next/static/media/red.2nma54lwo8nhx.svg\")",
      "status": 200,
      "width": 4,
      "height": 4,
      "body": "<svg xmlns=\"http://www.w3.org/2000/svg\" width=\"4\" height=\"4\"><path fill=\"red\" d=\"M0 0h4v4H0z\"/></svg>",
      "pass": true
    },
    {
      "browser": "chromium",
      "id": "import-scope-policy",
      "margin": "13px",
      "background": "url(\"http://127.0.0.1:53573/_next/static/media/blue.3pwtvbarjo92x.svg\")",
      "expectedImportScoped": false,
      "pass": true
    },
    {
      "browser": "chromium",
      "id": "retained-import-scope",
      "selector": ".imported",
      "pass": true
    },
    {
      "browser": "chromium",
      "id": "retained-import-resource",
      "margin": "13px",
      "status": 200,
      "width": 4,
      "height": 4,
      "body": "<svg xmlns=\"http://www.w3.org/2000/svg\" width=\"4\" height=\"4\"><path fill=\"blue\" d=\"M0 0h4v4H0z\"/></svg>",
      "pass": true
    },
    {
      "browser": "chromium",
      "id": "generated",
      "padding": "32px",
      "pass": true
    },
    {
      "browser": "chromium",
      "id": "global-entry-class",
      "classes": "direct",
      "pass": true
    },
    {
      "browser": "firefox",
      "id": "direct",
      "background": "url(\"http://127.0.0.1:53573/_next/static/media/red.2nma54lwo8nhx.svg\")",
      "status": 200,
      "width": 4,
      "height": 4,
      "body": "<svg xmlns=\"http://www.w3.org/2000/svg\" width=\"4\" height=\"4\"><path fill=\"red\" d=\"M0 0h4v4H0z\"/></svg>",
      "pass": true
    },
    {
      "browser": "firefox",
      "id": "import-scope-policy",
      "margin": "13px",
      "background": "url(\"http://127.0.0.1:53573/_next/static/media/blue.3pwtvbarjo92x.svg\")",
      "expectedImportScoped": false,
      "pass": true
    },
    {
      "browser": "firefox",
      "id": "retained-import-scope",
      "selector": ".imported",
      "pass": true
    },
    {
      "browser": "firefox",
      "id": "retained-import-resource",
      "margin": "13px",
      "status": 200,
      "width": 4,
      "height": 4,
      "body": "<svg xmlns=\"http://www.w3.org/2000/svg\" width=\"4\" height=\"4\"><path fill=\"blue\" d=\"M0 0h4v4H0z\"/></svg>",
      "pass": true
    },
    {
      "browser": "firefox",
      "id": "generated",
      "padding": "32px",
      "pass": true
    },
    {
      "browser": "firefox",
      "id": "global-entry-class",
      "classes": "direct",
      "pass": true
    },
    {
      "browser": "webkit",
      "id": "direct",
      "background": "url(\"http://127.0.0.1:53573/_next/static/media/red.2nma54lwo8nhx.svg\")",
      "status": 200,
      "width": 4,
      "height": 4,
      "body": "<svg xmlns=\"http://www.w3.org/2000/svg\" width=\"4\" height=\"4\"><path fill=\"red\" d=\"M0 0h4v4H0z\"/></svg>",
      "pass": true
    },
    {
      "browser": "webkit",
      "id": "import-scope-policy",
      "margin": "13px",
      "background": "url(\"http://127.0.0.1:53573/_next/static/media/blue.3pwtvbarjo92x.svg\")",
      "expectedImportScoped": false,
      "pass": true
    },
    {
      "browser": "webkit",
      "id": "retained-import-scope",
      "selector": ".imported",
      "pass": true
    },
    {
      "browser": "webkit",
      "id": "retained-import-resource",
      "margin": "13px",
      "status": 200,
      "width": 4,
      "height": 4,
      "body": "<svg xmlns=\"http://www.w3.org/2000/svg\" width=\"4\" height=\"4\"><path fill=\"blue\" d=\"M0 0h4v4H0z\"/></svg>",
      "pass": true
    },
    {
      "browser": "webkit",
      "id": "generated",
      "padding": "32px",
      "pass": true
    },
    {
      "browser": "webkit",
      "id": "global-entry-class",
      "classes": "direct",
      "pass": true
    }
  ],
  "files": [
    {
      "file": "404.html",
      "sha256": "55ba5f1e2b53ed181364018cc9408e807761462add95bfba8c310dd06fc5c37c"
    },
    {
      "file": "__next.__PAGE__.txt",
      "sha256": "ec6e31ef03018ff2aea05a1ed25ca865eac1b629b1567550cbca057b00ce41e7"
    },
    {
      "file": "__next._full.txt",
      "sha256": "2b3057fb69e674ab06d9adf31c09b352b5c4db56e0e175a8aa7ad833369dd338"
    },
    {
      "file": "__next._tree.txt",
      "sha256": "bcb65e228a80ed10189e9dc2fa9b5e3fd1ba4849c1e23b0d2cb269728e454b41"
    },
    {
      "file": "_next/static/chunks/09xd9-7xlonox.js",
      "sha256": "83d9c1343c7034f4f08c254bf1976ff9723be20aef7df0135cb1b5d2dd42feda"
    },
    {
      "file": "_next/static/chunks/0cz1d0mv5g_q7.js",
      "sha256": "0973c1d64c88adc8e3c950410cb58b288f72118d5965b78049438deb8f2f9683"
    },
    {
      "file": "_next/static/chunks/13nu9qjbe2--a.js",
      "sha256": "c042a274794dc3eb3f4bb459ec671d87898667b86ed671b27fd7cb028a34466d"
    },
    {
      "file": "_next/static/chunks/1g5p3wzuxdw80.js",
      "sha256": "90c593f3b45f2af722a2e9211f6b2589c2fc1308d9360442d59620a67af00d4e"
    },
    {
      "file": "_next/static/chunks/1mi_l79v1lum8.js",
      "sha256": "dababa03f8a089b4d2682a2d669701e998cabdad4ccc08c12506cef8bebe7571"
    },
    {
      "file": "_next/static/chunks/1u9pp4wqceybe.css",
      "sha256": "f83fd27d3f079f16297204d6685042e5d7a4f48ffbb51cda7038bbd5a5763316"
    },
    {
      "file": "_next/static/chunks/turbopack-0b_yw9ibui8wc.js",
      "sha256": "90844ff36de6c87bed5f2ab6f3b11ee77179506374001d41fca8073623e7d0ef"
    },
    {
      "file": "_next/static/i0TjkUOqTWqP3YTrZ23dy/_buildManifest.js",
      "sha256": "9476e0afd3f9da68a64e6ec58631191fd3eaca62c9f5a377e7517fe9a89e59ea"
    },
    {
      "file": "_next/static/i0TjkUOqTWqP3YTrZ23dy/_clientMiddlewareManifest.js",
      "sha256": "5483e3295dc35dfe29ea932efc85341c916f10ff78ff5b0e965e003710893a4a"
    },
    {
      "file": "_next/static/i0TjkUOqTWqP3YTrZ23dy/_ssgManifest.js",
      "sha256": "678f6ce2cb80b1fe72fc67e7412be6e2ab6ada083111b64f7c40d35e3cba5e00"
    },
    {
      "file": "_next/static/media/blue.3pwtvbarjo92x.svg",
      "sha256": "9ab9f644d71b00aa56003f1b842e6f6fa861a77ab757211143011fb07a89566c"
    },
    {
      "file": "_next/static/media/red.2nma54lwo8nhx.svg",
      "sha256": "9b2bdeea42f0da941fe65654ecbd4bd96c7377bcd2d8b7faef628affdfc58f89"
    },
    {
      "file": "_not-found/__next._full.txt",
      "sha256": "a275fe74ee018bb8fe3990889e599103d0188bbe05bb14f0087ed939f6968a57"
    },
    {
      "file": "_not-found/__next._not-found.__PAGE__.txt",
      "sha256": "aa6789ff84c31b2ecf4d642e8102edefe8ced3ace0030f3f51f8a69ba15c7052"
    },
    {
      "file": "_not-found/__next._tree.txt",
      "sha256": "6927c21659aaeee87a1c63f1f69d35eb29acd2284f90d82da123e17d07b13bda"
    },
    {
      "file": "_not-found.html",
      "sha256": "55ba5f1e2b53ed181364018cc9408e807761462add95bfba8c310dd06fc5c37c"
    },
    {
      "file": "_not-found.txt",
      "sha256": "a275fe74ee018bb8fe3990889e599103d0188bbe05bb14f0087ed939f6968a57"
    },
    {
      "file": "index.html",
      "sha256": "6294ae071c1f0a37ccd3e30c787c8476d48f4a731a8755cde92e5a7d1ecbe7b5"
    },
    {
      "file": "index.txt",
      "sha256": "2b3057fb69e674ab06d9adf31c09b352b5c4db56e0e175a8aa7ad833369dd338"
    }
  ],
  "stylesheets": [
    {
      "file": "_next/static/chunks/1u9pp4wqceybe.css",
      "text": ".imported{background-image:url(../media/blue.3pwtvbarjo92x.svg);width:4px;height:4px;margin-left:13px}\n.direct{background-image:url(../media/red.2nma54lwo8nhx.svg);width:4px;height:4px}.composed{padding:2rem}\n"
    }
  ]
}
