▲ Next.js 16.3.4 (webpack)
✓ Running next.config.js took 85ms
- Experiments (use with caution):
  · cpus: 1

  Creating an optimized production build ...
<w> [webpack.cache.PackFileCacheStrategy/webpack.FileSystemInfo] Parsing of /Users/aron/master/css/packages/tooling/dist/source/adapters/optional-peer.js for build dependencies failed at 'import(specifier)'.
<w> Build dependencies behind this expression are ignored and might cause incorrect cache invalidation.
<w> [webpack.cache.PackFileCacheStrategy/webpack.FileSystemInfo] Parsing of /Users/aron/master/css/packages/tooling/dist/source/adapters/optional-peer.js for build dependencies failed at 'import(specifier)'.
<w> Build dependencies behind this expression are ignored and might cause incorrect cache invalidation.
<w> [webpack.cache.PackFileCacheStrategy/webpack.FileSystemInfo] Parsing of /Users/aron/master/css/packages/tooling/dist/source/adapters/optional-peer.js for build dependencies failed at 'import(specifier)'.
<w> Build dependencies behind this expression are ignored and might cause incorrect cache invalidation.
✓ Compiled successfully in 3.1s
  Running TypeScript ...
  Finished TypeScript in 1ms ...
  Collecting page data using 1 worker ...
  Generating static pages using 1 worker (0/3) ...
✓ Generating static pages using 1 worker (3/3) in 61ms
  Finalizing page optimization ...
  Collecting build traces ...

Route (app)
┌ ○ /
└ ○ /_not-found


○  (Static)  prerendered as static content

{
  "globalParent": false,
  "expectedImportScoped": true,
  "importedPlainCSS": false,
  "authoredStylesheets": [
    {
      "file": "app/card.module.css",
      "text": ":import(\"./tokens.module.css\"){tone:tone;}@master entry;@preserve native;.direct{color:tone;width:4px;height:4px;background-image:url(\"./assets/red.svg?direct=1#pixel\")}.composed{@compose p:2rem;}"
    },
    {
      "file": "app/globals.css",
      "text": "@master entry;"
    },
    {
      "file": "app/nested/child.css",
      "text": ".nested{width:4px;height:4px;background-image:url(\"./assets/blue.svg?nested=1#pixel\")}"
    },
    {
      "file": "app/tokens.module.css",
      "text": ":export{tone:#123456}"
    }
  ],
  "pureLoaderMap": false,
  "moduleFeature": "icss-value",
  "moduleKind": "entry",
  "sourceMaps": false,
  "cssLoaderControl": null,
  "externalImportControl": false,
  "pureNext": false,
  "lightningcss": false,
  "bundler": "webpack",
  "scope": "Actual Next export (managed general loader mode:runtime/runtime:false, or explicit pure-Next control), then three-browser SVG decoding, composed padding and qualified external CSS rendering. No live HMR or dynamic SSR claim.",
  "observations": [
    {
      "browser": "chromium",
      "id": "direct",
      "background": "url(\"http://127.0.0.1:49588/_next/static/css/master/e3967be9502b4f35c279c34df93e19b301c3bf9a7700aafb6e698f9661a6f690/css/9b2bdeea42f0da941fe65654ecbd4bd96c7377bcd2d8b7faef628affdfc58f89.svg?direct=1#pixel\")",
      "status": 200,
      "width": 4,
      "height": 4,
      "body": "<svg xmlns=\"http://www.w3.org/2000/svg\" width=\"4\" height=\"4\"><path fill=\"red\" d=\"M0 0h4v4H0z\"/></svg>",
      "pass": true
    },
    {
      "browser": "chromium",
      "id": "imported-icss-value",
      "color": "rgb(0, 0, 0)",
      "pass": false
    },
    {
      "browser": "chromium",
      "id": "generated",
      "padding": "32px",
      "pass": true
    },
    {
      "browser": "chromium",
      "id": "module-export",
      "classes": "card_direct__vAL_y",
      "pass": true
    },
    {
      "browser": "firefox",
      "id": "direct",
      "background": "url(\"http://127.0.0.1:49588/_next/static/css/master/e3967be9502b4f35c279c34df93e19b301c3bf9a7700aafb6e698f9661a6f690/css/9b2bdeea42f0da941fe65654ecbd4bd96c7377bcd2d8b7faef628affdfc58f89.svg?direct=1#pixel\")",
      "status": 200,
      "width": 4,
      "height": 4,
      "body": "<svg xmlns=\"http://www.w3.org/2000/svg\" width=\"4\" height=\"4\"><path fill=\"red\" d=\"M0 0h4v4H0z\"/></svg>",
      "pass": true
    },
    {
      "browser": "firefox",
      "id": "imported-icss-value",
      "color": "rgb(0, 0, 0)",
      "pass": false
    },
    {
      "browser": "firefox",
      "id": "generated",
      "padding": "32px",
      "pass": true
    },
    {
      "browser": "firefox",
      "id": "module-export",
      "classes": "card_direct__vAL_y",
      "pass": true
    },
    {
      "browser": "webkit",
      "id": "direct",
      "background": "url(\"http://127.0.0.1:49588/_next/static/css/master/e3967be9502b4f35c279c34df93e19b301c3bf9a7700aafb6e698f9661a6f690/css/9b2bdeea42f0da941fe65654ecbd4bd96c7377bcd2d8b7faef628affdfc58f89.svg?direct=1#pixel\")",
      "status": 200,
      "width": 4,
      "height": 4,
      "body": "<svg xmlns=\"http://www.w3.org/2000/svg\" width=\"4\" height=\"4\"><path fill=\"red\" d=\"M0 0h4v4H0z\"/></svg>",
      "pass": true
    },
    {
      "browser": "webkit",
      "id": "imported-icss-value",
      "color": "rgb(0, 0, 0)",
      "pass": false
    },
    {
      "browser": "webkit",
      "id": "generated",
      "padding": "32px",
      "pass": true
    },
    {
      "browser": "webkit",
      "id": "module-export",
      "classes": "card_direct__vAL_y",
      "pass": true
    }
  ],
  "files": [
    {
      "file": "404.html",
      "sha256": "68bd28d181e8af673b5fa2a974c79366e3110c224e4d027762b19fd97df2f5b2"
    },
    {
      "file": "__next.__PAGE__.txt",
      "sha256": "07cc7dbfb7a65ef370aa2bdab5fe29c161875c46b22792534df9e27a70f7729b"
    },
    {
      "file": "__next._full.txt",
      "sha256": "342c7ae23ad19b1f44bd54e6e81e520cdad71d3426b5a28d39b76e2c2eef8133"
    },
    {
      "file": "__next._tree.txt",
      "sha256": "03fa864d2e8381a56c6ace3c25f928a2bd984558324549e6d06d78c0f540d683"
    },
    {
      "file": "_next/static/6RfuTl8nG0EpwnpLj1Xym/_buildManifest.js",
      "sha256": "fc9f9d16595c40b13da98fd1556b3e2bded6509cb20f9b1e8b7c6bb4bcd89842"
    },
    {
      "file": "_next/static/6RfuTl8nG0EpwnpLj1Xym/_ssgManifest.js",
      "sha256": "678f6ce2cb80b1fe72fc67e7412be6e2ab6ada083111b64f7c40d35e3cba5e00"
    },
    {
      "file": "_next/static/chunks/194-1c3b0f7b60a00655.js",
      "sha256": "8cc4ccb2aacdfd686492fdc3d7dee5ebbada02a21af29ecdcfb932654ef6e5ac"
    },
    {
      "file": "_next/static/chunks/3b56f0b9-ecd5fd86cd1a7fee.js",
      "sha256": "aab37667defa74737c8bba05582b2cf4a6d110fac71a868be01fa3a29db78562"
    },
    {
      "file": "_next/static/chunks/app/_global-error/page-480979e135bf383d.js",
      "sha256": "fc34e6f70750eace00b7f9104679af79ecb37594ee22d83a334df8db91621677"
    },
    {
      "file": "_next/static/chunks/app/_not-found/page-e336cca8619c8618.js",
      "sha256": "601952fd9b1395a300f6f5115fdfd03c352769c52758c28ca1d4b95c076c8aea"
    },
    {
      "file": "_next/static/chunks/app/layout-2dda31db8a4295ad.js",
      "sha256": "0d5229b82a55de42c8bac20edf5dd9a7759a709d9113f9909e1cf2aad1820118"
    },
    {
      "file": "_next/static/chunks/app/page-67e60baff71f4647.js",
      "sha256": "da14e35bc5a68a968044fce7b132f1862021dea82aeb99bead675979ea6f42cc"
    },
    {
      "file": "_next/static/chunks/framework-20f4df068c44d36f.js",
      "sha256": "f056cbebb646bf970e077851fffa392f9124de3c54ddd2f42d0ba390745ae4bc"
    },
    {
      "file": "_next/static/chunks/main-app-07c69dd101121ed0.js",
      "sha256": "b4d013e39501483781e0c6168fdce4966f368905bbe8824f875117baddb9a1f0"
    },
    {
      "file": "_next/static/chunks/main-edcc4b98296f6bf3.js",
      "sha256": "1eeb5025cd0d8ee2c5011fdde9507c96976129d79be8f669a47b9f88912cd07d"
    },
    {
      "file": "_next/static/chunks/next/dist/client/components/builtin/app-error-480979e135bf383d.js",
      "sha256": "fc34e6f70750eace00b7f9104679af79ecb37594ee22d83a334df8db91621677"
    },
    {
      "file": "_next/static/chunks/next/dist/client/components/builtin/forbidden-480979e135bf383d.js",
      "sha256": "fc34e6f70750eace00b7f9104679af79ecb37594ee22d83a334df8db91621677"
    },
    {
      "file": "_next/static/chunks/next/dist/client/components/builtin/global-error-e9da0c54dbc7f353.js",
      "sha256": "75376583bd38f1333410376bc3cf090ed33f4ad0df335c1900d5a2605b968a3e"
    },
    {
      "file": "_next/static/chunks/next/dist/client/components/builtin/not-found-480979e135bf383d.js",
      "sha256": "fc34e6f70750eace00b7f9104679af79ecb37594ee22d83a334df8db91621677"
    },
    {
      "file": "_next/static/chunks/next/dist/client/components/builtin/unauthorized-480979e135bf383d.js",
      "sha256": "fc34e6f70750eace00b7f9104679af79ecb37594ee22d83a334df8db91621677"
    },
    {
      "file": "_next/static/chunks/polyfills-42372ed130431b0a.js",
      "sha256": "0973c1d64c88adc8e3c950410cb58b288f72118d5965b78049438deb8f2f9683"
    },
    {
      "file": "_next/static/chunks/webpack-8cba5f45e3bda684.js",
      "sha256": "3ff7117947000dea49b33b5faf278dacc6a36882d87e84f84fc1331f3db7f8ad"
    },
    {
      "file": "_next/static/css/71a92eb0eff4cf2f.css",
      "sha256": "e0e14d8a8fb55247c31b5751e930dfacf5d2b3ace009019370dfd733987f0f15"
    },
    {
      "file": "_next/static/css/94ef4b8f5a1913de.css",
      "sha256": "c0ee80e2b8307d76a758d84d7a38e87af5bb3e53e200fe3e2d4363b1482f7bdf"
    },
    {
      "file": "_next/static/css/master/861447f7cba0c6002025bbef59c66f637c9187cb14ee19ca7ba15f42430c9c2b/css/27472a734c5e4a95f56788dad4a114d549f9f1a07a8a7e9f1d1fb170f4fe1bf0-entry.css",
      "sha256": "e3b0c44298fc1c149afbf4c8996fb92427ae41e4649b934ca495991b7852b855"
    },
    {
      "file": "_next/static/css/master/e3967be9502b4f35c279c34df93e19b301c3bf9a7700aafb6e698f9661a6f690/css/71ff26780a4ee5fc2fcc1ff92c45bd5c9e904ee878a29eadbb9240b4f28af5f2-entry.css",
      "sha256": "3bc14716bfabe43fd8ba1f30bddac049847f2fd0f4e8b963253aa3eb7ffb2ca5"
    },
    {
      "file": "_next/static/css/master/e3967be9502b4f35c279c34df93e19b301c3bf9a7700aafb6e698f9661a6f690/css/9b2bdeea42f0da941fe65654ecbd4bd96c7377bcd2d8b7faef628affdfc58f89.svg",
      "sha256": "9b2bdeea42f0da941fe65654ecbd4bd96c7377bcd2d8b7faef628affdfc58f89"
    },
    {
      "file": "_not-found/__next._full.txt",
      "sha256": "61fe22b7a06ea739ad6de5d42b8b2c5100e8c853c4240c82b5ae63b2fe5cb595"
    },
    {
      "file": "_not-found/__next._not-found.__PAGE__.txt",
      "sha256": "853a5eac86da082d63637d494845bf44cda7c846ee002874488d5137faba90c2"
    },
    {
      "file": "_not-found/__next._tree.txt",
      "sha256": "218c3c8ab0c28934e3f2f20db5c5876bb310cdede0bc7246098f79f300152950"
    },
    {
      "file": "_not-found.html",
      "sha256": "68bd28d181e8af673b5fa2a974c79366e3110c224e4d027762b19fd97df2f5b2"
    },
    {
      "file": "_not-found.txt",
      "sha256": "61fe22b7a06ea739ad6de5d42b8b2c5100e8c853c4240c82b5ae63b2fe5cb595"
    },
    {
      "file": "index.html",
      "sha256": "19acb9b85106a22e9511e6fa7aed09f8e0599ad828a1a07b4ebbbcc721691e59"
    },
    {
      "file": "index.txt",
      "sha256": "342c7ae23ad19b1f44bd54e6e81e520cdad71d3426b5a28d39b76e2c2eef8133"
    }
  ],
  "stylesheets": [
    {
      "file": "_next/static/css/71a92eb0eff4cf2f.css",
      "text": "@import url(\"/_next/static/css/master/861447f7cba0c6002025bbef59c66f637c9187cb14ee19ca7ba15f42430c9c2b/css/27472a734c5e4a95f56788dad4a114d549f9f1a07a8a7e9f1d1fb170f4fe1bf0-entry.css\");"
    },
    {
      "file": "_next/static/css/94ef4b8f5a1913de.css",
      "text": "@import url(\"/_next/static/css/master/e3967be9502b4f35c279c34df93e19b301c3bf9a7700aafb6e698f9661a6f690/css/71ff26780a4ee5fc2fcc1ff92c45bd5c9e904ee878a29eadbb9240b4f28af5f2-entry.css\");"
    },
    {
      "file": "_next/static/css/master/861447f7cba0c6002025bbef59c66f637c9187cb14ee19ca7ba15f42430c9c2b/css/27472a734c5e4a95f56788dad4a114d549f9f1a07a8a7e9f1d1fb170f4fe1bf0-entry.css",
      "text": ""
    },
    {
      "file": "_next/static/css/master/e3967be9502b4f35c279c34df93e19b301c3bf9a7700aafb6e698f9661a6f690/css/71ff26780a4ee5fc2fcc1ff92c45bd5c9e904ee878a29eadbb9240b4f28af5f2-entry.css",
      "text": ".card_direct__vAL_y{color:tone;background-image:url(9b2bdeea42f0da941fe65654ecbd4bd96c7377bcd2d8b7faef628affdfc58f89.svg?direct=1#pixel);width:4px;height:4px}.card_composed__2_5B2{padding:2rem}"
    }
  ]
}
node:internal/modules/run_main:107
    triggerUncaughtException(
    ^

AssertionError [ERR_ASSERTION]: Some actual browser delivery checks failed
    at file:///Users/aron/master/css/.ai/audits/bug-hunt/repros/next-general-graph-host.mjs:205:10 {
  generatedMessage: false,
  code: 'ERR_ASSERTION',
  actual: false,
  expected: true,
  operator: '==',
  diff: 'simple'
}

Node.js v24.20.0
