▲ Next.js 16.3.4 (webpack)
✓ Running next.config.mjs took 288ms
- Experiments (use with caution):
  · cpus: 1

  Creating an optimized production build ...
<w> [webpack.cache.PackFileCacheStrategy/webpack.FileSystemInfo] Parsing of /Users/aron/master/css/packages/tooling/dist/source/adapters/optional-peer.js for build dependencies failed at 'import(specifier)'.
<w> Build dependencies behind this expression are ignored and might cause incorrect cache invalidation.
<w> [webpack.cache.PackFileCacheStrategy/webpack.FileSystemInfo] Parsing of /Users/aron/master/css/packages/tooling/dist/source/adapters/optional-peer.js for build dependencies failed at 'import(specifier)'.
<w> Build dependencies behind this expression are ignored and might cause incorrect cache invalidation.
Failed to compile.

./app/card.module.css
Error: Missing CSS Module export missing in ./other.module.css
    at prepareNextModule (file:///Users/aron/master/css/.ai/audits/bug-hunt/tmp/master-next-copy-3z8i_q4c/packages/next/dist/prepare-module.js:54:40)
    at process.processTicksAndRejections (node:internal/process/task_queues:104:5)
    at async file:///Users/aron/master/css/.ai/audits/bug-hunt/tmp/master-next-copy-3z8i_q4c/packages/next/dist/prepare-module-graph.js:58:19
    at async transformStyleSource (file:///Users/aron/master/css/.ai/audits/bug-hunt/tmp/master-next-copy-3z8i_q4c/packages/next/dist/stylesheet-loader.js:55:25)

Import trace for requested module:
./app/card.module.css
./app/page.jsx
  (from ../../dist/stylesheet-loader.js)


> Build failed because of webpack errors
{"scenario":"missing-composes","bundler":"webpack","pure":false,"build":{"code":1,"signal":null,"timedOut":false,"exported":false},"observations":[]}
