▲ Next.js 16.3.4 (Turbopack)
✓ Running next.config.mjs took 308ms
- Experiments (use with caution):
  · cpus: 1

  Creating an optimized production build ...

> Build error occurred
Error: Turbopack build failed with 1 error:
./.ai/audits/bug-hunt/tmp/master-next-copy-3z8i_q4c/packages/next/e2e/bug-hunt-module-edge-kXRZ0Z/app/card.module.css
Error: Error evaluating Node.js code
Error: Circular ICSS dependency: module:/Users/aron/master/css/.ai/audits/bug-hunt/tmp/master-next-copy-3z8i_q4c/packages/next/e2e/bug-hunt-module-edge-kXRZ0Z/app/card.module.css -> module:/Users/aron/master/css/.ai/audits/bug-hunt/tmp/master-next-copy-3z8i_q4c/packages/next/e2e/bug-hunt-module-edge-kXRZ0Z/app/other.module.css -> module:/Users/aron/master/css/.ai/audits/bug-hunt/tmp/master-next-copy-3z8i_q4c/packages/next/e2e/bug-hunt-module-edge-kXRZ0Z/app/card.module.css
    [at prepare (file:///Users/aron/master/css/.ai/audits/bug-hunt/tmp/master-next-copy-3z8i_q4c/packages/next/dist/prepare-module-graph.js:40:34)]
    [at Object.resolveICSS (file:///Users/aron/master/css/.ai/audits/bug-hunt/tmp/master-next-copy-3z8i_q4c/packages/next/dist/prepare-module-graph.js:63:20)]
    [at process.processTicksAndRejections (node:internal/process/task_queues:104:5)]
    [at async prepareNextModule (file:///Users/aron/master/css/.ai/audits/bug-hunt/tmp/master-next-copy-3z8i_q4c/packages/next/dist/prepare-module.js:52:21)]
    [at async (file:///Users/aron/master/css/.ai/audits/bug-hunt/tmp/master-next-copy-3z8i_q4c/packages/next/dist/prepare-module-graph.js:58:19)]
    [at async Object.resolveICSS (file:///Users/aron/master/css/.ai/audits/bug-hunt/tmp/master-next-copy-3z8i_q4c/packages/next/dist/prepare-module-graph.js:63:14)]
    [at async prepareNextModule (file:///Users/aron/master/css/.ai/audits/bug-hunt/tmp/master-next-copy-3z8i_q4c/packages/next/dist/prepare-module.js:52:21)]
    [at async (file:///Users/aron/master/css/.ai/audits/bug-hunt/tmp/master-next-copy-3z8i_q4c/packages/next/dist/prepare-module-graph.js:58:19)]
    [at async transformStyleSource (file:///Users/aron/master/css/.ai/audits/bug-hunt/tmp/master-next-copy-3z8i_q4c/packages/next/dist/stylesheet-loader.js:55:25)]

Import trace:
  Server Component:
    ./.ai/audits/bug-hunt/tmp/master-next-copy-3z8i_q4c/packages/next/e2e/bug-hunt-module-edge-kXRZ0Z/app/card.module.css
    ./.ai/audits/bug-hunt/tmp/master-next-copy-3z8i_q4c/packages/next/e2e/bug-hunt-module-edge-kXRZ0Z/app/page.jsx


    at ignore-listed frames
{"scenario":"icss-value-cycle","bundler":"turbopack","pure":false,"build":{"code":1,"signal":null,"timedOut":false,"exported":false},"observations":[]}
