▲ Next.js 16.3.4 (Turbopack)
✓ Running next.config.mjs took 11ms
- Experiments (use with caution):
  · cpus: 1

  Creating an optimized production build ...
✓ Compiled successfully in 4.6s
  Running TypeScript ...
  Finished TypeScript in 2ms ...
  Collecting page data using 1 worker ...
  Generating static pages using 1 worker (0/3) ...
✓ Generating static pages using 1 worker (3/3) in 86ms
Turbopack build encountered 1 warning:
./.ai/audits/bug-hunt/tmp/master-next-copy-3z8i_q4c/packages/next/e2e/bug-hunt-module-edge-0fbCBa/app/card.module.css:1:9
Warning: Parsing CSS source code failed
[33m[1m>[0m [90m1 |[0m :[36mimport[0m([32m"./other.module.css"[0m){tone:missing}.direct{color:tone}
  [90m  |[0m         [33m[1m^[0m

'import' is not recognized as a valid pseudo-class. Did you mean '::import' (pseudo-element) or is this a typo?

Generated code of PostCSS transform of file content of .ai/audits/bug-hunt/tmp/master-next-copy-3z8i_q4c/packages/next/e2e/bug-hunt-module-edge-0fbCBa/app/card.module.css:
./.ai/audits/bug-hunt/tmp/master-next-copy-3z8i_q4c/packages/next/e2e/bug-hunt-module-edge-0fbCBa/app/card.module.css:1:9
[33m[1m>[0m [90m1 |[0m :[36mimport[0m([32m"./other.module.css"[0m){tone:missing}.direct{color:tone}
  [90m  |[0m         [33m[1m^[0m

Import trace:
  Server Component:
    ./.ai/audits/bug-hunt/tmp/master-next-copy-3z8i_q4c/packages/next/e2e/bug-hunt-module-edge-0fbCBa/app/card.module.css
    ./.ai/audits/bug-hunt/tmp/master-next-copy-3z8i_q4c/packages/next/e2e/bug-hunt-module-edge-0fbCBa/app/page.jsx


  Finalizing page optimization ...

Route (app)
┌ ○ /
└ ○ /_not-found


○  (Static)  prerendered as static content

{"scenario":"missing-icss-value","bundler":"turbopack","pure":true,"build":{"code":0,"signal":null,"timedOut":false,"exported":true},"observations":[{"browser":"chromium","classes":"card-module__9Q_Lzq__direct","color":"rgb(0, 0, 0)","border":"0px","margin":"0px","padding":"0px"}],"harnessError":"browserType.launch: Failed to launch the browser process.\nBrowser logs:\n\n<launching> /Users/aron/Library/Caches/ms-playwright/firefox-1543/firefox/Nightly.app/Contents/MacOS/firefox -no-remote -headless -profile /var/folders/_b/768dhtz56ns54x1r867j67280000gn/T/playwright_firefoxdev_profile-ZS8HTV -juggler-pipe -silent\n<launched> pid=2471\n[pid=2471][err] *** You are running in headless mode.\n[pid=2471][err] Could not find profile folder.\n[pid=2471] <process did exit: exitCode=1, signal=null>\n[pid=2471] starting temporary directories cleanup\nCall log:\n\u001b[2m  - <launching> /Users/aron/Library/Caches/ms-playwright/firefox-1543/firefox/Nightly.app/Contents/MacOS/firefox -no-remote -headless -profile /var/folders/_b/768dhtz56ns54x1r867j67280000gn/T/playwright_firefoxdev_profile-ZS8HTV -juggler-pipe -silent\u001b[22m\n\u001b[2m  - <launched> pid=2471\u001b[22m\n\u001b[2m  - [pid=2471][err] *** You are running in headless mode.\u001b[22m\n\u001b[2m  - [pid=2471][err] Could not find profile folder.\u001b[22m\n\u001b[2m  - [pid=2471] <process did exit: exitCode=1, signal=null>\u001b[22m\n\u001b[2m  - [pid=2471] starting temporary directories cleanup\u001b[22m\n\u001b[2m  - [pid=2471] <gracefully close start>\u001b[22m\n\u001b[2m  - [pid=2471] <kill>\u001b[22m\n\u001b[2m  - [pid=2471] <skipped force kill spawnedProcess.killed=false processClosed=true>\u001b[22m\n\u001b[2m  - [pid=2471] finished temporary directories cleanup\u001b[22m\n\u001b[2m  - [pid=2471] <gracefully close end>\u001b[22m\n\n    at /Users/aron/master/css/.ai/audits/bug-hunt/repros/next-module-edge-host.mjs:78:44"}
