▲ Next.js 16.3.4 (Turbopack)
✓ Running next.config.mjs took 14ms
- Experiments (use with caution):
  · cpus: 1

  Creating an optimized production build ...
✓ Compiled successfully in 4.2s
  Running TypeScript ...
  Finished TypeScript in 22ms ...
  Collecting page data using 1 worker ...
Error: Failed to collect configuration for /
    at ignore-listed frames {
  [cause]: TypeError: Cannot define property direct, object is not extensible
      at Object.defineProperty (<anonymous>)
      at module evaluation (app/page.jsx:1:1)
  > 1 | import styles from "./card.module.css";export default function Page(){return <div id="probe" className={styles.direct}>Probe</div>}
      | ^
}

> Build error occurred
Error: Failed to collect page data for /
    at ignore-listed frames {
  type: 'Error'
}
{"scenario":"recursive-composes","bundler":"turbopack","pure":true,"build":{"code":1,"signal":null,"timedOut":false,"exported":false},"observations":[]}
