▲ Next.js 16.3.4 (Turbopack)
✓ Running next.config.mjs took 278ms
- Experiments (use with caution):
  · cpus: 1

  Creating an optimized production build ...

> Build error occurred
Error: Turbopack build failed with 1 error:
./.ai/audits/bug-hunt/tmp/master-next-copy-3z8i_q4c/packages/next/e2e/bug-hunt-module-edge-tu5P9N/app/card.module.css
Error: Error evaluating Node.js code
Error: Missing CSS Module export missing in ./other.module.css
    [at prepareNextModule (file:///Users/aron/master/css/.ai/audits/bug-hunt/tmp/master-next-copy-3z8i_q4c/packages/next/dist/prepare-module.js:54:40)]
    [at process.processTicksAndRejections (node:internal/process/task_queues:104:5)]
    [at async (file:///Users/aron/master/css/.ai/audits/bug-hunt/tmp/master-next-copy-3z8i_q4c/packages/next/dist/prepare-module-graph.js:58:19)]
    [at async transformStyleSource (file:///Users/aron/master/css/.ai/audits/bug-hunt/tmp/master-next-copy-3z8i_q4c/packages/next/dist/stylesheet-loader.js:55:25)]

Import trace:
  Server Component:
    ./.ai/audits/bug-hunt/tmp/master-next-copy-3z8i_q4c/packages/next/e2e/bug-hunt-module-edge-tu5P9N/app/card.module.css
    ./.ai/audits/bug-hunt/tmp/master-next-copy-3z8i_q4c/packages/next/e2e/bug-hunt-module-edge-tu5P9N/app/page.jsx


    at ignore-listed frames
{"scenario":"missing-composes","bundler":"turbopack","pure":false,"build":{"code":1,"signal":null,"timedOut":false,"exported":false},"observations":[]}
