{
  "scope": "Owned candidate preparation controls; native resolver is a deterministic fake here, actual Next/browsers tested separately. Bounded Webpack URL and Turbo CSS-escape controls; no full ICSS-cycle, missing-export, alias/package, Sass/options or host parity claim.",
  "checks": [
    {
      "name": "ordinary global CSS preserves input bytes before Rust compilation",
      "pass": true
    },
    {
      "name": "Webpack child policy: child.module.css",
      "pass": true
    },
    {
      "name": "Webpack child policy: child.css",
      "pass": true
    },
    {
      "name": "Turbopack child policy: child.module.css",
      "pass": true
    },
    {
      "name": "Turbopack child policy: child.css",
      "pass": true
    },
    {
      "name": "ICSS values and exports resolve while dependency CSS follows authored imports",
      "pass": true
    },
    {
      "name": "Webpack ICSS URL normalization and retained edge: encoded%20name.module.css",
      "pass": true
    },
    {
      "name": "Webpack ICSS URL normalization and retained edge: literal%2520name.module.css",
      "pass": true
    },
    {
      "name": "Turbopack CSS escape decoding preserves literal percent: oth\\65 r.module.css",
      "pass": true
    },
    {
      "name": "Turbopack CSS escape decoding preserves literal percent: literal%20name.module.css",
      "pass": true
    },
    {
      "name": "Turbopack CSS escape decoding preserves literal percent: literal\\25 20name.module.css",
      "pass": true
    },
    {
      "name": "one publication reuses captured child sources; a new session observes edits",
      "pass": true
    },
    {
      "name": "ordinary CSS import cycles reuse the prepared entry instead of duplicating it",
      "pass": true
    },
    {
      "name": "configured native naming receives the imported file and its own directory",
      "pass": true
    }
  ],
  "passed": 14,
  "failed": 0
}
