node:internal/modules/cjs/loader:1564
  const err = new Error(message);
              ^

Error: Cannot find module 'next/dist/compiled/postcss'
Require stack:
- /Users/aron/master/css/.ai/audits/bug-hunt/tmp/master-next-copy-3z8i_q4c/packages/next/package.json
    at Module._resolveFilename (node:internal/modules/cjs/loader:1564:15)
    at wrapResolveFilename (node:internal/modules/cjs/loader:1118:27)
    at defaultResolveImplForCJSLoading (node:internal/modules/cjs/loader:1142:10)
    at resolveForCJSWithHooks (node:internal/modules/cjs/loader:1169:12)
    at Module._load (node:internal/modules/cjs/loader:1341:5)
    at wrapModuleLoad (node:internal/modules/cjs/loader:261:19)
    at Module.require (node:internal/modules/cjs/loader:1674:12)
    at require (node:internal/modules/helpers:157:16)
    at file:///Users/aron/master/css/.ai/audits/bug-hunt/repros/next-module-lowering-stages.mjs:13:30 {
  code: 'MODULE_NOT_FOUND',
  requireStack: [
    '/Users/aron/master/css/.ai/audits/bug-hunt/tmp/master-next-copy-3z8i_q4c/packages/next/package.json'
  ]
}

Node.js v24.20.0
