{
  "cases": 4,
  "nativeWasmParity": true,
  "observations": [
    {
      "name": "qualified",
      "edges": [
        {
          "start": 0,
          "end": 73,
          "statement": "@import \"/initial/child.css\" layer(shared) supports(display:grid) screen;",
          "specifier": "/initial/child.css",
          "resolved": "child"
        }
      ],
      "sourceMetadata": [],
      "outputCarriesMap": false
    },
    {
      "name": "originalSpecifier",
      "edges": [
        {
          "start": 0,
          "end": 29,
          "statement": "@import \"./child.module.css\";",
          "specifier": "./child.module.css",
          "resolved": null
        }
      ],
      "sourceMetadata": [],
      "outputCarriesMap": false
    },
    {
      "name": "managedResource",
      "edges": [
        {
          "start": 0,
          "end": 29,
          "statement": "@import \"/initial/child.css\";",
          "specifier": "/initial/child.css",
          "resolved": "child"
        }
      ],
      "sourceMetadata": [],
      "outputCarriesMap": false
    },
    {
      "name": "newHostResource",
      "edges": [
        {
          "start": 0,
          "end": 29,
          "statement": "@import \"/initial/child.css\";",
          "specifier": "/initial/child.css",
          "resolved": "child"
        }
      ],
      "sourceMetadata": [],
      "outputCarriesMap": false
    }
  ]
}
