ℹ tsdown v0.23.0 powered by rolldown v1.2.7
ℹ config file: /Users/aron/master/css/.ai/audits/bug-hunt/tmp/master-next-copy-3z8i_q4c/shared/tsdown-package.config.ts 
ℹ entry: src/adapter.ts, src/build-state.ts, src/css-manifest-import-loader.ts, src/css-manifest-loader.ts, src/empty.ts, src/index.ts, src/options.ts, src/prepare-entry-graph.ts, src/prepare-module-graph.ts, src/prepare-module.ts, src/prepare-postcss.ts, src/prepare-stylesheet.ts, src/sass-source-context.ts, src/static-css-loader.ts, src/static-loader.ts, src/static-publication.ts, src/static.ts, src/stylesheet-delivery.ts, src/stylesheet-input-loader.ts, src/stylesheet-loader.ts, src/stylesheet-map-loader.ts, src/stylesheet-source-loader.ts, src/stylesheet-source-map.ts, src/webpack-css-loader.ts, src/webpack-postcss-loader.ts, src/webpack-stylesheets.ts, src/webpack-virtual-modules.ts
ℹ target: node24.0.0
ℹ tsconfig: tsconfig.prod.json
ℹ Build start
ℹ Cleaning 58 files
TypeScript 7.0 does not yet have a stable API and is experimental. Some options will be unavailable.
src/prepare-entry-graph.ts(10,23): error TS4058: Return type of exported function has or is using name 'PreparedNode' from external module "/Users/aron/master/css/.ai/audits/bug-hunt/tmp/master-next-copy-3z8i_q4c/packages/next/src/prepare-module-graph" but cannot be named.

 ERROR  Error: Build failed with 1 error:

[plugin rolldown-plugin-dts:generate]
Error: tsgo did not generate dts file for /Users/aron/master/css/.ai/audits/bug-hunt/tmp/master-next-copy-3z8i_q4c/packages/next/src/prepare-entry-graph.ts, please check your tsconfig.
    at LoadPluginContextImpl.handler (file:///Users/aron/master/css/node_modules/.pnpm/rolldown-plugin-dts@0.27.4_@ts-macro+tsc@0.3.7_rollup@4.63.1_typescript@7.0.2__@typescr_bae574e0a8d5b9e96fd4ddd1e6619a12/node_modules/rolldown-plugin-dts/dist/index.mjs:962:13)
    at plugin (file:///Users/aron/master/css/node_modules/.pnpm/rolldown@1.2.7/node_modules/rolldown/dist/shared/bindingify-input-options-DrImMHKQ.mjs:1571:30)
    at file:///Users/aron/master/css/node_modules/.pnpm/rolldown@1.2.7/node_modules/rolldown/dist/shared/bindingify-input-options-DrImMHKQ.mjs:1930:21
    at plugin.<computed> (file:///Users/aron/master/css/node_modules/.pnpm/rolldown@1.2.7/node_modules/rolldown/dist/shared/bindingify-input-options-DrImMHKQ.mjs:2127:18)
    at aggregateBindingErrorsIntoJsError (file:///Users/aron/master/css/node_modules/.pnpm/rolldown@1.2.7/node_modules/rolldown/dist/shared/error-BP8lJHle.mjs:48:18)
    at unwrapBindingResult (file:///Users/aron/master/css/node_modules/.pnpm/rolldown@1.2.7/node_modules/rolldown/dist/shared/error-BP8lJHle.mjs:18:128)
    at #build (file:///Users/aron/master/css/node_modules/.pnpm/rolldown@1.2.7/node_modules/rolldown/dist/shared/rolldown-DfXO5K1m.mjs:133:34)
    at async build (file:///Users/aron/master/css/node_modules/.pnpm/rolldown@1.2.7/node_modules/rolldown/dist/index.mjs:48:22)
    at async Promise.all (index 0)
    at async buildSingle (file:///Users/aron/master/css/node_modules/.pnpm/tsdown@0.23.0_@ts-macro+tsc@0.3.7_rollup@4.63.1_typescript@7.0.2__@typescript+native-pr_be98ceb52f9b93fb3c6d7c59ac72206a/node_modules/tsdown/dist/build-JVmLFaZt.mjs:820:19)
    at async Promise.all (index 0)
    at async buildWithConfigs (file:///Users/aron/master/css/node_modules/.pnpm/tsdown@0.23.0_@ts-macro+tsc@0.3.7_rollup@4.63.1_typescript@7.0.2__@typescript+native-pr_be98ceb52f9b93fb3c6d7c59ac72206a/node_modules/tsdown/dist/build-JVmLFaZt.mjs:767:18)
    at async build$1 (file:///Users/aron/master/css/node_modules/.pnpm/tsdown@0.23.0_@ts-macro+tsc@0.3.7_rollup@4.63.1_typescript@7.0.2__@typescript+native-pr_be98ceb52f9b93fb3c6d7c59ac72206a/node_modules/tsdown/dist/build-JVmLFaZt.mjs:722:9)
    at async CAC.<anonymous> (file:///Users/aron/master/css/node_modules/.pnpm/tsdown@0.23.0_@ts-macro+tsc@0.3.7_rollup@4.63.1_typescript@7.0.2__@typescript+native-pr_be98ceb52f9b93fb3c6d7c59ac72206a/node_modules/tsdown/dist/run.mjs:21:2)

