▲ Next.js 16.3.4 (webpack)
✓ Running next.config.mjs took 75ms
- Experiments (use with caution):
  · cpus: 1

  Creating an optimized production build ...
<w> [webpack.cache.PackFileCacheStrategy/webpack.FileSystemInfo] Parsing of /Users/aron/master/css/packages/tooling/dist/source/adapters/optional-peer.js for build dependencies failed at 'import(specifier)'.
<w> Build dependencies behind this expression are ignored and might cause incorrect cache invalidation.
<w> [webpack.cache.PackFileCacheStrategy] Skipped not serializable cache item 'Compilation/modules|javascript/auto|/Users/aron/master/css/node_modules/.pnpm/next@16.3.4_@babel+core@7.29.7_supports-color@5.5.0__@opentelemetry+api@1.9.1_@playwrig_32ca514ff86563f2cff62a7dc4559350/node_modules/next/dist/build/webpack/loaders/next-flight-css-loader.js??ruleSet[1].rules[13].oneOf[5].use[0]!/Users/aron/master/css/.ai/audits/bug-hunt/tmp/master-next-copy-3z8i_q4c/packages/next/dist/webpack-css-loader.js??ruleSet[1].rules[13].oneOf[5].use[1]!/Users/aron/master/css/.ai/audits/bug-hunt/tmp/master-next-copy-3z8i_q4c/packages/next/dist/webpack-postcss-loader.js??ruleSet[1].rules[13].oneOf[5].use[2]!/Users/aron/master/css/.ai/audits/bug-hunt/tmp/master-next-copy-3z8i_q4c/packages/next/dist/stylesheet-loader.js??ruleSet[1].rules[13].oneOf[5].use[3]!/Users/aron/master/css/.ai/audits/bug-hunt/tmp/master-next-copy-3z8i_q4c/packages/next/e2e/bug-hunt-module-edge-6TiD9g/app/card.module.css|rsc': No serializer registered for MasterCSSError
<w> while serializing webpack/lib/cache/PackFileCacheStrategy.PackContentItems -> webpack/lib/NormalModule -> webpack/lib/ModuleBuildError -> MasterCSSError
<w> [webpack.cache.PackFileCacheStrategy/webpack.FileSystemInfo] Parsing of /Users/aron/master/css/packages/tooling/dist/source/adapters/optional-peer.js for build dependencies failed at 'import(specifier)'.
<w> Build dependencies behind this expression are ignored and might cause incorrect cache invalidation.
Failed to compile.

./app/card.module.css
MasterCSSError: Resource URL must be root-relative or absolute: ./new.svg?rev=1#shape
    at mapStylesheetError (file:///Users/aron/master/css/packages/compiler/dist/stylesheet/source-context.js:13:18)
    at compileRenderedDelivery (file:///Users/aron/master/css/packages/compiler/dist/stylesheet/render-delivery.js:41:9)
    at processTicksAndRejections (node:internal/process/task_queues:104:5)
    at runNextTicks (node:internal/process/task_queues:69:3)
    at process.processImmediate (node:internal/timers:541:9)
    at async compileRenderedStylesheet (file:///Users/aron/master/css/packages/compiler/dist/stylesheet/index.js:217:18)
    at async compileRenderedStylesheet (file:///Users/aron/master/css/packages/compiler/dist/stylesheet/public.js:114:17)
    at async prepareNextEntryGraph (file:///Users/aron/master/css/.ai/audits/bug-hunt/tmp/master-next-copy-3z8i_q4c/packages/next/dist/prepare-entry-graph.js:25:19)
    at async transformStyleSource (file:///Users/aron/master/css/.ai/audits/bug-hunt/tmp/master-next-copy-3z8i_q4c/packages/next/dist/stylesheet-loader.js:54:25)

Import trace for requested module:
./app/card.module.css
./app/page.jsx
  (from ../../dist/stylesheet-loader.js)


> Build failed because of webpack errors
{"scenario":"postcss-added-global-reference","bundler":"webpack","pure":false,"build":{"code":1,"signal":null,"timedOut":false,"exported":false},"observations":[]}
