▲ Next.js 16.3.4 (webpack)
✓ Running next.config.mjs took 79ms
- Experiments (use with caution):
  · cpus: 1

  Creating an optimized production build ...
<w> [webpack.cache.PackFileCacheStrategy/webpack.FileSystemInfo] Parsing of /Users/aron/master/css/packages/tooling/dist/source/adapters/optional-peer.js for build dependencies failed at 'import(specifier)'.
<w> Build dependencies behind this expression are ignored and might cause incorrect cache invalidation.
<w> [webpack.cache.PackFileCacheStrategy/webpack.FileSystemInfo] Parsing of /Users/aron/master/css/packages/tooling/dist/source/adapters/optional-peer.js for build dependencies failed at 'import(specifier)'.
<w> Build dependencies behind this expression are ignored and might cause incorrect cache invalidation.
Failed to compile.

../../dist/stylesheet-source-loader.js!../../dist/webpack-postcss-loader.js??ruleSet[1].rules[13].oneOf[5].use[2]!../../dist/stylesheet-input-loader.js?{"snapshot":"/Users/aron/master/css/.ai/audits/bug-hunt/tmp/master-next-copy-3z8i_q4c/packages/next/e2e/bug-hunt-module-edge-jSjJM1/.master/postcss/dee4ee69353e78dd9684f8ff341d70e63966d053e75c3120b6efb384661e28ec.json"}!./app/card.module.css
/Users/aron/master/css/.ai/audits/bug-hunt/tmp/master-next-copy-3z8i_q4c/packages/next/e2e/bug-hunt-module-edge-jSjJM1/audit-postcss.cjs:7
}
^

SyntaxError: missing ) after argument list
    at wrapSafe (node:internal/modules/cjs/loader:1861:18)
    at Module._compile (node:internal/modules/cjs/loader:1903:20)
    at Object..js (node:internal/modules/cjs/loader:2060:10)
    at Module.load (node:internal/modules/cjs/loader:1651:32)
    at Module._load (node:internal/modules/cjs/loader:1443:12)
    at wrapModuleLoad (node:internal/modules/cjs/loader:261:19)
    at Module.<anonymous> (node:internal/modules/cjs/loader:1674:12)
    at mod.require (/Users/aron/master/css/node_modules/.pnpm/next@16.3.4_@babel+core@7.29.7_supports-color@5.5.0__@opentelemetry+api@1.9.1_@playwrig_32ca514ff86563f2cff62a7dc4559350/node_modules/next/dist/server/require-hook.js:79:28)
    at require (node:internal/modules/helpers:157:16)
    at /Users/aron/master/css/node_modules/.pnpm/next@16.3.4_@babel+core@7.29.7_supports-color@5.5.0__@opentelemetry+api@1.9.1_@playwrig_32ca514ff86563f2cff62a7dc4559350/node_modules/next/dist/build/webpack/config/blocks/css/plugins.js:64:48

Import trace for requested module:
../../dist/stylesheet-source-loader.js!../../dist/webpack-postcss-loader.js??ruleSet[1].rules[13].oneOf[5].use[2]!../../dist/stylesheet-input-loader.js?{"snapshot":"/Users/aron/master/css/.ai/audits/bug-hunt/tmp/master-next-copy-3z8i_q4c/packages/next/e2e/bug-hunt-module-edge-jSjJM1/.master/postcss/dee4ee69353e78dd9684f8ff341d70e63966d053e75c3120b6efb384661e28ec.json"}!./app/card.module.css
./app/card.module.css
./app/page.jsx
  (from ../../dist/webpack-postcss-loader.js)

./app/card.module.css
/Users/aron/master/css/.ai/audits/bug-hunt/tmp/master-next-copy-3z8i_q4c/packages/next/e2e/bug-hunt-module-edge-jSjJM1/audit-postcss.cjs:7
}
^

SyntaxError: missing ) after argument list
    at wrapSafe (node:internal/modules/cjs/loader:1861:18)
    at Module._compile (node:internal/modules/cjs/loader:1903:20)
    at Object..js (node:internal/modules/cjs/loader:2060:10)
    at Module.load (node:internal/modules/cjs/loader:1651:32)
    at Module._load (node:internal/modules/cjs/loader:1443:12)
    at wrapModuleLoad (node:internal/modules/cjs/loader:261:19)
    at Module.<anonymous> (node:internal/modules/cjs/loader:1674:12)
    at mod.require (/Users/aron/master/css/node_modules/.pnpm/next@16.3.4_@babel+core@7.29.7_supports-color@5.5.0__@opentelemetry+api@1.9.1_@playwrig_32ca514ff86563f2cff62a7dc4559350/node_modules/next/dist/server/require-hook.js:79:28)
    at require (node:internal/modules/helpers:157:16)
    at /Users/aron/master/css/node_modules/.pnpm/next@16.3.4_@babel+core@7.29.7_supports-color@5.5.0__@opentelemetry+api@1.9.1_@playwrig_32ca514ff86563f2cff62a7dc4559350/node_modules/next/dist/build/webpack/config/blocks/css/plugins.js:64:48
    at tryRunOrWebpackError (/Users/aron/master/css/node_modules/.pnpm/next@16.3.4_@babel+core@7.29.7_supports-color@5.5.0__@opentelemetry+api@1.9.1_@playwrig_32ca514ff86563f2cff62a7dc4559350/node_modules/next/dist/compiled/webpack/bundle5.js:29:316153)
    at __webpack_require_module__ (/Users/aron/master/css/node_modules/.pnpm/next@16.3.4_@babel+core@7.29.7_supports-color@5.5.0__@opentelemetry+api@1.9.1_@playwrig_32ca514ff86563f2cff62a7dc4559350/node_modules/next/dist/compiled/webpack/bundle5.js:29:131548)
    at __nested_webpack_require_161494__ (/Users/aron/master/css/node_modules/.pnpm/next@16.3.4_@babel+core@7.29.7_supports-color@5.5.0__@opentelemetry+api@1.9.1_@playwrig_32ca514ff86563f2cff62a7dc4559350/node_modules/next/dist/compiled/webpack/bundle5.js:29:130983)
    at /Users/aron/master/css/node_modules/.pnpm/next@16.3.4_@babel+core@7.29.7_supports-color@5.5.0__@opentelemetry+api@1.9.1_@playwrig_32ca514ff86563f2cff62a7dc4559350/node_modules/next/dist/compiled/webpack/bundle5.js:29:131840
    at symbolIterator (/Users/aron/master/css/node_modules/.pnpm/next@16.3.4_@babel+core@7.29.7_supports-color@5.5.0__@opentelemetry+api@1.9.1_@playwrig_32ca514ff86563f2cff62a7dc4559350/node_modules/next/dist/compiled/neo-async/async.js:1:14444)
    at done (/Users/aron/master/css/node_modules/.pnpm/next@16.3.4_@babel+core@7.29.7_supports-color@5.5.0__@opentelemetry+api@1.9.1_@playwrig_32ca514ff86563f2cff62a7dc4559350/node_modules/next/dist/compiled/neo-async/async.js:1:14824)
    at Hook.eval [as callAsync] (eval at create (/Users/aron/master/css/node_modules/.pnpm/next@16.3.4_@babel+core@7.29.7_supports-color@5.5.0__@opentelemetry+api@1.9.1_@playwrig_32ca514ff86563f2cff62a7dc4559350/node_modules/next/dist/compiled/webpack/bundle5.js:14:9222), <anonymous>:15:1)
    at Hook.CALL_ASYNC_DELEGATE [as _callAsync] (/Users/aron/master/css/node_modules/.pnpm/next@16.3.4_@babel+core@7.29.7_supports-color@5.5.0__@opentelemetry+api@1.9.1_@playwrig_32ca514ff86563f2cff62a7dc4559350/node_modules/next/dist/compiled/webpack/bundle5.js:14:6376)
    at /Users/aron/master/css/node_modules/.pnpm/next@16.3.4_@babel+core@7.29.7_supports-color@5.5.0__@opentelemetry+api@1.9.1_@playwrig_32ca514ff86563f2cff62a7dc4559350/node_modules/next/dist/compiled/webpack/bundle5.js:29:130703
    at symbolIterator (/Users/aron/master/css/node_modules/.pnpm/next@16.3.4_@babel+core@7.29.7_supports-color@5.5.0__@opentelemetry+api@1.9.1_@playwrig_32ca514ff86563f2cff62a7dc4559350/node_modules/next/dist/compiled/neo-async/async.js:1:14402)
-- inner error --
/Users/aron/master/css/.ai/audits/bug-hunt/tmp/master-next-copy-3z8i_q4c/packages/next/e2e/bug-hunt-module-edge-jSjJM1/audit-postcss.cjs:7
}
^

SyntaxError: missing ) after argument list
    at wrapSafe (node:internal/modules/cjs/loader:1861:18)
    at Module._compile (node:internal/modules/cjs/loader:1903:20)
    at Object..js (node:internal/modules/cjs/loader:2060:10)
    at Module.load (node:internal/modules/cjs/loader:1651:32)
    at Module._load (node:internal/modules/cjs/loader:1443:12)
    at wrapModuleLoad (node:internal/modules/cjs/loader:261:19)
    at Module.<anonymous> (node:internal/modules/cjs/loader:1674:12)
    at mod.require (/Users/aron/master/css/node_modules/.pnpm/next@16.3.4_@babel+core@7.29.7_supports-color@5.5.0__@opentelemetry+api@1.9.1_@playwrig_32ca514ff86563f2cff62a7dc4559350/node_modules/next/dist/server/require-hook.js:79:28)
    at require (node:internal/modules/helpers:157:16)
    at /Users/aron/master/css/node_modules/.pnpm/next@16.3.4_@babel+core@7.29.7_supports-color@5.5.0__@opentelemetry+api@1.9.1_@playwrig_32ca514ff86563f2cff62a7dc4559350/node_modules/next/dist/build/webpack/config/blocks/css/plugins.js:64:48
    at Object.<anonymous> (/Users/aron/master/css/.ai/audits/bug-hunt/tmp/master-next-copy-3z8i_q4c/packages/next/dist/stylesheet-source-loader.js!/Users/aron/master/css/.ai/audits/bug-hunt/tmp/master-next-copy-3z8i_q4c/packages/next/dist/webpack-postcss-loader.js??ruleSet[1].rules[13].oneOf[5].use[2]!/Users/aron/master/css/.ai/audits/bug-hunt/tmp/master-next-copy-3z8i_q4c/packages/next/dist/stylesheet-input-loader.js?{"snapshot":"/Users/aron/master/css/.ai/audits/bug-hunt/tmp/master-next-copy-3z8i_q4c/packages/next/e2e/bug-hunt-module-edge-jSjJM1/.master/postcss/dee4ee69353e78dd9684f8ff341d70e63966d053e75c3120b6efb384661e28ec.json"}!/Users/aron/master/css/.ai/audits/bug-hunt/tmp/master-next-copy-3z8i_q4c/packages/next/e2e/bug-hunt-module-edge-jSjJM1/app/card.module.css:1:7)
    at /Users/aron/master/css/node_modules/.pnpm/next@16.3.4_@babel+core@7.29.7_supports-color@5.5.0__@opentelemetry+api@1.9.1_@playwrig_32ca514ff86563f2cff62a7dc4559350/node_modules/next/dist/compiled/webpack/bundle5.js:29:962868
    at Hook.eval [as call] (eval at create (/Users/aron/master/css/node_modules/.pnpm/next@16.3.4_@babel+core@7.29.7_supports-color@5.5.0__@opentelemetry+api@1.9.1_@playwrig_32ca514ff86563f2cff62a7dc4559350/node_modules/next/dist/compiled/webpack/bundle5.js:14:9000), <anonymous>:7:1)
    at Hook.CALL_DELEGATE [as _call] (/Users/aron/master/css/node_modules/.pnpm/next@16.3.4_@babel+core@7.29.7_supports-color@5.5.0__@opentelemetry+api@1.9.1_@playwrig_32ca514ff86563f2cff62a7dc4559350/node_modules/next/dist/compiled/webpack/bundle5.js:14:6270)
    at /Users/aron/master/css/node_modules/.pnpm/next@16.3.4_@babel+core@7.29.7_supports-color@5.5.0__@opentelemetry+api@1.9.1_@playwrig_32ca514ff86563f2cff62a7dc4559350/node_modules/next/dist/compiled/webpack/bundle5.js:29:131581
    at tryRunOrWebpackError (/Users/aron/master/css/node_modules/.pnpm/next@16.3.4_@babel+core@7.29.7_supports-color@5.5.0__@opentelemetry+api@1.9.1_@playwrig_32ca514ff86563f2cff62a7dc4559350/node_modules/next/dist/compiled/webpack/bundle5.js:29:316107)
    at __webpack_require_module__ (/Users/aron/master/css/node_modules/.pnpm/next@16.3.4_@babel+core@7.29.7_supports-color@5.5.0__@opentelemetry+api@1.9.1_@playwrig_32ca514ff86563f2cff62a7dc4559350/node_modules/next/dist/compiled/webpack/bundle5.js:29:131548)
    at __nested_webpack_require_161494__ (/Users/aron/master/css/node_modules/.pnpm/next@16.3.4_@babel+core@7.29.7_supports-color@5.5.0__@opentelemetry+api@1.9.1_@playwrig_32ca514ff86563f2cff62a7dc4559350/node_modules/next/dist/compiled/webpack/bundle5.js:29:130983)
    at /Users/aron/master/css/node_modules/.pnpm/next@16.3.4_@babel+core@7.29.7_supports-color@5.5.0__@opentelemetry+api@1.9.1_@playwrig_32ca514ff86563f2cff62a7dc4559350/node_modules/next/dist/compiled/webpack/bundle5.js:29:131840
    at symbolIterator (/Users/aron/master/css/node_modules/.pnpm/next@16.3.4_@babel+core@7.29.7_supports-color@5.5.0__@opentelemetry+api@1.9.1_@playwrig_32ca514ff86563f2cff62a7dc4559350/node_modules/next/dist/compiled/neo-async/async.js:1:14444)

Generated code for /Users/aron/master/css/.ai/audits/bug-hunt/tmp/master-next-copy-3z8i_q4c/packages/next/dist/stylesheet-source-loader.js!/Users/aron/master/css/.ai/audits/bug-hunt/tmp/master-next-copy-3z8i_q4c/packages/next/dist/webpack-postcss-loader.js??ruleSet[1].rules[13].oneOf[5].use[2]!/Users/aron/master/css/.ai/audits/bug-hunt/tmp/master-next-copy-3z8i_q4c/packages/next/dist/stylesheet-input-loader.js?{"snapshot":"/Users/aron/master/css/.ai/audits/bug-hunt/tmp/master-next-copy-3z8i_q4c/packages/next/e2e/bug-hunt-module-edge-jSjJM1/.master/postcss/dee4ee69353e78dd9684f8ff341d70e63966d053e75c3120b6efb384661e28ec.json"}!/Users/aron/master/css/.ai/audits/bug-hunt/tmp/master-next-copy-3z8i_q4c/packages/next/e2e/bug-hunt-module-edge-jSjJM1/app/card.module.css
1 | throw new Error("Module build failed (from ../../dist/webpack-postcss-loader.js):\n/Users/aron/master/css/.ai/audits/bug-hunt/tmp/master-next-copy-3z8i_q4c/packages/next/e2e/bug-hunt-module-edge-jSjJM1/audit-postcss.cjs:7\n}\n^\n\nSyntaxError: missing ) after argument list\n    at wrapSafe (node:internal/modules/cjs/loader:1861:18)\n    at Module._compile (node:internal/modules/cjs/loader:1903:20)\n    at Object..js (node:internal/modules/cjs/loader:2060:10)\n    at Module.load (node:internal/modules/cjs/loader:1651:32)\n    at Module._load (node:internal/modules/cjs/loader:1443:12)\n    at wrapModuleLoad (node:internal/modules/cjs/loader:261:19)\n    at Module.<anonymous> (node:internal/modules/cjs/loader:1674:12)\n    at mod.require (/Users/aron/master/css/node_modules/.pnpm/next@16.3.4_@babel+core@7.29.7_supports-color@5.5.0__@opentelemetry+api@1.9.1_@playwrig_32ca514ff86563f2cff62a7dc4559350/node_modules/next/dist/server/require-hook.js:79:28)\n    at require (node:internal/modules/helpers:157:16)\n    at /Users/aron/master/css/node_modules/.pnpm/next@16.3.4_@babel+core@7.29.7_supports-color@5.5.0__@opentelemetry+api@1.9.1_@playwrig_32ca514ff86563f2cff62a7dc4559350/node_modules/next/dist/build/webpack/config/blocks/css/plugins.js:64:48");

Import trace for requested module:
./app/card.module.css
./app/page.jsx
  (from ../../dist/stylesheet-loader.js)
  (from ../../dist/webpack-postcss-loader.js)
  (from ../../dist/webpack-postcss-loader.js)


> Build failed because of webpack errors
{"scenario":"postcss-added-import","bundler":"webpack","pure":false,"build":{"code":1,"signal":null,"timedOut":false,"exported":false},"observations":[]}
