   Compiling siphasher v1.0.3
    Checking itoa v1.0.18
   Compiling phf_shared v0.13.1
    Checking serde_core v1.0.229
   Compiling phf_generator v0.13.1
   Compiling phf_shared v0.11.3
    Checking equivalent v1.0.2
    Checking hashbrown v0.17.1
   Compiling phf_generator v0.11.3
   Compiling phf_macros v0.13.1
    Checking indexmap v2.14.2
    Checking dtoa v1.0.11
    Checking phf v0.13.1
    Checking dtoa-short v0.3.5
   Compiling phf_codegen v0.11.3
    Checking zmij v1.0.23
    Checking smallvec v1.16.0
    Checking memchr v2.8.3
    Checking cssparser v0.37.0
    Checking serde_json v1.0.151
    Checking serde v1.0.229
    Checking thiserror v2.0.20
   Compiling parcel_selectors v0.28.3
    Checking libc v0.2.189
    Checking cfg-if v1.0.4
    Checking phf v0.11.3
    Checking getrandom v0.3.4
    Checking mastercss-schema v0.0.0 (/Users/aron/master/css/.ai/audits/bug-hunt/tmp/0240-rust-preserved-source/crates/mastercss-schema)
    Checking zerocopy v0.8.56
    Checking once_cell v1.21.4
    Checking bitflags v2.13.1
    Checking rustc-hash v2.1.3
    Checking precomputed-hash v0.1.1
    Checking log v0.4.34
    Checking either v1.18.0
    Checking itertools v0.10.5
    Checking ahash v0.8.12
    Checking mastercss-lexer v0.0.0 (/Users/aron/master/css/.ai/audits/bug-hunt/tmp/0240-rust-preserved-source/crates/mastercss-lexer)
    Checking cssparser-color v0.5.0
    Checking data-encoding v2.11.1
    Checking pathdiff v0.2.3
    Checking lazy_static v1.5.0
    Checking const-str v1.1.0
    Checking mastercss-engine v0.0.0 (/Users/aron/master/css/.ai/audits/bug-hunt/tmp/0240-rust-preserved-source/crates/mastercss-engine)
    Checking lightningcss v1.0.0-alpha.72
    Checking mastercss-compiler v0.0.0 (/Users/aron/master/css/.ai/audits/bug-hunt/tmp/0240-rust-preserved-source/crates/mastercss-compiler)
    Finished `dev` profile [unoptimized + debuginfo] target(s) in 11.49s
