   Compiling proc-macro2 v1.0.107
   Compiling quote v1.0.47
   Compiling unicode-ident v1.0.24
   Compiling siphasher v1.0.3
   Compiling serde_core v1.0.229
   Compiling syn v3.0.5
   Compiling serde v1.0.229
   Compiling itoa v1.0.18
   Compiling allocator-api2 v0.2.21
   Compiling serde_derive v1.0.229
   Compiling hashbrown v0.17.1
   Compiling zmij v1.0.23
   Compiling memchr v2.8.3
   Compiling syn v2.0.119
   Compiling fastrand v2.5.0
   Compiling cfg-if v1.0.4
   Compiling rustc-hash v2.1.3
   Compiling unicode-segmentation v1.13.3
   Compiling equivalent v1.0.2
   Compiling indexmap v2.14.2
   Compiling phf_shared v0.14.0
   Compiling serde_json v1.0.151
   Compiling rustversion v1.0.23
   Compiling smallvec v1.16.0
   Compiling thiserror v2.0.20
   Compiling thiserror-impl v2.0.20
   Compiling bitflags v2.13.1
   Compiling castaway v0.2.4
   Compiling oxc_data_structures v0.148.0
   Compiling static_assertions v1.1.0
   Compiling compact_str v0.10.0
   Compiling mastercss-schema v0.0.0 (/Users/aron/master/css/.ai/audits/bug-hunt/tmp/0240-rust-lowering-prototype/crates/mastercss-schema)
   Compiling oxc_allocator v0.148.0
   Compiling phf v0.14.0
   Compiling oxc_estree v0.148.0
   Compiling oxc_str v0.148.0
   Compiling oxc_ast_macros v0.148.0
   Compiling phf_generator v0.14.0
   Compiling phf_macros v0.14.0
   Compiling oxc_span v0.148.0
   Compiling mastercss-lexer v0.0.0 (/Users/aron/master/css/.ai/audits/bug-hunt/tmp/0240-rust-lowering-prototype/crates/mastercss-lexer)
   Compiling phf_shared v0.13.1
   Compiling smawk v0.3.3
   Compiling autocfg v1.5.1
   Compiling unicode-width v0.2.2
   Compiling unicode-linebreak v0.1.5
   Compiling dragonbox_ecma v0.1.12
   Compiling rand_core v0.6.4
   Compiling cow-utils v0.1.3
   Compiling rand v0.8.8
   Compiling textwrap v0.16.2
   Compiling num-traits v0.2.19
   Compiling phf_generator v0.13.1
   Compiling phf_shared v0.11.3
   Compiling bytecount v0.6.9
   Compiling unicode-id-start v1.4.0
   Compiling nonmax v0.5.5
   Compiling percent-encoding v2.3.2
   Compiling libc v0.2.189
   Compiling oxc_diagnostics v0.148.0
   Compiling oxc_index v5.0.0
   Compiling phf_generator v0.11.3
   Compiling phf_macros v0.13.1
   Compiling mastercss-engine v0.0.0 (/Users/aron/master/css/.ai/audits/bug-hunt/tmp/0240-rust-lowering-prototype/crates/mastercss-engine)
   Compiling dtoa v1.0.11
   Compiling dtoa-short v0.3.5
   Compiling phf v0.13.1
   Compiling oxc_syntax v0.148.0
   Compiling phf_codegen v0.11.3
   Compiling oxc_regular_expression v0.148.0
   Compiling cssparser-macros v0.7.0
   Compiling syn v1.0.109
   Compiling zerocopy v0.8.56
   Compiling getrandom v0.3.4
   Compiling version_check v0.9.5
   Compiling ahash v0.8.12
   Compiling cssparser v0.37.0
   Compiling oxc_ast v0.148.0
   Compiling parcel_selectors v0.28.3
   Compiling num-integer v0.1.47
   Compiling futures-sink v0.3.34
   Compiling futures-core v0.3.34
   Compiling napi-build v2.4.1
   Compiling futures-channel v0.3.34
   Compiling phf v0.11.3
   Compiling num-bigint v0.5.1
   Compiling convert_case v0.6.0
   Compiling futures-macro v0.3.34
   Compiling futures-io v0.3.34
   Compiling either v1.18.0
   Compiling slab v0.4.12
   Compiling once_cell v1.21.4
   Compiling pin-project-lite v0.2.17
   Compiling futures-task v0.3.34
   Compiling precomputed-hash v0.1.1
   Compiling log v0.4.34
   Compiling futures-util v0.3.34
   Compiling itertools v0.10.5
   Compiling lightningcss-derive v1.0.0-alpha.43
   Compiling oxc_ecmascript v0.148.0
   Compiling cssparser-color v0.5.0
   Compiling aho-corasick v1.1.5
   Compiling data-encoding v2.11.1
   Compiling pastey v0.1.1
   Compiling regex-syntax v0.8.11
   Compiling const-str v1.1.0
   Compiling pathdiff v0.2.3
   Compiling seq-macro v0.3.6
   Compiling lazy_static v1.5.0
   Compiling lightningcss v1.0.0-alpha.72
   Compiling regex-automata v0.4.18
   Compiling oxc_parser v0.148.0
   Compiling futures-executor v0.3.34
   Compiling oxc_ast_visit v0.148.0
   Compiling napi v3.12.2
   Compiling convert_case v0.11.0
   Compiling libloading v0.9.0
   Compiling ctor v1.0.13
   Compiling htmlparser v0.2.1
   Compiling semver v1.0.28
   Compiling napi-derive-backend v6.1.2
   Compiling mastercss-source v0.0.0 (/Users/aron/master/css/.ai/audits/bug-hunt/tmp/0240-rust-lowering-prototype/crates/mastercss-source)
   Compiling napi-sys v3.3.0
   Compiling mastercss-compiler v0.0.0 (/Users/aron/master/css/.ai/audits/bug-hunt/tmp/0240-rust-lowering-prototype/crates/mastercss-compiler)
   Compiling futures v0.3.34
   Compiling regex v1.13.1
   Compiling mastercss-binding-native v0.0.0 (/Users/aron/master/css/.ai/audits/bug-hunt/tmp/0240-rust-lowering-prototype/crates/mastercss-binding-native)
   Compiling nohash-hasher v0.2.0
   Compiling mastercss-lint v0.0.0 (/Users/aron/master/css/.ai/audits/bug-hunt/tmp/0240-rust-lowering-prototype/crates/mastercss-lint)
   Compiling mastercss-project v0.0.0 (/Users/aron/master/css/.ai/audits/bug-hunt/tmp/0240-rust-lowering-prototype/crates/mastercss-project)
   Compiling mastercss-scanner v0.0.0 (/Users/aron/master/css/.ai/audits/bug-hunt/tmp/0240-rust-lowering-prototype/crates/mastercss-scanner)
   Compiling napi-derive v3.6.3
   Compiling mastercss-validator v0.0.0 (/Users/aron/master/css/.ai/audits/bug-hunt/tmp/0240-rust-lowering-prototype/crates/mastercss-validator)
   Compiling mastercss-language v0.0.0 (/Users/aron/master/css/.ai/audits/bug-hunt/tmp/0240-rust-lowering-prototype/crates/mastercss-language)
   Compiling mastercss-render v0.0.0 (/Users/aron/master/css/.ai/audits/bug-hunt/tmp/0240-rust-lowering-prototype/crates/mastercss-render)
   Compiling mastercss-diagnostics v0.0.0 (/Users/aron/master/css/.ai/audits/bug-hunt/tmp/0240-rust-lowering-prototype/crates/mastercss-diagnostics)
    Finished `dev` profile [unoptimized + debuginfo] target(s) in 40.46s
