{
  "scope": "Actual Next PostCSS normalizer contract; producer-relative map mismatch and absolute URL remedy, actual host verification separate",
  "cwd": "/Users/aron/master/css",
  "file": "/Users/aron/master/css/.ai/audits/bug-hunt/tmp/map-context/app/other.module.css",
  "raw": {
    "version": 3,
    "sources": [
      "other.module.css"
    ],
    "names": [],
    "mappings": "AAAA,QAAQ,wBAAwB,CAAC,iCAAiC",
    "file": "other.module.css",
    "sourcesContent": [
      ".shared{border-top:7px solid red;animation:fade 1s linear infinite}"
    ]
  },
  "before": {
    "version": 3,
    "sources": [
      "../../../../../../other.module.css"
    ],
    "names": [],
    "mappings": "AAAA,QAAQ,wBAAwB,CAAC,iCAAiC",
    "sourcesContent": [
      ".shared{border-top:7px solid red;animation:fade 1s linear infinite}"
    ]
  },
  "beforeFile": "/Users/aron/master/css/other.module.css",
  "after": {
    "version": 3,
    "sources": [
      "file:///Users/aron/master/css/.ai/audits/bug-hunt/tmp/map-context/app/other.module.css"
    ],
    "names": [],
    "mappings": "AAAA,QAAQ,wBAAwB,CAAC,iCAAiC",
    "sourcesContent": [
      ".shared{border-top:7px solid red;animation:fade 1s linear infinite}"
    ]
  },
  "position": {
    "generatedLine": 0,
    "generatedColumn": 0,
    "originalSource": "file:///Users/aron/master/css/.ai/audits/bug-hunt/tmp/map-context/app/other.module.css",
    "originalLine": 0,
    "originalColumn": 0
  },
  "pass": true
}
