(!) Your Vite config uses features that are unsupported by `configLoader: 'native'`, which is planned to become the default in a future major version of Vite:
  - import "../../shared/vitest.config" without a file extension (vitest.config.ts:2:20). Add the file extension
  - import "./vitest-ci-config" without a file extension (../../shared/vitest.config.ts:2:58). Add the file extension
Set `VITE_CONFIG_NATIVE_IGNORE_WARNING=true` to suppress this warning.

 RUN  v5.0.0 /Users/aron/master/css/.ai/audits/bug-hunt/tmp/master-next-copy-3z8i_q4c/packages/next

 ❯ tests/static-export-e2e.test.ts (1 test | 1 failed) 2803ms
   ❯ static export e2e (1)
     × emits every referenced hydration manifest directly into the export output 2803ms

⎯⎯⎯⎯⎯⎯⎯ Failed Tests 1 ⎯⎯⎯⎯⎯⎯⎯

 FAIL  tests/static-export-e2e.test.ts > static export e2e > emits every referenced hydration manifest directly into the export output
Error: Command failed: pnpm --dir /Users/aron/master/css/.ai/audits/bug-hunt/tmp/master-next-copy-3z8i_q4c/packages/next/e2e/static-export build
$ pnpm --dir ../.. build && next build --turbo
$ tsdown --config ../../shared/tsdown-package.config.ts
TypeScript 7.0 does not yet have a stable API and is experimental. Some options will be unavailable.
Turbopack build encountered 1 warning:
./packages/runtime/dist/index.js:354:24
Warning: Module not found: Can't resolve <dynamic>
  [90m352 |[0m [36masync[0m [36mfunction[0m importHydrationManifest(url) {
  [90m353 |[0m 	[36mtry[0m {
[33m[1m>[0m [90m354 |[0m 		[36mconst[0m value = ([36mawait[0m [36mimport[0m(
  [90m    |[0m                      [33m[1m^^^^^^[0m
[33m[1m>[0m [90m355 |[0m 			[90m/* @vite-ignore */[0m
  [90m    |[0m [33m[1m^^^^^^^^^^^^^^^^^^[0m
[33m[1m>[0m [90m356 |[0m 			url,
  [90m    |[0m [33m[1m^^^^[0m
[33m[1m>[0m [90m357 |[0m 			{ [36mwith[0m: { [36mtype[0m: [32m"json"[0m } }
  [90m    |[0m [33m[1m^^^^^^^^^^^^^^^^^^^^^^^^^^[0m
[33m[1m>[0m [90m358 |[0m )).[36mdefault[0m;
  [90m    |[0m [33m[1m^[0m
  [90m359 |[0m 		[36mconst[0m hydrationManifest = validateHydrationManifest(value);
  [90m360 |[0m 		[36mif[0m (hydrationManifest) [36mreturn[0m hydrationManifest;
  [90m361 |[0m 		[36mthrow[0m invalidHydrationManifest([32m`Invalid Master CSS hydration manifest loaded from [0m${url[32m}.`[0m);



Import traces:
  Browser:
    ./packages/runtime/dist/index.js
    ./.ai/audits/bug-hunt/tmp/master-next-copy-3z8i_q4c/packages/next/e2e/static-export/node_modules/.master-css/master-css-next-instrumentation-client.js
    ./.ai/audits/bug-hunt/tmp/master-next-copy-3z8i_q4c/packages/next/e2e/static-export/node_modules/.master-css/master-css-next-require-instrumentation-client.cjs
    ./node_modules/.pnpm/next@16.3.4_@babel+core@7.29.7_supports-color@5.5.0__@opentelemetry+api@1.9.1_@playwrig_32ca514ff86563f2cff62a7dc4559350/node_modules/next/dist/client/next-turbopack.js

  Client Component Browser:
    ./packages/runtime/dist/index.js
    ./.ai/audits/bug-hunt/tmp/master-next-copy-3z8i_q4c/packages/next/e2e/static-export/node_modules/.master-css/master-css-next-instrumentation-client.js
    ./.ai/audits/bug-hunt/tmp/master-next-copy-3z8i_q4c/packages/next/e2e/static-export/node_modules/.master-css/master-css-next-require-instrumentation-client.cjs
    ./node_modules/.pnpm/next@16.3.4_@babel+core@7.29.7_supports-color@5.5.0__@opentelemetry+api@1.9.1_@playwrig_32ca514ff86563f2cff62a7dc4559350/node_modules/next/dist/client/app-next-turbopack.js

https://nextjs.org/docs/messages/module-not-found



> Build error occurred
Error: Turbopack build failed with 1 error:
./.ai/audits/bug-hunt/tmp/master-next-copy-3z8i_q4c/packages/next/e2e/static-export/app/globals.css.css:1:1
Error: Module not found: Can't resolve '../.master/stylesheets/6cad538d2288947988c5bca1af809dfc0bdb49d23ca3018cd7ec85e2acace4c0/ffb49194ef1612a25a6aa6fb0fbf056c7c71fd06ca5a4f7dab02ca0c0a0ea84c-entry.css'
[31m[1m>[0m [90m1 |[0m @[36mimport[0m [32m"../.master/stylesheets/6cad538d2288947988c5bca1af809dfc0bdb49d23ca3018cd7ec85e2aca...[0m
  [90m  |[0m [31m[1m^[0m



Import trace:
  Client Component Browser:
    ./.ai/audits/bug-hunt/tmp/master-next-copy-3z8i_q4c/packages/next/e2e/static-export/app/globals.css.css [Client Component Browser]
    ./.ai/audits/bug-hunt/tmp/master-next-copy-3z8i_q4c/packages/next/e2e/static-export/app/layout.jsx [Server Component]

https://nextjs.org/docs/messages/module-not-found


    at <unknown> (./.ai/audits/bug-hunt/tmp/master-next-copy-3z8i_q4c/packages/next/e2e/static-export/app/globals.css.css:1:1)
    at <unknown> (https://nextjs.org/docs/messages/module-not-found)
[ELIFECYCLE] Command failed with exit code 1.

ℹ tsdown v0.23.0 powered by rolldown v1.2.7
ℹ config file: /Users/aron/master/css/.ai/audits/bug-hunt/tmp/master-next-copy-3z8i_q4c/shared/tsdown-package.config.ts 
ℹ entry: src/adapter.ts, src/build-state.ts, src/css-manifest-import-loader.ts, src/css-manifest-loader.ts, src/empty.ts, src/index.ts, src/options.ts, src/prepare-entry-graph.ts, src/prepare-global-module.ts, src/prepare-module-graph.ts, src/prepare-module.ts, src/prepare-postcss.ts, src/prepare-stylesheet.ts, src/sass-source-context.ts, src/static-css-loader.ts, src/static-loader.ts, src/static-publication.ts, src/static.ts, src/stylesheet-delivery.ts, src/stylesheet-input-loader.ts, src/stylesheet-loader.ts, src/stylesheet-map-loader.ts, src/stylesheet-source-loader.ts, src/stylesheet-source-map.ts, src/webpack-css-loader.ts, src/webpack-postcss-loader.ts, src/webpack-stylesheets.ts, src/webpack-virtual-modules.ts
ℹ target: node24.0.0
ℹ tsconfig: tsconfig.prod.json
ℹ Build start
ℹ Cleaning 68 files
ℹ dist/index.js                                 21.14 kB │ gzip:  4.24 kB
ℹ dist/adapter.js                                8.95 kB │ gzip:  2.83 kB
ℹ dist/prepare-module-graph.js                   8.55 kB │ gzip:  2.74 kB
ℹ dist/static.js                                 8.35 kB │ gzip:  2.32 kB
ℹ dist/stylesheet-loader.js                      6.71 kB │ gzip:  1.91 kB
ℹ dist/prepare-module.js                         4.89 kB │ gzip:  1.78 kB
ℹ dist/css-manifest-loader.js                    4.63 kB │ gzip:  1.33 kB
ℹ dist/css-manifest-import-loader.js             4.38 kB │ gzip:  1.50 kB
ℹ dist/prepare-entry-graph.js                    4.19 kB │ gzip:  1.53 kB
ℹ dist/sass-source-context.js                    3.55 kB │ gzip:  1.42 kB
ℹ dist/stylesheet-delivery.js                    3.42 kB │ gzip:  1.35 kB
ℹ dist/webpack-stylesheets.js                    3.28 kB │ gzip:  1.14 kB
ℹ dist/static-publication.js                     3.07 kB │ gzip:  1.18 kB
ℹ dist/webpack-css-loader.js                     2.89 kB │ gzip:  1.26 kB
ℹ dist/prepare-global-module.js                  2.77 kB │ gzip:  1.14 kB
ℹ dist/build-state.js                            2.66 kB │ gzip:  0.88 kB
ℹ dist/stylesheet-map-loader.js                  1.81 kB │ gzip:  0.84 kB
ℹ dist/prepare-postcss.js                        1.59 kB │ gzip:  0.75 kB
ℹ dist/prepare-stylesheet.js                     1.50 kB │ gzip:  0.65 kB
ℹ dist/stylesheet-input-loader.js                1.29 kB │ gzip:  0.60 kB
ℹ dist/static-css-loader.js                      0.90 kB │ gzip:  0.44 kB
ℹ dist/options.js                                0.73 kB │ gzip:  0.34 kB
ℹ dist/static-loader.js                          0.67 kB │ gzip:  0.37 kB
ℹ dist/stylesheet-source-map.js                  0.65 kB │ gzip:  0.39 kB
ℹ dist/webpack-postcss-loader.js                 0.61 kB │ gzip:  0.35 kB
ℹ dist/webpack-virtual-modules.js                0.53 kB │ gzip:  0.30 kB
ℹ dist/stylesheet-source-loader.js               0.44 kB │ gzip:  0.29 kB
ℹ dist/empty.js                                  0.01 kB │ gzip:  0.03 kB
ℹ dist/preset/src/default-manifest.js          117.06 kB │ gzip: 12.81 kB
ℹ dist/internal/src/node.js                      3.77 kB │ gzip:  1.05 kB
ℹ dist/internal/src/manifest-facade.js           2.27 kB │ gzip:  0.82 kB
ℹ dist/internal/src/manifest-loader.js           1.21 kB │ gzip:  0.49 kB
ℹ dist/internal/src/emitted-globals-module.js    0.75 kB │ gzip:  0.33 kB
ℹ dist/internal/src/manifest-module.js           0.73 kB │ gzip:  0.35 kB
ℹ dist/internal/src/project.js                   0.64 kB │ gzip:  0.33 kB
ℹ dist/internal/src/style-module.js              0.14 kB │ gzip:  0.14 kB
ℹ dist/static.d.ts                               2.32 kB │ gzip:  0.71 kB
ℹ dist/stylesheet-delivery.d.ts                  1.71 kB │ gzip:  0.63 kB
ℹ dist/options.d.ts                              1.67 kB │ gzip:  0.60 kB
ℹ dist/adapter.d.ts                              1.48 kB │ gzip:  0.58 kB
ℹ dist/prepare-module.d.ts                       1.43 kB │ gzip:  0.60 kB
ℹ dist/prepare-module-graph.d.ts                 1.40 kB │ gzip:  0.57 kB
ℹ dist/prepare-entry-graph.d.ts                  1.01 kB │ gzip:  0.46 kB
ℹ dist/build-state.d.ts                          0.85 kB │ gzip:  0.33 kB
ℹ dist/webpack-css-loader.d.ts                   0.84 kB │ gzip:  0.45 kB
ℹ dist/index.d.ts                                0.75 kB │ gzip:  0.30 kB
ℹ dist/prepare-global-module.d.ts                0.73 kB │ gzip:  0.41 kB
ℹ dist/stylesheet-loader.d.ts                    0.68 kB │ gzip:  0.33 kB
ℹ dist/static-publication.d.ts                   0.63 kB │ gzip:  0.34 kB
ℹ dist/prepare-postcss.d.ts                      0.58 kB │ gzip:  0.32 kB
ℹ dist/stylesheet-map-loader.d.ts                0.56 kB │ gzip:  0.35 kB
ℹ dist/css-manifest-import-loader.d.ts           0.55 kB │ gzip:  0.30 kB
ℹ dist/css-manifest-loader.d.ts                  0.54 kB │ gzip:  0.29 kB
ℹ dist/webpack-postcss-loader.d.ts               0.50 kB │ gzip:  0.31 kB
ℹ dist/prepare-stylesheet.d.ts                   0.48 kB │ gzip:  0.28 kB
ℹ dist/static-css-loader.d.ts                    0.44 kB │ gzip:  0.27 kB
ℹ dist/sass-source-context.d.ts                  0.42 kB │ gzip:  0.23 kB
ℹ dist/static-loader.d.ts                        0.39 kB │ gzip:  0.25 kB
ℹ dist/stylesheet-input-loader.d.ts              0.36 kB │ gzip:  0.24 kB
ℹ dist/stylesheet-source-loader.d.ts             0.35 kB │ gzip:  0.24 kB
ℹ dist/webpack-virtual-modules.d.ts              0.30 kB │ gzip:  0.20 kB
ℹ dist/stylesheet-source-map.d.ts                0.27 kB │ gzip:  0.19 kB
ℹ dist/webpack-stylesheets.d.ts                  0.21 kB │ gzip:  0.16 kB
ℹ dist/empty.d.ts                                0.01 kB │ gzip:  0.03 kB
ℹ 64 files, total: 252.19 kB
✔ Build complete in 166ms
▲ Next.js 16.3.4 (Turbopack)
✓ Running next.config.js took 92ms

  Creating an optimized production build ...

$ pnpm --dir ../.. build && next build --turbo
$ tsdown --config ../../shared/tsdown-package.config.ts
TypeScript 7.0 does not yet have a stable API and is experimental. Some options will be unavailable.
Turbopack build encountered 1 warning:
./packages/runtime/dist/index.js:354:24
Warning: Module not found: Can't resolve <dynamic>
  [90m352 |[0m [36masync[0m [36mfunction[0m importHydrationManifest(url) {
  [90m353 |[0m 	[36mtry[0m {
[33m[1m>[0m [90m354 |[0m 		[36mconst[0m value = ([36mawait[0m [36mimport[0m(
  [90m    |[0m                      [33m[1m^^^^^^[0m
[33m[1m>[0m [90m355 |[0m 			[90m/* @vite-ignore */[0m
  [90m    |[0m [33m[1m^^^^^^^^^^^^^^^^^^[0m
[33m[1m>[0m [90m356 |[0m 			url,
  [90m    |[0m [33m[1m^^^^[0m
[33m[1m>[0m [90m357 |[0m 			{ [36mwith[0m: { [36mtype[0m: [32m"json"[0m } }
  [90m    |[0m [33m[1m^^^^^^^^^^^^^^^^^^^^^^^^^^[0m
[33m[1m>[0m [90m358 |[0m )).[36mdefault[0m;
  [90m    |[0m [33m[1m^[0m
  [90m359 |[0m 		[36mconst[0m hydrationManifest = validateHydrationManifest(value);
  [90m360 |[0m 		[36mif[0m (hydrationManifest) [36mreturn[0m hydrationManifest;
  [90m361 |[0m 		[36mthrow[0m invalidHydrationManifest([32m`Invalid Master CSS hydration manifest loaded from [0m${url[32m}.`[0m);



Import traces:
  Browser:
    ./packages/runtime/dist/index.js
    ./.ai/audits/bug-hunt/tmp/master-next-copy-3z8i_q4c/packages/next/e2e/static-export/node_modules/.master-css/master-css-next-instrumentation-client.js
    ./.ai/audits/bug-hunt/tmp/master-next-copy-3z8i_q4c/packages/next/e2e/static-export/node_modules/.master-css/master-css-next-require-instrumentation-client.cjs
    ./node_modules/.pnpm/next@16.3.4_@babel+core@7.29.7_supports-color@5.5.0__@opentelemetry+api@1.9.1_@playwrig_32ca514ff86563f2cff62a7dc4559350/node_modules/next/dist/client/next-turbopack.js

  Client Component Browser:
    ./packages/runtime/dist/index.js
    ./.ai/audits/bug-hunt/tmp/master-next-copy-3z8i_q4c/packages/next/e2e/static-export/node_modules/.master-css/master-css-next-instrumentation-client.js
    ./.ai/audits/bug-hunt/tmp/master-next-copy-3z8i_q4c/packages/next/e2e/static-export/node_modules/.master-css/master-css-next-require-instrumentation-client.cjs
    ./node_modules/.pnpm/next@16.3.4_@babel+core@7.29.7_supports-color@5.5.0__@opentelemetry+api@1.9.1_@playwrig_32ca514ff86563f2cff62a7dc4559350/node_modules/next/dist/client/app-next-turbopack.js

https://nextjs.org/docs/messages/module-not-found



> Build error occurred
Error: Turbopack build failed with 1 error:
./.ai/audits/bug-hunt/tmp/master-next-copy-3z8i_q4c/packages/next/e2e/static-export/app/globals.css.css:1:1
Error: Module not found: Can't resolve '../.master/stylesheets/6cad538d2288947988c5bca1af809dfc0bdb49d23ca3018cd7ec85e2acace4c0/ffb49194ef1612a25a6aa6fb0fbf056c7c71fd06ca5a4f7dab02ca0c0a0ea84c-entry.css'
[31m[1m>[0m [90m1 |[0m @[36mimport[0m [32m"../.master/stylesheets/6cad538d2288947988c5bca1af809dfc0bdb49d23ca3018cd7ec85e2aca...[0m
  [90m  |[0m [31m[1m^[0m



Import trace:
  Client Component Browser:
    ./.ai/audits/bug-hunt/tmp/master-next-copy-3z8i_q4c/packages/next/e2e/static-export/app/globals.css.css [Client Component Browser]
    ./.ai/audits/bug-hunt/tmp/master-next-copy-3z8i_q4c/packages/next/e2e/static-export/app/layout.jsx [Server Component]

https://nextjs.org/docs/messages/module-not-found


    at <unknown> (./.ai/audits/bug-hunt/tmp/master-next-copy-3z8i_q4c/packages/next/e2e/static-export/app/globals.css.css:1:1)
    at <unknown> (https://nextjs.org/docs/messages/module-not-found)
[ELIFECYCLE] Command failed with exit code 1.

 ❯ <unknown> .ai/audits/bug-hunt/tmp/master-next-copy-3z8i_q4c/packages/next/e2e/static-export/app/globals.css.css:1:1
 ❯ <unknown> .ai/audits/bug-hunt/tmp/master-next-copy-3z8i_q4c/packages/next/e2e/static-export/app/globals.css.css:1:1
 ❯ buildFixture tests/static-export-e2e.test.ts:26:11
     24|   } catch (error) {
     25|     const buildError = error as Error & { stdout?: string | Buffer, st…
     26|     throw new Error([
       |           ^
     27|       buildError.message,
     28|       buildError.stdout?.toString(),
 ❯ tests/static-export-e2e.test.ts:54:5

⎯⎯⎯⎯⎯⎯⎯⎯⎯⎯⎯⎯⎯⎯⎯⎯⎯⎯⎯⎯⎯⎯⎯⎯[1/1]⎯


 Test Files  1 failed | 2 passed (3)
      Tests  1 failed | 2 passed (3)
   Start at  06:09:50
   Duration  15.49s (tests 99%, import 1%)

