    Finished `dev` profile [unoptimized + debuginfo] target(s) in 0.05s
     Running `.ai/audits/bug-hunt/tmp/0240-rust-target/debug/xtask build-wasm compiler`
   Compiling proc-macro2 v1.0.107
   Compiling unicode-ident v1.0.24
   Compiling quote v1.0.47
   Compiling siphasher v1.0.3
   Compiling wasm-bindgen-shared v0.2.128
   Compiling serde_core v1.0.229
   Compiling syn v3.0.5
   Compiling rustversion v1.0.23
   Compiling itoa v1.0.18
   Compiling bumpalo v3.20.3
   Compiling wasm-bindgen-macro-support v0.2.128
   Compiling wasm-bindgen v0.2.128
   Compiling syn v2.0.119
   Compiling phf_shared v0.13.1
   Compiling equivalent v1.0.2
   Compiling rand_core v0.6.4
   Compiling zmij v1.0.23
   Compiling fastrand v2.5.0
   Compiling serde v1.0.229
   Compiling hashbrown v0.17.1
   Compiling indexmap v2.14.2
   Compiling phf_generator v0.13.1
   Compiling rand v0.8.8
   Compiling wasm-bindgen-macro v0.2.128
   Compiling serde_derive v1.0.229
   Compiling phf_shared v0.11.3
   Compiling serde_json v1.0.151
   Compiling cfg-if v1.0.4
   Compiling once_cell v1.21.4
   Compiling thiserror v2.0.20
   Compiling phf_generator v0.11.3
   Compiling phf_macros v0.13.1
   Compiling thiserror-impl v2.0.20
   Compiling dtoa v1.0.11
   Compiling memchr v2.8.3
   Compiling dtoa-short v0.3.5
   Compiling phf v0.13.1
   Compiling phf_codegen v0.11.3
   Compiling cssparser-macros v0.7.0
   Compiling smallvec v1.16.0
   Compiling zerocopy v0.8.56
   Compiling version_check v0.9.5
   Compiling getrandom v0.3.4
   Compiling syn v1.0.109
   Compiling ahash v0.8.12
   Compiling cssparser v0.37.0
   Compiling parcel_selectors v0.28.3
   Compiling mastercss-schema v0.0.0 (/Users/aron/master/css/.ai/audits/bug-hunt/tmp/0242-source-preservation-api/crates/mastercss-schema)
   Compiling unicode-segmentation v1.13.3
   Compiling convert_case v0.6.0
   Compiling phf v0.11.3
   Compiling mastercss-lexer v0.0.0 (/Users/aron/master/css/.ai/audits/bug-hunt/tmp/0242-source-preservation-api/crates/mastercss-lexer)
   Compiling log v0.4.34
   Compiling either v1.18.0
   Compiling futures-task v0.3.34
   Compiling bitflags v2.13.1
   Compiling slab v0.4.12
   Compiling precomputed-hash v0.1.1
   Compiling pin-project-lite v0.2.17
   Compiling futures-core v0.3.34
   Compiling rustc-hash v2.1.3
   Compiling futures-util v0.3.34
   Compiling lightningcss-derive v1.0.0-alpha.43
   Compiling itertools v0.10.5
   Compiling mastercss-engine v0.0.0 (/Users/aron/master/css/.ai/audits/bug-hunt/tmp/0242-source-preservation-api/crates/mastercss-engine)
   Compiling cssparser-color v0.5.0
   Compiling const-str v1.1.0
   Compiling pathdiff v0.2.3
   Compiling lazy_static v1.5.0
   Compiling pastey v0.1.1
   Compiling data-encoding v2.11.1
   Compiling lightningcss v1.0.0-alpha.72
   Compiling js-sys v0.3.105
   Compiling serde-wasm-bindgen v0.6.5
   Compiling mastercss-compiler v0.0.0 (/Users/aron/master/css/.ai/audits/bug-hunt/tmp/0242-source-preservation-api/crates/mastercss-compiler)
   Compiling mastercss-render v0.0.0 (/Users/aron/master/css/.ai/audits/bug-hunt/tmp/0242-source-preservation-api/crates/mastercss-render)
   Compiling mastercss-binding-wasm-compiler v0.0.0 (/Users/aron/master/css/.ai/audits/bug-hunt/tmp/0242-source-preservation-api/crates/mastercss-binding-wasm-compiler)
    Finished `release` profile [optimized] target(s) in 54.07s
Built /Users/aron/master/css/.ai/audits/bug-hunt/tmp/0242-source-preservation-api/packages/binding-wasm-compiler/artifacts
