(!) Your Vite config uses features that are unsupported by `configLoader: 'native'`, which is planned to become the default in a future major version of Vite:
  - import "../../shared/vitest.config" without a file extension (vitest.config.ts:3:20). Add the file extension
  - import "./vitest-ci-config" without a file extension (../../shared/vitest.config.ts:2:58). Add the file extension
Set `VITE_CONFIG_NATIVE_IGNORE_WARNING=true` to suppress this warning.

 RUN  v5.0.0 /Users/aron/master/css/.ai/audits/bug-hunt/tmp/0242-source-preservation-api/packages/compiler

 ❯ tests/entry.test.ts (4 tests | 1 failed) 15ms
   × resolves CSS-only preset package root to stylesheet entry 2ms

⎯⎯⎯⎯⎯⎯⎯ Failed Tests 1 ⎯⎯⎯⎯⎯⎯⎯

 FAIL  tests/entry.test.ts > resolves CSS-only preset package root to stylesheet entry
Error: @master/css-preset CSS style entry was not found: /Users/aron/master/css/.ai/audits/bug-hunt/tmp/0242-source-preservation-api/packages/preset/src/index.css
 ❯ resolveMasterCSSPackageEntryFile src/node-imports.ts:163:11
    161|   const styleFile = resolve(packageRoot.directory, styleEntry)
    162|   if (!existsSync(styleFile)) {
    163|     throw new Error(`${importSource} CSS style entry was not found: ${…
       |           ^
    164|   }
    165|   return styleFile
 ❯ tests/entry.test.ts:50:17

⎯⎯⎯⎯⎯⎯⎯⎯⎯⎯⎯⎯⎯⎯⎯⎯⎯⎯⎯⎯⎯⎯⎯⎯[1/1]⎯


 Test Files  1 failed | 1 passed (2)
      Tests  1 failed | 9 passed (10)
   Start at  06:03:30
   Duration  503ms (transform 44%, tests 39%, import 16%, worker 1%)

