[
  {
    "name": "separate-mergeable",
    "preserveNativeSource": false,
    "compiler": [
      true,
      false
    ],
    "nextOptimizer": [
      true,
      false
    ]
  },
  {
    "name": "separate-mergeable",
    "preserveNativeSource": true,
    "compiler": [
      true,
      true
    ],
    "nextOptimizer": [
      false,
      true
    ]
  },
  {
    "name": "authored-list",
    "preserveNativeSource": false,
    "compiler": [
      true,
      false
    ],
    "nextOptimizer": [
      true,
      false
    ]
  },
  {
    "name": "authored-list",
    "preserveNativeSource": true,
    "compiler": [
      true,
      true
    ],
    "nextOptimizer": [
      true,
      false
    ]
  },
  {
    "name": "nested-mergeable",
    "preserveNativeSource": false,
    "compiler": [
      true,
      false
    ],
    "nextOptimizer": [
      true,
      false
    ]
  },
  {
    "name": "nested-mergeable",
    "preserveNativeSource": true,
    "compiler": [
      true,
      true
    ],
    "nextOptimizer": [
      false,
      true
    ]
  },
  {
    "name": "distinct-declarations",
    "preserveNativeSource": false,
    "compiler": [
      true,
      true
    ],
    "nextOptimizer": [
      true,
      true
    ]
  },
  {
    "name": "distinct-declarations",
    "preserveNativeSource": true,
    "compiler": [
      true,
      true
    ],
    "nextOptimizer": [
      true,
      true
    ]
  },
  {
    "name": "unicode-lines",
    "preserveNativeSource": false,
    "compiler": [
      true,
      false
    ],
    "nextOptimizer": [
      true,
      false
    ]
  },
  {
    "name": "unicode-lines",
    "preserveNativeSource": true,
    "compiler": [
      true,
      true
    ],
    "nextOptimizer": [
      false,
      true
    ]
  }
]
