(!) Your Vite config uses features that are unsupported by `configLoader: 'native'`, which is planned to become the default in a future major version of Vite:
  - import "../../shared/vitest.config" without a file extension (vitest.config.ts:2:20). Add the file extension
  - import "./vitest-ci-config" without a file extension (../../shared/vitest.config.ts:2:58). Add the file extension
Set `VITE_CONFIG_NATIVE_IGNORE_WARNING=true` to suppress this warning.

 RUN  v5.0.0 /Users/aron/master/css/.ai/audits/bug-hunt/tmp/0246-postcss-request-adapter/packages/next

 ❯ tests/bug-hunt-postcss-request-plugins.test.ts (15 tests | 1 failed | 14 skipped) 6ms
   × prepare, helpers, messages, native dependencies and receiver identity survive 5ms

⎯⎯⎯⎯⎯⎯⎯ Failed Tests 1 ⎯⎯⎯⎯⎯⎯⎯

 FAIL  tests/bug-hunt-postcss-request-plugins.test.ts > prepare, helpers, messages, native dependencies and receiver identity survive
AssertionError: expected { Object (postcssPlugin, prepare, ...) } to be { Object (postcssPlugin, prepare, ...) } // Object.is equality

- Expected
+ Received

  {
-   "Once": [Function Once],
+   "Once": [Function anonymous],
    "postcssPlugin": "prepare-probe",
    "prepare": [Function prepare],
    "token": "/audit/entry.css",
  }

 ❯ Object.Once tests/bug-hunt-postcss-request-plugins.test.ts:104:41
    102|     return { token: result.opts.from, Once(this: { token: string }, ro…
    103|       expect(this.token).toBe('/audit/entry.css')
    104|       expect(helpers.result.lastPlugin).toBe(this)
       |                                         ^
    105|       expect(helpers.result).toBe(result)
    106|       expect(helpers.postcss).toBe(postcss)
 ❯ Object.wrapped.<computed> [as Once] src/postcss-request-plugins.ts:29:24
 ❯ LazyResult.runOnRoot ../../../../../../../node_modules/.pnpm/postcss@8.5.23/node_modules/postcss/lib/lazy-result.js:365:23
 ❯ LazyResult.runAsync ../../../../../../../node_modules/.pnpm/postcss@8.5.23/node_modules/postcss/lib/lazy-result.js:296:26
 ❯ LazyResult.async ../../../../../../../node_modules/.pnpm/postcss@8.5.23/node_modules/postcss/lib/lazy-result.js:198:30
 ❯ LazyResult.then ../../../../../../../node_modules/.pnpm/postcss@8.5.23/node_modules/postcss/lib/lazy-result.js:455:17

⎯⎯⎯⎯⎯⎯⎯⎯⎯⎯⎯⎯⎯⎯⎯⎯⎯⎯⎯⎯⎯⎯⎯⎯[1/1]⎯


 Test Files  1 failed (1)
      Tests  1 failed | 14 skipped (15)
   Start at  07:05:16
   Duration  341ms (transform 69%, import 29%, tests 2%, worker 1%)

