▲ Next.js 16.3.4 (webpack)
✓ Running next.config.mjs took 84ms
- Experiments (use with caution):
  · cpus: 1

  Creating an optimized production build ...
<w> [webpack.cache.PackFileCacheStrategy/webpack.FileSystemInfo] Parsing of /Users/aron/master/css/packages/tooling/dist/source/adapters/optional-peer.js for build dependencies failed at 'import(specifier)'.
<w> Build dependencies behind this expression are ignored and might cause incorrect cache invalidation.
<w> [webpack.cache.PackFileCacheStrategy/webpack.FileSystemInfo] Parsing of /Users/aron/master/css/packages/tooling/dist/source/adapters/optional-peer.js for build dependencies failed at 'import(specifier)'.
<w> Build dependencies behind this expression are ignored and might cause incorrect cache invalidation.
<w> [webpack.cache.PackFileCacheStrategy/webpack.FileSystemInfo] Parsing of /Users/aron/master/css/packages/tooling/dist/source/adapters/optional-peer.js for build dependencies failed at 'import(specifier)'.
<w> Build dependencies behind this expression are ignored and might cause incorrect cache invalidation.
✓ Compiled successfully in 3.1s
  Running TypeScript ...
  Finished TypeScript in 1ms ...
  Collecting page data using 1 worker ...
  Generating static pages using 1 worker (0/3) ...
✓ Generating static pages using 1 worker (3/3) in 59ms
  Finalizing page optimization ...
  Collecting build traces ...

Route (app)
┌ ○ /
└ ○ /_not-found


○  (Static)  prerendered as static content

{"scenario":"postcss-added-global-reference","bundler":"webpack","pure":false,"build":{"code":0,"signal":null,"timedOut":false,"exported":true},"observations":[{"browser":"chromium","id":"probe","phase":"initial","classes":"card_direct__vAL_y","color":"rgb(18, 52, 86)","border":"7px","margin":"0px","padding":"0px","origin":"","background":"url(\"http://127.0.0.1:49618/_next/static/css/master/c0140bee749300043df29dd0afc68618f3119a600d0bc173916aab97d53aa30d/css/b1bb5ae33cf22f606137530ed533cdd8f9be7e619f0a714169521f5606eea54c.svg?rev=1#shape\")","animation":"none","animationFrames":[],"matchingRules":[],"pass":true},{"browser":"webkit","id":"probe","phase":"initial","classes":"card_direct__vAL_y","color":"rgb(18, 52, 86)","border":"7px","margin":"0px","padding":"0px","origin":"","background":"url(\"http://127.0.0.1:49618/_next/static/css/master/c0140bee749300043df29dd0afc68618f3119a600d0bc173916aab97d53aa30d/css/b1bb5ae33cf22f606137530ed533cdd8f9be7e619f0a714169521f5606eea54c.svg?rev=1#shape\")","animation":"none","animationFrames":[],"matchingRules":[],"pass":true}]}
