$ vitest run tests/*-e2e.test.ts --no-file-parallelism
(!) Your Vite config uses features that are unsupported by `configLoader: 'native'`, which is planned to become the default in a future major version of Vite:
  - import "../../shared/vitest.config" without a file extension (vitest.config.ts:2:20). Add the file extension
  - import "./vitest-ci-config" without a file extension (../../shared/vitest.config.ts:2:58). Add the file extension
Set `VITE_CONFIG_NATIVE_IGNORE_WARNING=true` to suppress this warning.

 RUN  v5.0.0 /Users/aron/master/css/.ai/audits/bug-hunt/tmp/0247-postcss-resource-policy/packages/next

 ✓ tests/dev-hmr-e2e.test.ts (1 test) 9607ms
   ✓ Next dev HMR (1)
     ✓ updates Master CSS without a full reload 9606ms
 ✓ tests/static-export-e2e.test.ts (1 test) 6185ms
   ✓ static export e2e (1)
     ✓ emits every referenced hydration manifest directly into the export output 6185ms
 ✓ tests/css-manifest-query-e2e.test.ts (1 test) 2585ms
   ✓ css manifest query e2e (1)
     ✓ builds a clean Next project that imports an explicit CSS manifest resource 2585ms

 Test Files  3 passed (3)
      Tests  3 passed (3)
   Start at  09:06:27
   Duration  18.76s (tests 99%, import 1%)

e2e exit=0
