first.css= ".card {\n  color: var(--color-old);\n}\n\n@keyframes late {\n  to {\n    opacity: 0;\n  }\n}\n\n@layer theme{:root{--color-old:#111}}"
first.emittedGlobals= {"variables":{"color-old":1},"animations":{"late":1}}
--- A external authored definition
.card {
  color: var(--color-old);
  background: var(--color-late);
}

@keyframes late {
  to {
    opacity: 0;
  }
}

@layer theme{:root{--color-old:#111}}:root{--color-late:#000000}@layer theme{:root{--color-late:#abcdef}}
history={"variables":{"color-late":1,"color-old":1},"animations":{"late":5}}
warnings=0
--- B0 entry
.card {
  color: var(--color-old);
}

@keyframes late {
  to {
    opacity: 0;
  }
}

@layer theme{:root{--color-old:#111}}
history={"variables":{"color-old":1},"animations":{"late":4}}
warnings=0
--- B1 sibling one
.a{color:var(--color-late)}@layer theme{:root{--color-late:#abcdef}}
history={"variables":{"color-late":1,"color-old":1},"animations":{"late":4}}
warnings=0
--- B2 sibling two
.b{color:var(--color-late)}@layer theme{:root{--color-late:#abcdef}}
history={"variables":{"color-late":1,"color-old":1},"animations":{"late":4}}
warnings=0
C unknown ref generated= "" diagnostics= []
--- D late animation ref
.card {
  color: var(--color-old);
  animation: late var(--anim-late);
}

@keyframes late {
  to {
    opacity: 0;
  }
}

@layer theme{:root{--color-old:#111}}

@layer theme{:root{--anim-late:1s}}
history={"variables":{"anim-late":1,"color-old":1},"animations":{"late":5}}
warnings=0
