{
  "observations": [
    {
      "browser": "chromium",
      "mutation": "delete",
      "master": true,
      "computed": {
        "color": "rgb(0, 128, 0)",
        "background": "rgb(254, 220, 186)"
      }
    },
    {
      "browser": "chromium",
      "mutation": "delete",
      "master": false,
      "computed": {
        "color": "rgb(0, 128, 0)",
        "background": "rgb(254, 220, 186)"
      }
    },
    {
      "browser": "chromium",
      "mutation": "rename",
      "master": true,
      "computed": {
        "color": "rgb(0, 128, 0)",
        "background": "rgb(254, 220, 186)"
      }
    },
    {
      "browser": "chromium",
      "mutation": "rename",
      "master": false,
      "computed": {
        "color": "rgb(0, 128, 0)",
        "background": "rgb(254, 220, 186)"
      }
    },
    {
      "browser": "chromium",
      "mutation": "rename-references",
      "master": true,
      "computed": {
        "color": "rgb(17, 17, 17)",
        "background": "rgb(254, 220, 186)"
      }
    },
    {
      "browser": "chromium",
      "mutation": "rename-references",
      "master": false,
      "computed": {
        "color": "rgb(17, 17, 17)",
        "background": "rgb(254, 220, 186)"
      }
    },
    {
      "browser": "chromium",
      "mutation": "edit",
      "master": true,
      "computed": {
        "color": "rgb(18, 52, 86)",
        "background": "rgb(254, 220, 186)"
      }
    },
    {
      "browser": "chromium",
      "mutation": "edit",
      "master": false,
      "computed": {
        "color": "rgb(18, 52, 86)",
        "background": "rgb(254, 220, 186)"
      }
    },
    {
      "browser": "webkit",
      "mutation": "delete",
      "master": true,
      "computed": {
        "color": "rgb(0, 128, 0)",
        "background": "rgb(254, 220, 186)"
      }
    },
    {
      "browser": "webkit",
      "mutation": "delete",
      "master": false,
      "computed": {
        "color": "rgb(0, 128, 0)",
        "background": "rgb(254, 220, 186)"
      }
    },
    {
      "browser": "webkit",
      "mutation": "rename",
      "master": true,
      "computed": {
        "color": "rgb(0, 128, 0)",
        "background": "rgb(254, 220, 186)"
      }
    },
    {
      "browser": "webkit",
      "mutation": "rename",
      "master": false,
      "computed": {
        "color": "rgb(0, 128, 0)",
        "background": "rgb(254, 220, 186)"
      }
    },
    {
      "browser": "webkit",
      "mutation": "rename-references",
      "master": true,
      "computed": {
        "color": "rgb(17, 17, 17)",
        "background": "rgb(254, 220, 186)"
      }
    },
    {
      "browser": "webkit",
      "mutation": "rename-references",
      "master": false,
      "computed": {
        "color": "rgb(17, 17, 17)",
        "background": "rgb(254, 220, 186)"
      }
    },
    {
      "browser": "webkit",
      "mutation": "edit",
      "master": true,
      "computed": {
        "color": "rgb(18, 52, 86)",
        "background": "rgb(254, 220, 186)"
      }
    },
    {
      "browser": "webkit",
      "mutation": "edit",
      "master": false,
      "computed": {
        "color": "rgb(18, 52, 86)",
        "background": "rgb(254, 220, 186)"
      }
    }
  ],
  "errors": []
}
