ℹ tsdown v0.23.0 powered by rolldown v1.2.7
ℹ config file: /Users/aron/master/css/.ai/audits/bug-hunt/tmp/0247-postcss-resource-policy/shared/tsdown-package.config.ts 
ℹ entry: src/adapter.ts, src/build-state.ts, src/css-manifest-import-loader.ts, src/css-manifest-loader.ts, src/empty.ts, src/index.ts, src/options.ts, src/postcss-request-plugins.ts, src/postcss-resource-policy.ts, src/prepare-entry-graph.ts, src/prepare-global-module.ts, src/prepare-module-graph.ts, src/prepare-module.ts, src/prepare-postcss.ts, src/prepare-stylesheet.ts, src/sass-source-context.ts, src/static-css-loader.ts, src/static-loader.ts, src/static-publication.ts, src/static.ts, src/stylesheet-delivery.ts, src/stylesheet-input-loader.ts, src/stylesheet-loader.ts, src/stylesheet-map-loader.ts, src/stylesheet-source-loader.ts, src/stylesheet-source-map.ts, src/webpack-css-loader.ts, src/webpack-postcss-loader.ts, src/webpack-stylesheets.ts, src/webpack-virtual-modules.ts
ℹ target: node24.0.0
ℹ tsconfig: tsconfig.prod.json
ℹ Build start
ℹ Cleaning 74 files
TypeScript 7.0 does not yet have a stable API and is experimental. Some options will be unavailable.
ℹ dist/index.js                                                                    21.31 kB │ gzip:  4.27 kB
ℹ dist/adapter.js                                                                   8.99 kB │ gzip:  2.85 kB
ℹ dist/prepare-module-graph.js                                                      8.55 kB │ gzip:  2.74 kB
ℹ dist/static.js                                                                    8.38 kB │ gzip:  2.34 kB
ℹ dist/stylesheet-loader.js                                                         6.74 kB │ gzip:  1.94 kB
ℹ dist/prepare-module.js                                                            4.89 kB │ gzip:  1.78 kB
ℹ dist/css-manifest-loader.js                                                       4.84 kB │ gzip:  1.36 kB
ℹ dist/css-manifest-import-loader.js                                                4.52 kB │ gzip:  1.53 kB
ℹ dist/sass-source-context.js                                                       3.55 kB │ gzip:  1.42 kB
ℹ dist/prepare-entry-graph.js                                                       3.48 kB │ gzip:  1.20 kB
ℹ dist/stylesheet-delivery.js                                                       3.42 kB │ gzip:  1.35 kB
ℹ dist/webpack-stylesheets.js                                                       3.28 kB │ gzip:  1.14 kB
ℹ dist/static-publication.js                                                        3.07 kB │ gzip:  1.18 kB
ℹ dist/webpack-css-loader.js                                                        2.89 kB │ gzip:  1.26 kB
ℹ dist/prepare-global-module.js                                                     2.82 kB │ gzip:  1.15 kB
ℹ dist/build-state.js                                                               2.69 kB │ gzip:  0.91 kB
ℹ dist/postcss-resource-policy.js                                                   2.62 kB │ gzip:  1.11 kB
ℹ dist/postcss-request-plugins.js                                                   2.10 kB │ gzip:  0.78 kB
ℹ dist/stylesheet-map-loader.js                                                     1.81 kB │ gzip:  0.84 kB
ℹ dist/prepare-postcss.js                                                           1.63 kB │ gzip:  0.76 kB
ℹ dist/stylesheet-input-loader.js                                                   1.50 kB │ gzip:  0.66 kB
ℹ dist/prepare-stylesheet.js                                                        1.50 kB │ gzip:  0.65 kB
ℹ dist/webpack-postcss-loader.js                                                    1.30 kB │ gzip:  0.60 kB
ℹ dist/static-css-loader.js                                                         0.90 kB │ gzip:  0.44 kB
ℹ dist/options.js                                                                   0.73 kB │ gzip:  0.34 kB
ℹ dist/static-loader.js                                                             0.67 kB │ gzip:  0.37 kB
ℹ dist/stylesheet-source-map.js                                                     0.65 kB │ gzip:  0.39 kB
ℹ dist/webpack-virtual-modules.js                                                   0.53 kB │ gzip:  0.30 kB
ℹ dist/stylesheet-source-loader.js                                                  0.44 kB │ gzip:  0.29 kB
ℹ dist/empty.js                                                                     0.01 kB │ gzip:  0.03 kB
ℹ dist/master-next-copy-3z8i_q4c/packages/preset/src/default-manifest.js          117.11 kB │ gzip: 12.84 kB
ℹ dist/master-next-copy-3z8i_q4c/packages/internal/src/node.js                      3.81 kB │ gzip:  1.08 kB
ℹ dist/master-next-copy-3z8i_q4c/packages/internal/src/manifest-facade.js           2.31 kB │ gzip:  0.85 kB
ℹ dist/master-next-copy-3z8i_q4c/packages/internal/src/manifest-loader.js           1.25 kB │ gzip:  0.53 kB
ℹ dist/master-next-copy-3z8i_q4c/packages/internal/src/emitted-globals-module.js    0.79 kB │ gzip:  0.36 kB
ℹ dist/master-next-copy-3z8i_q4c/packages/internal/src/manifest-module.js           0.78 kB │ gzip:  0.38 kB
ℹ dist/master-next-copy-3z8i_q4c/packages/internal/src/project.js                   0.68 kB │ gzip:  0.36 kB
ℹ dist/master-next-copy-3z8i_q4c/packages/internal/src/style-module.js              0.18 kB │ gzip:  0.16 kB
ℹ dist/static.d.ts                                                                  2.32 kB │ gzip:  0.71 kB
ℹ dist/stylesheet-delivery.d.ts                                                     1.70 kB │ gzip:  0.62 kB
ℹ dist/options.d.ts                                                                 1.67 kB │ gzip:  0.60 kB
ℹ dist/adapter.d.ts                                                                 1.48 kB │ gzip:  0.58 kB
ℹ dist/prepare-module.d.ts                                                          1.43 kB │ gzip:  0.60 kB
ℹ dist/prepare-module-graph.d.ts                                                    1.40 kB │ gzip:  0.57 kB
ℹ dist/postcss-resource-policy.d.ts                                                 1.07 kB │ gzip:  0.47 kB
ℹ dist/prepare-entry-graph.d.ts                                                     1.00 kB │ gzip:  0.45 kB
ℹ dist/build-state.d.ts                                                             0.85 kB │ gzip:  0.33 kB
ℹ dist/webpack-css-loader.d.ts                                                      0.84 kB │ gzip:  0.45 kB
ℹ dist/prepare-global-module.d.ts                                                   0.76 kB │ gzip:  0.42 kB
ℹ dist/postcss-request-plugins.d.ts                                                 0.75 kB │ gzip:  0.39 kB
ℹ dist/index.d.ts                                                                   0.75 kB │ gzip:  0.30 kB
ℹ dist/prepare-postcss.d.ts                                                         0.72 kB │ gzip:  0.36 kB
ℹ dist/stylesheet-loader.d.ts                                                       0.68 kB │ gzip:  0.33 kB
ℹ dist/webpack-postcss-loader.d.ts                                                  0.64 kB │ gzip:  0.38 kB
ℹ dist/static-publication.d.ts                                                      0.63 kB │ gzip:  0.34 kB
ℹ dist/stylesheet-map-loader.d.ts                                                   0.56 kB │ gzip:  0.35 kB
ℹ dist/css-manifest-import-loader.d.ts                                              0.55 kB │ gzip:  0.30 kB
ℹ dist/css-manifest-loader.d.ts                                                     0.54 kB │ gzip:  0.29 kB
ℹ dist/prepare-stylesheet.d.ts                                                      0.48 kB │ gzip:  0.28 kB
ℹ dist/static-css-loader.d.ts                                                       0.44 kB │ gzip:  0.27 kB
ℹ dist/sass-source-context.d.ts                                                     0.42 kB │ gzip:  0.23 kB
ℹ dist/static-loader.d.ts                                                           0.39 kB │ gzip:  0.25 kB
ℹ dist/stylesheet-input-loader.d.ts                                                 0.36 kB │ gzip:  0.24 kB
ℹ dist/stylesheet-source-loader.d.ts                                                0.35 kB │ gzip:  0.24 kB
ℹ dist/webpack-virtual-modules.d.ts                                                 0.30 kB │ gzip:  0.20 kB
ℹ dist/stylesheet-source-map.d.ts                                                   0.27 kB │ gzip:  0.19 kB
ℹ dist/webpack-stylesheets.d.ts                                                     0.21 kB │ gzip:  0.16 kB
ℹ dist/empty.d.ts                                                                   0.01 kB │ gzip:  0.03 kB
ℹ 68 files, total: 260.30 kB
✔ Build complete in 183ms
