rules=20 theme=10 bytes=1343 hook-style rendered(rootText)             median 7.7 ms
rules=20 theme=10 bytes=1343 rendered(rootText, preserveNativeCSS)     median 7.6 ms
rules=20 theme=10 bytes=1343 rendered(rootText, preserveNativeCSS+Source) median 62.6 ms
rules=20 theme=10 bytes=1343 compileStylesheet(rootText, preserveNativeCSS) median 2.8 ms
rules=100 theme=60 bytes=6953 hook-style rendered(rootText)            median 56.2 ms
rules=100 theme=60 bytes=6953 rendered(rootText, preserveNativeCSS)    median 56.3 ms
rules=100 theme=60 bytes=6953 rendered(rootText, preserveNativeCSS+Source) median 1379.3 ms
rules=100 theme=60 bytes=6953 compileStylesheet(rootText, preserveNativeCSS) median 25.8 ms
rules=200 theme=60 bytes=13171 hook-style rendered(rootText)           median 160.6 ms
rules=200 theme=60 bytes=13171 rendered(rootText, preserveNativeCSS)   median 165.0 ms
rules=200 theme=60 bytes=13171 rendered(rootText, preserveNativeCSS+Source) median 4897.8 ms
rules=200 theme=60 bytes=13171 compileStylesheet(rootText, preserveNativeCSS) median 74.4 ms
rules=400 theme=60 bytes=25617 hook-style rendered(rootText)           median 551.4 ms
rules=400 theme=60 bytes=25617 rendered(rootText, preserveNativeCSS)   median 539.7 ms
rules=400 theme=60 bytes=25617 rendered(rootText, preserveNativeCSS+Source) median 18549.9 ms
rules=400 theme=60 bytes=25617 compileStylesheet(rootText, preserveNativeCSS) median 254.4 ms
rules=400 theme=10 bytes=24587 hook-style rendered(rootText)           median 531.2 ms
rules=400 theme=10 bytes=24587 rendered(rootText, preserveNativeCSS)   median 528.9 ms
rules=400 theme=10 bytes=24587 rendered(rootText, preserveNativeCSS+Source) median 17613.9 ms
rules=400 theme=10 bytes=24587 compileStylesheet(rootText, preserveNativeCSS) median 253.2 ms
rules=800 theme=60 bytes=50499 hook-style rendered(rootText)           median 2018.4 ms
rules=800 theme=60 bytes=50499 rendered(rootText, preserveNativeCSS)   median 2005.5 ms
rules=800 theme=60 bytes=50499 rendered(rootText, preserveNativeCSS+Source) median 72518.9 ms
rules=800 theme=60 bytes=50499 compileStylesheet(rootText, preserveNativeCSS) median 972.8 ms
