rendered 400 ms 552.0
profile CPU.20260918.095435.71891.0.001.cpuprofile total ms 1300
   612.6 ms  47.1% compileCSSStylesheetGraph binding/dist/compiler.js:42
   561.3 ms  43.2% compileCSSDirectives binding/dist/compiler.js:28
    12.8 ms   1.0% readFileUtf8 :-1
    11.3 ms   0.9% analyzeCSSDependencies binding/dist/compiler.js:29
    11.1 ms   0.9% compileSourceTextModule modules/esm/utils:316
    10.5 ms   0.8% (program) :-1
     9.2 ms   0.7% read :-1
     7.3 ms   0.6% (garbage collector) :-1
     6.3 ms   0.5% createNativeRenderSession binding/dist/engine.js:47
     3.9 ms   0.3% readPackageJSON :-1
     3.8 ms   0.3% wrapSafe modules/cjs/loader:1818
     3.8 ms   0.3% ensureStylesheetResources binding/dist/engine.js:61
     2.5 ms   0.2% realpathSync node:fs:2771
     2.5 ms   0.2% internalModuleStat :-1
     2.5 ms   0.2% resolvePackageTargetString modules/esm/resolve:376
     2.5 ms   0.2% positions dist/stylesheet/output-map.js:13
     2.5 ms   0.2% lstat :-1
     2.3 ms   0.2% open :-1
source 200 ms 4950.6
profile CPU.20260918.095436.71893.0.001.cpuprofile total ms 5213
  4953.2 ms  95.0% compileCSSStylesheetGraph binding/dist/compiler.js:42
   156.7 ms   3.0% compileCSSDirectives binding/dist/compiler.js:28
     7.8 ms   0.1% (program) :-1
     6.3 ms   0.1% compileSourceTextModule modules/esm/utils:316
     6.3 ms   0.1% parse binding/dist/compiler.js:5
     6.3 ms   0.1% createNativeRenderSession binding/dist/engine.js:47
     5.1 ms   0.1% (garbage collector) :-1
     5.0 ms   0.1% analyzeCSSDependencies binding/dist/compiler.js:29
     3.8 ms   0.1% ensureStylesheetResources binding/dist/engine.js:61
     3.8 ms   0.1% parse :-1
     3.7 ms   0.1% resolve node:path:1244
     2.6 ms   0.0% internalModuleStat :-1
     2.5 ms   0.0% readFileUtf8 :-1
     2.5 ms   0.0% resolvePackageTargetString modules/esm/resolve:376
     2.5 ms   0.0% finalizeResolution modules/esm/resolve:225
     2.5 ms   0.0% open :-1
     2.5 ms   0.0% get modules/esm/module_map:93
     2.5 ms   0.0% getPackageScopeConfig :-1
