rules=20 theme=10 bytes=1343 hook-style rendered(rootText)             median 1.4 ms
rules=20 theme=10 bytes=1343 rendered(rootText, preserveNativeCSS)     median 1.3 ms
rules=20 theme=10 bytes=1343 rendered(rootText, preserveNativeCSS+Source) median 1.2 ms
rules=20 theme=10 bytes=1343 compileStylesheet(rootText, preserveNativeCSS) median 0.5 ms
rules=100 theme=60 bytes=6953 hook-style rendered(rootText)            median 3.7 ms
rules=100 theme=60 bytes=6953 rendered(rootText, preserveNativeCSS)    median 3.7 ms
rules=100 theme=60 bytes=6953 rendered(rootText, preserveNativeCSS+Source) median 3.6 ms
rules=100 theme=60 bytes=6953 compileStylesheet(rootText, preserveNativeCSS) median 1.3 ms
rules=200 theme=60 bytes=13171 hook-style rendered(rootText)           median 5.7 ms
rules=200 theme=60 bytes=13171 rendered(rootText, preserveNativeCSS)   median 5.6 ms
rules=200 theme=60 bytes=13171 rendered(rootText, preserveNativeCSS+Source) median 5.6 ms
rules=200 theme=60 bytes=13171 compileStylesheet(rootText, preserveNativeCSS) median 2.1 ms
rules=400 theme=60 bytes=25617 hook-style rendered(rootText)           median 9.7 ms
rules=400 theme=60 bytes=25617 rendered(rootText, preserveNativeCSS)   median 10.1 ms
rules=400 theme=60 bytes=25617 rendered(rootText, preserveNativeCSS+Source) median 9.5 ms
rules=400 theme=60 bytes=25617 compileStylesheet(rootText, preserveNativeCSS) median 4.0 ms
rules=400 theme=10 bytes=24587 hook-style rendered(rootText)           median 8.8 ms
rules=400 theme=10 bytes=24587 rendered(rootText, preserveNativeCSS)   median 8.6 ms
rules=400 theme=10 bytes=24587 rendered(rootText, preserveNativeCSS+Source) median 8.6 ms
rules=400 theme=10 bytes=24587 compileStylesheet(rootText, preserveNativeCSS) median 3.4 ms
rules=800 theme=60 bytes=50499 hook-style rendered(rootText)           median 18.4 ms
rules=800 theme=60 bytes=50499 rendered(rootText, preserveNativeCSS)   median 18.9 ms
rules=800 theme=60 bytes=50499 rendered(rootText, preserveNativeCSS+Source) median 19.1 ms
rules=800 theme=60 bytes=50499 compileStylesheet(rootText, preserveNativeCSS) median 7.2 ms
