   Compiling mastercss-binding-native v0.0.0 (/Users/aron/master/css/crates/mastercss-binding-native)
    Finished `release` profile [optimized] target(s) in 47.06s
build exit=0
91bb4274a89dc2db0a94d7f9979cd4a85b7511792fee4bfe77628ce7be2378aa  .ai/audits/bug-hunt/tmp/0251-source-index/mastercss.node
plain rules, no theme, no var n=200 rendered                 median 5.2 ms
plain rules, no theme, no var n=400 rendered                 median 6.6 ms
plain rules, no theme, no var n=400 compileStylesheet        median 2.8 ms
plain rules, no theme, no var n=800 rendered                 median 13.2 ms
plain rules + theme, no var n=200 rendered                   median 3.6 ms
plain rules + theme, no var n=400 rendered                   median 6.2 ms
plain rules + theme, no var n=400 compileStylesheet          median 2.7 ms
plain rules + theme, no var n=800 rendered                   median 13.3 ms
rules with var refs + theme n=200 rendered                   median 3.7 ms
rules with var refs + theme n=400 rendered                   median 6.8 ms
rules with var refs + theme n=400 compileStylesheet          median 3.1 ms
rules with var refs + theme n=800 rendered                   median 14.3 ms
rules with unknown var refs n=200 rendered                   median 3.7 ms
rules with unknown var refs n=400 rendered                   median 7.1 ms
rules with unknown var refs n=400 compileStylesheet          median 2.9 ms
rules with unknown var refs n=800 rendered                   median 14.2 ms
one rule, many declarations n=200 rendered                   median 1.1 ms
one rule, many declarations n=400 rendered                   median 1.7 ms
one rule, many declarations n=400 compileStylesheet          median 0.7 ms
one rule, many declarations n=800 rendered                   median 2.9 ms
many @media wrapped rules n=200 rendered                     median 4.9 ms
many @media wrapped rules n=400 rendered                     median 9.8 ms
many @media wrapped rules n=400 compileStylesheet            median 4.3 ms
many @media wrapped rules n=800 rendered                     median 19.3 ms
