plain rules, no theme, no var n=200 rendered                 median 9.0 ms
plain rules, no theme, no var n=400 rendered                 median 9.0 ms
plain rules, no theme, no var n=400 compileStylesheet        median 3.1 ms
plain rules, no theme, no var n=800 rendered                 median 13.2 ms
plain rules + theme, no var n=200 rendered                   median 3.2 ms
plain rules + theme, no var n=400 rendered                   median 5.8 ms
plain rules + theme, no var n=400 compileStylesheet          median 2.7 ms
plain rules + theme, no var n=800 rendered                   median 12.5 ms
rules with var refs + theme n=200 rendered                   median 3.4 ms
rules with var refs + theme n=400 rendered                   median 7.1 ms
rules with var refs + theme n=400 compileStylesheet          median 2.7 ms
rules with var refs + theme n=800 rendered                   median 12.9 ms
rules with unknown var refs n=200 rendered                   median 3.4 ms
rules with unknown var refs n=400 rendered                   median 6.1 ms
rules with unknown var refs n=400 compileStylesheet          median 2.7 ms
rules with unknown var refs n=800 rendered                   median 13.1 ms
one rule, many declarations n=200 rendered                   median 1.2 ms
one rule, many declarations n=400 rendered                   median 1.7 ms
one rule, many declarations n=400 compileStylesheet          median 0.7 ms
one rule, many declarations n=800 rendered                   median 2.8 ms
many @media wrapped rules n=200 rendered                     median 8.3 ms
many @media wrapped rules n=400 rendered                     median 23.1 ms
many @media wrapped rules n=400 compileStylesheet            median 10.9 ms
many @media wrapped rules n=800 rendered                     median 72.5 ms
