(!) Your Vite config uses features that are unsupported by `configLoader: 'native'`, which is planned to become the default in a future major version of Vite:
  - import "../../shared/vitest.config" without a file extension (vitest.config.ts:3:20). Add the file extension
  - import "./vitest-ci-config" without a file extension (../../shared/vitest.config.ts:2:58). Add the file extension
Set `VITE_CONFIG_NATIVE_IGNORE_WARNING=true` to suppress this warning.
 RUN  v5.0.0 /Users/aron/master/css/.ai/audits/bug-hunt/tmp/0244-global-resource-api/packages/compiler
 ❯ tests/bug-hunt-preserved-source.test.ts (6 tests | 3 failed) 1695ms
   × native source preservation is explicit and rejects class pruning 6ms
   × native graph preparation preserves native input and rejects per-file pruning 1ms
   ✓ wasm source preservation is explicit and rejects class pruning 54ms
   ✓ wasm graph preparation preserves native input and rejects per-file pruning 600ms
   × Node stylesheet preparation preserves raw text and exact UTF-16 selector origins 2ms
   ✓ Wasm stylesheet preparation retains untouched bytes 1031ms
⎯⎯⎯⎯⎯⎯⎯ Failed Tests 3 ⎯⎯⎯⎯⎯⎯⎯
 FAIL  tests/bug-hunt-preserved-source.test.ts > native source preservation is explicit and rejects class pruning
AssertionError: expected '.shared, .sibling {\n  margin: 0;\n}' to be '/* 🧪 audit */.empty{}.shared{margin:…' // Object.is equality
- Expected
+ Received
- /* 🧪 audit */.empty{}.shared{margin:0px 0px 0px 0px}.sibling{margin:0px 0px 0px 0px}
+ .shared, .sibling {
+   margin: 0;
+ }
 ❯ tests/bug-hunt-preserved-source.test.ts:16:60
     14|     expect(compiler.compileCSS(source).nativeCSS).not.toContain('.empt…
     15|     const options = { baseManifest, from: '/project/entry.css', preser…
     16|     expect(compiler.compileCSS(source, options).nativeCSS).toBe(native)
       |                                                            ^
     17|     expect(compiler.compileManifest(source, options).css).toBe(native)
     18|     expect(() => compiler.compileCSS(source, { ...options, classes: []…
⎯⎯⎯⎯⎯⎯⎯⎯⎯⎯⎯⎯⎯⎯⎯⎯⎯⎯⎯⎯⎯⎯⎯⎯[1/3]⎯
 FAIL  tests/bug-hunt-preserved-source.test.ts > native graph preparation preserves native input and rejects per-file pruning
AssertionError: expected '.shared, .sibling {\n  margin: 0;\n}' to be '/* 🧪 audit */.empty{}.shared{margin:…' // Object.is equality
- Expected
+ Received
- /* 🧪 audit */.empty{}.shared{margin:0px 0px 0px 0px}.sibling{margin:0px 0px 0px 0px}
+ .shared, .sibling {
+   margin: 0;
+ }
 ❯ tests/bug-hunt-preserved-source.test.ts:29:54
     27|       options: { preserveNativeSource: true }
     28|     }
     29|     expect(compiler.compileStylesheets(request).css).toBe(native)
       |                                                      ^
     30|     expect(() => compiler.compileStylesheets({ ...request, classesBySt…
     31|       .toThrow('cannot be combined with class pruning')
⎯⎯⎯⎯⎯⎯⎯⎯⎯⎯⎯⎯⎯⎯⎯⎯⎯⎯⎯⎯⎯⎯⎯⎯[2/3]⎯
 FAIL  tests/bug-hunt-preserved-source.test.ts > Node stylesheet preparation preserves raw text and exact UTF-16 selector origins
AssertionError: expected '.shared, .sibling {\n  margin: 0;\n}' to be '/* 🧪 audit */.empty{}.shared{margin:…' // Object.is equality
- Expected
+ Received
- /* 🧪 audit */.empty{}.shared{margin:0px 0px 0px 0px}.sibling{margin:0px 0px 0px 0px}
+ .shared, .sibling {
+   margin: 0;
+ }
 ❯ tests/bug-hunt-preserved-source.test.ts:37:22
     35| test('Node stylesheet preparation preserves raw text and exact UTF-16 …
     36|   const result = await compileStylesheet('/project/entry.css', source,…
     37|   expect(result.css).toBe(native)
       |                      ^
     38|   const payload = JSON.parse(result.sourceMap!)
     39|   const map = new SourceMap(payload)
⎯⎯⎯⎯⎯⎯⎯⎯⎯⎯⎯⎯⎯⎯⎯⎯⎯⎯⎯⎯⎯⎯⎯⎯[3/3]⎯
 Test Files  1 failed (1)
      Tests  3 failed | 3 passed (6)
   Start at  10:18:41
   Duration  2.02s (tests 86%, transform 10%, import 4%)
