    Finished `release` profile [optimized + debuginfo] target(s) in 1m 08s
components 1600 runs 27
### components top frames
21  _RINvMs3_NtCsd9JAuiP81ZJ_8indexmap3mapINtB6_8IndexMapNtNtCshxvaOLs88l5_5alloc6string6StringNtNtCsdzzATnYK30K_10serde_json5value5ValueE12get_index_ofeEB1u_ + 0 [0x136200d58]
18  DYLD-STUB$$memcmp + 0 [0x136262498]
15  _RNvXs3_NtNtCs8Mbv00yxnRz_4core4hash3sipINtB5_6HasherNtB5_11Sip13RoundsENtB7_6Hasher5writeCsdzzATnYK30K_10serde_json + 0 [0x136206830] sip.rs:262
14  _RNvXs3_NtNtCs8Mbv00yxnRz_4core4hash3sipINtB5_6HasherNtB5_11Sip13RoundsENtB7_6Hasher5writeCsdzzATnYK30K_10serde_json + 0 [0x136206830] sip.rs:0
14  _RNvXNtCsd9JAuiP81ZJ_8indexmap5innerINtB2_4CoreNtNtCshxvaOLs88l5_5alloc6string6StringNtNtCsdzzATnYK30K_10serde_json5value5ValueENtNtCs8Mbv00yxnRz_4core5clone5Clone10clone_fromCshQeVwWod0EU_18mastercss_compiler + 1328 [0x135f9f5d0] inner.rs:103
13  _RNvXNtCsd9JAuiP81ZJ_8indexmap5innerINtB2_4CoreNtNtCshxvaOLs88l5_5alloc6string6StringNtNtCsdzzATnYK30K_10serde_json5value5ValueENtNtCs8Mbv00yxnRz_4core5clone5Clone10clone_fromCshQeVwWod0EU_18mastercss_compiler + 1508 [0x135f9f684] inner.rs:103
13  _RINvXNvMNtCshxvaOLs88l5_5alloc5sliceSp9to_vec_inNtNtCsdzzATnYK30K_10serde_json5value5ValueNtB3_10ConvertVec6to_vecNtNtB8_5alloc6GlobalECshQeVwWod0EU_18mastercss_compiler + 456 [0x135ecd63c] slice.rs:432
11  _RNvNtCs8Mbv00yxnRz_4core3fmt5write + 96 [0x135ab07f8] mod.rs:1687
11  _RINvXNtNtCsdzzATnYK30K_10serde_json5value3serNtB5_5ValueNtNtCsen0qRgd8Ubf_10serde_core3ser9Serialize9serializeQINtNtB7_3ser10SerializerQINtNtCshxvaOLs88l5_5alloc3vec3VechEEECsixunwpfuFdn_24mastercss_binding_native + 640 [0x135de8c9c] ser.rs:28
11  _RINvNtCs8Mbv00yxnRz_4core3ptr9drop_glueINtNtCsdzzATnYK30K_10serde_json3map3MapNtNtCshxvaOLs88l5_5alloc6string6StringNtNtBG_5value5ValueEECshQeVwWod0EU_18mastercss_compiler + 92 [0x135e8a60c] mod.rs:823
11  _RINvNtCs8Mbv00yxnRz_4core3ptr9drop_glueINtNtCsd9JAuiP81ZJ_8indexmap5inner4CoreNtNtCshxvaOLs88l5_5alloc6string6StringNtNtCsdzzATnYK30K_10serde_json5value5ValueEECshQeVwWod0EU_18mastercss_compiler + 240 [0x135e8a348] mod.rs:823
10  _RNvXs3_NtNtCs8Mbv00yxnRz_4core4hash3sipINtB5_6HasherNtB5_11Sip13RoundsENtB7_6Hasher5writeCsdzzATnYK30K_10serde_json + 0 [0x136206830] sip.rs:298
10  _RNvNvNtCshxvaOLs88l5_5alloc3fmt6format12format_inner + 300 [0x135aabbb0] fmt.rs:654
10  _RINvXNtNtCsdzzATnYK30K_10serde_json5value2deNtB5_5ValueNtNtCsen0qRgd8Ubf_10serde_core2de11Deserialize11deserializeQINtNtB7_2de12DeserializerNtNtB7_4read7StrReadEECs7YlUJF5diJA_16mastercss_schema + 2408 [0x136110294] de.rs:151
10  _RINvNtCs8Mbv00yxnRz_4core3ptr9drop_glueINtNtCsd9JAuiP81ZJ_8indexmap5inner4CoreNtNtCshxvaOLs88l5_5alloc6string6StringNtNtCsdzzATnYK30K_10serde_json5value5ValueEECshQeVwWod0EU_18mastercss_compiler + 132 [0x135e8a2dc] mod.rs:823
10  _RINvMs3_NtCsd9JAuiP81ZJ_8indexmap3mapINtB6_8IndexMapNtNtCshxvaOLs88l5_5alloc6string6StringNtNtCsdzzATnYK30K_10serde_json5value5ValueE12get_index_ofeEB1u_ + 456 [0x136200f20]
10  _RINvMs3_NtCsd9JAuiP81ZJ_8indexmap3mapINtB6_8IndexMapNtNtCshxvaOLs88l5_5alloc6string6StringNtNtCsdzzATnYK30K_10serde_json5value5ValueE12get_index_ofeEB1u_ + 156 [0x136200df4]
10  _RINvMs3_NtCsd9JAuiP81ZJ_8indexmap3mapINtB6_8IndexMapNtNtCshxvaOLs88l5_5alloc6string6StringNtNtCsdzzATnYK30K_10serde_json5value5ValueE12get_index_ofeEB1u_ + 132 [0x136200ddc]
9  _RNvXsZ_NtCshxvaOLs88l5_5alloc6stringNtB5_6StringNtNtCs8Mbv00yxnRz_4core3fmt5Write9write_str + 112 [0x135aabf9c] string.rs:3372
9  _RNvXs3_NtNtCs8Mbv00yxnRz_4core4hash3sipINtB5_6HasherNtB5_11Sip13RoundsENtB7_6Hasher5writeCsdzzATnYK30K_10serde_json + 0 [0x136206830] sip.rs:265
9  _RNvXs1_NtCsdzzATnYK30K_10serde_json3serQINtB5_10SerializerQINtNtCshxvaOLs88l5_5alloc3vec3VechEENtNtCsen0qRgd8Ubf_10serde_core3ser10Serializer13serialize_strCsixunwpfuFdn_24mastercss_binding_native + 0 [0x135e74628] ser.rs:191
9  _RNvMs5_NtCshxvaOLs88l5_5alloc7raw_vecNtB5_11RawVecInner11finish_growB7_ + 40 [0x136229dac]
9  _RNvMs2_NtCsd9JAuiP81ZJ_8indexmap3mapINtB5_8IndexMapNtNtCshxvaOLs88l5_5alloc6string6StringNtNtCsdzzATnYK30K_10serde_json5value5ValueE11insert_fullCshQeVwWod0EU_18mastercss_compiler + 72 [0x135f261b8] map.rs:468
9  _RINvNvMs2_NtCshxvaOLs88l5_5alloc7raw_vecINtB8_11RawVecInnerpE7reserve21do_reserve_and_handleNtNtBa_5alloc6GlobalEBa_ + 68 [0x136229cf0]
9  _RINvNtCs8Mbv00yxnRz_4core3ptr9drop_glueINtNtCshxvaOLs88l5_5alloc3vec3VecINtCsd9JAuiP81ZJ_8indexmap6BucketNtNtBG_6string6StringNtNtCsdzzATnYK30K_10serde_json5value5ValueEEECsixunwpfuFdn_24mastercss_binding_native + 52 [0x135ddacf0] mod.rs:823
theme 1600 runs 36
### theme top frames
21  DYLD-STUB$$memcmp + 0 [0x138032498]
17  _RNvXsZ_NtCshxvaOLs88l5_5alloc6stringNtB5_6StringNtNtCs8Mbv00yxnRz_4core3fmt5Write9write_str + 112 [0x13787bf9c] string.rs:3372
16  _RINvNvMs2_NtCshxvaOLs88l5_5alloc7raw_vecINtB8_11RawVecInnerpE7reserve21do_reserve_and_handleNtNtBa_5alloc6GlobalEBa_ + 68 [0x137ff9cf0]
15  DYLD-STUB$$free + 0 [0x138032420]
13  _RNvXs3_NtNtCs8Mbv00yxnRz_4core4hash3sipINtB5_6HasherNtB5_11Sip13RoundsENtB7_6Hasher5writeCshQeVwWod0EU_18mastercss_compiler + 0 [0x137d85630] sip.rs:262
13  DYLD-STUB$$memcpy + 0 [0x1380324a4]
12  _RNvXs3_NtNtCs8Mbv00yxnRz_4core4hash3sipINtB5_6HasherNtB5_11Sip13RoundsENtB7_6Hasher5writeCshQeVwWod0EU_18mastercss_compiler + 0 [0x137d85630] sip.rs:0
12  _RNvMs5_NtCshxvaOLs88l5_5alloc7raw_vecNtB5_11RawVecInner11finish_growB7_ + 0 [0x137ff9d84]
12  _RINvMs3_NtCsd9JAuiP81ZJ_8indexmap3mapINtB6_8IndexMapNtNtCshxvaOLs88l5_5alloc6string6StringNtNtCsdzzATnYK30K_10serde_json5value5ValueE12get_index_ofeEB1u_ + 0 [0x137fd0d58]
11  _RNvXs3_NtNtCs8Mbv00yxnRz_4core4hash3sipINtB5_6HasherNtB5_11Sip13RoundsENtB7_6Hasher5writeCsdzzATnYK30K_10serde_json + 0 [0x137fd6830] sip.rs:262
11  _RNvXs3_NtNtCs8Mbv00yxnRz_4core4hash3sipINtB5_6HasherNtB5_11Sip13RoundsENtB7_6Hasher5writeCsdzzATnYK30K_10serde_json + 0 [0x137fd6830] sip.rs:0
10  _RNvXsZ_NtCshxvaOLs88l5_5alloc6stringNtB5_6StringNtNtCs8Mbv00yxnRz_4core3fmt5Write9write_str + 64 [0x13787bf6c] string.rs:3372
10  _RNvNtNtCshQeVwWod0EU_18mastercss_compiler8manifest9variables13variable_slot + 0 [0x137d697e8] variables.rs:285
10  DYLD-STUB$$malloc + 0 [0x13803248c]
9  _RNvXs3_NtCsdzzATnYK30K_10serde_json5valueNtB5_5ValueNtNtCs8Mbv00yxnRz_4core5clone5Clone5clone + 268 [0x137d855c0] mod.rs:175
9  _RNvNvNtCshxvaOLs88l5_5alloc3fmt6format12format_inner + 300 [0x13787bbb0] fmt.rs:654
9  _RNvNtCs8Mbv00yxnRz_4core3fmt5write + 96 [0x1378807f8] mod.rs:1687
9  _RINvNtCs8Mbv00yxnRz_4core3ptr9drop_glueNtNtCsdzzATnYK30K_10serde_json5value5ValueECshQeVwWod0EU_18mastercss_compiler + 112 [0x137c68590] mod.rs:823
8  _RNvNtCs8Mbv00yxnRz_4core3fmt5write + 144 [0x137880828] mod.rs:1665
8  _RNvMs5_NtCshxvaOLs88l5_5alloc7raw_vecNtB5_11RawVecInner11finish_growB7_ + 40 [0x137ff9dac]
7  _RNvXs3_NtNtCs8Mbv00yxnRz_4core4hash3sipINtB5_6HasherNtB5_11Sip13RoundsENtB7_6Hasher5writeCshQeVwWod0EU_18mastercss_compiler + 0 [0x137d85630] sip.rs:265
7  _RNvNtNtCshQeVwWod0EU_18mastercss_compiler8manifest9variables13variable_slot + 48 [0x137d69818] variables.rs:269
7  _RNvMs5_NtCshxvaOLs88l5_5alloc7raw_vecNtB5_11RawVecInner11finish_growB7_ + 76 [0x137ff9dd0]
7  _RINvYNtNtNtCs82bWklYMk3w_3std4hash6random11RandomStateNtNtCs8Mbv00yxnRz_4core4hash11BuildHasher8hash_oneReECshQeVwWod0EU_18mastercss_compiler + 100 [0x137ce823c] mod.rs:700
7  _RINvNtCs8Mbv00yxnRz_4core3ptr9drop_glueINtNtCshxvaOLs88l5_5alloc3vec3VecNtNtCsdzzATnYK30K_10serde_json5value5ValueEECshQeVwWod0EU_18mastercss_compiler + 52 [0x137c5e13c] mod.rs:823
