### root baseline binding
rules with url() resources n=200 rendered                        median 13.1 ms
rules with url() resources n=400 rendered                        median 42.6 ms
rules with url() resources n=800 rendered                        median 153.1 ms
rules with @compose directives n=200 rendered                    median 48.0 ms
rules with @compose directives n=400 rendered                    median 158.0 ms
rules with @compose directives n=800 rendered                    median 561.8 ms
@components definitions n=200 rendered                           median 12.9 ms
@components definitions n=400 rendered                           median 43.9 ms
@components definitions n=800 rendered                           median 153.5 ms
@components with @compose n=200 rendered                         median 21.9 ms
@components with @compose n=400 rendered                         median 75.5 ms
@components with @compose n=800 rendered                         median 280.0 ms
@utilities definitions n=200 rendered                            median 11.0 ms
@utilities definitions n=400 rendered                            median 33.7 ms
@utilities definitions n=800 rendered                            median 121.4 ms
@theme variables n=200 rendered                                  median 6.7 ms
@theme variables n=400 rendered                                  median 18.5 ms
@theme variables n=800 rendered                                  median 58.1 ms
### root fixed binding
rules with url() resources n=200 rendered                        median 4.6 ms
rules with url() resources n=400 rendered                        median 7.4 ms
rules with url() resources n=800 rendered                        median 14.7 ms
rules with @compose directives n=200 rendered                    median 19.0 ms
rules with @compose directives n=400 rendered                    median 38.2 ms
rules with @compose directives n=800 rendered                    median 75.4 ms
@components definitions n=200 rendered                           median 12.8 ms
@components definitions n=400 rendered                           median 43.7 ms
@components definitions n=800 rendered                           median 160.1 ms
@components with @compose n=200 rendered                         median 22.0 ms
@components with @compose n=400 rendered                         median 75.5 ms
@components with @compose n=800 rendered                         median 278.7 ms
@utilities definitions n=200 rendered                            median 10.7 ms
@utilities definitions n=400 rendered                            median 33.6 ms
@utilities definitions n=800 rendered                            median 128.2 ms
@theme variables n=200 rendered                                  median 7.0 ms
@theme variables n=400 rendered                                  median 18.7 ms
@theme variables n=800 rendered                                  median 60.8 ms
