    Finished `dev` profile [unoptimized + debuginfo] target(s) in 0.96s
clippy exit=0
candidate passed 129 failed 0
    Finished `release` profile [optimized] target(s) in 43.81s
### compiler 0244 suite (0242+0252)
 Test Files  57 passed (57)
      Tests  428 passed (428)
compiler exit=0
### next 0247 suite (0242+0252)
 Test Files  23 passed (23)
      Tests  151 passed (151)
next exit=0
### shape3 (0242+0252)
rules with url() resources n=200 rendered                        median 4.5 ms
rules with url() resources n=400 rendered                        median 7.3 ms
rules with url() resources n=800 rendered                        median 14.7 ms
rules with @compose directives n=200 rendered                    median 19.1 ms
rules with @compose directives n=400 rendered                    median 38.2 ms
rules with @compose directives n=800 rendered                    median 77.2 ms
@components definitions n=200 rendered                           median 8.2 ms
@components definitions n=400 rendered                           median 22.8 ms
@components definitions n=800 rendered                           median 73.7 ms
@components with @compose n=200 rendered                         median 10.8 ms
@components with @compose n=400 rendered                         median 28.6 ms
@components with @compose n=800 rendered                         median 86.9 ms
@utilities definitions n=200 rendered                            median 7.7 ms
@utilities definitions n=400 rendered                            median 22.0 ms
@utilities definitions n=800 rendered                            median 70.9 ms
@theme variables n=200 rendered                                  median 7.2 ms
@theme variables n=400 rendered                                  median 19.7 ms
@theme variables n=800 rendered                                  median 60.7 ms
### shape2 (0242+0252)
rules with url() resources n=200 rendered                        median 4.7 ms
rules with url() resources n=400 rendered                        median 7.4 ms
rules with url() resources n=800 rendered                        median 14.8 ms
rules with @compose directives n=200 rendered                    median 19.2 ms
rules with @compose directives n=400 rendered                    median 38.2 ms
rules with @compose directives n=800 rendered                    median 76.3 ms
rules with var() and @theme (manifest) n=200 rendered            median 3.5 ms
rules with var() and @theme (manifest) n=400 rendered            median 6.3 ms
rules with var() and @theme (manifest) n=800 rendered            median 12.5 ms
multi-line plain rules n=200 rendered                            median 3.3 ms
multi-line plain rules n=400 rendered                            median 6.4 ms
multi-line plain rules n=800 rendered                            median 13.2 ms
