▲ Next.js 16.3.4 (Turbopack)
✓ Running next.config.mjs took 6ms
- Experiments (use with caution):
  · cpus: 1

  Creating an optimized production build ...
✓ Compiled successfully in 1030ms
  Running TypeScript ...
  Finished TypeScript in 3ms ...
  Collecting page data using 1 worker ...
  Generating static pages using 1 worker (0/3) ...
✓ Generating static pages using 1 worker (3/3) in 43ms
Turbopack build encountered 1 warning:
./.ai/audits/bug-hunt/tmp/0247-postcss-resource-policy/packages/next/e2e/bug-hunt-module-edge-MpuAf8/app/card.module.css:1:7
Warning: Parsing CSS source code failed
[33m[1m>[0m [90m1 |[0m @theme{--image-audit:url([32m"./new.svg?rev=1#shape"[0m)}.direct{color:#[35m123456[0m;border-top:[35m7[0mpx soli...
  [90m  |[0m       [33m[1m^[0m

Unknown at rule: @theme

Generated code of PostCSS transform of file content of .ai/audits/bug-hunt/tmp/0247-postcss-resource-policy/packages/next/e2e/bug-hunt-module-edge-MpuAf8/app/card.module.css:
./.ai/audits/bug-hunt/tmp/0247-postcss-resource-policy/packages/next/e2e/bug-hunt-module-edge-MpuAf8/app/card.module.css:1:7
[33m[1m>[0m [90m1 |[0m @theme{--image-audit:url([32m"./new.svg?rev=1#shape"[0m)}.direct{color:#[35m123456[0m;border-top:[35m7[0mpx soli...
  [90m  |[0m       [33m[1m^[0m

Import trace:
  Server Component:
    ./.ai/audits/bug-hunt/tmp/0247-postcss-resource-policy/packages/next/e2e/bug-hunt-module-edge-MpuAf8/app/card.module.css
    ./.ai/audits/bug-hunt/tmp/0247-postcss-resource-policy/packages/next/e2e/bug-hunt-module-edge-MpuAf8/app/page.jsx


  Finalizing page optimization ...

Route (app)
┌ ○ /
└ ○ /_not-found


○  (Static)  prerendered as static content

{"scenario":"postcss-added-global-reference","bundler":"turbopack","pure":true,"build":{"code":0,"signal":null,"timedOut":false,"exported":true},"observations":[{"browser":"chromium","id":"probe","phase":"initial","classes":"card-module__pjauLG__direct","color":"rgb(18, 52, 86)","border":"7px","margin":"0px","padding":"0px","origin":"","background":"none","animation":"none","animationFrames":[],"matchingRules":[{"selector":".card-module__pjauLG__direct","declarations":"color: rgb(18, 52, 86); background-image: var(--image-audit); border-top: 7px solid red;"}],"pass":false},{"browser":"webkit","id":"probe","phase":"initial","classes":"card-module__pjauLG__direct","color":"rgb(18, 52, 86)","border":"7px","margin":"0px","padding":"0px","origin":"","background":"none","animation":"none","animationFrames":[],"matchingRules":[{"selector":".card-module__pjauLG__direct","declarations":"color: rgb(18, 52, 86); background-image: var(--image-audit); border-top: 7px solid red;"}],"pass":false}]}
