### postcss-composes (master)
exit=0
"pass":true} "pass":true}]} 
### postcss-composes (pure)
exit=0
"pass":true} "pass":true}]} 
### postcss-global-context (master)
exit=0
"pass":false} "pass":false}]} 
### postcss-global-context (pure)
exit=0
"pass":false} "pass":false}]} 
### postcss-imported-keyframe (master)
exit=0
"pass":false} "pass":false}]} 
### postcss-imported-keyframe (pure)
exit=0
"pass":false} "pass":false}]} 
### postcss-generated-keyframe (master)
exit=0
"pass":false} "pass":false}]} 
### postcss-generated-keyframe (pure)
exit=0
"pass":false} "pass":false}]} 
### postcss-added-global-reference (master)
exit=0
"pass":false} "pass":false}]} 
### postcss-added-global-reference (pure)
exit=0
"pass":false} "pass":false}]} 
### postcss-child-global-resource (master)
exit=0
"pass":false}]} 
### postcss-child-global-resource (pure)
exit=0
"build":{"code":1 
### postcss-global-resource (master)
exit=0
"pass":false} "pass":false}]} 
### postcss-global-resource (pure)
exit=0
"pass":false} "pass":false}]} 
