▲ Next.js 16.3.4 (Turbopack)
✓ Running next.config.mjs took 6ms
- Experiments (use with caution):
  · cpus: 1

  Creating an optimized production build ...
Turbopack build encountered 1 warning:
./.ai/audits/bug-hunt/tmp/0247-postcss-resource-policy/packages/next/e2e/bug-hunt-module-edge-ufgVDb/app/nested/other.module.css:1:7
Warning: Parsing CSS source code failed
[33m[1m>[0m [90m1 |[0m @theme{--image-audit:url([32m"./new%20image.svg?rev=1#shape"[0m)}.shared{border-top:[35m7[0mpx solid red}
  [90m  |[0m       [33m[1m^[0m

Unknown at rule: @theme

Generated code of PostCSS transform of file content of .ai/audits/bug-hunt/tmp/0247-postcss-resource-policy/packages/next/e2e/bug-hunt-module-edge-ufgVDb/app/nested/other.module.css:
./.ai/audits/bug-hunt/tmp/0247-postcss-resource-policy/packages/next/e2e/bug-hunt-module-edge-ufgVDb/app/nested/other.module.css:1:7
[33m[1m>[0m [90m1 |[0m @theme{--image-audit:url([32m"./new%20image.svg?rev=1#shape"[0m)}.shared{border-top:[35m7[0mpx solid red}
  [90m  |[0m       [33m[1m^[0m

Import trace:
  Server Component:
    ./.ai/audits/bug-hunt/tmp/0247-postcss-resource-policy/packages/next/e2e/bug-hunt-module-edge-ufgVDb/app/nested/other.module.css
    ./.ai/audits/bug-hunt/tmp/0247-postcss-resource-policy/packages/next/e2e/bug-hunt-module-edge-ufgVDb/app/card.module.css
    ./.ai/audits/bug-hunt/tmp/0247-postcss-resource-policy/packages/next/e2e/bug-hunt-module-edge-ufgVDb/app/page.jsx



> Build error occurred
Error: Turbopack build failed with 1 error:
./.ai/audits/bug-hunt/tmp/0247-postcss-resource-policy/packages/next/e2e/bug-hunt-module-edge-ufgVDb/app/nested/other.module.css:1:22
Error: Module not found: Can't resolve './new%20image.svg'
[31m[1m>[0m [90m1 |[0m @theme{--image-audit:url([32m"./new%20image.svg?rev=1#shape"[0m)}.shared{border-top:[35m7[0mpx solid red}
  [90m  |[0m                      [31m[1m^[0m



Import trace:
  Server Component:
    ./.ai/audits/bug-hunt/tmp/0247-postcss-resource-policy/packages/next/e2e/bug-hunt-module-edge-ufgVDb/app/nested/other.module.css
    ./.ai/audits/bug-hunt/tmp/0247-postcss-resource-policy/packages/next/e2e/bug-hunt-module-edge-ufgVDb/app/card.module.css
    ./.ai/audits/bug-hunt/tmp/0247-postcss-resource-policy/packages/next/e2e/bug-hunt-module-edge-ufgVDb/app/page.jsx

https://nextjs.org/docs/messages/module-not-found


    at <unknown> (./.ai/audits/bug-hunt/tmp/0247-postcss-resource-policy/packages/next/e2e/bug-hunt-module-edge-ufgVDb/app/nested/other.module.css:1:22)
    at <unknown> (https://nextjs.org/docs/messages/module-not-found)
{"scenario":"postcss-child-global-resource","bundler":"turbopack","pure":true,"build":{"code":1,"signal":null,"timedOut":false,"exported":false},"observations":[]}
