Diff in /Users/aron/master/css/crates/mastercss-compiler/src/directives.rs:1:
 use super::{
     CompileCssDirectivesResult, CompileNativeCssOptions, CompilerError, CssDirectiveManifestInput,
     CssDirectiveReferenceStatement, CssDirectiveStyleDefinition, CssRule, DirectiveName, HashMap,
-    HashSet, MinifyOptions, NativeClassNameCollector, ParserOptions, PrinterOptions, StyleSheet, ThemeAtRule,
-    ThemeAtRuleParser, Visit, decode_css_quoted_string, directive_error,
+    HashSet, MinifyOptions, NativeClassNameCollector, ParserOptions, PrinterOptions, StyleSheet,
+    ThemeAtRule, ThemeAtRuleParser, Visit, decode_css_quoted_string, directive_error,
     extraction_policy_from_statements, filter_native_css_rules, lower_custom_variant_rule,
     lower_managed_rule_list, lower_settings_rule, lower_theme_rule, mask_managed_pattern_names,
     normalize_stylesheet_value, rewrite_managed_variant_directives, validate_compose_syntax,
Diff in /Users/aron/master/css/crates/mastercss-compiler/tests/bug_hunt_ordered_output.rs:9:
         &CompileNativeCssOptions {
             from: "/entry.css".into(),
             preserve_native_css: preserve,
-                preserve_native_source: false,
+            preserve_native_source: false,
             classes: None,
         },
     )
Diff in /Users/aron/master/css/crates/mastercss-compiler/tests/bug_hunt_preserved_native_source.rs:5:
     let native = "/* audit */.shared{color:rgb(255, 0, 0);margin:0px 0px 0px 0px}.empty{}";
     let result = compile_css_directives(
         &format!("@theme{{--color-unused:red}}{native}"),
-        &CompileNativeCssOptions { preserve_native_source: true, ..Default::default() },
+        &CompileNativeCssOptions {
+            preserve_native_source: true,
+            ..Default::default()
+        },
     )
     .unwrap();
     assert_eq!(result.native_css, native);
Diff in /Users/aron/master/css/crates/mastercss-compiler/tests/bug_hunt_preserved_native_source.rs:16:
     let native = "/* 🧪 */.名{content:\"@theme{fake}\"}.empty{}";
     let result = compile_css_directives(
         &format!("/* before */@theme{{--color-名:red}}{native}"),
-        &CompileNativeCssOptions { preserve_native_source: true, ..Default::default() },
+        &CompileNativeCssOptions {
+            preserve_native_source: true,
+            ..Default::default()
+        },
     )
     .unwrap();
     assert_eq!(result.native_css, format!("/* before */{native}"));
Diff in /Users/aron/master/css/crates/mastercss-compiler/tests/bug_hunt_preserved_native_source.rs:25:
 #[test]
 fn preserves_siblings_and_containers_around_lowered_slots() {
     let source = "@theme{--color-x:red}@media screen{/* keep */.empty{} .composed{@compose p:2rem;} .other{color:rgb(0, 0, 255)}}";
-    let result = compile_css_directives(source, &CompileNativeCssOptions { preserve_native_source: true, ..Default::default() }).unwrap();
+    let result = compile_css_directives(
+        source,
+        &CompileNativeCssOptions {
+            preserve_native_source: true,
+            ..Default::default()
+        },
+    )
+    .unwrap();
     let output = result.native_output.unwrap();
     assert_eq!(output.slots.len(), 1);
     assert!(output.css.contains("@media screen{/* keep */.empty{} "));
Diff in /Users/aron/master/css/crates/mastercss-compiler/tests/bug_hunt_preserved_native_source.rs:38:
 #[test]
 fn consumed_definitions_and_composes_have_no_native_whitespace_output() {
     let source = "@theme{--color-x:red}\n@components{brand{color:red}}\n.button{@compose brand;}";
-    let result = compile_css_directives(source, &CompileNativeCssOptions { preserve_native_source: true, ..Default::default() }).unwrap();
+    let result = compile_css_directives(
+        source,
+        &CompileNativeCssOptions {
+            preserve_native_source: true,
+            ..Default::default()
+        },
+    )
+    .unwrap();
     assert!(result.native_css.is_empty());
     assert_eq!(result.native_output.unwrap().slots.len(), 1);
 }
Diff in /Users/aron/master/css/crates/mastercss-compiler/tests/bug_hunt_preserved_native_source.rs:48:
     let source = "@theme{--color-x:red}/* retained */.empty{}";
     let legacy = compile_css_directives(source, &CompileNativeCssOptions::default()).unwrap();
     assert!(legacy.native_css.is_empty());
-    let error = compile_css_directives(source, &CompileNativeCssOptions { preserve_native_source: true, classes: Some(vec![]), ..Default::default() }).unwrap_err();
-    assert!(error.to_string().contains("cannot be combined with class pruning"));
+    let error = compile_css_directives(
+        source,
+        &CompileNativeCssOptions {
+            preserve_native_source: true,
+            classes: Some(vec![]),
+            ..Default::default()
+        },
+    )
+    .unwrap_err();
+    assert!(
+        error
+            .to_string()
+            .contains("cannot be combined with class pruning")
+    );
 }
 
 #[test]
Diff in /Users/aron/master/css/crates/mastercss-compiler/tests/bug_hunt_preserved_native_source.rs:59:
         preserve_native_source: true,
         ..Default::default()
     };
-    assert_eq!(compile_native_css(source, &options).unwrap().native_css, source);
-    assert!(!compile_native_css(source, &Default::default()).unwrap().native_css.contains(".empty{}"));
+    assert_eq!(
+        compile_native_css(source, &options).unwrap().native_css,
+        source
+    );
+    assert!(
+        !compile_native_css(source, &Default::default())
+            .unwrap()
+            .native_css
+            .contains(".empty{}")
+    );
     assert!(compile_native_css(".broken { color: } }", &options).is_err());
 }
 
Diff in /Users/aron/master/css/crates/mastercss-compiler/tests/bug_hunt_preserved_native_source.rs:71:
         preserve_native_css: false,
         ..Default::default()
     };
-    assert!(compile_native_css(".empty{}", &options).unwrap().css.is_empty());
+    assert!(
+        compile_native_css(".empty{}", &options)
+            .unwrap()
+            .css
+            .is_empty()
+    );
     options.classes = Some(vec![]);
-    assert!(compile_native_css(".empty{}", &options).unwrap_err().to_string().contains("cannot be combined with class pruning"));
+    assert!(
+        compile_native_css(".empty{}", &options)
+            .unwrap_err()
+            .to_string()
+            .contains("cannot be combined with class pruning")
+    );
 }
 
