(!) Your Vite config uses features that are unsupported by `configLoader: 'native'`, which is planned to become the default in a future major version of Vite:
  - import "../../shared/vitest.config" without a file extension (vitest.config.ts:2:20). Add the file extension
  - import "./vitest-ci-config" without a file extension (../../shared/vitest.config.ts:2:58). Add the file extension
Set `VITE_CONFIG_NATIVE_IGNORE_WARNING=true` to suppress this warning.

 RUN  v5.0.0 /Users/aron/master/css/packages/webpack

 ❯ tests/plugin-runtime.test.ts (23 tests | 2 failed) 3222ms
   ❯ MasterCSSWebpackPlugin (C1 race fix) (23)
     × fails a watch build on reset replay errors and recovers on the next reset 121ms
     × registers reset dependencies with the active compilation 2ms
[success] ../styles/usage.js 1 classes inserted in 0.4ms 
[log]
[log]
[log]
[log]
[log]
[log]
[log]
[log]
[log]
[log]
[log]
[log]
[log]
[success] page.tsx 1 classes inserted in 0.2ms 
[log]
[log]
[log]
[log]
[log]
[log]
[log]
[log]
[log]
[log]
[log]

⎯⎯⎯⎯⎯⎯⎯ Failed Tests 2 ⎯⎯⎯⎯⎯⎯⎯

 FAIL  tests/plugin-runtime.test.ts > MasterCSSWebpackPlugin (C1 race fix) > fails a watch build on reset replay errors and recovers on the next reset
AssertionError: promise resolved "undefined" instead of rejecting

- Expected:
Error {
  "message": "rejected promise",
}

+ Received:
undefined

 ❯ tests/plugin-runtime.test.ts:500:31
    498|       })
    499|
    500|       await expect(runWatch()).rejects.toBe(replayError)
       |                               ^
    501|       expect(errorLog).toHaveBeenCalledWith('[master-css.webpack] rese…
    502|       expect(stylesheets.compose).toHaveBeenCalledTimes(1)

⎯⎯⎯⎯⎯⎯⎯⎯⎯⎯⎯⎯⎯⎯⎯⎯⎯⎯⎯⎯⎯⎯⎯⎯[1/2]⎯

 FAIL  tests/plugin-runtime.test.ts > MasterCSSWebpackPlugin (C1 race fix) > registers reset dependencies with the active compilation
AssertionError: expected [] to include '/var/folders/_b/768dhtz56ns54x1r867j6…'
 ❯ tests/plugin-runtime.test.ts:529:44
    527|       compiler.hooks.thisCompilation.call(compilation as any)
    528|
    529|       expect(compilation.fileDependencies).toContain(configPath)
       |                                            ^
    530|       expect(compilation.fileDependencies).toContain(tokenPath)
    531|     } finally {

⎯⎯⎯⎯⎯⎯⎯⎯⎯⎯⎯⎯⎯⎯⎯⎯⎯⎯⎯⎯⎯⎯⎯⎯[2/2]⎯


 Test Files  1 failed | 11 passed (12)
      Tests  2 failed | 86 passed (88)
   Start at  14:05:57
   Duration  44.60s (tests 96%, import 2%, transform 1%)

