(!) Your Vite config uses features that are unsupported by `configLoader: 'native'`, which is planned to become the default in a future major version of Vite:
  - import "../../shared/vitest.config" without a file extension (vitest.config.ts:2:20). Add the file extension
  - import "./vitest-ci-config" without a file extension (../../shared/vitest.config.ts:2:58). Add the file extension
Set `VITE_CONFIG_NATIVE_IGNORE_WARNING=true` to suppress this warning.

 RUN  v5.0.0 /Users/aron/master/css/packages/webpack

[success] ../styles/usage.js 1 classes inserted in 0.3ms 
[log]
[log]
[log]
[log]
[log]
[log]
[log]
[log]
[log]
[log]
[log]
[log]
[log]
[success] page.tsx 1 classes inserted in 0.2ms 
[log]
[log]
[log]
[log]
[log]
[log]
[log]
[log]
[log]
[log]
[log]

 Test Files  12 passed (12)
      Tests  88 passed (88)
   Start at  14:58:17
   Duration  44.65s (tests 96%, import 2%, transform 1%)

