$ cargo xtask build-native && cargo xtask build-wasm compiler && vitest --run
    Finished `dev` profile [unoptimized + debuginfo] target(s) in 0.17s
     Running `/Users/aron/master/css/target/debug/xtask build-native`
    Finished `dev` profile [unoptimized + debuginfo] target(s) in 0.11s
Built /Users/aron/master/css/packages/binding/artifacts/mastercss.node
Built /Users/aron/master/css/packages/binding/artifacts/mcss
    Finished `dev` profile [unoptimized + debuginfo] target(s) in 0.04s
     Running `/Users/aron/master/css/target/debug/xtask build-wasm compiler`
    Finished `release` profile [optimized] target(s) in 0.08s
Built /Users/aron/master/css/packages/binding-wasm-compiler/artifacts
(!) Your Vite config uses features that are unsupported by `configLoader: 'native'`, which is planned to become the default in a future major version of Vite:
  - import "../../shared/vitest.config" without a file extension (vitest.config.ts:3:20). Add the file extension
  - import "./vitest-ci-config" without a file extension (../../shared/vitest.config.ts:2:58). Add the file extension
Set `VITE_CONFIG_NATIVE_IGNORE_WARNING=true` to suppress this warning.

 RUN  v5.0.0 /Users/aron/master/css/packages/compiler

[success] index.html 5 classes inserted in 1.4ms 
[success] index.html 6 classes inserted in 0.4ms 
[success] app/page.tsx 4 classes inserted in 0.5ms 
[success] index.html 5 classes inserted in 0.4ms 
[success] index.html 6 classes inserted in 0.4ms 
[success] app/page.html 1 classes inserted in 0.1ms 
[success] index.html 6 classes inserted in 0.4ms 
[success] index.html 5 classes inserted in 0.4ms 
[success] index.html 6 classes inserted in 0.4ms 
[success] index.html 5 classes inserted in 0.4ms 
[success] index.html 6 classes inserted in 0.4ms 
[success] index.html 5 classes inserted in 0.4ms 
[success] app/page.html 2 classes inserted in 0.1ms 
[success] index.html 6 classes inserted in 0.4ms 
[success] index.html 5 classes inserted in 0.4ms 
[success] index.html 6 classes inserted in 7.2ms 
[success] index.html 5 classes inserted in 0.5ms 
[success] index.html 5 classes inserted in 0.4ms 
[success] index.html 6 classes inserted in 0.4ms 
[success] index.html 5 classes inserted in 0.4ms 
[success] app/page.html 2 classes inserted in 0.1ms 
[success] app/page.html 1 classes inserted in 0.1ms 
[success] app/page.html 1 classes inserted in 0.1ms 
[success] index.html 6 classes inserted in 0.4ms  (repeated 3 times)
[success] index.html 6 classes inserted in 0.6ms 
[success] index.html 6 classes inserted in 0.4ms 
[success] index.html 5 classes inserted in 0.4ms  (repeated 4 times)
[success] index.html 5 classes inserted in 0.3ms 
[success] index.html 6 classes inserted in 0.4ms 
[success] index.html 5 classes inserted in 0.3ms 
[success] index.html 6 classes inserted in 0.4ms 
[success] index.html 5 classes inserted in 0.3ms 
[success] index.html 6 classes inserted in 0.4ms 

 Test Files  58 passed (58)
      Tests  438 passed (438)
   Start at  22:22:31
   Duration  15.30s (tests 93%, import 4%, transform 3%)

