(!) Your Vite config uses features that are unsupported by `configLoader: 'native'`, which is planned to become the default in a future major version of Vite:
  - import "../../shared/vitest.config" without a file extension (vitest.config.ts:2:20). Add the file extension
  - import "./vitest-ci-config" without a file extension (../../shared/vitest.config.ts:2:58). Add the file extension
Set `VITE_CONFIG_NATIVE_IGNORE_WARNING=true` to suppress this warning.

 RUN  v5.0.0 /Users/aron/master/css/packages/webpack

[success] ../styles/usage.js 1 classes inserted in 0.4ms 
 ❯ tests/bug-hunt-active-graph.test.ts (3 tests | 1 failed) 20328ms
   × removal retains shared resource owners and clears detached scanner classes: 0 13405ms
[log]
[log]
[log]
[log]
[log]
[log]
[log]
[log]
[log]
[log]
[log]
[log]
[log]
[success] page.tsx 1 classes inserted in 0.1ms 
[log]
[log]
[log]
[log]
[log]
[log]
[log]
[log]
[log]
[log]
[log]

⎯⎯⎯⎯⎯⎯⎯ Failed Tests 1 ⎯⎯⎯⎯⎯⎯⎯

 FAIL  tests/bug-hunt-active-graph.test.ts > removal retains shared resource owners and clears detached scanner classes: 0
Error: No one watch result; callbacks=1
 ❯ Timeout._onTimeout tests/bug-hunt-active-graph.test.ts:57:71
     55|       else resolve(result)
     56|     }
     57|     const timer = setTimeout(() => { listeners.delete(inspect);reject(…
       |                                                                       ^
     58|     listeners.add(inspect);inspect()
     59|   })

⎯⎯⎯⎯⎯⎯⎯⎯⎯⎯⎯⎯⎯⎯⎯⎯⎯⎯⎯⎯⎯⎯⎯⎯[1/1]⎯


 Test Files  1 failed | 11 passed (12)
      Tests  1 failed | 87 passed (88)
   Start at  22:30:50
   Duration  54.40s (tests 97%, import 2%, transform 1%)

